MemTotal:       65439340 kB
MemFree:        40185136 kB
MemAvailable:   41443552 kB
Buffers:           50040 kB
Cached:          1755132 kB
SwapCached:            0 kB
Active:           612108 kB
Inactive:        1260572 kB
Active(anon):       3308 kB
Inactive(anon):    76664 kB
Active(file):     608800 kB
Inactive(file):  1183908 kB
Unevictable:       19496 kB
Mlocked:           19496 kB
SwapTotal:       1996796 kB
SwapFree:        1996796 kB
Dirty:                 0 kB
Writeback:             0 kB
AnonPages:         87116 kB
Mapped:            76412 kB
Shmem:              3332 kB
KReclaimable:     124204 kB
Slab:             366112 kB
SReclaimable:     124204 kB
SUnreclaim:       241908 kB
KernelStack:       10304 kB
PageTables:         2840 kB
NFS_Unstable:          0 kB
Bounce:                0 kB
WritebackTmp:          0 kB
CommitLimit:    34716464 kB
Committed_AS:     833924 kB
VmallocTotal:   34359738367 kB
VmallocUsed:    22487744 kB
VmallocChunk:          0 kB
Percpu:            75072 kB
HardwareCorrupted:     0 kB
AnonHugePages:         0 kB
ShmemHugePages:        0 kB
ShmemPmdMapped:        0 kB
FileHugePages:         0 kB
FilePmdMapped:         0 kB
HugePages_Total:       0
HugePages_Free:        0
HugePages_Rsvd:        0
HugePages_Surp:        0
Hugepagesize:       2048 kB
Hugetlb:               0 kB
DirectMap4k:      684864 kB
DirectMap2M:    35602432 kB
DirectMap1G:    30408704 kB
