MemTotal:       65439340 kB
MemFree:        64322376 kB
MemAvailable:   64100316 kB
Buffers:           15508 kB
Cached:           346868 kB
SwapCached:            0 kB
Active:            99340 kB
Inactive:         315608 kB
Active(anon):       3192 kB
Inactive(anon):    61828 kB
Active(file):      96148 kB
Inactive(file):   253780 kB
Unevictable:       19492 kB
Mlocked:           19492 kB
SwapTotal:       1996796 kB
SwapFree:        1996796 kB
Dirty:                 8 kB
Writeback:             0 kB
AnonPages:         72220 kB
Mapped:            63792 kB
Shmem:              3296 kB
KReclaimable:      48812 kB
Slab:             252072 kB
SReclaimable:      48812 kB
SUnreclaim:       203260 kB
KernelStack:       10160 kB
PageTables:         2268 kB
NFS_Unstable:          0 kB
Bounce:                0 kB
WritebackTmp:          0 kB
CommitLimit:    34716464 kB
Committed_AS:     745988 kB
VmallocTotal:   34359738367 kB
VmallocUsed:       32968 kB
VmallocChunk:          0 kB
Percpu:            56256 kB
HardwareCorrupted:     0 kB
AnonHugePages:         0 kB
ShmemHugePages:        0 kB
ShmemPmdMapped:        0 kB
FileHugePages:         0 kB
FilePmdMapped:         0 kB
HugePages_Total:       0
HugePages_Free:        0
HugePages_Rsvd:        0
HugePages_Surp:        0
Hugepagesize:       2048 kB
Hugetlb:               0 kB
DirectMap4k:      197440 kB
DirectMap2M:     4632576 kB
DirectMap1G:    61865984 kB
