MemTotal:       65439348 kB
MemFree:        63843356 kB
MemAvailable:   63888548 kB
Buffers:           50592 kB
Cached:           565252 kB
SwapCached:            0 kB
Active:           197868 kB
Inactive:         478620 kB
Active(anon):       3244 kB
Inactive(anon):    72884 kB
Active(file):     194624 kB
Inactive(file):   405736 kB
Unevictable:       19496 kB
Mlocked:           19496 kB
SwapTotal:       1996796 kB
SwapFree:        1996796 kB
Dirty:               180 kB
Writeback:             0 kB
AnonPages:         80228 kB
Mapped:            83788 kB
Shmem:              6376 kB
KReclaimable:      82288 kB
Slab:             314040 kB
SReclaimable:      82288 kB
SUnreclaim:       231752 kB
KernelStack:       10000 kB
PageTables:         2444 kB
NFS_Unstable:          0 kB
Bounce:                0 kB
WritebackTmp:          0 kB
CommitLimit:    34716468 kB
Committed_AS:     807784 kB
VmallocTotal:   34359738367 kB
VmallocUsed:       42196 kB
VmallocChunk:          0 kB
Percpu:           191232 kB
HardwareCorrupted:     0 kB
AnonHugePages:         0 kB
ShmemHugePages:        0 kB
ShmemPmdMapped:        0 kB
FileHugePages:         0 kB
FilePmdMapped:         0 kB
HugePages_Total:       0
HugePages_Free:        0
HugePages_Rsvd:        0
HugePages_Surp:        0
Hugepagesize:       2048 kB
Hugetlb:               0 kB
DirectMap4k:     2757440 kB
DirectMap2M:     5218304 kB
DirectMap1G:    58720256 kB

