MemTotal:       65439348 kB
MemFree:        63749024 kB
MemAvailable:   63835844 kB
Buffers:           55812 kB
Cached:           599412 kB
SwapCached:            0 kB
Active:           203784 kB
Inactive:         517296 kB
Active(anon):       3252 kB
Inactive(anon):    78092 kB
Active(file):     200532 kB
Inactive(file):   439204 kB
Unevictable:       19496 kB
Mlocked:           19496 kB
SwapTotal:       1996796 kB
SwapFree:        1996796 kB
Dirty:               160 kB
Writeback:             0 kB
AnonPages:         85456 kB
Mapped:            96172 kB
Shmem:              6380 kB
KReclaimable:      86792 kB
Slab:             323148 kB
SReclaimable:      86792 kB
SUnreclaim:       236356 kB
KernelStack:       10144 kB
PageTables:         2624 kB
NFS_Unstable:          0 kB
Bounce:                0 kB
WritebackTmp:          0 kB
CommitLimit:    34716468 kB
Committed_AS:     854424 kB
VmallocTotal:   34359738367 kB
VmallocUsed:       44024 kB
VmallocChunk:          0 kB
Percpu:           228672 kB
HardwareCorrupted:     0 kB
AnonHugePages:         0 kB
ShmemHugePages:        0 kB
ShmemPmdMapped:        0 kB
FileHugePages:         0 kB
FilePmdMapped:         0 kB
HugePages_Total:       0
HugePages_Free:        0
HugePages_Rsvd:        0
HugePages_Surp:        0
Hugepagesize:       2048 kB
Hugetlb:               0 kB
DirectMap4k:     2804544 kB
DirectMap2M:     5171200 kB
DirectMap1G:    58720256 kB

