MemTotal:       65439348 kB
MemFree:        63840344 kB
MemAvailable:   63888796 kB
Buffers:           51012 kB
Cached:           567912 kB
SwapCached:            0 kB
Active:           198292 kB
Inactive:         481248 kB
Active(anon):       3256 kB
Inactive(anon):    72856 kB
Active(file):     195036 kB
Inactive(file):   408392 kB
Unevictable:       19496 kB
Mlocked:           19496 kB
SwapTotal:       1996796 kB
SwapFree:        1996796 kB
Dirty:               724 kB
Writeback:             0 kB
AnonPages:         80584 kB
Mapped:            84184 kB
Shmem:              6380 kB
KReclaimable:      82672 kB
Slab:             313480 kB
SReclaimable:      82672 kB
SUnreclaim:       230808 kB
KernelStack:       10096 kB
PageTables:         2472 kB
NFS_Unstable:          0 kB
Bounce:                0 kB
WritebackTmp:          0 kB
CommitLimit:    34716468 kB
Committed_AS:     807400 kB
VmallocTotal:   34359738367 kB
VmallocUsed:       42196 kB
VmallocChunk:          0 kB
Percpu:           194112 kB
HardwareCorrupted:     0 kB
AnonHugePages:         0 kB
ShmemHugePages:        0 kB
ShmemPmdMapped:        0 kB
FileHugePages:         0 kB
FilePmdMapped:         0 kB
HugePages_Total:       0
HugePages_Free:        0
HugePages_Rsvd:        0
HugePages_Surp:        0
Hugepagesize:       2048 kB
Hugetlb:               0 kB
DirectMap4k:     2759488 kB
DirectMap2M:     5216256 kB
DirectMap1G:    58720256 kB

