MemTotal:       65439348 kB
MemFree:        64152716 kB
MemAvailable:   63944260 kB
Buffers:           43464 kB
Cached:           323396 kB
SwapCached:            0 kB
Active:           139216 kB
Inactive:         295292 kB
Active(anon):       3244 kB
Inactive(anon):    79884 kB
Active(file):     135972 kB
Inactive(file):   215408 kB
Unevictable:       19496 kB
Mlocked:           19496 kB
SwapTotal:       1996796 kB
SwapFree:        1996796 kB
Dirty:               632 kB
Writeback:             0 kB
AnonPages:         87180 kB
Mapped:            89032 kB
Shmem:              6380 kB
KReclaimable:      72948 kB
Slab:             300864 kB
SReclaimable:      72948 kB
SUnreclaim:       227916 kB
KernelStack:       10208 kB
PageTables:         2656 kB
NFS_Unstable:          0 kB
Bounce:                0 kB
WritebackTmp:          0 kB
CommitLimit:    34716468 kB
Committed_AS:     837872 kB
VmallocTotal:   34359738367 kB
VmallocUsed:       40280 kB
VmallocChunk:          0 kB
Percpu:           139968 kB
HardwareCorrupted:     0 kB
AnonHugePages:         0 kB
ShmemHugePages:        0 kB
ShmemPmdMapped:        0 kB
FileHugePages:         0 kB
FilePmdMapped:         0 kB
HugePages_Total:       0
HugePages_Free:        0
HugePages_Rsvd:        0
HugePages_Surp:        0
Hugepagesize:       2048 kB
Hugetlb:               0 kB
DirectMap4k:     2698048 kB
DirectMap2M:     5277696 kB
DirectMap1G:    58720256 kB

