MemTotal:       65439348 kB
MemFree:        64247732 kB
MemAvailable:   63988940 kB
Buffers:           38568 kB
Cached:           280144 kB
SwapCached:            0 kB
Active:           131364 kB
Inactive:         248872 kB
Active(anon):       3204 kB
Inactive(anon):    73812 kB
Active(file):     128160 kB
Inactive(file):   175060 kB
Unevictable:       19496 kB
Mlocked:           19496 kB
SwapTotal:       1996796 kB
SwapFree:        1996796 kB
Dirty:               944 kB
Writeback:             0 kB
AnonPages:         81136 kB
Mapped:            77988 kB
Shmem:              6376 kB
KReclaimable:      68600 kB
Slab:             292836 kB
SReclaimable:      68600 kB
SUnreclaim:       224236 kB
KernelStack:       10192 kB
PageTables:         2548 kB
NFS_Unstable:          0 kB
Bounce:                0 kB
WritebackTmp:          0 kB
CommitLimit:    34716468 kB
Committed_AS:     790360 kB
VmallocTotal:   34359738367 kB
VmallocUsed:       39096 kB
VmallocChunk:          0 kB
Percpu:           107904 kB
HardwareCorrupted:     0 kB
AnonHugePages:         0 kB
ShmemHugePages:        0 kB
ShmemPmdMapped:        0 kB
FileHugePages:         0 kB
FilePmdMapped:         0 kB
HugePages_Total:       0
HugePages_Free:        0
HugePages_Rsvd:        0
HugePages_Surp:        0
Hugepagesize:       2048 kB
Hugetlb:               0 kB
DirectMap4k:     2583360 kB
DirectMap2M:     5392384 kB
DirectMap1G:    58720256 kB

