MemTotal:       65439348 kB
MemFree:        64314416 kB
MemAvailable:   64014360 kB
Buffers:           31880 kB
Cached:           251616 kB
SwapCached:            0 kB
Active:           123032 kB
Inactive:         220772 kB
Active(anon):       3216 kB
Inactive(anon):    72576 kB
Active(file):     119816 kB
Inactive(file):   148196 kB
Unevictable:       19496 kB
Mlocked:           19496 kB
SwapTotal:       1996796 kB
SwapFree:        1996796 kB
Dirty:               132 kB
Writeback:             0 kB
AnonPages:         79892 kB
Mapped:            74740 kB
Shmem:              6376 kB
KReclaimable:      56488 kB
Slab:             277608 kB
SReclaimable:      56488 kB
SUnreclaim:       221120 kB
KernelStack:       10032 kB
PageTables:         2452 kB
NFS_Unstable:          0 kB
Bounce:                0 kB
WritebackTmp:          0 kB
CommitLimit:    34716468 kB
Committed_AS:     790608 kB
VmallocTotal:   34359738367 kB
VmallocUsed:       38436 kB
VmallocChunk:          0 kB
Percpu:            96576 kB
HardwareCorrupted:     0 kB
AnonHugePages:         0 kB
ShmemHugePages:        0 kB
ShmemPmdMapped:        0 kB
FileHugePages:         0 kB
FilePmdMapped:         0 kB
HugePages_Total:       0
HugePages_Free:        0
HugePages_Rsvd:        0
HugePages_Surp:        0
Hugepagesize:       2048 kB
Hugetlb:               0 kB
DirectMap4k:     2163520 kB
DirectMap2M:     5812224 kB
DirectMap1G:    58720256 kB

