MemTotal:       65439348 kB
MemFree:        63704108 kB
MemAvailable:   63814584 kB
Buffers:           58568 kB
Cached:           618984 kB
SwapCached:            0 kB
Active:           211480 kB
Inactive:         526592 kB
Active(anon):       3240 kB
Inactive(anon):    72756 kB
Active(file):     208240 kB
Inactive(file):   453836 kB
Unevictable:       19496 kB
Mlocked:           19496 kB
SwapTotal:       1996796 kB
SwapFree:        1996796 kB
Dirty:               744 kB
Writeback:             0 kB
AnonPages:         80028 kB
Mapped:            88300 kB
Shmem:              6376 kB
KReclaimable:      89424 kB
Slab:             328492 kB
SReclaimable:      89424 kB
SUnreclaim:       239068 kB
KernelStack:       10080 kB
PageTables:         2660 kB
NFS_Unstable:          0 kB
Bounce:                0 kB
WritebackTmp:          0 kB
CommitLimit:    34716468 kB
Committed_AS:     807652 kB
VmallocTotal:   34359738367 kB
VmallocUsed:       44936 kB
VmallocChunk:          0 kB
Percpu:           250176 kB
HardwareCorrupted:     0 kB
AnonHugePages:         0 kB
ShmemHugePages:        0 kB
ShmemPmdMapped:        0 kB
FileHugePages:         0 kB
FilePmdMapped:         0 kB
HugePages_Total:       0
HugePages_Free:        0
HugePages_Rsvd:        0
HugePages_Surp:        0
Hugepagesize:       2048 kB
Hugetlb:               0 kB
DirectMap4k:     2829120 kB
DirectMap2M:     5146624 kB
DirectMap1G:    58720256 kB

