MemTotal:       65439348 kB
MemFree:        63921676 kB
MemAvailable:   63928860 kB
Buffers:           46052 kB
Cached:           533944 kB
SwapCached:            0 kB
Active:           154352 kB
Inactive:         486092 kB
Active(anon):       3244 kB
Inactive(anon):    72700 kB
Active(file):     151108 kB
Inactive(file):   413392 kB
Unevictable:       19496 kB
Mlocked:           19496 kB
SwapTotal:       1996796 kB
SwapFree:        1996796 kB
Dirty:               732 kB
Writeback:             0 kB
AnonPages:         80060 kB
Mapped:            81532 kB
Shmem:              6376 kB
KReclaimable:      77988 kB
Slab:             306512 kB
SReclaimable:      77988 kB
SUnreclaim:       228524 kB
KernelStack:       10096 kB
PageTables:         2428 kB
NFS_Unstable:          0 kB
Bounce:                0 kB
WritebackTmp:          0 kB
CommitLimit:    34716468 kB
Committed_AS:     799592 kB
VmallocTotal:   34359738367 kB
VmallocUsed:       41160 kB
VmallocChunk:          0 kB
Percpu:           159168 kB
HardwareCorrupted:     0 kB
AnonHugePages:         0 kB
ShmemHugePages:        0 kB
ShmemPmdMapped:        0 kB
FileHugePages:         0 kB
FilePmdMapped:         0 kB
HugePages_Total:       0
HugePages_Free:        0
HugePages_Rsvd:        0
HugePages_Surp:        0
Hugepagesize:       2048 kB
Hugetlb:               0 kB
DirectMap4k:     2720576 kB
DirectMap2M:     5255168 kB
DirectMap1G:    58720256 kB

