MemTotal:       65439348 kB
MemFree:        63853164 kB
MemAvailable:   63893100 kB
Buffers:           49876 kB
Cached:           561004 kB
SwapCached:            0 kB
Active:           197144 kB
Inactive:         474168 kB
Active(anon):       3244 kB
Inactive(anon):    72680 kB
Active(file):     193900 kB
Inactive(file):   401488 kB
Unevictable:       19496 kB
Mlocked:           19496 kB
SwapTotal:       1996796 kB
SwapFree:        1996796 kB
Dirty:                32 kB
Writeback:             0 kB
AnonPages:         80084 kB
Mapped:            83472 kB
Shmem:              6376 kB
KReclaimable:      81716 kB
Slab:             312972 kB
SReclaimable:      81716 kB
SUnreclaim:       231256 kB
KernelStack:        9936 kB
PageTables:         2436 kB
NFS_Unstable:          0 kB
Bounce:                0 kB
WritebackTmp:          0 kB
CommitLimit:    34716468 kB
Committed_AS:     799592 kB
VmallocTotal:   34359738367 kB
VmallocUsed:       42116 kB
VmallocChunk:          0 kB
Percpu:           187008 kB
HardwareCorrupted:     0 kB
AnonHugePages:         0 kB
ShmemHugePages:        0 kB
ShmemPmdMapped:        0 kB
FileHugePages:         0 kB
FilePmdMapped:         0 kB
HugePages_Total:       0
HugePages_Free:        0
HugePages_Rsvd:        0
HugePages_Surp:        0
Hugepagesize:       2048 kB
Hugetlb:               0 kB
DirectMap4k:     2753344 kB
DirectMap2M:     5222400 kB
DirectMap1G:    58720256 kB

