MemTotal:       65439348 kB
MemFree:        64229196 kB
MemAvailable:   63981176 kB
Buffers:           39828 kB
Cached:           289172 kB
SwapCached:            0 kB
Active:           133560 kB
Inactive:         256204 kB
Active(anon):       3228 kB
Inactive(anon):    73012 kB
Active(file):     130332 kB
Inactive(file):   183192 kB
Unevictable:       19496 kB
Mlocked:           19496 kB
SwapTotal:       1996796 kB
SwapFree:        1996796 kB
Dirty:               692 kB
Writeback:             0 kB
AnonPages:         80276 kB
Mapped:            78112 kB
Shmem:              6376 kB
KReclaimable:      69536 kB
Slab:             293712 kB
SReclaimable:      69536 kB
SUnreclaim:       224176 kB
KernelStack:        9952 kB
PageTables:         2360 kB
NFS_Unstable:          0 kB
Bounce:                0 kB
WritebackTmp:          0 kB
CommitLimit:    34716468 kB
Committed_AS:     790364 kB
VmallocTotal:   34359738367 kB
VmallocUsed:       38952 kB
VmallocChunk:          0 kB
Percpu:           116928 kB
HardwareCorrupted:     0 kB
AnonHugePages:         0 kB
ShmemHugePages:        0 kB
ShmemPmdMapped:        0 kB
FileHugePages:         0 kB
FilePmdMapped:         0 kB
HugePages_Total:       0
HugePages_Free:        0
HugePages_Rsvd:        0
HugePages_Surp:        0
Hugepagesize:       2048 kB
Hugetlb:               0 kB
DirectMap4k:     2661184 kB
DirectMap2M:     5314560 kB
DirectMap1G:    58720256 kB

