MemTotal:       65439348 kB
MemFree:        64289212 kB
MemAvailable:   64008816 kB
Buffers:           35928 kB
Cached:           262296 kB
SwapCached:            0 kB
Active:           128720 kB
Inactive:         229496 kB
Active(anon):       3220 kB
Inactive(anon):    72280 kB
Active(file):     125500 kB
Inactive(file):   157216 kB
Unevictable:       19496 kB
Mlocked:           19496 kB
SwapTotal:       1996796 kB
SwapFree:        1996796 kB
Dirty:               836 kB
Writeback:             0 kB
AnonPages:         79300 kB
Mapped:            75500 kB
Shmem:              6376 kB
KReclaimable:      66400 kB
Slab:             288048 kB
SReclaimable:      66400 kB
SUnreclaim:       221648 kB
KernelStack:       10096 kB
PageTables:         2360 kB
NFS_Unstable:          0 kB
Bounce:                0 kB
WritebackTmp:          0 kB
CommitLimit:    34716468 kB
Committed_AS:     790356 kB
VmallocTotal:   34359738367 kB
VmallocUsed:       38500 kB
VmallocChunk:          0 kB
Percpu:            96576 kB
HardwareCorrupted:     0 kB
AnonHugePages:         0 kB
ShmemHugePages:        0 kB
ShmemPmdMapped:        0 kB
FileHugePages:         0 kB
FilePmdMapped:         0 kB
HugePages_Total:       0
HugePages_Free:        0
HugePages_Rsvd:        0
HugePages_Surp:        0
Hugepagesize:       2048 kB
Hugetlb:               0 kB
DirectMap4k:     2298688 kB
DirectMap2M:     5677056 kB
DirectMap1G:    58720256 kB

