MemTotal:       65439348 kB
MemFree:        64158452 kB
MemAvailable:   63947476 kB
Buffers:           43136 kB
Cached:           321336 kB
SwapCached:            0 kB
Active:           138888 kB
Inactive:         291600 kB
Active(anon):       3248 kB
Inactive(anon):    78252 kB
Active(file):     135640 kB
Inactive(file):   213348 kB
Unevictable:       19496 kB
Mlocked:           19496 kB
SwapTotal:       1996796 kB
SwapFree:        1996796 kB
Dirty:               152 kB
Writeback:             0 kB
AnonPages:         85572 kB
Mapped:            88888 kB
Shmem:              6380 kB
KReclaimable:      72692 kB
Slab:             300184 kB
SReclaimable:      72692 kB
SUnreclaim:       227492 kB
KernelStack:       10064 kB
PageTables:         2572 kB
NFS_Unstable:          0 kB
Bounce:                0 kB
WritebackTmp:          0 kB
CommitLimit:    34716468 kB
Committed_AS:     838004 kB
VmallocTotal:   34359738367 kB
VmallocUsed:       40264 kB
VmallocChunk:          0 kB
Percpu:           138240 kB
HardwareCorrupted:     0 kB
AnonHugePages:         0 kB
ShmemHugePages:        0 kB
ShmemPmdMapped:        0 kB
FileHugePages:         0 kB
FilePmdMapped:         0 kB
HugePages_Total:       0
HugePages_Free:        0
HugePages_Rsvd:        0
HugePages_Surp:        0
Hugepagesize:       2048 kB
Hugetlb:               0 kB
DirectMap4k:     2696000 kB
DirectMap2M:     5279744 kB
DirectMap1G:    58720256 kB

