MemTotal:       65439348 kB
MemFree:        63814696 kB
MemAvailable:   63873844 kB
Buffers:           52232 kB
Cached:           576784 kB
SwapCached:            0 kB
Active:           199484 kB
Inactive:         490392 kB
Active(anon):       3244 kB
Inactive(anon):    73124 kB
Active(file):     196240 kB
Inactive(file):   417268 kB
Unevictable:       19496 kB
Mlocked:           19496 kB
SwapTotal:       1996796 kB
SwapFree:        1996796 kB
Dirty:               156 kB
Writeback:             0 kB
AnonPages:         80444 kB
Mapped:            84848 kB
Shmem:              6376 kB
KReclaimable:      83904 kB
Slab:             318336 kB
SReclaimable:      83904 kB
SUnreclaim:       234432 kB
KernelStack:       10064 kB
PageTables:         2448 kB
NFS_Unstable:          0 kB
Bounce:                0 kB
WritebackTmp:          0 kB
CommitLimit:    34716468 kB
Committed_AS:     808036 kB
VmallocTotal:   34359738367 kB
VmallocUsed:       42824 kB
VmallocChunk:          0 kB
Percpu:           203712 kB
HardwareCorrupted:     0 kB
AnonHugePages:         0 kB
ShmemHugePages:        0 kB
ShmemPmdMapped:        0 kB
FileHugePages:         0 kB
FilePmdMapped:         0 kB
HugePages_Total:       0
HugePages_Free:        0
HugePages_Rsvd:        0
HugePages_Surp:        0
Hugepagesize:       2048 kB
Hugetlb:               0 kB
DirectMap4k:     2773824 kB
DirectMap2M:     5201920 kB
DirectMap1G:    58720256 kB

