MemTotal:       65439348 kB
MemFree:        63912676 kB
MemAvailable:   63923116 kB
Buffers:           46448 kB
Cached:           536660 kB
SwapCached:            0 kB
Active:           154748 kB
Inactive:         489084 kB
Active(anon):       3244 kB
Inactive(anon):    72968 kB
Active(file):     151504 kB
Inactive(file):   416116 kB
Unevictable:       19496 kB
Mlocked:           19496 kB
SwapTotal:       1996796 kB
SwapFree:        1996796 kB
Dirty:               756 kB
Writeback:             0 kB
AnonPages:         80328 kB
Mapped:            81624 kB
Shmem:              6376 kB
KReclaimable:      78264 kB
Slab:             307912 kB
SReclaimable:      78264 kB
SUnreclaim:       229648 kB
KernelStack:       10064 kB
PageTables:         2476 kB
NFS_Unstable:          0 kB
Bounce:                0 kB
WritebackTmp:          0 kB
CommitLimit:    34716468 kB
Committed_AS:     799592 kB
VmallocTotal:   34359738367 kB
VmallocUsed:       41164 kB
VmallocChunk:          0 kB
Percpu:           162240 kB
HardwareCorrupted:     0 kB
AnonHugePages:         0 kB
ShmemHugePages:        0 kB
ShmemPmdMapped:        0 kB
FileHugePages:         0 kB
FilePmdMapped:         0 kB
HugePages_Total:       0
HugePages_Free:        0
HugePages_Rsvd:        0
HugePages_Surp:        0
Hugepagesize:       2048 kB
Hugetlb:               0 kB
DirectMap4k:     2726720 kB
DirectMap2M:     5249024 kB
DirectMap1G:    58720256 kB

