MemTotal:       65439348 kB
MemFree:        64312484 kB
MemAvailable:   64011776 kB
Buffers:           31800 kB
Cached:           251064 kB
SwapCached:            0 kB
Active:           122956 kB
Inactive:         222284 kB
Active(anon):       3212 kB
Inactive(anon):    74648 kB
Active(file):     119744 kB
Inactive(file):   147636 kB
Unevictable:       19496 kB
Mlocked:           19496 kB
SwapTotal:       1996796 kB
SwapFree:        1996796 kB
Dirty:               736 kB
Writeback:             0 kB
AnonPages:         81792 kB
Mapped:            74952 kB
Shmem:              6376 kB
KReclaimable:      56444 kB
Slab:             277288 kB
SReclaimable:      56444 kB
SUnreclaim:       220844 kB
KernelStack:        9888 kB
PageTables:         2344 kB
NFS_Unstable:          0 kB
Bounce:                0 kB
WritebackTmp:          0 kB
CommitLimit:    34716468 kB
Committed_AS:     790360 kB
VmallocTotal:   34359738367 kB
VmallocUsed:       38388 kB
VmallocChunk:          0 kB
Percpu:            96576 kB
HardwareCorrupted:     0 kB
AnonHugePages:         0 kB
ShmemHugePages:        0 kB
ShmemPmdMapped:        0 kB
FileHugePages:         0 kB
FilePmdMapped:         0 kB
HugePages_Total:       0
HugePages_Free:        0
HugePages_Rsvd:        0
HugePages_Surp:        0
Hugepagesize:       2048 kB
Hugetlb:               0 kB
DirectMap4k:     2155328 kB
DirectMap2M:     5820416 kB
DirectMap1G:    58720256 kB

