MemTotal:       65439348 kB
MemFree:        64186944 kB
MemAvailable:   63962396 kB
Buffers:           41440 kB
Cached:           310196 kB
SwapCached:            0 kB
Active:           136884 kB
Inactive:         280412 kB
Active(anon):       3256 kB
Inactive(anon):    77884 kB
Active(file):     133628 kB
Inactive(file):   202528 kB
Unevictable:       19496 kB
Mlocked:           19496 kB
SwapTotal:       1996796 kB
SwapFree:        1996796 kB
Dirty:               924 kB
Writeback:             0 kB
AnonPages:         85744 kB
Mapped:            88028 kB
Shmem:              6380 kB
KReclaimable:      71216 kB
Slab:             296512 kB
SReclaimable:      71216 kB
SUnreclaim:       225296 kB
KernelStack:       10016 kB
PageTables:         2608 kB
NFS_Unstable:          0 kB
Bounce:                0 kB
WritebackTmp:          0 kB
CommitLimit:    34716468 kB
Committed_AS:     837620 kB
VmallocTotal:   34359738367 kB
VmallocUsed:       39652 kB
VmallocChunk:          0 kB
Percpu:           125568 kB
HardwareCorrupted:     0 kB
AnonHugePages:         0 kB
ShmemHugePages:        0 kB
ShmemPmdMapped:        0 kB
FileHugePages:         0 kB
FilePmdMapped:         0 kB
HugePages_Total:       0
HugePages_Free:        0
HugePages_Rsvd:        0
HugePages_Surp:        0
Hugepagesize:       2048 kB
Hugetlb:               0 kB
DirectMap4k:     2675520 kB
DirectMap2M:     5300224 kB
DirectMap1G:    58720256 kB

