MemTotal:       65439348 kB
MemFree:        64187284 kB
MemAvailable:   63962576 kB
Buffers:           41416 kB
Cached:           310080 kB
SwapCached:            0 kB
Active:           136852 kB
Inactive:         281152 kB
Active(anon):       3260 kB
Inactive(anon):    78744 kB
Active(file):     133592 kB
Inactive(file):   202408 kB
Unevictable:       19496 kB
Mlocked:           19496 kB
SwapTotal:       1996796 kB
SwapFree:        1996796 kB
Dirty:               728 kB
Writeback:             0 kB
AnonPages:         86164 kB
Mapped:            88188 kB
Shmem:              6380 kB
KReclaimable:      71204 kB
Slab:             296708 kB
SReclaimable:      71204 kB
SUnreclaim:       225504 kB
KernelStack:       10240 kB
PageTables:         2924 kB
NFS_Unstable:          0 kB
Bounce:                0 kB
WritebackTmp:          0 kB
CommitLimit:    34716468 kB
Committed_AS:     837616 kB
VmallocTotal:   34359738367 kB
VmallocUsed:       39636 kB
VmallocChunk:          0 kB
Percpu:           125568 kB
HardwareCorrupted:     0 kB
AnonHugePages:         0 kB
ShmemHugePages:        0 kB
ShmemPmdMapped:        0 kB
FileHugePages:         0 kB
FilePmdMapped:         0 kB
HugePages_Total:       0
HugePages_Free:        0
HugePages_Rsvd:        0
HugePages_Surp:        0
Hugepagesize:       2048 kB
Hugetlb:               0 kB
DirectMap4k:     2673472 kB
DirectMap2M:     5302272 kB
DirectMap1G:    58720256 kB

