MemTotal:       65439348 kB
MemFree:        63887576 kB
MemAvailable:   63909036 kB
Buffers:           47764 kB
Cached:           545812 kB
SwapCached:            0 kB
Active:           156044 kB
Inactive:         499096 kB
Active(anon):       3252 kB
Inactive(anon):    73832 kB
Active(file):     152792 kB
Inactive(file):   425264 kB
Unevictable:       19496 kB
Mlocked:           19496 kB
SwapTotal:       1996796 kB
SwapFree:        1996796 kB
Dirty:               696 kB
Writeback:             0 kB
AnonPages:         81144 kB
Mapped:            82644 kB
Shmem:              6376 kB
KReclaimable:      79428 kB
Slab:             309320 kB
SReclaimable:      79428 kB
SUnreclaim:       229892 kB
KernelStack:       10048 kB
PageTables:         2452 kB
NFS_Unstable:          0 kB
Bounce:                0 kB
WritebackTmp:          0 kB
CommitLimit:    34716468 kB
Committed_AS:     799204 kB
VmallocTotal:   34359738367 kB
VmallocUsed:       41872 kB
VmallocChunk:          0 kB
Percpu:           172416 kB
HardwareCorrupted:     0 kB
AnonHugePages:         0 kB
ShmemHugePages:        0 kB
ShmemPmdMapped:        0 kB
FileHugePages:         0 kB
FilePmdMapped:         0 kB
HugePages_Total:       0
HugePages_Free:        0
HugePages_Rsvd:        0
HugePages_Surp:        0
Hugepagesize:       2048 kB
Hugetlb:               0 kB
DirectMap4k:     2736960 kB
DirectMap2M:     5238784 kB
DirectMap1G:    58720256 kB

