MemTotal:       65439348 kB
MemFree:        64242668 kB
MemAvailable:   63988420 kB
Buffers:           39076 kB
Cached:           284000 kB
SwapCached:            0 kB
Active:           132784 kB
Inactive:         250824 kB
Active(anon):       3220 kB
Inactive(anon):    72804 kB
Active(file):     129564 kB
Inactive(file):   178020 kB
Unevictable:       19496 kB
Mlocked:           19496 kB
SwapTotal:       1996796 kB
SwapFree:        1996796 kB
Dirty:               744 kB
Writeback:             0 kB
AnonPages:         80084 kB
Mapped:            77264 kB
Shmem:              6376 kB
KReclaimable:      68960 kB
Slab:             293248 kB
SReclaimable:      68960 kB
SUnreclaim:       224288 kB
KernelStack:       10048 kB
PageTables:         2444 kB
NFS_Unstable:          0 kB
Bounce:                0 kB
WritebackTmp:          0 kB
CommitLimit:    34716468 kB
Committed_AS:     790752 kB
VmallocTotal:   34359738367 kB
VmallocUsed:       39032 kB
VmallocChunk:          0 kB
Percpu:           111552 kB
HardwareCorrupted:     0 kB
AnonHugePages:         0 kB
ShmemHugePages:        0 kB
ShmemPmdMapped:        0 kB
FileHugePages:         0 kB
FilePmdMapped:         0 kB
HugePages_Total:       0
HugePages_Free:        0
HugePages_Rsvd:        0
HugePages_Surp:        0
Hugepagesize:       2048 kB
Hugetlb:               0 kB
DirectMap4k:     2640704 kB
DirectMap2M:     5335040 kB
DirectMap1G:    58720256 kB

