MemTotal:       65439348 kB
MemFree:        63924636 kB
MemAvailable:   63929016 kB
Buffers:           45724 kB
Cached:           531648 kB
SwapCached:            0 kB
Active:           154020 kB
Inactive:         485344 kB
Active(anon):       3232 kB
Inactive(anon):    74240 kB
Active(file):     150788 kB
Inactive(file):   411104 kB
Unevictable:       19496 kB
Mlocked:           19496 kB
SwapTotal:       1996796 kB
SwapFree:        1996796 kB
Dirty:               632 kB
Writeback:             0 kB
AnonPages:         81424 kB
Mapped:            81816 kB
Shmem:              6380 kB
KReclaimable:      77596 kB
Slab:             306920 kB
SReclaimable:      77596 kB
SUnreclaim:       229324 kB
KernelStack:       10032 kB
PageTables:         2400 kB
NFS_Unstable:          0 kB
Bounce:                0 kB
WritebackTmp:          0 kB
CommitLimit:    34716468 kB
Committed_AS:     799200 kB
VmallocTotal:   34359738367 kB
VmallocUsed:       40532 kB
VmallocChunk:          0 kB
Percpu:           156864 kB
HardwareCorrupted:     0 kB
AnonHugePages:         0 kB
ShmemHugePages:        0 kB
ShmemPmdMapped:        0 kB
FileHugePages:         0 kB
FilePmdMapped:         0 kB
HugePages_Total:       0
HugePages_Free:        0
HugePages_Rsvd:        0
HugePages_Surp:        0
Hugepagesize:       2048 kB
Hugetlb:               0 kB
DirectMap4k:     2718528 kB
DirectMap2M:     5257216 kB
DirectMap1G:    58720256 kB

