MemTotal:       65439348 kB
MemFree:        63733952 kB
MemAvailable:   63828760 kB
Buffers:           56792 kB
Cached:           605980 kB
SwapCached:            0 kB
Active:           204748 kB
Inactive:         524140 kB
Active(anon):       3260 kB
Inactive(anon):    78368 kB
Active(file):     201488 kB
Inactive(file):   445772 kB
Unevictable:       19496 kB
Mlocked:           19496 kB
SwapTotal:       1996796 kB
SwapFree:        1996796 kB
Dirty:               616 kB
Writeback:             0 kB
AnonPages:         85696 kB
Mapped:            96804 kB
Shmem:              6384 kB
KReclaimable:      87716 kB
Slab:             325000 kB
SReclaimable:      87716 kB
SUnreclaim:       237284 kB
KernelStack:       10080 kB
PageTables:         2736 kB
NFS_Unstable:          0 kB
Bounce:                0 kB
WritebackTmp:          0 kB
CommitLimit:    34716468 kB
Committed_AS:     854036 kB
VmallocTotal:   34359738367 kB
VmallocUsed:       44412 kB
VmallocChunk:          0 kB
Percpu:           235776 kB
HardwareCorrupted:     0 kB
AnonHugePages:         0 kB
ShmemHugePages:        0 kB
ShmemPmdMapped:        0 kB
FileHugePages:         0 kB
FilePmdMapped:         0 kB
HugePages_Total:       0
HugePages_Free:        0
HugePages_Rsvd:        0
HugePages_Surp:        0
Hugepagesize:       2048 kB
Hugetlb:               0 kB
DirectMap4k:     2812736 kB
DirectMap2M:     5163008 kB
DirectMap1G:    58720256 kB

