MemTotal:       65439348 kB
MemFree:        63816456 kB
MemAvailable:   63872852 kB
Buffers:           51940 kB
Cached:           574452 kB
SwapCached:            0 kB
Active:           199204 kB
Inactive:         488288 kB
Active(anon):       3244 kB
Inactive(anon):    73336 kB
Active(file):     195960 kB
Inactive(file):   414952 kB
Unevictable:       19496 kB
Mlocked:           19496 kB
SwapTotal:       1996796 kB
SwapFree:        1996796 kB
Dirty:               216 kB
Writeback:            40 kB
AnonPages:         80644 kB
Mapped:            84472 kB
Shmem:              6376 kB
KReclaimable:      83588 kB
Slab:             317400 kB
SReclaimable:      83588 kB
SUnreclaim:       233812 kB
KernelStack:       10080 kB
PageTables:         2496 kB
NFS_Unstable:          0 kB
Bounce:                0 kB
WritebackTmp:          0 kB
CommitLimit:    34716468 kB
Committed_AS:     808040 kB
VmallocTotal:   34359738367 kB
VmallocUsed:       42824 kB
VmallocChunk:          0 kB
Percpu:           201408 kB
HardwareCorrupted:     0 kB
AnonHugePages:         0 kB
ShmemHugePages:        0 kB
ShmemPmdMapped:        0 kB
FileHugePages:         0 kB
FilePmdMapped:         0 kB
HugePages_Total:       0
HugePages_Free:        0
HugePages_Rsvd:        0
HugePages_Surp:        0
Hugepagesize:       2048 kB
Hugetlb:               0 kB
DirectMap4k:     2769728 kB
DirectMap2M:     5206016 kB
DirectMap1G:    58720256 kB

