MemTotal:       65439348 kB
MemFree:        63864964 kB
MemAvailable:   63899544 kB
Buffers:           49128 kB
Cached:           556788 kB
SwapCached:            0 kB
Active:           157572 kB
Inactive:         511240 kB
Active(anon):       3236 kB
Inactive(anon):    75144 kB
Active(file):     154336 kB
Inactive(file):   436096 kB
Unevictable:       19496 kB
Mlocked:           19496 kB
SwapTotal:       1996796 kB
SwapFree:        1996796 kB
Dirty:               664 kB
Writeback:             0 kB
AnonPages:         82468 kB
Mapped:            83288 kB
Shmem:              6376 kB
KReclaimable:      80916 kB
Slab:             312084 kB
SReclaimable:      80916 kB
SUnreclaim:       231168 kB
KernelStack:       10144 kB
PageTables:         2436 kB
NFS_Unstable:          0 kB
Bounce:                0 kB
WritebackTmp:          0 kB
CommitLimit:    34716468 kB
Committed_AS:     799200 kB
VmallocTotal:   34359738367 kB
VmallocUsed:       41664 kB
VmallocChunk:          0 kB
Percpu:           182208 kB
HardwareCorrupted:     0 kB
AnonHugePages:         0 kB
ShmemHugePages:        0 kB
ShmemPmdMapped:        0 kB
FileHugePages:         0 kB
FilePmdMapped:         0 kB
HugePages_Total:       0
HugePages_Free:        0
HugePages_Rsvd:        0
HugePages_Surp:        0
Hugepagesize:       2048 kB
Hugetlb:               0 kB
DirectMap4k:     2747200 kB
DirectMap2M:     5228544 kB
DirectMap1G:    58720256 kB

