MemTotal:       65439348 kB
MemFree:        64240648 kB
MemAvailable:   63984792 kB
Buffers:           38852 kB
Cached:           282652 kB
SwapCached:            0 kB
Active:           132584 kB
Inactive:         250372 kB
Active(anon):       3228 kB
Inactive(anon):    73704 kB
Active(file):     129356 kB
Inactive(file):   176668 kB
Unevictable:       19496 kB
Mlocked:           19496 kB
SwapTotal:       1996796 kB
SwapFree:        1996796 kB
Dirty:               676 kB
Writeback:             0 kB
AnonPages:         80572 kB
Mapped:            78816 kB
Shmem:              6376 kB
KReclaimable:      68864 kB
Slab:             292908 kB
SReclaimable:      68864 kB
SUnreclaim:       224044 kB
KernelStack:       10048 kB
PageTables:         2452 kB
NFS_Unstable:          0 kB
Bounce:                0 kB
WritebackTmp:          0 kB
CommitLimit:    34716468 kB
Committed_AS:     790368 kB
VmallocTotal:   34359738367 kB
VmallocUsed:       39016 kB
VmallocChunk:          0 kB
Percpu:           110400 kB
HardwareCorrupted:     0 kB
AnonHugePages:         0 kB
ShmemHugePages:        0 kB
ShmemPmdMapped:        0 kB
FileHugePages:         0 kB
FilePmdMapped:         0 kB
HugePages_Total:       0
HugePages_Free:        0
HugePages_Rsvd:        0
HugePages_Surp:        0
Hugepagesize:       2048 kB
Hugetlb:               0 kB
DirectMap4k:     2614080 kB
DirectMap2M:     5361664 kB
DirectMap1G:    58720256 kB

