MemTotal:       65439348 kB
MemFree:        63827388 kB
MemAvailable:   63879516 kB
Buffers:           51448 kB
Cached:           570924 kB
SwapCached:            0 kB
Active:           198724 kB
Inactive:         484236 kB
Active(anon):       3244 kB
Inactive(anon):    72828 kB
Active(file):     195480 kB
Inactive(file):   411408 kB
Unevictable:       19496 kB
Mlocked:           19496 kB
SwapTotal:       1996796 kB
SwapFree:        1996796 kB
Dirty:               704 kB
Writeback:             0 kB
AnonPages:         80152 kB
Mapped:            84276 kB
Shmem:              6376 kB
KReclaimable:      83104 kB
Slab:             315868 kB
SReclaimable:      83104 kB
SUnreclaim:       232764 kB
KernelStack:       10048 kB
PageTables:         2448 kB
NFS_Unstable:          0 kB
Bounce:                0 kB
WritebackTmp:          0 kB
CommitLimit:    34716468 kB
Committed_AS:     808040 kB
VmallocTotal:   34359738367 kB
VmallocUsed:       42824 kB
VmallocChunk:          0 kB
Percpu:           197760 kB
HardwareCorrupted:     0 kB
AnonHugePages:         0 kB
ShmemHugePages:        0 kB
ShmemPmdMapped:        0 kB
FileHugePages:         0 kB
FilePmdMapped:         0 kB
HugePages_Total:       0
HugePages_Free:        0
HugePages_Rsvd:        0
HugePages_Surp:        0
Hugepagesize:       2048 kB
Hugetlb:               0 kB
DirectMap4k:     2767680 kB
DirectMap2M:     5208064 kB
DirectMap1G:    58720256 kB

