MemTotal:       65439348 kB
MemFree:        63739708 kB
MemAvailable:   63831144 kB
Buffers:           56356 kB
Cached:           603192 kB
SwapCached:            0 kB
Active:           204324 kB
Inactive:         521404 kB
Active(anon):       3248 kB
Inactive(anon):    78420 kB
Active(file):     201076 kB
Inactive(file):   442984 kB
Unevictable:       19496 kB
Mlocked:           19496 kB
SwapTotal:       1996796 kB
SwapFree:        1996796 kB
Dirty:               764 kB
Writeback:             0 kB
AnonPages:         85768 kB
Mapped:            96452 kB
Shmem:              6380 kB
KReclaimable:      87376 kB
Slab:             324748 kB
SReclaimable:      87376 kB
SUnreclaim:       237372 kB
KernelStack:       10176 kB
PageTables:         2672 kB
NFS_Unstable:          0 kB
Bounce:                0 kB
WritebackTmp:          0 kB
CommitLimit:    34716468 kB
Committed_AS:     854428 kB
VmallocTotal:   34359738367 kB
VmallocUsed:       43912 kB
VmallocChunk:          0 kB
Percpu:           232896 kB
HardwareCorrupted:     0 kB
AnonHugePages:         0 kB
ShmemHugePages:        0 kB
ShmemPmdMapped:        0 kB
FileHugePages:         0 kB
FilePmdMapped:         0 kB
HugePages_Total:       0
HugePages_Free:        0
HugePages_Rsvd:        0
HugePages_Surp:        0
Hugepagesize:       2048 kB
Hugetlb:               0 kB
DirectMap4k:     2810688 kB
DirectMap2M:     5165056 kB
DirectMap1G:    58720256 kB

