MemTotal:       65439348 kB
MemFree:        64146708 kB
MemAvailable:   63942044 kB
Buffers:           43904 kB
Cached:           326468 kB
SwapCached:            0 kB
Active:           139636 kB
Inactive:         298308 kB
Active(anon):       3240 kB
Inactive(anon):    79828 kB
Active(file):     136396 kB
Inactive(file):   218480 kB
Unevictable:       19496 kB
Mlocked:           19496 kB
SwapTotal:       1996796 kB
SwapFree:        1996796 kB
Dirty:               928 kB
Writeback:             0 kB
AnonPages:         87160 kB
Mapped:            89604 kB
Shmem:              6380 kB
KReclaimable:      73544 kB
Slab:             301688 kB
SReclaimable:      73544 kB
SUnreclaim:       228144 kB
KernelStack:       10144 kB
PageTables:         2792 kB
NFS_Unstable:          0 kB
Bounce:                0 kB
WritebackTmp:          0 kB
CommitLimit:    34716468 kB
Committed_AS:     837872 kB
VmallocTotal:   34359738367 kB
VmallocUsed:       40168 kB
VmallocChunk:          0 kB
Percpu:           143616 kB
HardwareCorrupted:     0 kB
AnonHugePages:         0 kB
ShmemHugePages:        0 kB
ShmemPmdMapped:        0 kB
FileHugePages:         0 kB
FilePmdMapped:         0 kB
HugePages_Total:       0
HugePages_Free:        0
HugePages_Rsvd:        0
HugePages_Surp:        0
Hugepagesize:       2048 kB
Hugetlb:               0 kB
DirectMap4k:     2702144 kB
DirectMap2M:     5273600 kB
DirectMap1G:    58720256 kB

