MemTotal:       65439348 kB
MemFree:        63904904 kB
MemAvailable:   63918560 kB
Buffers:           46868 kB
Cached:           539316 kB
SwapCached:            0 kB
Active:           155164 kB
Inactive:         492336 kB
Active(anon):       3244 kB
Inactive(anon):    73568 kB
Active(file):     151920 kB
Inactive(file):   418768 kB
Unevictable:       19496 kB
Mlocked:           19496 kB
SwapTotal:       1996796 kB
SwapFree:        1996796 kB
Dirty:               860 kB
Writeback:             0 kB
AnonPages:         80904 kB
Mapped:            81992 kB
Shmem:              6376 kB
KReclaimable:      78560 kB
Slab:             308776 kB
SReclaimable:      78560 kB
SUnreclaim:       230216 kB
KernelStack:       10016 kB
PageTables:         2440 kB
NFS_Unstable:          0 kB
Bounce:                0 kB
WritebackTmp:          0 kB
CommitLimit:    34716468 kB
Committed_AS:     799200 kB
VmallocTotal:   34359738367 kB
VmallocUsed:       41196 kB
VmallocChunk:          0 kB
Percpu:           165312 kB
HardwareCorrupted:     0 kB
AnonHugePages:         0 kB
ShmemHugePages:        0 kB
ShmemPmdMapped:        0 kB
FileHugePages:         0 kB
FilePmdMapped:         0 kB
HugePages_Total:       0
HugePages_Free:        0
HugePages_Rsvd:        0
HugePages_Surp:        0
Hugepagesize:       2048 kB
Hugetlb:               0 kB
DirectMap4k:     2728768 kB
DirectMap2M:     5246976 kB
DirectMap1G:    58720256 kB

