MemTotal:       65439348 kB
MemFree:        63823352 kB
MemAvailable:   63876648 kB
Buffers:           51548 kB
Cached:           571928 kB
SwapCached:            0 kB
Active:           198820 kB
Inactive:         485372 kB
Active(anon):       3240 kB
Inactive(anon):    72960 kB
Active(file):     195580 kB
Inactive(file):   412412 kB
Unevictable:       19496 kB
Mlocked:           19496 kB
SwapTotal:       1996796 kB
SwapFree:        1996796 kB
Dirty:               684 kB
Writeback:             0 kB
AnonPages:         80248 kB
Mapped:            84240 kB
Shmem:              6376 kB
KReclaimable:      83232 kB
Slab:             315792 kB
SReclaimable:      83232 kB
SUnreclaim:       232560 kB
KernelStack:       10032 kB
PageTables:         2444 kB
NFS_Unstable:          0 kB
Bounce:                0 kB
WritebackTmp:          0 kB
CommitLimit:    34716468 kB
Committed_AS:     807648 kB
VmallocTotal:   34359738367 kB
VmallocUsed:       42776 kB
VmallocChunk:          0 kB
Percpu:           198912 kB
HardwareCorrupted:     0 kB
AnonHugePages:         0 kB
ShmemHugePages:        0 kB
ShmemPmdMapped:        0 kB
FileHugePages:         0 kB
FilePmdMapped:         0 kB
HugePages_Total:       0
HugePages_Free:        0
HugePages_Rsvd:        0
HugePages_Surp:        0
Hugepagesize:       2048 kB
Hugetlb:               0 kB
DirectMap4k:     2767680 kB
DirectMap2M:     5208064 kB
DirectMap1G:    58720256 kB

