MemTotal:       65439348 kB
MemFree:        64236672 kB
MemAvailable:   63983432 kB
Buffers:           39176 kB
Cached:           284844 kB
SwapCached:            0 kB
Active:           132896 kB
Inactive:         253236 kB
Active(anon):       3216 kB
Inactive(anon):    74372 kB
Active(file):     129680 kB
Inactive(file):   178864 kB
Unevictable:       19496 kB
Mlocked:           19496 kB
SwapTotal:       1996796 kB
SwapFree:        1996796 kB
Dirty:               552 kB
Writeback:             0 kB
AnonPages:         82064 kB
Mapped:            77732 kB
Shmem:              6376 kB
KReclaimable:      69052 kB
Slab:             293168 kB
SReclaimable:      69052 kB
SUnreclaim:       224116 kB
KernelStack:       10112 kB
PageTables:         2796 kB
NFS_Unstable:          0 kB
Bounce:                0 kB
WritebackTmp:          0 kB
CommitLimit:    34716468 kB
Committed_AS:     790360 kB
VmallocTotal:   34359738367 kB
VmallocUsed:       39032 kB
VmallocChunk:          0 kB
Percpu:           112896 kB
HardwareCorrupted:     0 kB
AnonHugePages:         0 kB
ShmemHugePages:        0 kB
ShmemPmdMapped:        0 kB
FileHugePages:         0 kB
FilePmdMapped:         0 kB
HugePages_Total:       0
HugePages_Free:        0
HugePages_Rsvd:        0
HugePages_Surp:        0
Hugepagesize:       2048 kB
Hugetlb:               0 kB
DirectMap4k:     2650944 kB
DirectMap2M:     5324800 kB
DirectMap1G:    58720256 kB

