MemTotal:       65439348 kB
MemFree:        63928372 kB
MemAvailable:   63930848 kB
Buffers:           45508 kB
Cached:           530056 kB
SwapCached:            0 kB
Active:           153808 kB
Inactive:         482628 kB
Active(anon):       3240 kB
Inactive(anon):    73116 kB
Active(file):     150568 kB
Inactive(file):   409512 kB
Unevictable:       19496 kB
Mlocked:           19496 kB
SwapTotal:       1996796 kB
SwapFree:        1996796 kB
Dirty:               768 kB
Writeback:             0 kB
AnonPages:         80452 kB
Mapped:            81168 kB
Shmem:              6376 kB
KReclaimable:      77416 kB
Slab:             307032 kB
SReclaimable:      77416 kB
SUnreclaim:       229616 kB
KernelStack:       10080 kB
PageTables:         2464 kB
NFS_Unstable:          0 kB
Bounce:                0 kB
WritebackTmp:          0 kB
CommitLimit:    34716468 kB
Committed_AS:     791396 kB
VmallocTotal:   34359738367 kB
VmallocUsed:       40564 kB
VmallocChunk:          0 kB
Percpu:           154944 kB
HardwareCorrupted:     0 kB
AnonHugePages:         0 kB
ShmemHugePages:        0 kB
ShmemPmdMapped:        0 kB
FileHugePages:         0 kB
FilePmdMapped:         0 kB
HugePages_Total:       0
HugePages_Free:        0
HugePages_Rsvd:        0
HugePages_Surp:        0
Hugepagesize:       2048 kB
Hugetlb:               0 kB
DirectMap4k:     2716480 kB
DirectMap2M:     5259264 kB
DirectMap1G:    58720256 kB

