MemTotal:       65439348 kB
MemFree:        64252324 kB
MemAvailable:   63991884 kB
Buffers:           38388 kB
Cached:           278784 kB
SwapCached:            0 kB
Active:           131204 kB
Inactive:         246144 kB
Active(anon):       3216 kB
Inactive(anon):    72444 kB
Active(file):     127988 kB
Inactive(file):   173700 kB
Unevictable:       19496 kB
Mlocked:           19496 kB
SwapTotal:       1996796 kB
SwapFree:        1996796 kB
Dirty:               168 kB
Writeback:             0 kB
AnonPages:         79772 kB
Mapped:            76932 kB
Shmem:              6376 kB
KReclaimable:      68368 kB
Slab:             291536 kB
SReclaimable:      68368 kB
SUnreclaim:       223168 kB
KernelStack:       10032 kB
PageTables:         2404 kB
NFS_Unstable:          0 kB
Bounce:                0 kB
WritebackTmp:          0 kB
CommitLimit:    34716468 kB
Committed_AS:     790612 kB
VmallocTotal:   34359738367 kB
VmallocUsed:       38500 kB
VmallocChunk:          0 kB
Percpu:           106752 kB
HardwareCorrupted:     0 kB
AnonHugePages:         0 kB
ShmemHugePages:        0 kB
ShmemPmdMapped:        0 kB
FileHugePages:         0 kB
FilePmdMapped:         0 kB
HugePages_Total:       0
HugePages_Free:        0
HugePages_Rsvd:        0
HugePages_Surp:        0
Hugepagesize:       2048 kB
Hugetlb:               0 kB
DirectMap4k:     2562880 kB
DirectMap2M:     5412864 kB
DirectMap1G:    58720256 kB

