MemTotal:       65439348 kB
MemFree:        64235680 kB
MemAvailable:   63982788 kB
Buffers:           39220 kB
Cached:           285128 kB
SwapCached:            0 kB
Active:           132908 kB
Inactive:         251880 kB
Active(anon):       3216 kB
Inactive(anon):    72716 kB
Active(file):     129692 kB
Inactive(file):   179164 kB
Unevictable:       19496 kB
Mlocked:           19496 kB
SwapTotal:       1996796 kB
SwapFree:        1996796 kB
Dirty:               204 kB
Writeback:            12 kB
AnonPages:         80060 kB
Mapped:            77440 kB
Shmem:              6376 kB
KReclaimable:      69124 kB
Slab:             293208 kB
SReclaimable:      69124 kB
SUnreclaim:       224084 kB
KernelStack:       10032 kB
PageTables:         2464 kB
NFS_Unstable:          0 kB
Bounce:                0 kB
WritebackTmp:          0 kB
CommitLimit:    34716468 kB
Committed_AS:     790616 kB
VmallocTotal:   34359738367 kB
VmallocUsed:       38968 kB
VmallocChunk:          0 kB
Percpu:           112896 kB
HardwareCorrupted:     0 kB
AnonHugePages:         0 kB
ShmemHugePages:        0 kB
ShmemPmdMapped:        0 kB
FileHugePages:         0 kB
FilePmdMapped:         0 kB
HugePages_Total:       0
HugePages_Free:        0
HugePages_Rsvd:        0
HugePages_Surp:        0
Hugepagesize:       2048 kB
Hugetlb:               0 kB
DirectMap4k:     2655040 kB
DirectMap2M:     5320704 kB
DirectMap1G:    58720256 kB

