MemTotal:       65439348 kB
MemFree:        63755528 kB
MemAvailable:   63840360 kB
Buffers:           55568 kB
Cached:           597776 kB
SwapCached:            0 kB
Active:           203500 kB
Inactive:         518584 kB
Active(anon):       3244 kB
Inactive(anon):    81036 kB
Active(file):     200256 kB
Inactive(file):   437548 kB
Unevictable:       19496 kB
Mlocked:           19496 kB
SwapTotal:       1996796 kB
SwapFree:        1996796 kB
Dirty:               516 kB
Writeback:             0 kB
AnonPages:         87880 kB
Mapped:            97016 kB
Shmem:              6380 kB
KReclaimable:      86680 kB
Slab:             322500 kB
SReclaimable:      86680 kB
SUnreclaim:       235820 kB
KernelStack:       10144 kB
PageTables:         3104 kB
NFS_Unstable:          0 kB
Bounce:                0 kB
WritebackTmp:          0 kB
CommitLimit:    34716468 kB
Committed_AS:     854036 kB
VmallocTotal:   34359738367 kB
VmallocUsed:       43992 kB
VmallocChunk:          0 kB
Percpu:           226752 kB
HardwareCorrupted:     0 kB
AnonHugePages:         0 kB
ShmemHugePages:        0 kB
ShmemPmdMapped:        0 kB
FileHugePages:         0 kB
FilePmdMapped:         0 kB
HugePages_Total:       0
HugePages_Free:        0
HugePages_Rsvd:        0
HugePages_Surp:        0
Hugepagesize:       2048 kB
Hugetlb:               0 kB
DirectMap4k:     2802496 kB
DirectMap2M:     5173248 kB
DirectMap1G:    58720256 kB

