MemTotal:       65439348 kB
MemFree:        64179572 kB
MemAvailable:   63959160 kB
Buffers:           41932 kB
Cached:           313616 kB
SwapCached:            0 kB
Active:           137348 kB
Inactive:         285276 kB
Active(anon):       3228 kB
Inactive(anon):    79328 kB
Active(file):     134120 kB
Inactive(file):   205948 kB
Unevictable:       19496 kB
Mlocked:           19496 kB
SwapTotal:       1996796 kB
SwapFree:        1996796 kB
Dirty:               844 kB
Writeback:             0 kB
AnonPages:         86588 kB
Mapped:            88280 kB
Shmem:              6380 kB
KReclaimable:      71664 kB
Slab:             297800 kB
SReclaimable:      71664 kB
SUnreclaim:       226136 kB
KernelStack:       10064 kB
PageTables:         2568 kB
NFS_Unstable:          0 kB
Bounce:                0 kB
WritebackTmp:          0 kB
CommitLimit:    34716468 kB
Committed_AS:     837612 kB
VmallocTotal:   34359738367 kB
VmallocUsed:       39780 kB
VmallocChunk:          0 kB
Percpu:           129216 kB
HardwareCorrupted:     0 kB
AnonHugePages:         0 kB
ShmemHugePages:        0 kB
ShmemPmdMapped:        0 kB
FileHugePages:         0 kB
FilePmdMapped:         0 kB
HugePages_Total:       0
HugePages_Free:        0
HugePages_Rsvd:        0
HugePages_Surp:        0
Hugepagesize:       2048 kB
Hugetlb:               0 kB
DirectMap4k:     2681664 kB
DirectMap2M:     5294080 kB
DirectMap1G:    58720256 kB

