MemTotal:       65439348 kB
MemFree:        64149784 kB
MemAvailable:   63942608 kB
Buffers:           43620 kB
Cached:           324448 kB
SwapCached:            0 kB
Active:           139356 kB
Inactive:         296716 kB
Active(anon):       3252 kB
Inactive(anon):    80252 kB
Active(file):     136104 kB
Inactive(file):   216464 kB
Unevictable:       19496 kB
Mlocked:           19496 kB
SwapTotal:       1996796 kB
SwapFree:        1996796 kB
Dirty:               796 kB
Writeback:             0 kB
AnonPages:         87732 kB
Mapped:            89684 kB
Shmem:              6376 kB
KReclaimable:      73132 kB
Slab:             301036 kB
SReclaimable:      73132 kB
SUnreclaim:       227904 kB
KernelStack:       10304 kB
PageTables:         2844 kB
NFS_Unstable:          0 kB
Bounce:                0 kB
WritebackTmp:          0 kB
CommitLimit:    34716468 kB
Committed_AS:     837876 kB
VmallocTotal:   34359738367 kB
VmallocUsed:       40248 kB
VmallocChunk:          0 kB
Percpu:           141312 kB
HardwareCorrupted:     0 kB
AnonHugePages:         0 kB
ShmemHugePages:        0 kB
ShmemPmdMapped:        0 kB
FileHugePages:         0 kB
FilePmdMapped:         0 kB
HugePages_Total:       0
HugePages_Free:        0
HugePages_Rsvd:        0
HugePages_Surp:        0
Hugepagesize:       2048 kB
Hugetlb:               0 kB
DirectMap4k:     2700096 kB
DirectMap2M:     5275648 kB
DirectMap1G:    58720256 kB

