MemTotal:       65439348 kB
MemFree:        64185428 kB
MemAvailable:   63961020 kB
Buffers:           41456 kB
Cached:           310312 kB
SwapCached:            0 kB
Active:           136868 kB
Inactive:         283092 kB
Active(anon):       3240 kB
Inactive(anon):    80448 kB
Active(file):     133628 kB
Inactive(file):   202644 kB
Unevictable:       19496 kB
Mlocked:           19496 kB
SwapTotal:       1996796 kB
SwapFree:        1996796 kB
Dirty:               680 kB
Writeback:             0 kB
AnonPages:         87704 kB
Mapped:            87880 kB
Shmem:              6380 kB
KReclaimable:      71264 kB
Slab:             296468 kB
SReclaimable:      71264 kB
SUnreclaim:       225204 kB
KernelStack:       10112 kB
PageTables:         2316 kB
NFS_Unstable:          0 kB
Bounce:                0 kB
WritebackTmp:          0 kB
CommitLimit:    34716468 kB
Committed_AS:     837612 kB
VmallocTotal:   34359738367 kB
VmallocUsed:       39652 kB
VmallocChunk:          0 kB
Percpu:           125568 kB
HardwareCorrupted:     0 kB
AnonHugePages:         0 kB
ShmemHugePages:        0 kB
ShmemPmdMapped:        0 kB
FileHugePages:         0 kB
FilePmdMapped:         0 kB
HugePages_Total:       0
HugePages_Free:        0
HugePages_Rsvd:        0
HugePages_Surp:        0
Hugepagesize:       2048 kB
Hugetlb:               0 kB
DirectMap4k:     2675520 kB
DirectMap2M:     5300224 kB
DirectMap1G:    58720256 kB

