MemTotal:       65439348 kB
MemFree:        64258136 kB
MemAvailable:   63995364 kB
Buffers:           38152 kB
Cached:           276792 kB
SwapCached:            0 kB
Active:           130952 kB
Inactive:         244072 kB
Active(anon):       3212 kB
Inactive(anon):    72364 kB
Active(file):     127740 kB
Inactive(file):   171708 kB
Unevictable:       19496 kB
Mlocked:           19496 kB
SwapTotal:       1996796 kB
SwapFree:        1996796 kB
Dirty:               132 kB
Writeback:             0 kB
AnonPages:         79704 kB
Mapped:            76764 kB
Shmem:              6376 kB
KReclaimable:      68184 kB
Slab:             292608 kB
SReclaimable:      68184 kB
SUnreclaim:       224424 kB
KernelStack:       10048 kB
PageTables:         2392 kB
NFS_Unstable:          0 kB
Bounce:                0 kB
WritebackTmp:          0 kB
CommitLimit:    34716468 kB
Committed_AS:     790612 kB
VmallocTotal:   34359738367 kB
VmallocUsed:       38500 kB
VmallocChunk:          0 kB
Percpu:           105024 kB
HardwareCorrupted:     0 kB
AnonHugePages:         0 kB
ShmemHugePages:        0 kB
ShmemPmdMapped:        0 kB
FileHugePages:         0 kB
FilePmdMapped:         0 kB
HugePages_Total:       0
HugePages_Free:        0
HugePages_Rsvd:        0
HugePages_Surp:        0
Hugepagesize:       2048 kB
Hugetlb:               0 kB
DirectMap4k:     2532160 kB
DirectMap2M:     5443584 kB
DirectMap1G:    58720256 kB

