MemTotal:       65439348 kB
MemFree:        64280080 kB
MemAvailable:   64003216 kB
Buffers:           36384 kB
Cached:           265212 kB
SwapCached:            0 kB
Active:           129144 kB
Inactive:         233368 kB
Active(anon):       3212 kB
Inactive(anon):    73228 kB
Active(file):     125932 kB
Inactive(file):   160140 kB
Unevictable:       19496 kB
Mlocked:           19496 kB
SwapTotal:       1996796 kB
SwapFree:        1996796 kB
Dirty:               660 kB
Writeback:             0 kB
AnonPages:         80564 kB
Mapped:            75864 kB
Shmem:              6376 kB
KReclaimable:      66752 kB
Slab:             289200 kB
SReclaimable:      66752 kB
SUnreclaim:       222448 kB
KernelStack:       10080 kB
PageTables:         2460 kB
NFS_Unstable:          0 kB
Bounce:                0 kB
WritebackTmp:          0 kB
CommitLimit:    34716468 kB
Committed_AS:     790356 kB
VmallocTotal:   34359738367 kB
VmallocUsed:       38388 kB
VmallocChunk:          0 kB
Percpu:            96576 kB
HardwareCorrupted:     0 kB
AnonHugePages:         0 kB
ShmemHugePages:        0 kB
ShmemPmdMapped:        0 kB
FileHugePages:         0 kB
FilePmdMapped:         0 kB
HugePages_Total:       0
HugePages_Free:        0
HugePages_Rsvd:        0
HugePages_Surp:        0
Hugepagesize:       2048 kB
Hugetlb:               0 kB
DirectMap4k:     2343744 kB
DirectMap2M:     5632000 kB
DirectMap1G:    58720256 kB

