MemTotal:       65439348 kB
MemFree:        63849408 kB
MemAvailable:   63892320 kB
Buffers:           50256 kB
Cached:           563428 kB
SwapCached:            0 kB
Active:           197552 kB
Inactive:         477300 kB
Active(anon):       3256 kB
Inactive(anon):    73392 kB
Active(file):     194296 kB
Inactive(file):   403908 kB
Unevictable:       19496 kB
Mlocked:           19496 kB
SwapTotal:       1996796 kB
SwapFree:        1996796 kB
Dirty:               904 kB
Writeback:             0 kB
AnonPages:         80732 kB
Mapped:            83820 kB
Shmem:              6380 kB
KReclaimable:      82036 kB
Slab:             312816 kB
SReclaimable:      82036 kB
SUnreclaim:       230780 kB
KernelStack:       10016 kB
PageTables:         2220 kB
NFS_Unstable:          0 kB
Bounce:                0 kB
WritebackTmp:          0 kB
CommitLimit:    34716468 kB
Committed_AS:     799204 kB
VmallocTotal:   34359738367 kB
VmallocUsed:       42180 kB
VmallocChunk:          0 kB
Percpu:           189312 kB
HardwareCorrupted:     0 kB
AnonHugePages:         0 kB
ShmemHugePages:        0 kB
ShmemPmdMapped:        0 kB
FileHugePages:         0 kB
FilePmdMapped:         0 kB
HugePages_Total:       0
HugePages_Free:        0
HugePages_Rsvd:        0
HugePages_Surp:        0
Hugepagesize:       2048 kB
Hugetlb:               0 kB
DirectMap4k:     2755392 kB
DirectMap2M:     5220352 kB
DirectMap1G:    58720256 kB

