MemTotal:       65439348 kB
MemFree:        63729064 kB
MemAvailable:   63824892 kB
Buffers:           56980 kB
Cached:           606756 kB
SwapCached:            0 kB
Active:           204948 kB
Inactive:         527224 kB
Active(anon):       3264 kB
Inactive(anon):    80676 kB
Active(file):     201684 kB
Inactive(file):   446548 kB
Unevictable:       19496 kB
Mlocked:           19496 kB
SwapTotal:       1996796 kB
SwapFree:        1996796 kB
Dirty:               696 kB
Writeback:             0 kB
AnonPages:         87180 kB
Mapped:            97588 kB
Shmem:              6380 kB
KReclaimable:      87812 kB
Slab:             324412 kB
SReclaimable:      87812 kB
SUnreclaim:       236600 kB
KernelStack:       10176 kB
PageTables:         2676 kB
NFS_Unstable:          0 kB
Bounce:                0 kB
WritebackTmp:          0 kB
CommitLimit:    34716468 kB
Committed_AS:     854044 kB
VmallocTotal:   34359738367 kB
VmallocUsed:       44524 kB
VmallocChunk:          0 kB
Percpu:           237120 kB
HardwareCorrupted:     0 kB
AnonHugePages:         0 kB
ShmemHugePages:        0 kB
ShmemPmdMapped:        0 kB
FileHugePages:         0 kB
FilePmdMapped:         0 kB
HugePages_Total:       0
HugePages_Free:        0
HugePages_Rsvd:        0
HugePages_Surp:        0
Hugepagesize:       2048 kB
Hugetlb:               0 kB
DirectMap4k:     2812736 kB
DirectMap2M:     5163008 kB
DirectMap1G:    58720256 kB

