MemTotal:       65439348 kB
MemFree:        63701188 kB
MemAvailable:   63812628 kB
Buffers:           58668 kB
Cached:           619816 kB
SwapCached:            0 kB
Active:           211560 kB
Inactive:         529704 kB
Active(anon):       3228 kB
Inactive(anon):    75040 kB
Active(file):     208332 kB
Inactive(file):   454664 kB
Unevictable:       19496 kB
Mlocked:           19496 kB
SwapTotal:       1996796 kB
SwapFree:        1996796 kB
Dirty:               720 kB
Writeback:             0 kB
AnonPages:         82240 kB
Mapped:            88504 kB
Shmem:              6376 kB
KReclaimable:      89512 kB
Slab:             328604 kB
SReclaimable:      89512 kB
SUnreclaim:       239092 kB
KernelStack:       10000 kB
PageTables:         2276 kB
NFS_Unstable:          0 kB
Bounce:                0 kB
WritebackTmp:          0 kB
CommitLimit:    34716468 kB
Committed_AS:     807648 kB
VmallocTotal:   34359738367 kB
VmallocUsed:       45000 kB
VmallocChunk:          0 kB
Percpu:           250752 kB
HardwareCorrupted:     0 kB
AnonHugePages:         0 kB
ShmemHugePages:        0 kB
ShmemPmdMapped:        0 kB
FileHugePages:         0 kB
FilePmdMapped:         0 kB
HugePages_Total:       0
HugePages_Free:        0
HugePages_Rsvd:        0
HugePages_Surp:        0
Hugepagesize:       2048 kB
Hugetlb:               0 kB
DirectMap4k:     2831168 kB
DirectMap2M:     5144576 kB
DirectMap1G:    58720256 kB

