MemTotal:       65439348 kB
MemFree:        63838472 kB
MemAvailable:   63885740 kB
Buffers:           50868 kB
Cached:           566888 kB
SwapCached:            0 kB
Active:           198120 kB
Inactive:         483076 kB
Active(anon):       3244 kB
Inactive(anon):    75680 kB
Active(file):     194876 kB
Inactive(file):   407396 kB
Unevictable:       19496 kB
Mlocked:           19496 kB
SwapTotal:       1996796 kB
SwapFree:        1996796 kB
Dirty:               652 kB
Writeback:             0 kB
AnonPages:         83040 kB
Mapped:            83896 kB
Shmem:              6376 kB
KReclaimable:      82612 kB
Slab:             314108 kB
SReclaimable:      82612 kB
SUnreclaim:       231496 kB
KernelStack:       10208 kB
PageTables:         2928 kB
NFS_Unstable:          0 kB
Bounce:                0 kB
WritebackTmp:          0 kB
CommitLimit:    34716468 kB
Committed_AS:     807396 kB
VmallocTotal:   34359738367 kB
VmallocUsed:       42308 kB
VmallocChunk:          0 kB
Percpu:           193536 kB
HardwareCorrupted:     0 kB
AnonHugePages:         0 kB
ShmemHugePages:        0 kB
ShmemPmdMapped:        0 kB
FileHugePages:         0 kB
FilePmdMapped:         0 kB
HugePages_Total:       0
HugePages_Free:        0
HugePages_Rsvd:        0
HugePages_Surp:        0
Hugepagesize:       2048 kB
Hugetlb:               0 kB
DirectMap4k:     2759488 kB
DirectMap2M:     5216256 kB
DirectMap1G:    58720256 kB

