MemTotal:       65439348 kB
MemFree:        63922080 kB
MemAvailable:   63929344 kB
Buffers:           46060 kB
Cached:           534004 kB
SwapCached:            0 kB
Active:           154372 kB
Inactive:         487636 kB
Active(anon):       3244 kB
Inactive(anon):    74184 kB
Active(file):     151128 kB
Inactive(file):   413452 kB
Unevictable:       19496 kB
Mlocked:           19496 kB
SwapTotal:       1996796 kB
SwapFree:        1996796 kB
Dirty:               740 kB
Writeback:             0 kB
AnonPages:         81456 kB
Mapped:            81516 kB
Shmem:              6376 kB
KReclaimable:      77988 kB
Slab:             306512 kB
SReclaimable:      77988 kB
SUnreclaim:       228524 kB
KernelStack:       10176 kB
PageTables:         2660 kB
NFS_Unstable:          0 kB
Bounce:                0 kB
WritebackTmp:          0 kB
CommitLimit:    34716468 kB
Committed_AS:     799204 kB
VmallocTotal:   34359738367 kB
VmallocUsed:       41160 kB
VmallocChunk:          0 kB
Percpu:           159168 kB
HardwareCorrupted:     0 kB
AnonHugePages:         0 kB
ShmemHugePages:        0 kB
ShmemPmdMapped:        0 kB
FileHugePages:         0 kB
FilePmdMapped:         0 kB
HugePages_Total:       0
HugePages_Free:        0
HugePages_Rsvd:        0
HugePages_Surp:        0
Hugepagesize:       2048 kB
Hugetlb:               0 kB
DirectMap4k:     2720576 kB
DirectMap2M:     5255168 kB
DirectMap1G:    58720256 kB

