MemTotal:       65439348 kB
MemFree:        64273188 kB
MemAvailable:   64002396 kB
Buffers:           37136 kB
Cached:           270064 kB
SwapCached:            0 kB
Active:           129980 kB
Inactive:         237588 kB
Active(anon):       3236 kB
Inactive(anon):    72608 kB
Active(file):     126744 kB
Inactive(file):   164980 kB
Unevictable:       19496 kB
Mlocked:           19496 kB
SwapTotal:       1996796 kB
SwapFree:        1996796 kB
Dirty:               732 kB
Writeback:             0 kB
AnonPages:         79988 kB
Mapped:            76112 kB
Shmem:              6376 kB
KReclaimable:      67592 kB
Slab:             290880 kB
SReclaimable:      67592 kB
SUnreclaim:       223288 kB
KernelStack:       10144 kB
PageTables:         2692 kB
NFS_Unstable:          0 kB
Bounce:                0 kB
WritebackTmp:          0 kB
CommitLimit:    34716468 kB
Committed_AS:     790360 kB
VmallocTotal:   34359738367 kB
VmallocUsed:       38436 kB
VmallocChunk:          0 kB
Percpu:            97728 kB
HardwareCorrupted:     0 kB
AnonHugePages:         0 kB
ShmemHugePages:        0 kB
ShmemPmdMapped:        0 kB
FileHugePages:         0 kB
FilePmdMapped:         0 kB
HugePages_Total:       0
HugePages_Free:        0
HugePages_Rsvd:        0
HugePages_Surp:        0
Hugepagesize:       2048 kB
Hugetlb:               0 kB
DirectMap4k:     2421568 kB
DirectMap2M:     5554176 kB
DirectMap1G:    58720256 kB

