MemTotal:       65439348 kB
MemFree:        63827232 kB
MemAvailable:   63879112 kB
Buffers:           51416 kB
Cached:           570748 kB
SwapCached:            0 kB
Active:           198660 kB
Inactive:         484828 kB
Active(anon):       3236 kB
Inactive(anon):    73596 kB
Active(file):     195424 kB
Inactive(file):   411232 kB
Unevictable:       19496 kB
Mlocked:           19496 kB
SwapTotal:       1996796 kB
SwapFree:        1996796 kB
Dirty:               736 kB
Writeback:             0 kB
AnonPages:         80832 kB
Mapped:            84372 kB
Shmem:              6376 kB
KReclaimable:      83068 kB
Slab:             315968 kB
SReclaimable:      83068 kB
SUnreclaim:       232900 kB
KernelStack:       10080 kB
PageTables:         2512 kB
NFS_Unstable:          0 kB
Bounce:                0 kB
WritebackTmp:          0 kB
CommitLimit:    34716468 kB
Committed_AS:     807648 kB
VmallocTotal:   34359738367 kB
VmallocUsed:       42792 kB
VmallocChunk:          0 kB
Percpu:           197760 kB
HardwareCorrupted:     0 kB
AnonHugePages:         0 kB
ShmemHugePages:        0 kB
ShmemPmdMapped:        0 kB
FileHugePages:         0 kB
FilePmdMapped:         0 kB
HugePages_Total:       0
HugePages_Free:        0
HugePages_Rsvd:        0
HugePages_Surp:        0
Hugepagesize:       2048 kB
Hugetlb:               0 kB
DirectMap4k:     2767680 kB
DirectMap2M:     5208064 kB
DirectMap1G:    58720256 kB

