MemTotal:       65439348 kB
MemFree:        64294552 kB
MemAvailable:   64008608 kB
Buffers:           35256 kB
Cached:           257704 kB
SwapCached:            0 kB
Active:           128052 kB
Inactive:         225484 kB
Active(anon):       3216 kB
Inactive(anon):    72852 kB
Active(file):     124836 kB
Inactive(file):   152632 kB
Unevictable:       19496 kB
Mlocked:           19496 kB
SwapTotal:       1996796 kB
SwapFree:        1996796 kB
Dirty:               864 kB
Writeback:             0 kB
AnonPages:         80076 kB
Mapped:            75000 kB
Shmem:              6376 kB
KReclaimable:      65796 kB
Slab:             286936 kB
SReclaimable:      65796 kB
SUnreclaim:       221140 kB
KernelStack:        9968 kB
PageTables:         2372 kB
NFS_Unstable:          0 kB
Bounce:                0 kB
WritebackTmp:          0 kB
CommitLimit:    34716468 kB
Committed_AS:     790356 kB
VmallocTotal:   34359738367 kB
VmallocUsed:       38388 kB
VmallocChunk:          0 kB
Percpu:            96576 kB
HardwareCorrupted:     0 kB
AnonHugePages:         0 kB
ShmemHugePages:        0 kB
ShmemPmdMapped:        0 kB
FileHugePages:         0 kB
FilePmdMapped:         0 kB
HugePages_Total:       0
HugePages_Free:        0
HugePages_Rsvd:        0
HugePages_Surp:        0
Hugepagesize:       2048 kB
Hugetlb:               0 kB
DirectMap4k:     2220864 kB
DirectMap2M:     5754880 kB
DirectMap1G:    58720256 kB

