MemTotal:       65439348 kB
MemFree:        63806508 kB
MemAvailable:   63867412 kB
Buffers:           52424 kB
Cached:           578252 kB
SwapCached:            0 kB
Active:           199696 kB
Inactive:         493076 kB
Active(anon):       3248 kB
Inactive(anon):    74376 kB
Active(file):     196448 kB
Inactive(file):   418700 kB
Unevictable:       19496 kB
Mlocked:           19496 kB
SwapTotal:       1996796 kB
SwapFree:        1996796 kB
Dirty:               880 kB
Writeback:             0 kB
AnonPages:         81340 kB
Mapped:            85792 kB
Shmem:              6376 kB
KReclaimable:      84136 kB
Slab:             318884 kB
SReclaimable:      84136 kB
SUnreclaim:       234748 kB
KernelStack:       10176 kB
PageTables:         2736 kB
NFS_Unstable:          0 kB
Bounce:                0 kB
WritebackTmp:          0 kB
CommitLimit:    34716468 kB
Committed_AS:     807648 kB
VmallocTotal:   34359738367 kB
VmallocUsed:       42712 kB
VmallocChunk:          0 kB
Percpu:           205632 kB
HardwareCorrupted:     0 kB
AnonHugePages:         0 kB
ShmemHugePages:        0 kB
ShmemPmdMapped:        0 kB
FileHugePages:         0 kB
FilePmdMapped:         0 kB
HugePages_Total:       0
HugePages_Free:        0
HugePages_Rsvd:        0
HugePages_Surp:        0
Hugepagesize:       2048 kB
Hugetlb:               0 kB
DirectMap4k:     2773824 kB
DirectMap2M:     5201920 kB
DirectMap1G:    58720256 kB

