MemTotal:       65439348 kB
MemFree:        63756780 kB
MemAvailable:   63840968 kB
Buffers:           55392 kB
Cached:           597348 kB
SwapCached:            0 kB
Active:           203340 kB
Inactive:         515140 kB
Active(anon):       3256 kB
Inactive(anon):    78000 kB
Active(file):     200084 kB
Inactive(file):   437140 kB
Unevictable:       19496 kB
Mlocked:           19496 kB
SwapTotal:       1996796 kB
SwapFree:        1996796 kB
Dirty:               596 kB
Writeback:             0 kB
AnonPages:         85784 kB
Mapped:            96172 kB
Shmem:              6384 kB
KReclaimable:      86548 kB
Slab:             323088 kB
SReclaimable:      86548 kB
SUnreclaim:       236540 kB
KernelStack:       10096 kB
PageTables:         2684 kB
NFS_Unstable:          0 kB
Bounce:                0 kB
WritebackTmp:          0 kB
CommitLimit:    34716468 kB
Committed_AS:     854040 kB
VmallocTotal:   34359738367 kB
VmallocUsed:       43976 kB
VmallocChunk:          0 kB
Percpu:           226176 kB
HardwareCorrupted:     0 kB
AnonHugePages:         0 kB
ShmemHugePages:        0 kB
ShmemPmdMapped:        0 kB
FileHugePages:         0 kB
FilePmdMapped:         0 kB
HugePages_Total:       0
HugePages_Free:        0
HugePages_Rsvd:        0
HugePages_Surp:        0
Hugepagesize:       2048 kB
Hugetlb:               0 kB
DirectMap4k:     2802496 kB
DirectMap2M:     5173248 kB
DirectMap1G:    58720256 kB

