MemTotal:       65439348 kB
MemFree:        63838968 kB
MemAvailable:   63884940 kB
Buffers:           50716 kB
Cached:           565864 kB
SwapCached:            0 kB
Active:           197984 kB
Inactive:         481012 kB
Active(anon):       3252 kB
Inactive(anon):    74680 kB
Active(file):     194732 kB
Inactive(file):   406332 kB
Unevictable:       19496 kB
Mlocked:           19496 kB
SwapTotal:       1996796 kB
SwapFree:        1996796 kB
Dirty:               728 kB
Writeback:             0 kB
AnonPages:         82540 kB
Mapped:            84028 kB
Shmem:              6372 kB
KReclaimable:      82436 kB
Slab:             314324 kB
SReclaimable:      82436 kB
SUnreclaim:       231888 kB
KernelStack:       10224 kB
PageTables:         2412 kB
NFS_Unstable:          0 kB
Bounce:                0 kB
WritebackTmp:          0 kB
CommitLimit:    34716468 kB
Committed_AS:     807392 kB
VmallocTotal:   34359738367 kB
VmallocUsed:       42276 kB
VmallocChunk:          0 kB
Percpu:           192384 kB
HardwareCorrupted:     0 kB
AnonHugePages:         0 kB
ShmemHugePages:        0 kB
ShmemPmdMapped:        0 kB
FileHugePages:         0 kB
FilePmdMapped:         0 kB
HugePages_Total:       0
HugePages_Free:        0
HugePages_Rsvd:        0
HugePages_Surp:        0
Hugepagesize:       2048 kB
Hugetlb:               0 kB
DirectMap4k:     2757440 kB
DirectMap2M:     5218304 kB
DirectMap1G:    58720256 kB

