MemTotal:       65439348 kB
MemFree:        63906588 kB
MemAvailable:   63921476 kB
Buffers:           47008 kB
Cached:           540324 kB
SwapCached:            0 kB
Active:           155312 kB
Inactive:         492648 kB
Active(anon):       3240 kB
Inactive(anon):    72868 kB
Active(file):     152072 kB
Inactive(file):   419780 kB
Unevictable:       19496 kB
Mlocked:           19496 kB
SwapTotal:       1996796 kB
SwapFree:        1996796 kB
Dirty:               720 kB
Writeback:             0 kB
AnonPages:         80244 kB
Mapped:            82000 kB
Shmem:              6376 kB
KReclaimable:      78696 kB
Slab:             309428 kB
SReclaimable:      78696 kB
SUnreclaim:       230732 kB
KernelStack:       10032 kB
PageTables:         2432 kB
NFS_Unstable:          0 kB
Bounce:                0 kB
WritebackTmp:          0 kB
CommitLimit:    34716468 kB
Committed_AS:     799588 kB
VmallocTotal:   34359738367 kB
VmallocUsed:       41116 kB
VmallocChunk:          0 kB
Percpu:           166464 kB
HardwareCorrupted:     0 kB
AnonHugePages:         0 kB
ShmemHugePages:        0 kB
ShmemPmdMapped:        0 kB
FileHugePages:         0 kB
FilePmdMapped:         0 kB
HugePages_Total:       0
HugePages_Free:        0
HugePages_Rsvd:        0
HugePages_Surp:        0
Hugepagesize:       2048 kB
Hugetlb:               0 kB
DirectMap4k:     2730816 kB
DirectMap2M:     5244928 kB
DirectMap1G:    58720256 kB

