MemTotal:       65439348 kB
MemFree:        64275904 kB
MemAvailable:   64001516 kB
Buffers:           36656 kB
Cached:           267128 kB
SwapCached:            0 kB
Active:           129472 kB
Inactive:         235684 kB
Active(anon):       3208 kB
Inactive(anon):    73644 kB
Active(file):     126264 kB
Inactive(file):   162040 kB
Unevictable:       19496 kB
Mlocked:           19496 kB
SwapTotal:       1996796 kB
SwapFree:        1996796 kB
Dirty:               912 kB
Writeback:             0 kB
AnonPages:         80812 kB
Mapped:            76236 kB
Shmem:              6380 kB
KReclaimable:      67240 kB
Slab:             289992 kB
SReclaimable:      67240 kB
SUnreclaim:       222752 kB
KernelStack:       10000 kB
PageTables:         2404 kB
NFS_Unstable:          0 kB
Bounce:                0 kB
WritebackTmp:          0 kB
CommitLimit:    34716468 kB
Committed_AS:     790360 kB
VmallocTotal:   34359738367 kB
VmallocUsed:       38564 kB
VmallocChunk:          0 kB
Percpu:            96576 kB
HardwareCorrupted:     0 kB
AnonHugePages:         0 kB
ShmemHugePages:        0 kB
ShmemPmdMapped:        0 kB
FileHugePages:         0 kB
FilePmdMapped:         0 kB
HugePages_Total:       0
HugePages_Free:        0
HugePages_Rsvd:        0
HugePages_Surp:        0
Hugepagesize:       2048 kB
Hugetlb:               0 kB
DirectMap4k:     2374464 kB
DirectMap2M:     5601280 kB
DirectMap1G:    58720256 kB

