MemTotal:       65439348 kB
MemFree:        64232968 kB
MemAvailable:   63983092 kB
Buffers:           39556 kB
Cached:           287688 kB
SwapCached:            0 kB
Active:           133272 kB
Inactive:         254476 kB
Active(anon):       3220 kB
Inactive(anon):    72768 kB
Active(file):     130052 kB
Inactive(file):   181708 kB
Unevictable:       19496 kB
Mlocked:           19496 kB
SwapTotal:       1996796 kB
SwapFree:        1996796 kB
Dirty:               732 kB
Writeback:             0 kB
AnonPages:         80108 kB
Mapped:            77624 kB
Shmem:              6376 kB
KReclaimable:      69348 kB
Slab:             293316 kB
SReclaimable:      69348 kB
SUnreclaim:       223968 kB
KernelStack:       10064 kB
PageTables:         2456 kB
NFS_Unstable:          0 kB
Bounce:                0 kB
WritebackTmp:          0 kB
CommitLimit:    34716468 kB
Committed_AS:     790756 kB
VmallocTotal:   34359738367 kB
VmallocUsed:       39096 kB
VmallocChunk:          0 kB
Percpu:           115200 kB
HardwareCorrupted:     0 kB
AnonHugePages:         0 kB
ShmemHugePages:        0 kB
ShmemPmdMapped:        0 kB
FileHugePages:         0 kB
FilePmdMapped:         0 kB
HugePages_Total:       0
HugePages_Free:        0
HugePages_Rsvd:        0
HugePages_Surp:        0
Hugepagesize:       2048 kB
Hugetlb:               0 kB
DirectMap4k:     2659136 kB
DirectMap2M:     5316608 kB
DirectMap1G:    58720256 kB

