MemTotal:       65439348 kB
MemFree:        63876092 kB
MemAvailable:   63904304 kB
Buffers:           48540 kB
Cached:           551340 kB
SwapCached:            0 kB
Active:           156824 kB
Inactive:         503684 kB
Active(anon):       3240 kB
Inactive(anon):    72888 kB
Active(file):     153584 kB
Inactive(file):   430796 kB
Unevictable:       19496 kB
Mlocked:           19496 kB
SwapTotal:       1996796 kB
SwapFree:        1996796 kB
Dirty:               208 kB
Writeback:           484 kB
AnonPages:         80200 kB
Mapped:            82844 kB
Shmem:              6376 kB
KReclaimable:      80284 kB
Slab:             312824 kB
SReclaimable:      80284 kB
SUnreclaim:       232540 kB
KernelStack:       10016 kB
PageTables:         2432 kB
NFS_Unstable:          0 kB
Bounce:                0 kB
WritebackTmp:          0 kB
CommitLimit:    34716468 kB
Committed_AS:     799588 kB
VmallocTotal:   34359738367 kB
VmallocUsed:       41648 kB
VmallocChunk:          0 kB
Percpu:           177984 kB
HardwareCorrupted:     0 kB
AnonHugePages:         0 kB
ShmemHugePages:        0 kB
ShmemPmdMapped:        0 kB
FileHugePages:         0 kB
FilePmdMapped:         0 kB
HugePages_Total:       0
HugePages_Free:        0
HugePages_Rsvd:        0
HugePages_Surp:        0
Hugepagesize:       2048 kB
Hugetlb:               0 kB
DirectMap4k:     2747200 kB
DirectMap2M:     5228544 kB
DirectMap1G:    58720256 kB

