MemTotal:       65439348 kB
MemFree:        63920624 kB
MemAvailable:   63927132 kB
Buffers:           45964 kB
Cached:           533412 kB
SwapCached:            0 kB
Active:           154276 kB
Inactive:         486148 kB
Active(anon):       3260 kB
Inactive(anon):    73280 kB
Active(file):     151016 kB
Inactive(file):   412868 kB
Unevictable:       19496 kB
Mlocked:           19496 kB
SwapTotal:       1996796 kB
SwapFree:        1996796 kB
Dirty:               652 kB
Writeback:             0 kB
AnonPages:         80696 kB
Mapped:            81688 kB
Shmem:              6376 kB
KReclaimable:      77868 kB
Slab:             306368 kB
SReclaimable:      77868 kB
SUnreclaim:       228500 kB
KernelStack:       10096 kB
PageTables:         2708 kB
NFS_Unstable:          0 kB
Bounce:                0 kB
WritebackTmp:          0 kB
CommitLimit:    34716468 kB
Committed_AS:     799204 kB
VmallocTotal:   34359738367 kB
VmallocUsed:       41256 kB
VmallocChunk:          0 kB
Percpu:           158592 kB
HardwareCorrupted:     0 kB
AnonHugePages:         0 kB
ShmemHugePages:        0 kB
ShmemPmdMapped:        0 kB
FileHugePages:         0 kB
FilePmdMapped:         0 kB
HugePages_Total:       0
HugePages_Free:        0
HugePages_Rsvd:        0
HugePages_Surp:        0
Hugepagesize:       2048 kB
Hugetlb:               0 kB
DirectMap4k:     2720576 kB
DirectMap2M:     5255168 kB
DirectMap1G:    58720256 kB

