MemTotal:       65439348 kB
MemFree:        63718348 kB
MemAvailable:   63820800 kB
Buffers:           57672 kB
Cached:           612300 kB
SwapCached:            0 kB
Active:           205624 kB
Inactive:         530404 kB
Active(anon):       3244 kB
Inactive(anon):    78300 kB
Active(file):     202380 kB
Inactive(file):   452104 kB
Unevictable:       19496 kB
Mlocked:           19496 kB
SwapTotal:       1996796 kB
SwapFree:        1996796 kB
Dirty:               280 kB
Writeback:             0 kB
AnonPages:         85700 kB
Mapped:            97152 kB
Shmem:              6380 kB
KReclaimable:      88556 kB
Slab:             325728 kB
SReclaimable:      88556 kB
SUnreclaim:       237172 kB
KernelStack:       10096 kB
PageTables:         2620 kB
NFS_Unstable:          0 kB
Bounce:                0 kB
WritebackTmp:          0 kB
CommitLimit:    34716468 kB
Committed_AS:     854424 kB
VmallocTotal:   34359738367 kB
VmallocUsed:       44540 kB
VmallocChunk:          0 kB
Percpu:           242496 kB
HardwareCorrupted:     0 kB
AnonHugePages:         0 kB
ShmemHugePages:        0 kB
ShmemPmdMapped:        0 kB
FileHugePages:         0 kB
FilePmdMapped:         0 kB
HugePages_Total:       0
HugePages_Free:        0
HugePages_Rsvd:        0
HugePages_Surp:        0
Hugepagesize:       2048 kB
Hugetlb:               0 kB
DirectMap4k:     2818880 kB
DirectMap2M:     5156864 kB
DirectMap1G:    58720256 kB

