MemTotal:       65439348 kB
MemFree:        63715332 kB
MemAvailable:   63821256 kB
Buffers:           58100 kB
Cached:           615200 kB
SwapCached:            0 kB
Active:           211008 kB
Inactive:         525212 kB
Active(anon):       3252 kB
Inactive(anon):    75160 kB
Active(file):     207756 kB
Inactive(file):   450052 kB
Unevictable:       19496 kB
Mlocked:           19496 kB
SwapTotal:       1996796 kB
SwapFree:        1996796 kB
Dirty:               688 kB
Writeback:             0 kB
AnonPages:         82416 kB
Mapped:            88500 kB
Shmem:              6376 kB
KReclaimable:      88852 kB
Slab:             326748 kB
SReclaimable:      88852 kB
SUnreclaim:       237896 kB
KernelStack:        9984 kB
PageTables:         2268 kB
NFS_Unstable:          0 kB
Bounce:                0 kB
WritebackTmp:          0 kB
CommitLimit:    34716468 kB
Committed_AS:     807648 kB
VmallocTotal:   34359738367 kB
VmallocUsed:       44356 kB
VmallocChunk:          0 kB
Percpu:           245952 kB
HardwareCorrupted:     0 kB
AnonHugePages:         0 kB
ShmemHugePages:        0 kB
ShmemPmdMapped:        0 kB
FileHugePages:         0 kB
FilePmdMapped:         0 kB
HugePages_Total:       0
HugePages_Free:        0
HugePages_Rsvd:        0
HugePages_Surp:        0
Hugepagesize:       2048 kB
Hugetlb:               0 kB
DirectMap4k:     2825024 kB
DirectMap2M:     5150720 kB
DirectMap1G:    58720256 kB

