MemTotal:       65439348 kB
MemFree:        64313316 kB
MemAvailable:   64012780 kB
Buffers:           31816 kB
Cached:           251200 kB
SwapCached:            0 kB
Active:           122988 kB
Inactive:         220700 kB
Active(anon):       3228 kB
Inactive(anon):    72924 kB
Active(file):     119760 kB
Inactive(file):   147776 kB
Unevictable:       19496 kB
Mlocked:           19496 kB
SwapTotal:       1996796 kB
SwapFree:        1996796 kB
Dirty:               676 kB
Writeback:             0 kB
AnonPages:         80288 kB
Mapped:            74700 kB
Shmem:              6380 kB
KReclaimable:      56476 kB
Slab:             277284 kB
SReclaimable:      56476 kB
SUnreclaim:       220808 kB
KernelStack:       10096 kB
PageTables:         2584 kB
NFS_Unstable:          0 kB
Bounce:                0 kB
WritebackTmp:          0 kB
CommitLimit:    34716468 kB
Committed_AS:     790356 kB
VmallocTotal:   34359738367 kB
VmallocUsed:       38404 kB
VmallocChunk:          0 kB
Percpu:            96576 kB
HardwareCorrupted:     0 kB
AnonHugePages:         0 kB
ShmemHugePages:        0 kB
ShmemPmdMapped:        0 kB
FileHugePages:         0 kB
FilePmdMapped:         0 kB
HugePages_Total:       0
HugePages_Free:        0
HugePages_Rsvd:        0
HugePages_Surp:        0
Hugepagesize:       2048 kB
Hugetlb:               0 kB
DirectMap4k:     2157376 kB
DirectMap2M:     5818368 kB
DirectMap1G:    58720256 kB

