MemTotal:       65439348 kB
MemFree:        63696472 kB
MemAvailable:   63812184 kB
Buffers:           59212 kB
Cached:           623244 kB
SwapCached:            0 kB
Active:           212132 kB
Inactive:         532608 kB
Active(anon):       3256 kB
Inactive(anon):    74512 kB
Active(file):     208876 kB
Inactive(file):   458096 kB
Unevictable:       19496 kB
Mlocked:           19496 kB
SwapTotal:       1996796 kB
SwapFree:        1996796 kB
Dirty:              1132 kB
Writeback:             0 kB
AnonPages:         81948 kB
Mapped:            89168 kB
Shmem:              6376 kB
KReclaimable:      90100 kB
Slab:             329016 kB
SReclaimable:      90100 kB
SUnreclaim:       238916 kB
KernelStack:        9984 kB
PageTables:         2248 kB
NFS_Unstable:          0 kB
Bounce:                0 kB
WritebackTmp:          0 kB
CommitLimit:    34716468 kB
Committed_AS:     808044 kB
VmallocTotal:   34359738367 kB
VmallocUsed:       44824 kB
VmallocChunk:          0 kB
Percpu:           254400 kB
HardwareCorrupted:     0 kB
AnonHugePages:         0 kB
ShmemHugePages:        0 kB
ShmemPmdMapped:        0 kB
FileHugePages:         0 kB
FilePmdMapped:         0 kB
HugePages_Total:       0
HugePages_Free:        0
HugePages_Rsvd:        0
HugePages_Surp:        0
Hugepagesize:       2048 kB
Hugetlb:               0 kB
DirectMap4k:     2835264 kB
DirectMap2M:     5140480 kB
DirectMap1G:    58720256 kB

