MemTotal:       65439348 kB
MemFree:        64324340 kB
MemAvailable:   64018848 kB
Buffers:           30680 kB
Cached:           244452 kB
SwapCached:            0 kB
Active:           121824 kB
Inactive:         213420 kB
Active(anon):       3216 kB
Inactive(anon):    72392 kB
Active(file):     118608 kB
Inactive(file):   141028 kB
Unevictable:       19496 kB
Mlocked:           19496 kB
SwapTotal:       1996796 kB
SwapFree:        1996796 kB
Dirty:               704 kB
Writeback:             0 kB
AnonPages:         79460 kB
Mapped:            74060 kB
Shmem:              6376 kB
KReclaimable:      56116 kB
Slab:             275744 kB
SReclaimable:      56116 kB
SUnreclaim:       219628 kB
KernelStack:       10000 kB
PageTables:         2404 kB
NFS_Unstable:          0 kB
Bounce:                0 kB
WritebackTmp:          0 kB
CommitLimit:    34716468 kB
Committed_AS:     790100 kB
VmallocTotal:   34359738367 kB
VmallocUsed:       38420 kB
VmallocChunk:          0 kB
Percpu:            96576 kB
HardwareCorrupted:     0 kB
AnonHugePages:         0 kB
ShmemHugePages:        0 kB
ShmemPmdMapped:        0 kB
FileHugePages:         0 kB
FilePmdMapped:         0 kB
HugePages_Total:       0
HugePages_Free:        0
HugePages_Rsvd:        0
HugePages_Surp:        0
Hugepagesize:       2048 kB
Hugetlb:               0 kB
DirectMap4k:     2061120 kB
DirectMap2M:     5914624 kB
DirectMap1G:    58720256 kB

