MemTotal:       65439348 kB
MemFree:        64185584 kB
MemAvailable:   63963152 kB
Buffers:           41716 kB
Cached:           311908 kB
SwapCached:            0 kB
Active:           137144 kB
Inactive:         282444 kB
Active(anon):       3248 kB
Inactive(anon):    78204 kB
Active(file):     133896 kB
Inactive(file):   204240 kB
Unevictable:       19496 kB
Mlocked:           19496 kB
SwapTotal:       1996796 kB
SwapFree:        1996796 kB
Dirty:               168 kB
Writeback:             0 kB
AnonPages:         85508 kB
Mapped:            88112 kB
Shmem:              6380 kB
KReclaimable:      71488 kB
Slab:             297080 kB
SReclaimable:      71488 kB
SUnreclaim:       225592 kB
KernelStack:       10112 kB
PageTables:         2584 kB
NFS_Unstable:          0 kB
Bounce:                0 kB
WritebackTmp:          0 kB
CommitLimit:    34716468 kB
Committed_AS:     838008 kB
VmallocTotal:   34359738367 kB
VmallocUsed:       39652 kB
VmallocChunk:          0 kB
Percpu:           127296 kB
HardwareCorrupted:     0 kB
AnonHugePages:         0 kB
ShmemHugePages:        0 kB
ShmemPmdMapped:        0 kB
FileHugePages:         0 kB
FilePmdMapped:         0 kB
HugePages_Total:       0
HugePages_Free:        0
HugePages_Rsvd:        0
HugePages_Surp:        0
Hugepagesize:       2048 kB
Hugetlb:               0 kB
DirectMap4k:     2675520 kB
DirectMap2M:     5300224 kB
DirectMap1G:    58720256 kB

