MemTotal:       65439348 kB
MemFree:        63709188 kB
MemAvailable:   63818180 kB
Buffers:           58432 kB
Cached:           617744 kB
SwapCached:            0 kB
Active:           211324 kB
Inactive:         525572 kB
Active(anon):       3244 kB
Inactive(anon):    72976 kB
Active(file):     208080 kB
Inactive(file):   452596 kB
Unevictable:       19496 kB
Mlocked:           19496 kB
SwapTotal:       1996796 kB
SwapFree:        1996796 kB
Dirty:               160 kB
Writeback:             0 kB
AnonPages:         80308 kB
Mapped:            88188 kB
Shmem:              6376 kB
KReclaimable:      89256 kB
Slab:             327432 kB
SReclaimable:      89256 kB
SUnreclaim:       238176 kB
KernelStack:       10016 kB
PageTables:         2460 kB
NFS_Unstable:          0 kB
Bounce:                0 kB
WritebackTmp:          0 kB
CommitLimit:    34716468 kB
Committed_AS:     808040 kB
VmallocTotal:   34359738367 kB
VmallocUsed:       44952 kB
VmallocChunk:          0 kB
Percpu:           248448 kB
HardwareCorrupted:     0 kB
AnonHugePages:         0 kB
ShmemHugePages:        0 kB
ShmemPmdMapped:        0 kB
FileHugePages:         0 kB
FilePmdMapped:         0 kB
HugePages_Total:       0
HugePages_Free:        0
HugePages_Rsvd:        0
HugePages_Surp:        0
Hugepagesize:       2048 kB
Hugetlb:               0 kB
DirectMap4k:     2827072 kB
DirectMap2M:     5148672 kB
DirectMap1G:    58720256 kB

