MemTotal:       65439348 kB
MemFree:        64170484 kB
MemAvailable:   63954504 kB
Buffers:           42448 kB
Cached:           317276 kB
SwapCached:            0 kB
Active:           137884 kB
Inactive:         289384 kB
Active(anon):       3248 kB
Inactive(anon):    79780 kB
Active(file):     134636 kB
Inactive(file):   209604 kB
Unevictable:       19496 kB
Mlocked:           19496 kB
SwapTotal:       1996796 kB
SwapFree:        1996796 kB
Dirty:               708 kB
Writeback:             0 kB
AnonPages:         86972 kB
Mapped:            89292 kB
Shmem:              6384 kB
KReclaimable:      72184 kB
Slab:             298844 kB
SReclaimable:      72184 kB
SUnreclaim:       226660 kB
KernelStack:       10112 kB
PageTables:         2268 kB
NFS_Unstable:          0 kB
Bounce:                0 kB
WritebackTmp:          0 kB
CommitLimit:    34716468 kB
Committed_AS:     837616 kB
VmallocTotal:   34359738367 kB
VmallocUsed:       40216 kB
VmallocChunk:          0 kB
Percpu:           133440 kB
HardwareCorrupted:     0 kB
AnonHugePages:         0 kB
ShmemHugePages:        0 kB
ShmemPmdMapped:        0 kB
FileHugePages:         0 kB
FilePmdMapped:         0 kB
HugePages_Total:       0
HugePages_Free:        0
HugePages_Rsvd:        0
HugePages_Surp:        0
Hugepagesize:       2048 kB
Hugetlb:               0 kB
DirectMap4k:     2691904 kB
DirectMap2M:     5283840 kB
DirectMap1G:    58720256 kB

