MemTotal:       65439348 kB
MemFree:        63882332 kB
MemAvailable:   63907568 kB
Buffers:           48236 kB
Cached:           548896 kB
SwapCached:            0 kB
Active:           156564 kB
Inactive:         502200 kB
Active(anon):       3260 kB
Inactive(anon):    73848 kB
Active(file):     153304 kB
Inactive(file):   428352 kB
Unevictable:       19496 kB
Mlocked:           19496 kB
SwapTotal:       1996796 kB
SwapFree:        1996796 kB
Dirty:               600 kB
Writeback:             0 kB
AnonPages:         81236 kB
Mapped:            82924 kB
Shmem:              6376 kB
KReclaimable:      79784 kB
Slab:             310156 kB
SReclaimable:      79784 kB
SUnreclaim:       230372 kB
KernelStack:        9904 kB
PageTables:         2464 kB
NFS_Unstable:          0 kB
Bounce:                0 kB
WritebackTmp:          0 kB
CommitLimit:    34716468 kB
Committed_AS:     799208 kB
VmallocTotal:   34359738367 kB
VmallocUsed:       41664 kB
VmallocChunk:          0 kB
Percpu:           175488 kB
HardwareCorrupted:     0 kB
AnonHugePages:         0 kB
ShmemHugePages:        0 kB
ShmemPmdMapped:        0 kB
FileHugePages:         0 kB
FilePmdMapped:         0 kB
HugePages_Total:       0
HugePages_Free:        0
HugePages_Rsvd:        0
HugePages_Surp:        0
Hugepagesize:       2048 kB
Hugetlb:               0 kB
DirectMap4k:     2741056 kB
DirectMap2M:     5234688 kB
DirectMap1G:    58720256 kB

