MemTotal:       65439348 kB
MemFree:        63796812 kB
MemAvailable:   63864608 kB
Buffers:           53180 kB
Cached:           583988 kB
SwapCached:            0 kB
Active:           200444 kB
Inactive:         499136 kB
Active(anon):       3240 kB
Inactive(anon):    74660 kB
Active(file):     197204 kB
Inactive(file):   424476 kB
Unevictable:       19496 kB
Mlocked:           19496 kB
SwapTotal:       1996796 kB
SwapFree:        1996796 kB
Dirty:               592 kB
Writeback:             0 kB
AnonPages:         81892 kB
Mapped:            86488 kB
Shmem:              6376 kB
KReclaimable:      84852 kB
Slab:             319260 kB
SReclaimable:      84852 kB
SUnreclaim:       234408 kB
KernelStack:       10096 kB
PageTables:         2396 kB
NFS_Unstable:          0 kB
Bounce:                0 kB
WritebackTmp:          0 kB
CommitLimit:    34716468 kB
Committed_AS:     807652 kB
VmallocTotal:   34359738367 kB
VmallocUsed:       43340 kB
VmallocChunk:          0 kB
Percpu:           212160 kB
HardwareCorrupted:     0 kB
AnonHugePages:         0 kB
ShmemHugePages:        0 kB
ShmemPmdMapped:        0 kB
FileHugePages:         0 kB
FilePmdMapped:         0 kB
HugePages_Total:       0
HugePages_Free:        0
HugePages_Rsvd:        0
HugePages_Surp:        0
Hugepagesize:       2048 kB
Hugetlb:               0 kB
DirectMap4k:     2784064 kB
DirectMap2M:     5191680 kB
DirectMap1G:    58720256 kB

