MemTotal:       65439348 kB
MemFree:        63757332 kB
MemAvailable:   63839856 kB
Buffers:           55164 kB
Cached:           595924 kB
SwapCached:            0 kB
Active:           203132 kB
Inactive:         516160 kB
Active(anon):       3240 kB
Inactive(anon):    80444 kB
Active(file):     199892 kB
Inactive(file):   435716 kB
Unevictable:       19496 kB
Mlocked:           19496 kB
SwapTotal:       1996796 kB
SwapFree:        1996796 kB
Dirty:               648 kB
Writeback:             0 kB
AnonPages:         87680 kB
Mapped:            96448 kB
Shmem:              6380 kB
KReclaimable:      86452 kB
Slab:             322424 kB
SReclaimable:      86452 kB
SUnreclaim:       235972 kB
KernelStack:       10048 kB
PageTables:         2540 kB
NFS_Unstable:          0 kB
Bounce:                0 kB
WritebackTmp:          0 kB
CommitLimit:    34716468 kB
Committed_AS:     854036 kB
VmallocTotal:   34359738367 kB
VmallocUsed:       43992 kB
VmallocChunk:          0 kB
Percpu:           225024 kB
HardwareCorrupted:     0 kB
AnonHugePages:         0 kB
ShmemHugePages:        0 kB
ShmemPmdMapped:        0 kB
FileHugePages:         0 kB
FilePmdMapped:         0 kB
HugePages_Total:       0
HugePages_Free:        0
HugePages_Rsvd:        0
HugePages_Surp:        0
Hugepagesize:       2048 kB
Hugetlb:               0 kB
DirectMap4k:     2800448 kB
DirectMap2M:     5175296 kB
DirectMap1G:    58720256 kB

