MemTotal:       65439348 kB
MemFree:        64249544 kB
MemAvailable:   63990956 kB
Buffers:           38588 kB
Cached:           280320 kB
SwapCached:            0 kB
Active:           131376 kB
Inactive:         247564 kB
Active(anon):       3216 kB
Inactive(anon):    72328 kB
Active(file):     128160 kB
Inactive(file):   175236 kB
Unevictable:       19496 kB
Mlocked:           19496 kB
SwapTotal:       1996796 kB
SwapFree:        1996796 kB
Dirty:               652 kB
Writeback:             0 kB
AnonPages:         79652 kB
Mapped:            77112 kB
Shmem:              6376 kB
KReclaimable:      68652 kB
Slab:             292884 kB
SReclaimable:      68652 kB
SUnreclaim:       224232 kB
KernelStack:       10000 kB
PageTables:         2400 kB
NFS_Unstable:          0 kB
Bounce:                0 kB
WritebackTmp:          0 kB
CommitLimit:    34716468 kB
Committed_AS:     790620 kB
VmallocTotal:   34359738367 kB
VmallocUsed:       39096 kB
VmallocChunk:          0 kB
Percpu:           107904 kB
HardwareCorrupted:     0 kB
AnonHugePages:         0 kB
ShmemHugePages:        0 kB
ShmemPmdMapped:        0 kB
FileHugePages:         0 kB
FilePmdMapped:         0 kB
HugePages_Total:       0
HugePages_Free:        0
HugePages_Rsvd:        0
HugePages_Surp:        0
Hugepagesize:       2048 kB
Hugetlb:               0 kB
DirectMap4k:     2587456 kB
DirectMap2M:     5388288 kB
DirectMap1G:    58720256 kB

