MemTotal:       65439348 kB
MemFree:        63859712 kB
MemAvailable:   63895316 kB
Buffers:           49324 kB
Cached:           557568 kB
SwapCached:            0 kB
Active:           157804 kB
Inactive:         509772 kB
Active(anon):       3244 kB
Inactive(anon):    72916 kB
Active(file):     154560 kB
Inactive(file):   436856 kB
Unevictable:       19496 kB
Mlocked:           19496 kB
SwapTotal:       1996796 kB
SwapFree:        1996796 kB
Dirty:               592 kB
Writeback:             0 kB
AnonPages:         80244 kB
Mapped:            83244 kB
Shmem:              6376 kB
KReclaimable:      80996 kB
Slab:             312644 kB
SReclaimable:      80996 kB
SUnreclaim:       231648 kB
KernelStack:        9904 kB
PageTables:         2460 kB
NFS_Unstable:          0 kB
Bounce:                0 kB
WritebackTmp:          0 kB
CommitLimit:    34716468 kB
Committed_AS:     799204 kB
VmallocTotal:   34359738367 kB
VmallocUsed:       41568 kB
VmallocChunk:          0 kB
Percpu:           183360 kB
HardwareCorrupted:     0 kB
AnonHugePages:         0 kB
ShmemHugePages:        0 kB
ShmemPmdMapped:        0 kB
FileHugePages:         0 kB
FilePmdMapped:         0 kB
HugePages_Total:       0
HugePages_Free:        0
HugePages_Rsvd:        0
HugePages_Surp:        0
Hugepagesize:       2048 kB
Hugetlb:               0 kB
DirectMap4k:     2747200 kB
DirectMap2M:     5228544 kB
DirectMap1G:    58720256 kB

