MemTotal:       65439348 kB
MemFree:        63879900 kB
MemAvailable:   63906480 kB
Buffers:           48372 kB
Cached:           550020 kB
SwapCached:            0 kB
Active:           156676 kB
Inactive:         502196 kB
Active(anon):       3244 kB
Inactive(anon):    72712 kB
Active(file):     153432 kB
Inactive(file):   429484 kB
Unevictable:       19496 kB
Mlocked:           19496 kB
SwapTotal:       1996796 kB
SwapFree:        1996796 kB
Dirty:               180 kB
Writeback:             0 kB
AnonPages:         80080 kB
Mapped:            82784 kB
Shmem:              6376 kB
KReclaimable:      79952 kB
Slab:             311268 kB
SReclaimable:      79952 kB
SUnreclaim:       231316 kB
KernelStack:       10016 kB
PageTables:         2432 kB
NFS_Unstable:          0 kB
Bounce:                0 kB
WritebackTmp:          0 kB
CommitLimit:    34716468 kB
Committed_AS:     799592 kB
VmallocTotal:   34359738367 kB
VmallocUsed:       41648 kB
VmallocChunk:          0 kB
Percpu:           176640 kB
HardwareCorrupted:     0 kB
AnonHugePages:         0 kB
ShmemHugePages:        0 kB
ShmemPmdMapped:        0 kB
FileHugePages:         0 kB
FilePmdMapped:         0 kB
HugePages_Total:       0
HugePages_Free:        0
HugePages_Rsvd:        0
HugePages_Surp:        0
Hugepagesize:       2048 kB
Hugetlb:               0 kB
DirectMap4k:     2743104 kB
DirectMap2M:     5232640 kB
DirectMap1G:    58720256 kB

