MemTotal:       65439348 kB
MemFree:        63893036 kB
MemAvailable:   63894408 kB
Buffers:           45352 kB
Cached:           529184 kB
SwapCached:            0 kB
Active:           152420 kB
Inactive:         522816 kB
Active(anon):       3264 kB
Inactive(anon):   112932 kB
Active(file):     149156 kB
Inactive(file):   409884 kB
Unevictable:       19496 kB
Mlocked:           19496 kB
SwapTotal:       1996796 kB
SwapFree:        1996796 kB
Dirty:               712 kB
Writeback:             0 kB
AnonPages:        120240 kB
Mapped:           121928 kB
Shmem:              6388 kB
KReclaimable:      77284 kB
Slab:             306032 kB
SReclaimable:      77284 kB
SUnreclaim:       228748 kB
KernelStack:       10336 kB
PageTables:         3240 kB
NFS_Unstable:          0 kB
Bounce:                0 kB
WritebackTmp:          0 kB
CommitLimit:    34716468 kB
Committed_AS:     888576 kB
VmallocTotal:   34359738367 kB
VmallocUsed:       40628 kB
VmallocChunk:          0 kB
Percpu:           153792 kB
HardwareCorrupted:     0 kB
AnonHugePages:         0 kB
ShmemHugePages:        0 kB
ShmemPmdMapped:        0 kB
FileHugePages:         0 kB
FilePmdMapped:         0 kB
HugePages_Total:       0
HugePages_Free:        0
HugePages_Rsvd:        0
HugePages_Surp:        0
Hugepagesize:       2048 kB
Hugetlb:               0 kB
DirectMap4k:     2714432 kB
DirectMap2M:     5261312 kB
DirectMap1G:    58720256 kB

