MemTotal:       65439348 kB
MemFree:        63744568 kB
MemAvailable:   63831996 kB
Buffers:           55896 kB
Cached:           599876 kB
SwapCached:            0 kB
Active:           203856 kB
Inactive:         520460 kB
Active(anon):       3244 kB
Inactive(anon):    80780 kB
Active(file):     200612 kB
Inactive(file):   439680 kB
Unevictable:       19496 kB
Mlocked:           19496 kB
SwapTotal:       1996796 kB
SwapFree:        1996796 kB
Dirty:               784 kB
Writeback:             0 kB
AnonPages:         88048 kB
Mapped:            98156 kB
Shmem:              6380 kB
KReclaimable:      86892 kB
Slab:             323332 kB
SReclaimable:      86892 kB
SUnreclaim:       236440 kB
KernelStack:       10256 kB
PageTables:         2572 kB
NFS_Unstable:          0 kB
Bounce:                0 kB
WritebackTmp:          0 kB
CommitLimit:    34716468 kB
Committed_AS:     854040 kB
VmallocTotal:   34359738367 kB
VmallocUsed:       44072 kB
VmallocChunk:          0 kB
Percpu:           229248 kB
HardwareCorrupted:     0 kB
AnonHugePages:         0 kB
ShmemHugePages:        0 kB
ShmemPmdMapped:        0 kB
FileHugePages:         0 kB
FilePmdMapped:         0 kB
HugePages_Total:       0
HugePages_Free:        0
HugePages_Rsvd:        0
HugePages_Surp:        0
Hugepagesize:       2048 kB
Hugetlb:               0 kB
DirectMap4k:     2806592 kB
DirectMap2M:     5169152 kB
DirectMap1G:    58720256 kB

