MemTotal:       65439348 kB
MemFree:        64170916 kB
MemAvailable:   63954560 kB
Buffers:           42412 kB
Cached:           316976 kB
SwapCached:            0 kB
Active:           137844 kB
Inactive:         287500 kB
Active(anon):       3248 kB
Inactive(anon):    78192 kB
Active(file):     134596 kB
Inactive(file):   209308 kB
Unevictable:       19496 kB
Mlocked:           19496 kB
SwapTotal:       1996796 kB
SwapFree:        1996796 kB
Dirty:               764 kB
Writeback:             0 kB
AnonPages:         85552 kB
Mapped:            88488 kB
Shmem:              6380 kB
KReclaimable:      72104 kB
Slab:             299076 kB
SReclaimable:      72104 kB
SUnreclaim:       226972 kB
KernelStack:       10096 kB
PageTables:         2572 kB
NFS_Unstable:          0 kB
Bounce:                0 kB
WritebackTmp:          0 kB
CommitLimit:    34716468 kB
Committed_AS:     838004 kB
VmallocTotal:   34359738367 kB
VmallocUsed:       40296 kB
VmallocChunk:          0 kB
Percpu:           132864 kB
HardwareCorrupted:     0 kB
AnonHugePages:         0 kB
ShmemHugePages:        0 kB
ShmemPmdMapped:        0 kB
FileHugePages:         0 kB
FilePmdMapped:         0 kB
HugePages_Total:       0
HugePages_Free:        0
HugePages_Rsvd:        0
HugePages_Surp:        0
Hugepagesize:       2048 kB
Hugetlb:               0 kB
DirectMap4k:     2689856 kB
DirectMap2M:     5285888 kB
DirectMap1G:    58720256 kB

