MemTotal:       65439348 kB
MemFree:        63894184 kB
MemAvailable:   63895100 kB
Buffers:           45304 kB
Cached:           528812 kB
SwapCached:            0 kB
Active:           152332 kB
Inactive:         521648 kB
Active(anon):       3256 kB
Inactive(anon):   112128 kB
Active(file):     149076 kB
Inactive(file):   409520 kB
Unevictable:       19496 kB
Mlocked:           19496 kB
SwapTotal:       1996796 kB
SwapFree:        1996796 kB
Dirty:               680 kB
Writeback:             0 kB
AnonPages:        119976 kB
Mapped:           122036 kB
Shmem:              6388 kB
KReclaimable:      77260 kB
Slab:             306292 kB
SReclaimable:      77260 kB
SUnreclaim:       229032 kB
KernelStack:       10080 kB
PageTables:         2892 kB
NFS_Unstable:          0 kB
Bounce:                0 kB
WritebackTmp:          0 kB
CommitLimit:    34716468 kB
Committed_AS:     888576 kB
VmallocTotal:   34359738367 kB
VmallocUsed:       40724 kB
VmallocChunk:          0 kB
Percpu:           153792 kB
HardwareCorrupted:     0 kB
AnonHugePages:         0 kB
ShmemHugePages:        0 kB
ShmemPmdMapped:        0 kB
FileHugePages:         0 kB
FilePmdMapped:         0 kB
HugePages_Total:       0
HugePages_Free:        0
HugePages_Rsvd:        0
HugePages_Surp:        0
Hugepagesize:       2048 kB
Hugetlb:               0 kB
DirectMap4k:     2714432 kB
DirectMap2M:     5261312 kB
DirectMap1G:    58720256 kB

