MemTotal:       65439348 kB
MemFree:        63787628 kB
MemAvailable:   63859784 kB
Buffers:           53796 kB
Cached:           587536 kB
SwapCached:            0 kB
Active:           201076 kB
Inactive:         500924 kB
Active(anon):       3240 kB
Inactive(anon):    72904 kB
Active(file):     197836 kB
Inactive(file):   428020 kB
Unevictable:       19496 kB
Mlocked:           19496 kB
SwapTotal:       1996796 kB
SwapFree:        1996796 kB
Dirty:               716 kB
Writeback:             0 kB
AnonPages:         80240 kB
Mapped:            85784 kB
Shmem:              6376 kB
KReclaimable:      85224 kB
Slab:             319568 kB
SReclaimable:      85224 kB
SUnreclaim:       234344 kB
KernelStack:        9936 kB
PageTables:         2452 kB
NFS_Unstable:          0 kB
Bounce:                0 kB
WritebackTmp:          0 kB
CommitLimit:    34716468 kB
Committed_AS:     808036 kB
VmallocTotal:   34359738367 kB
VmallocUsed:       43212 kB
VmallocChunk:          0 kB
Percpu:           215808 kB
HardwareCorrupted:     0 kB
AnonHugePages:         0 kB
ShmemHugePages:        0 kB
ShmemPmdMapped:        0 kB
FileHugePages:         0 kB
FilePmdMapped:         0 kB
HugePages_Total:       0
HugePages_Free:        0
HugePages_Rsvd:        0
HugePages_Surp:        0
Hugepagesize:       2048 kB
Hugetlb:               0 kB
DirectMap4k:     2788160 kB
DirectMap2M:     5187584 kB
DirectMap1G:    58720256 kB

