MemTotal:       65439348 kB
MemFree:        63908172 kB
MemAvailable:   63919928 kB
Buffers:           46628 kB
Cached:           537720 kB
SwapCached:            0 kB
Active:           154936 kB
Inactive:         489888 kB
Active(anon):       3244 kB
Inactive(anon):    72712 kB
Active(file):     151692 kB
Inactive(file):   417176 kB
Unevictable:       19496 kB
Mlocked:           19496 kB
SwapTotal:       1996796 kB
SwapFree:        1996796 kB
Dirty:                76 kB
Writeback:             0 kB
AnonPages:         80084 kB
Mapped:            81772 kB
Shmem:              6376 kB
KReclaimable:      78396 kB
Slab:             307864 kB
SReclaimable:      78396 kB
SUnreclaim:       229468 kB
KernelStack:       10016 kB
PageTables:         2428 kB
NFS_Unstable:          0 kB
Bounce:                0 kB
WritebackTmp:          0 kB
CommitLimit:    34716468 kB
Committed_AS:     799588 kB
VmallocTotal:   34359738367 kB
VmallocUsed:       41148 kB
VmallocChunk:          0 kB
Percpu:           163392 kB
HardwareCorrupted:     0 kB
AnonHugePages:         0 kB
ShmemHugePages:        0 kB
ShmemPmdMapped:        0 kB
FileHugePages:         0 kB
FilePmdMapped:         0 kB
HugePages_Total:       0
HugePages_Free:        0
HugePages_Rsvd:        0
HugePages_Surp:        0
Hugepagesize:       2048 kB
Hugetlb:               0 kB
DirectMap4k:     2726720 kB
DirectMap2M:     5249024 kB
DirectMap1G:    58720256 kB

