MemTotal:       65439348 kB
MemFree:        63875132 kB
MemAvailable:   63903284 kB
Buffers:           48516 kB
Cached:           551284 kB
SwapCached:            0 kB
Active:           156820 kB
Inactive:         504144 kB
Active(anon):       3236 kB
Inactive(anon):    73404 kB
Active(file):     153584 kB
Inactive(file):   430740 kB
Unevictable:       19496 kB
Mlocked:           19496 kB
SwapTotal:       1996796 kB
SwapFree:        1996796 kB
Dirty:               736 kB
Writeback:             0 kB
AnonPages:         80688 kB
Mapped:            82828 kB
Shmem:              6376 kB
KReclaimable:      80280 kB
Slab:             312812 kB
SReclaimable:      80280 kB
SUnreclaim:       232532 kB
KernelStack:        9968 kB
PageTables:         2304 kB
NFS_Unstable:          0 kB
Bounce:                0 kB
WritebackTmp:          0 kB
CommitLimit:    34716468 kB
Committed_AS:     799200 kB
VmallocTotal:   34359738367 kB
VmallocUsed:       41632 kB
VmallocChunk:          0 kB
Percpu:           177984 kB
HardwareCorrupted:     0 kB
AnonHugePages:         0 kB
ShmemHugePages:        0 kB
ShmemPmdMapped:        0 kB
FileHugePages:         0 kB
FilePmdMapped:         0 kB
HugePages_Total:       0
HugePages_Free:        0
HugePages_Rsvd:        0
HugePages_Surp:        0
Hugepagesize:       2048 kB
Hugetlb:               0 kB
DirectMap4k:     2747200 kB
DirectMap2M:     5228544 kB
DirectMap1G:    58720256 kB

