MemTotal:       65439348 kB
MemFree:        63697260 kB
MemAvailable:   63811708 kB
Buffers:           59064 kB
Cached:           622232 kB
SwapCached:            0 kB
Active:           211972 kB
Inactive:         530116 kB
Active(anon):       3244 kB
Inactive(anon):    73032 kB
Active(file):     208728 kB
Inactive(file):   457084 kB
Unevictable:       19496 kB
Mlocked:           19496 kB
SwapTotal:       1996796 kB
SwapFree:        1996796 kB
Dirty:               680 kB
Writeback:             0 kB
AnonPages:         80404 kB
Mapped:            88476 kB
Shmem:              6376 kB
KReclaimable:      89896 kB
Slab:             329180 kB
SReclaimable:      89896 kB
SUnreclaim:       239284 kB
KernelStack:       10000 kB
PageTables:         2456 kB
NFS_Unstable:          0 kB
Bounce:                0 kB
WritebackTmp:          0 kB
CommitLimit:    34716468 kB
Committed_AS:     808044 kB
VmallocTotal:   34359738367 kB
VmallocUsed:       44824 kB
VmallocChunk:          0 kB
Percpu:           253824 kB
HardwareCorrupted:     0 kB
AnonHugePages:         0 kB
ShmemHugePages:        0 kB
ShmemPmdMapped:        0 kB
FileHugePages:         0 kB
FilePmdMapped:         0 kB
HugePages_Total:       0
HugePages_Free:        0
HugePages_Rsvd:        0
HugePages_Surp:        0
Hugepagesize:       2048 kB
Hugetlb:               0 kB
DirectMap4k:     2835264 kB
DirectMap2M:     5140480 kB
DirectMap1G:    58720256 kB

