MemTotal:       65439348 kB
MemFree:        63822168 kB
MemAvailable:   63875916 kB
Buffers:           51624 kB
Cached:           572284 kB
SwapCached:            0 kB
Active:           198932 kB
Inactive:         486556 kB
Active(anon):       3268 kB
Inactive(anon):    73792 kB
Active(file):     195664 kB
Inactive(file):   412764 kB
Unevictable:       19496 kB
Mlocked:           19496 kB
SwapTotal:       1996796 kB
SwapFree:        1996796 kB
Dirty:               960 kB
Writeback:             0 kB
AnonPages:         81192 kB
Mapped:            84808 kB
Shmem:              6376 kB
KReclaimable:      83260 kB
Slab:             316160 kB
SReclaimable:      83260 kB
SUnreclaim:       232900 kB
KernelStack:       10080 kB
PageTables:         2644 kB
NFS_Unstable:          0 kB
Bounce:                0 kB
WritebackTmp:          0 kB
CommitLimit:    34716468 kB
Committed_AS:     807652 kB
VmallocTotal:   34359738367 kB
VmallocUsed:       42776 kB
VmallocChunk:          0 kB
Percpu:           198912 kB
HardwareCorrupted:     0 kB
AnonHugePages:         0 kB
ShmemHugePages:        0 kB
ShmemPmdMapped:        0 kB
FileHugePages:         0 kB
FilePmdMapped:         0 kB
HugePages_Total:       0
HugePages_Free:        0
HugePages_Rsvd:        0
HugePages_Surp:        0
Hugepagesize:       2048 kB
Hugetlb:               0 kB
DirectMap4k:     2769728 kB
DirectMap2M:     5206016 kB
DirectMap1G:    58720256 kB

