MemTotal:       65439348 kB
MemFree:        64284208 kB
MemAvailable:   64006364 kB
Buffers:           36256 kB
Cached:           264408 kB
SwapCached:            0 kB
Active:           129032 kB
Inactive:         232716 kB
Active(anon):       3220 kB
Inactive(anon):    73388 kB
Active(file):     125812 kB
Inactive(file):   159328 kB
Unevictable:       19496 kB
Mlocked:           19496 kB
SwapTotal:       1996796 kB
SwapFree:        1996796 kB
Dirty:               616 kB
Writeback:             0 kB
AnonPages:         79808 kB
Mapped:            76544 kB
Shmem:              6376 kB
KReclaimable:      66652 kB
Slab:             288800 kB
SReclaimable:      66652 kB
SUnreclaim:       222148 kB
KernelStack:       10224 kB
PageTables:         2888 kB
NFS_Unstable:          0 kB
Bounce:                0 kB
WritebackTmp:          0 kB
CommitLimit:    34716468 kB
Committed_AS:     790352 kB
VmallocTotal:   34359738367 kB
VmallocUsed:       38484 kB
VmallocChunk:          0 kB
Percpu:            96576 kB
HardwareCorrupted:     0 kB
AnonHugePages:         0 kB
ShmemHugePages:        0 kB
ShmemPmdMapped:        0 kB
FileHugePages:         0 kB
FilePmdMapped:         0 kB
HugePages_Total:       0
HugePages_Free:        0
HugePages_Rsvd:        0
HugePages_Surp:        0
Hugepagesize:       2048 kB
Hugetlb:               0 kB
DirectMap4k:     2333504 kB
DirectMap2M:     5642240 kB
DirectMap1G:    58720256 kB

