MemTotal:       65439348 kB
MemFree:        64257840 kB
MemAvailable:   63995540 kB
Buffers:           38192 kB
Cached:           277208 kB
SwapCached:            0 kB
Active:           130992 kB
Inactive:         244428 kB
Active(anon):       3216 kB
Inactive(anon):    72304 kB
Active(file):     127776 kB
Inactive(file):   172124 kB
Unevictable:       19496 kB
Mlocked:           19496 kB
SwapTotal:       1996796 kB
SwapFree:        1996796 kB
Dirty:               764 kB
Writeback:             0 kB
AnonPages:         79640 kB
Mapped:            76876 kB
Shmem:              6376 kB
KReclaimable:      68220 kB
Slab:             292092 kB
SReclaimable:      68220 kB
SUnreclaim:       223872 kB
KernelStack:       10064 kB
PageTables:         2400 kB
NFS_Unstable:          0 kB
Bounce:                0 kB
WritebackTmp:          0 kB
CommitLimit:    34716468 kB
Committed_AS:     790612 kB
VmallocTotal:   34359738367 kB
VmallocUsed:       38532 kB
VmallocChunk:          0 kB
Percpu:           105024 kB
HardwareCorrupted:     0 kB
AnonHugePages:         0 kB
ShmemHugePages:        0 kB
ShmemPmdMapped:        0 kB
FileHugePages:         0 kB
FilePmdMapped:         0 kB
HugePages_Total:       0
HugePages_Free:        0
HugePages_Rsvd:        0
HugePages_Surp:        0
Hugepagesize:       2048 kB
Hugetlb:               0 kB
DirectMap4k:     2538304 kB
DirectMap2M:     5437440 kB
DirectMap1G:    58720256 kB

