MemTotal:       65439348 kB
MemFree:        64228436 kB
MemAvailable:   63980244 kB
Buffers:           39784 kB
Cached:           289048 kB
SwapCached:            0 kB
Active:           133512 kB
Inactive:         255844 kB
Active(anon):       3224 kB
Inactive(anon):    72776 kB
Active(file):     130288 kB
Inactive(file):   183068 kB
Unevictable:       19496 kB
Mlocked:           19496 kB
SwapTotal:       1996796 kB
SwapFree:        1996796 kB
Dirty:               724 kB
Writeback:             0 kB
AnonPages:         80136 kB
Mapped:            77900 kB
Shmem:              6376 kB
KReclaimable:      69528 kB
Slab:             293968 kB
SReclaimable:      69528 kB
SUnreclaim:       224440 kB
KernelStack:       10064 kB
PageTables:         2536 kB
NFS_Unstable:          0 kB
Bounce:                0 kB
WritebackTmp:          0 kB
CommitLimit:    34716468 kB
Committed_AS:     790364 kB
VmallocTotal:   34359738367 kB
VmallocUsed:       38968 kB
VmallocChunk:          0 kB
Percpu:           116928 kB
HardwareCorrupted:     0 kB
AnonHugePages:         0 kB
ShmemHugePages:        0 kB
ShmemPmdMapped:        0 kB
FileHugePages:         0 kB
FilePmdMapped:         0 kB
HugePages_Total:       0
HugePages_Free:        0
HugePages_Rsvd:        0
HugePages_Surp:        0
Hugepagesize:       2048 kB
Hugetlb:               0 kB
DirectMap4k:     2661184 kB
DirectMap2M:     5314560 kB
DirectMap1G:    58720256 kB

