MemTotal:       65439348 kB
MemFree:        63732244 kB
MemAvailable:   63827464 kB
Buffers:           56880 kB
Cached:           606272 kB
SwapCached:            0 kB
Active:           204848 kB
Inactive:         524156 kB
Active(anon):       3244 kB
Inactive(anon):    78088 kB
Active(file):     201604 kB
Inactive(file):   446068 kB
Unevictable:       19496 kB
Mlocked:           19496 kB
SwapTotal:       1996796 kB
SwapFree:        1996796 kB
Dirty:                28 kB
Writeback:             0 kB
AnonPages:         85452 kB
Mapped:            96652 kB
Shmem:              6380 kB
KReclaimable:      87720 kB
Slab:             324560 kB
SReclaimable:      87720 kB
SUnreclaim:       236840 kB
KernelStack:       10016 kB
PageTables:         2620 kB
NFS_Unstable:          0 kB
Bounce:                0 kB
WritebackTmp:          0 kB
CommitLimit:    34716468 kB
Committed_AS:     854424 kB
VmallocTotal:   34359738367 kB
VmallocUsed:       44524 kB
VmallocChunk:          0 kB
Percpu:           236352 kB
HardwareCorrupted:     0 kB
AnonHugePages:         0 kB
ShmemHugePages:        0 kB
ShmemPmdMapped:        0 kB
FileHugePages:         0 kB
FilePmdMapped:         0 kB
HugePages_Total:       0
HugePages_Free:        0
HugePages_Rsvd:        0
HugePages_Surp:        0
Hugepagesize:       2048 kB
Hugetlb:               0 kB
DirectMap4k:     2812736 kB
DirectMap2M:     5163008 kB
DirectMap1G:    58720256 kB

