MemTotal:       65439348 kB
MemFree:        63894164 kB
MemAvailable:   63912368 kB
Buffers:           47368 kB
Cached:           543100 kB
SwapCached:            0 kB
Active:           155664 kB
Inactive:         497244 kB
Active(anon):       3244 kB
Inactive(anon):    74688 kB
Active(file):     152420 kB
Inactive(file):   422556 kB
Unevictable:       19496 kB
Mlocked:           19496 kB
SwapTotal:       1996796 kB
SwapFree:        1996796 kB
Dirty:               596 kB
Writeback:             0 kB
AnonPages:         81472 kB
Mapped:            83220 kB
Shmem:              6376 kB
KReclaimable:      79080 kB
Slab:             308652 kB
SReclaimable:      79080 kB
SUnreclaim:       229572 kB
KernelStack:       10096 kB
PageTables:         2564 kB
NFS_Unstable:          0 kB
Bounce:                0 kB
WritebackTmp:          0 kB
CommitLimit:    34716468 kB
Committed_AS:     799200 kB
VmallocTotal:   34359738367 kB
VmallocUsed:       41196 kB
VmallocChunk:          0 kB
Percpu:           169536 kB
HardwareCorrupted:     0 kB
AnonHugePages:         0 kB
ShmemHugePages:        0 kB
ShmemPmdMapped:        0 kB
FileHugePages:         0 kB
FilePmdMapped:         0 kB
HugePages_Total:       0
HugePages_Free:        0
HugePages_Rsvd:        0
HugePages_Surp:        0
Hugepagesize:       2048 kB
Hugetlb:               0 kB
DirectMap4k:     2734912 kB
DirectMap2M:     5240832 kB
DirectMap1G:    58720256 kB

