MemTotal:       65439348 kB
MemFree:        63864556 kB
MemAvailable:   63899548 kB
Buffers:           49200 kB
Cached:           557100 kB
SwapCached:            0 kB
Active:           157672 kB
Inactive:         509256 kB
Active(anon):       3236 kB
Inactive(anon):    72868 kB
Active(file):     154436 kB
Inactive(file):   436388 kB
Unevictable:       19496 kB
Mlocked:           19496 kB
SwapTotal:       1996796 kB
SwapFree:        1996796 kB
Dirty:               608 kB
Writeback:             0 kB
AnonPages:         80212 kB
Mapped:            83320 kB
Shmem:              6376 kB
KReclaimable:      80960 kB
Slab:             312616 kB
SReclaimable:      80960 kB
SUnreclaim:       231656 kB
KernelStack:        9936 kB
PageTables:         2480 kB
NFS_Unstable:          0 kB
Bounce:                0 kB
WritebackTmp:          0 kB
CommitLimit:    34716468 kB
Committed_AS:     799204 kB
VmallocTotal:   34359738367 kB
VmallocUsed:       41584 kB
VmallocChunk:          0 kB
Percpu:           182784 kB
HardwareCorrupted:     0 kB
AnonHugePages:         0 kB
ShmemHugePages:        0 kB
ShmemPmdMapped:        0 kB
FileHugePages:         0 kB
FilePmdMapped:         0 kB
HugePages_Total:       0
HugePages_Free:        0
HugePages_Rsvd:        0
HugePages_Surp:        0
Hugepagesize:       2048 kB
Hugetlb:               0 kB
DirectMap4k:     2747200 kB
DirectMap2M:     5228544 kB
DirectMap1G:    58720256 kB

