MemTotal:       65439348 kB
MemFree:        63707160 kB
MemAvailable:   63816768 kB
Buffers:           58508 kB
Cached:           618276 kB
SwapCached:            0 kB
Active:           211376 kB
Inactive:         526196 kB
Active(anon):       3240 kB
Inactive(anon):    73068 kB
Active(file):     208136 kB
Inactive(file):   453128 kB
Unevictable:       19496 kB
Mlocked:           19496 kB
SwapTotal:       1996796 kB
SwapFree:        1996796 kB
Dirty:               796 kB
Writeback:             0 kB
AnonPages:         80316 kB
Mapped:            88416 kB
Shmem:              6376 kB
KReclaimable:      89312 kB
Slab:             328316 kB
SReclaimable:      89312 kB
SUnreclaim:       239004 kB
KernelStack:       10048 kB
PageTables:         2404 kB
NFS_Unstable:          0 kB
Bounce:                0 kB
WritebackTmp:          0 kB
CommitLimit:    34716468 kB
Committed_AS:     807648 kB
VmallocTotal:   34359738367 kB
VmallocUsed:       44888 kB
VmallocChunk:          0 kB
Percpu:           249024 kB
HardwareCorrupted:     0 kB
AnonHugePages:         0 kB
ShmemHugePages:        0 kB
ShmemPmdMapped:        0 kB
FileHugePages:         0 kB
FilePmdMapped:         0 kB
HugePages_Total:       0
HugePages_Free:        0
HugePages_Rsvd:        0
HugePages_Surp:        0
Hugepagesize:       2048 kB
Hugetlb:               0 kB
DirectMap4k:     2829120 kB
DirectMap2M:     5146624 kB
DirectMap1G:    58720256 kB

