MemTotal:       65439348 kB
MemFree:        64266908 kB
MemAvailable:   64001636 kB
Buffers:           37912 kB
Cached:           274604 kB
SwapCached:            0 kB
Active:           130724 kB
Inactive:         242220 kB
Active(anon):       3212 kB
Inactive(anon):    72704 kB
Active(file):     127512 kB
Inactive(file):   169516 kB
Unevictable:       19496 kB
Mlocked:           19496 kB
SwapTotal:       1996796 kB
SwapFree:        1996796 kB
Dirty:               160 kB
Writeback:             0 kB
AnonPages:         80000 kB
Mapped:            76272 kB
Shmem:              6376 kB
KReclaimable:      68020 kB
Slab:             292212 kB
SReclaimable:      68020 kB
SUnreclaim:       224192 kB
KernelStack:        9984 kB
PageTables:         2396 kB
NFS_Unstable:          0 kB
Bounce:                0 kB
WritebackTmp:          0 kB
CommitLimit:    34716468 kB
Committed_AS:     790744 kB
VmallocTotal:   34359738367 kB
VmallocUsed:       38372 kB
VmallocChunk:          0 kB
Percpu:           102528 kB
HardwareCorrupted:     0 kB
AnonHugePages:         0 kB
ShmemHugePages:        0 kB
ShmemPmdMapped:        0 kB
FileHugePages:         0 kB
FilePmdMapped:         0 kB
HugePages_Total:       0
HugePages_Free:        0
HugePages_Rsvd:        0
HugePages_Surp:        0
Hugepagesize:       2048 kB
Hugetlb:               0 kB
DirectMap4k:     2495296 kB
DirectMap2M:     5480448 kB
DirectMap1G:    58720256 kB

