MemTotal:       65439348 kB
MemFree:        64138168 kB
MemAvailable:   63937612 kB
Buffers:           44400 kB
Cached:           329824 kB
SwapCached:            0 kB
Active:           140144 kB
Inactive:         300068 kB
Active(anon):       3248 kB
Inactive(anon):    78232 kB
Active(file):     136896 kB
Inactive(file):   221836 kB
Unevictable:       19496 kB
Mlocked:           19496 kB
SwapTotal:       1996796 kB
SwapFree:        1996796 kB
Dirty:               660 kB
Writeback:             0 kB
AnonPages:         85588 kB
Mapped:            89520 kB
Shmem:              6380 kB
KReclaimable:      74044 kB
Slab:             302768 kB
SReclaimable:      74044 kB
SUnreclaim:       228724 kB
KernelStack:       10128 kB
PageTables:         2576 kB
NFS_Unstable:          0 kB
Bounce:                0 kB
WritebackTmp:          0 kB
CommitLimit:    34716468 kB
Committed_AS:     838260 kB
VmallocTotal:   34359738367 kB
VmallocUsed:       40732 kB
VmallocChunk:          0 kB
Percpu:           147264 kB
HardwareCorrupted:     0 kB
AnonHugePages:         0 kB
ShmemHugePages:        0 kB
ShmemPmdMapped:        0 kB
FileHugePages:         0 kB
FilePmdMapped:         0 kB
HugePages_Total:       0
HugePages_Free:        0
HugePages_Rsvd:        0
HugePages_Surp:        0
Hugepagesize:       2048 kB
Hugetlb:               0 kB
DirectMap4k:     2706240 kB
DirectMap2M:     5269504 kB
DirectMap1G:    58720256 kB

