MemTotal:       65439348 kB
MemFree:        63821068 kB
MemAvailable:   63877024 kB
Buffers:           51876 kB
Cached:           574112 kB
SwapCached:            0 kB
Active:           199156 kB
Inactive:         487532 kB
Active(anon):       3248 kB
Inactive(anon):    72936 kB
Active(file):     195908 kB
Inactive(file):   414596 kB
Unevictable:       19496 kB
Mlocked:           19496 kB
SwapTotal:       1996796 kB
SwapFree:        1996796 kB
Dirty:               160 kB
Writeback:             0 kB
AnonPages:         80316 kB
Mapped:            84452 kB
Shmem:              6376 kB
KReclaimable:      83528 kB
Slab:             316712 kB
SReclaimable:      83528 kB
SUnreclaim:       233184 kB
KernelStack:       10048 kB
PageTables:         2448 kB
NFS_Unstable:          0 kB
Bounce:                0 kB
WritebackTmp:          0 kB
CommitLimit:    34716468 kB
Committed_AS:     808040 kB
VmallocTotal:   34359738367 kB
VmallocUsed:       42808 kB
VmallocChunk:          0 kB
Percpu:           201408 kB
HardwareCorrupted:     0 kB
AnonHugePages:         0 kB
ShmemHugePages:        0 kB
ShmemPmdMapped:        0 kB
FileHugePages:         0 kB
FilePmdMapped:         0 kB
HugePages_Total:       0
HugePages_Free:        0
HugePages_Rsvd:        0
HugePages_Surp:        0
Hugepagesize:       2048 kB
Hugetlb:               0 kB
DirectMap4k:     2769728 kB
DirectMap2M:     5206016 kB
DirectMap1G:    58720256 kB

