MemTotal:       65439348 kB
MemFree:        64168788 kB
MemAvailable:   63953592 kB
Buffers:           42540 kB
Cached:           317912 kB
SwapCached:            0 kB
Active:           137972 kB
Inactive:         288436 kB
Active(anon):       3248 kB
Inactive(anon):    78188 kB
Active(file):     134724 kB
Inactive(file):   210248 kB
Unevictable:       19496 kB
Mlocked:           19496 kB
SwapTotal:       1996796 kB
SwapFree:        1996796 kB
Dirty:               712 kB
Writeback:             0 kB
AnonPages:         85552 kB
Mapped:            88552 kB
Shmem:              6380 kB
KReclaimable:      72288 kB
Slab:             299588 kB
SReclaimable:      72288 kB
SUnreclaim:       227300 kB
KernelStack:       10064 kB
PageTables:         2568 kB
NFS_Unstable:          0 kB
Bounce:                0 kB
WritebackTmp:          0 kB
CommitLimit:    34716468 kB
Committed_AS:     838004 kB
VmallocTotal:   34359738367 kB
VmallocUsed:       40296 kB
VmallocChunk:          0 kB
Percpu:           134016 kB
HardwareCorrupted:     0 kB
AnonHugePages:         0 kB
ShmemHugePages:        0 kB
ShmemPmdMapped:        0 kB
FileHugePages:         0 kB
FilePmdMapped:         0 kB
HugePages_Total:       0
HugePages_Free:        0
HugePages_Rsvd:        0
HugePages_Surp:        0
Hugepagesize:       2048 kB
Hugetlb:               0 kB
DirectMap4k:     2691904 kB
DirectMap2M:     5283840 kB
DirectMap1G:    58720256 kB

