MemTotal:       65439348 kB
MemFree:        63777540 kB
MemAvailable:   63852988 kB
Buffers:           54284 kB
Cached:           590108 kB
SwapCached:            0 kB
Active:           202248 kB
Inactive:         508004 kB
Active(anon):       3244 kB
Inactive(anon):    78100 kB
Active(file):     199004 kB
Inactive(file):   429904 kB
Unevictable:       19496 kB
Mlocked:           19496 kB
SwapTotal:       1996796 kB
SwapFree:        1996796 kB
Dirty:               332 kB
Writeback:             0 kB
AnonPages:         85412 kB
Mapped:            95384 kB
Shmem:              6380 kB
KReclaimable:      85700 kB
Slab:             320376 kB
SReclaimable:      85700 kB
SUnreclaim:       234676 kB
KernelStack:       10176 kB
PageTables:         2612 kB
NFS_Unstable:          0 kB
Bounce:                0 kB
WritebackTmp:          0 kB
CommitLimit:    34716468 kB
Committed_AS:     854424 kB
VmallocTotal:   34359738367 kB
VmallocUsed:       43540 kB
VmallocChunk:          0 kB
Percpu:           219072 kB
HardwareCorrupted:     0 kB
AnonHugePages:         0 kB
ShmemHugePages:        0 kB
ShmemPmdMapped:        0 kB
FileHugePages:         0 kB
FilePmdMapped:         0 kB
HugePages_Total:       0
HugePages_Free:        0
HugePages_Rsvd:        0
HugePages_Surp:        0
Hugepagesize:       2048 kB
Hugetlb:               0 kB
DirectMap4k:     2790208 kB
DirectMap2M:     5185536 kB
DirectMap1G:    58720256 kB

