MemTotal:       65439348 kB
MemFree:        63909460 kB
MemAvailable:   63920692 kB
Buffers:           46544 kB
Cached:           537308 kB
SwapCached:            0 kB
Active:           154860 kB
Inactive:         489748 kB
Active(anon):       3248 kB
Inactive(anon):    72984 kB
Active(file):     151612 kB
Inactive(file):   416764 kB
Unevictable:       19496 kB
Mlocked:           19496 kB
SwapTotal:       1996796 kB
SwapFree:        1996796 kB
Dirty:               720 kB
Writeback:             0 kB
AnonPages:         80280 kB
Mapped:            81836 kB
Shmem:              6376 kB
KReclaimable:      78336 kB
Slab:             308176 kB
SReclaimable:      78336 kB
SUnreclaim:       229840 kB
KernelStack:       10016 kB
PageTables:         2380 kB
NFS_Unstable:          0 kB
Bounce:                0 kB
WritebackTmp:          0 kB
CommitLimit:    34716468 kB
Committed_AS:     799204 kB
VmallocTotal:   34359738367 kB
VmallocUsed:       41212 kB
VmallocChunk:          0 kB
Percpu:           162816 kB
HardwareCorrupted:     0 kB
AnonHugePages:         0 kB
ShmemHugePages:        0 kB
ShmemPmdMapped:        0 kB
FileHugePages:         0 kB
FilePmdMapped:         0 kB
HugePages_Total:       0
HugePages_Free:        0
HugePages_Rsvd:        0
HugePages_Surp:        0
Hugepagesize:       2048 kB
Hugetlb:               0 kB
DirectMap4k:     2726720 kB
DirectMap2M:     5249024 kB
DirectMap1G:    58720256 kB

