MemTotal:       65439348 kB
MemFree:        63791508 kB
MemAvailable:   63861532 kB
Buffers:           53440 kB
Cached:           585828 kB
SwapCached:            0 kB
Active:           200708 kB
Inactive:         500164 kB
Active(anon):       3236 kB
Inactive(anon):    73856 kB
Active(file):     197472 kB
Inactive(file):   426308 kB
Unevictable:       19496 kB
Mlocked:           19496 kB
SwapTotal:       1996796 kB
SwapFree:        1996796 kB
Dirty:               404 kB
Writeback:             0 kB
AnonPages:         80688 kB
Mapped:            85332 kB
Shmem:              6376 kB
KReclaimable:      85108 kB
Slab:             319592 kB
SReclaimable:      85108 kB
SUnreclaim:       234484 kB
KernelStack:       10128 kB
PageTables:         2252 kB
NFS_Unstable:          0 kB
Bounce:                0 kB
WritebackTmp:          0 kB
CommitLimit:    34716468 kB
Committed_AS:     807648 kB
VmallocTotal:   34359738367 kB
VmallocUsed:       43260 kB
VmallocChunk:          0 kB
Percpu:           214080 kB
HardwareCorrupted:     0 kB
AnonHugePages:         0 kB
ShmemHugePages:        0 kB
ShmemPmdMapped:        0 kB
FileHugePages:         0 kB
FilePmdMapped:         0 kB
HugePages_Total:       0
HugePages_Free:        0
HugePages_Rsvd:        0
HugePages_Surp:        0
Hugepagesize:       2048 kB
Hugetlb:               0 kB
DirectMap4k:     2786112 kB
DirectMap2M:     5189632 kB
DirectMap1G:    58720256 kB

