MemTotal:       65439348 kB
MemFree:        63735760 kB
MemAvailable:   63828888 kB
Buffers:           56556 kB
Cached:           604608 kB
SwapCached:            0 kB
Active:           204528 kB
Inactive:         523572 kB
Active(anon):       3252 kB
Inactive(anon):    79176 kB
Active(file):     201276 kB
Inactive(file):   444396 kB
Unevictable:       19496 kB
Mlocked:           19496 kB
SwapTotal:       1996796 kB
SwapFree:        1996796 kB
Dirty:               772 kB
Writeback:             0 kB
AnonPages:         86700 kB
Mapped:            96672 kB
Shmem:              6384 kB
KReclaimable:      87532 kB
Slab:             324992 kB
SReclaimable:      87532 kB
SUnreclaim:       237460 kB
KernelStack:       10256 kB
PageTables:         2956 kB
NFS_Unstable:          0 kB
Bounce:                0 kB
WritebackTmp:          0 kB
CommitLimit:    34716468 kB
Committed_AS:     854432 kB
VmallocTotal:   34359738367 kB
VmallocUsed:       44104 kB
VmallocChunk:          0 kB
Percpu:           234624 kB
HardwareCorrupted:     0 kB
AnonHugePages:         0 kB
ShmemHugePages:        0 kB
ShmemPmdMapped:        0 kB
FileHugePages:         0 kB
FilePmdMapped:         0 kB
HugePages_Total:       0
HugePages_Free:        0
HugePages_Rsvd:        0
HugePages_Surp:        0
Hugepagesize:       2048 kB
Hugetlb:               0 kB
DirectMap4k:     2812736 kB
DirectMap2M:     5163008 kB
DirectMap1G:    58720256 kB

