MemTotal:       65439348 kB
MemFree:        64176636 kB
MemAvailable:   63957112 kB
Buffers:           42056 kB
Cached:           314316 kB
SwapCached:            0 kB
Active:           137492 kB
Inactive:         285516 kB
Active(anon):       3248 kB
Inactive(anon):    78864 kB
Active(file):     134244 kB
Inactive(file):   206652 kB
Unevictable:       19496 kB
Mlocked:           19496 kB
SwapTotal:       1996796 kB
SwapFree:        1996796 kB
Dirty:               716 kB
Writeback:             0 kB
AnonPages:         86236 kB
Mapped:            88584 kB
Shmem:              6376 kB
KReclaimable:      71784 kB
Slab:             297680 kB
SReclaimable:      71784 kB
SUnreclaim:       225896 kB
KernelStack:       10192 kB
PageTables:         2316 kB
NFS_Unstable:          0 kB
Bounce:                0 kB
WritebackTmp:          0 kB
CommitLimit:    34716468 kB
Committed_AS:     837616 kB
VmallocTotal:   34359738367 kB
VmallocUsed:       39796 kB
VmallocChunk:          0 kB
Percpu:           130368 kB
HardwareCorrupted:     0 kB
AnonHugePages:         0 kB
ShmemHugePages:        0 kB
ShmemPmdMapped:        0 kB
FileHugePages:         0 kB
FilePmdMapped:         0 kB
HugePages_Total:       0
HugePages_Free:        0
HugePages_Rsvd:        0
HugePages_Surp:        0
Hugepagesize:       2048 kB
Hugetlb:               0 kB
DirectMap4k:     2681664 kB
DirectMap2M:     5294080 kB
DirectMap1G:    58720256 kB

