MemTotal:       65439348 kB
MemFree:        63894676 kB
MemAvailable:   63894552 kB
Buffers:           45176 kB
Cached:           527936 kB
SwapCached:            0 kB
Active:           152224 kB
Inactive:         520056 kB
Active(anon):       3260 kB
Inactive(anon):   111416 kB
Active(file):     148964 kB
Inactive(file):   408640 kB
Unevictable:       19496 kB
Mlocked:           19496 kB
SwapTotal:       1996796 kB
SwapFree:        1996796 kB
Dirty:               744 kB
Writeback:             0 kB
AnonPages:        118780 kB
Mapped:           121836 kB
Shmem:              6384 kB
KReclaimable:      77164 kB
Slab:             306824 kB
SReclaimable:      77164 kB
SUnreclaim:       229660 kB
KernelStack:       10208 kB
PageTables:         2940 kB
NFS_Unstable:          0 kB
Bounce:                0 kB
WritebackTmp:          0 kB
CommitLimit:    34716468 kB
Committed_AS:     888960 kB
VmallocTotal:   34359738367 kB
VmallocUsed:       40772 kB
VmallocChunk:          0 kB
Percpu:           152640 kB
HardwareCorrupted:     0 kB
AnonHugePages:         0 kB
ShmemHugePages:        0 kB
ShmemPmdMapped:        0 kB
FileHugePages:         0 kB
FilePmdMapped:         0 kB
HugePages_Total:       0
HugePages_Free:        0
HugePages_Rsvd:        0
HugePages_Surp:        0
Hugepagesize:       2048 kB
Hugetlb:               0 kB
DirectMap4k:     2712384 kB
DirectMap2M:     5263360 kB
DirectMap1G:    58720256 kB

