MemTotal:       65439348 kB
MemFree:        63782528 kB
MemAvailable:   63856388 kB
Buffers:           54116 kB
Cached:           588836 kB
SwapCached:            0 kB
Active:           201384 kB
Inactive:         502184 kB
Active(anon):       3240 kB
Inactive(anon):    72868 kB
Active(file):     198144 kB
Inactive(file):   429316 kB
Unevictable:       19496 kB
Mlocked:           19496 kB
SwapTotal:       1996796 kB
SwapFree:        1996796 kB
Dirty:                 0 kB
Writeback:             0 kB
AnonPages:         80176 kB
Mapped:            85808 kB
Shmem:              6376 kB
KReclaimable:      85420 kB
Slab:             319692 kB
SReclaimable:      85420 kB
SUnreclaim:       234272 kB
KernelStack:        9920 kB
PageTables:         2448 kB
NFS_Unstable:          0 kB
Bounce:                0 kB
WritebackTmp:          0 kB
CommitLimit:    34716468 kB
Committed_AS:     808036 kB
VmallocTotal:   34359738367 kB
VmallocUsed:       43132 kB
VmallocChunk:          0 kB
Percpu:           217728 kB
HardwareCorrupted:     0 kB
AnonHugePages:         0 kB
ShmemHugePages:        0 kB
ShmemPmdMapped:        0 kB
FileHugePages:         0 kB
FilePmdMapped:         0 kB
HugePages_Total:       0
HugePages_Free:        0
HugePages_Rsvd:        0
HugePages_Surp:        0
Hugepagesize:       2048 kB
Hugetlb:               0 kB
DirectMap4k:     2790208 kB
DirectMap2M:     5185536 kB
DirectMap1G:    58720256 kB

