MemTotal:       65439348 kB
MemFree:        64226632 kB
MemAvailable:   63978156 kB
Buffers:           39740 kB
Cached:           288820 kB
SwapCached:            0 kB
Active:           133460 kB
Inactive:         256984 kB
Active(anon):       3216 kB
Inactive(anon):    74148 kB
Active(file):     130244 kB
Inactive(file):   182836 kB
Unevictable:       19496 kB
Mlocked:           19496 kB
SwapTotal:       1996796 kB
SwapFree:        1996796 kB
Dirty:               876 kB
Writeback:             0 kB
AnonPages:         81372 kB
Mapped:            77608 kB
Shmem:              6380 kB
KReclaimable:      69508 kB
Slab:             293868 kB
SReclaimable:      69508 kB
SUnreclaim:       224360 kB
KernelStack:       10032 kB
PageTables:         2100 kB
NFS_Unstable:          0 kB
Bounce:                0 kB
WritebackTmp:          0 kB
CommitLimit:    34716468 kB
Committed_AS:     790360 kB
VmallocTotal:   34359738367 kB
VmallocUsed:       39016 kB
VmallocChunk:          0 kB
Percpu:           116928 kB
HardwareCorrupted:     0 kB
AnonHugePages:         0 kB
ShmemHugePages:        0 kB
ShmemPmdMapped:        0 kB
FileHugePages:         0 kB
FilePmdMapped:         0 kB
HugePages_Total:       0
HugePages_Free:        0
HugePages_Rsvd:        0
HugePages_Surp:        0
Hugepagesize:       2048 kB
Hugetlb:               0 kB
DirectMap4k:     2661184 kB
DirectMap2M:     5314560 kB
DirectMap1G:    58720256 kB

