MemTotal:       65439348 kB
MemFree:        64269576 kB
MemAvailable:   64000872 kB
Buffers:           37448 kB
Cached:           271768 kB
SwapCached:            0 kB
Active:           130264 kB
Inactive:         239076 kB
Active(anon):       3216 kB
Inactive(anon):    72388 kB
Active(file):     127048 kB
Inactive(file):   166688 kB
Unevictable:       19496 kB
Mlocked:           19496 kB
SwapTotal:       1996796 kB
SwapFree:        1996796 kB
Dirty:                 0 kB
Writeback:             0 kB
AnonPages:         79692 kB
Mapped:            76064 kB
Shmem:              6376 kB
KReclaimable:      67740 kB
Slab:             290396 kB
SReclaimable:      67740 kB
SUnreclaim:       222656 kB
KernelStack:        9888 kB
PageTables:         2392 kB
NFS_Unstable:          0 kB
Bounce:                0 kB
WritebackTmp:          0 kB
CommitLimit:    34716468 kB
Committed_AS:     790612 kB
VmallocTotal:   34359738367 kB
VmallocUsed:       38388 kB
VmallocChunk:          0 kB
Percpu:            99456 kB
HardwareCorrupted:     0 kB
AnonHugePages:         0 kB
ShmemHugePages:        0 kB
ShmemPmdMapped:        0 kB
FileHugePages:         0 kB
FilePmdMapped:         0 kB
HugePages_Total:       0
HugePages_Free:        0
HugePages_Rsvd:        0
HugePages_Surp:        0
Hugepagesize:       2048 kB
Hugetlb:               0 kB
DirectMap4k:     2454336 kB
DirectMap2M:     5521408 kB
DirectMap1G:    58720256 kB

