MemTotal:       65439348 kB
MemFree:        63865284 kB
MemAvailable:   63900020 kB
Buffers:           49152 kB
Cached:           556924 kB
SwapCached:            0 kB
Active:           157604 kB
Inactive:         508920 kB
Active(anon):       3240 kB
Inactive(anon):    72712 kB
Active(file):     154364 kB
Inactive(file):   436208 kB
Unevictable:       19496 kB
Mlocked:           19496 kB
SwapTotal:       1996796 kB
SwapFree:        1996796 kB
Dirty:                 0 kB
Writeback:             0 kB
AnonPages:         80020 kB
Mapped:            83156 kB
Shmem:              6376 kB
KReclaimable:      80952 kB
Slab:             312120 kB
SReclaimable:      80952 kB
SUnreclaim:       231168 kB
KernelStack:        9984 kB
PageTables:         2432 kB
NFS_Unstable:          0 kB
Bounce:                0 kB
WritebackTmp:          0 kB
CommitLimit:    34716468 kB
Committed_AS:     799588 kB
VmallocTotal:   34359738367 kB
VmallocUsed:       41680 kB
VmallocChunk:          0 kB
Percpu:           182208 kB
HardwareCorrupted:     0 kB
AnonHugePages:         0 kB
ShmemHugePages:        0 kB
ShmemPmdMapped:        0 kB
FileHugePages:         0 kB
FilePmdMapped:         0 kB
HugePages_Total:       0
HugePages_Free:        0
HugePages_Rsvd:        0
HugePages_Surp:        0
Hugepagesize:       2048 kB
Hugetlb:               0 kB
DirectMap4k:     2747200 kB
DirectMap2M:     5228544 kB
DirectMap1G:    58720256 kB

