MemTotal:       65439348 kB
MemFree:        64238068 kB
MemAvailable:   63986676 kB
Buffers:           39388 kB
Cached:           286384 kB
SwapCached:            0 kB
Active:           133116 kB
Inactive:         253476 kB
Active(anon):       3224 kB
Inactive(anon):    73072 kB
Active(file):     129892 kB
Inactive(file):   180404 kB
Unevictable:       19496 kB
Mlocked:           19496 kB
SwapTotal:       1996796 kB
SwapFree:        1996796 kB
Dirty:               736 kB
Writeback:             0 kB
AnonPages:         80748 kB
Mapped:            77580 kB
Shmem:              6376 kB
KReclaimable:      69248 kB
Slab:             293540 kB
SReclaimable:      69248 kB
SUnreclaim:       224292 kB
KernelStack:       10048 kB
PageTables:         2352 kB
NFS_Unstable:          0 kB
Bounce:                0 kB
WritebackTmp:          0 kB
CommitLimit:    34716468 kB
Committed_AS:     790360 kB
VmallocTotal:   34359738367 kB
VmallocUsed:       39032 kB
VmallocChunk:          0 kB
Percpu:           114048 kB
HardwareCorrupted:     0 kB
AnonHugePages:         0 kB
ShmemHugePages:        0 kB
ShmemPmdMapped:        0 kB
FileHugePages:         0 kB
FilePmdMapped:         0 kB
HugePages_Total:       0
HugePages_Free:        0
HugePages_Rsvd:        0
HugePages_Surp:        0
Hugepagesize:       2048 kB
Hugetlb:               0 kB
DirectMap4k:     2659136 kB
DirectMap2M:     5316608 kB
DirectMap1G:    58720256 kB

