MemTotal:       65439348 kB
MemFree:        63928592 kB
MemAvailable:   63931536 kB
Buffers:           45556 kB
Cached:           530456 kB
SwapCached:            0 kB
Active:           153864 kB
Inactive:         484704 kB
Active(anon):       3240 kB
Inactive(anon):    74792 kB
Active(file):     150624 kB
Inactive(file):   409912 kB
Unevictable:       19496 kB
Mlocked:           19496 kB
SwapTotal:       1996796 kB
SwapFree:        1996796 kB
Dirty:               568 kB
Writeback:             0 kB
AnonPages:         82116 kB
Mapped:            82444 kB
Shmem:              6376 kB
KReclaimable:      77436 kB
Slab:             307272 kB
SReclaimable:      77436 kB
SUnreclaim:       229836 kB
KernelStack:       10048 kB
PageTables:         2696 kB
NFS_Unstable:          0 kB
Bounce:                0 kB
WritebackTmp:          0 kB
CommitLimit:    34716468 kB
Committed_AS:     799204 kB
VmallocTotal:   34359738367 kB
VmallocUsed:       40708 kB
VmallocChunk:          0 kB
Percpu:           155712 kB
HardwareCorrupted:     0 kB
AnonHugePages:         0 kB
ShmemHugePages:        0 kB
ShmemPmdMapped:        0 kB
FileHugePages:         0 kB
FilePmdMapped:         0 kB
HugePages_Total:       0
HugePages_Free:        0
HugePages_Rsvd:        0
HugePages_Surp:        0
Hugepagesize:       2048 kB
Hugetlb:               0 kB
DirectMap4k:     2716480 kB
DirectMap2M:     5259264 kB
DirectMap1G:    58720256 kB

