MemTotal:       65439348 kB
MemFree:        64181056 kB
MemAvailable:   63958976 kB
Buffers:           41744 kB
Cached:           312204 kB
SwapCached:            0 kB
Active:           137172 kB
Inactive:         283856 kB
Active(anon):       3240 kB
Inactive(anon):    79324 kB
Active(file):     133932 kB
Inactive(file):   204532 kB
Unevictable:       19496 kB
Mlocked:           19496 kB
SwapTotal:       1996796 kB
SwapFree:        1996796 kB
Dirty:               624 kB
Writeback:             0 kB
AnonPages:         86644 kB
Mapped:            88224 kB
Shmem:              6380 kB
KReclaimable:      71532 kB
Slab:             297232 kB
SReclaimable:      71532 kB
SUnreclaim:       225700 kB
KernelStack:       10176 kB
PageTables:         2628 kB
NFS_Unstable:          0 kB
Bounce:                0 kB
WritebackTmp:          0 kB
CommitLimit:    34716468 kB
Committed_AS:     837616 kB
VmallocTotal:   34359738367 kB
VmallocUsed:       39684 kB
VmallocChunk:          0 kB
Percpu:           128064 kB
HardwareCorrupted:     0 kB
AnonHugePages:         0 kB
ShmemHugePages:        0 kB
ShmemPmdMapped:        0 kB
FileHugePages:         0 kB
FilePmdMapped:         0 kB
HugePages_Total:       0
HugePages_Free:        0
HugePages_Rsvd:        0
HugePages_Surp:        0
Hugepagesize:       2048 kB
Hugetlb:               0 kB
DirectMap4k:     2675520 kB
DirectMap2M:     5300224 kB
DirectMap1G:    58720256 kB

