MemTotal:       65439348 kB
MemFree:        63745460 kB
MemAvailable:   63833344 kB
Buffers:           55936 kB
Cached:           600296 kB
SwapCached:            0 kB
Active:           203900 kB
Inactive:         519512 kB
Active(anon):       3252 kB
Inactive(anon):    79420 kB
Active(file):     200648 kB
Inactive(file):   440092 kB
Unevictable:       19496 kB
Mlocked:           19496 kB
SwapTotal:       1996796 kB
SwapFree:        1996796 kB
Dirty:               892 kB
Writeback:             0 kB
AnonPages:         86856 kB
Mapped:            96944 kB
Shmem:              6376 kB
KReclaimable:      86912 kB
Slab:             323764 kB
SReclaimable:      86912 kB
SUnreclaim:       236852 kB
KernelStack:       10256 kB
PageTables:         3024 kB
NFS_Unstable:          0 kB
Bounce:                0 kB
WritebackTmp:          0 kB
CommitLimit:    34716468 kB
Committed_AS:     854040 kB
VmallocTotal:   34359738367 kB
VmallocUsed:       44056 kB
VmallocChunk:          0 kB
Percpu:           229824 kB
HardwareCorrupted:     0 kB
AnonHugePages:         0 kB
ShmemHugePages:        0 kB
ShmemPmdMapped:        0 kB
FileHugePages:         0 kB
FilePmdMapped:         0 kB
HugePages_Total:       0
HugePages_Free:        0
HugePages_Rsvd:        0
HugePages_Surp:        0
Hugepagesize:       2048 kB
Hugetlb:               0 kB
DirectMap4k:     2806592 kB
DirectMap2M:     5169152 kB
DirectMap1G:    58720256 kB

