MemTotal:       65439348 kB
MemFree:        64287928 kB
MemAvailable:   64007756 kB
Buffers:           35968 kB
Cached:           262460 kB
SwapCached:            0 kB
Active:           128764 kB
Inactive:         229700 kB
Active(anon):       3216 kB
Inactive(anon):    72312 kB
Active(file):     125548 kB
Inactive(file):   157388 kB
Unevictable:       19496 kB
Mlocked:           19496 kB
SwapTotal:       1996796 kB
SwapFree:        1996796 kB
Dirty:               252 kB
Writeback:             0 kB
AnonPages:         79696 kB
Mapped:            75280 kB
Shmem:              6376 kB
KReclaimable:      66404 kB
Slab:             288420 kB
SReclaimable:      66404 kB
SUnreclaim:       222016 kB
KernelStack:       10048 kB
PageTables:         2396 kB
NFS_Unstable:          0 kB
Bounce:                0 kB
WritebackTmp:          0 kB
CommitLimit:    34716468 kB
Committed_AS:     790616 kB
VmallocTotal:   34359738367 kB
VmallocUsed:       38564 kB
VmallocChunk:          0 kB
Percpu:            96576 kB
HardwareCorrupted:     0 kB
AnonHugePages:         0 kB
ShmemHugePages:        0 kB
ShmemPmdMapped:        0 kB
FileHugePages:         0 kB
FilePmdMapped:         0 kB
HugePages_Total:       0
HugePages_Free:        0
HugePages_Rsvd:        0
HugePages_Surp:        0
Hugepagesize:       2048 kB
Hugetlb:               0 kB
DirectMap4k:     2302784 kB
DirectMap2M:     5672960 kB
DirectMap1G:    58720256 kB

