MemTotal:       65439348 kB
MemFree:        63905372 kB
MemAvailable:   63919900 kB
Buffers:           46968 kB
Cached:           540028 kB
SwapCached:            0 kB
Active:           155256 kB
Inactive:         493028 kB
Active(anon):       3236 kB
Inactive(anon):    73536 kB
Active(file):     152020 kB
Inactive(file):   419492 kB
Unevictable:       19496 kB
Mlocked:           19496 kB
SwapTotal:       1996796 kB
SwapFree:        1996796 kB
Dirty:               468 kB
Writeback:             0 kB
AnonPages:         80780 kB
Mapped:            82016 kB
Shmem:              6376 kB
KReclaimable:      78652 kB
Slab:             309308 kB
SReclaimable:      78652 kB
SUnreclaim:       230656 kB
KernelStack:       10048 kB
PageTables:         1976 kB
NFS_Unstable:          0 kB
Bounce:                0 kB
WritebackTmp:          0 kB
CommitLimit:    34716468 kB
Committed_AS:     799592 kB
VmallocTotal:   34359738367 kB
VmallocUsed:       41084 kB
VmallocChunk:          0 kB
Percpu:           165888 kB
HardwareCorrupted:     0 kB
AnonHugePages:         0 kB
ShmemHugePages:        0 kB
ShmemPmdMapped:        0 kB
FileHugePages:         0 kB
FilePmdMapped:         0 kB
HugePages_Total:       0
HugePages_Free:        0
HugePages_Rsvd:        0
HugePages_Surp:        0
Hugepagesize:       2048 kB
Hugetlb:               0 kB
DirectMap4k:     2730816 kB
DirectMap2M:     5244928 kB
DirectMap1G:    58720256 kB

