MemTotal:       65439348 kB
MemFree:        63740056 kB
MemAvailable:   63830636 kB
Buffers:           56260 kB
Cached:           602472 kB
SwapCached:            0 kB
Active:           204196 kB
Inactive:         520640 kB
Active(anon):       3248 kB
Inactive(anon):    78360 kB
Active(file):     200948 kB
Inactive(file):   442280 kB
Unevictable:       19496 kB
Mlocked:           19496 kB
SwapTotal:       1996796 kB
SwapFree:        1996796 kB
Dirty:               296 kB
Writeback:             0 kB
AnonPages:         85740 kB
Mapped:            96476 kB
Shmem:              6380 kB
KReclaimable:      87324 kB
Slab:             324312 kB
SReclaimable:      87324 kB
SUnreclaim:       236988 kB
KernelStack:       10176 kB
PageTables:         2672 kB
NFS_Unstable:          0 kB
Bounce:                0 kB
WritebackTmp:          0 kB
CommitLimit:    34716468 kB
Committed_AS:     854424 kB
VmallocTotal:   34359738367 kB
VmallocUsed:       44040 kB
VmallocChunk:          0 kB
Percpu:           232320 kB
HardwareCorrupted:     0 kB
AnonHugePages:         0 kB
ShmemHugePages:        0 kB
ShmemPmdMapped:        0 kB
FileHugePages:         0 kB
FilePmdMapped:         0 kB
HugePages_Total:       0
HugePages_Free:        0
HugePages_Rsvd:        0
HugePages_Surp:        0
Hugepagesize:       2048 kB
Hugetlb:               0 kB
DirectMap4k:     2810688 kB
DirectMap2M:     5165056 kB
DirectMap1G:    58720256 kB

