MemTotal:       65439348 kB
MemFree:        63911272 kB
MemAvailable:   63921144 kB
Buffers:           46360 kB
Cached:           536192 kB
SwapCached:            0 kB
Active:           154656 kB
Inactive:         488324 kB
Active(anon):       3244 kB
Inactive(anon):    72672 kB
Active(file):     151412 kB
Inactive(file):   415652 kB
Unevictable:       19496 kB
Mlocked:           19496 kB
SwapTotal:       1996796 kB
SwapFree:        1996796 kB
Dirty:               160 kB
Writeback:             0 kB
AnonPages:         80024 kB
Mapped:            81616 kB
Shmem:              6376 kB
KReclaimable:      78240 kB
Slab:             308060 kB
SReclaimable:      78240 kB
SUnreclaim:       229820 kB
KernelStack:       10064 kB
PageTables:         2428 kB
NFS_Unstable:          0 kB
Bounce:                0 kB
WritebackTmp:          0 kB
CommitLimit:    34716468 kB
Committed_AS:     799592 kB
VmallocTotal:   34359738367 kB
VmallocUsed:       41180 kB
VmallocChunk:          0 kB
Percpu:           161664 kB
HardwareCorrupted:     0 kB
AnonHugePages:         0 kB
ShmemHugePages:        0 kB
ShmemPmdMapped:        0 kB
FileHugePages:         0 kB
FilePmdMapped:         0 kB
HugePages_Total:       0
HugePages_Free:        0
HugePages_Rsvd:        0
HugePages_Surp:        0
Hugepagesize:       2048 kB
Hugetlb:               0 kB
DirectMap4k:     2726720 kB
DirectMap2M:     5249024 kB
DirectMap1G:    58720256 kB

