MemTotal:       65439348 kB
MemFree:        64318076 kB
MemAvailable:   64014944 kB
Buffers:           31280 kB
Cached:           248368 kB
SwapCached:            0 kB
Active:           122432 kB
Inactive:         217264 kB
Active(anon):       3216 kB
Inactive(anon):    72316 kB
Active(file):     119216 kB
Inactive(file):   144948 kB
Unevictable:       19496 kB
Mlocked:           19496 kB
SwapTotal:       1996796 kB
SwapFree:        1996796 kB
Dirty:               160 kB
Writeback:             0 kB
AnonPages:         79664 kB
Mapped:            74452 kB
Shmem:              6376 kB
KReclaimable:      56312 kB
Slab:             276336 kB
SReclaimable:      56312 kB
SUnreclaim:       220024 kB
KernelStack:       10000 kB
PageTables:         2388 kB
NFS_Unstable:          0 kB
Bounce:                0 kB
WritebackTmp:          0 kB
CommitLimit:    34716468 kB
Committed_AS:     790356 kB
VmallocTotal:   34359738367 kB
VmallocUsed:       38404 kB
VmallocChunk:          0 kB
Percpu:            96576 kB
HardwareCorrupted:     0 kB
AnonHugePages:         0 kB
ShmemHugePages:        0 kB
ShmemPmdMapped:        0 kB
FileHugePages:         0 kB
FilePmdMapped:         0 kB
HugePages_Total:       0
HugePages_Free:        0
HugePages_Rsvd:        0
HugePages_Surp:        0
Hugepagesize:       2048 kB
Hugetlb:               0 kB
DirectMap4k:     2116416 kB
DirectMap2M:     5859328 kB
DirectMap1G:    58720256 kB

