MemTotal:       65439348 kB
MemFree:        64148304 kB
MemAvailable:   63942876 kB
Buffers:           43808 kB
Cached:           325820 kB
SwapCached:            0 kB
Active:           139556 kB
Inactive:         296116 kB
Active(anon):       3248 kB
Inactive(anon):    78284 kB
Active(file):     136308 kB
Inactive(file):   217832 kB
Unevictable:       19496 kB
Mlocked:           19496 kB
SwapTotal:       1996796 kB
SwapFree:        1996796 kB
Dirty:               684 kB
Writeback:             0 kB
AnonPages:         85636 kB
Mapped:            89168 kB
Shmem:              6380 kB
KReclaimable:      73484 kB
Slab:             301760 kB
SReclaimable:      73484 kB
SUnreclaim:       228276 kB
KernelStack:       10096 kB
PageTables:         2576 kB
NFS_Unstable:          0 kB
Bounce:                0 kB
WritebackTmp:          0 kB
CommitLimit:    34716468 kB
Committed_AS:     838260 kB
VmallocTotal:   34359738367 kB
VmallocUsed:       40232 kB
VmallocChunk:          0 kB
Percpu:           142464 kB
HardwareCorrupted:     0 kB
AnonHugePages:         0 kB
ShmemHugePages:        0 kB
ShmemPmdMapped:        0 kB
FileHugePages:         0 kB
FilePmdMapped:         0 kB
HugePages_Total:       0
HugePages_Free:        0
HugePages_Rsvd:        0
HugePages_Surp:        0
Hugepagesize:       2048 kB
Hugetlb:               0 kB
DirectMap4k:     2702144 kB
DirectMap2M:     5273600 kB
DirectMap1G:    58720256 kB

