MemTotal:       65439348 kB
MemFree:        63767104 kB
MemAvailable:   63845300 kB
Buffers:           54596 kB
Cached:           592412 kB
SwapCached:            0 kB
Active:           202576 kB
Inactive:         511092 kB
Active(anon):       3252 kB
Inactive(anon):    78888 kB
Active(file):     199324 kB
Inactive(file):   432204 kB
Unevictable:       19496 kB
Mlocked:           19496 kB
SwapTotal:       1996796 kB
SwapFree:        1996796 kB
Dirty:               768 kB
Writeback:             0 kB
AnonPages:         86612 kB
Mapped:            95660 kB
Shmem:              6380 kB
KReclaimable:      85956 kB
Slab:             322444 kB
SReclaimable:      85956 kB
SUnreclaim:       236488 kB
KernelStack:       10192 kB
PageTables:         2436 kB
NFS_Unstable:          0 kB
Bounce:                0 kB
WritebackTmp:          0 kB
CommitLimit:    34716468 kB
Committed_AS:     854040 kB
VmallocTotal:   34359738367 kB
VmallocUsed:       43524 kB
VmallocChunk:          0 kB
Percpu:           221376 kB
HardwareCorrupted:     0 kB
AnonHugePages:         0 kB
ShmemHugePages:        0 kB
ShmemPmdMapped:        0 kB
FileHugePages:         0 kB
FilePmdMapped:         0 kB
HugePages_Total:       0
HugePages_Free:        0
HugePages_Rsvd:        0
HugePages_Surp:        0
Hugepagesize:       2048 kB
Hugetlb:               0 kB
DirectMap4k:     2796352 kB
DirectMap2M:     5179392 kB
DirectMap1G:    58720256 kB

