MemTotal:       65439348 kB
MemFree:        64255340 kB
MemAvailable:   63993280 kB
Buffers:           38208 kB
Cached:           277388 kB
SwapCached:            0 kB
Active:           131040 kB
Inactive:         244552 kB
Active(anon):       3224 kB
Inactive(anon):    72252 kB
Active(file):     127816 kB
Inactive(file):   172300 kB
Unevictable:       19496 kB
Mlocked:           19496 kB
SwapTotal:       1996796 kB
SwapFree:        1996796 kB
Dirty:               668 kB
Writeback:             0 kB
AnonPages:         79992 kB
Mapped:            76936 kB
Shmem:              6380 kB
KReclaimable:      68268 kB
Slab:             292164 kB
SReclaimable:      68268 kB
SUnreclaim:       223896 kB
KernelStack:       10128 kB
PageTables:         2288 kB
NFS_Unstable:          0 kB
Bounce:                0 kB
WritebackTmp:          0 kB
CommitLimit:    34716468 kB
Committed_AS:     790360 kB
VmallocTotal:   34359738367 kB
VmallocUsed:       38500 kB
VmallocChunk:          0 kB
Percpu:           105600 kB
HardwareCorrupted:     0 kB
AnonHugePages:         0 kB
ShmemHugePages:        0 kB
ShmemPmdMapped:        0 kB
FileHugePages:         0 kB
FilePmdMapped:         0 kB
HugePages_Total:       0
HugePages_Free:        0
HugePages_Rsvd:        0
HugePages_Surp:        0
Hugepagesize:       2048 kB
Hugetlb:               0 kB
DirectMap4k:     2540352 kB
DirectMap2M:     5435392 kB
DirectMap1G:    58720256 kB

