MemTotal:       65439348 kB
MemFree:        64328028 kB
MemAvailable:   64021436 kB
Buffers:           30280 kB
Cached:           242700 kB
SwapCached:            0 kB
Active:           121436 kB
Inactive:         211604 kB
Active(anon):       3212 kB
Inactive(anon):    72324 kB
Active(file):     118224 kB
Inactive(file):   139280 kB
Unevictable:       19496 kB
Mlocked:           19496 kB
SwapTotal:       1996796 kB
SwapFree:        1996796 kB
Dirty:               648 kB
Writeback:             0 kB
AnonPages:         79620 kB
Mapped:            74032 kB
Shmem:              6376 kB
KReclaimable:      56052 kB
Slab:             276252 kB
SReclaimable:      56052 kB
SUnreclaim:       220200 kB
KernelStack:        9904 kB
PageTables:         2356 kB
NFS_Unstable:          0 kB
Bounce:                0 kB
WritebackTmp:          0 kB
CommitLimit:    34716468 kB
Committed_AS:     790100 kB
VmallocTotal:   34359738367 kB
VmallocUsed:       38340 kB
VmallocChunk:          0 kB
Percpu:            96576 kB
HardwareCorrupted:     0 kB
AnonHugePages:         0 kB
ShmemHugePages:        0 kB
ShmemPmdMapped:        0 kB
FileHugePages:         0 kB
FilePmdMapped:         0 kB
HugePages_Total:       0
HugePages_Free:        0
HugePages_Rsvd:        0
HugePages_Surp:        0
Hugepagesize:       2048 kB
Hugetlb:               0 kB
DirectMap4k:     2034496 kB
DirectMap2M:     5941248 kB
DirectMap1G:    58720256 kB

