MemTotal:       65439348 kB
MemFree:        63702512 kB
MemAvailable:   63814944 kB
Buffers:           58812 kB
Cached:           620576 kB
SwapCached:            0 kB
Active:           211708 kB
Inactive:         528356 kB
Active(anon):       3240 kB
Inactive(anon):    72928 kB
Active(file):     208468 kB
Inactive(file):   455428 kB
Unevictable:       19496 kB
Mlocked:           19496 kB
SwapTotal:       1996796 kB
SwapFree:        1996796 kB
Dirty:                12 kB
Writeback:             0 kB
AnonPages:         80332 kB
Mapped:            88284 kB
Shmem:              6376 kB
KReclaimable:      89696 kB
Slab:             328628 kB
SReclaimable:      89696 kB
SUnreclaim:       238932 kB
KernelStack:        9952 kB
PageTables:         2452 kB
NFS_Unstable:          0 kB
Bounce:                0 kB
WritebackTmp:          0 kB
CommitLimit:    34716468 kB
Committed_AS:     808036 kB
VmallocTotal:   34359738367 kB
VmallocUsed:       44840 kB
VmallocChunk:          0 kB
Percpu:           252096 kB
HardwareCorrupted:     0 kB
AnonHugePages:         0 kB
ShmemHugePages:        0 kB
ShmemPmdMapped:        0 kB
FileHugePages:         0 kB
FilePmdMapped:         0 kB
HugePages_Total:       0
HugePages_Free:        0
HugePages_Rsvd:        0
HugePages_Surp:        0
Hugepagesize:       2048 kB
Hugetlb:               0 kB
DirectMap4k:     2831168 kB
DirectMap2M:     5144576 kB
DirectMap1G:    58720256 kB

