MemTotal:       65439348 kB
MemFree:        63924292 kB
MemAvailable:   63930456 kB
Buffers:           45920 kB
Cached:           533116 kB
SwapCached:            0 kB
Active:           154224 kB
Inactive:         485296 kB
Active(anon):       3244 kB
Inactive(anon):    72716 kB
Active(file):     150980 kB
Inactive(file):   412580 kB
Unevictable:       19496 kB
Mlocked:           19496 kB
SwapTotal:       1996796 kB
SwapFree:        1996796 kB
Dirty:               776 kB
Writeback:             0 kB
AnonPages:         80060 kB
Mapped:            81384 kB
Shmem:              6376 kB
KReclaimable:      77828 kB
Slab:             306344 kB
SReclaimable:      77828 kB
SUnreclaim:       228516 kB
KernelStack:       10032 kB
PageTables:         2428 kB
NFS_Unstable:          0 kB
Bounce:                0 kB
WritebackTmp:          0 kB
CommitLimit:    34716468 kB
Committed_AS:     799596 kB
VmallocTotal:   34359738367 kB
VmallocUsed:       40660 kB
VmallocChunk:          0 kB
Percpu:           158016 kB
HardwareCorrupted:     0 kB
AnonHugePages:         0 kB
ShmemHugePages:        0 kB
ShmemPmdMapped:        0 kB
FileHugePages:         0 kB
FilePmdMapped:         0 kB
HugePages_Total:       0
HugePages_Free:        0
HugePages_Rsvd:        0
HugePages_Surp:        0
Hugepagesize:       2048 kB
Hugetlb:               0 kB
DirectMap4k:     2720576 kB
DirectMap2M:     5255168 kB
DirectMap1G:    58720256 kB

