MemTotal:       65439348 kB
MemFree:        64294844 kB
MemAvailable:   64007740 kB
Buffers:           35096 kB
Cached:           256764 kB
SwapCached:            0 kB
Active:           127912 kB
Inactive:         224704 kB
Active(anon):       3228 kB
Inactive(anon):    73020 kB
Active(file):     124684 kB
Inactive(file):   151684 kB
Unevictable:       19496 kB
Mlocked:           19496 kB
SwapTotal:       1996796 kB
SwapFree:        1996796 kB
Dirty:               640 kB
Writeback:             0 kB
AnonPages:         80356 kB
Mapped:            75028 kB
Shmem:              6376 kB
KReclaimable:      65680 kB
Slab:             286932 kB
SReclaimable:      65680 kB
SUnreclaim:       221252 kB
KernelStack:       10048 kB
PageTables:         2504 kB
NFS_Unstable:          0 kB
Bounce:                0 kB
WritebackTmp:          0 kB
CommitLimit:    34716468 kB
Committed_AS:     790352 kB
VmallocTotal:   34359738367 kB
VmallocUsed:       38436 kB
VmallocChunk:          0 kB
Percpu:            96576 kB
HardwareCorrupted:     0 kB
AnonHugePages:         0 kB
ShmemHugePages:        0 kB
ShmemPmdMapped:        0 kB
FileHugePages:         0 kB
FilePmdMapped:         0 kB
HugePages_Total:       0
HugePages_Free:        0
HugePages_Rsvd:        0
HugePages_Surp:        0
Hugepagesize:       2048 kB
Hugetlb:               0 kB
DirectMap4k:     2204480 kB
DirectMap2M:     5771264 kB
DirectMap1G:    58720256 kB

