MemTotal:       65439348 kB
MemFree:        64174164 kB
MemAvailable:   63956956 kB
Buffers:           42312 kB
Cached:           316264 kB
SwapCached:            0 kB
Active:           137744 kB
Inactive:         286812 kB
Active(anon):       3248 kB
Inactive(anon):    78216 kB
Active(file):     134496 kB
Inactive(file):   208596 kB
Unevictable:       19496 kB
Mlocked:           19496 kB
SwapTotal:       1996796 kB
SwapFree:        1996796 kB
Dirty:               764 kB
Writeback:             0 kB
AnonPages:         85552 kB
Mapped:            88476 kB
Shmem:              6380 kB
KReclaimable:      72020 kB
Slab:             298608 kB
SReclaimable:      72020 kB
SUnreclaim:       226588 kB
KernelStack:       10096 kB
PageTables:         2576 kB
NFS_Unstable:          0 kB
Bounce:                0 kB
WritebackTmp:          0 kB
CommitLimit:    34716468 kB
Committed_AS:     838004 kB
VmallocTotal:   34359738367 kB
VmallocUsed:       39700 kB
VmallocChunk:          0 kB
Percpu:           132096 kB
HardwareCorrupted:     0 kB
AnonHugePages:         0 kB
ShmemHugePages:        0 kB
ShmemPmdMapped:        0 kB
FileHugePages:         0 kB
FilePmdMapped:         0 kB
HugePages_Total:       0
HugePages_Free:        0
HugePages_Rsvd:        0
HugePages_Surp:        0
Hugepagesize:       2048 kB
Hugetlb:               0 kB
DirectMap4k:     2687808 kB
DirectMap2M:     5287936 kB
DirectMap1G:    58720256 kB

