MemTotal:       65439348 kB
MemFree:        63876768 kB
MemAvailable:   63905892 kB
Buffers:           48648 kB
Cached:           552048 kB
SwapCached:            0 kB
Active:           156952 kB
Inactive:         504256 kB
Active(anon):       3244 kB
Inactive(anon):    72752 kB
Active(file):     153708 kB
Inactive(file):   431504 kB
Unevictable:       19496 kB
Mlocked:           19496 kB
SwapTotal:       1996796 kB
SwapFree:        1996796 kB
Dirty:               772 kB
Writeback:             0 kB
AnonPages:         80112 kB
Mapped:            82860 kB
Shmem:              6376 kB
KReclaimable:      80444 kB
Slab:             311588 kB
SReclaimable:      80444 kB
SUnreclaim:       231144 kB
KernelStack:        9968 kB
PageTables:         2428 kB
NFS_Unstable:          0 kB
Bounce:                0 kB
WritebackTmp:          0 kB
CommitLimit:    34716468 kB
Committed_AS:     799592 kB
VmallocTotal:   34359738367 kB
VmallocUsed:       41568 kB
VmallocChunk:          0 kB
Percpu:           178560 kB
HardwareCorrupted:     0 kB
AnonHugePages:         0 kB
ShmemHugePages:        0 kB
ShmemPmdMapped:        0 kB
FileHugePages:         0 kB
FilePmdMapped:         0 kB
HugePages_Total:       0
HugePages_Free:        0
HugePages_Rsvd:        0
HugePages_Surp:        0
Hugepagesize:       2048 kB
Hugetlb:               0 kB
DirectMap4k:     2747200 kB
DirectMap2M:     5228544 kB
DirectMap1G:    58720256 kB

