MemTotal:       65439348 kB
MemFree:        63815796 kB
MemAvailable:   63871988 kB
Buffers:           51900 kB
Cached:           574292 kB
SwapCached:            0 kB
Active:           199192 kB
Inactive:         488608 kB
Active(anon):       3252 kB
Inactive(anon):    73836 kB
Active(file):     195940 kB
Inactive(file):   414772 kB
Unevictable:       19496 kB
Mlocked:           19496 kB
SwapTotal:       1996796 kB
SwapFree:        1996796 kB
Dirty:               900 kB
Writeback:             0 kB
AnonPages:         81252 kB
Mapped:            84572 kB
Shmem:              6376 kB
KReclaimable:      83584 kB
Slab:             317432 kB
SReclaimable:      83584 kB
SUnreclaim:       233848 kB
KernelStack:       10208 kB
PageTables:         2724 kB
NFS_Unstable:          0 kB
Bounce:                0 kB
WritebackTmp:          0 kB
CommitLimit:    34716468 kB
Committed_AS:     807648 kB
VmallocTotal:   34359738367 kB
VmallocUsed:       42936 kB
VmallocChunk:          0 kB
Percpu:           201408 kB
HardwareCorrupted:     0 kB
AnonHugePages:         0 kB
ShmemHugePages:        0 kB
ShmemPmdMapped:        0 kB
FileHugePages:         0 kB
FilePmdMapped:         0 kB
HugePages_Total:       0
HugePages_Free:        0
HugePages_Rsvd:        0
HugePages_Surp:        0
Hugepagesize:       2048 kB
Hugetlb:               0 kB
DirectMap4k:     2769728 kB
DirectMap2M:     5206016 kB
DirectMap1G:    58720256 kB

