MemTotal:       65439348 kB
MemFree:        63840480 kB
MemAvailable:   63887072 kB
Buffers:           50772 kB
Cached:           566380 kB
SwapCached:            0 kB
Active:           198008 kB
Inactive:         479480 kB
Active(anon):       3232 kB
Inactive(anon):    72616 kB
Active(file):     194776 kB
Inactive(file):   406864 kB
Unevictable:       19496 kB
Mlocked:           19496 kB
SwapTotal:       1996796 kB
SwapFree:        1996796 kB
Dirty:               900 kB
Writeback:             0 kB
AnonPages:         79960 kB
Mapped:            83820 kB
Shmem:              6376 kB
KReclaimable:      82524 kB
Slab:             313460 kB
SReclaimable:      82524 kB
SUnreclaim:       230936 kB
KernelStack:       10128 kB
PageTables:         2280 kB
NFS_Unstable:          0 kB
Bounce:                0 kB
WritebackTmp:          0 kB
CommitLimit:    34716468 kB
Committed_AS:     807396 kB
VmallocTotal:   34359738367 kB
VmallocUsed:       42212 kB
VmallocChunk:          0 kB
Percpu:           192384 kB
HardwareCorrupted:     0 kB
AnonHugePages:         0 kB
ShmemHugePages:        0 kB
ShmemPmdMapped:        0 kB
FileHugePages:         0 kB
FilePmdMapped:         0 kB
HugePages_Total:       0
HugePages_Free:        0
HugePages_Rsvd:        0
HugePages_Surp:        0
Hugepagesize:       2048 kB
Hugetlb:               0 kB
DirectMap4k:     2759488 kB
DirectMap2M:     5216256 kB
DirectMap1G:    58720256 kB

