MemTotal:       65439348 kB
MemFree:        63777060 kB
MemAvailable:   63852172 kB
Buffers:           54260 kB
Cached:           589852 kB
SwapCached:            0 kB
Active:           201532 kB
Inactive:         509056 kB
Active(anon):       3244 kB
Inactive(anon):    78740 kB
Active(file):     198288 kB
Inactive(file):   430316 kB
Unevictable:       19496 kB
Mlocked:           19496 kB
SwapTotal:       1996796 kB
SwapFree:        1996796 kB
Dirty:               680 kB
Writeback:             0 kB
AnonPages:         86096 kB
Mapped:            95144 kB
Shmem:              6376 kB
KReclaimable:      85640 kB
Slab:             320124 kB
SReclaimable:      85640 kB
SUnreclaim:       234484 kB
KernelStack:       10064 kB
PageTables:         2460 kB
NFS_Unstable:          0 kB
Bounce:                0 kB
WritebackTmp:          0 kB
CommitLimit:    34716468 kB
Committed_AS:     889612 kB
VmallocTotal:   34359738367 kB
VmallocUsed:       43572 kB
VmallocChunk:          0 kB
Percpu:           219072 kB
HardwareCorrupted:     0 kB
AnonHugePages:         0 kB
ShmemHugePages:        0 kB
ShmemPmdMapped:        0 kB
FileHugePages:         0 kB
FilePmdMapped:         0 kB
HugePages_Total:       0
HugePages_Free:        0
HugePages_Rsvd:        0
HugePages_Surp:        0
Hugepagesize:       2048 kB
Hugetlb:               0 kB
DirectMap4k:     2790208 kB
DirectMap2M:     5185536 kB
DirectMap1G:    58720256 kB

