MemTotal:       65439348 kB
MemFree:        64276368 kB
MemAvailable:   64004568 kB
Buffers:           36992 kB
Cached:           269244 kB
SwapCached:            0 kB
Active:           129832 kB
Inactive:         237004 kB
Active(anon):       3232 kB
Inactive(anon):    72848 kB
Active(file):     126600 kB
Inactive(file):   164156 kB
Unevictable:       19496 kB
Mlocked:           19496 kB
SwapTotal:       1996796 kB
SwapFree:        1996796 kB
Dirty:               660 kB
Writeback:             0 kB
AnonPages:         80160 kB
Mapped:            76472 kB
Shmem:              6380 kB
KReclaimable:      67508 kB
Slab:             290964 kB
SReclaimable:      67508 kB
SUnreclaim:       223456 kB
KernelStack:       10064 kB
PageTables:         2488 kB
NFS_Unstable:          0 kB
Bounce:                0 kB
WritebackTmp:          0 kB
CommitLimit:    34716468 kB
Committed_AS:     790360 kB
VmallocTotal:   34359738367 kB
VmallocUsed:       38516 kB
VmallocChunk:          0 kB
Percpu:            97152 kB
HardwareCorrupted:     0 kB
AnonHugePages:         0 kB
ShmemHugePages:        0 kB
ShmemPmdMapped:        0 kB
FileHugePages:         0 kB
FilePmdMapped:         0 kB
HugePages_Total:       0
HugePages_Free:        0
HugePages_Rsvd:        0
HugePages_Surp:        0
Hugepagesize:       2048 kB
Hugetlb:               0 kB
DirectMap4k:     2409280 kB
DirectMap2M:     5566464 kB
DirectMap1G:    58720256 kB

