MemTotal:       65439348 kB
MemFree:        63740716 kB
MemAvailable:   63831180 kB
Buffers:           56236 kB
Cached:           602376 kB
SwapCached:            0 kB
Active:           204188 kB
Inactive:         523120 kB
Active(anon):       3244 kB
Inactive(anon):    80948 kB
Active(file):     200944 kB
Inactive(file):   442172 kB
Unevictable:       19496 kB
Mlocked:           19496 kB
SwapTotal:       1996796 kB
SwapFree:        1996796 kB
Dirty:               804 kB
Writeback:             0 kB
AnonPages:         88188 kB
Mapped:            97412 kB
Shmem:              6380 kB
KReclaimable:      87320 kB
Slab:             324340 kB
SReclaimable:      87320 kB
SUnreclaim:       237020 kB
KernelStack:       10288 kB
PageTables:         3040 kB
NFS_Unstable:          0 kB
Bounce:                0 kB
WritebackTmp:          0 kB
CommitLimit:    34716468 kB
Committed_AS:     854036 kB
VmallocTotal:   34359738367 kB
VmallocUsed:       44056 kB
VmallocChunk:          0 kB
Percpu:           232320 kB
HardwareCorrupted:     0 kB
AnonHugePages:         0 kB
ShmemHugePages:        0 kB
ShmemPmdMapped:        0 kB
FileHugePages:         0 kB
FilePmdMapped:         0 kB
HugePages_Total:       0
HugePages_Free:        0
HugePages_Rsvd:        0
HugePages_Surp:        0
Hugepagesize:       2048 kB
Hugetlb:               0 kB
DirectMap4k:     2808640 kB
DirectMap2M:     5167104 kB
DirectMap1G:    58720256 kB

