MemTotal:       65439348 kB
MemFree:        64138184 kB
MemAvailable:   63936996 kB
Buffers:           44320 kB
Cached:           329292 kB
SwapCached:            0 kB
Active:           140068 kB
Inactive:         299700 kB
Active(anon):       3240 kB
Inactive(anon):    78396 kB
Active(file):     136828 kB
Inactive(file):   221304 kB
Unevictable:       19496 kB
Mlocked:           19496 kB
SwapTotal:       1996796 kB
SwapFree:        1996796 kB
Dirty:               636 kB
Writeback:             0 kB
AnonPages:         85732 kB
Mapped:            89488 kB
Shmem:              6380 kB
KReclaimable:      73980 kB
Slab:             301956 kB
SReclaimable:      73980 kB
SUnreclaim:       227976 kB
KernelStack:       10128 kB
PageTables:         2576 kB
NFS_Unstable:          0 kB
Bounce:                0 kB
WritebackTmp:          0 kB
CommitLimit:    34716468 kB
Committed_AS:     837868 kB
VmallocTotal:   34359738367 kB
VmallocUsed:       40860 kB
VmallocChunk:          0 kB
Percpu:           146688 kB
HardwareCorrupted:     0 kB
AnonHugePages:         0 kB
ShmemHugePages:        0 kB
ShmemPmdMapped:        0 kB
FileHugePages:         0 kB
FilePmdMapped:         0 kB
HugePages_Total:       0
HugePages_Free:        0
HugePages_Rsvd:        0
HugePages_Surp:        0
Hugepagesize:       2048 kB
Hugetlb:               0 kB
DirectMap4k:     2706240 kB
DirectMap2M:     5269504 kB
DirectMap1G:    58720256 kB

