MemTotal:       65439348 kB
MemFree:        64238184 kB
MemAvailable:   63984664 kB
Buffers:           39140 kB
Cached:           284612 kB
SwapCached:            0 kB
Active:           132856 kB
Inactive:         252732 kB
Active(anon):       3212 kB
Inactive(anon):    74100 kB
Active(file):     129644 kB
Inactive(file):   178632 kB
Unevictable:       19496 kB
Mlocked:           19496 kB
SwapTotal:       1996796 kB
SwapFree:        1996796 kB
Dirty:               632 kB
Writeback:             0 kB
AnonPages:         80952 kB
Mapped:            78284 kB
Shmem:              6376 kB
KReclaimable:      69028 kB
Slab:             292896 kB
SReclaimable:      69028 kB
SUnreclaim:       223868 kB
KernelStack:       10160 kB
PageTables:         2428 kB
NFS_Unstable:          0 kB
Bounce:                0 kB
WritebackTmp:          0 kB
CommitLimit:    34716468 kB
Committed_AS:     790364 kB
VmallocTotal:   34359738367 kB
VmallocUsed:       39080 kB
VmallocChunk:          0 kB
Percpu:           112128 kB
HardwareCorrupted:     0 kB
AnonHugePages:         0 kB
ShmemHugePages:        0 kB
ShmemPmdMapped:        0 kB
FileHugePages:         0 kB
FilePmdMapped:         0 kB
HugePages_Total:       0
HugePages_Free:        0
HugePages_Rsvd:        0
HugePages_Surp:        0
Hugepagesize:       2048 kB
Hugetlb:               0 kB
DirectMap4k:     2646848 kB
DirectMap2M:     5328896 kB
DirectMap1G:    58720256 kB

