MemTotal:       65439348 kB
MemFree:        63850960 kB
MemAvailable:   63892620 kB
Buffers:           50128 kB
Cached:           562356 kB
SwapCached:            0 kB
Active:           197392 kB
Inactive:         477160 kB
Active(anon):       3224 kB
Inactive(anon):    74320 kB
Active(file):     194168 kB
Inactive(file):   402840 kB
Unevictable:       19496 kB
Mlocked:           19496 kB
SwapTotal:       1996796 kB
SwapFree:        1996796 kB
Dirty:               688 kB
Writeback:             0 kB
AnonPages:         81584 kB
Mapped:            84176 kB
Shmem:              6376 kB
KReclaimable:      81924 kB
Slab:             313236 kB
SReclaimable:      81924 kB
SUnreclaim:       231312 kB
KernelStack:        9840 kB
PageTables:         1692 kB
NFS_Unstable:          0 kB
Bounce:                0 kB
WritebackTmp:          0 kB
CommitLimit:    34716468 kB
Committed_AS:     799204 kB
VmallocTotal:   34359738367 kB
VmallocUsed:       42196 kB
VmallocChunk:          0 kB
Percpu:           188160 kB
HardwareCorrupted:     0 kB
AnonHugePages:         0 kB
ShmemHugePages:        0 kB
ShmemPmdMapped:        0 kB
FileHugePages:         0 kB
FilePmdMapped:         0 kB
HugePages_Total:       0
HugePages_Free:        0
HugePages_Rsvd:        0
HugePages_Surp:        0
Hugepagesize:       2048 kB
Hugetlb:               0 kB
DirectMap4k:     2753344 kB
DirectMap2M:     5222400 kB
DirectMap1G:    58720256 kB

