MemTotal:       65439348 kB
MemFree:        64294056 kB
MemAvailable:   64007748 kB
Buffers:           35208 kB
Cached:           257392 kB
SwapCached:            0 kB
Active:           128004 kB
Inactive:         224928 kB
Active(anon):       3216 kB
Inactive(anon):    72600 kB
Active(file):     124788 kB
Inactive(file):   152328 kB
Unevictable:       19496 kB
Mlocked:           19496 kB
SwapTotal:       1996796 kB
SwapFree:        1996796 kB
Dirty:               240 kB
Writeback:             0 kB
AnonPages:         79888 kB
Mapped:            74932 kB
Shmem:              6376 kB
KReclaimable:      65772 kB
Slab:             286864 kB
SReclaimable:      65772 kB
SUnreclaim:       221092 kB
KernelStack:       10000 kB
PageTables:         2392 kB
NFS_Unstable:          0 kB
Bounce:                0 kB
WritebackTmp:          0 kB
CommitLimit:    34716468 kB
Committed_AS:     790612 kB
VmallocTotal:   34359738367 kB
VmallocUsed:       38532 kB
VmallocChunk:          0 kB
Percpu:            96576 kB
HardwareCorrupted:     0 kB
AnonHugePages:         0 kB
ShmemHugePages:        0 kB
ShmemPmdMapped:        0 kB
FileHugePages:         0 kB
FilePmdMapped:         0 kB
HugePages_Total:       0
HugePages_Free:        0
HugePages_Rsvd:        0
HugePages_Surp:        0
Hugepagesize:       2048 kB
Hugetlb:               0 kB
DirectMap4k:     2216768 kB
DirectMap2M:     5758976 kB
DirectMap1G:    58720256 kB

