MemTotal:       65439348 kB
MemFree:        64313700 kB
MemAvailable:   64011740 kB
Buffers:           31656 kB
Cached:           250000 kB
SwapCached:            0 kB
Active:           122792 kB
Inactive:         218932 kB
Active(anon):       3216 kB
Inactive(anon):    72352 kB
Active(file):     119576 kB
Inactive(file):   146580 kB
Unevictable:       19496 kB
Mlocked:           19496 kB
SwapTotal:       1996796 kB
SwapFree:        1996796 kB
Dirty:                12 kB
Writeback:             0 kB
AnonPages:         79652 kB
Mapped:            74524 kB
Shmem:              6376 kB
KReclaimable:      56388 kB
Slab:             277132 kB
SReclaimable:      56388 kB
SUnreclaim:       220744 kB
KernelStack:        9872 kB
PageTables:         2392 kB
NFS_Unstable:          0 kB
Bounce:                0 kB
WritebackTmp:          0 kB
CommitLimit:    34716468 kB
Committed_AS:     790612 kB
VmallocTotal:   34359738367 kB
VmallocUsed:       38292 kB
VmallocChunk:          0 kB
Percpu:            96576 kB
HardwareCorrupted:     0 kB
AnonHugePages:         0 kB
ShmemHugePages:        0 kB
ShmemPmdMapped:        0 kB
FileHugePages:         0 kB
FilePmdMapped:         0 kB
HugePages_Total:       0
HugePages_Free:        0
HugePages_Rsvd:        0
HugePages_Surp:        0
Hugepagesize:       2048 kB
Hugetlb:               0 kB
DirectMap4k:     2140992 kB
DirectMap2M:     5834752 kB
DirectMap1G:    58720256 kB

