MemTotal:       65439348 kB
MemFree:        64195492 kB
MemAvailable:   63968212 kB
Buffers:           41100 kB
Cached:           308008 kB
SwapCached:            0 kB
Active:           136520 kB
Inactive:         278452 kB
Active(anon):       3244 kB
Inactive(anon):    78108 kB
Active(file):     133276 kB
Inactive(file):   200344 kB
Unevictable:       19496 kB
Mlocked:           19496 kB
SwapTotal:       1996796 kB
SwapFree:        1996796 kB
Dirty:               156 kB
Writeback:             0 kB
AnonPages:         85436 kB
Mapped:            87856 kB
Shmem:              6380 kB
KReclaimable:      70824 kB
Slab:             296000 kB
SReclaimable:      70824 kB
SUnreclaim:       225176 kB
KernelStack:       10112 kB
PageTables:         2576 kB
NFS_Unstable:          0 kB
Bounce:                0 kB
WritebackTmp:          0 kB
CommitLimit:    34716468 kB
Committed_AS:     837868 kB
VmallocTotal:   34359738367 kB
VmallocUsed:       39780 kB
VmallocChunk:          0 kB
Percpu:           123264 kB
HardwareCorrupted:     0 kB
AnonHugePages:         0 kB
ShmemHugePages:        0 kB
ShmemPmdMapped:        0 kB
FileHugePages:         0 kB
FilePmdMapped:         0 kB
HugePages_Total:       0
HugePages_Free:        0
HugePages_Rsvd:        0
HugePages_Surp:        0
Hugepagesize:       2048 kB
Hugetlb:               0 kB
DirectMap4k:     2673472 kB
DirectMap2M:     5302272 kB
DirectMap1G:    58720256 kB

