MemTotal:       65439348 kB
MemFree:        63923412 kB
MemAvailable:   63928088 kB
Buffers:           45752 kB
Cached:           531884 kB
SwapCached:            0 kB
Active:           154076 kB
Inactive:         484300 kB
Active(anon):       3256 kB
Inactive(anon):    72968 kB
Active(file):     150820 kB
Inactive(file):   411332 kB
Unevictable:       19496 kB
Mlocked:           19496 kB
SwapTotal:       1996796 kB
SwapFree:        1996796 kB
Dirty:               872 kB
Writeback:             0 kB
AnonPages:         80240 kB
Mapped:            81500 kB
Shmem:              6380 kB
KReclaimable:      77672 kB
Slab:             307048 kB
SReclaimable:      77672 kB
SUnreclaim:       229376 kB
KernelStack:       10160 kB
PageTables:         2616 kB
NFS_Unstable:          0 kB
Bounce:                0 kB
WritebackTmp:          0 kB
CommitLimit:    34716468 kB
Committed_AS:     799200 kB
VmallocTotal:   34359738367 kB
VmallocUsed:       40692 kB
VmallocChunk:          0 kB
Percpu:           156864 kB
HardwareCorrupted:     0 kB
AnonHugePages:         0 kB
ShmemHugePages:        0 kB
ShmemPmdMapped:        0 kB
FileHugePages:         0 kB
FilePmdMapped:         0 kB
HugePages_Total:       0
HugePages_Free:        0
HugePages_Rsvd:        0
HugePages_Surp:        0
Hugepagesize:       2048 kB
Hugetlb:               0 kB
DirectMap4k:     2718528 kB
DirectMap2M:     5257216 kB
DirectMap1G:    58720256 kB

