MemTotal:       65439348 kB
MemFree:        64250028 kB
MemAvailable:   63990008 kB
Buffers:           38436 kB
Cached:           279136 kB
SwapCached:            0 kB
Active:           131256 kB
Inactive:         246508 kB
Active(anon):       3216 kB
Inactive(anon):    72456 kB
Active(file):     128040 kB
Inactive(file):   174052 kB
Unevictable:       19496 kB
Mlocked:           19496 kB
SwapTotal:       1996796 kB
SwapFree:        1996796 kB
Dirty:               752 kB
Writeback:             0 kB
AnonPages:         79772 kB
Mapped:            77004 kB
Shmem:              6376 kB
KReclaimable:      68396 kB
Slab:             291404 kB
SReclaimable:      68396 kB
SUnreclaim:       223008 kB
KernelStack:       10032 kB
PageTables:         2404 kB
NFS_Unstable:          0 kB
Bounce:                0 kB
WritebackTmp:          0 kB
CommitLimit:    34716468 kB
Committed_AS:     790616 kB
VmallocTotal:   34359738367 kB
VmallocUsed:       38564 kB
VmallocChunk:          0 kB
Percpu:           106752 kB
HardwareCorrupted:     0 kB
AnonHugePages:         0 kB
ShmemHugePages:        0 kB
ShmemPmdMapped:        0 kB
FileHugePages:         0 kB
FilePmdMapped:         0 kB
HugePages_Total:       0
HugePages_Free:        0
HugePages_Rsvd:        0
HugePages_Surp:        0
Hugepagesize:       2048 kB
Hugetlb:               0 kB
DirectMap4k:     2569024 kB
DirectMap2M:     5406720 kB
DirectMap1G:    58720256 kB

