MemTotal:       65439348 kB
MemFree:        63905576 kB
MemAvailable:   63919948 kB
Buffers:           46936 kB
Cached:           539904 kB
SwapCached:            0 kB
Active:           155248 kB
Inactive:         493204 kB
Active(anon):       3244 kB
Inactive(anon):    73840 kB
Active(file):     152004 kB
Inactive(file):   419364 kB
Unevictable:       19496 kB
Mlocked:           19496 kB
SwapTotal:       1996796 kB
SwapFree:        1996796 kB
Dirty:               736 kB
Writeback:             0 kB
AnonPages:         81320 kB
Mapped:            82152 kB
Shmem:              6372 kB
KReclaimable:      78632 kB
Slab:             309304 kB
SReclaimable:      78632 kB
SUnreclaim:       230672 kB
KernelStack:       10128 kB
PageTables:         2852 kB
NFS_Unstable:          0 kB
Bounce:                0 kB
WritebackTmp:          0 kB
CommitLimit:    34716468 kB
Committed_AS:     799204 kB
VmallocTotal:   34359738367 kB
VmallocUsed:       41068 kB
VmallocChunk:          0 kB
Percpu:           165888 kB
HardwareCorrupted:     0 kB
AnonHugePages:         0 kB
ShmemHugePages:        0 kB
ShmemPmdMapped:        0 kB
FileHugePages:         0 kB
FilePmdMapped:         0 kB
HugePages_Total:       0
HugePages_Free:        0
HugePages_Rsvd:        0
HugePages_Surp:        0
Hugepagesize:       2048 kB
Hugetlb:               0 kB
DirectMap4k:     2730816 kB
DirectMap2M:     5244928 kB
DirectMap1G:    58720256 kB

