MemTotal:       65439348 kB
MemFree:        64130732 kB
MemAvailable:   63932576 kB
Buffers:           44720 kB
Cached:           331756 kB
SwapCached:            0 kB
Active:           140488 kB
Inactive:         302768 kB
Active(anon):       3260 kB
Inactive(anon):    78996 kB
Active(file):     137228 kB
Inactive(file):   223772 kB
Unevictable:       19496 kB
Mlocked:           19496 kB
SwapTotal:       1996796 kB
SwapFree:        1996796 kB
Dirty:               624 kB
Writeback:             0 kB
AnonPages:         86348 kB
Mapped:            89764 kB
Shmem:              6376 kB
KReclaimable:      74312 kB
Slab:             302524 kB
SReclaimable:      74312 kB
SUnreclaim:       228212 kB
KernelStack:       10160 kB
PageTables:         2948 kB
NFS_Unstable:          0 kB
Bounce:                0 kB
WritebackTmp:          0 kB
CommitLimit:    34716468 kB
Committed_AS:     837872 kB
VmallocTotal:   34359738367 kB
VmallocUsed:       40812 kB
VmallocChunk:          0 kB
Percpu:           149760 kB
HardwareCorrupted:     0 kB
AnonHugePages:         0 kB
ShmemHugePages:        0 kB
ShmemPmdMapped:        0 kB
FileHugePages:         0 kB
FilePmdMapped:         0 kB
HugePages_Total:       0
HugePages_Free:        0
HugePages_Rsvd:        0
HugePages_Surp:        0
Hugepagesize:       2048 kB
Hugetlb:               0 kB
DirectMap4k:     2710336 kB
DirectMap2M:     5265408 kB
DirectMap1G:    58720256 kB

