MemTotal:       65439348 kB
MemFree:        63889084 kB
MemAvailable:   63910840 kB
Buffers:           47788 kB
Cached:           546044 kB
SwapCached:            0 kB
Active:           156092 kB
Inactive:         499548 kB
Active(anon):       3248 kB
Inactive(anon):    74048 kB
Active(file):     152844 kB
Inactive(file):   425500 kB
Unevictable:       19496 kB
Mlocked:           19496 kB
SwapTotal:       1996796 kB
SwapFree:        1996796 kB
Dirty:               732 kB
Writeback:             0 kB
AnonPages:         81364 kB
Mapped:            82764 kB
Shmem:              6376 kB
KReclaimable:      79444 kB
Slab:             309404 kB
SReclaimable:      79444 kB
SUnreclaim:       229960 kB
KernelStack:       10032 kB
PageTables:         2292 kB
NFS_Unstable:          0 kB
Bounce:                0 kB
WritebackTmp:          0 kB
CommitLimit:    34716468 kB
Committed_AS:     799200 kB
VmallocTotal:   34359738367 kB
VmallocUsed:       41808 kB
VmallocChunk:          0 kB
Percpu:           172416 kB
HardwareCorrupted:     0 kB
AnonHugePages:         0 kB
ShmemHugePages:        0 kB
ShmemPmdMapped:        0 kB
FileHugePages:         0 kB
FilePmdMapped:         0 kB
HugePages_Total:       0
HugePages_Free:        0
HugePages_Rsvd:        0
HugePages_Surp:        0
Hugepagesize:       2048 kB
Hugetlb:               0 kB
DirectMap4k:     2736960 kB
DirectMap2M:     5238784 kB
DirectMap1G:    58720256 kB

