MemTotal:       65439348 kB
MemFree:        63824724 kB
MemAvailable:   63878544 kB
Buffers:           51632 kB
Cached:           572340 kB
SwapCached:            0 kB
Active:           198912 kB
Inactive:         485704 kB
Active(anon):       3248 kB
Inactive(anon):    72884 kB
Active(file):     195664 kB
Inactive(file):   412820 kB
Unevictable:       19496 kB
Mlocked:           19496 kB
SwapTotal:       1996796 kB
SwapFree:        1996796 kB
Dirty:               180 kB
Writeback:             0 kB
AnonPages:         80316 kB
Mapped:            84312 kB
Shmem:              6376 kB
KReclaimable:      83292 kB
Slab:             316408 kB
SReclaimable:      83292 kB
SUnreclaim:       233116 kB
KernelStack:       10032 kB
PageTables:         2436 kB
NFS_Unstable:          0 kB
Bounce:                0 kB
WritebackTmp:          0 kB
CommitLimit:    34716468 kB
Committed_AS:     808040 kB
VmallocTotal:   34359738367 kB
VmallocUsed:       42760 kB
VmallocChunk:          0 kB
Percpu:           198912 kB
HardwareCorrupted:     0 kB
AnonHugePages:         0 kB
ShmemHugePages:        0 kB
ShmemPmdMapped:        0 kB
FileHugePages:         0 kB
FilePmdMapped:         0 kB
HugePages_Total:       0
HugePages_Free:        0
HugePages_Rsvd:        0
HugePages_Surp:        0
Hugepagesize:       2048 kB
Hugetlb:               0 kB
DirectMap4k:     2769728 kB
DirectMap2M:     5206016 kB
DirectMap1G:    58720256 kB

