MemTotal:       65439348 kB
MemFree:        64277072 kB
MemAvailable:   64005200 kB
Buffers:           36984 kB
Cached:           269184 kB
SwapCached:            0 kB
Active:           129800 kB
Inactive:         236480 kB
Active(anon):       3216 kB
Inactive(anon):    72380 kB
Active(file):     126584 kB
Inactive(file):   164100 kB
Unevictable:       19496 kB
Mlocked:           19496 kB
SwapTotal:       1996796 kB
SwapFree:        1996796 kB
Dirty:               756 kB
Writeback:             0 kB
AnonPages:         79668 kB
Mapped:            75888 kB
Shmem:              6376 kB
KReclaimable:      67508 kB
Slab:             291120 kB
SReclaimable:      67508 kB
SUnreclaim:       223612 kB
KernelStack:       10080 kB
PageTables:         2388 kB
NFS_Unstable:          0 kB
Bounce:                0 kB
WritebackTmp:          0 kB
CommitLimit:    34716468 kB
Committed_AS:     790744 kB
VmallocTotal:   34359738367 kB
VmallocUsed:       38580 kB
VmallocChunk:          0 kB
Percpu:            96576 kB
HardwareCorrupted:     0 kB
AnonHugePages:         0 kB
ShmemHugePages:        0 kB
ShmemPmdMapped:        0 kB
FileHugePages:         0 kB
FilePmdMapped:         0 kB
HugePages_Total:       0
HugePages_Free:        0
HugePages_Rsvd:        0
HugePages_Surp:        0
Hugepagesize:       2048 kB
Hugetlb:               0 kB
DirectMap4k:     2409280 kB
DirectMap2M:     5566464 kB
DirectMap1G:    58720256 kB

