MemTotal:       65439348 kB
MemFree:        64125268 kB
MemAvailable:   63927576 kB
Buffers:           44780 kB
Cached:           332196 kB
SwapCached:            0 kB
Active:           140520 kB
Inactive:         305416 kB
Active(anon):       3248 kB
Inactive(anon):    81236 kB
Active(file):     137272 kB
Inactive(file):   224180 kB
Unevictable:       19496 kB
Mlocked:           19496 kB
SwapTotal:       1996796 kB
SwapFree:        1996796 kB
Dirty:               676 kB
Writeback:             0 kB
AnonPages:         89084 kB
Mapped:            91132 kB
Shmem:              6380 kB
KReclaimable:      74332 kB
Slab:             303408 kB
SReclaimable:      74332 kB
SUnreclaim:       229076 kB
KernelStack:       10224 kB
PageTables:         3052 kB
NFS_Unstable:          0 kB
Bounce:                0 kB
WritebackTmp:          0 kB
CommitLimit:    34716468 kB
Committed_AS:     837872 kB
VmallocTotal:   34359738367 kB
VmallocUsed:       40764 kB
VmallocChunk:          0 kB
Percpu:           150336 kB
HardwareCorrupted:     0 kB
AnonHugePages:         0 kB
ShmemHugePages:        0 kB
ShmemPmdMapped:        0 kB
FileHugePages:         0 kB
FilePmdMapped:         0 kB
HugePages_Total:       0
HugePages_Free:        0
HugePages_Rsvd:        0
HugePages_Surp:        0
Hugepagesize:       2048 kB
Hugetlb:               0 kB
DirectMap4k:     2712384 kB
DirectMap2M:     5263360 kB
DirectMap1G:    58720256 kB

