MemTotal:       65439348 kB
MemFree:        63916948 kB
MemAvailable:   63925188 kB
Buffers:           46152 kB
Cached:           534808 kB
SwapCached:            0 kB
Active:           154452 kB
Inactive:         489020 kB
Active(anon):       3240 kB
Inactive(anon):    74756 kB
Active(file):     151212 kB
Inactive(file):   414264 kB
Unevictable:       19496 kB
Mlocked:           19496 kB
SwapTotal:       1996796 kB
SwapFree:        1996796 kB
Dirty:               680 kB
Writeback:             0 kB
AnonPages:         81968 kB
Mapped:            82056 kB
Shmem:              6376 kB
KReclaimable:      78152 kB
Slab:             306888 kB
SReclaimable:      78152 kB
SUnreclaim:       228736 kB
KernelStack:       10208 kB
PageTables:         2928 kB
NFS_Unstable:          0 kB
Bounce:                0 kB
WritebackTmp:          0 kB
CommitLimit:    34716468 kB
Committed_AS:     799200 kB
VmallocTotal:   34359738367 kB
VmallocUsed:       41148 kB
VmallocChunk:          0 kB
Percpu:           160512 kB
HardwareCorrupted:     0 kB
AnonHugePages:         0 kB
ShmemHugePages:        0 kB
ShmemPmdMapped:        0 kB
FileHugePages:         0 kB
FilePmdMapped:         0 kB
HugePages_Total:       0
HugePages_Free:        0
HugePages_Rsvd:        0
HugePages_Surp:        0
Hugepagesize:       2048 kB
Hugetlb:               0 kB
DirectMap4k:     2720576 kB
DirectMap2M:     5255168 kB
DirectMap1G:    58720256 kB

