MemTotal:       65439348 kB
MemFree:        63863376 kB
MemAvailable:   63898524 kB
Buffers:           49236 kB
Cached:           557220 kB
SwapCached:            0 kB
Active:           157736 kB
Inactive:         509652 kB
Active(anon):       3264 kB
Inactive(anon):    73148 kB
Active(file):     154472 kB
Inactive(file):   436504 kB
Unevictable:       19496 kB
Mlocked:           19496 kB
SwapTotal:       1996796 kB
SwapFree:        1996796 kB
Dirty:               604 kB
Writeback:             0 kB
AnonPages:         80488 kB
Mapped:            83304 kB
Shmem:              6380 kB
KReclaimable:      80968 kB
Slab:             312612 kB
SReclaimable:      80968 kB
SUnreclaim:       231644 kB
KernelStack:        9952 kB
PageTables:         2552 kB
NFS_Unstable:          0 kB
Bounce:                0 kB
WritebackTmp:          0 kB
CommitLimit:    34716468 kB
Committed_AS:     799204 kB
VmallocTotal:   34359738367 kB
VmallocUsed:       41568 kB
VmallocChunk:          0 kB
Percpu:           182784 kB
HardwareCorrupted:     0 kB
AnonHugePages:         0 kB
ShmemHugePages:        0 kB
ShmemPmdMapped:        0 kB
FileHugePages:         0 kB
FilePmdMapped:         0 kB
HugePages_Total:       0
HugePages_Free:        0
HugePages_Rsvd:        0
HugePages_Surp:        0
Hugepagesize:       2048 kB
Hugetlb:               0 kB
DirectMap4k:     2747200 kB
DirectMap2M:     5228544 kB
DirectMap1G:    58720256 kB

