MemTotal:       65439348 kB
MemFree:        63742820 kB
MemAvailable:   63833272 kB
Buffers:           56224 kB
Cached:           602368 kB
SwapCached:            0 kB
Active:           204192 kB
Inactive:         520220 kB
Active(anon):       3248 kB
Inactive(anon):    78060 kB
Active(file):     200944 kB
Inactive(file):   442160 kB
Unevictable:       19496 kB
Mlocked:           19496 kB
SwapTotal:       1996796 kB
SwapFree:        1996796 kB
Dirty:               764 kB
Writeback:             0 kB
AnonPages:         85424 kB
Mapped:            96452 kB
Shmem:              6380 kB
KReclaimable:      87320 kB
Slab:             324324 kB
SReclaimable:      87320 kB
SUnreclaim:       237004 kB
KernelStack:       10160 kB
PageTables:         2612 kB
NFS_Unstable:          0 kB
Bounce:                0 kB
WritebackTmp:          0 kB
CommitLimit:    34716468 kB
Committed_AS:     854424 kB
VmallocTotal:   34359738367 kB
VmallocUsed:       43960 kB
VmallocChunk:          0 kB
Percpu:           231552 kB
HardwareCorrupted:     0 kB
AnonHugePages:         0 kB
ShmemHugePages:        0 kB
ShmemPmdMapped:        0 kB
FileHugePages:         0 kB
FilePmdMapped:         0 kB
HugePages_Total:       0
HugePages_Free:        0
HugePages_Rsvd:        0
HugePages_Surp:        0
Hugepagesize:       2048 kB
Hugetlb:               0 kB
DirectMap4k:     2808640 kB
DirectMap2M:     5167104 kB
DirectMap1G:    58720256 kB

