MemTotal:       65439348 kB
MemFree:        63749488 kB
MemAvailable:   63835036 kB
Buffers:           55652 kB
Cached:           598348 kB
SwapCached:            0 kB
Active:           203592 kB
Inactive:         518000 kB
Active(anon):       3248 kB
Inactive(anon):    79856 kB
Active(file):     200344 kB
Inactive(file):   438144 kB
Unevictable:       19496 kB
Mlocked:           19496 kB
SwapTotal:       1996796 kB
SwapFree:        1996796 kB
Dirty:               772 kB
Writeback:             0 kB
AnonPages:         87712 kB
Mapped:            97512 kB
Shmem:              6380 kB
KReclaimable:      86744 kB
Slab:             323272 kB
SReclaimable:      86744 kB
SUnreclaim:       236528 kB
KernelStack:       10208 kB
PageTables:         3156 kB
NFS_Unstable:          0 kB
Bounce:                0 kB
WritebackTmp:          0 kB
CommitLimit:    34716468 kB
Committed_AS:     854044 kB
VmallocTotal:   34359738367 kB
VmallocUsed:       44008 kB
VmallocChunk:          0 kB
Percpu:           227328 kB
HardwareCorrupted:     0 kB
AnonHugePages:         0 kB
ShmemHugePages:        0 kB
ShmemPmdMapped:        0 kB
FileHugePages:         0 kB
FilePmdMapped:         0 kB
HugePages_Total:       0
HugePages_Free:        0
HugePages_Rsvd:        0
HugePages_Surp:        0
Hugepagesize:       2048 kB
Hugetlb:               0 kB
DirectMap4k:     2802496 kB
DirectMap2M:     5173248 kB
DirectMap1G:    58720256 kB

