MemTotal:       65439348 kB
MemFree:        63850932 kB
MemAvailable:   63890340 kB
Buffers:           49792 kB
Cached:           560576 kB
SwapCached:            0 kB
Active:           197056 kB
Inactive:         476172 kB
Active(anon):       3244 kB
Inactive(anon):    75108 kB
Active(file):     193812 kB
Inactive(file):   401064 kB
Unevictable:       19496 kB
Mlocked:           19496 kB
SwapTotal:       1996796 kB
SwapFree:        1996796 kB
Dirty:               512 kB
Writeback:             0 kB
AnonPages:         82032 kB
Mapped:            84204 kB
Shmem:              6376 kB
KReclaimable:      81688 kB
Slab:             313236 kB
SReclaimable:      81688 kB
SUnreclaim:       231548 kB
KernelStack:       10096 kB
PageTables:         2260 kB
NFS_Unstable:          0 kB
Bounce:                0 kB
WritebackTmp:          0 kB
CommitLimit:    34716468 kB
Committed_AS:     799204 kB
VmallocTotal:   34359738367 kB
VmallocUsed:       42132 kB
VmallocChunk:          0 kB
Percpu:           186432 kB
HardwareCorrupted:     0 kB
AnonHugePages:         0 kB
ShmemHugePages:        0 kB
ShmemPmdMapped:        0 kB
FileHugePages:         0 kB
FilePmdMapped:         0 kB
HugePages_Total:       0
HugePages_Free:        0
HugePages_Rsvd:        0
HugePages_Surp:        0
Hugepagesize:       2048 kB
Hugetlb:               0 kB
DirectMap4k:     2753344 kB
DirectMap2M:     5222400 kB
DirectMap1G:    58720256 kB

