MemTotal:       65439348 kB
MemFree:        63779772 kB
MemAvailable:   63854748 kB
Buffers:           54240 kB
Cached:           589740 kB
SwapCached:            0 kB
Active:           201512 kB
Inactive:         503084 kB
Active(anon):       3252 kB
Inactive(anon):    72864 kB
Active(file):     198260 kB
Inactive(file):   430220 kB
Unevictable:       19496 kB
Mlocked:           19496 kB
SwapTotal:       1996796 kB
SwapFree:        1996796 kB
Dirty:               164 kB
Writeback:             0 kB
AnonPages:         79916 kB
Mapped:            85856 kB
Shmem:              6376 kB
KReclaimable:      85612 kB
Slab:             320284 kB
SReclaimable:      85612 kB
SUnreclaim:       234672 kB
KernelStack:       10000 kB
PageTables:         2472 kB
NFS_Unstable:          0 kB
Bounce:                0 kB
WritebackTmp:          0 kB
CommitLimit:    34716468 kB
Committed_AS:     808040 kB
VmallocTotal:   34359738367 kB
VmallocUsed:       43212 kB
VmallocChunk:          0 kB
Percpu:           218304 kB
HardwareCorrupted:     0 kB
AnonHugePages:         0 kB
ShmemHugePages:        0 kB
ShmemPmdMapped:        0 kB
FileHugePages:         0 kB
FilePmdMapped:         0 kB
HugePages_Total:       0
HugePages_Free:        0
HugePages_Rsvd:        0
HugePages_Surp:        0
Hugepagesize:       2048 kB
Hugetlb:               0 kB
DirectMap4k:     2790208 kB
DirectMap2M:     5185536 kB
DirectMap1G:    58720256 kB

