MemTotal:       65439348 kB
MemFree:        63724184 kB
MemAvailable:   63823396 kB
Buffers:           57312 kB
Cached:           609644 kB
SwapCached:            0 kB
Active:           205248 kB
Inactive:         527648 kB
Active(anon):       3252 kB
Inactive(anon):    78212 kB
Active(file):     201996 kB
Inactive(file):   449436 kB
Unevictable:       19496 kB
Mlocked:           19496 kB
SwapTotal:       1996796 kB
SwapFree:        1996796 kB
Dirty:               700 kB
Writeback:             0 kB
AnonPages:         85984 kB
Mapped:            97008 kB
Shmem:              6380 kB
KReclaimable:      88180 kB
Slab:             324792 kB
SReclaimable:      88180 kB
SUnreclaim:       236612 kB
KernelStack:       10096 kB
PageTables:         2228 kB
NFS_Unstable:          0 kB
Bounce:                0 kB
WritebackTmp:          0 kB
CommitLimit:    34716468 kB
Committed_AS:     854036 kB
VmallocTotal:   34359738367 kB
VmallocUsed:       44476 kB
VmallocChunk:          0 kB
Percpu:           240000 kB
HardwareCorrupted:     0 kB
AnonHugePages:         0 kB
ShmemHugePages:        0 kB
ShmemPmdMapped:        0 kB
FileHugePages:         0 kB
FilePmdMapped:         0 kB
HugePages_Total:       0
HugePages_Free:        0
HugePages_Rsvd:        0
HugePages_Surp:        0
Hugepagesize:       2048 kB
Hugetlb:               0 kB
DirectMap4k:     2818880 kB
DirectMap2M:     5156864 kB
DirectMap1G:    58720256 kB

