MemTotal:       65439348 kB
MemFree:        63721596 kB
MemAvailable:   63821696 kB
Buffers:           57408 kB
Cached:           610364 kB
SwapCached:            0 kB
Active:           205340 kB
Inactive:         530004 kB
Active(anon):       3252 kB
Inactive(anon):    79848 kB
Active(file):     202088 kB
Inactive(file):   450156 kB
Unevictable:       19496 kB
Mlocked:           19496 kB
SwapTotal:       1996796 kB
SwapFree:        1996796 kB
Dirty:               892 kB
Writeback:             0 kB
AnonPages:         87204 kB
Mapped:            97100 kB
Shmem:              6380 kB
KReclaimable:      88336 kB
Slab:             324980 kB
SReclaimable:      88336 kB
SUnreclaim:       236644 kB
KernelStack:       10192 kB
PageTables:         2332 kB
NFS_Unstable:          0 kB
Bounce:                0 kB
WritebackTmp:          0 kB
CommitLimit:    34716468 kB
Committed_AS:     854040 kB
VmallocTotal:   34359738367 kB
VmallocUsed:       44572 kB
VmallocChunk:          0 kB
Percpu:           240576 kB
HardwareCorrupted:     0 kB
AnonHugePages:         0 kB
ShmemHugePages:        0 kB
ShmemPmdMapped:        0 kB
FileHugePages:         0 kB
FilePmdMapped:         0 kB
HugePages_Total:       0
HugePages_Free:        0
HugePages_Rsvd:        0
HugePages_Surp:        0
Hugepagesize:       2048 kB
Hugetlb:               0 kB
DirectMap4k:     2818880 kB
DirectMap2M:     5156864 kB
DirectMap1G:    58720256 kB

