MemTotal:       65439348 kB
MemFree:        63745108 kB
MemAvailable:   63834004 kB
Buffers:           56064 kB
Cached:           601124 kB
SwapCached:            0 kB
Active:           204016 kB
Inactive:         519708 kB
Active(anon):       3236 kB
Inactive(anon):    78792 kB
Active(file):     200780 kB
Inactive(file):   440916 kB
Unevictable:       19496 kB
Mlocked:           19496 kB
SwapTotal:       1996796 kB
SwapFree:        1996796 kB
Dirty:               872 kB
Writeback:             0 kB
AnonPages:         86124 kB
Mapped:            96248 kB
Shmem:              6380 kB
KReclaimable:      87024 kB
Slab:             323752 kB
SReclaimable:      87024 kB
SUnreclaim:       236728 kB
KernelStack:       10176 kB
PageTables:         2392 kB
NFS_Unstable:          0 kB
Bounce:                0 kB
WritebackTmp:          0 kB
CommitLimit:    34716468 kB
Committed_AS:     854040 kB
VmallocTotal:   34359738367 kB
VmallocUsed:       44072 kB
VmallocChunk:          0 kB
Percpu:           230400 kB
HardwareCorrupted:     0 kB
AnonHugePages:         0 kB
ShmemHugePages:        0 kB
ShmemPmdMapped:        0 kB
FileHugePages:         0 kB
FilePmdMapped:         0 kB
HugePages_Total:       0
HugePages_Free:        0
HugePages_Rsvd:        0
HugePages_Surp:        0
Hugepagesize:       2048 kB
Hugetlb:               0 kB
DirectMap4k:     2808640 kB
DirectMap2M:     5167104 kB
DirectMap1G:    58720256 kB

