MemTotal:       65439348 kB
MemFree:        63896652 kB
MemAvailable:   63915580 kB
Buffers:           47444 kB
Cached:           543684 kB
SwapCached:            0 kB
Active:           155780 kB
Inactive:         496748 kB
Active(anon):       3268 kB
Inactive(anon):    73608 kB
Active(file):     152512 kB
Inactive(file):   423140 kB
Unevictable:       19496 kB
Mlocked:           19496 kB
SwapTotal:       1996796 kB
SwapFree:        1996796 kB
Dirty:                68 kB
Writeback:             0 kB
AnonPages:         81516 kB
Mapped:            82544 kB
Shmem:              6376 kB
KReclaimable:      79172 kB
Slab:             309228 kB
SReclaimable:      79172 kB
SUnreclaim:       230056 kB
KernelStack:       10224 kB
PageTables:         2872 kB
NFS_Unstable:          0 kB
Bounce:                0 kB
WritebackTmp:          0 kB
CommitLimit:    34716468 kB
Committed_AS:     799204 kB
VmallocTotal:   34359738367 kB
VmallocUsed:       41116 kB
VmallocChunk:          0 kB
Percpu:           170112 kB
HardwareCorrupted:     0 kB
AnonHugePages:         0 kB
ShmemHugePages:        0 kB
ShmemPmdMapped:        0 kB
FileHugePages:         0 kB
FilePmdMapped:         0 kB
HugePages_Total:       0
HugePages_Free:        0
HugePages_Rsvd:        0
HugePages_Surp:        0
Hugepagesize:       2048 kB
Hugetlb:               0 kB
DirectMap4k:     2734912 kB
DirectMap2M:     5240832 kB
DirectMap1G:    58720256 kB

