MemTotal:       65439348 kB
MemFree:        64228468 kB
MemAvailable:   63978896 kB
Buffers:           39628 kB
Cached:           287904 kB
SwapCached:            0 kB
Active:           133352 kB
Inactive:         254540 kB
Active(anon):       3228 kB
Inactive(anon):    72616 kB
Active(file):     130124 kB
Inactive(file):   181924 kB
Unevictable:       19496 kB
Mlocked:           19496 kB
SwapTotal:       1996796 kB
SwapFree:        1996796 kB
Dirty:               340 kB
Writeback:             0 kB
AnonPages:         79912 kB
Mapped:            77808 kB
Shmem:              6376 kB
KReclaimable:      69380 kB
Slab:             293544 kB
SReclaimable:      69380 kB
SUnreclaim:       224164 kB
KernelStack:       10112 kB
PageTables:         2388 kB
NFS_Unstable:          0 kB
Bounce:                0 kB
WritebackTmp:          0 kB
CommitLimit:    34716468 kB
Committed_AS:     790620 kB
VmallocTotal:   34359738367 kB
VmallocUsed:       39144 kB
VmallocChunk:          0 kB
Percpu:           115776 kB
HardwareCorrupted:     0 kB
AnonHugePages:         0 kB
ShmemHugePages:        0 kB
ShmemPmdMapped:        0 kB
FileHugePages:         0 kB
FilePmdMapped:         0 kB
HugePages_Total:       0
HugePages_Free:        0
HugePages_Rsvd:        0
HugePages_Surp:        0
Hugepagesize:       2048 kB
Hugetlb:               0 kB
DirectMap4k:     2661184 kB
DirectMap2M:     5314560 kB
DirectMap1G:    58720256 kB

