MemTotal:       65439348 kB
MemFree:        63742500 kB
MemAvailable:   63832496 kB
Buffers:           56176 kB
Cached:           602016 kB
SwapCached:            0 kB
Active:           204144 kB
Inactive:         520020 kB
Active(anon):       3248 kB
Inactive(anon):    78212 kB
Active(file):     200896 kB
Inactive(file):   441808 kB
Unevictable:       19496 kB
Mlocked:           19496 kB
SwapTotal:       1996796 kB
SwapFree:        1996796 kB
Dirty:                72 kB
Writeback:             0 kB
AnonPages:         85528 kB
Mapped:            96376 kB
Shmem:              6380 kB
KReclaimable:      87204 kB
Slab:             324136 kB
SReclaimable:      87204 kB
SUnreclaim:       236932 kB
KernelStack:       10144 kB
PageTables:         2620 kB
NFS_Unstable:          0 kB
Bounce:                0 kB
WritebackTmp:          0 kB
CommitLimit:    34716468 kB
Committed_AS:     854432 kB
VmallocTotal:   34359738367 kB
VmallocUsed:       44024 kB
VmallocChunk:          0 kB
Percpu:           231552 kB
HardwareCorrupted:     0 kB
AnonHugePages:         0 kB
ShmemHugePages:        0 kB
ShmemPmdMapped:        0 kB
FileHugePages:         0 kB
FilePmdMapped:         0 kB
HugePages_Total:       0
HugePages_Free:        0
HugePages_Rsvd:        0
HugePages_Surp:        0
Hugepagesize:       2048 kB
Hugetlb:               0 kB
DirectMap4k:     2808640 kB
DirectMap2M:     5167104 kB
DirectMap1G:    58720256 kB

