MemTotal:       65439348 kB
MemFree:        63925092 kB
MemAvailable:   63929316 kB
Buffers:           45704 kB
Cached:           531532 kB
SwapCached:            0 kB
Active:           154000 kB
Inactive:         485424 kB
Active(anon):       3228 kB
Inactive(anon):    74440 kB
Active(file):     150772 kB
Inactive(file):   410984 kB
Unevictable:       19496 kB
Mlocked:           19496 kB
SwapTotal:       1996796 kB
SwapFree:        1996796 kB
Dirty:               116 kB
Writeback:             0 kB
AnonPages:         81652 kB
Mapped:            81428 kB
Shmem:              6380 kB
KReclaimable:      77560 kB
Slab:             307072 kB
SReclaimable:      77560 kB
SUnreclaim:       229512 kB
KernelStack:       10096 kB
PageTables:         2756 kB
NFS_Unstable:          0 kB
Bounce:                0 kB
WritebackTmp:          0 kB
CommitLimit:    34716468 kB
Committed_AS:     799204 kB
VmallocTotal:   34359738367 kB
VmallocUsed:       40612 kB
VmallocChunk:          0 kB
Percpu:           156864 kB
HardwareCorrupted:     0 kB
AnonHugePages:         0 kB
ShmemHugePages:        0 kB
ShmemPmdMapped:        0 kB
FileHugePages:         0 kB
FilePmdMapped:         0 kB
HugePages_Total:       0
HugePages_Free:        0
HugePages_Rsvd:        0
HugePages_Surp:        0
Hugepagesize:       2048 kB
Hugetlb:               0 kB
DirectMap4k:     2718528 kB
DirectMap2M:     5257216 kB
DirectMap1G:    58720256 kB

