MemTotal:       65439348 kB
MemFree:        63876312 kB
MemAvailable:   63905356 kB
Buffers:           48636 kB
Cached:           551988 kB
SwapCached:            0 kB
Active:           156944 kB
Inactive:         504344 kB
Active(anon):       3240 kB
Inactive(anon):    72900 kB
Active(file):     153704 kB
Inactive(file):   431444 kB
Unevictable:       19496 kB
Mlocked:           19496 kB
SwapTotal:       1996796 kB
SwapFree:        1996796 kB
Dirty:               656 kB
Writeback:             0 kB
AnonPages:         80196 kB
Mapped:            82852 kB
Shmem:              6376 kB
KReclaimable:      80412 kB
Slab:             311720 kB
SReclaimable:      80412 kB
SUnreclaim:       231308 kB
KernelStack:        9968 kB
PageTables:         2424 kB
NFS_Unstable:          0 kB
Bounce:                0 kB
WritebackTmp:          0 kB
CommitLimit:    34716468 kB
Committed_AS:     799204 kB
VmallocTotal:   34359738367 kB
VmallocUsed:       41536 kB
VmallocChunk:          0 kB
Percpu:           178560 kB
HardwareCorrupted:     0 kB
AnonHugePages:         0 kB
ShmemHugePages:        0 kB
ShmemPmdMapped:        0 kB
FileHugePages:         0 kB
FilePmdMapped:         0 kB
HugePages_Total:       0
HugePages_Free:        0
HugePages_Rsvd:        0
HugePages_Surp:        0
Hugepagesize:       2048 kB
Hugetlb:               0 kB
DirectMap4k:     2747200 kB
DirectMap2M:     5228544 kB
DirectMap1G:    58720256 kB

