MemTotal:       65439348 kB
MemFree:        64237808 kB
MemAvailable:   63986144 kB
Buffers:           39352 kB
Cached:           286152 kB
SwapCached:            0 kB
Active:           133076 kB
Inactive:         253268 kB
Active(anon):       3220 kB
Inactive(anon):    73096 kB
Active(file):     129856 kB
Inactive(file):   180172 kB
Unevictable:       19496 kB
Mlocked:           19496 kB
SwapTotal:       1996796 kB
SwapFree:        1996796 kB
Dirty:               672 kB
Writeback:             0 kB
AnonPages:         80876 kB
Mapped:            77784 kB
Shmem:              6376 kB
KReclaimable:      69236 kB
Slab:             293176 kB
SReclaimable:      69236 kB
SUnreclaim:       223940 kB
KernelStack:       10112 kB
PageTables:         2280 kB
NFS_Unstable:          0 kB
Bounce:                0 kB
WritebackTmp:          0 kB
CommitLimit:    34716468 kB
Committed_AS:     790364 kB
VmallocTotal:   34359738367 kB
VmallocUsed:       39032 kB
VmallocChunk:          0 kB
Percpu:           114048 kB
HardwareCorrupted:     0 kB
AnonHugePages:         0 kB
ShmemHugePages:        0 kB
ShmemPmdMapped:        0 kB
FileHugePages:         0 kB
FilePmdMapped:         0 kB
HugePages_Total:       0
HugePages_Free:        0
HugePages_Rsvd:        0
HugePages_Surp:        0
Hugepagesize:       2048 kB
Hugetlb:               0 kB
DirectMap4k:     2659136 kB
DirectMap2M:     5316608 kB
DirectMap1G:    58720256 kB

