MemTotal:       65439348 kB
MemFree:        63690912 kB
MemAvailable:   63806884 kB
Buffers:           59248 kB
Cached:           623464 kB
SwapCached:            0 kB
Active:           212144 kB
Inactive:         531244 kB
Active(anon):       3244 kB
Inactive(anon):    72916 kB
Active(file):     208900 kB
Inactive(file):   458328 kB
Unevictable:       19496 kB
Mlocked:           19496 kB
SwapTotal:       1996796 kB
SwapFree:        1996796 kB
Dirty:               804 kB
Writeback:             0 kB
AnonPages:         80272 kB
Mapped:            88564 kB
Shmem:              6376 kB
KReclaimable:      90108 kB
Slab:             328768 kB
SReclaimable:      90108 kB
SUnreclaim:       238660 kB
KernelStack:       10016 kB
PageTables:         2452 kB
NFS_Unstable:          0 kB
Bounce:                0 kB
WritebackTmp:          0 kB
CommitLimit:    34716468 kB
Committed_AS:     808036 kB
VmallocTotal:   34359738367 kB
VmallocUsed:       44920 kB
VmallocChunk:          0 kB
Percpu:           254976 kB
HardwareCorrupted:     0 kB
AnonHugePages:         0 kB
ShmemHugePages:        0 kB
ShmemPmdMapped:        0 kB
FileHugePages:         0 kB
FilePmdMapped:         0 kB
HugePages_Total:       0
HugePages_Free:        0
HugePages_Rsvd:        0
HugePages_Surp:        0
Hugepagesize:       2048 kB
Hugetlb:               0 kB
DirectMap4k:     2835264 kB
DirectMap2M:     5140480 kB
DirectMap1G:    58720256 kB

