MemTotal:       65439348 kB
MemFree:        64288872 kB
MemAvailable:   64005368 kB
Buffers:           35552 kB
Cached:           259704 kB
SwapCached:            0 kB
Active:           128364 kB
Inactive:         227980 kB
Active(anon):       3224 kB
Inactive(anon):    73360 kB
Active(file):     125140 kB
Inactive(file):   154620 kB
Unevictable:       19496 kB
Mlocked:           19496 kB
SwapTotal:       1996796 kB
SwapFree:        1996796 kB
Dirty:               844 kB
Writeback:             0 kB
AnonPages:         81216 kB
Mapped:            75608 kB
Shmem:              6380 kB
KReclaimable:      66092 kB
Slab:             288360 kB
SReclaimable:      66092 kB
SUnreclaim:       222268 kB
KernelStack:       10080 kB
PageTables:         2632 kB
NFS_Unstable:          0 kB
Bounce:                0 kB
WritebackTmp:          0 kB
CommitLimit:    34716468 kB
Committed_AS:     790356 kB
VmallocTotal:   34359738367 kB
VmallocUsed:       38532 kB
VmallocChunk:          0 kB
Percpu:            96576 kB
HardwareCorrupted:     0 kB
AnonHugePages:         0 kB
ShmemHugePages:        0 kB
ShmemPmdMapped:        0 kB
FileHugePages:         0 kB
FilePmdMapped:         0 kB
HugePages_Total:       0
HugePages_Free:        0
HugePages_Rsvd:        0
HugePages_Surp:        0
Hugepagesize:       2048 kB
Hugetlb:               0 kB
DirectMap4k:     2257728 kB
DirectMap2M:     5718016 kB
DirectMap1G:    58720256 kB

