MemTotal:       65439348 kB
MemFree:        63862716 kB
MemAvailable:   63897924 kB
Buffers:           49248 kB
Cached:           557272 kB
SwapCached:            0 kB
Active:           157716 kB
Inactive:         509272 kB
Active(anon):       3244 kB
Inactive(anon):    72712 kB
Active(file):     154472 kB
Inactive(file):   436560 kB
Unevictable:       19496 kB
Mlocked:           19496 kB
SwapTotal:       1996796 kB
SwapFree:        1996796 kB
Dirty:                28 kB
Writeback:             0 kB
AnonPages:         80024 kB
Mapped:            83132 kB
Shmem:              6376 kB
KReclaimable:      80976 kB
Slab:             312524 kB
SReclaimable:      80976 kB
SUnreclaim:       231548 kB
KernelStack:        9920 kB
PageTables:         2436 kB
NFS_Unstable:          0 kB
Bounce:                0 kB
WritebackTmp:          0 kB
CommitLimit:    34716468 kB
Committed_AS:     799592 kB
VmallocTotal:   34359738367 kB
VmallocUsed:       41552 kB
VmallocChunk:          0 kB
Percpu:           182784 kB
HardwareCorrupted:     0 kB
AnonHugePages:         0 kB
ShmemHugePages:        0 kB
ShmemPmdMapped:        0 kB
FileHugePages:         0 kB
FilePmdMapped:         0 kB
HugePages_Total:       0
HugePages_Free:        0
HugePages_Rsvd:        0
HugePages_Surp:        0
Hugepagesize:       2048 kB
Hugetlb:               0 kB
DirectMap4k:     2747200 kB
DirectMap2M:     5228544 kB
DirectMap1G:    58720256 kB

