MemTotal:       65439348 kB
MemFree:        64222444 kB
MemAvailable:   63977680 kB
Buffers:           40192 kB
Cached:           291772 kB
SwapCached:            0 kB
Active:           133912 kB
Inactive:         259028 kB
Active(anon):       3224 kB
Inactive(anon):    73240 kB
Active(file):     130688 kB
Inactive(file):   185788 kB
Unevictable:       19496 kB
Mlocked:           19496 kB
SwapTotal:       1996796 kB
SwapFree:        1996796 kB
Dirty:               684 kB
Writeback:             0 kB
AnonPages:         80592 kB
Mapped:            78016 kB
Shmem:              6376 kB
KReclaimable:      70140 kB
Slab:             295172 kB
SReclaimable:      70140 kB
SUnreclaim:       225032 kB
KernelStack:       10080 kB
PageTables:         2640 kB
NFS_Unstable:          0 kB
Bounce:                0 kB
WritebackTmp:          0 kB
CommitLimit:    34716468 kB
Committed_AS:     790364 kB
VmallocTotal:   34359738367 kB
VmallocUsed:       39468 kB
VmallocChunk:          0 kB
Percpu:           120000 kB
HardwareCorrupted:     0 kB
AnonHugePages:         0 kB
ShmemHugePages:        0 kB
ShmemPmdMapped:        0 kB
FileHugePages:         0 kB
FilePmdMapped:         0 kB
HugePages_Total:       0
HugePages_Free:        0
HugePages_Rsvd:        0
HugePages_Surp:        0
Hugepagesize:       2048 kB
Hugetlb:               0 kB
DirectMap4k:     2669376 kB
DirectMap2M:     5306368 kB
DirectMap1G:    58720256 kB

