MemTotal:       65439348 kB
MemFree:        63817124 kB
MemAvailable:   63874132 kB
Buffers:           52012 kB
Cached:           574972 kB
SwapCached:            0 kB
Active:           199292 kB
Inactive:         490800 kB
Active(anon):       3240 kB
Inactive(anon):    75344 kB
Active(file):     196052 kB
Inactive(file):   415456 kB
Unevictable:       19496 kB
Mlocked:           19496 kB
SwapTotal:       1996796 kB
SwapFree:        1996796 kB
Dirty:               716 kB
Writeback:             0 kB
AnonPages:         82616 kB
Mapped:            84788 kB
Shmem:              6376 kB
KReclaimable:      83620 kB
Slab:             317388 kB
SReclaimable:      83620 kB
SUnreclaim:       233768 kB
KernelStack:       10016 kB
PageTables:         2088 kB
NFS_Unstable:          0 kB
Bounce:                0 kB
WritebackTmp:          0 kB
CommitLimit:    34716468 kB
Committed_AS:     807648 kB
VmallocTotal:   34359738367 kB
VmallocUsed:       42712 kB
VmallocChunk:          0 kB
Percpu:           201984 kB
HardwareCorrupted:     0 kB
AnonHugePages:         0 kB
ShmemHugePages:        0 kB
ShmemPmdMapped:        0 kB
FileHugePages:         0 kB
FilePmdMapped:         0 kB
HugePages_Total:       0
HugePages_Free:        0
HugePages_Rsvd:        0
HugePages_Surp:        0
Hugepagesize:       2048 kB
Hugetlb:               0 kB
DirectMap4k:     2769728 kB
DirectMap2M:     5206016 kB
DirectMap1G:    58720256 kB

