MemTotal:       65439348 kB
MemFree:        63823136 kB
MemAvailable:   63876496 kB
Buffers:           51572 kB
Cached:           571988 kB
SwapCached:            0 kB
Active:           198824 kB
Inactive:         485644 kB
Active(anon):       3244 kB
Inactive(anon):    73172 kB
Active(file):     195580 kB
Inactive(file):   412472 kB
Unevictable:       19496 kB
Mlocked:           19496 kB
SwapTotal:       1996796 kB
SwapFree:        1996796 kB
Dirty:               176 kB
Writeback:             0 kB
AnonPages:         80476 kB
Mapped:            84280 kB
Shmem:              6376 kB
KReclaimable:      83236 kB
Slab:             315796 kB
SReclaimable:      83236 kB
SUnreclaim:       232560 kB
KernelStack:       10032 kB
PageTables:         2496 kB
NFS_Unstable:          0 kB
Bounce:                0 kB
WritebackTmp:          0 kB
CommitLimit:    34716468 kB
Committed_AS:     808036 kB
VmallocTotal:   34359738367 kB
VmallocUsed:       42744 kB
VmallocChunk:          0 kB
Percpu:           198912 kB
HardwareCorrupted:     0 kB
AnonHugePages:         0 kB
ShmemHugePages:        0 kB
ShmemPmdMapped:        0 kB
FileHugePages:         0 kB
FilePmdMapped:         0 kB
HugePages_Total:       0
HugePages_Free:        0
HugePages_Rsvd:        0
HugePages_Surp:        0
Hugepagesize:       2048 kB
Hugetlb:               0 kB
DirectMap4k:     2769728 kB
DirectMap2M:     5206016 kB
DirectMap1G:    58720256 kB

