MemTotal:       65439348 kB
MemFree:        63745632 kB
MemAvailable:   63834112 kB
Buffers:           56008 kB
Cached:           600776 kB
SwapCached:            0 kB
Active:           203992 kB
Inactive:         519040 kB
Active(anon):       3256 kB
Inactive(anon):    78476 kB
Active(file):     200736 kB
Inactive(file):   440564 kB
Unevictable:       19496 kB
Mlocked:           19496 kB
SwapTotal:       1996796 kB
SwapFree:        1996796 kB
Dirty:               684 kB
Writeback:             0 kB
AnonPages:         85856 kB
Mapped:            96264 kB
Shmem:              6384 kB
KReclaimable:      86984 kB
Slab:             323640 kB
SReclaimable:      86984 kB
SUnreclaim:       236656 kB
KernelStack:       10224 kB
PageTables:         2848 kB
NFS_Unstable:          0 kB
Bounce:                0 kB
WritebackTmp:          0 kB
CommitLimit:    34716468 kB
Committed_AS:     854036 kB
VmallocTotal:   34359738367 kB
VmallocUsed:       44056 kB
VmallocChunk:          0 kB
Percpu:           230400 kB
HardwareCorrupted:     0 kB
AnonHugePages:         0 kB
ShmemHugePages:        0 kB
ShmemPmdMapped:        0 kB
FileHugePages:         0 kB
FilePmdMapped:         0 kB
HugePages_Total:       0
HugePages_Free:        0
HugePages_Rsvd:        0
HugePages_Surp:        0
Hugepagesize:       2048 kB
Hugetlb:               0 kB
DirectMap4k:     2806592 kB
DirectMap2M:     5169152 kB
DirectMap1G:    58720256 kB

