MemTotal:       65439348 kB
MemFree:        64289036 kB
MemAvailable:   64008436 kB
Buffers:           35904 kB
Cached:           262116 kB
SwapCached:            0 kB
Active:           128716 kB
Inactive:         229284 kB
Active(anon):       3216 kB
Inactive(anon):    72248 kB
Active(file):     125500 kB
Inactive(file):   157036 kB
Unevictable:       19496 kB
Mlocked:           19496 kB
SwapTotal:       1996796 kB
SwapFree:        1996796 kB
Dirty:               156 kB
Writeback:             0 kB
AnonPages:         79624 kB
Mapped:            75328 kB
Shmem:              6376 kB
KReclaimable:      66352 kB
Slab:             288180 kB
SReclaimable:      66352 kB
SUnreclaim:       221828 kB
KernelStack:       10032 kB
PageTables:         2388 kB
NFS_Unstable:          0 kB
Bounce:                0 kB
WritebackTmp:          0 kB
CommitLimit:    34716468 kB
Committed_AS:     790612 kB
VmallocTotal:   34359738367 kB
VmallocUsed:       38532 kB
VmallocChunk:          0 kB
Percpu:            96576 kB
HardwareCorrupted:     0 kB
AnonHugePages:         0 kB
ShmemHugePages:        0 kB
ShmemPmdMapped:        0 kB
FileHugePages:         0 kB
FilePmdMapped:         0 kB
HugePages_Total:       0
HugePages_Free:        0
HugePages_Rsvd:        0
HugePages_Surp:        0
Hugepagesize:       2048 kB
Hugetlb:               0 kB
DirectMap4k:     2296640 kB
DirectMap2M:     5679104 kB
DirectMap1G:    58720256 kB

