MemTotal:       65439348 kB
MemFree:        63851172 kB
MemAvailable:   63892744 kB
Buffers:           50112 kB
Cached:           562292 kB
SwapCached:            0 kB
Active:           197380 kB
Inactive:         475972 kB
Active(anon):       3244 kB
Inactive(anon):    73188 kB
Active(file):     194136 kB
Inactive(file):   402784 kB
Unevictable:       19496 kB
Mlocked:           19496 kB
SwapTotal:       1996796 kB
SwapFree:        1996796 kB
Dirty:                72 kB
Writeback:             0 kB
AnonPages:         80540 kB
Mapped:            83548 kB
Shmem:              6376 kB
KReclaimable:      81924 kB
Slab:             313452 kB
SReclaimable:      81924 kB
SUnreclaim:       231528 kB
KernelStack:       10016 kB
PageTables:         2432 kB
NFS_Unstable:          0 kB
Bounce:                0 kB
WritebackTmp:          0 kB
CommitLimit:    34716468 kB
Committed_AS:     799592 kB
VmallocTotal:   34359738367 kB
VmallocUsed:       42196 kB
VmallocChunk:          0 kB
Percpu:           188160 kB
HardwareCorrupted:     0 kB
AnonHugePages:         0 kB
ShmemHugePages:        0 kB
ShmemPmdMapped:        0 kB
FileHugePages:         0 kB
FilePmdMapped:         0 kB
HugePages_Total:       0
HugePages_Free:        0
HugePages_Rsvd:        0
HugePages_Surp:        0
Hugepagesize:       2048 kB
Hugetlb:               0 kB
DirectMap4k:     2753344 kB
DirectMap2M:     5222400 kB
DirectMap1G:    58720256 kB

