MemTotal:       65439348 kB
MemFree:        63809172 kB
MemAvailable:   63870684 kB
Buffers:           52512 kB
Cached:           578732 kB
SwapCached:            0 kB
Active:           199764 kB
Inactive:         492364 kB
Active(anon):       3240 kB
Inactive(anon):    73148 kB
Active(file):     196524 kB
Inactive(file):   419216 kB
Unevictable:       19496 kB
Mlocked:           19496 kB
SwapTotal:       1996796 kB
SwapFree:        1996796 kB
Dirty:               844 kB
Writeback:             0 kB
AnonPages:         80472 kB
Mapped:            85052 kB
Shmem:              6376 kB
KReclaimable:      84168 kB
Slab:             317716 kB
SReclaimable:      84168 kB
SUnreclaim:       233548 kB
KernelStack:        9952 kB
PageTables:         2452 kB
NFS_Unstable:          0 kB
Bounce:                0 kB
WritebackTmp:          0 kB
CommitLimit:    34716468 kB
Committed_AS:     807652 kB
VmallocTotal:   34359738367 kB
VmallocUsed:       42728 kB
VmallocChunk:          0 kB
Percpu:           206208 kB
HardwareCorrupted:     0 kB
AnonHugePages:         0 kB
ShmemHugePages:        0 kB
ShmemPmdMapped:        0 kB
FileHugePages:         0 kB
FilePmdMapped:         0 kB
HugePages_Total:       0
HugePages_Free:        0
HugePages_Rsvd:        0
HugePages_Surp:        0
Hugepagesize:       2048 kB
Hugetlb:               0 kB
DirectMap4k:     2773824 kB
DirectMap2M:     5201920 kB
DirectMap1G:    58720256 kB

