MemTotal:       65439348 kB
MemFree:        64283608 kB
MemAvailable:   64007556 kB
Buffers:           36472 kB
Cached:           265824 kB
SwapCached:            0 kB
Active:           129260 kB
Inactive:         233728 kB
Active(anon):       3200 kB
Inactive(anon):    72984 kB
Active(file):     126060 kB
Inactive(file):   160744 kB
Unevictable:       19496 kB
Mlocked:           19496 kB
SwapTotal:       1996796 kB
SwapFree:        1996796 kB
Dirty:               792 kB
Writeback:             0 kB
AnonPages:         80640 kB
Mapped:            75748 kB
Shmem:              6376 kB
KReclaimable:      66908 kB
Slab:             289324 kB
SReclaimable:      66908 kB
SUnreclaim:       222416 kB
KernelStack:        9872 kB
PageTables:         2116 kB
NFS_Unstable:          0 kB
Bounce:                0 kB
WritebackTmp:          0 kB
CommitLimit:    34716468 kB
Committed_AS:     790360 kB
VmallocTotal:   34359738367 kB
VmallocUsed:       38484 kB
VmallocChunk:          0 kB
Percpu:            96576 kB
HardwareCorrupted:     0 kB
AnonHugePages:         0 kB
ShmemHugePages:        0 kB
ShmemPmdMapped:        0 kB
FileHugePages:         0 kB
FilePmdMapped:         0 kB
HugePages_Total:       0
HugePages_Free:        0
HugePages_Rsvd:        0
HugePages_Surp:        0
Hugepagesize:       2048 kB
Hugetlb:               0 kB
DirectMap4k:     2353984 kB
DirectMap2M:     5621760 kB
DirectMap1G:    58720256 kB

