MemTotal:       65439348 kB
MemFree:        63752420 kB
MemAvailable:   63838896 kB
Buffers:           55776 kB
Cached:           599120 kB
SwapCached:            0 kB
Active:           203724 kB
Inactive:         517444 kB
Active(anon):       3240 kB
Inactive(anon):    78528 kB
Active(file):     200484 kB
Inactive(file):   438916 kB
Unevictable:       19496 kB
Mlocked:           19496 kB
SwapTotal:       1996796 kB
SwapFree:        1996796 kB
Dirty:               956 kB
Writeback:             0 kB
AnonPages:         85804 kB
Mapped:            96184 kB
Shmem:              6380 kB
KReclaimable:      86776 kB
Slab:             323160 kB
SReclaimable:      86776 kB
SUnreclaim:       236384 kB
KernelStack:       10112 kB
PageTables:         2764 kB
NFS_Unstable:          0 kB
Bounce:                0 kB
WritebackTmp:          0 kB
CommitLimit:    34716468 kB
Committed_AS:     854036 kB
VmallocTotal:   34359738367 kB
VmallocUsed:       43992 kB
VmallocChunk:          0 kB
Percpu:           228672 kB
HardwareCorrupted:     0 kB
AnonHugePages:         0 kB
ShmemHugePages:        0 kB
ShmemPmdMapped:        0 kB
FileHugePages:         0 kB
FilePmdMapped:         0 kB
HugePages_Total:       0
HugePages_Free:        0
HugePages_Rsvd:        0
HugePages_Surp:        0
Hugepagesize:       2048 kB
Hugetlb:               0 kB
DirectMap4k:     2802496 kB
DirectMap2M:     5173248 kB
DirectMap1G:    58720256 kB

