MemTotal:       65439348 kB
MemFree:        63696492 kB
MemAvailable:   63811100 kB
Buffers:           59080 kB
Cached:           622352 kB
SwapCached:            0 kB
Active:           211988 kB
Inactive:         530256 kB
Active(anon):       3244 kB
Inactive(anon):    73056 kB
Active(file):     208744 kB
Inactive(file):   457200 kB
Unevictable:       19496 kB
Mlocked:           19496 kB
SwapTotal:       1996796 kB
SwapFree:        1996796 kB
Dirty:               172 kB
Writeback:             0 kB
AnonPages:         80404 kB
Mapped:            88496 kB
Shmem:              6376 kB
KReclaimable:      89948 kB
Slab:             329532 kB
SReclaimable:      89948 kB
SUnreclaim:       239584 kB
KernelStack:        9984 kB
PageTables:         2460 kB
NFS_Unstable:          0 kB
Bounce:                0 kB
WritebackTmp:          0 kB
CommitLimit:    34716468 kB
Committed_AS:     808040 kB
VmallocTotal:   34359738367 kB
VmallocUsed:       44840 kB
VmallocChunk:          0 kB
Percpu:           253824 kB
HardwareCorrupted:     0 kB
AnonHugePages:         0 kB
ShmemHugePages:        0 kB
ShmemPmdMapped:        0 kB
FileHugePages:         0 kB
FilePmdMapped:         0 kB
HugePages_Total:       0
HugePages_Free:        0
HugePages_Rsvd:        0
HugePages_Surp:        0
Hugepagesize:       2048 kB
Hugetlb:               0 kB
DirectMap4k:     2835264 kB
DirectMap2M:     5140480 kB
DirectMap1G:    58720256 kB

