MemTotal:       65439348 kB
MemFree:        63880928 kB
MemAvailable:   63906224 kB
Buffers:           48248 kB
Cached:           548952 kB
SwapCached:            0 kB
Active:           156548 kB
Inactive:         501368 kB
Active(anon):       3244 kB
Inactive(anon):    72960 kB
Active(file):     153304 kB
Inactive(file):   428408 kB
Unevictable:       19496 kB
Mlocked:           19496 kB
SwapTotal:       1996796 kB
SwapFree:        1996796 kB
Dirty:                28 kB
Writeback:             0 kB
AnonPages:         80272 kB
Mapped:            82700 kB
Shmem:              6376 kB
KReclaimable:      79788 kB
Slab:             310080 kB
SReclaimable:      79788 kB
SUnreclaim:       230292 kB
KernelStack:        9936 kB
PageTables:         2428 kB
NFS_Unstable:          0 kB
Bounce:                0 kB
WritebackTmp:          0 kB
CommitLimit:    34716468 kB
Committed_AS:     799596 kB
VmallocTotal:   34359738367 kB
VmallocUsed:       41712 kB
VmallocChunk:          0 kB
Percpu:           175488 kB
HardwareCorrupted:     0 kB
AnonHugePages:         0 kB
ShmemHugePages:        0 kB
ShmemPmdMapped:        0 kB
FileHugePages:         0 kB
FilePmdMapped:         0 kB
HugePages_Total:       0
HugePages_Free:        0
HugePages_Rsvd:        0
HugePages_Surp:        0
Hugepagesize:       2048 kB
Hugetlb:               0 kB
DirectMap4k:     2741056 kB
DirectMap2M:     5234688 kB
DirectMap1G:    58720256 kB

