MemTotal:       65439348 kB
MemFree:        64268476 kB
MemAvailable:   64000828 kB
Buffers:           37616 kB
Cached:           272604 kB
SwapCached:            0 kB
Active:           130432 kB
Inactive:         240072 kB
Active(anon):       3216 kB
Inactive(anon):    72552 kB
Active(file):     127216 kB
Inactive(file):   167520 kB
Unevictable:       19496 kB
Mlocked:           19496 kB
SwapTotal:       1996796 kB
SwapFree:        1996796 kB
Dirty:               144 kB
Writeback:             0 kB
AnonPages:         79896 kB
Mapped:            76120 kB
Shmem:              6376 kB
KReclaimable:      67856 kB
Slab:             291128 kB
SReclaimable:      67856 kB
SUnreclaim:       223272 kB
KernelStack:        9984 kB
PageTables:         2384 kB
NFS_Unstable:          0 kB
Bounce:                0 kB
WritebackTmp:          0 kB
CommitLimit:    34716468 kB
Committed_AS:     790612 kB
VmallocTotal:   34359738367 kB
VmallocUsed:       38564 kB
VmallocChunk:          0 kB
Percpu:           100800 kB
HardwareCorrupted:     0 kB
AnonHugePages:         0 kB
ShmemHugePages:        0 kB
ShmemPmdMapped:        0 kB
FileHugePages:         0 kB
FilePmdMapped:         0 kB
HugePages_Total:       0
HugePages_Free:        0
HugePages_Rsvd:        0
HugePages_Surp:        0
Hugepagesize:       2048 kB
Hugetlb:               0 kB
DirectMap4k:     2464576 kB
DirectMap2M:     5511168 kB
DirectMap1G:    58720256 kB

