MemTotal:       65439348 kB
MemFree:        63866516 kB
MemAvailable:   63900228 kB
Buffers:           49012 kB
Cached:           556096 kB
SwapCached:            0 kB
Active:           157484 kB
Inactive:         508104 kB
Active(anon):       3244 kB
Inactive(anon):    72720 kB
Active(file):     154240 kB
Inactive(file):   435384 kB
Unevictable:       19496 kB
Mlocked:           19496 kB
SwapTotal:       1996796 kB
SwapFree:        1996796 kB
Dirty:               188 kB
Writeback:             0 kB
AnonPages:         80084 kB
Mapped:            83080 kB
Shmem:              6376 kB
KReclaimable:      80800 kB
Slab:             311792 kB
SReclaimable:      80800 kB
SUnreclaim:       230992 kB
KernelStack:        9968 kB
PageTables:         2432 kB
NFS_Unstable:          0 kB
Bounce:                0 kB
WritebackTmp:          0 kB
CommitLimit:    34716468 kB
Committed_AS:     799588 kB
VmallocTotal:   34359738367 kB
VmallocUsed:       41648 kB
VmallocChunk:          0 kB
Percpu:           181632 kB
HardwareCorrupted:     0 kB
AnonHugePages:         0 kB
ShmemHugePages:        0 kB
ShmemPmdMapped:        0 kB
FileHugePages:         0 kB
FilePmdMapped:         0 kB
HugePages_Total:       0
HugePages_Free:        0
HugePages_Rsvd:        0
HugePages_Surp:        0
Hugepagesize:       2048 kB
Hugetlb:               0 kB
DirectMap4k:     2747200 kB
DirectMap2M:     5228544 kB
DirectMap1G:    58720256 kB

