MemTotal:       65439348 kB
MemFree:        64321676 kB
MemAvailable:   64017896 kB
Buffers:           31120 kB
Cached:           247308 kB
SwapCached:            0 kB
Active:           122272 kB
Inactive:         216288 kB
Active(anon):       3216 kB
Inactive(anon):    72400 kB
Active(file):     119056 kB
Inactive(file):   143888 kB
Unevictable:       19496 kB
Mlocked:           19496 kB
SwapTotal:       1996796 kB
SwapFree:        1996796 kB
Dirty:               752 kB
Writeback:             0 kB
AnonPages:         79668 kB
Mapped:            74344 kB
Shmem:              6376 kB
KReclaimable:      56240 kB
Slab:             276648 kB
SReclaimable:      56240 kB
SUnreclaim:       220408 kB
KernelStack:        9952 kB
PageTables:         2392 kB
NFS_Unstable:          0 kB
Bounce:                0 kB
WritebackTmp:          0 kB
CommitLimit:    34716468 kB
Committed_AS:     790352 kB
VmallocTotal:   34359738367 kB
VmallocUsed:       38452 kB
VmallocChunk:          0 kB
Percpu:            96576 kB
HardwareCorrupted:     0 kB
AnonHugePages:         0 kB
ShmemHugePages:        0 kB
ShmemPmdMapped:        0 kB
FileHugePages:         0 kB
FilePmdMapped:         0 kB
HugePages_Total:       0
HugePages_Free:        0
HugePages_Rsvd:        0
HugePages_Surp:        0
Hugepagesize:       2048 kB
Hugetlb:               0 kB
DirectMap4k:     2097984 kB
DirectMap2M:     5877760 kB
DirectMap1G:    58720256 kB

