MemTotal:       65439348 kB
MemFree:        64295916 kB
MemAvailable:   64007456 kB
Buffers:           35000 kB
Cached:           255120 kB
SwapCached:            0 kB
Active:           127268 kB
Inactive:         223864 kB
Active(anon):       3216 kB
Inactive(anon):    72820 kB
Active(file):     124052 kB
Inactive(file):   151044 kB
Unevictable:       19496 kB
Mlocked:           19496 kB
SwapTotal:       1996796 kB
SwapFree:        1996796 kB
Dirty:                28 kB
Writeback:             0 kB
AnonPages:         80076 kB
Mapped:            74832 kB
Shmem:              6376 kB
KReclaimable:      65508 kB
Slab:             286756 kB
SReclaimable:      65508 kB
SUnreclaim:       221248 kB
KernelStack:        9904 kB
PageTables:         2388 kB
NFS_Unstable:          0 kB
Bounce:                0 kB
WritebackTmp:          0 kB
CommitLimit:    34716468 kB
Committed_AS:     790612 kB
VmallocTotal:   34359738367 kB
VmallocUsed:       38500 kB
VmallocChunk:          0 kB
Percpu:            96576 kB
HardwareCorrupted:     0 kB
AnonHugePages:         0 kB
ShmemHugePages:        0 kB
ShmemPmdMapped:        0 kB
FileHugePages:         0 kB
FilePmdMapped:         0 kB
HugePages_Total:       0
HugePages_Free:        0
HugePages_Rsvd:        0
HugePages_Surp:        0
Hugepagesize:       2048 kB
Hugetlb:               0 kB
DirectMap4k:     2198336 kB
DirectMap2M:     5777408 kB
DirectMap1G:    58720256 kB

