MemTotal:       65439348 kB
MemFree:        64171268 kB
MemAvailable:   63954568 kB
Buffers:           42356 kB
Cached:           316684 kB
SwapCached:            0 kB
Active:           137772 kB
Inactive:         288476 kB
Active(anon):       3228 kB
Inactive(anon):    79460 kB
Active(file):     134544 kB
Inactive(file):   209016 kB
Unevictable:       19496 kB
Mlocked:           19496 kB
SwapTotal:       1996796 kB
SwapFree:        1996796 kB
Dirty:                24 kB
Writeback:             0 kB
AnonPages:         86756 kB
Mapped:            89096 kB
Shmem:              6376 kB
KReclaimable:      72100 kB
Slab:             299224 kB
SReclaimable:      72100 kB
SUnreclaim:       227124 kB
KernelStack:       10240 kB
PageTables:         2480 kB
NFS_Unstable:          0 kB
Bounce:                0 kB
WritebackTmp:          0 kB
CommitLimit:    34716468 kB
Committed_AS:     837612 kB
VmallocTotal:   34359738367 kB
VmallocUsed:       40296 kB
VmallocChunk:          0 kB
Percpu:           132864 kB
HardwareCorrupted:     0 kB
AnonHugePages:         0 kB
ShmemHugePages:        0 kB
ShmemPmdMapped:        0 kB
FileHugePages:         0 kB
FilePmdMapped:         0 kB
HugePages_Total:       0
HugePages_Free:        0
HugePages_Rsvd:        0
HugePages_Surp:        0
Hugepagesize:       2048 kB
Hugetlb:               0 kB
DirectMap4k:     2689856 kB
DirectMap2M:     5285888 kB
DirectMap1G:    58720256 kB

