MemTotal:       65439348 kB
MemFree:        63795188 kB
MemAvailable:   63863380 kB
Buffers:           53224 kB
Cached:           584348 kB
SwapCached:            0 kB
Active:           200464 kB
Inactive:         498272 kB
Active(anon):       3244 kB
Inactive(anon):    73440 kB
Active(file):     197220 kB
Inactive(file):   424832 kB
Unevictable:       19496 kB
Mlocked:           19496 kB
SwapTotal:       1996796 kB
SwapFree:        1996796 kB
Dirty:               788 kB
Writeback:             0 kB
AnonPages:         80732 kB
Mapped:            85452 kB
Shmem:              6376 kB
KReclaimable:      84900 kB
Slab:             319520 kB
SReclaimable:      84900 kB
SUnreclaim:       234620 kB
KernelStack:       10080 kB
PageTables:         2512 kB
NFS_Unstable:          0 kB
Bounce:                0 kB
WritebackTmp:          0 kB
CommitLimit:    34716468 kB
Committed_AS:     808040 kB
VmallocTotal:   34359738367 kB
VmallocUsed:       43356 kB
VmallocChunk:          0 kB
Percpu:           212160 kB
HardwareCorrupted:     0 kB
AnonHugePages:         0 kB
ShmemHugePages:        0 kB
ShmemPmdMapped:        0 kB
FileHugePages:         0 kB
FilePmdMapped:         0 kB
HugePages_Total:       0
HugePages_Free:        0
HugePages_Rsvd:        0
HugePages_Surp:        0
Hugepagesize:       2048 kB
Hugetlb:               0 kB
DirectMap4k:     2784064 kB
DirectMap2M:     5191680 kB
DirectMap1G:    58720256 kB

