MemTotal:       65439348 kB
MemFree:        64151296 kB
MemAvailable:   63944740 kB
Buffers:           43680 kB
Cached:           324932 kB
SwapCached:            0 kB
Active:           139436 kB
Inactive:         296524 kB
Active(anon):       3248 kB
Inactive(anon):    79580 kB
Active(file):     136188 kB
Inactive(file):   216944 kB
Unevictable:       19496 kB
Mlocked:           19496 kB
SwapTotal:       1996796 kB
SwapFree:        1996796 kB
Dirty:               464 kB
Writeback:             0 kB
AnonPages:         86408 kB
Mapped:            89144 kB
Shmem:              6380 kB
KReclaimable:      73244 kB
Slab:             301728 kB
SReclaimable:      73244 kB
SUnreclaim:       228484 kB
KernelStack:       10112 kB
PageTables:         2668 kB
NFS_Unstable:          0 kB
Bounce:                0 kB
WritebackTmp:          0 kB
CommitLimit:    34716468 kB
Committed_AS:     837868 kB
VmallocTotal:   34359738367 kB
VmallocUsed:       40344 kB
VmallocChunk:          0 kB
Percpu:           141888 kB
HardwareCorrupted:     0 kB
AnonHugePages:         0 kB
ShmemHugePages:        0 kB
ShmemPmdMapped:        0 kB
FileHugePages:         0 kB
FilePmdMapped:         0 kB
HugePages_Total:       0
HugePages_Free:        0
HugePages_Rsvd:        0
HugePages_Surp:        0
Hugepagesize:       2048 kB
Hugetlb:               0 kB
DirectMap4k:     2700096 kB
DirectMap2M:     5275648 kB
DirectMap1G:    58720256 kB

