MemTotal:       65439348 kB
MemFree:        64315492 kB
MemAvailable:   64013580 kB
Buffers:           31688 kB
Cached:           250028 kB
SwapCached:            0 kB
Active:           122832 kB
Inactive:         219832 kB
Active(anon):       3216 kB
Inactive(anon):    73244 kB
Active(file):     119616 kB
Inactive(file):   146588 kB
Unevictable:       19496 kB
Mlocked:           19496 kB
SwapTotal:       1996796 kB
SwapFree:        1996796 kB
Dirty:               548 kB
Writeback:             0 kB
AnonPages:         80976 kB
Mapped:            74856 kB
Shmem:              6376 kB
KReclaimable:      56388 kB
Slab:             277052 kB
SReclaimable:      56388 kB
SUnreclaim:       220664 kB
KernelStack:        9952 kB
PageTables:         2128 kB
NFS_Unstable:          0 kB
Bounce:                0 kB
WritebackTmp:          0 kB
CommitLimit:    34716468 kB
Committed_AS:     790608 kB
VmallocTotal:   34359738367 kB
VmallocUsed:       38340 kB
VmallocChunk:          0 kB
Percpu:            96576 kB
HardwareCorrupted:     0 kB
AnonHugePages:         0 kB
ShmemHugePages:        0 kB
ShmemPmdMapped:        0 kB
FileHugePages:         0 kB
FilePmdMapped:         0 kB
HugePages_Total:       0
HugePages_Free:        0
HugePages_Rsvd:        0
HugePages_Surp:        0
Hugepagesize:       2048 kB
Hugetlb:               0 kB
DirectMap4k:     2143040 kB
DirectMap2M:     5832704 kB
DirectMap1G:    58720256 kB

