MemTotal:       65439348 kB
MemFree:        63723952 kB
MemAvailable:   63823240 kB
Buffers:           57332 kB
Cached:           609692 kB
SwapCached:            0 kB
Active:           205248 kB
Inactive:         527880 kB
Active(anon):       3248 kB
Inactive(anon):    78388 kB
Active(file):     202000 kB
Inactive(file):   449492 kB
Unevictable:       19496 kB
Mlocked:           19496 kB
SwapTotal:       1996796 kB
SwapFree:        1996796 kB
Dirty:               296 kB
Writeback:             0 kB
AnonPages:         85760 kB
Mapped:            96996 kB
Shmem:              6380 kB
KReclaimable:      88212 kB
Slab:             324824 kB
SReclaimable:      88212 kB
SUnreclaim:       236612 kB
KernelStack:       10096 kB
PageTables:         2620 kB
NFS_Unstable:          0 kB
Bounce:                0 kB
WritebackTmp:          0 kB
CommitLimit:    34716468 kB
Committed_AS:     854424 kB
VmallocTotal:   34359738367 kB
VmallocUsed:       44460 kB
VmallocChunk:          0 kB
Percpu:           240000 kB
HardwareCorrupted:     0 kB
AnonHugePages:         0 kB
ShmemHugePages:        0 kB
ShmemPmdMapped:        0 kB
FileHugePages:         0 kB
FilePmdMapped:         0 kB
HugePages_Total:       0
HugePages_Free:        0
HugePages_Rsvd:        0
HugePages_Surp:        0
Hugepagesize:       2048 kB
Hugetlb:               0 kB
DirectMap4k:     2818880 kB
DirectMap2M:     5156864 kB
DirectMap1G:    58720256 kB

