MemTotal:       65439348 kB
MemFree:        63787208 kB
MemAvailable:   63858528 kB
Buffers:           53664 kB
Cached:           586888 kB
SwapCached:            0 kB
Active:           200928 kB
Inactive:         500460 kB
Active(anon):       3240 kB
Inactive(anon):    73100 kB
Active(file):     197688 kB
Inactive(file):   427360 kB
Unevictable:       19496 kB
Mlocked:           19496 kB
SwapTotal:       1996796 kB
SwapFree:        1996796 kB
Dirty:               612 kB
Writeback:             0 kB
AnonPages:         80332 kB
Mapped:            85844 kB
Shmem:              6380 kB
KReclaimable:      85168 kB
Slab:             319548 kB
SReclaimable:      85168 kB
SUnreclaim:       234380 kB
KernelStack:       10048 kB
PageTables:         2480 kB
NFS_Unstable:          0 kB
Bounce:                0 kB
WritebackTmp:          0 kB
CommitLimit:    34716468 kB
Committed_AS:     807648 kB
VmallocTotal:   34359738367 kB
VmallocUsed:       43196 kB
VmallocChunk:          0 kB
Percpu:           215232 kB
HardwareCorrupted:     0 kB
AnonHugePages:         0 kB
ShmemHugePages:        0 kB
ShmemPmdMapped:        0 kB
FileHugePages:         0 kB
FilePmdMapped:         0 kB
HugePages_Total:       0
HugePages_Free:        0
HugePages_Rsvd:        0
HugePages_Surp:        0
Hugepagesize:       2048 kB
Hugetlb:               0 kB
DirectMap4k:     2788160 kB
DirectMap2M:     5187584 kB
DirectMap1G:    58720256 kB

