MemTotal:       65439348 kB
MemFree:        63918252 kB
MemAvailable:   63926972 kB
Buffers:           46224 kB
Cached:           535188 kB
SwapCached:            0 kB
Active:           154524 kB
Inactive:         487900 kB
Active(anon):       3240 kB
Inactive(anon):    73256 kB
Active(file):     151284 kB
Inactive(file):   414644 kB
Unevictable:       19496 kB
Mlocked:           19496 kB
SwapTotal:       1996796 kB
SwapFree:        1996796 kB
Dirty:               684 kB
Writeback:             0 kB
AnonPages:         80732 kB
Mapped:            81588 kB
Shmem:              6376 kB
KReclaimable:      78208 kB
Slab:             306840 kB
SReclaimable:      78208 kB
SUnreclaim:       228632 kB
KernelStack:       10176 kB
PageTables:         2684 kB
NFS_Unstable:          0 kB
Bounce:                0 kB
WritebackTmp:          0 kB
CommitLimit:    34716468 kB
Committed_AS:     799208 kB
VmallocTotal:   34359738367 kB
VmallocUsed:       41164 kB
VmallocChunk:          0 kB
Percpu:           160512 kB
HardwareCorrupted:     0 kB
AnonHugePages:         0 kB
ShmemHugePages:        0 kB
ShmemPmdMapped:        0 kB
FileHugePages:         0 kB
FilePmdMapped:         0 kB
HugePages_Total:       0
HugePages_Free:        0
HugePages_Rsvd:        0
HugePages_Surp:        0
Hugepagesize:       2048 kB
Hugetlb:               0 kB
DirectMap4k:     2720576 kB
DirectMap2M:     5255168 kB
DirectMap1G:    58720256 kB

