MemTotal:       65439348 kB
MemFree:        63759008 kB
MemAvailable:   63840176 kB
Buffers:           54996 kB
Cached:           594868 kB
SwapCached:            0 kB
Active:           202968 kB
Inactive:         513632 kB
Active(anon):       3252 kB
Inactive(anon):    78964 kB
Active(file):     199716 kB
Inactive(file):   434668 kB
Unevictable:       19496 kB
Mlocked:           19496 kB
SwapTotal:       1996796 kB
SwapFree:        1996796 kB
Dirty:               404 kB
Writeback:             0 kB
AnonPages:         86368 kB
Mapped:            95820 kB
Shmem:              6380 kB
KReclaimable:      86188 kB
Slab:             322008 kB
SReclaimable:      86188 kB
SUnreclaim:       235820 kB
KernelStack:       10032 kB
PageTables:         2664 kB
NFS_Unstable:          0 kB
Bounce:                0 kB
WritebackTmp:          0 kB
CommitLimit:    34716468 kB
Committed_AS:     854424 kB
VmallocTotal:   34359738367 kB
VmallocUsed:       44024 kB
VmallocChunk:          0 kB
Percpu:           223680 kB
HardwareCorrupted:     0 kB
AnonHugePages:         0 kB
ShmemHugePages:        0 kB
ShmemPmdMapped:        0 kB
FileHugePages:         0 kB
FilePmdMapped:         0 kB
HugePages_Total:       0
HugePages_Free:        0
HugePages_Rsvd:        0
HugePages_Surp:        0
Hugepagesize:       2048 kB
Hugetlb:               0 kB
DirectMap4k:     2800448 kB
DirectMap2M:     5175296 kB
DirectMap1G:    58720256 kB

