MemTotal:       65439348 kB
MemFree:        64140304 kB
MemAvailable:   63938636 kB
Buffers:           44256 kB
Cached:           328880 kB
SwapCached:            0 kB
Active:           140004 kB
Inactive:         299152 kB
Active(anon):       3248 kB
Inactive(anon):    78264 kB
Active(file):     136756 kB
Inactive(file):   220888 kB
Unevictable:       19496 kB
Mlocked:           19496 kB
SwapTotal:       1996796 kB
SwapFree:        1996796 kB
Dirty:               168 kB
Writeback:             0 kB
AnonPages:         85636 kB
Mapped:            89392 kB
Shmem:              6380 kB
KReclaimable:      74000 kB
Slab:             302048 kB
SReclaimable:      74000 kB
SUnreclaim:       228048 kB
KernelStack:       10080 kB
PageTables:         2580 kB
NFS_Unstable:          0 kB
Bounce:                0 kB
WritebackTmp:          0 kB
CommitLimit:    34716468 kB
Committed_AS:     838260 kB
VmallocTotal:   34359738367 kB
VmallocUsed:       40844 kB
VmallocChunk:          0 kB
Percpu:           146112 kB
HardwareCorrupted:     0 kB
AnonHugePages:         0 kB
ShmemHugePages:        0 kB
ShmemPmdMapped:        0 kB
FileHugePages:         0 kB
FilePmdMapped:         0 kB
HugePages_Total:       0
HugePages_Free:        0
HugePages_Rsvd:        0
HugePages_Surp:        0
Hugepagesize:       2048 kB
Hugetlb:               0 kB
DirectMap4k:     2706240 kB
DirectMap2M:     5269504 kB
DirectMap1G:    58720256 kB

