MemTotal:       65439348 kB
MemFree:        64126304 kB
MemAvailable:   63929412 kB
Buffers:           44888 kB
Cached:           332844 kB
SwapCached:            0 kB
Active:           140632 kB
Inactive:         305208 kB
Active(anon):       3252 kB
Inactive(anon):    80380 kB
Active(file):     137380 kB
Inactive(file):   224828 kB
Unevictable:       19496 kB
Mlocked:           19496 kB
SwapTotal:       1996796 kB
SwapFree:        1996796 kB
Dirty:               668 kB
Writeback:             0 kB
AnonPages:         87236 kB
Mapped:            91512 kB
Shmem:              6380 kB
KReclaimable:      74420 kB
Slab:             303236 kB
SReclaimable:      74420 kB
SUnreclaim:       228816 kB
KernelStack:       10240 kB
PageTables:         3044 kB
NFS_Unstable:          0 kB
Bounce:                0 kB
WritebackTmp:          0 kB
CommitLimit:    34716468 kB
Committed_AS:     837868 kB
VmallocTotal:   34359738367 kB
VmallocUsed:       40860 kB
VmallocChunk:          0 kB
Percpu:           150912 kB
HardwareCorrupted:     0 kB
AnonHugePages:         0 kB
ShmemHugePages:        0 kB
ShmemPmdMapped:        0 kB
FileHugePages:         0 kB
FilePmdMapped:         0 kB
HugePages_Total:       0
HugePages_Free:        0
HugePages_Rsvd:        0
HugePages_Surp:        0
Hugepagesize:       2048 kB
Hugetlb:               0 kB
DirectMap4k:     2712384 kB
DirectMap2M:     5263360 kB
DirectMap1G:    58720256 kB

