MemTotal:       65439348 kB
MemFree:        63809072 kB
MemAvailable:   63870896 kB
Buffers:           52544 kB
Cached:           578968 kB
SwapCached:            0 kB
Active:           199816 kB
Inactive:         492732 kB
Active(anon):       3244 kB
Inactive(anon):    73280 kB
Active(file):     196572 kB
Inactive(file):   419452 kB
Unevictable:       19496 kB
Mlocked:           19496 kB
SwapTotal:       1996796 kB
SwapFree:        1996796 kB
Dirty:               748 kB
Writeback:             0 kB
AnonPages:         80564 kB
Mapped:            85000 kB
Shmem:              6376 kB
KReclaimable:      84220 kB
Slab:             317816 kB
SReclaimable:      84220 kB
SUnreclaim:       233596 kB
KernelStack:       10000 kB
PageTables:         2448 kB
NFS_Unstable:          0 kB
Bounce:                0 kB
WritebackTmp:          0 kB
CommitLimit:    34716468 kB
Committed_AS:     807648 kB
VmallocTotal:   34359738367 kB
VmallocUsed:       42744 kB
VmallocChunk:          0 kB
Percpu:           206208 kB
HardwareCorrupted:     0 kB
AnonHugePages:         0 kB
ShmemHugePages:        0 kB
ShmemPmdMapped:        0 kB
FileHugePages:         0 kB
FilePmdMapped:         0 kB
HugePages_Total:       0
HugePages_Free:        0
HugePages_Rsvd:        0
HugePages_Surp:        0
Hugepagesize:       2048 kB
Hugetlb:               0 kB
DirectMap4k:     2773824 kB
DirectMap2M:     5201920 kB
DirectMap1G:    58720256 kB

