MemTotal:       65439348 kB
MemFree:        64267176 kB
MemAvailable:   64000408 kB
Buffers:           37728 kB
Cached:           273344 kB
SwapCached:            0 kB
Active:           130540 kB
Inactive:         242944 kB
Active(anon):       3228 kB
Inactive(anon):    74684 kB
Active(file):     127312 kB
Inactive(file):   168260 kB
Unevictable:       19496 kB
Mlocked:           19496 kB
SwapTotal:       1996796 kB
SwapFree:        1996796 kB
Dirty:               656 kB
Writeback:             0 kB
AnonPages:         81636 kB
Mapped:            77316 kB
Shmem:              6376 kB
KReclaimable:      67940 kB
Slab:             290892 kB
SReclaimable:      67940 kB
SUnreclaim:       222952 kB
KernelStack:       10256 kB
PageTables:         2760 kB
NFS_Unstable:          0 kB
Bounce:                0 kB
WritebackTmp:          0 kB
CommitLimit:    34716468 kB
Committed_AS:     790356 kB
VmallocTotal:   34359738367 kB
VmallocUsed:       38468 kB
VmallocChunk:          0 kB
Percpu:           101376 kB
HardwareCorrupted:     0 kB
AnonHugePages:         0 kB
ShmemHugePages:        0 kB
ShmemPmdMapped:        0 kB
FileHugePages:         0 kB
FilePmdMapped:         0 kB
HugePages_Total:       0
HugePages_Free:        0
HugePages_Rsvd:        0
HugePages_Surp:        0
Hugepagesize:       2048 kB
Hugetlb:               0 kB
DirectMap4k:     2476864 kB
DirectMap2M:     5498880 kB
DirectMap1G:    58720256 kB

