MemTotal:       65439348 kB
MemFree:        63849828 kB
MemAvailable:   63892372 kB
Buffers:           50216 kB
Cached:           563128 kB
SwapCached:            0 kB
Active:           197476 kB
Inactive:         476828 kB
Active(anon):       3244 kB
Inactive(anon):    73216 kB
Active(file):     194232 kB
Inactive(file):   403612 kB
Unevictable:       19496 kB
Mlocked:           19496 kB
SwapTotal:       1996796 kB
SwapFree:        1996796 kB
Dirty:               764 kB
Writeback:             0 kB
AnonPages:         80536 kB
Mapped:            83612 kB
Shmem:              6376 kB
KReclaimable:      82024 kB
Slab:             313096 kB
SReclaimable:      82024 kB
SUnreclaim:       231072 kB
KernelStack:        9968 kB
PageTables:         2436 kB
NFS_Unstable:          0 kB
Bounce:                0 kB
WritebackTmp:          0 kB
CommitLimit:    34716468 kB
Committed_AS:     799588 kB
VmallocTotal:   34359738367 kB
VmallocUsed:       42116 kB
VmallocChunk:          0 kB
Percpu:           188736 kB
HardwareCorrupted:     0 kB
AnonHugePages:         0 kB
ShmemHugePages:        0 kB
ShmemPmdMapped:        0 kB
FileHugePages:         0 kB
FilePmdMapped:         0 kB
HugePages_Total:       0
HugePages_Free:        0
HugePages_Rsvd:        0
HugePages_Surp:        0
Hugepagesize:       2048 kB
Hugetlb:               0 kB
DirectMap4k:     2755392 kB
DirectMap2M:     5220352 kB
DirectMap1G:    58720256 kB

