MemTotal:       65439348 kB
MemFree:        63823320 kB
MemAvailable:   63860596 kB
Buffers:           49520 kB
Cached:           558876 kB
SwapCached:            0 kB
Active:           196756 kB
Inactive:         510048 kB
Active(anon):       3268 kB
Inactive(anon):   110624 kB
Active(file):     193488 kB
Inactive(file):   399424 kB
Unevictable:       19496 kB
Mlocked:           19496 kB
SwapTotal:       1996796 kB
SwapFree:        1996796 kB
Dirty:              1120 kB
Writeback:             0 kB
AnonPages:        117956 kB
Mapped:           124028 kB
Shmem:              6384 kB
KReclaimable:      81352 kB
Slab:             313732 kB
SReclaimable:      81352 kB
SUnreclaim:       232380 kB
KernelStack:       10128 kB
PageTables:         2812 kB
NFS_Unstable:          0 kB
Bounce:                0 kB
WritebackTmp:          0 kB
CommitLimit:    34716468 kB
Committed_AS:     895488 kB
VmallocTotal:   34359738367 kB
VmallocUsed:       42292 kB
VmallocChunk:          0 kB
Percpu:           184512 kB
HardwareCorrupted:     0 kB
AnonHugePages:         0 kB
ShmemHugePages:        0 kB
ShmemPmdMapped:        0 kB
FileHugePages:         0 kB
FilePmdMapped:         0 kB
HugePages_Total:       0
HugePages_Free:        0
HugePages_Rsvd:        0
HugePages_Surp:        0
Hugepagesize:       2048 kB
Hugetlb:               0 kB
DirectMap4k:     2753344 kB
DirectMap2M:     5222400 kB
DirectMap1G:    58720256 kB

