MemTotal:       65439348 kB
MemFree:        64232604 kB
MemAvailable:   63982200 kB
Buffers:           39520 kB
Cached:           287212 kB
SwapCached:            0 kB
Active:           133244 kB
Inactive:         253720 kB
Active(anon):       3220 kB
Inactive(anon):    72488 kB
Active(file):     130024 kB
Inactive(file):   181232 kB
Unevictable:       19496 kB
Mlocked:           19496 kB
SwapTotal:       1996796 kB
SwapFree:        1996796 kB
Dirty:               172 kB
Writeback:             0 kB
AnonPages:         79792 kB
Mapped:            77536 kB
Shmem:              6376 kB
KReclaimable:      69304 kB
Slab:             293556 kB
SReclaimable:      69304 kB
SUnreclaim:       224252 kB
KernelStack:       10064 kB
PageTables:         2404 kB
NFS_Unstable:          0 kB
Bounce:                0 kB
WritebackTmp:          0 kB
CommitLimit:    34716468 kB
Committed_AS:     790620 kB
VmallocTotal:   34359738367 kB
VmallocUsed:       38968 kB
VmallocChunk:          0 kB
Percpu:           115200 kB
HardwareCorrupted:     0 kB
AnonHugePages:         0 kB
ShmemHugePages:        0 kB
ShmemPmdMapped:        0 kB
FileHugePages:         0 kB
FilePmdMapped:         0 kB
HugePages_Total:       0
HugePages_Free:        0
HugePages_Rsvd:        0
HugePages_Surp:        0
Hugepagesize:       2048 kB
Hugetlb:               0 kB
DirectMap4k:     2659136 kB
DirectMap2M:     5316608 kB
DirectMap1G:    58720256 kB

