MemTotal:       65439348 kB
MemFree:        64178764 kB
MemAvailable:   63958052 kB
Buffers:           41892 kB
Cached:           313360 kB
SwapCached:            0 kB
Active:           137332 kB
Inactive:         286688 kB
Active(anon):       3252 kB
Inactive(anon):    80996 kB
Active(file):     134080 kB
Inactive(file):   205692 kB
Unevictable:       19496 kB
Mlocked:           19496 kB
SwapTotal:       1996796 kB
SwapFree:        1996796 kB
Dirty:               596 kB
Writeback:             0 kB
AnonPages:         87800 kB
Mapped:            88612 kB
Shmem:              6380 kB
KReclaimable:      71652 kB
Slab:             297732 kB
SReclaimable:      71652 kB
SUnreclaim:       226080 kB
KernelStack:       10208 kB
PageTables:         3108 kB
NFS_Unstable:          0 kB
Bounce:                0 kB
WritebackTmp:          0 kB
CommitLimit:    34716468 kB
Committed_AS:     837612 kB
VmallocTotal:   34359738367 kB
VmallocUsed:       39780 kB
VmallocChunk:          0 kB
Percpu:           129216 kB
HardwareCorrupted:     0 kB
AnonHugePages:         0 kB
ShmemHugePages:        0 kB
ShmemPmdMapped:        0 kB
FileHugePages:         0 kB
FilePmdMapped:         0 kB
HugePages_Total:       0
HugePages_Free:        0
HugePages_Rsvd:        0
HugePages_Surp:        0
Hugepagesize:       2048 kB
Hugetlb:               0 kB
DirectMap4k:     2681664 kB
DirectMap2M:     5294080 kB
DirectMap1G:    58720256 kB

