MemTotal:       65439348 kB
MemFree:        64313340 kB
MemAvailable:   64013616 kB
Buffers:           31928 kB
Cached:           251892 kB
SwapCached:            0 kB
Active:           123088 kB
Inactive:         224168 kB
Active(anon):       3216 kB
Inactive(anon):    75700 kB
Active(file):     119872 kB
Inactive(file):   148468 kB
Unevictable:       19496 kB
Mlocked:           19496 kB
SwapTotal:       1996796 kB
SwapFree:        1996796 kB
Dirty:               648 kB
Writeback:             0 kB
AnonPages:         82600 kB
Mapped:            76072 kB
Shmem:              6380 kB
KReclaimable:      56496 kB
Slab:             277500 kB
SReclaimable:      56496 kB
SUnreclaim:       221004 kB
KernelStack:       10384 kB
PageTables:         2904 kB
NFS_Unstable:          0 kB
Bounce:                0 kB
WritebackTmp:          0 kB
CommitLimit:    34716468 kB
Committed_AS:     790352 kB
VmallocTotal:   34359738367 kB
VmallocUsed:       38516 kB
VmallocChunk:          0 kB
Percpu:            96576 kB
HardwareCorrupted:     0 kB
AnonHugePages:         0 kB
ShmemHugePages:        0 kB
ShmemPmdMapped:        0 kB
FileHugePages:         0 kB
FilePmdMapped:         0 kB
HugePages_Total:       0
HugePages_Free:        0
HugePages_Rsvd:        0
HugePages_Surp:        0
Hugepagesize:       2048 kB
Hugetlb:               0 kB
DirectMap4k:     2167616 kB
DirectMap2M:     5808128 kB
DirectMap1G:    58720256 kB

