MemTotal:       65439348 kB
MemFree:        63696288 kB
MemAvailable:   63811248 kB
Buffers:           59124 kB
Cached:           622644 kB
SwapCached:            0 kB
Active:           212020 kB
Inactive:         530696 kB
Active(anon):       3240 kB
Inactive(anon):    73200 kB
Active(file):     208780 kB
Inactive(file):   457496 kB
Unevictable:       19496 kB
Mlocked:           19496 kB
SwapTotal:       1996796 kB
SwapFree:        1996796 kB
Dirty:               968 kB
Writeback:             0 kB
AnonPages:         80492 kB
Mapped:            88564 kB
Shmem:              6376 kB
KReclaimable:      89992 kB
Slab:             329948 kB
SReclaimable:      89992 kB
SUnreclaim:       239956 kB
KernelStack:       10000 kB
PageTables:         2464 kB
NFS_Unstable:          0 kB
Bounce:                0 kB
WritebackTmp:          0 kB
CommitLimit:    34716468 kB
Committed_AS:     807648 kB
VmallocTotal:   34359738367 kB
VmallocUsed:       44760 kB
VmallocChunk:          0 kB
Percpu:           253824 kB
HardwareCorrupted:     0 kB
AnonHugePages:         0 kB
ShmemHugePages:        0 kB
ShmemPmdMapped:        0 kB
FileHugePages:         0 kB
FilePmdMapped:         0 kB
HugePages_Total:       0
HugePages_Free:        0
HugePages_Rsvd:        0
HugePages_Surp:        0
Hugepagesize:       2048 kB
Hugetlb:               0 kB
DirectMap4k:     2835264 kB
DirectMap2M:     5140480 kB
DirectMap1G:    58720256 kB

