MemTotal:       65439348 kB
MemFree:        64252820 kB
MemAvailable:   63991500 kB
Buffers:           38300 kB
Cached:           278004 kB
SwapCached:            0 kB
Active:           131124 kB
Inactive:         245032 kB
Active(anon):       3216 kB
Inactive(anon):    72112 kB
Active(file):     127908 kB
Inactive(file):   172920 kB
Unevictable:       19496 kB
Mlocked:           19496 kB
SwapTotal:       1996796 kB
SwapFree:        1996796 kB
Dirty:               660 kB
Writeback:             0 kB
AnonPages:         79836 kB
Mapped:            77064 kB
Shmem:              6376 kB
KReclaimable:      68328 kB
Slab:             291752 kB
SReclaimable:      68328 kB
SUnreclaim:       223424 kB
KernelStack:       10000 kB
PageTables:         2176 kB
NFS_Unstable:          0 kB
Bounce:                0 kB
WritebackTmp:          0 kB
CommitLimit:    34716468 kB
Committed_AS:     790360 kB
VmallocTotal:   34359738367 kB
VmallocUsed:       38548 kB
VmallocChunk:          0 kB
Percpu:           106176 kB
HardwareCorrupted:     0 kB
AnonHugePages:         0 kB
ShmemHugePages:        0 kB
ShmemPmdMapped:        0 kB
FileHugePages:         0 kB
FilePmdMapped:         0 kB
HugePages_Total:       0
HugePages_Free:        0
HugePages_Rsvd:        0
HugePages_Surp:        0
Hugepagesize:       2048 kB
Hugetlb:               0 kB
DirectMap4k:     2550592 kB
DirectMap2M:     5425152 kB
DirectMap1G:    58720256 kB

