MemTotal:       65439348 kB
MemFree:        63821664 kB
MemAvailable:   63876856 kB
Buffers:           51788 kB
Cached:           573460 kB
SwapCached:            0 kB
Active:           199080 kB
Inactive:         487136 kB
Active(anon):       3252 kB
Inactive(anon):    73196 kB
Active(file):     195828 kB
Inactive(file):   413940 kB
Unevictable:       19496 kB
Mlocked:           19496 kB
SwapTotal:       1996796 kB
SwapFree:        1996796 kB
Dirty:               832 kB
Writeback:             0 kB
AnonPages:         80508 kB
Mapped:            84432 kB
Shmem:              6380 kB
KReclaimable:      83472 kB
Slab:             316508 kB
SReclaimable:      83472 kB
SUnreclaim:       233036 kB
KernelStack:       10000 kB
PageTables:         2456 kB
NFS_Unstable:          0 kB
Bounce:                0 kB
WritebackTmp:          0 kB
CommitLimit:    34716468 kB
Committed_AS:     807648 kB
VmallocTotal:   34359738367 kB
VmallocUsed:       42712 kB
VmallocChunk:          0 kB
Percpu:           200832 kB
HardwareCorrupted:     0 kB
AnonHugePages:         0 kB
ShmemHugePages:        0 kB
ShmemPmdMapped:        0 kB
FileHugePages:         0 kB
FilePmdMapped:         0 kB
HugePages_Total:       0
HugePages_Free:        0
HugePages_Rsvd:        0
HugePages_Surp:        0
Hugepagesize:       2048 kB
Hugetlb:               0 kB
DirectMap4k:     2769728 kB
DirectMap2M:     5206016 kB
DirectMap1G:    58720256 kB

