MemTotal:       65439348 kB
MemFree:        63719980 kB
MemAvailable:   63820620 kB
Buffers:           57468 kB
Cached:           610816 kB
SwapCached:            0 kB
Active:           205432 kB
Inactive:         530776 kB
Active(anon):       3248 kB
Inactive(anon):    80200 kB
Active(file):     202184 kB
Inactive(file):   450576 kB
Unevictable:       19496 kB
Mlocked:           19496 kB
SwapTotal:       1996796 kB
SwapFree:        1996796 kB
Dirty:               876 kB
Writeback:             0 kB
AnonPages:         87388 kB
Mapped:            97860 kB
Shmem:              6384 kB
KReclaimable:      88380 kB
Slab:             325456 kB
SReclaimable:      88380 kB
SUnreclaim:       237076 kB
KernelStack:       10144 kB
PageTables:         2204 kB
NFS_Unstable:          0 kB
Bounce:                0 kB
WritebackTmp:          0 kB
CommitLimit:    34716468 kB
Committed_AS:     854040 kB
VmallocTotal:   34359738367 kB
VmallocUsed:       44524 kB
VmallocChunk:          0 kB
Percpu:           241344 kB
HardwareCorrupted:     0 kB
AnonHugePages:         0 kB
ShmemHugePages:        0 kB
ShmemPmdMapped:        0 kB
FileHugePages:         0 kB
FilePmdMapped:         0 kB
HugePages_Total:       0
HugePages_Free:        0
HugePages_Rsvd:        0
HugePages_Surp:        0
Hugepagesize:       2048 kB
Hugetlb:               0 kB
DirectMap4k:     2818880 kB
DirectMap2M:     5156864 kB
DirectMap1G:    58720256 kB

