MemTotal:       65439348 kB
MemFree:        63861384 kB
MemAvailable:   63896832 kB
Buffers:           49288 kB
Cached:           557452 kB
SwapCached:            0 kB
Active:           157764 kB
Inactive:         511844 kB
Active(anon):       3240 kB
Inactive(anon):    75108 kB
Active(file):     154524 kB
Inactive(file):   436736 kB
Unevictable:       19496 kB
Mlocked:           19496 kB
SwapTotal:       1996796 kB
SwapFree:        1996796 kB
Dirty:               540 kB
Writeback:             0 kB
AnonPages:         81964 kB
Mapped:            83512 kB
Shmem:              6376 kB
KReclaimable:      80996 kB
Slab:             312680 kB
SReclaimable:      80996 kB
SUnreclaim:       231684 kB
KernelStack:        9968 kB
PageTables:         2296 kB
NFS_Unstable:          0 kB
Bounce:                0 kB
WritebackTmp:          0 kB
CommitLimit:    34716468 kB
Committed_AS:     799204 kB
VmallocTotal:   34359738367 kB
VmallocUsed:       41568 kB
VmallocChunk:          0 kB
Percpu:           182784 kB
HardwareCorrupted:     0 kB
AnonHugePages:         0 kB
ShmemHugePages:        0 kB
ShmemPmdMapped:        0 kB
FileHugePages:         0 kB
FilePmdMapped:         0 kB
HugePages_Total:       0
HugePages_Free:        0
HugePages_Rsvd:        0
HugePages_Surp:        0
Hugepagesize:       2048 kB
Hugetlb:               0 kB
DirectMap4k:     2747200 kB
DirectMap2M:     5228544 kB
DirectMap1G:    58720256 kB

