MemTotal:       65439348 kB
MemFree:        63850892 kB
MemAvailable:   63893248 kB
Buffers:           50196 kB
Cached:           562952 kB
SwapCached:            0 kB
Active:           197472 kB
Inactive:         476948 kB
Active(anon):       3244 kB
Inactive(anon):    73508 kB
Active(file):     194228 kB
Inactive(file):   403440 kB
Unevictable:       19496 kB
Mlocked:           19496 kB
SwapTotal:       1996796 kB
SwapFree:        1996796 kB
Dirty:               596 kB
Writeback:             0 kB
AnonPages:         80672 kB
Mapped:            84312 kB
Shmem:              6380 kB
KReclaimable:      82000 kB
Slab:             313524 kB
SReclaimable:      82000 kB
SUnreclaim:       231524 kB
KernelStack:        9968 kB
PageTables:         2516 kB
NFS_Unstable:          0 kB
Bounce:                0 kB
WritebackTmp:          0 kB
CommitLimit:    34716468 kB
Committed_AS:     799592 kB
VmallocTotal:   34359738367 kB
VmallocUsed:       42132 kB
VmallocChunk:          0 kB
Percpu:           188736 kB
HardwareCorrupted:     0 kB
AnonHugePages:         0 kB
ShmemHugePages:        0 kB
ShmemPmdMapped:        0 kB
FileHugePages:         0 kB
FilePmdMapped:         0 kB
HugePages_Total:       0
HugePages_Free:        0
HugePages_Rsvd:        0
HugePages_Surp:        0
Hugepagesize:       2048 kB
Hugetlb:               0 kB
DirectMap4k:     2755392 kB
DirectMap2M:     5220352 kB
DirectMap1G:    58720256 kB

