MemTotal:       65439348 kB
MemFree:        64127120 kB
MemAvailable:   63930840 kB
Buffers:           44940 kB
Cached:           333356 kB
SwapCached:            0 kB
Active:           140692 kB
Inactive:         305480 kB
Active(anon):       3244 kB
Inactive(anon):    80108 kB
Active(file):     137448 kB
Inactive(file):   225372 kB
Unevictable:       19496 kB
Mlocked:           19496 kB
SwapTotal:       1996796 kB
SwapFree:        1996796 kB
Dirty:               748 kB
Writeback:             0 kB
AnonPages:         87412 kB
Mapped:            90340 kB
Shmem:              6376 kB
KReclaimable:      74424 kB
Slab:             302704 kB
SReclaimable:      74424 kB
SUnreclaim:       228280 kB
KernelStack:       10144 kB
PageTables:         2952 kB
NFS_Unstable:          0 kB
Bounce:                0 kB
WritebackTmp:          0 kB
CommitLimit:    34716468 kB
Committed_AS:     837868 kB
VmallocTotal:   34359738367 kB
VmallocUsed:       40796 kB
VmallocChunk:          0 kB
Percpu:           151488 kB
HardwareCorrupted:     0 kB
AnonHugePages:         0 kB
ShmemHugePages:        0 kB
ShmemPmdMapped:        0 kB
FileHugePages:         0 kB
FilePmdMapped:         0 kB
HugePages_Total:       0
HugePages_Free:        0
HugePages_Rsvd:        0
HugePages_Surp:        0
Hugepagesize:       2048 kB
Hugetlb:               0 kB
DirectMap4k:     2712384 kB
DirectMap2M:     5263360 kB
DirectMap1G:    58720256 kB

