MemTotal:       65439348 kB
MemFree:        64137244 kB
MemAvailable:   63935040 kB
Buffers:           44196 kB
Cached:           328444 kB
SwapCached:            0 kB
Active:           139944 kB
Inactive:         300860 kB
Active(anon):       3248 kB
Inactive(anon):    80400 kB
Active(file):     136696 kB
Inactive(file):   220460 kB
Unevictable:       19496 kB
Mlocked:           19496 kB
SwapTotal:       1996796 kB
SwapFree:        1996796 kB
Dirty:               552 kB
Writeback:             0 kB
AnonPages:         87876 kB
Mapped:            90440 kB
Shmem:              6376 kB
KReclaimable:      73904 kB
Slab:             302192 kB
SReclaimable:      73904 kB
SUnreclaim:       228288 kB
KernelStack:       10320 kB
PageTables:         3132 kB
NFS_Unstable:          0 kB
Bounce:                0 kB
WritebackTmp:          0 kB
CommitLimit:    34716468 kB
Committed_AS:     837868 kB
VmallocTotal:   34359738367 kB
VmallocUsed:       40732 kB
VmallocChunk:          0 kB
Percpu:           146112 kB
HardwareCorrupted:     0 kB
AnonHugePages:         0 kB
ShmemHugePages:        0 kB
ShmemPmdMapped:        0 kB
FileHugePages:         0 kB
FilePmdMapped:         0 kB
HugePages_Total:       0
HugePages_Free:        0
HugePages_Rsvd:        0
HugePages_Surp:        0
Hugepagesize:       2048 kB
Hugetlb:               0 kB
DirectMap4k:     2706240 kB
DirectMap2M:     5269504 kB
DirectMap1G:    58720256 kB

