MemTotal:       65439348 kB
MemFree:        63902320 kB
MemAvailable:   63920184 kB
Buffers:           47328 kB
Cached:           542800 kB
SwapCached:            0 kB
Active:           155624 kB
Inactive:         495400 kB
Active(anon):       3244 kB
Inactive(anon):    73140 kB
Active(file):     152380 kB
Inactive(file):   422260 kB
Unevictable:       19496 kB
Mlocked:           19496 kB
SwapTotal:       1996796 kB
SwapFree:        1996796 kB
Dirty:               200 kB
Writeback:             0 kB
AnonPages:         80512 kB
Mapped:            82276 kB
Shmem:              6376 kB
KReclaimable:      79068 kB
Slab:             308532 kB
SReclaimable:      79068 kB
SUnreclaim:       229464 kB
KernelStack:       10048 kB
PageTables:         2484 kB
NFS_Unstable:          0 kB
Bounce:                0 kB
WritebackTmp:          0 kB
CommitLimit:    34716468 kB
Committed_AS:     799592 kB
VmallocTotal:   34359738367 kB
VmallocUsed:       41228 kB
VmallocChunk:          0 kB
Percpu:           168768 kB
HardwareCorrupted:     0 kB
AnonHugePages:         0 kB
ShmemHugePages:        0 kB
ShmemPmdMapped:        0 kB
FileHugePages:         0 kB
FilePmdMapped:         0 kB
HugePages_Total:       0
HugePages_Free:        0
HugePages_Rsvd:        0
HugePages_Surp:        0
Hugepagesize:       2048 kB
Hugetlb:               0 kB
DirectMap4k:     2732864 kB
DirectMap2M:     5242880 kB
DirectMap1G:    58720256 kB

