MemTotal:       65439348 kB
MemFree:        63866920 kB
MemAvailable:   63899348 kB
Buffers:           48860 kB
Cached:           555020 kB
SwapCached:            0 kB
Active:           157324 kB
Inactive:         507224 kB
Active(anon):       3244 kB
Inactive(anon):    72912 kB
Active(file):     154080 kB
Inactive(file):   434312 kB
Unevictable:       19496 kB
Mlocked:           19496 kB
SwapTotal:       1996796 kB
SwapFree:        1996796 kB
Dirty:               300 kB
Writeback:             0 kB
AnonPages:         80276 kB
Mapped:            83068 kB
Shmem:              6376 kB
KReclaimable:      80692 kB
Slab:             311776 kB
SReclaimable:      80692 kB
SUnreclaim:       231084 kB
KernelStack:       10048 kB
PageTables:         2428 kB
NFS_Unstable:          0 kB
Bounce:                0 kB
WritebackTmp:          0 kB
CommitLimit:    34716468 kB
Committed_AS:     799592 kB
VmallocTotal:   34359738367 kB
VmallocUsed:       41744 kB
VmallocChunk:          0 kB
Percpu:           180288 kB
HardwareCorrupted:     0 kB
AnonHugePages:         0 kB
ShmemHugePages:        0 kB
ShmemPmdMapped:        0 kB
FileHugePages:         0 kB
FilePmdMapped:         0 kB
HugePages_Total:       0
HugePages_Free:        0
HugePages_Rsvd:        0
HugePages_Surp:        0
Hugepagesize:       2048 kB
Hugetlb:               0 kB
DirectMap4k:     2747200 kB
DirectMap2M:     5228544 kB
DirectMap1G:    58720256 kB

