MemTotal:       65439348 kB
MemFree:        63819736 kB
MemAvailable:   63877508 kB
Buffers:           52100 kB
Cached:           575588 kB
SwapCached:            0 kB
Active:           199384 kB
Inactive:         489512 kB
Active(anon):       3248 kB
Inactive(anon):    73440 kB
Active(file):     196136 kB
Inactive(file):   416072 kB
Unevictable:       19496 kB
Mlocked:           19496 kB
SwapTotal:       1996796 kB
SwapFree:        1996796 kB
Dirty:               676 kB
Writeback:             0 kB
AnonPages:         80744 kB
Mapped:            84600 kB
Shmem:              6376 kB
KReclaimable:      83752 kB
Slab:             318088 kB
SReclaimable:      83752 kB
SUnreclaim:       234336 kB
KernelStack:       10080 kB
PageTables:         2500 kB
NFS_Unstable:          0 kB
Bounce:                0 kB
WritebackTmp:          0 kB
CommitLimit:    34716468 kB
Committed_AS:     808036 kB
VmallocTotal:   34359738367 kB
VmallocUsed:       42728 kB
VmallocChunk:          0 kB
Percpu:           202560 kB
HardwareCorrupted:     0 kB
AnonHugePages:         0 kB
ShmemHugePages:        0 kB
ShmemPmdMapped:        0 kB
FileHugePages:         0 kB
FilePmdMapped:         0 kB
HugePages_Total:       0
HugePages_Free:        0
HugePages_Rsvd:        0
HugePages_Surp:        0
Hugepagesize:       2048 kB
Hugetlb:               0 kB
DirectMap4k:     2769728 kB
DirectMap2M:     5206016 kB
DirectMap1G:    58720256 kB

