MemTotal:       65439348 kB
MemFree:        64145088 kB
MemAvailable:   63940304 kB
Buffers:           43884 kB
Cached:           326348 kB
SwapCached:            0 kB
Active:           139640 kB
Inactive:         297192 kB
Active(anon):       3248 kB
Inactive(anon):    78828 kB
Active(file):     136392 kB
Inactive(file):   218364 kB
Unevictable:       19496 kB
Mlocked:           19496 kB
SwapTotal:       1996796 kB
SwapFree:        1996796 kB
Dirty:               868 kB
Writeback:             0 kB
AnonPages:         86196 kB
Mapped:            89300 kB
Shmem:              6376 kB
KReclaimable:      73540 kB
Slab:             301720 kB
SReclaimable:      73540 kB
SUnreclaim:       228180 kB
KernelStack:       10080 kB
PageTables:         2600 kB
NFS_Unstable:          0 kB
Bounce:                0 kB
WritebackTmp:          0 kB
CommitLimit:    34716468 kB
Committed_AS:     837868 kB
VmallocTotal:   34359738367 kB
VmallocUsed:       40264 kB
VmallocChunk:          0 kB
Percpu:           143616 kB
HardwareCorrupted:     0 kB
AnonHugePages:         0 kB
ShmemHugePages:        0 kB
ShmemPmdMapped:        0 kB
FileHugePages:         0 kB
FilePmdMapped:         0 kB
HugePages_Total:       0
HugePages_Free:        0
HugePages_Rsvd:        0
HugePages_Surp:        0
Hugepagesize:       2048 kB
Hugetlb:               0 kB
DirectMap4k:     2702144 kB
DirectMap2M:     5273600 kB
DirectMap1G:    58720256 kB

