MemTotal:       65439348 kB
MemFree:        64284272 kB
MemAvailable:   64005660 kB
Buffers:           36152 kB
Cached:           263756 kB
SwapCached:            0 kB
Active:           128936 kB
Inactive:         231040 kB
Active(anon):       3212 kB
Inactive(anon):    72356 kB
Active(file):     125724 kB
Inactive(file):   158684 kB
Unevictable:       19496 kB
Mlocked:           19496 kB
SwapTotal:       1996796 kB
SwapFree:        1996796 kB
Dirty:                72 kB
Writeback:             0 kB
AnonPages:         79692 kB
Mapped:            75428 kB
Shmem:              6376 kB
KReclaimable:      66580 kB
Slab:             289180 kB
SReclaimable:      66580 kB
SUnreclaim:       222600 kB
KernelStack:       10080 kB
PageTables:         2396 kB
NFS_Unstable:          0 kB
Bounce:                0 kB
WritebackTmp:          0 kB
CommitLimit:    34716468 kB
Committed_AS:     790740 kB
VmallocTotal:   34359738367 kB
VmallocUsed:       38500 kB
VmallocChunk:          0 kB
Percpu:            96576 kB
HardwareCorrupted:     0 kB
AnonHugePages:         0 kB
ShmemHugePages:        0 kB
ShmemPmdMapped:        0 kB
FileHugePages:         0 kB
FilePmdMapped:         0 kB
HugePages_Total:       0
HugePages_Free:        0
HugePages_Rsvd:        0
HugePages_Surp:        0
Hugepagesize:       2048 kB
Hugetlb:               0 kB
DirectMap4k:     2323264 kB
DirectMap2M:     5652480 kB
DirectMap1G:    58720256 kB

