MemTotal:       65439348 kB
MemFree:        64154340 kB
MemAvailable:   63943848 kB
Buffers:           43204 kB
Cached:           321744 kB
SwapCached:            0 kB
Active:           138960 kB
Inactive:         293768 kB
Active(anon):       3248 kB
Inactive(anon):    80012 kB
Active(file):     135712 kB
Inactive(file):   213756 kB
Unevictable:       19496 kB
Mlocked:           19496 kB
SwapTotal:       1996796 kB
SwapFree:        1996796 kB
Dirty:               584 kB
Writeback:             0 kB
AnonPages:         87868 kB
Mapped:            89440 kB
Shmem:              6380 kB
KReclaimable:      72700 kB
Slab:             300300 kB
SReclaimable:      72700 kB
SUnreclaim:       227600 kB
KernelStack:       10272 kB
PageTables:         2796 kB
NFS_Unstable:          0 kB
Bounce:                0 kB
WritebackTmp:          0 kB
CommitLimit:    34716468 kB
Committed_AS:     837616 kB
VmallocTotal:   34359738367 kB
VmallocUsed:       40248 kB
VmallocChunk:          0 kB
Percpu:           138240 kB
HardwareCorrupted:     0 kB
AnonHugePages:         0 kB
ShmemHugePages:        0 kB
ShmemPmdMapped:        0 kB
FileHugePages:         0 kB
FilePmdMapped:         0 kB
HugePages_Total:       0
HugePages_Free:        0
HugePages_Rsvd:        0
HugePages_Surp:        0
Hugepagesize:       2048 kB
Hugetlb:               0 kB
DirectMap4k:     2696000 kB
DirectMap2M:     5279744 kB
DirectMap1G:    58720256 kB

