MemTotal:       65439348 kB
MemFree:        64168380 kB
MemAvailable:   63952556 kB
Buffers:           42472 kB
Cached:           317384 kB
SwapCached:            0 kB
Active:           137908 kB
Inactive:         289088 kB
Active(anon):       3248 kB
Inactive(anon):    79368 kB
Active(file):     134660 kB
Inactive(file):   209720 kB
Unevictable:       19496 kB
Mlocked:           19496 kB
SwapTotal:       1996796 kB
SwapFree:        1996796 kB
Dirty:               828 kB
Writeback:             0 kB
AnonPages:         86692 kB
Mapped:            88448 kB
Shmem:              6376 kB
KReclaimable:      72212 kB
Slab:             298956 kB
SReclaimable:      72212 kB
SUnreclaim:       226744 kB
KernelStack:       10096 kB
PageTables:         2756 kB
NFS_Unstable:          0 kB
Bounce:                0 kB
WritebackTmp:          0 kB
CommitLimit:    34716468 kB
Committed_AS:     837612 kB
VmallocTotal:   34359738367 kB
VmallocUsed:       40248 kB
VmallocChunk:          0 kB
Percpu:           133440 kB
HardwareCorrupted:     0 kB
AnonHugePages:         0 kB
ShmemHugePages:        0 kB
ShmemPmdMapped:        0 kB
FileHugePages:         0 kB
FilePmdMapped:         0 kB
HugePages_Total:       0
HugePages_Free:        0
HugePages_Rsvd:        0
HugePages_Surp:        0
Hugepagesize:       2048 kB
Hugetlb:               0 kB
DirectMap4k:     2691904 kB
DirectMap2M:     5283840 kB
DirectMap1G:    58720256 kB

