MemTotal:       65439348 kB
MemFree:        63734056 kB
MemAvailable:   63828104 kB
Buffers:           56660 kB
Cached:           605388 kB
SwapCached:            0 kB
Active:           204624 kB
Inactive:         524564 kB
Active(anon):       3248 kB
Inactive(anon):    79384 kB
Active(file):     201376 kB
Inactive(file):   445180 kB
Unevictable:       19496 kB
Mlocked:           19496 kB
SwapTotal:       1996796 kB
SwapFree:        1996796 kB
Dirty:               948 kB
Writeback:             0 kB
AnonPages:         86616 kB
Mapped:            96756 kB
Shmem:              6380 kB
KReclaimable:      87604 kB
Slab:             325224 kB
SReclaimable:      87604 kB
SUnreclaim:       237620 kB
KernelStack:       10112 kB
PageTables:         2576 kB
NFS_Unstable:          0 kB
Bounce:                0 kB
WritebackTmp:          0 kB
CommitLimit:    34716468 kB
Committed_AS:     854036 kB
VmallocTotal:   34359738367 kB
VmallocUsed:       44040 kB
VmallocChunk:          0 kB
Percpu:           235200 kB
HardwareCorrupted:     0 kB
AnonHugePages:         0 kB
ShmemHugePages:        0 kB
ShmemPmdMapped:        0 kB
FileHugePages:         0 kB
FilePmdMapped:         0 kB
HugePages_Total:       0
HugePages_Free:        0
HugePages_Rsvd:        0
HugePages_Surp:        0
Hugepagesize:       2048 kB
Hugetlb:               0 kB
DirectMap4k:     2812736 kB
DirectMap2M:     5163008 kB
DirectMap1G:    58720256 kB

