MemTotal:       65439348 kB
MemFree:        64250524 kB
MemAvailable:   63990424 kB
Buffers:           38432 kB
Cached:           279076 kB
SwapCached:            0 kB
Active:           131232 kB
Inactive:         246632 kB
Active(anon):       3208 kB
Inactive(anon):    72640 kB
Active(file):     128024 kB
Inactive(file):   173992 kB
Unevictable:       19496 kB
Mlocked:           19496 kB
SwapTotal:       1996796 kB
SwapFree:        1996796 kB
Dirty:               648 kB
Writeback:             0 kB
AnonPages:         79948 kB
Mapped:            77116 kB
Shmem:              6376 kB
KReclaimable:      68388 kB
Slab:             291380 kB
SReclaimable:      68388 kB
SUnreclaim:       222992 kB
KernelStack:       10080 kB
PageTables:         2476 kB
NFS_Unstable:          0 kB
Bounce:                0 kB
WritebackTmp:          0 kB
CommitLimit:    34716468 kB
Committed_AS:     790360 kB
VmallocTotal:   34359738367 kB
VmallocUsed:       38580 kB
VmallocChunk:          0 kB
Percpu:           106752 kB
HardwareCorrupted:     0 kB
AnonHugePages:         0 kB
ShmemHugePages:        0 kB
ShmemPmdMapped:        0 kB
FileHugePages:         0 kB
FilePmdMapped:         0 kB
HugePages_Total:       0
HugePages_Free:        0
HugePages_Rsvd:        0
HugePages_Surp:        0
Hugepagesize:       2048 kB
Hugetlb:               0 kB
DirectMap4k:     2566976 kB
DirectMap2M:     5408768 kB
DirectMap1G:    58720256 kB

