MemTotal:       65439348 kB
MemFree:        64220072 kB
MemAvailable:   63976260 kB
Buffers:           40312 kB
Cached:           292584 kB
SwapCached:            0 kB
Active:           134020 kB
Inactive:         260684 kB
Active(anon):       3216 kB
Inactive(anon):    74076 kB
Active(file):     130804 kB
Inactive(file):   186608 kB
Unevictable:       19496 kB
Mlocked:           19496 kB
SwapTotal:       1996796 kB
SwapFree:        1996796 kB
Dirty:               732 kB
Writeback:             0 kB
AnonPages:         81408 kB
Mapped:            78120 kB
Shmem:              6372 kB
KReclaimable:      70176 kB
Slab:             295780 kB
SReclaimable:      70176 kB
SUnreclaim:       225604 kB
KernelStack:       10192 kB
PageTables:         2212 kB
NFS_Unstable:          0 kB
Bounce:                0 kB
WritebackTmp:          0 kB
CommitLimit:    34716468 kB
Committed_AS:     790360 kB
VmallocTotal:   34359738367 kB
VmallocUsed:       39612 kB
VmallocChunk:          0 kB
Percpu:           121152 kB
HardwareCorrupted:     0 kB
AnonHugePages:         0 kB
ShmemHugePages:        0 kB
ShmemPmdMapped:        0 kB
FileHugePages:         0 kB
FilePmdMapped:         0 kB
HugePages_Total:       0
HugePages_Free:        0
HugePages_Rsvd:        0
HugePages_Surp:        0
Hugepagesize:       2048 kB
Hugetlb:               0 kB
DirectMap4k:     2669376 kB
DirectMap2M:     5306368 kB
DirectMap1G:    58720256 kB

