MemTotal:       65439348 kB
MemFree:        63741284 kB
MemAvailable:   63832164 kB
Buffers:           56308 kB
Cached:           602708 kB
SwapCached:            0 kB
Active:           204264 kB
Inactive:         522872 kB
Active(anon):       3248 kB
Inactive(anon):    80360 kB
Active(file):     201016 kB
Inactive(file):   442512 kB
Unevictable:       19496 kB
Mlocked:           19496 kB
SwapTotal:       1996796 kB
SwapFree:        1996796 kB
Dirty:               680 kB
Writeback:             0 kB
AnonPages:         88172 kB
Mapped:            96960 kB
Shmem:              6380 kB
KReclaimable:      87328 kB
Slab:             324772 kB
SReclaimable:      87328 kB
SUnreclaim:       237444 kB
KernelStack:       10304 kB
PageTables:         3156 kB
NFS_Unstable:          0 kB
Bounce:                0 kB
WritebackTmp:          0 kB
CommitLimit:    34716468 kB
Committed_AS:     854040 kB
VmallocTotal:   34359738367 kB
VmallocUsed:       44072 kB
VmallocChunk:          0 kB
Percpu:           232320 kB
HardwareCorrupted:     0 kB
AnonHugePages:         0 kB
ShmemHugePages:        0 kB
ShmemPmdMapped:        0 kB
FileHugePages:         0 kB
FilePmdMapped:         0 kB
HugePages_Total:       0
HugePages_Free:        0
HugePages_Rsvd:        0
HugePages_Surp:        0
Hugepagesize:       2048 kB
Hugetlb:               0 kB
DirectMap4k:     2810688 kB
DirectMap2M:     5165056 kB
DirectMap1G:    58720256 kB

