MemTotal:       65439348 kB
MemFree:        63739660 kB
MemAvailable:   63831580 kB
Buffers:           56416 kB
Cached:           603612 kB
SwapCached:            0 kB
Active:           204376 kB
Inactive:         522188 kB
Active(anon):       3248 kB
Inactive(anon):    78788 kB
Active(file):     201128 kB
Inactive(file):   443400 kB
Unevictable:       19496 kB
Mlocked:           19496 kB
SwapTotal:       1996796 kB
SwapFree:        1996796 kB
Dirty:               716 kB
Writeback:             0 kB
AnonPages:         86104 kB
Mapped:            97056 kB
Shmem:              6384 kB
KReclaimable:      87404 kB
Slab:             324536 kB
SReclaimable:      87404 kB
SUnreclaim:       237132 kB
KernelStack:       10144 kB
PageTables:         2780 kB
NFS_Unstable:          0 kB
Bounce:                0 kB
WritebackTmp:          0 kB
CommitLimit:    34716468 kB
Committed_AS:     854036 kB
VmallocTotal:   34359738367 kB
VmallocUsed:       44008 kB
VmallocChunk:          0 kB
Percpu:           233472 kB
HardwareCorrupted:     0 kB
AnonHugePages:         0 kB
ShmemHugePages:        0 kB
ShmemPmdMapped:        0 kB
FileHugePages:         0 kB
FilePmdMapped:         0 kB
HugePages_Total:       0
HugePages_Free:        0
HugePages_Rsvd:        0
HugePages_Surp:        0
Hugepagesize:       2048 kB
Hugetlb:               0 kB
DirectMap4k:     2810688 kB
DirectMap2M:     5165056 kB
DirectMap1G:    58720256 kB

