MemTotal:       65439348 kB
MemFree:        64255884 kB
MemAvailable:   63992368 kB
Buffers:           38056 kB
Cached:           276148 kB
SwapCached:            0 kB
Active:           130872 kB
Inactive:         244744 kB
Active(anon):       3216 kB
Inactive(anon):    73680 kB
Active(file):     127656 kB
Inactive(file):   171064 kB
Unevictable:       19496 kB
Mlocked:           19496 kB
SwapTotal:       1996796 kB
SwapFree:        1996796 kB
Dirty:               652 kB
Writeback:             0 kB
AnonPages:         80988 kB
Mapped:            77548 kB
Shmem:              6376 kB
KReclaimable:      68152 kB
Slab:             291788 kB
SReclaimable:      68152 kB
SUnreclaim:       223636 kB
KernelStack:       10144 kB
PageTables:         2336 kB
NFS_Unstable:          0 kB
Bounce:                0 kB
WritebackTmp:          0 kB
CommitLimit:    34716468 kB
Committed_AS:     790360 kB
VmallocTotal:   34359738367 kB
VmallocUsed:       38516 kB
VmallocChunk:          0 kB
Percpu:           103680 kB
HardwareCorrupted:     0 kB
AnonHugePages:         0 kB
ShmemHugePages:        0 kB
ShmemPmdMapped:        0 kB
FileHugePages:         0 kB
FilePmdMapped:         0 kB
HugePages_Total:       0
HugePages_Free:        0
HugePages_Rsvd:        0
HugePages_Surp:        0
Hugepagesize:       2048 kB
Hugetlb:               0 kB
DirectMap4k:     2519872 kB
DirectMap2M:     5455872 kB
DirectMap1G:    58720256 kB

