MemTotal:       65439348 kB
MemFree:        63757744 kB
MemAvailable:   63841656 kB
Buffers:           55324 kB
Cached:           597108 kB
SwapCached:            0 kB
Active:           203288 kB
Inactive:         516248 kB
Active(anon):       3236 kB
Inactive(anon):    79348 kB
Active(file):     200052 kB
Inactive(file):   436900 kB
Unevictable:       19496 kB
Mlocked:           19496 kB
SwapTotal:       1996796 kB
SwapFree:        1996796 kB
Dirty:               912 kB
Writeback:             0 kB
AnonPages:         86648 kB
Mapped:            95832 kB
Shmem:              6380 kB
KReclaimable:      86544 kB
Slab:             322948 kB
SReclaimable:      86544 kB
SUnreclaim:       236404 kB
KernelStack:       10128 kB
PageTables:         2448 kB
NFS_Unstable:          0 kB
Bounce:                0 kB
WritebackTmp:          0 kB
CommitLimit:    34716468 kB
Committed_AS:     854036 kB
VmallocTotal:   34359738367 kB
VmallocUsed:       44040 kB
VmallocChunk:          0 kB
Percpu:           226176 kB
HardwareCorrupted:     0 kB
AnonHugePages:         0 kB
ShmemHugePages:        0 kB
ShmemPmdMapped:        0 kB
FileHugePages:         0 kB
FilePmdMapped:         0 kB
HugePages_Total:       0
HugePages_Free:        0
HugePages_Rsvd:        0
HugePages_Surp:        0
Hugepagesize:       2048 kB
Hugetlb:               0 kB
DirectMap4k:     2802496 kB
DirectMap2M:     5173248 kB
DirectMap1G:    58720256 kB

