MemTotal:       65439348 kB
MemFree:        63783244 kB
MemAvailable:   63855560 kB
Buffers:           53816 kB
Cached:           587656 kB
SwapCached:            0 kB
Active:           201096 kB
Inactive:         501028 kB
Active(anon):       3248 kB
Inactive(anon):    72896 kB
Active(file):     197848 kB
Inactive(file):   428132 kB
Unevictable:       19496 kB
Mlocked:           19496 kB
SwapTotal:       1996796 kB
SwapFree:        1996796 kB
Dirty:               752 kB
Writeback:             0 kB
AnonPages:         80244 kB
Mapped:            85712 kB
Shmem:              6376 kB
KReclaimable:      85292 kB
Slab:             319788 kB
SReclaimable:      85292 kB
SUnreclaim:       234496 kB
KernelStack:        9952 kB
PageTables:         2464 kB
NFS_Unstable:          0 kB
Bounce:                0 kB
WritebackTmp:          0 kB
CommitLimit:    34716468 kB
Committed_AS:     808040 kB
VmallocTotal:   34359738367 kB
VmallocUsed:       43180 kB
VmallocChunk:          0 kB
Percpu:           215808 kB
HardwareCorrupted:     0 kB
AnonHugePages:         0 kB
ShmemHugePages:        0 kB
ShmemPmdMapped:        0 kB
FileHugePages:         0 kB
FilePmdMapped:         0 kB
HugePages_Total:       0
HugePages_Free:        0
HugePages_Rsvd:        0
HugePages_Surp:        0
Hugepagesize:       2048 kB
Hugetlb:               0 kB
DirectMap4k:     2788160 kB
DirectMap2M:     5187584 kB
DirectMap1G:    58720256 kB

