MemTotal:       65439348 kB
MemFree:        64323680 kB
MemAvailable:   64017800 kB
Buffers:           30568 kB
Cached:           243804 kB
SwapCached:            0 kB
Active:           121724 kB
Inactive:         213108 kB
Active(anon):       3216 kB
Inactive(anon):    72720 kB
Active(file):     118508 kB
Inactive(file):   140388 kB
Unevictable:       19496 kB
Mlocked:           19496 kB
SwapTotal:       1996796 kB
SwapFree:        1996796 kB
Dirty:               144 kB
Writeback:             0 kB
AnonPages:         80060 kB
Mapped:            73976 kB
Shmem:              6376 kB
KReclaimable:      56084 kB
Slab:             276288 kB
SReclaimable:      56084 kB
SUnreclaim:       220204 kB
KernelStack:        9952 kB
PageTables:         2436 kB
NFS_Unstable:          0 kB
Bounce:                0 kB
WritebackTmp:          0 kB
CommitLimit:    34716468 kB
Committed_AS:     790356 kB
VmallocTotal:   34359738367 kB
VmallocUsed:       38324 kB
VmallocChunk:          0 kB
Percpu:            96576 kB
HardwareCorrupted:     0 kB
AnonHugePages:         0 kB
ShmemHugePages:        0 kB
ShmemPmdMapped:        0 kB
FileHugePages:         0 kB
FilePmdMapped:         0 kB
HugePages_Total:       0
HugePages_Free:        0
HugePages_Rsvd:        0
HugePages_Surp:        0
Hugepagesize:       2048 kB
Hugetlb:               0 kB
DirectMap4k:     2052928 kB
DirectMap2M:     5922816 kB
DirectMap1G:    58720256 kB

