MemTotal:       65439348 kB
MemFree:        63768060 kB
MemAvailable:   63844540 kB
Buffers:           54428 kB
Cached:           590924 kB
SwapCached:            0 kB
Active:           202384 kB
Inactive:         512792 kB
Active(anon):       3244 kB
Inactive(anon):    82068 kB
Active(file):     199140 kB
Inactive(file):   430724 kB
Unevictable:       19496 kB
Mlocked:           19496 kB
SwapTotal:       1996796 kB
SwapFree:        1996796 kB
Dirty:               744 kB
Writeback:             0 kB
AnonPages:         89412 kB
Mapped:            96408 kB
Shmem:              6380 kB
KReclaimable:      85856 kB
Slab:             321124 kB
SReclaimable:      85856 kB
SUnreclaim:       235268 kB
KernelStack:       10192 kB
PageTables:         2492 kB
NFS_Unstable:          0 kB
Bounce:                0 kB
WritebackTmp:          0 kB
CommitLimit:    34716468 kB
Committed_AS:     854040 kB
VmallocTotal:   34359738367 kB
VmallocUsed:       43460 kB
VmallocChunk:          0 kB
Percpu:           219648 kB
HardwareCorrupted:     0 kB
AnonHugePages:         0 kB
ShmemHugePages:        0 kB
ShmemPmdMapped:        0 kB
FileHugePages:         0 kB
FilePmdMapped:         0 kB
HugePages_Total:       0
HugePages_Free:        0
HugePages_Rsvd:        0
HugePages_Surp:        0
Hugepagesize:       2048 kB
Hugetlb:               0 kB
DirectMap4k:     2794304 kB
DirectMap2M:     5181440 kB
DirectMap1G:    58720256 kB

