MemTotal:       65439348 kB
MemFree:        63868256 kB
MemAvailable:   63899620 kB
Buffers:           48720 kB
Cached:           554152 kB
SwapCached:            0 kB
Active:           157212 kB
Inactive:         507488 kB
Active(anon):       3256 kB
Inactive(anon):    74052 kB
Active(file):     153956 kB
Inactive(file):   433436 kB
Unevictable:       19496 kB
Mlocked:           19496 kB
SwapTotal:       1996796 kB
SwapFree:        1996796 kB
Dirty:               708 kB
Writeback:             0 kB
AnonPages:         81496 kB
Mapped:            83196 kB
Shmem:              6380 kB
KReclaimable:      80568 kB
Slab:             312180 kB
SReclaimable:      80568 kB
SUnreclaim:       231612 kB
KernelStack:       10016 kB
PageTables:         2480 kB
NFS_Unstable:          0 kB
Bounce:                0 kB
WritebackTmp:          0 kB
CommitLimit:    34716468 kB
Committed_AS:     799200 kB
VmallocTotal:   34359738367 kB
VmallocUsed:       41680 kB
VmallocChunk:          0 kB
Percpu:           179136 kB
HardwareCorrupted:     0 kB
AnonHugePages:         0 kB
ShmemHugePages:        0 kB
ShmemPmdMapped:        0 kB
FileHugePages:         0 kB
FilePmdMapped:         0 kB
HugePages_Total:       0
HugePages_Free:        0
HugePages_Rsvd:        0
HugePages_Surp:        0
Hugepagesize:       2048 kB
Hugetlb:               0 kB
DirectMap4k:     2747200 kB
DirectMap2M:     5228544 kB
DirectMap1G:    58720256 kB

