MemTotal:       65439348 kB
MemFree:        64313872 kB
MemAvailable:   64011276 kB
Buffers:           31424 kB
Cached:           249244 kB
SwapCached:            0 kB
Active:           122588 kB
Inactive:         219096 kB
Active(anon):       3220 kB
Inactive(anon):    73272 kB
Active(file):     119368 kB
Inactive(file):   145824 kB
Unevictable:       19496 kB
Mlocked:           19496 kB
SwapTotal:       1996796 kB
SwapFree:        1996796 kB
Dirty:                80 kB
Writeback:            64 kB
AnonPages:         80412 kB
Mapped:            74648 kB
Shmem:              6376 kB
KReclaimable:      56356 kB
Slab:             276472 kB
SReclaimable:      56356 kB
SUnreclaim:       220116 kB
KernelStack:        9984 kB
PageTables:         2320 kB
NFS_Unstable:          0 kB
Bounce:                0 kB
WritebackTmp:          0 kB
CommitLimit:    34716468 kB
Committed_AS:     790100 kB
VmallocTotal:   34359738367 kB
VmallocUsed:       38436 kB
VmallocChunk:          0 kB
Percpu:            96576 kB
HardwareCorrupted:     0 kB
AnonHugePages:         0 kB
ShmemHugePages:        0 kB
ShmemPmdMapped:        0 kB
FileHugePages:         0 kB
FilePmdMapped:         0 kB
HugePages_Total:       0
HugePages_Free:        0
HugePages_Rsvd:        0
HugePages_Surp:        0
Hugepagesize:       2048 kB
Hugetlb:               0 kB
DirectMap4k:     2128704 kB
DirectMap2M:     5847040 kB
DirectMap1G:    58720256 kB

