MemTotal:       65439348 kB
MemFree:        63893500 kB
MemAvailable:   63913048 kB
Buffers:           47536 kB
Cached:           544216 kB
SwapCached:            0 kB
Active:           155824 kB
Inactive:         496392 kB
Active(anon):       3244 kB
Inactive(anon):    72720 kB
Active(file):     152580 kB
Inactive(file):   423672 kB
Unevictable:       19496 kB
Mlocked:           19496 kB
SwapTotal:       1996796 kB
SwapFree:        1996796 kB
Dirty:               688 kB
Writeback:             0 kB
AnonPages:         80100 kB
Mapped:            82380 kB
Shmem:              6376 kB
KReclaimable:      79212 kB
Slab:             308824 kB
SReclaimable:      79212 kB
SUnreclaim:       229612 kB
KernelStack:       10064 kB
PageTables:         2424 kB
NFS_Unstable:          0 kB
Bounce:                0 kB
WritebackTmp:          0 kB
CommitLimit:    34716468 kB
Committed_AS:     799588 kB
VmallocTotal:   34359738367 kB
VmallocUsed:       41148 kB
VmallocChunk:          0 kB
Percpu:           170688 kB
HardwareCorrupted:     0 kB
AnonHugePages:         0 kB
ShmemHugePages:        0 kB
ShmemPmdMapped:        0 kB
FileHugePages:         0 kB
FilePmdMapped:         0 kB
HugePages_Total:       0
HugePages_Free:        0
HugePages_Rsvd:        0
HugePages_Surp:        0
Hugepagesize:       2048 kB
Hugetlb:               0 kB
DirectMap4k:     2734912 kB
DirectMap2M:     5240832 kB
DirectMap1G:    58720256 kB

