MemTotal:       65439348 kB
MemFree:        63836320 kB
MemAvailable:   63885040 kB
Buffers:           51064 kB
Cached:           568132 kB
SwapCached:            0 kB
Active:           198316 kB
Inactive:         482648 kB
Active(anon):       3236 kB
Inactive(anon):    74032 kB
Active(file):     195080 kB
Inactive(file):   408616 kB
Unevictable:       19496 kB
Mlocked:           19496 kB
SwapTotal:       1996796 kB
SwapFree:        1996796 kB
Dirty:               612 kB
Writeback:             0 kB
AnonPages:         81800 kB
Mapped:            84604 kB
Shmem:              6376 kB
KReclaimable:      82672 kB
Slab:             313588 kB
SReclaimable:      82672 kB
SUnreclaim:       230916 kB
KernelStack:       10192 kB
PageTables:         2880 kB
NFS_Unstable:          0 kB
Bounce:                0 kB
WritebackTmp:          0 kB
CommitLimit:    34716468 kB
Committed_AS:     807396 kB
VmallocTotal:   34359738367 kB
VmallocUsed:       42196 kB
VmallocChunk:          0 kB
Percpu:           194688 kB
HardwareCorrupted:     0 kB
AnonHugePages:         0 kB
ShmemHugePages:        0 kB
ShmemPmdMapped:        0 kB
FileHugePages:         0 kB
FilePmdMapped:         0 kB
HugePages_Total:       0
HugePages_Free:        0
HugePages_Rsvd:        0
HugePages_Surp:        0
Hugepagesize:       2048 kB
Hugetlb:               0 kB
DirectMap4k:     2759488 kB
DirectMap2M:     5216256 kB
DirectMap1G:    58720256 kB

