MemTotal:       65439348 kB
MemFree:        64176568 kB
MemAvailable:   63957676 kB
Buffers:           42116 kB
Cached:           314856 kB
SwapCached:            0 kB
Active:           137552 kB
Inactive:         285344 kB
Active(anon):       3248 kB
Inactive(anon):    78156 kB
Active(file):     134304 kB
Inactive(file):   207188 kB
Unevictable:       19496 kB
Mlocked:           19496 kB
SwapTotal:       1996796 kB
SwapFree:        1996796 kB
Dirty:               172 kB
Writeback:             0 kB
AnonPages:         85516 kB
Mapped:            88360 kB
Shmem:              6380 kB
KReclaimable:      71856 kB
Slab:             297736 kB
SReclaimable:      71856 kB
SUnreclaim:       225880 kB
KernelStack:       10128 kB
PageTables:         2580 kB
NFS_Unstable:          0 kB
Bounce:                0 kB
WritebackTmp:          0 kB
CommitLimit:    34716468 kB
Committed_AS:     838004 kB
VmallocTotal:   34359738367 kB
VmallocUsed:       39780 kB
VmallocChunk:          0 kB
Percpu:           130368 kB
HardwareCorrupted:     0 kB
AnonHugePages:         0 kB
ShmemHugePages:        0 kB
ShmemPmdMapped:        0 kB
FileHugePages:         0 kB
FilePmdMapped:         0 kB
HugePages_Total:       0
HugePages_Free:        0
HugePages_Rsvd:        0
HugePages_Surp:        0
Hugepagesize:       2048 kB
Hugetlb:               0 kB
DirectMap4k:     2683712 kB
DirectMap2M:     5292032 kB
DirectMap1G:    58720256 kB

