MemTotal:       65439348 kB
MemFree:        64324448 kB
MemAvailable:   64018160 kB
Buffers:           30448 kB
Cached:           243152 kB
SwapCached:            0 kB
Active:           121616 kB
Inactive:         212832 kB
Active(anon):       3240 kB
Inactive(anon):    73100 kB
Active(file):     118376 kB
Inactive(file):   139732 kB
Unevictable:       19496 kB
Mlocked:           19496 kB
SwapTotal:       1996796 kB
SwapFree:        1996796 kB
Dirty:               552 kB
Writeback:             0 kB
AnonPages:         80932 kB
Mapped:            73800 kB
Shmem:              6380 kB
KReclaimable:      56052 kB
Slab:             276256 kB
SReclaimable:      56052 kB
SUnreclaim:       220204 kB
KernelStack:       10016 kB
PageTables:         2476 kB
NFS_Unstable:          0 kB
Bounce:                0 kB
WritebackTmp:          0 kB
CommitLimit:    34716468 kB
Committed_AS:     790096 kB
VmallocTotal:   34359738367 kB
VmallocUsed:       38372 kB
VmallocChunk:          0 kB
Percpu:            96576 kB
HardwareCorrupted:     0 kB
AnonHugePages:         0 kB
ShmemHugePages:        0 kB
ShmemPmdMapped:        0 kB
FileHugePages:         0 kB
FilePmdMapped:         0 kB
HugePages_Total:       0
HugePages_Free:        0
HugePages_Rsvd:        0
HugePages_Surp:        0
Hugepagesize:       2048 kB
Hugetlb:               0 kB
DirectMap4k:     2042688 kB
DirectMap2M:     5933056 kB
DirectMap1G:    58720256 kB

