MemTotal:       65439348 kB
MemFree:        64244456 kB
MemAvailable:   63987536 kB
Buffers:           38724 kB
Cached:           281764 kB
SwapCached:            0 kB
Active:           132440 kB
Inactive:         248136 kB
Active(anon):       3220 kB
Inactive(anon):    72356 kB
Active(file):     129220 kB
Inactive(file):   175780 kB
Unevictable:       19496 kB
Mlocked:           19496 kB
SwapTotal:       1996796 kB
SwapFree:        1996796 kB
Dirty:               760 kB
Writeback:             0 kB
AnonPages:         79600 kB
Mapped:            77120 kB
Shmem:              6376 kB
KReclaimable:      68780 kB
Slab:             293092 kB
SReclaimable:      68780 kB
SUnreclaim:       224312 kB
KernelStack:       10032 kB
PageTables:         2404 kB
NFS_Unstable:          0 kB
Bounce:                0 kB
WritebackTmp:          0 kB
CommitLimit:    34716468 kB
Committed_AS:     790616 kB
VmallocTotal:   34359738367 kB
VmallocUsed:       39064 kB
VmallocChunk:          0 kB
Percpu:           109248 kB
HardwareCorrupted:     0 kB
AnonHugePages:         0 kB
ShmemHugePages:        0 kB
ShmemPmdMapped:        0 kB
FileHugePages:         0 kB
FilePmdMapped:         0 kB
HugePages_Total:       0
HugePages_Free:        0
HugePages_Rsvd:        0
HugePages_Surp:        0
Hugepagesize:       2048 kB
Hugetlb:               0 kB
DirectMap4k:     2601792 kB
DirectMap2M:     5373952 kB
DirectMap1G:    58720256 kB

