MemTotal:       65439348 kB
MemFree:        63809416 kB
MemAvailable:   63871036 kB
Buffers:           52516 kB
Cached:           578792 kB
SwapCached:            0 kB
Active:           199796 kB
Inactive:         492328 kB
Active(anon):       3244 kB
Inactive(anon):    73052 kB
Active(file):     196552 kB
Inactive(file):   419276 kB
Unevictable:       19496 kB
Mlocked:           19496 kB
SwapTotal:       1996796 kB
SwapFree:        1996796 kB
Dirty:               216 kB
Writeback:             0 kB
AnonPages:         80384 kB
Mapped:            85060 kB
Shmem:              6376 kB
KReclaimable:      84204 kB
Slab:             317752 kB
SReclaimable:      84204 kB
SUnreclaim:       233548 kB
KernelStack:        9968 kB
PageTables:         2460 kB
NFS_Unstable:          0 kB
Bounce:                0 kB
WritebackTmp:          0 kB
CommitLimit:    34716468 kB
Committed_AS:     808040 kB
VmallocTotal:   34359738367 kB
VmallocUsed:       42712 kB
VmallocChunk:          0 kB
Percpu:           206208 kB
HardwareCorrupted:     0 kB
AnonHugePages:         0 kB
ShmemHugePages:        0 kB
ShmemPmdMapped:        0 kB
FileHugePages:         0 kB
FilePmdMapped:         0 kB
HugePages_Total:       0
HugePages_Free:        0
HugePages_Rsvd:        0
HugePages_Surp:        0
Hugepagesize:       2048 kB
Hugetlb:               0 kB
DirectMap4k:     2773824 kB
DirectMap2M:     5201920 kB
DirectMap1G:    58720256 kB

