MemTotal:       65439348 kB
MemFree:        63888084 kB
MemAvailable:   63911384 kB
Buffers:           47912 kB
Cached:           547416 kB
SwapCached:            0 kB
Active:           156216 kB
Inactive:         499772 kB
Active(anon):       3244 kB
Inactive(anon):    72900 kB
Active(file):     152972 kB
Inactive(file):   426872 kB
Unevictable:       19496 kB
Mlocked:           19496 kB
SwapTotal:       1996796 kB
SwapFree:        1996796 kB
Dirty:               756 kB
Writeback:             0 kB
AnonPages:         80244 kB
Mapped:            82584 kB
Shmem:              6376 kB
KReclaimable:      79536 kB
Slab:             309492 kB
SReclaimable:      79536 kB
SUnreclaim:       229956 kB
KernelStack:       10048 kB
PageTables:         2428 kB
NFS_Unstable:          0 kB
Bounce:                0 kB
WritebackTmp:          0 kB
CommitLimit:    34716468 kB
Committed_AS:     799592 kB
VmallocTotal:   34359738367 kB
VmallocUsed:       41712 kB
VmallocChunk:          0 kB
Percpu:           173760 kB
HardwareCorrupted:     0 kB
AnonHugePages:         0 kB
ShmemHugePages:        0 kB
ShmemPmdMapped:        0 kB
FileHugePages:         0 kB
FilePmdMapped:         0 kB
HugePages_Total:       0
HugePages_Free:        0
HugePages_Rsvd:        0
HugePages_Surp:        0
Hugepagesize:       2048 kB
Hugetlb:               0 kB
DirectMap4k:     2739008 kB
DirectMap2M:     5236736 kB
DirectMap1G:    58720256 kB

