MemTotal:       65439348 kB
MemFree:        63726388 kB
MemAvailable:   63825200 kB
Buffers:           57264 kB
Cached:           609288 kB
SwapCached:            0 kB
Active:           205216 kB
Inactive:         529792 kB
Active(anon):       3244 kB
Inactive(anon):    80712 kB
Active(file):     201972 kB
Inactive(file):   449080 kB
Unevictable:       19496 kB
Mlocked:           19496 kB
SwapTotal:       1996796 kB
SwapFree:        1996796 kB
Dirty:               932 kB
Writeback:             0 kB
AnonPages:         87964 kB
Mapped:            97376 kB
Shmem:              6380 kB
KReclaimable:      88140 kB
Slab:             325488 kB
SReclaimable:      88140 kB
SUnreclaim:       237348 kB
KernelStack:       10192 kB
PageTables:         2424 kB
NFS_Unstable:          0 kB
Bounce:                0 kB
WritebackTmp:          0 kB
CommitLimit:    34716468 kB
Committed_AS:     854040 kB
VmallocTotal:   34359738367 kB
VmallocUsed:       44556 kB
VmallocChunk:          0 kB
Percpu:           239424 kB
HardwareCorrupted:     0 kB
AnonHugePages:         0 kB
ShmemHugePages:        0 kB
ShmemPmdMapped:        0 kB
FileHugePages:         0 kB
FilePmdMapped:         0 kB
HugePages_Total:       0
HugePages_Free:        0
HugePages_Rsvd:        0
HugePages_Surp:        0
Hugepagesize:       2048 kB
Hugetlb:               0 kB
DirectMap4k:     2818880 kB
DirectMap2M:     5156864 kB
DirectMap1G:    58720256 kB

