MemTotal:       65439348 kB
MemFree:        63821756 kB
MemAvailable:   63876548 kB
Buffers:           51740 kB
Cached:           573160 kB
SwapCached:            0 kB
Active:           198996 kB
Inactive:         486924 kB
Active(anon):       3244 kB
Inactive(anon):    73280 kB
Active(file):     195752 kB
Inactive(file):   413644 kB
Unevictable:       19496 kB
Mlocked:           19496 kB
SwapTotal:       1996796 kB
SwapFree:        1996796 kB
Dirty:               148 kB
Writeback:             0 kB
AnonPages:         80616 kB
Mapped:            84372 kB
Shmem:              6376 kB
KReclaimable:      83416 kB
Slab:             316580 kB
SReclaimable:      83416 kB
SUnreclaim:       233164 kB
KernelStack:       10032 kB
PageTables:         2480 kB
NFS_Unstable:          0 kB
Bounce:                0 kB
WritebackTmp:          0 kB
CommitLimit:    34716468 kB
Committed_AS:     808036 kB
VmallocTotal:   34359738367 kB
VmallocUsed:       42776 kB
VmallocChunk:          0 kB
Percpu:           200256 kB
HardwareCorrupted:     0 kB
AnonHugePages:         0 kB
ShmemHugePages:        0 kB
ShmemPmdMapped:        0 kB
FileHugePages:         0 kB
FilePmdMapped:         0 kB
HugePages_Total:       0
HugePages_Free:        0
HugePages_Rsvd:        0
HugePages_Surp:        0
Hugepagesize:       2048 kB
Hugetlb:               0 kB
DirectMap4k:     2769728 kB
DirectMap2M:     5206016 kB
DirectMap1G:    58720256 kB

