MemTotal:       65439348 kB
MemFree:        63710908 kB
MemAvailable:   63818724 kB
Buffers:           58304 kB
Cached:           616784 kB
SwapCached:            0 kB
Active:           211176 kB
Inactive:         524912 kB
Active(anon):       3244 kB
Inactive(anon):    73276 kB
Active(file):     207932 kB
Inactive(file):   451636 kB
Unevictable:       19496 kB
Mlocked:           19496 kB
SwapTotal:       1996796 kB
SwapFree:        1996796 kB
Dirty:               460 kB
Writeback:             0 kB
AnonPages:         80620 kB
Mapped:            88056 kB
Shmem:              6376 kB
KReclaimable:      89116 kB
Slab:             327224 kB
SReclaimable:      89116 kB
SUnreclaim:       238108 kB
KernelStack:       10000 kB
PageTables:         2444 kB
NFS_Unstable:          0 kB
Bounce:                0 kB
WritebackTmp:          0 kB
CommitLimit:    34716468 kB
Committed_AS:     808036 kB
VmallocTotal:   34359738367 kB
VmallocUsed:       44308 kB
VmallocChunk:          0 kB
Percpu:           247872 kB
HardwareCorrupted:     0 kB
AnonHugePages:         0 kB
ShmemHugePages:        0 kB
ShmemPmdMapped:        0 kB
FileHugePages:         0 kB
FilePmdMapped:         0 kB
HugePages_Total:       0
HugePages_Free:        0
HugePages_Rsvd:        0
HugePages_Surp:        0
Hugepagesize:       2048 kB
Hugetlb:               0 kB
DirectMap4k:     2825024 kB
DirectMap2M:     5150720 kB
DirectMap1G:    58720256 kB

