MemTotal:       65439348 kB
MemFree:        63773140 kB
MemAvailable:   63849272 kB
Buffers:           54376 kB
Cached:           590636 kB
SwapCached:            0 kB
Active:           202360 kB
Inactive:         509876 kB
Active(anon):       3256 kB
Inactive(anon):    79448 kB
Active(file):     199104 kB
Inactive(file):   430428 kB
Unevictable:       19496 kB
Mlocked:           19496 kB
SwapTotal:       1996796 kB
SwapFree:        1996796 kB
Dirty:               732 kB
Writeback:             0 kB
AnonPages:         86856 kB
Mapped:            96236 kB
Shmem:              6380 kB
KReclaimable:      85820 kB
Slab:             321048 kB
SReclaimable:      85820 kB
SUnreclaim:       235228 kB
KernelStack:       10336 kB
PageTables:         2836 kB
NFS_Unstable:          0 kB
Bounce:                0 kB
WritebackTmp:          0 kB
CommitLimit:    34716468 kB
Committed_AS:     854036 kB
VmallocTotal:   34359738367 kB
VmallocUsed:       43524 kB
VmallocChunk:          0 kB
Percpu:           219648 kB
HardwareCorrupted:     0 kB
AnonHugePages:         0 kB
ShmemHugePages:        0 kB
ShmemPmdMapped:        0 kB
FileHugePages:         0 kB
FilePmdMapped:         0 kB
HugePages_Total:       0
HugePages_Free:        0
HugePages_Rsvd:        0
HugePages_Surp:        0
Hugepagesize:       2048 kB
Hugetlb:               0 kB
DirectMap4k:     2794304 kB
DirectMap2M:     5181440 kB
DirectMap1G:    58720256 kB

