MemTotal:       65439348 kB
MemFree:        63924292 kB
MemAvailable:   63927848 kB
Buffers:           45604 kB
Cached:           531000 kB
SwapCached:            0 kB
Active:           153896 kB
Inactive:         483296 kB
Active(anon):       3244 kB
Inactive(anon):    72840 kB
Active(file):     150652 kB
Inactive(file):   410456 kB
Unevictable:       19496 kB
Mlocked:           19496 kB
SwapTotal:       1996796 kB
SwapFree:        1996796 kB
Dirty:               680 kB
Writeback:             0 kB
AnonPages:         80256 kB
Mapped:            81216 kB
Shmem:              6376 kB
KReclaimable:      77516 kB
Slab:             307788 kB
SReclaimable:      77516 kB
SUnreclaim:       230272 kB
KernelStack:       10048 kB
PageTables:         2432 kB
NFS_Unstable:          0 kB
Bounce:                0 kB
WritebackTmp:          0 kB
CommitLimit:    34716468 kB
Committed_AS:     799592 kB
VmallocTotal:   34359738367 kB
VmallocUsed:       40644 kB
VmallocChunk:          0 kB
Percpu:           155712 kB
HardwareCorrupted:     0 kB
AnonHugePages:         0 kB
ShmemHugePages:        0 kB
ShmemPmdMapped:        0 kB
FileHugePages:         0 kB
FilePmdMapped:         0 kB
HugePages_Total:       0
HugePages_Free:        0
HugePages_Rsvd:        0
HugePages_Surp:        0
Hugepagesize:       2048 kB
Hugetlb:               0 kB
DirectMap4k:     2718528 kB
DirectMap2M:     5257216 kB
DirectMap1G:    58720256 kB

