MemTotal:       65439348 kB
MemFree:        63888936 kB
MemAvailable:   63909564 kB
Buffers:           47640 kB
Cached:           545156 kB
SwapCached:            0 kB
Active:           155940 kB
Inactive:         497356 kB
Active(anon):       3244 kB
Inactive(anon):    72736 kB
Active(file):     152696 kB
Inactive(file):   424620 kB
Unevictable:       19496 kB
Mlocked:           19496 kB
SwapTotal:       1996796 kB
SwapFree:        1996796 kB
Dirty:               148 kB
Writeback:             0 kB
AnonPages:         80104 kB
Mapped:            82360 kB
Shmem:              6376 kB
KReclaimable:      79248 kB
Slab:             309088 kB
SReclaimable:      79248 kB
SUnreclaim:       229840 kB
KernelStack:       10048 kB
PageTables:         2428 kB
NFS_Unstable:          0 kB
Bounce:                0 kB
WritebackTmp:          0 kB
CommitLimit:    34716468 kB
Committed_AS:     799592 kB
VmallocTotal:   34359738367 kB
VmallocUsed:       41776 kB
VmallocChunk:          0 kB
Percpu:           171264 kB
HardwareCorrupted:     0 kB
AnonHugePages:         0 kB
ShmemHugePages:        0 kB
ShmemPmdMapped:        0 kB
FileHugePages:         0 kB
FilePmdMapped:         0 kB
HugePages_Total:       0
HugePages_Free:        0
HugePages_Rsvd:        0
HugePages_Surp:        0
Hugepagesize:       2048 kB
Hugetlb:               0 kB
DirectMap4k:     2736960 kB
DirectMap2M:     5238784 kB
DirectMap1G:    58720256 kB

