MemTotal:       65439348 kB
MemFree:        63801620 kB
MemAvailable:   63865644 kB
Buffers:           52756 kB
Cached:           580796 kB
SwapCached:            0 kB
Active:           200032 kB
Inactive:         494384 kB
Active(anon):       3244 kB
Inactive(anon):    73104 kB
Active(file):     196788 kB
Inactive(file):   421280 kB
Unevictable:       19496 kB
Mlocked:           19496 kB
SwapTotal:       1996796 kB
SwapFree:        1996796 kB
Dirty:               756 kB
Writeback:             0 kB
AnonPages:         80444 kB
Mapped:            85208 kB
Shmem:              6376 kB
KReclaimable:      84532 kB
Slab:             318580 kB
SReclaimable:      84532 kB
SUnreclaim:       234048 kB
KernelStack:       10112 kB
PageTables:         2492 kB
NFS_Unstable:          0 kB
Bounce:                0 kB
WritebackTmp:          0 kB
CommitLimit:    34716468 kB
Committed_AS:     808040 kB
VmallocTotal:   34359738367 kB
VmallocUsed:       42872 kB
VmallocChunk:          0 kB
Percpu:           208704 kB
HardwareCorrupted:     0 kB
AnonHugePages:         0 kB
ShmemHugePages:        0 kB
ShmemPmdMapped:        0 kB
FileHugePages:         0 kB
FilePmdMapped:         0 kB
HugePages_Total:       0
HugePages_Free:        0
HugePages_Rsvd:        0
HugePages_Surp:        0
Hugepagesize:       2048 kB
Hugetlb:               0 kB
DirectMap4k:     2779968 kB
DirectMap2M:     5195776 kB
DirectMap1G:    58720256 kB

