MemTotal:       65439348 kB
MemFree:        63781160 kB
MemAvailable:   63854872 kB
Buffers:           54096 kB
Cached:           588740 kB
SwapCached:            0 kB
Active:           201360 kB
Inactive:         503988 kB
Active(anon):       3244 kB
Inactive(anon):    74792 kB
Active(file):     198116 kB
Inactive(file):   429196 kB
Unevictable:       19496 kB
Mlocked:           19496 kB
SwapTotal:       1996796 kB
SwapFree:        1996796 kB
Dirty:               548 kB
Writeback:             0 kB
AnonPages:         82128 kB
Mapped:            86776 kB
Shmem:              6376 kB
KReclaimable:      85420 kB
Slab:             320156 kB
SReclaimable:      85420 kB
SUnreclaim:       234736 kB
KernelStack:       10032 kB
PageTables:         2936 kB
NFS_Unstable:          0 kB
Bounce:                0 kB
WritebackTmp:          0 kB
CommitLimit:    34716468 kB
Committed_AS:     807648 kB
VmallocTotal:   34359738367 kB
VmallocUsed:       43132 kB
VmallocChunk:          0 kB
Percpu:           217728 kB
HardwareCorrupted:     0 kB
AnonHugePages:         0 kB
ShmemHugePages:        0 kB
ShmemPmdMapped:        0 kB
FileHugePages:         0 kB
FilePmdMapped:         0 kB
HugePages_Total:       0
HugePages_Free:        0
HugePages_Rsvd:        0
HugePages_Surp:        0
Hugepagesize:       2048 kB
Hugetlb:               0 kB
DirectMap4k:     2790208 kB
DirectMap2M:     5185536 kB
DirectMap1G:    58720256 kB

