MemTotal:       65439348 kB
MemFree:        63879536 kB
MemAvailable:   63906180 kB
Buffers:           48380 kB
Cached:           550096 kB
SwapCached:            0 kB
Active:           156676 kB
Inactive:         502424 kB
Active(anon):       3244 kB
Inactive(anon):    72876 kB
Active(file):     153432 kB
Inactive(file):   429548 kB
Unevictable:       19496 kB
Mlocked:           19496 kB
SwapTotal:       1996796 kB
SwapFree:        1996796 kB
Dirty:               660 kB
Writeback:             0 kB
AnonPages:         80540 kB
Mapped:            82932 kB
Shmem:              6380 kB
KReclaimable:      79952 kB
Slab:             311332 kB
SReclaimable:      79952 kB
SUnreclaim:       231380 kB
KernelStack:       10032 kB
PageTables:         2548 kB
NFS_Unstable:          0 kB
Bounce:                0 kB
WritebackTmp:          0 kB
CommitLimit:    34716468 kB
Committed_AS:     799208 kB
VmallocTotal:   34359738367 kB
VmallocUsed:       41632 kB
VmallocChunk:          0 kB
Percpu:           176640 kB
HardwareCorrupted:     0 kB
AnonHugePages:         0 kB
ShmemHugePages:        0 kB
ShmemPmdMapped:        0 kB
FileHugePages:         0 kB
FilePmdMapped:         0 kB
HugePages_Total:       0
HugePages_Free:        0
HugePages_Rsvd:        0
HugePages_Surp:        0
Hugepagesize:       2048 kB
Hugetlb:               0 kB
DirectMap4k:     2743104 kB
DirectMap2M:     5232640 kB
DirectMap1G:    58720256 kB

