MemTotal:       65439348 kB
MemFree:        63723452 kB
MemAvailable:   63821788 kB
Buffers:           57212 kB
Cached:           608880 kB
SwapCached:            0 kB
Active:           205184 kB
Inactive:         527412 kB
Active(anon):       3248 kB
Inactive(anon):    78740 kB
Active(file):     201936 kB
Inactive(file):   448672 kB
Unevictable:       19496 kB
Mlocked:           19496 kB
SwapTotal:       1996796 kB
SwapFree:        1996796 kB
Dirty:               216 kB
Writeback:             0 kB
AnonPages:         86092 kB
Mapped:            96972 kB
Shmem:              6380 kB
KReclaimable:      88080 kB
Slab:             325676 kB
SReclaimable:      88080 kB
SUnreclaim:       237596 kB
KernelStack:       10192 kB
PageTables:         2672 kB
NFS_Unstable:          0 kB
Bounce:                0 kB
WritebackTmp:          0 kB
CommitLimit:    34716468 kB
Committed_AS:     854428 kB
VmallocTotal:   34359738367 kB
VmallocUsed:       44620 kB
VmallocChunk:          0 kB
Percpu:           238848 kB
HardwareCorrupted:     0 kB
AnonHugePages:         0 kB
ShmemHugePages:        0 kB
ShmemPmdMapped:        0 kB
FileHugePages:         0 kB
FilePmdMapped:         0 kB
HugePages_Total:       0
HugePages_Free:        0
HugePages_Rsvd:        0
HugePages_Surp:        0
Hugepagesize:       2048 kB
Hugetlb:               0 kB
DirectMap4k:     2818880 kB
DirectMap2M:     5156864 kB
DirectMap1G:    58720256 kB

