MemTotal:       65439348 kB
MemFree:        63696472 kB
MemAvailable:   63811224 kB
Buffers:           59096 kB
Cached:           622472 kB
SwapCached:            0 kB
Active:           212000 kB
Inactive:         530724 kB
Active(anon):       3240 kB
Inactive(anon):    73400 kB
Active(file):     208760 kB
Inactive(file):   457324 kB
Unevictable:       19496 kB
Mlocked:           19496 kB
SwapTotal:       1996796 kB
SwapFree:        1996796 kB
Dirty:               760 kB
Writeback:             0 kB
AnonPages:         80708 kB
Mapped:            88528 kB
Shmem:              6376 kB
KReclaimable:      89956 kB
Slab:             329504 kB
SReclaimable:      89956 kB
SUnreclaim:       239548 kB
KernelStack:        9984 kB
PageTables:         2504 kB
NFS_Unstable:          0 kB
Bounce:                0 kB
WritebackTmp:          0 kB
CommitLimit:    34716468 kB
Committed_AS:     808036 kB
VmallocTotal:   34359738367 kB
VmallocUsed:       44856 kB
VmallocChunk:          0 kB
Percpu:           253824 kB
HardwareCorrupted:     0 kB
AnonHugePages:         0 kB
ShmemHugePages:        0 kB
ShmemPmdMapped:        0 kB
FileHugePages:         0 kB
FilePmdMapped:         0 kB
HugePages_Total:       0
HugePages_Free:        0
HugePages_Rsvd:        0
HugePages_Surp:        0
Hugepagesize:       2048 kB
Hugetlb:               0 kB
DirectMap4k:     2835264 kB
DirectMap2M:     5140480 kB
DirectMap1G:    58720256 kB

