MemTotal:       65439348 kB
MemFree:        63843252 kB
MemAvailable:   63886872 kB
Buffers:           50384 kB
Cached:           563952 kB
SwapCached:            0 kB
Active:           197656 kB
Inactive:         477228 kB
Active(anon):       3244 kB
Inactive(anon):    72792 kB
Active(file):     194412 kB
Inactive(file):   404436 kB
Unevictable:       19496 kB
Mlocked:           19496 kB
SwapTotal:       1996796 kB
SwapFree:        1996796 kB
Dirty:                 0 kB
Writeback:             0 kB
AnonPages:         80160 kB
Mapped:            83700 kB
Shmem:              6376 kB
KReclaimable:      82168 kB
Slab:             312940 kB
SReclaimable:      82168 kB
SUnreclaim:       230772 kB
KernelStack:        9920 kB
PageTables:         2444 kB
NFS_Unstable:          0 kB
Bounce:                0 kB
WritebackTmp:          0 kB
CommitLimit:    34716468 kB
Committed_AS:     807784 kB
VmallocTotal:   34359738367 kB
VmallocUsed:       42196 kB
VmallocChunk:          0 kB
Percpu:           189888 kB
HardwareCorrupted:     0 kB
AnonHugePages:         0 kB
ShmemHugePages:        0 kB
ShmemPmdMapped:        0 kB
FileHugePages:         0 kB
FilePmdMapped:         0 kB
HugePages_Total:       0
HugePages_Free:        0
HugePages_Rsvd:        0
HugePages_Surp:        0
Hugepagesize:       2048 kB
Hugetlb:               0 kB
DirectMap4k:     2755392 kB
DirectMap2M:     5220352 kB
DirectMap1G:    58720256 kB

