MemTotal:       65439348 kB
MemFree:        64227252 kB
MemAvailable:   63978184 kB
Buffers:           39672 kB
Cached:           288336 kB
SwapCached:            0 kB
Active:           133400 kB
Inactive:         257040 kB
Active(anon):       3224 kB
Inactive(anon):    74684 kB
Active(file):     130176 kB
Inactive(file):   182356 kB
Unevictable:       19496 kB
Mlocked:           19496 kB
SwapTotal:       1996796 kB
SwapFree:        1996796 kB
Dirty:               604 kB
Writeback:             0 kB
AnonPages:         81512 kB
Mapped:            77748 kB
Shmem:              6376 kB
KReclaimable:      69420 kB
Slab:             293292 kB
SReclaimable:      69420 kB
SUnreclaim:       223872 kB
KernelStack:       10160 kB
PageTables:         2388 kB
NFS_Unstable:          0 kB
Bounce:                0 kB
WritebackTmp:          0 kB
CommitLimit:    34716468 kB
Committed_AS:     790364 kB
VmallocTotal:   34359738367 kB
VmallocUsed:       39016 kB
VmallocChunk:          0 kB
Percpu:           116352 kB
HardwareCorrupted:     0 kB
AnonHugePages:         0 kB
ShmemHugePages:        0 kB
ShmemPmdMapped:        0 kB
FileHugePages:         0 kB
FilePmdMapped:         0 kB
HugePages_Total:       0
HugePages_Free:        0
HugePages_Rsvd:        0
HugePages_Surp:        0
Hugepagesize:       2048 kB
Hugetlb:               0 kB
DirectMap4k:     2661184 kB
DirectMap2M:     5314560 kB
DirectMap1G:    58720256 kB

