MemTotal:       65439348 kB
MemFree:        63721928 kB
MemAvailable:   63825696 kB
Buffers:           57860 kB
Cached:           613364 kB
SwapCached:            0 kB
Active:           210760 kB
Inactive:         521092 kB
Active(anon):       3240 kB
Inactive(anon):    72876 kB
Active(file):     207520 kB
Inactive(file):   448216 kB
Unevictable:       19496 kB
Mlocked:           19496 kB
SwapTotal:       1996796 kB
SwapFree:        1996796 kB
Dirty:                52 kB
Writeback:             0 kB
AnonPages:         80236 kB
Mapped:            87920 kB
Shmem:              6376 kB
KReclaimable:      88688 kB
Slab:             326012 kB
SReclaimable:      88688 kB
SUnreclaim:       237324 kB
KernelStack:        9936 kB
PageTables:         2456 kB
NFS_Unstable:          0 kB
Bounce:                0 kB
WritebackTmp:          0 kB
CommitLimit:    34716468 kB
Committed_AS:     808036 kB
VmallocTotal:   34359738367 kB
VmallocUsed:       44228 kB
VmallocChunk:          0 kB
Percpu:           243648 kB
HardwareCorrupted:     0 kB
AnonHugePages:         0 kB
ShmemHugePages:        0 kB
ShmemPmdMapped:        0 kB
FileHugePages:         0 kB
FilePmdMapped:         0 kB
HugePages_Total:       0
HugePages_Free:        0
HugePages_Rsvd:        0
HugePages_Surp:        0
Hugepagesize:       2048 kB
Hugetlb:               0 kB
DirectMap4k:     2820928 kB
DirectMap2M:     5154816 kB
DirectMap1G:    58720256 kB

