MemTotal:       65439348 kB
MemFree:        64314912 kB
MemAvailable:   64012992 kB
Buffers:           31680 kB
Cached:           250028 kB
SwapCached:            0 kB
Active:           122832 kB
Inactive:         220516 kB
Active(anon):       3216 kB
Inactive(anon):    73936 kB
Active(file):     119616 kB
Inactive(file):   146580 kB
Unevictable:       19496 kB
Mlocked:           19496 kB
SwapTotal:       1996796 kB
SwapFree:        1996796 kB
Dirty:               540 kB
Writeback:             0 kB
AnonPages:         81708 kB
Mapped:            74824 kB
Shmem:              6376 kB
KReclaimable:      56388 kB
Slab:             277052 kB
SReclaimable:      56388 kB
SUnreclaim:       220664 kB
KernelStack:        9936 kB
PageTables:         2180 kB
NFS_Unstable:          0 kB
Bounce:                0 kB
WritebackTmp:          0 kB
CommitLimit:    34716468 kB
Committed_AS:     790352 kB
VmallocTotal:   34359738367 kB
VmallocUsed:       38372 kB
VmallocChunk:          0 kB
Percpu:            96576 kB
HardwareCorrupted:     0 kB
AnonHugePages:         0 kB
ShmemHugePages:        0 kB
ShmemPmdMapped:        0 kB
FileHugePages:         0 kB
FilePmdMapped:         0 kB
HugePages_Total:       0
HugePages_Free:        0
HugePages_Rsvd:        0
HugePages_Surp:        0
Hugepagesize:       2048 kB
Hugetlb:               0 kB
DirectMap4k:     2140992 kB
DirectMap2M:     5834752 kB
DirectMap1G:    58720256 kB

