MemTotal:       65439348 kB
MemFree:        64162704 kB
MemAvailable:   63950776 kB
Buffers:           43016 kB
Cached:           320572 kB
SwapCached:            0 kB
Active:           138464 kB
Inactive:         292184 kB
Active(anon):       3260 kB
Inactive(anon):    79276 kB
Active(file):     135204 kB
Inactive(file):   212908 kB
Unevictable:       19496 kB
Mlocked:           19496 kB
SwapTotal:       1996796 kB
SwapFree:        1996796 kB
Dirty:               912 kB
Writeback:             0 kB
AnonPages:         86672 kB
Mapped:            88844 kB
Shmem:              6376 kB
KReclaimable:      72544 kB
Slab:             299516 kB
SReclaimable:      72544 kB
SUnreclaim:       226972 kB
KernelStack:       10208 kB
PageTables:         2788 kB
NFS_Unstable:          0 kB
Bounce:                0 kB
WritebackTmp:          0 kB
CommitLimit:    34716468 kB
Committed_AS:     837616 kB
VmallocTotal:   34359738367 kB
VmallocUsed:       40344 kB
VmallocChunk:          0 kB
Percpu:           137088 kB
HardwareCorrupted:     0 kB
AnonHugePages:         0 kB
ShmemHugePages:        0 kB
ShmemPmdMapped:        0 kB
FileHugePages:         0 kB
FilePmdMapped:         0 kB
HugePages_Total:       0
HugePages_Free:        0
HugePages_Rsvd:        0
HugePages_Surp:        0
Hugepagesize:       2048 kB
Hugetlb:               0 kB
DirectMap4k:     2696000 kB
DirectMap2M:     5279744 kB
DirectMap1G:    58720256 kB

