MemTotal:       65439348 kB
MemFree:        64250684 kB
MemAvailable:   63992196 kB
Buffers:           38592 kB
Cached:           280380 kB
SwapCached:            0 kB
Active:           131420 kB
Inactive:         248612 kB
Active(anon):       3220 kB
Inactive(anon):    73316 kB
Active(file):     128200 kB
Inactive(file):   175296 kB
Unevictable:       19496 kB
Mlocked:           19496 kB
SwapTotal:       1996796 kB
SwapFree:        1996796 kB
Dirty:               860 kB
Writeback:             0 kB
AnonPages:         80512 kB
Mapped:            77320 kB
Shmem:              6376 kB
KReclaimable:      68652 kB
Slab:             292996 kB
SReclaimable:      68652 kB
SUnreclaim:       224344 kB
KernelStack:        9984 kB
PageTables:         2460 kB
NFS_Unstable:          0 kB
Bounce:                0 kB
WritebackTmp:          0 kB
CommitLimit:    34716468 kB
Committed_AS:     790356 kB
VmallocTotal:   34359738367 kB
VmallocUsed:       38984 kB
VmallocChunk:          0 kB
Percpu:           108672 kB
HardwareCorrupted:     0 kB
AnonHugePages:         0 kB
ShmemHugePages:        0 kB
ShmemPmdMapped:        0 kB
FileHugePages:         0 kB
FilePmdMapped:         0 kB
HugePages_Total:       0
HugePages_Free:        0
HugePages_Rsvd:        0
HugePages_Surp:        0
Hugepagesize:       2048 kB
Hugetlb:               0 kB
DirectMap4k:     2587456 kB
DirectMap2M:     5388288 kB
DirectMap1G:    58720256 kB

