MemTotal:       65439348 kB
MemFree:        63701444 kB
MemAvailable:   63813552 kB
Buffers:           58760 kB
Cached:           620340 kB
SwapCached:            0 kB
Active:           211656 kB
Inactive:         528140 kB
Active(anon):       3244 kB
Inactive(anon):    72944 kB
Active(file):     208412 kB
Inactive(file):   455196 kB
Unevictable:       19496 kB
Mlocked:           19496 kB
SwapTotal:       1996796 kB
SwapFree:        1996796 kB
Dirty:                32 kB
Writeback:             0 kB
AnonPages:         80280 kB
Mapped:            88256 kB
Shmem:              6376 kB
KReclaimable:      89624 kB
Slab:             328692 kB
SReclaimable:      89624 kB
SUnreclaim:       239068 kB
KernelStack:        9968 kB
PageTables:         2452 kB
NFS_Unstable:          0 kB
Bounce:                0 kB
WritebackTmp:          0 kB
CommitLimit:    34716468 kB
Committed_AS:     808040 kB
VmallocTotal:   34359738367 kB
VmallocUsed:       44792 kB
VmallocChunk:          0 kB
Percpu:           251520 kB
HardwareCorrupted:     0 kB
AnonHugePages:         0 kB
ShmemHugePages:        0 kB
ShmemPmdMapped:        0 kB
FileHugePages:         0 kB
FilePmdMapped:         0 kB
HugePages_Total:       0
HugePages_Free:        0
HugePages_Rsvd:        0
HugePages_Surp:        0
Hugepagesize:       2048 kB
Hugetlb:               0 kB
DirectMap4k:     2831168 kB
DirectMap2M:     5144576 kB
DirectMap1G:    58720256 kB

