MemTotal:       65439348 kB
MemFree:        63805572 kB
MemAvailable:   63868116 kB
Buffers:           52624 kB
Cached:           579552 kB
SwapCached:            0 kB
Active:           199904 kB
Inactive:         493624 kB
Active(anon):       3252 kB
Inactive(anon):    73588 kB
Active(file):     196652 kB
Inactive(file):   420036 kB
Unevictable:       19496 kB
Mlocked:           19496 kB
SwapTotal:       1996796 kB
SwapFree:        1996796 kB
Dirty:               740 kB
Writeback:             0 kB
AnonPages:         81796 kB
Mapped:            85192 kB
Shmem:              6376 kB
KReclaimable:      84336 kB
Slab:             318832 kB
SReclaimable:      84336 kB
SUnreclaim:       234496 kB
KernelStack:       10096 kB
PageTables:         2752 kB
NFS_Unstable:          0 kB
Bounce:                0 kB
WritebackTmp:          0 kB
CommitLimit:    34716468 kB
Committed_AS:     807652 kB
VmallocTotal:   34359738367 kB
VmallocUsed:       42760 kB
VmallocChunk:          0 kB
Percpu:           207360 kB
HardwareCorrupted:     0 kB
AnonHugePages:         0 kB
ShmemHugePages:        0 kB
ShmemPmdMapped:        0 kB
FileHugePages:         0 kB
FilePmdMapped:         0 kB
HugePages_Total:       0
HugePages_Free:        0
HugePages_Rsvd:        0
HugePages_Surp:        0
Hugepagesize:       2048 kB
Hugetlb:               0 kB
DirectMap4k:     2775872 kB
DirectMap2M:     5199872 kB
DirectMap1G:    58720256 kB

