MemTotal:       65439348 kB
MemFree:        64196416 kB
MemAvailable:   63968860 kB
Buffers:           41064 kB
Cached:           307780 kB
SwapCached:            0 kB
Active:           136484 kB
Inactive:         278240 kB
Active(anon):       3244 kB
Inactive(anon):    78124 kB
Active(file):     133240 kB
Inactive(file):   200116 kB
Unevictable:       19496 kB
Mlocked:           19496 kB
SwapTotal:       1996796 kB
SwapFree:        1996796 kB
Dirty:               160 kB
Writeback:             0 kB
AnonPages:         85444 kB
Mapped:            87736 kB
Shmem:              6380 kB
KReclaimable:      70800 kB
Slab:             295768 kB
SReclaimable:      70800 kB
SUnreclaim:       224968 kB
KernelStack:       10144 kB
PageTables:         2572 kB
NFS_Unstable:          0 kB
Bounce:                0 kB
WritebackTmp:          0 kB
CommitLimit:    34716468 kB
Committed_AS:     838000 kB
VmallocTotal:   34359738367 kB
VmallocUsed:       39812 kB
VmallocChunk:          0 kB
Percpu:           122688 kB
HardwareCorrupted:     0 kB
AnonHugePages:         0 kB
ShmemHugePages:        0 kB
ShmemPmdMapped:        0 kB
FileHugePages:         0 kB
FilePmdMapped:         0 kB
HugePages_Total:       0
HugePages_Free:        0
HugePages_Rsvd:        0
HugePages_Surp:        0
Hugepagesize:       2048 kB
Hugetlb:               0 kB
DirectMap4k:     2673472 kB
DirectMap2M:     5302272 kB
DirectMap1G:    58720256 kB

