MemTotal:       65439348 kB
MemFree:        63852464 kB
MemAvailable:   63892568 kB
Buffers:           49908 kB
Cached:           561128 kB
SwapCached:            0 kB
Active:           197172 kB
Inactive:         474376 kB
Active(anon):       3244 kB
Inactive(anon):    72764 kB
Active(file):     193928 kB
Inactive(file):   401612 kB
Unevictable:       19496 kB
Mlocked:           19496 kB
SwapTotal:       1996796 kB
SwapFree:        1996796 kB
Dirty:                 0 kB
Writeback:             0 kB
AnonPages:         80084 kB
Mapped:            83460 kB
Shmem:              6376 kB
KReclaimable:      81748 kB
Slab:             313324 kB
SReclaimable:      81748 kB
SUnreclaim:       231576 kB
KernelStack:        9920 kB
PageTables:         2428 kB
NFS_Unstable:          0 kB
Bounce:                0 kB
WritebackTmp:          0 kB
CommitLimit:    34716468 kB
Committed_AS:     799592 kB
VmallocTotal:   34359738367 kB
VmallocUsed:       42196 kB
VmallocChunk:          0 kB
Percpu:           187008 kB
HardwareCorrupted:     0 kB
AnonHugePages:         0 kB
ShmemHugePages:        0 kB
ShmemPmdMapped:        0 kB
FileHugePages:         0 kB
FilePmdMapped:         0 kB
HugePages_Total:       0
HugePages_Free:        0
HugePages_Rsvd:        0
HugePages_Surp:        0
Hugepagesize:       2048 kB
Hugetlb:               0 kB
DirectMap4k:     2753344 kB
DirectMap2M:     5222400 kB
DirectMap1G:    58720256 kB

