MemTotal:       65439348 kB
MemFree:        63877448 kB
MemAvailable:   63906204 kB
Buffers:           48608 kB
Cached:           551760 kB
SwapCached:            0 kB
Active:           156924 kB
Inactive:         505560 kB
Active(anon):       3248 kB
Inactive(anon):    74348 kB
Active(file):     153676 kB
Inactive(file):   431212 kB
Unevictable:       19496 kB
Mlocked:           19496 kB
SwapTotal:       1996796 kB
SwapFree:        1996796 kB
Dirty:               688 kB
Writeback:             0 kB
AnonPages:         81560 kB
Mapped:            83272 kB
Shmem:              6380 kB
KReclaimable:      80360 kB
Slab:             311980 kB
SReclaimable:      80360 kB
SUnreclaim:       231620 kB
KernelStack:        9952 kB
PageTables:         2424 kB
NFS_Unstable:          0 kB
Bounce:                0 kB
WritebackTmp:          0 kB
CommitLimit:    34716468 kB
Committed_AS:     799204 kB
VmallocTotal:   34359738367 kB
VmallocUsed:       41616 kB
VmallocChunk:          0 kB
Percpu:           178560 kB
HardwareCorrupted:     0 kB
AnonHugePages:         0 kB
ShmemHugePages:        0 kB
ShmemPmdMapped:        0 kB
FileHugePages:         0 kB
FilePmdMapped:         0 kB
HugePages_Total:       0
HugePages_Free:        0
HugePages_Rsvd:        0
HugePages_Surp:        0
Hugepagesize:       2048 kB
Hugetlb:               0 kB
DirectMap4k:     2747200 kB
DirectMap2M:     5228544 kB
DirectMap1G:    58720256 kB

