MemTotal:       65439348 kB
MemFree:        63721972 kB
MemAvailable:   63822268 kB
Buffers:           57424 kB
Cached:           610480 kB
SwapCached:            0 kB
Active:           205400 kB
Inactive:         528760 kB
Active(anon):       3256 kB
Inactive(anon):    78484 kB
Active(file):     202144 kB
Inactive(file):   450276 kB
Unevictable:       19496 kB
Mlocked:           19496 kB
SwapTotal:       1996796 kB
SwapFree:        1996796 kB
Dirty:               684 kB
Writeback:             0 kB
AnonPages:         85816 kB
Mapped:            97092 kB
Shmem:              6380 kB
KReclaimable:      88372 kB
Slab:             325500 kB
SReclaimable:      88372 kB
SUnreclaim:       237128 kB
KernelStack:       10160 kB
PageTables:         2784 kB
NFS_Unstable:          0 kB
Bounce:                0 kB
WritebackTmp:          0 kB
CommitLimit:    34716468 kB
Committed_AS:     854040 kB
VmallocTotal:   34359738367 kB
VmallocUsed:       44460 kB
VmallocChunk:          0 kB
Percpu:           240576 kB
HardwareCorrupted:     0 kB
AnonHugePages:         0 kB
ShmemHugePages:        0 kB
ShmemPmdMapped:        0 kB
FileHugePages:         0 kB
FilePmdMapped:         0 kB
HugePages_Total:       0
HugePages_Free:        0
HugePages_Rsvd:        0
HugePages_Surp:        0
Hugepagesize:       2048 kB
Hugetlb:               0 kB
DirectMap4k:     2818880 kB
DirectMap2M:     5156864 kB
DirectMap1G:    58720256 kB

