MemTotal:       65439348 kB
MemFree:        64267416 kB
MemAvailable:   63999288 kB
Buffers:           37552 kB
Cached:           272256 kB
SwapCached:            0 kB
Active:           130316 kB
Inactive:         239584 kB
Active(anon):       3212 kB
Inactive(anon):    72412 kB
Active(file):     127104 kB
Inactive(file):   167172 kB
Unevictable:       19496 kB
Mlocked:           19496 kB
SwapTotal:       1996796 kB
SwapFree:        1996796 kB
Dirty:                12 kB
Writeback:             0 kB
AnonPages:         79884 kB
Mapped:            76128 kB
Shmem:              6376 kB
KReclaimable:      67812 kB
Slab:             291020 kB
SReclaimable:      67812 kB
SUnreclaim:       223208 kB
KernelStack:        9888 kB
PageTables:         2392 kB
NFS_Unstable:          0 kB
Bounce:                0 kB
WritebackTmp:          0 kB
CommitLimit:    34716468 kB
Committed_AS:     790744 kB
VmallocTotal:   34359738367 kB
VmallocUsed:       38404 kB
VmallocChunk:          0 kB
Percpu:           100224 kB
HardwareCorrupted:     0 kB
AnonHugePages:         0 kB
ShmemHugePages:        0 kB
ShmemPmdMapped:        0 kB
FileHugePages:         0 kB
FilePmdMapped:         0 kB
HugePages_Total:       0
HugePages_Free:        0
HugePages_Rsvd:        0
HugePages_Surp:        0
Hugepagesize:       2048 kB
Hugetlb:               0 kB
DirectMap4k:     2458432 kB
DirectMap2M:     5517312 kB
DirectMap1G:    58720256 kB

