MemTotal:       65439348 kB
MemFree:        64164752 kB
MemAvailable:   63951216 kB
Buffers:           42828 kB
Cached:           319220 kB
SwapCached:            0 kB
Active:           138244 kB
Inactive:         290000 kB
Active(anon):       3248 kB
Inactive(anon):    78448 kB
Active(file):     134996 kB
Inactive(file):   211552 kB
Unevictable:       19496 kB
Mlocked:           19496 kB
SwapTotal:       1996796 kB
SwapFree:        1996796 kB
Dirty:               760 kB
Writeback:             0 kB
AnonPages:         85824 kB
Mapped:            88644 kB
Shmem:              6380 kB
KReclaimable:      72456 kB
Slab:             299580 kB
SReclaimable:      72456 kB
SUnreclaim:       227124 kB
KernelStack:       10032 kB
PageTables:         2636 kB
NFS_Unstable:          0 kB
Bounce:                0 kB
WritebackTmp:          0 kB
CommitLimit:    34716468 kB
Committed_AS:     838004 kB
VmallocTotal:   34359738367 kB
VmallocUsed:       40136 kB
VmallocChunk:          0 kB
Percpu:           135168 kB
HardwareCorrupted:     0 kB
AnonHugePages:         0 kB
ShmemHugePages:        0 kB
ShmemPmdMapped:        0 kB
FileHugePages:         0 kB
FilePmdMapped:         0 kB
HugePages_Total:       0
HugePages_Free:        0
HugePages_Rsvd:        0
HugePages_Surp:        0
Hugepagesize:       2048 kB
Hugetlb:               0 kB
DirectMap4k:     2693952 kB
DirectMap2M:     5281792 kB
DirectMap1G:    58720256 kB

