MemTotal:       65439348 kB
MemFree:        64271780 kB
MemAvailable:   64001428 kB
Buffers:           37176 kB
Cached:           270460 kB
SwapCached:            0 kB
Active:           129988 kB
Inactive:         237804 kB
Active(anon):       3228 kB
Inactive(anon):    72428 kB
Active(file):     126760 kB
Inactive(file):   165376 kB
Unevictable:       19496 kB
Mlocked:           19496 kB
SwapTotal:       1996796 kB
SwapFree:        1996796 kB
Dirty:               464 kB
Writeback:             0 kB
AnonPages:         79760 kB
Mapped:            76000 kB
Shmem:              6376 kB
KReclaimable:      67644 kB
Slab:             290580 kB
SReclaimable:      67644 kB
SUnreclaim:       222936 kB
KernelStack:       10096 kB
PageTables:         2392 kB
NFS_Unstable:          0 kB
Bounce:                0 kB
WritebackTmp:          0 kB
CommitLimit:    34716468 kB
Committed_AS:     790616 kB
VmallocTotal:   34359738367 kB
VmallocUsed:       38532 kB
VmallocChunk:          0 kB
Percpu:            98304 kB
HardwareCorrupted:     0 kB
AnonHugePages:         0 kB
ShmemHugePages:        0 kB
ShmemPmdMapped:        0 kB
FileHugePages:         0 kB
FilePmdMapped:         0 kB
HugePages_Total:       0
HugePages_Free:        0
HugePages_Rsvd:        0
HugePages_Surp:        0
Hugepagesize:       2048 kB
Hugetlb:               0 kB
DirectMap4k:     2427712 kB
DirectMap2M:     5548032 kB
DirectMap1G:    58720256 kB

