MemTotal:       65439348 kB
MemFree:        64170136 kB
MemAvailable:   63953724 kB
Buffers:           42408 kB
Cached:           316924 kB
SwapCached:            0 kB
Active:           137852 kB
Inactive:         287236 kB
Active(anon):       3256 kB
Inactive(anon):    77984 kB
Active(file):     134596 kB
Inactive(file):   209252 kB
Unevictable:       19496 kB
Mlocked:           19496 kB
SwapTotal:       1996796 kB
SwapFree:        1996796 kB
Dirty:               708 kB
Writeback:             0 kB
AnonPages:         85776 kB
Mapped:            88600 kB
Shmem:              6384 kB
KReclaimable:      72104 kB
Slab:             299068 kB
SReclaimable:      72104 kB
SUnreclaim:       226964 kB
KernelStack:       10128 kB
PageTables:         2652 kB
NFS_Unstable:          0 kB
Bounce:                0 kB
WritebackTmp:          0 kB
CommitLimit:    34716468 kB
Committed_AS:     837616 kB
VmallocTotal:   34359738367 kB
VmallocUsed:       40264 kB
VmallocChunk:          0 kB
Percpu:           132864 kB
HardwareCorrupted:     0 kB
AnonHugePages:         0 kB
ShmemHugePages:        0 kB
ShmemPmdMapped:        0 kB
FileHugePages:         0 kB
FilePmdMapped:         0 kB
HugePages_Total:       0
HugePages_Free:        0
HugePages_Rsvd:        0
HugePages_Surp:        0
Hugepagesize:       2048 kB
Hugetlb:               0 kB
DirectMap4k:     2689856 kB
DirectMap2M:     5285888 kB
DirectMap1G:    58720256 kB

