MemTotal:       65439348 kB
MemFree:        63861436 kB
MemAvailable:   63897708 kB
Buffers:           49392 kB
Cached:           558160 kB
SwapCached:            0 kB
Active:           157860 kB
Inactive:         510460 kB
Active(anon):       3240 kB
Inactive(anon):    73012 kB
Active(file):     154620 kB
Inactive(file):   437448 kB
Unevictable:       19496 kB
Mlocked:           19496 kB
SwapTotal:       1996796 kB
SwapFree:        1996796 kB
Dirty:               912 kB
Writeback:             0 kB
AnonPages:         80836 kB
Mapped:            83256 kB
Shmem:              6376 kB
KReclaimable:      81028 kB
Slab:             313376 kB
SReclaimable:      81028 kB
SUnreclaim:       232348 kB
KernelStack:        9936 kB
PageTables:         2412 kB
NFS_Unstable:          0 kB
Bounce:                0 kB
WritebackTmp:          0 kB
CommitLimit:    34716468 kB
Committed_AS:     799200 kB
VmallocTotal:   34359738367 kB
VmallocUsed:       41600 kB
VmallocChunk:          0 kB
Percpu:           183936 kB
HardwareCorrupted:     0 kB
AnonHugePages:         0 kB
ShmemHugePages:        0 kB
ShmemPmdMapped:        0 kB
FileHugePages:         0 kB
FilePmdMapped:         0 kB
HugePages_Total:       0
HugePages_Free:        0
HugePages_Rsvd:        0
HugePages_Surp:        0
Hugepagesize:       2048 kB
Hugetlb:               0 kB
DirectMap4k:     2749248 kB
DirectMap2M:     5226496 kB
DirectMap1G:    58720256 kB

