MemTotal:       65439348 kB
MemFree:        64266760 kB
MemAvailable:   63998872 kB
Buffers:           37592 kB
Cached:           272416 kB
SwapCached:            0 kB
Active:           130396 kB
Inactive:         241224 kB
Active(anon):       3212 kB
Inactive(anon):    73892 kB
Active(file):     127184 kB
Inactive(file):   167332 kB
Unevictable:       19496 kB
Mlocked:           19496 kB
SwapTotal:       1996796 kB
SwapFree:        1996796 kB
Dirty:               576 kB
Writeback:             0 kB
AnonPages:         81232 kB
Mapped:            76880 kB
Shmem:              6376 kB
KReclaimable:      67816 kB
Slab:             291056 kB
SReclaimable:      67816 kB
SUnreclaim:       223240 kB
KernelStack:       10048 kB
PageTables:         2652 kB
NFS_Unstable:          0 kB
Bounce:                0 kB
WritebackTmp:          0 kB
CommitLimit:    34716468 kB
Committed_AS:     790352 kB
VmallocTotal:   34359738367 kB
VmallocUsed:       38500 kB
VmallocChunk:          0 kB
Percpu:           100224 kB
HardwareCorrupted:     0 kB
AnonHugePages:         0 kB
ShmemHugePages:        0 kB
ShmemPmdMapped:        0 kB
FileHugePages:         0 kB
FilePmdMapped:         0 kB
HugePages_Total:       0
HugePages_Free:        0
HugePages_Rsvd:        0
HugePages_Surp:        0
Hugepagesize:       2048 kB
Hugetlb:               0 kB
DirectMap4k:     2460480 kB
DirectMap2M:     5515264 kB
DirectMap1G:    58720256 kB

