MemTotal:       65439348 kB
MemFree:        63790108 kB
MemAvailable:   63858608 kB
Buffers:           53260 kB
Cached:           584624 kB
SwapCached:            0 kB
Active:           200532 kB
Inactive:         499188 kB
Active(anon):       3248 kB
Inactive(anon):    74116 kB
Active(file):     197284 kB
Inactive(file):   425072 kB
Unevictable:       19496 kB
Mlocked:           19496 kB
SwapTotal:       1996796 kB
SwapFree:        1996796 kB
Dirty:               772 kB
Writeback:             0 kB
AnonPages:         81444 kB
Mapped:            86752 kB
Shmem:              6376 kB
KReclaimable:      84908 kB
Slab:             319460 kB
SReclaimable:      84908 kB
SUnreclaim:       234552 kB
KernelStack:       10160 kB
PageTables:         2816 kB
NFS_Unstable:          0 kB
Bounce:                0 kB
WritebackTmp:          0 kB
CommitLimit:    34716468 kB
Committed_AS:     807648 kB
VmallocTotal:   34359738367 kB
VmallocUsed:       43420 kB
VmallocChunk:          0 kB
Percpu:           212928 kB
HardwareCorrupted:     0 kB
AnonHugePages:         0 kB
ShmemHugePages:        0 kB
ShmemPmdMapped:        0 kB
FileHugePages:         0 kB
FilePmdMapped:         0 kB
HugePages_Total:       0
HugePages_Free:        0
HugePages_Rsvd:        0
HugePages_Surp:        0
Hugepagesize:       2048 kB
Hugetlb:               0 kB
DirectMap4k:     2784064 kB
DirectMap2M:     5191680 kB
DirectMap1G:    58720256 kB

