MemTotal:       65439348 kB
MemFree:        64150724 kB
MemAvailable:   63943440 kB
Buffers:           43596 kB
Cached:           324348 kB
SwapCached:            0 kB
Active:           139360 kB
Inactive:         295500 kB
Active(anon):       3256 kB
Inactive(anon):    79140 kB
Active(file):     136104 kB
Inactive(file):   216360 kB
Unevictable:       19496 kB
Mlocked:           19496 kB
SwapTotal:       1996796 kB
SwapFree:        1996796 kB
Dirty:               740 kB
Writeback:             0 kB
AnonPages:         86540 kB
Mapped:            89372 kB
Shmem:              6380 kB
KReclaimable:      73124 kB
Slab:             300876 kB
SReclaimable:      73124 kB
SUnreclaim:       227752 kB
KernelStack:       10112 kB
PageTables:         2184 kB
NFS_Unstable:          0 kB
Bounce:                0 kB
WritebackTmp:          0 kB
CommitLimit:    34716468 kB
Committed_AS:     837876 kB
VmallocTotal:   34359738367 kB
VmallocUsed:       40328 kB
VmallocChunk:          0 kB
Percpu:           141312 kB
HardwareCorrupted:     0 kB
AnonHugePages:         0 kB
ShmemHugePages:        0 kB
ShmemPmdMapped:        0 kB
FileHugePages:         0 kB
FilePmdMapped:         0 kB
HugePages_Total:       0
HugePages_Free:        0
HugePages_Rsvd:        0
HugePages_Surp:        0
Hugepagesize:       2048 kB
Hugetlb:               0 kB
DirectMap4k:     2700096 kB
DirectMap2M:     5275648 kB
DirectMap1G:    58720256 kB

