MemTotal:       65439348 kB
MemFree:        64156940 kB
MemAvailable:   63948136 kB
Buffers:           43420 kB
Cached:           323108 kB
SwapCached:            0 kB
Active:           139168 kB
Inactive:         293328 kB
Active(anon):       3248 kB
Inactive(anon):    78208 kB
Active(file):     135920 kB
Inactive(file):   215120 kB
Unevictable:       19496 kB
Mlocked:           19496 kB
SwapTotal:       1996796 kB
SwapFree:        1996796 kB
Dirty:               212 kB
Writeback:             0 kB
AnonPages:         85584 kB
Mapped:            89048 kB
Shmem:              6380 kB
KReclaimable:      72936 kB
Slab:             300452 kB
SReclaimable:      72936 kB
SUnreclaim:       227516 kB
KernelStack:       10080 kB
PageTables:         2580 kB
NFS_Unstable:          0 kB
Bounce:                0 kB
WritebackTmp:          0 kB
CommitLimit:    34716468 kB
Committed_AS:     838264 kB
VmallocTotal:   34359738367 kB
VmallocUsed:       40248 kB
VmallocChunk:          0 kB
Percpu:           139968 kB
HardwareCorrupted:     0 kB
AnonHugePages:         0 kB
ShmemHugePages:        0 kB
ShmemPmdMapped:        0 kB
FileHugePages:         0 kB
FilePmdMapped:         0 kB
HugePages_Total:       0
HugePages_Free:        0
HugePages_Rsvd:        0
HugePages_Surp:        0
Hugepagesize:       2048 kB
Hugetlb:               0 kB
DirectMap4k:     2698048 kB
DirectMap2M:     5277696 kB
DirectMap1G:    58720256 kB

