MemTotal:       65439348 kB
MemFree:        64227668 kB
MemAvailable:   63981040 kB
Buffers:           39964 kB
Cached:           290288 kB
SwapCached:            0 kB
Active:           133680 kB
Inactive:         256748 kB
Active(anon):       3220 kB
Inactive(anon):    72432 kB
Active(file):     130460 kB
Inactive(file):   184316 kB
Unevictable:       19496 kB
Mlocked:           19496 kB
SwapTotal:       1996796 kB
SwapFree:        1996796 kB
Dirty:               744 kB
Writeback:             0 kB
AnonPages:         79740 kB
Mapped:            77900 kB
Shmem:              6376 kB
KReclaimable:      69816 kB
Slab:             294564 kB
SReclaimable:      69816 kB
SUnreclaim:       224748 kB
KernelStack:       10048 kB
PageTables:         2408 kB
NFS_Unstable:          0 kB
Bounce:                0 kB
WritebackTmp:          0 kB
CommitLimit:    34716468 kB
Committed_AS:     790752 kB
VmallocTotal:   34359738367 kB
VmallocUsed:       39048 kB
VmallocChunk:          0 kB
Percpu:           118272 kB
HardwareCorrupted:     0 kB
AnonHugePages:         0 kB
ShmemHugePages:        0 kB
ShmemPmdMapped:        0 kB
FileHugePages:         0 kB
FilePmdMapped:         0 kB
HugePages_Total:       0
HugePages_Free:        0
HugePages_Rsvd:        0
HugePages_Surp:        0
Hugepagesize:       2048 kB
Hugetlb:               0 kB
DirectMap4k:     2665280 kB
DirectMap2M:     5310464 kB
DirectMap1G:    58720256 kB

