MemTotal:       65439348 kB
MemFree:        63907120 kB
MemAvailable:   63919140 kB
Buffers:           46644 kB
Cached:           537964 kB
SwapCached:            0 kB
Active:           154948 kB
Inactive:         490180 kB
Active(anon):       3244 kB
Inactive(anon):    72760 kB
Active(file):     151704 kB
Inactive(file):   417420 kB
Unevictable:       19496 kB
Mlocked:           19496 kB
SwapTotal:       1996796 kB
SwapFree:        1996796 kB
Dirty:               740 kB
Writeback:             0 kB
AnonPages:         80084 kB
Mapped:            81716 kB
Shmem:              6376 kB
KReclaimable:      78412 kB
Slab:             308164 kB
SReclaimable:      78412 kB
SUnreclaim:       229752 kB
KernelStack:       10032 kB
PageTables:         2428 kB
NFS_Unstable:          0 kB
Bounce:                0 kB
WritebackTmp:          0 kB
CommitLimit:    34716468 kB
Committed_AS:     799592 kB
VmallocTotal:   34359738367 kB
VmallocUsed:       41180 kB
VmallocChunk:          0 kB
Percpu:           163392 kB
HardwareCorrupted:     0 kB
AnonHugePages:         0 kB
ShmemHugePages:        0 kB
ShmemPmdMapped:        0 kB
FileHugePages:         0 kB
FilePmdMapped:         0 kB
HugePages_Total:       0
HugePages_Free:        0
HugePages_Rsvd:        0
HugePages_Surp:        0
Hugepagesize:       2048 kB
Hugetlb:               0 kB
DirectMap4k:     2726720 kB
DirectMap2M:     5249024 kB
DirectMap1G:    58720256 kB

