MemTotal:       65439348 kB
MemFree:        64325044 kB
MemAvailable:   64020540 kB
Buffers:           30920 kB
Cached:           246064 kB
SwapCached:            0 kB
Active:           122076 kB
Inactive:         216848 kB
Active(anon):       3212 kB
Inactive(anon):    74208 kB
Active(file):     118864 kB
Inactive(file):   142640 kB
Unevictable:       19496 kB
Mlocked:           19496 kB
SwapTotal:       1996796 kB
SwapFree:        1996796 kB
Dirty:               588 kB
Writeback:             0 kB
AnonPages:         81948 kB
Mapped:            75092 kB
Shmem:              6380 kB
KReclaimable:      56228 kB
Slab:             276424 kB
SReclaimable:      56228 kB
SUnreclaim:       220196 kB
KernelStack:       10032 kB
PageTables:         2108 kB
NFS_Unstable:          0 kB
Bounce:                0 kB
WritebackTmp:          0 kB
CommitLimit:    34716468 kB
Committed_AS:     790100 kB
VmallocTotal:   34359738367 kB
VmallocUsed:       38516 kB
VmallocChunk:          0 kB
Percpu:            96576 kB
HardwareCorrupted:     0 kB
AnonHugePages:         0 kB
ShmemHugePages:        0 kB
ShmemPmdMapped:        0 kB
FileHugePages:         0 kB
FilePmdMapped:         0 kB
HugePages_Total:       0
HugePages_Free:        0
HugePages_Rsvd:        0
HugePages_Surp:        0
Hugepagesize:       2048 kB
Hugetlb:               0 kB
DirectMap4k:     2085696 kB
DirectMap2M:     5890048 kB
DirectMap1G:    58720256 kB

