MemTotal:       65439348 kB
MemFree:        63928184 kB
MemAvailable:   63931428 kB
Buffers:           45576 kB
Cached:           530716 kB
SwapCached:            0 kB
Active:           153900 kB
Inactive:         484352 kB
Active(anon):       3256 kB
Inactive(anon):    74184 kB
Active(file):     150644 kB
Inactive(file):   410168 kB
Unevictable:       19496 kB
Mlocked:           19496 kB
SwapTotal:       1996796 kB
SwapFree:        1996796 kB
Dirty:               444 kB
Writeback:             0 kB
AnonPages:         81624 kB
Mapped:            81108 kB
Shmem:              6380 kB
KReclaimable:      77484 kB
Slab:             307356 kB
SReclaimable:      77484 kB
SUnreclaim:       229872 kB
KernelStack:       10160 kB
PageTables:         2772 kB
NFS_Unstable:          0 kB
Bounce:                0 kB
WritebackTmp:          0 kB
CommitLimit:    34716468 kB
Committed_AS:     799208 kB
VmallocTotal:   34359738367 kB
VmallocUsed:       40676 kB
VmallocChunk:          0 kB
Percpu:           155712 kB
HardwareCorrupted:     0 kB
AnonHugePages:         0 kB
ShmemHugePages:        0 kB
ShmemPmdMapped:        0 kB
FileHugePages:         0 kB
FilePmdMapped:         0 kB
HugePages_Total:       0
HugePages_Free:        0
HugePages_Rsvd:        0
HugePages_Surp:        0
Hugepagesize:       2048 kB
Hugetlb:               0 kB
DirectMap4k:     2716480 kB
DirectMap2M:     5259264 kB
DirectMap1G:    58720256 kB

