MemTotal:       65439348 kB
MemFree:        63891444 kB
MemAvailable:   63911864 kB
Buffers:           47620 kB
Cached:           544980 kB
SwapCached:            0 kB
Active:           155920 kB
Inactive:         498976 kB
Active(anon):       3240 kB
Inactive(anon):    74540 kB
Active(file):     152680 kB
Inactive(file):   424436 kB
Unevictable:       19496 kB
Mlocked:           19496 kB
SwapTotal:       1996796 kB
SwapFree:        1996796 kB
Dirty:               668 kB
Writeback:             0 kB
AnonPages:         80936 kB
Mapped:            83368 kB
Shmem:              6376 kB
KReclaimable:      79232 kB
Slab:             308700 kB
SReclaimable:      79232 kB
SUnreclaim:       229468 kB
KernelStack:       10192 kB
PageTables:         2220 kB
NFS_Unstable:          0 kB
Bounce:                0 kB
WritebackTmp:          0 kB
CommitLimit:    34716468 kB
Committed_AS:     799204 kB
VmallocTotal:   34359738367 kB
VmallocUsed:       41728 kB
VmallocChunk:          0 kB
Percpu:           171264 kB
HardwareCorrupted:     0 kB
AnonHugePages:         0 kB
ShmemHugePages:        0 kB
ShmemPmdMapped:        0 kB
FileHugePages:         0 kB
FilePmdMapped:         0 kB
HugePages_Total:       0
HugePages_Free:        0
HugePages_Rsvd:        0
HugePages_Surp:        0
Hugepagesize:       2048 kB
Hugetlb:               0 kB
DirectMap4k:     2734912 kB
DirectMap2M:     5240832 kB
DirectMap1G:    58720256 kB

