MemTotal:       65439348 kB
MemFree:        64131568 kB
MemAvailable:   63932088 kB
Buffers:           44556 kB
Cached:           330704 kB
SwapCached:            0 kB
Active:           140320 kB
Inactive:         301004 kB
Active(anon):       3256 kB
Inactive(anon):    78288 kB
Active(file):     137064 kB
Inactive(file):   222716 kB
Unevictable:       19496 kB
Mlocked:           19496 kB
SwapTotal:       1996796 kB
SwapFree:        1996796 kB
Dirty:               664 kB
Writeback:             0 kB
AnonPages:         85708 kB
Mapped:            89672 kB
Shmem:              6380 kB
KReclaimable:      74100 kB
Slab:             302916 kB
SReclaimable:      74100 kB
SUnreclaim:       228816 kB
KernelStack:       10272 kB
PageTables:         2864 kB
NFS_Unstable:          0 kB
Bounce:                0 kB
WritebackTmp:          0 kB
CommitLimit:    34716468 kB
Committed_AS:     837868 kB
VmallocTotal:   34359738367 kB
VmallocUsed:       40876 kB
VmallocChunk:          0 kB
Percpu:           148416 kB
HardwareCorrupted:     0 kB
AnonHugePages:         0 kB
ShmemHugePages:        0 kB
ShmemPmdMapped:        0 kB
FileHugePages:         0 kB
FilePmdMapped:         0 kB
HugePages_Total:       0
HugePages_Free:        0
HugePages_Rsvd:        0
HugePages_Surp:        0
Hugepagesize:       2048 kB
Hugetlb:               0 kB
DirectMap4k:     2710336 kB
DirectMap2M:     5265408 kB
DirectMap1G:    58720256 kB

