MemTotal:       65439348 kB
MemFree:        63710024 kB
MemAvailable:   63817928 kB
Buffers:           58312 kB
Cached:           616848 kB
SwapCached:            0 kB
Active:           211168 kB
Inactive:         526812 kB
Active(anon):       3236 kB
Inactive(anon):    75108 kB
Active(file):     207932 kB
Inactive(file):   451704 kB
Unevictable:       19496 kB
Mlocked:           19496 kB
SwapTotal:       1996796 kB
SwapFree:        1996796 kB
Dirty:               740 kB
Writeback:             0 kB
AnonPages:         82368 kB
Mapped:            88760 kB
Shmem:              6372 kB
KReclaimable:      89156 kB
Slab:             327332 kB
SReclaimable:      89156 kB
SUnreclaim:       238176 kB
KernelStack:       10032 kB
PageTables:         2464 kB
NFS_Unstable:          0 kB
Bounce:                0 kB
WritebackTmp:          0 kB
CommitLimit:    34716468 kB
Committed_AS:     807648 kB
VmallocTotal:   34359738367 kB
VmallocUsed:       44292 kB
VmallocChunk:          0 kB
Percpu:           247872 kB
HardwareCorrupted:     0 kB
AnonHugePages:         0 kB
ShmemHugePages:        0 kB
ShmemPmdMapped:        0 kB
FileHugePages:         0 kB
FilePmdMapped:         0 kB
HugePages_Total:       0
HugePages_Free:        0
HugePages_Rsvd:        0
HugePages_Surp:        0
Hugepagesize:       2048 kB
Hugetlb:               0 kB
DirectMap4k:     2825024 kB
DirectMap2M:     5150720 kB
DirectMap1G:    58720256 kB

