MemTotal:       65439348 kB
MemFree:        63892728 kB
MemAvailable:   63892476 kB
Buffers:           45168 kB
Cached:           527852 kB
SwapCached:            0 kB
Active:           152228 kB
Inactive:         521660 kB
Active(anon):       3264 kB
Inactive(anon):   113140 kB
Active(file):     148964 kB
Inactive(file):   408520 kB
Unevictable:       19496 kB
Mlocked:           19496 kB
SwapTotal:       1996796 kB
SwapFree:        1996796 kB
Dirty:               752 kB
Writeback:             0 kB
AnonPages:        120492 kB
Mapped:           121884 kB
Shmem:              6384 kB
KReclaimable:      77148 kB
Slab:             306788 kB
SReclaimable:      77148 kB
SUnreclaim:       229640 kB
KernelStack:       10320 kB
PageTables:         2872 kB
NFS_Unstable:          0 kB
Bounce:                0 kB
WritebackTmp:          0 kB
CommitLimit:    34716468 kB
Committed_AS:     888572 kB
VmallocTotal:   34359738367 kB
VmallocUsed:       40788 kB
VmallocChunk:          0 kB
Percpu:           152640 kB
HardwareCorrupted:     0 kB
AnonHugePages:         0 kB
ShmemHugePages:        0 kB
ShmemPmdMapped:        0 kB
FileHugePages:         0 kB
FilePmdMapped:         0 kB
HugePages_Total:       0
HugePages_Free:        0
HugePages_Rsvd:        0
HugePages_Surp:        0
Hugepagesize:       2048 kB
Hugetlb:               0 kB
DirectMap4k:     2712384 kB
DirectMap2M:     5263360 kB
DirectMap1G:    58720256 kB

