MemTotal:       65439348 kB
MemFree:        64315660 kB
MemAvailable:   64012944 kB
Buffers:           31376 kB
Cached:           249072 kB
SwapCached:            0 kB
Active:           122528 kB
Inactive:         218472 kB
Active(anon):       3216 kB
Inactive(anon):    72820 kB
Active(file):     119312 kB
Inactive(file):   145652 kB
Unevictable:       19496 kB
Mlocked:           19496 kB
SwapTotal:       1996796 kB
SwapFree:        1996796 kB
Dirty:               160 kB
Writeback:             0 kB
AnonPages:         80120 kB
Mapped:            74452 kB
Shmem:              6376 kB
KReclaimable:      56340 kB
Slab:             276580 kB
SReclaimable:      56340 kB
SUnreclaim:       220240 kB
KernelStack:       10016 kB
PageTables:         2436 kB
NFS_Unstable:          0 kB
Bounce:                0 kB
WritebackTmp:          0 kB
CommitLimit:    34716468 kB
Committed_AS:     790352 kB
VmallocTotal:   34359738367 kB
VmallocUsed:       38548 kB
VmallocChunk:          0 kB
Percpu:            96576 kB
HardwareCorrupted:     0 kB
AnonHugePages:         0 kB
ShmemHugePages:        0 kB
ShmemPmdMapped:        0 kB
FileHugePages:         0 kB
FilePmdMapped:         0 kB
HugePages_Total:       0
HugePages_Free:        0
HugePages_Rsvd:        0
HugePages_Surp:        0
Hugepagesize:       2048 kB
Hugetlb:               0 kB
DirectMap4k:     2126656 kB
DirectMap2M:     5849088 kB
DirectMap1G:    58720256 kB

