MemTotal:       65439348 kB
MemFree:        63921960 kB
MemAvailable:   63927396 kB
Buffers:           45836 kB
Cached:           532536 kB
SwapCached:            0 kB
Active:           154132 kB
Inactive:         484812 kB
Active(anon):       3244 kB
Inactive(anon):    72816 kB
Active(file):     150888 kB
Inactive(file):   411996 kB
Unevictable:       19496 kB
Mlocked:           19496 kB
SwapTotal:       1996796 kB
SwapFree:        1996796 kB
Dirty:               276 kB
Writeback:             0 kB
AnonPages:         80124 kB
Mapped:            81396 kB
Shmem:              6376 kB
KReclaimable:      77728 kB
Slab:             307156 kB
SReclaimable:      77728 kB
SUnreclaim:       229428 kB
KernelStack:       10032 kB
PageTables:         2428 kB
NFS_Unstable:          0 kB
Bounce:                0 kB
WritebackTmp:          0 kB
CommitLimit:    34716468 kB
Committed_AS:     799592 kB
VmallocTotal:   34359738367 kB
VmallocUsed:       40612 kB
VmallocChunk:          0 kB
Percpu:           157440 kB
HardwareCorrupted:     0 kB
AnonHugePages:         0 kB
ShmemHugePages:        0 kB
ShmemPmdMapped:        0 kB
FileHugePages:         0 kB
FilePmdMapped:         0 kB
HugePages_Total:       0
HugePages_Free:        0
HugePages_Rsvd:        0
HugePages_Surp:        0
Hugepagesize:       2048 kB
Hugetlb:               0 kB
DirectMap4k:     2720576 kB
DirectMap2M:     5255168 kB
DirectMap1G:    58720256 kB

