MemTotal:       65439348 kB
MemFree:        63698740 kB
MemAvailable:   63812420 kB
Buffers:           58988 kB
Cached:           621592 kB
SwapCached:            0 kB
Active:           211912 kB
Inactive:         530616 kB
Active(anon):       3252 kB
Inactive(anon):    74176 kB
Active(file):     208660 kB
Inactive(file):   456440 kB
Unevictable:       19496 kB
Mlocked:           19496 kB
SwapTotal:       1996796 kB
SwapFree:        1996796 kB
Dirty:               668 kB
Writeback:             0 kB
AnonPages:         81572 kB
Mapped:            88464 kB
Shmem:              6376 kB
KReclaimable:      89784 kB
Slab:             329204 kB
SReclaimable:      89784 kB
SUnreclaim:       239420 kB
KernelStack:       10064 kB
PageTables:         2524 kB
NFS_Unstable:          0 kB
Bounce:                0 kB
WritebackTmp:          0 kB
CommitLimit:    34716468 kB
Committed_AS:     807648 kB
VmallocTotal:   34359738367 kB
VmallocUsed:       44920 kB
VmallocChunk:          0 kB
Percpu:           252672 kB
HardwareCorrupted:     0 kB
AnonHugePages:         0 kB
ShmemHugePages:        0 kB
ShmemPmdMapped:        0 kB
FileHugePages:         0 kB
FilePmdMapped:         0 kB
HugePages_Total:       0
HugePages_Free:        0
HugePages_Rsvd:        0
HugePages_Surp:        0
Hugepagesize:       2048 kB
Hugetlb:               0 kB
DirectMap4k:     2835264 kB
DirectMap2M:     5140480 kB
DirectMap1G:    58720256 kB

