MemTotal:       65439348 kB
MemFree:        64229016 kB
MemAvailable:   63980104 kB
Buffers:           39692 kB
Cached:           288468 kB
SwapCached:            0 kB
Active:           133420 kB
Inactive:         254164 kB
Active(anon):       3224 kB
Inactive(anon):    71680 kB
Active(file):     130196 kB
Inactive(file):   182484 kB
Unevictable:       19496 kB
Mlocked:           19496 kB
SwapTotal:       1996796 kB
SwapFree:        1996796 kB
Dirty:                68 kB
Writeback:             0 kB
AnonPages:         79376 kB
Mapped:            77824 kB
Shmem:              6380 kB
KReclaimable:      69436 kB
Slab:             293408 kB
SReclaimable:      69436 kB
SUnreclaim:       223972 kB
KernelStack:        9920 kB
PageTables:         2156 kB
NFS_Unstable:          0 kB
Bounce:                0 kB
WritebackTmp:          0 kB
CommitLimit:    34716468 kB
Committed_AS:     790360 kB
VmallocTotal:   34359738367 kB
VmallocUsed:       39096 kB
VmallocChunk:          0 kB
Percpu:           116352 kB
HardwareCorrupted:     0 kB
AnonHugePages:         0 kB
ShmemHugePages:        0 kB
ShmemPmdMapped:        0 kB
FileHugePages:         0 kB
FilePmdMapped:         0 kB
HugePages_Total:       0
HugePages_Free:        0
HugePages_Rsvd:        0
HugePages_Surp:        0
Hugepagesize:       2048 kB
Hugetlb:               0 kB
DirectMap4k:     2661184 kB
DirectMap2M:     5314560 kB
DirectMap1G:    58720256 kB

