MemTotal:       65439348 kB
MemFree:        64286188 kB
MemAvailable:   64004752 kB
Buffers:           35816 kB
Cached:           261396 kB
SwapCached:            0 kB
Active:           128628 kB
Inactive:         228808 kB
Active(anon):       3216 kB
Inactive(anon):    72484 kB
Active(file):     125412 kB
Inactive(file):   156324 kB
Unevictable:       19496 kB
Mlocked:           19496 kB
SwapTotal:       1996796 kB
SwapFree:        1996796 kB
Dirty:               656 kB
Writeback:             0 kB
AnonPages:         79784 kB
Mapped:            75172 kB
Shmem:              6376 kB
KReclaimable:      66280 kB
Slab:             289052 kB
SReclaimable:      66280 kB
SUnreclaim:       222772 kB
KernelStack:       10032 kB
PageTables:         2388 kB
NFS_Unstable:          0 kB
Bounce:                0 kB
WritebackTmp:          0 kB
CommitLimit:    34716468 kB
Committed_AS:     790608 kB
VmallocTotal:   34359738367 kB
VmallocUsed:       38404 kB
VmallocChunk:          0 kB
Percpu:            96576 kB
HardwareCorrupted:     0 kB
AnonHugePages:         0 kB
ShmemHugePages:        0 kB
ShmemPmdMapped:        0 kB
FileHugePages:         0 kB
FilePmdMapped:         0 kB
HugePages_Total:       0
HugePages_Free:        0
HugePages_Rsvd:        0
HugePages_Surp:        0
Hugepagesize:       2048 kB
Hugetlb:               0 kB
DirectMap4k:     2284352 kB
DirectMap2M:     5691392 kB
DirectMap1G:    58720256 kB

