MemTotal:       65439348 kB
MemFree:        63838012 kB
MemAvailable:   63885844 kB
Buffers:           50936 kB
Cached:           567380 kB
SwapCached:            0 kB
Active:           198208 kB
Inactive:         480612 kB
Active(anon):       3240 kB
Inactive(anon):    72748 kB
Active(file):     194968 kB
Inactive(file):   407864 kB
Unevictable:       19496 kB
Mlocked:           19496 kB
SwapTotal:       1996796 kB
SwapFree:        1996796 kB
Dirty:               756 kB
Writeback:             0 kB
AnonPages:         80136 kB
Mapped:            83992 kB
Shmem:              6376 kB
KReclaimable:      82624 kB
Slab:             313920 kB
SReclaimable:      82624 kB
SUnreclaim:       231296 kB
KernelStack:       10064 kB
PageTables:         2436 kB
NFS_Unstable:          0 kB
Bounce:                0 kB
WritebackTmp:          0 kB
CommitLimit:    34716468 kB
Committed_AS:     807780 kB
VmallocTotal:   34359738367 kB
VmallocUsed:       42356 kB
VmallocChunk:          0 kB
Percpu:           193536 kB
HardwareCorrupted:     0 kB
AnonHugePages:         0 kB
ShmemHugePages:        0 kB
ShmemPmdMapped:        0 kB
FileHugePages:         0 kB
FilePmdMapped:         0 kB
HugePages_Total:       0
HugePages_Free:        0
HugePages_Rsvd:        0
HugePages_Surp:        0
Hugepagesize:       2048 kB
Hugetlb:               0 kB
DirectMap4k:     2759488 kB
DirectMap2M:     5216256 kB
DirectMap1G:    58720256 kB

