MemTotal:       65439348 kB
MemFree:        64187876 kB
MemAvailable:   63962856 kB
Buffers:           41388 kB
Cached:           309820 kB
SwapCached:            0 kB
Active:           136824 kB
Inactive:         282192 kB
Active(anon):       3248 kB
Inactive(anon):    80040 kB
Active(file):     133576 kB
Inactive(file):   202152 kB
Unevictable:       19496 kB
Mlocked:           19496 kB
SwapTotal:       1996796 kB
SwapFree:        1996796 kB
Dirty:               720 kB
Writeback:             0 kB
AnonPages:         87344 kB
Mapped:            88444 kB
Shmem:              6380 kB
KReclaimable:      71124 kB
Slab:             296276 kB
SReclaimable:      71124 kB
SUnreclaim:       225152 kB
KernelStack:       10224 kB
PageTables:         2524 kB
NFS_Unstable:          0 kB
Bounce:                0 kB
WritebackTmp:          0 kB
CommitLimit:    34716468 kB
Committed_AS:     837612 kB
VmallocTotal:   34359738367 kB
VmallocUsed:       39684 kB
VmallocChunk:          0 kB
Percpu:           124992 kB
HardwareCorrupted:     0 kB
AnonHugePages:         0 kB
ShmemHugePages:        0 kB
ShmemPmdMapped:        0 kB
FileHugePages:         0 kB
FilePmdMapped:         0 kB
HugePages_Total:       0
HugePages_Free:        0
HugePages_Rsvd:        0
HugePages_Surp:        0
Hugepagesize:       2048 kB
Hugetlb:               0 kB
DirectMap4k:     2673472 kB
DirectMap2M:     5302272 kB
DirectMap1G:    58720256 kB

