MemTotal:       65439348 kB
MemFree:        64312844 kB
MemAvailable:   64014028 kB
Buffers:           32016 kB
Cached:           252680 kB
SwapCached:            0 kB
Active:           123164 kB
Inactive:         221848 kB
Active(anon):       3212 kB
Inactive(anon):    72588 kB
Active(file):     119952 kB
Inactive(file):   149260 kB
Unevictable:       19496 kB
Mlocked:           19496 kB
SwapTotal:       1996796 kB
SwapFree:        1996796 kB
Dirty:               756 kB
Writeback:             0 kB
AnonPages:         79896 kB
Mapped:            74776 kB
Shmem:              6376 kB
KReclaimable:      56564 kB
Slab:             277804 kB
SReclaimable:      56564 kB
SUnreclaim:       221240 kB
KernelStack:       10032 kB
PageTables:         2448 kB
NFS_Unstable:          0 kB
Bounce:                0 kB
WritebackTmp:          0 kB
CommitLimit:    34716468 kB
Committed_AS:     790608 kB
VmallocTotal:   34359738367 kB
VmallocUsed:       38500 kB
VmallocChunk:          0 kB
Percpu:            96576 kB
HardwareCorrupted:     0 kB
AnonHugePages:         0 kB
ShmemHugePages:        0 kB
ShmemPmdMapped:        0 kB
FileHugePages:         0 kB
FilePmdMapped:         0 kB
HugePages_Total:       0
HugePages_Free:        0
HugePages_Rsvd:        0
HugePages_Surp:        0
Hugepagesize:       2048 kB
Hugetlb:               0 kB
DirectMap4k:     2181952 kB
DirectMap2M:     5793792 kB
DirectMap1G:    58720256 kB

