MemTotal:       65439348 kB
MemFree:        63790976 kB
MemAvailable:   63860236 kB
Buffers:           53364 kB
Cached:           585172 kB
SwapCached:            0 kB
Active:           200648 kB
Inactive:         498432 kB
Active(anon):       3248 kB
Inactive(anon):    72780 kB
Active(file):     197400 kB
Inactive(file):   425652 kB
Unevictable:       19496 kB
Mlocked:           19496 kB
SwapTotal:       1996796 kB
SwapFree:        1996796 kB
Dirty:               748 kB
Writeback:             0 kB
AnonPages:         80168 kB
Mapped:            85552 kB
Shmem:              6376 kB
KReclaimable:      85040 kB
Slab:             319336 kB
SReclaimable:      85040 kB
SUnreclaim:       234296 kB
KernelStack:       10096 kB
PageTables:         2452 kB
NFS_Unstable:          0 kB
Bounce:                0 kB
WritebackTmp:          0 kB
CommitLimit:    34716468 kB
Committed_AS:     808040 kB
VmallocTotal:   34359738367 kB
VmallocUsed:       43292 kB
VmallocChunk:          0 kB
Percpu:           213504 kB
HardwareCorrupted:     0 kB
AnonHugePages:         0 kB
ShmemHugePages:        0 kB
ShmemPmdMapped:        0 kB
FileHugePages:         0 kB
FilePmdMapped:         0 kB
HugePages_Total:       0
HugePages_Free:        0
HugePages_Rsvd:        0
HugePages_Surp:        0
Hugepagesize:       2048 kB
Hugetlb:               0 kB
DirectMap4k:     2784064 kB
DirectMap2M:     5191680 kB
DirectMap1G:    58720256 kB

