MemTotal:       65439348 kB
MemFree:        64250276 kB
MemAvailable:   63990404 kB
Buffers:           38468 kB
Cached:           279236 kB
SwapCached:            0 kB
Active:           131268 kB
Inactive:         246612 kB
Active(anon):       3216 kB
Inactive(anon):    72440 kB
Active(file):     128052 kB
Inactive(file):   174172 kB
Unevictable:       19496 kB
Mlocked:           19496 kB
SwapTotal:       1996796 kB
SwapFree:        1996796 kB
Dirty:               256 kB
Writeback:             0 kB
AnonPages:         79784 kB
Mapped:            76928 kB
Shmem:              6376 kB
KReclaimable:      68432 kB
Slab:             291672 kB
SReclaimable:      68432 kB
SUnreclaim:       223240 kB
KernelStack:       10032 kB
PageTables:         2404 kB
NFS_Unstable:          0 kB
Bounce:                0 kB
WritebackTmp:          0 kB
CommitLimit:    34716468 kB
Committed_AS:     790752 kB
VmallocTotal:   34359738367 kB
VmallocUsed:       39144 kB
VmallocChunk:          0 kB
Percpu:           107328 kB
HardwareCorrupted:     0 kB
AnonHugePages:         0 kB
ShmemHugePages:        0 kB
ShmemPmdMapped:        0 kB
FileHugePages:         0 kB
FilePmdMapped:         0 kB
HugePages_Total:       0
HugePages_Free:        0
HugePages_Rsvd:        0
HugePages_Surp:        0
Hugepagesize:       2048 kB
Hugetlb:               0 kB
DirectMap4k:     2571072 kB
DirectMap2M:     5404672 kB
DirectMap1G:    58720256 kB

