MemTotal:       65439348 kB
MemFree:        63919700 kB
MemAvailable:   63924936 kB
Buffers:           45804 kB
Cached:           532376 kB
SwapCached:            0 kB
Active:           154104 kB
Inactive:         485132 kB
Active(anon):       3248 kB
Inactive(anon):    73296 kB
Active(file):     150856 kB
Inactive(file):   411836 kB
Unevictable:       19496 kB
Mlocked:           19496 kB
SwapTotal:       1996796 kB
SwapFree:        1996796 kB
Dirty:               736 kB
Writeback:             0 kB
AnonPages:         81088 kB
Mapped:            81572 kB
Shmem:              6376 kB
KReclaimable:      77712 kB
Slab:             307144 kB
SReclaimable:      77712 kB
SUnreclaim:       229432 kB
KernelStack:       10064 kB
PageTables:         2492 kB
NFS_Unstable:          0 kB
Bounce:                0 kB
WritebackTmp:          0 kB
CommitLimit:    34716468 kB
Committed_AS:     799592 kB
VmallocTotal:   34359738367 kB
VmallocUsed:       40628 kB
VmallocChunk:          0 kB
Percpu:           157440 kB
HardwareCorrupted:     0 kB
AnonHugePages:         0 kB
ShmemHugePages:        0 kB
ShmemPmdMapped:        0 kB
FileHugePages:         0 kB
FilePmdMapped:         0 kB
HugePages_Total:       0
HugePages_Free:        0
HugePages_Rsvd:        0
HugePages_Surp:        0
Hugepagesize:       2048 kB
Hugetlb:               0 kB
DirectMap4k:     2720576 kB
DirectMap2M:     5255168 kB
DirectMap1G:    58720256 kB

