MemTotal:       65439348 kB
MemFree:        64185544 kB
MemAvailable:   63962180 kB
Buffers:           41596 kB
Cached:           311132 kB
SwapCached:            0 kB
Active:           137040 kB
Inactive:         283396 kB
Active(anon):       3256 kB
Inactive(anon):    79932 kB
Active(file):     133784 kB
Inactive(file):   203464 kB
Unevictable:       19496 kB
Mlocked:           19496 kB
SwapTotal:       1996796 kB
SwapFree:        1996796 kB
Dirty:               752 kB
Writeback:             0 kB
AnonPages:         87196 kB
Mapped:            87760 kB
Shmem:              6380 kB
KReclaimable:      71400 kB
Slab:             296980 kB
SReclaimable:      71400 kB
SUnreclaim:       225580 kB
KernelStack:       10112 kB
PageTables:         2688 kB
NFS_Unstable:          0 kB
Bounce:                0 kB
WritebackTmp:          0 kB
CommitLimit:    34716468 kB
Committed_AS:     837616 kB
VmallocTotal:   34359738367 kB
VmallocUsed:       39636 kB
VmallocChunk:          0 kB
Percpu:           126720 kB
HardwareCorrupted:     0 kB
AnonHugePages:         0 kB
ShmemHugePages:        0 kB
ShmemPmdMapped:        0 kB
FileHugePages:         0 kB
FilePmdMapped:         0 kB
HugePages_Total:       0
HugePages_Free:        0
HugePages_Rsvd:        0
HugePages_Surp:        0
Hugepagesize:       2048 kB
Hugetlb:               0 kB
DirectMap4k:     2675520 kB
DirectMap2M:     5300224 kB
DirectMap1G:    58720256 kB

