MemTotal:       65439348 kB
MemFree:        63929100 kB
MemAvailable:   63932248 kB
Buffers:           45564 kB
Cached:           530652 kB
SwapCached:            0 kB
Active:           153868 kB
Inactive:         482944 kB
Active(anon):       3244 kB
Inactive(anon):    72836 kB
Active(file):     150624 kB
Inactive(file):   410108 kB
Unevictable:       19496 kB
Mlocked:           19496 kB
SwapTotal:       1996796 kB
SwapFree:        1996796 kB
Dirty:               752 kB
Writeback:             0 kB
AnonPages:         80148 kB
Mapped:            81256 kB
Shmem:              6376 kB
KReclaimable:      77452 kB
Slab:             307292 kB
SReclaimable:      77452 kB
SUnreclaim:       229840 kB
KernelStack:       10016 kB
PageTables:         2424 kB
NFS_Unstable:          0 kB
Bounce:                0 kB
WritebackTmp:          0 kB
CommitLimit:    34716468 kB
Committed_AS:     799592 kB
VmallocTotal:   34359738367 kB
VmallocUsed:       40740 kB
VmallocChunk:          0 kB
Percpu:           155712 kB
HardwareCorrupted:     0 kB
AnonHugePages:         0 kB
ShmemHugePages:        0 kB
ShmemPmdMapped:        0 kB
FileHugePages:         0 kB
FilePmdMapped:         0 kB
HugePages_Total:       0
HugePages_Free:        0
HugePages_Rsvd:        0
HugePages_Surp:        0
Hugepagesize:       2048 kB
Hugetlb:               0 kB
DirectMap4k:     2716480 kB
DirectMap2M:     5259264 kB
DirectMap1G:    58720256 kB

