MemTotal:       65439348 kB
MemFree:        64282828 kB
MemAvailable:   64005308 kB
Buffers:           36296 kB
Cached:           264636 kB
SwapCached:            0 kB
Active:           129116 kB
Inactive:         233424 kB
Active(anon):       3216 kB
Inactive(anon):    73868 kB
Active(file):     125900 kB
Inactive(file):   159556 kB
Unevictable:       19496 kB
Mlocked:           19496 kB
SwapTotal:       1996796 kB
SwapFree:        1996796 kB
Dirty:               668 kB
Writeback:             0 kB
AnonPages:         81048 kB
Mapped:            76220 kB
Shmem:              6376 kB
KReclaimable:      66672 kB
Slab:             288364 kB
SReclaimable:      66672 kB
SUnreclaim:       221692 kB
KernelStack:       10000 kB
PageTables:         2344 kB
NFS_Unstable:          0 kB
Bounce:                0 kB
WritebackTmp:          0 kB
CommitLimit:    34716468 kB
Committed_AS:     790356 kB
VmallocTotal:   34359738367 kB
VmallocUsed:       38532 kB
VmallocChunk:          0 kB
Percpu:            96576 kB
HardwareCorrupted:     0 kB
AnonHugePages:         0 kB
ShmemHugePages:        0 kB
ShmemPmdMapped:        0 kB
FileHugePages:         0 kB
FilePmdMapped:         0 kB
HugePages_Total:       0
HugePages_Free:        0
HugePages_Rsvd:        0
HugePages_Surp:        0
Hugepagesize:       2048 kB
Hugetlb:               0 kB
DirectMap4k:     2337600 kB
DirectMap2M:     5638144 kB
DirectMap1G:    58720256 kB

