MemTotal:       65439348 kB
MemFree:        63875188 kB
MemAvailable:   63903852 kB
Buffers:           48596 kB
Cached:           551700 kB
SwapCached:            0 kB
Active:           156900 kB
Inactive:         504028 kB
Active(anon):       3244 kB
Inactive(anon):    72872 kB
Active(file):     153656 kB
Inactive(file):   431156 kB
Unevictable:       19496 kB
Mlocked:           19496 kB
SwapTotal:       1996796 kB
SwapFree:        1996796 kB
Dirty:               168 kB
Writeback:             0 kB
AnonPages:         80204 kB
Mapped:            82916 kB
Shmem:              6376 kB
KReclaimable:      80328 kB
Slab:             311924 kB
SReclaimable:      80328 kB
SUnreclaim:       231596 kB
KernelStack:       10032 kB
PageTables:         2428 kB
NFS_Unstable:          0 kB
Bounce:                0 kB
WritebackTmp:          0 kB
CommitLimit:    34716468 kB
Committed_AS:     799592 kB
VmallocTotal:   34359738367 kB
VmallocUsed:       41664 kB
VmallocChunk:          0 kB
Percpu:           178560 kB
HardwareCorrupted:     0 kB
AnonHugePages:         0 kB
ShmemHugePages:        0 kB
ShmemPmdMapped:        0 kB
FileHugePages:         0 kB
FilePmdMapped:         0 kB
HugePages_Total:       0
HugePages_Free:        0
HugePages_Rsvd:        0
HugePages_Surp:        0
Hugepagesize:       2048 kB
Hugetlb:               0 kB
DirectMap4k:     2747200 kB
DirectMap2M:     5228544 kB
DirectMap1G:    58720256 kB

