MemTotal:       65439348 kB
MemFree:        63817512 kB
MemAvailable:   63874264 kB
Buffers:           51992 kB
Cached:           574760 kB
SwapCached:            0 kB
Active:           199272 kB
Inactive:         488464 kB
Active(anon):       3248 kB
Inactive(anon):    73220 kB
Active(file):     196024 kB
Inactive(file):   415244 kB
Unevictable:       19496 kB
Mlocked:           19496 kB
SwapTotal:       1996796 kB
SwapFree:        1996796 kB
Dirty:               984 kB
Writeback:             0 kB
AnonPages:         80600 kB
Mapped:            84620 kB
Shmem:              6376 kB
KReclaimable:      83592 kB
Slab:             317852 kB
SReclaimable:      83592 kB
SUnreclaim:       234260 kB
KernelStack:       10176 kB
PageTables:         2584 kB
NFS_Unstable:          0 kB
Bounce:                0 kB
WritebackTmp:          0 kB
CommitLimit:    34716468 kB
Committed_AS:     807652 kB
VmallocTotal:   34359738367 kB
VmallocUsed:       42728 kB
VmallocChunk:          0 kB
Percpu:           201984 kB
HardwareCorrupted:     0 kB
AnonHugePages:         0 kB
ShmemHugePages:        0 kB
ShmemPmdMapped:        0 kB
FileHugePages:         0 kB
FilePmdMapped:         0 kB
HugePages_Total:       0
HugePages_Free:        0
HugePages_Rsvd:        0
HugePages_Surp:        0
Hugepagesize:       2048 kB
Hugetlb:               0 kB
DirectMap4k:     2769728 kB
DirectMap2M:     5206016 kB
DirectMap1G:    58720256 kB

