MemTotal:       65439348 kB
MemFree:        63852180 kB
MemAvailable:   63892444 kB
Buffers:           49932 kB
Cached:           561244 kB
SwapCached:            0 kB
Active:           197208 kB
Inactive:         474700 kB
Active(anon):       3244 kB
Inactive(anon):    72972 kB
Active(file):     193964 kB
Inactive(file):   401728 kB
Unevictable:       19496 kB
Mlocked:           19496 kB
SwapTotal:       1996796 kB
SwapFree:        1996796 kB
Dirty:               708 kB
Writeback:             0 kB
AnonPages:         80296 kB
Mapped:            83432 kB
Shmem:              6376 kB
KReclaimable:      81764 kB
Slab:             313224 kB
SReclaimable:      81764 kB
SUnreclaim:       231460 kB
KernelStack:        9904 kB
PageTables:         2432 kB
NFS_Unstable:          0 kB
Bounce:                0 kB
WritebackTmp:          0 kB
CommitLimit:    34716468 kB
Committed_AS:     799592 kB
VmallocTotal:   34359738367 kB
VmallocUsed:       42228 kB
VmallocChunk:          0 kB
Percpu:           187008 kB
HardwareCorrupted:     0 kB
AnonHugePages:         0 kB
ShmemHugePages:        0 kB
ShmemPmdMapped:        0 kB
FileHugePages:         0 kB
FilePmdMapped:         0 kB
HugePages_Total:       0
HugePages_Free:        0
HugePages_Rsvd:        0
HugePages_Surp:        0
Hugepagesize:       2048 kB
Hugetlb:               0 kB
DirectMap4k:     2753344 kB
DirectMap2M:     5222400 kB
DirectMap1G:    58720256 kB

