MemTotal:       65439348 kB
MemFree:        64166652 kB
MemAvailable:   63952572 kB
Buffers:           42720 kB
Cached:           318804 kB
SwapCached:            0 kB
Active:           138168 kB
Inactive:         290520 kB
Active(anon):       3264 kB
Inactive(anon):    79380 kB
Active(file):     134904 kB
Inactive(file):   211140 kB
Unevictable:       19496 kB
Mlocked:           19496 kB
SwapTotal:       1996796 kB
SwapFree:        1996796 kB
Dirty:               600 kB
Writeback:             0 kB
AnonPages:         87212 kB
Mapped:            88776 kB
Shmem:              6380 kB
KReclaimable:      72376 kB
Slab:             299140 kB
SReclaimable:      72376 kB
SUnreclaim:       226764 kB
KernelStack:        9952 kB
PageTables:         2624 kB
NFS_Unstable:          0 kB
Bounce:                0 kB
WritebackTmp:          0 kB
CommitLimit:    34716468 kB
Committed_AS:     837612 kB
VmallocTotal:   34359738367 kB
VmallocUsed:       40120 kB
VmallocChunk:          0 kB
Percpu:           135168 kB
HardwareCorrupted:     0 kB
AnonHugePages:         0 kB
ShmemHugePages:        0 kB
ShmemPmdMapped:        0 kB
FileHugePages:         0 kB
FilePmdMapped:         0 kB
HugePages_Total:       0
HugePages_Free:        0
HugePages_Rsvd:        0
HugePages_Surp:        0
Hugepagesize:       2048 kB
Hugetlb:               0 kB
DirectMap4k:     2693952 kB
DirectMap2M:     5281792 kB
DirectMap1G:    58720256 kB

