MemTotal:       65439348 kB
MemFree:        63810440 kB
MemAvailable:   63870504 kB
Buffers:           52336 kB
Cached:           577488 kB
SwapCached:            0 kB
Active:           199612 kB
Inactive:         490720 kB
Active(anon):       3244 kB
Inactive(anon):    72748 kB
Active(file):     196368 kB
Inactive(file):   417972 kB
Unevictable:       19496 kB
Mlocked:           19496 kB
SwapTotal:       1996796 kB
SwapFree:        1996796 kB
Dirty:               144 kB
Writeback:             0 kB
AnonPages:         80152 kB
Mapped:            84920 kB
Shmem:              6376 kB
KReclaimable:      84068 kB
Slab:             318632 kB
SReclaimable:      84068 kB
SUnreclaim:       234564 kB
KernelStack:       10064 kB
PageTables:         2460 kB
NFS_Unstable:          0 kB
Bounce:                0 kB
WritebackTmp:          0 kB
CommitLimit:    34716468 kB
Committed_AS:     808036 kB
VmallocTotal:   34359738367 kB
VmallocUsed:       42776 kB
VmallocChunk:          0 kB
Percpu:           205056 kB
HardwareCorrupted:     0 kB
AnonHugePages:         0 kB
ShmemHugePages:        0 kB
ShmemPmdMapped:        0 kB
FileHugePages:         0 kB
FilePmdMapped:         0 kB
HugePages_Total:       0
HugePages_Free:        0
HugePages_Rsvd:        0
HugePages_Surp:        0
Hugepagesize:       2048 kB
Hugetlb:               0 kB
DirectMap4k:     2773824 kB
DirectMap2M:     5201920 kB
DirectMap1G:    58720256 kB

