MemTotal:       65439348 kB
MemFree:        64288180 kB
MemAvailable:   64005756 kB
Buffers:           35680 kB
Cached:           260584 kB
SwapCached:            0 kB
Active:           128496 kB
Inactive:         228056 kB
Active(anon):       3220 kB
Inactive(anon):    72552 kB
Active(file):     125276 kB
Inactive(file):   155504 kB
Unevictable:       19496 kB
Mlocked:           19496 kB
SwapTotal:       1996796 kB
SwapFree:        1996796 kB
Dirty:               152 kB
Writeback:             0 kB
AnonPages:         79788 kB
Mapped:            75204 kB
Shmem:              6376 kB
KReclaimable:      66216 kB
Slab:             288396 kB
SReclaimable:      66216 kB
SUnreclaim:       222180 kB
KernelStack:       10016 kB
PageTables:         2388 kB
NFS_Unstable:          0 kB
Bounce:                0 kB
WritebackTmp:          0 kB
CommitLimit:    34716468 kB
Committed_AS:     790612 kB
VmallocTotal:   34359738367 kB
VmallocUsed:       38468 kB
VmallocChunk:          0 kB
Percpu:            96576 kB
HardwareCorrupted:     0 kB
AnonHugePages:         0 kB
ShmemHugePages:        0 kB
ShmemPmdMapped:        0 kB
FileHugePages:         0 kB
FilePmdMapped:         0 kB
HugePages_Total:       0
HugePages_Free:        0
HugePages_Rsvd:        0
HugePages_Surp:        0
Hugepagesize:       2048 kB
Hugetlb:               0 kB
DirectMap4k:     2272064 kB
DirectMap2M:     5703680 kB
DirectMap1G:    58720256 kB

