MemTotal:       65439348 kB
MemFree:        64285624 kB
MemAvailable:   64006368 kB
Buffers:           36072 kB
Cached:           263240 kB
SwapCached:            0 kB
Active:           128876 kB
Inactive:         232172 kB
Active(anon):       3216 kB
Inactive(anon):    74012 kB
Active(file):     125660 kB
Inactive(file):   158160 kB
Unevictable:       19496 kB
Mlocked:           19496 kB
SwapTotal:       1996796 kB
SwapFree:        1996796 kB
Dirty:               832 kB
Writeback:             0 kB
AnonPages:         81400 kB
Mapped:            75504 kB
Shmem:              6376 kB
KReclaimable:      66468 kB
Slab:             288548 kB
SReclaimable:      66468 kB
SUnreclaim:       222080 kB
KernelStack:       10128 kB
PageTables:         2148 kB
NFS_Unstable:          0 kB
Bounce:                0 kB
WritebackTmp:          0 kB
CommitLimit:    34716468 kB
Committed_AS:     790356 kB
VmallocTotal:   34359738367 kB
VmallocUsed:       38404 kB
VmallocChunk:          0 kB
Percpu:            96576 kB
HardwareCorrupted:     0 kB
AnonHugePages:         0 kB
ShmemHugePages:        0 kB
ShmemPmdMapped:        0 kB
FileHugePages:         0 kB
FilePmdMapped:         0 kB
HugePages_Total:       0
HugePages_Free:        0
HugePages_Rsvd:        0
HugePages_Surp:        0
Hugepagesize:       2048 kB
Hugetlb:               0 kB
DirectMap4k:     2313024 kB
DirectMap2M:     5662720 kB
DirectMap1G:    58720256 kB

