MemTotal:       65439348 kB
MemFree:        63731216 kB
MemAvailable:   63827540 kB
Buffers:           57028 kB
Cached:           607172 kB
SwapCached:            0 kB
Active:           205004 kB
Inactive:         526464 kB
Active(anon):       3248 kB
Inactive(anon):    79504 kB
Active(file):     201756 kB
Inactive(file):   446960 kB
Unevictable:       19496 kB
Mlocked:           19496 kB
SwapTotal:       1996796 kB
SwapFree:        1996796 kB
Dirty:               680 kB
Writeback:             0 kB
AnonPages:         86860 kB
Mapped:            97392 kB
Shmem:              6384 kB
KReclaimable:      87836 kB
Slab:             323632 kB
SReclaimable:      87836 kB
SUnreclaim:       235796 kB
KernelStack:       10160 kB
PageTables:         2276 kB
NFS_Unstable:          0 kB
Bounce:                0 kB
WritebackTmp:          0 kB
CommitLimit:    34716468 kB
Committed_AS:     854040 kB
VmallocTotal:   34359738367 kB
VmallocUsed:       44620 kB
VmallocChunk:          0 kB
Percpu:           237120 kB
HardwareCorrupted:     0 kB
AnonHugePages:         0 kB
ShmemHugePages:        0 kB
ShmemPmdMapped:        0 kB
FileHugePages:         0 kB
FilePmdMapped:         0 kB
HugePages_Total:       0
HugePages_Free:        0
HugePages_Rsvd:        0
HugePages_Surp:        0
Hugepagesize:       2048 kB
Hugetlb:               0 kB
DirectMap4k:     2812736 kB
DirectMap2M:     5163008 kB
DirectMap1G:    58720256 kB

