MemTotal:       65439348 kB
MemFree:        63882136 kB
MemAvailable:   63907656 kB
Buffers:           48268 kB
Cached:           549140 kB
SwapCached:            0 kB
Active:           156568 kB
Inactive:         502108 kB
Active(anon):       3232 kB
Inactive(anon):    73512 kB
Active(file):     153336 kB
Inactive(file):   428596 kB
Unevictable:       19496 kB
Mlocked:           19496 kB
SwapTotal:       1996796 kB
SwapFree:        1996796 kB
Dirty:               592 kB
Writeback:             0 kB
AnonPages:         80780 kB
Mapped:            83124 kB
Shmem:              6376 kB
KReclaimable:      79800 kB
Slab:             309968 kB
SReclaimable:      79800 kB
SUnreclaim:       230168 kB
KernelStack:        9760 kB
PageTables:         2172 kB
NFS_Unstable:          0 kB
Bounce:                0 kB
WritebackTmp:          0 kB
CommitLimit:    34716468 kB
Committed_AS:     799204 kB
VmallocTotal:   34359738367 kB
VmallocUsed:       41648 kB
VmallocChunk:          0 kB
Percpu:           175488 kB
HardwareCorrupted:     0 kB
AnonHugePages:         0 kB
ShmemHugePages:        0 kB
ShmemPmdMapped:        0 kB
FileHugePages:         0 kB
FilePmdMapped:         0 kB
HugePages_Total:       0
HugePages_Free:        0
HugePages_Rsvd:        0
HugePages_Surp:        0
Hugepagesize:       2048 kB
Hugetlb:               0 kB
DirectMap4k:     2741056 kB
DirectMap2M:     5234688 kB
DirectMap1G:    58720256 kB

