MemTotal:       65439348 kB
MemFree:        63725892 kB
MemAvailable:   63824484 kB
Buffers:           57236 kB
Cached:           609080 kB
SwapCached:            0 kB
Active:           205200 kB
Inactive:         528416 kB
Active(anon):       3244 kB
Inactive(anon):    79544 kB
Active(file):     201956 kB
Inactive(file):   448872 kB
Unevictable:       19496 kB
Mlocked:           19496 kB
SwapTotal:       1996796 kB
SwapFree:        1996796 kB
Dirty:               916 kB
Writeback:             0 kB
AnonPages:         86684 kB
Mapped:            97996 kB
Shmem:              6380 kB
KReclaimable:      88148 kB
Slab:             325448 kB
SReclaimable:      88148 kB
SUnreclaim:       237300 kB
KernelStack:       10176 kB
PageTables:         2888 kB
NFS_Unstable:          0 kB
Bounce:                0 kB
WritebackTmp:          0 kB
CommitLimit:    34716468 kB
Committed_AS:     854428 kB
VmallocTotal:   34359738367 kB
VmallocUsed:       44556 kB
VmallocChunk:          0 kB
Percpu:           239424 kB
HardwareCorrupted:     0 kB
AnonHugePages:         0 kB
ShmemHugePages:        0 kB
ShmemPmdMapped:        0 kB
FileHugePages:         0 kB
FilePmdMapped:         0 kB
HugePages_Total:       0
HugePages_Free:        0
HugePages_Rsvd:        0
HugePages_Surp:        0
Hugepagesize:       2048 kB
Hugetlb:               0 kB
DirectMap4k:     2818880 kB
DirectMap2M:     5156864 kB
DirectMap1G:    58720256 kB

