MemTotal:       65439348 kB
MemFree:        64323452 kB
MemAvailable:   64017848 kB
Buffers:           30656 kB
Cached:           244272 kB
SwapCached:            0 kB
Active:           121808 kB
Inactive:         213132 kB
Active(anon):       3216 kB
Inactive(anon):    72280 kB
Active(file):     118592 kB
Inactive(file):   140852 kB
Unevictable:       19496 kB
Mlocked:           19496 kB
SwapTotal:       1996796 kB
SwapFree:        1996796 kB
Dirty:               172 kB
Writeback:             0 kB
AnonPages:         79604 kB
Mapped:            74136 kB
Shmem:              6376 kB
KReclaimable:      56084 kB
Slab:             275956 kB
SReclaimable:      56084 kB
SUnreclaim:       219872 kB
KernelStack:        9968 kB
PageTables:         2384 kB
NFS_Unstable:          0 kB
Bounce:                0 kB
WritebackTmp:          0 kB
CommitLimit:    34716468 kB
Committed_AS:     790356 kB
VmallocTotal:   34359738367 kB
VmallocUsed:       38468 kB
VmallocChunk:          0 kB
Percpu:            96576 kB
HardwareCorrupted:     0 kB
AnonHugePages:         0 kB
ShmemHugePages:        0 kB
ShmemPmdMapped:        0 kB
FileHugePages:         0 kB
FilePmdMapped:         0 kB
HugePages_Total:       0
HugePages_Free:        0
HugePages_Rsvd:        0
HugePages_Surp:        0
Hugepagesize:       2048 kB
Hugetlb:               0 kB
DirectMap4k:     2059072 kB
DirectMap2M:     5916672 kB
DirectMap1G:    58720256 kB

