MemTotal:       65439348 kB
MemFree:        64144788 kB
MemAvailable:   63939480 kB
Buffers:           43828 kB
Cached:           325936 kB
SwapCached:            0 kB
Active:           139556 kB
Inactive:         296532 kB
Active(anon):       3244 kB
Inactive(anon):    78584 kB
Active(file):     136312 kB
Inactive(file):   217948 kB
Unevictable:       19496 kB
Mlocked:           19496 kB
SwapTotal:       1996796 kB
SwapFree:        1996796 kB
Dirty:               744 kB
Writeback:             0 kB
AnonPages:         85944 kB
Mapped:            89172 kB
Shmem:              6380 kB
KReclaimable:      73488 kB
Slab:             301944 kB
SReclaimable:      73488 kB
SUnreclaim:       228456 kB
KernelStack:       10096 kB
PageTables:         2636 kB
NFS_Unstable:          0 kB
Bounce:                0 kB
WritebackTmp:          0 kB
CommitLimit:    34716468 kB
Committed_AS:     838256 kB
VmallocTotal:   34359738367 kB
VmallocUsed:       40168 kB
VmallocChunk:          0 kB
Percpu:           143040 kB
HardwareCorrupted:     0 kB
AnonHugePages:         0 kB
ShmemHugePages:        0 kB
ShmemPmdMapped:        0 kB
FileHugePages:         0 kB
FilePmdMapped:         0 kB
HugePages_Total:       0
HugePages_Free:        0
HugePages_Rsvd:        0
HugePages_Surp:        0
Hugepagesize:       2048 kB
Hugetlb:               0 kB
DirectMap4k:     2702144 kB
DirectMap2M:     5273600 kB
DirectMap1G:    58720256 kB

