MemTotal:       65439348 kB
MemFree:        64169484 kB
MemAvailable:   63953784 kB
Buffers:           42492 kB
Cached:           317496 kB
SwapCached:            0 kB
Active:           137952 kB
Inactive:         291516 kB
Active(anon):       3272 kB
Inactive(anon):    81692 kB
Active(file):     134680 kB
Inactive(file):   209824 kB
Unevictable:       19496 kB
Mlocked:           19496 kB
SwapTotal:       1996796 kB
SwapFree:        1996796 kB
Dirty:               552 kB
Writeback:             0 kB
AnonPages:         88688 kB
Mapped:            89144 kB
Shmem:              6384 kB
KReclaimable:      72212 kB
Slab:             298992 kB
SReclaimable:      72212 kB
SUnreclaim:       226780 kB
KernelStack:       10208 kB
PageTables:         2684 kB
NFS_Unstable:          0 kB
Bounce:                0 kB
WritebackTmp:          0 kB
CommitLimit:    34716468 kB
Committed_AS:     837616 kB
VmallocTotal:   34359738367 kB
VmallocUsed:       40296 kB
VmallocChunk:          0 kB
Percpu:           133440 kB
HardwareCorrupted:     0 kB
AnonHugePages:         0 kB
ShmemHugePages:        0 kB
ShmemPmdMapped:        0 kB
FileHugePages:         0 kB
FilePmdMapped:         0 kB
HugePages_Total:       0
HugePages_Free:        0
HugePages_Rsvd:        0
HugePages_Surp:        0
Hugepagesize:       2048 kB
Hugetlb:               0 kB
DirectMap4k:     2691904 kB
DirectMap2M:     5283840 kB
DirectMap1G:    58720256 kB

