MemTotal:       65439348 kB
MemFree:        63759648 kB
MemAvailable:   63841936 kB
Buffers:           55140 kB
Cached:           595748 kB
SwapCached:            0 kB
Active:           203112 kB
Inactive:         513724 kB
Active(anon):       3248 kB
Inactive(anon):    78184 kB
Active(file):     199864 kB
Inactive(file):   435540 kB
Unevictable:       19496 kB
Mlocked:           19496 kB
SwapTotal:       1996796 kB
SwapFree:        1996796 kB
Dirty:               724 kB
Writeback:             0 kB
AnonPages:         85548 kB
Mapped:            95776 kB
Shmem:              6380 kB
KReclaimable:      86392 kB
Slab:             322184 kB
SReclaimable:      86392 kB
SUnreclaim:       235792 kB
KernelStack:       10112 kB
PageTables:         2620 kB
NFS_Unstable:          0 kB
Bounce:                0 kB
WritebackTmp:          0 kB
CommitLimit:    34716468 kB
Committed_AS:     854428 kB
VmallocTotal:   34359738367 kB
VmallocUsed:       43960 kB
VmallocChunk:          0 kB
Percpu:           224448 kB
HardwareCorrupted:     0 kB
AnonHugePages:         0 kB
ShmemHugePages:        0 kB
ShmemPmdMapped:        0 kB
FileHugePages:         0 kB
FilePmdMapped:         0 kB
HugePages_Total:       0
HugePages_Free:        0
HugePages_Rsvd:        0
HugePages_Surp:        0
Hugepagesize:       2048 kB
Hugetlb:               0 kB
DirectMap4k:     2800448 kB
DirectMap2M:     5175296 kB
DirectMap1G:    58720256 kB

