MemTotal:       65439348 kB
MemFree:        63718484 kB
MemAvailable:   63823784 kB
Buffers:           58028 kB
Cached:           614672 kB
SwapCached:            0 kB
Active:           210936 kB
Inactive:         522472 kB
Active(anon):       3244 kB
Inactive(anon):    72952 kB
Active(file):     207692 kB
Inactive(file):   449520 kB
Unevictable:       19496 kB
Mlocked:           19496 kB
SwapTotal:       1996796 kB
SwapFree:        1996796 kB
Dirty:               768 kB
Writeback:             0 kB
AnonPages:         80364 kB
Mapped:            87880 kB
Shmem:              6376 kB
KReclaimable:      88796 kB
Slab:             326616 kB
SReclaimable:      88796 kB
SUnreclaim:       237820 kB
KernelStack:       10016 kB
PageTables:         2460 kB
NFS_Unstable:          0 kB
Bounce:                0 kB
WritebackTmp:          0 kB
CommitLimit:    34716468 kB
Committed_AS:     808040 kB
VmallocTotal:   34359738367 kB
VmallocUsed:       44292 kB
VmallocChunk:          0 kB
Percpu:           245376 kB
HardwareCorrupted:     0 kB
AnonHugePages:         0 kB
ShmemHugePages:        0 kB
ShmemPmdMapped:        0 kB
FileHugePages:         0 kB
FilePmdMapped:         0 kB
HugePages_Total:       0
HugePages_Free:        0
HugePages_Rsvd:        0
HugePages_Surp:        0
Hugepagesize:       2048 kB
Hugetlb:               0 kB
DirectMap4k:     2822976 kB
DirectMap2M:     5152768 kB
DirectMap1G:    58720256 kB

