MemTotal:       65439348 kB
MemFree:        64295176 kB
MemAvailable:   64008960 kB
Buffers:           35224 kB
Cached:           257468 kB
SwapCached:            0 kB
Active:           128028 kB
Inactive:         225208 kB
Active(anon):       3212 kB
Inactive(anon):    72816 kB
Active(file):     124816 kB
Inactive(file):   152392 kB
Unevictable:       19496 kB
Mlocked:           19496 kB
SwapTotal:       1996796 kB
SwapFree:        1996796 kB
Dirty:               656 kB
Writeback:             0 kB
AnonPages:         80120 kB
Mapped:            74968 kB
Shmem:              6376 kB
KReclaimable:      65772 kB
Slab:             286768 kB
SReclaimable:      65772 kB
SUnreclaim:       220996 kB
KernelStack:       10000 kB
PageTables:         2460 kB
NFS_Unstable:          0 kB
Bounce:                0 kB
WritebackTmp:          0 kB
CommitLimit:    34716468 kB
Committed_AS:     790356 kB
VmallocTotal:   34359738367 kB
VmallocUsed:       38420 kB
VmallocChunk:          0 kB
Percpu:            96576 kB
HardwareCorrupted:     0 kB
AnonHugePages:         0 kB
ShmemHugePages:        0 kB
ShmemPmdMapped:        0 kB
FileHugePages:         0 kB
FilePmdMapped:         0 kB
HugePages_Total:       0
HugePages_Free:        0
HugePages_Rsvd:        0
HugePages_Surp:        0
Hugepagesize:       2048 kB
Hugetlb:               0 kB
DirectMap4k:     2216768 kB
DirectMap2M:     5758976 kB
DirectMap1G:    58720256 kB

