MemTotal:       65439348 kB
MemFree:        63796092 kB
MemAvailable:   63862840 kB
Buffers:           53072 kB
Cached:           583104 kB
SwapCached:            0 kB
Active:           200340 kB
Inactive:         496848 kB
Active(anon):       3240 kB
Inactive(anon):    73260 kB
Active(file):     197100 kB
Inactive(file):   423588 kB
Unevictable:       19496 kB
Mlocked:           19496 kB
SwapTotal:       1996796 kB
SwapFree:        1996796 kB
Dirty:               656 kB
Writeback:             0 kB
AnonPages:         80656 kB
Mapped:            85312 kB
Shmem:              6376 kB
KReclaimable:      84740 kB
Slab:             318820 kB
SReclaimable:      84740 kB
SUnreclaim:       234080 kB
KernelStack:       10080 kB
PageTables:         2532 kB
NFS_Unstable:          0 kB
Bounce:                0 kB
WritebackTmp:          0 kB
CommitLimit:    34716468 kB
Committed_AS:     807652 kB
VmallocTotal:   34359738367 kB
VmallocUsed:       43324 kB
VmallocChunk:          0 kB
Percpu:           211008 kB
HardwareCorrupted:     0 kB
AnonHugePages:         0 kB
ShmemHugePages:        0 kB
ShmemPmdMapped:        0 kB
FileHugePages:         0 kB
FilePmdMapped:         0 kB
HugePages_Total:       0
HugePages_Free:        0
HugePages_Rsvd:        0
HugePages_Surp:        0
Hugepagesize:       2048 kB
Hugetlb:               0 kB
DirectMap4k:     2782016 kB
DirectMap2M:     5193728 kB
DirectMap1G:    58720256 kB

