MemTotal:       65439348 kB
MemFree:        63840496 kB
MemAvailable:   63888684 kB
Buffers:           50980 kB
Cached:           567668 kB
SwapCached:            0 kB
Active:           198252 kB
Inactive:         481916 kB
Active(anon):       3232 kB
Inactive(anon):    73760 kB
Active(file):     195020 kB
Inactive(file):   408156 kB
Unevictable:       19496 kB
Mlocked:           19496 kB
SwapTotal:       1996796 kB
SwapFree:        1996796 kB
Dirty:                72 kB
Writeback:           128 kB
AnonPages:         81104 kB
Mapped:            84308 kB
Shmem:              6372 kB
KReclaimable:      82644 kB
Slab:             313840 kB
SReclaimable:      82644 kB
SUnreclaim:       231196 kB
KernelStack:       10128 kB
PageTables:         2196 kB
NFS_Unstable:          0 kB
Bounce:                0 kB
WritebackTmp:          0 kB
CommitLimit:    34716468 kB
Committed_AS:     807392 kB
VmallocTotal:   34359738367 kB
VmallocUsed:       42180 kB
VmallocChunk:          0 kB
Percpu:           194112 kB
HardwareCorrupted:     0 kB
AnonHugePages:         0 kB
ShmemHugePages:        0 kB
ShmemPmdMapped:        0 kB
FileHugePages:         0 kB
FilePmdMapped:         0 kB
HugePages_Total:       0
HugePages_Free:        0
HugePages_Rsvd:        0
HugePages_Surp:        0
Hugepagesize:       2048 kB
Hugetlb:               0 kB
DirectMap4k:     2759488 kB
DirectMap2M:     5216256 kB
DirectMap1G:    58720256 kB

