MemTotal:       65439348 kB
MemFree:        64140052 kB
MemAvailable:   63938320 kB
Buffers:           44244 kB
Cached:           328820 kB
SwapCached:            0 kB
Active:           140008 kB
Inactive:         299324 kB
Active(anon):       3256 kB
Inactive(anon):    78496 kB
Active(file):     136752 kB
Inactive(file):   220828 kB
Unevictable:       19496 kB
Mlocked:           19496 kB
SwapTotal:       1996796 kB
SwapFree:        1996796 kB
Dirty:               868 kB
Writeback:             0 kB
AnonPages:         85800 kB
Mapped:            89496 kB
Shmem:              6380 kB
KReclaimable:      74000 kB
Slab:             302332 kB
SReclaimable:      74000 kB
SUnreclaim:       228332 kB
KernelStack:       10080 kB
PageTables:         2708 kB
NFS_Unstable:          0 kB
Bounce:                0 kB
WritebackTmp:          0 kB
CommitLimit:    34716468 kB
Committed_AS:     837872 kB
VmallocTotal:   34359738367 kB
VmallocUsed:       40828 kB
VmallocChunk:          0 kB
Percpu:           146112 kB
HardwareCorrupted:     0 kB
AnonHugePages:         0 kB
ShmemHugePages:        0 kB
ShmemPmdMapped:        0 kB
FileHugePages:         0 kB
FilePmdMapped:         0 kB
HugePages_Total:       0
HugePages_Free:        0
HugePages_Rsvd:        0
HugePages_Surp:        0
Hugepagesize:       2048 kB
Hugetlb:               0 kB
DirectMap4k:     2706240 kB
DirectMap2M:     5269504 kB
DirectMap1G:    58720256 kB

