MemTotal:       65439348 kB
MemFree:        63887340 kB
MemAvailable:   63909036 kB
Buffers:           47784 kB
Cached:           545988 kB
SwapCached:            0 kB
Active:           156088 kB
Inactive:         498368 kB
Active(anon):       3244 kB
Inactive(anon):    72924 kB
Active(file):     152844 kB
Inactive(file):   425444 kB
Unevictable:       19496 kB
Mlocked:           19496 kB
SwapTotal:       1996796 kB
SwapFree:        1996796 kB
Dirty:               156 kB
Writeback:             0 kB
AnonPages:         80268 kB
Mapped:            82524 kB
Shmem:              6376 kB
KReclaimable:      79436 kB
Slab:             309568 kB
SReclaimable:      79436 kB
SUnreclaim:       230132 kB
KernelStack:       10064 kB
PageTables:         2428 kB
NFS_Unstable:          0 kB
Bounce:                0 kB
WritebackTmp:          0 kB
CommitLimit:    34716468 kB
Committed_AS:     799588 kB
VmallocTotal:   34359738367 kB
VmallocUsed:       41808 kB
VmallocChunk:          0 kB
Percpu:           172416 kB
HardwareCorrupted:     0 kB
AnonHugePages:         0 kB
ShmemHugePages:        0 kB
ShmemPmdMapped:        0 kB
FileHugePages:         0 kB
FilePmdMapped:         0 kB
HugePages_Total:       0
HugePages_Free:        0
HugePages_Rsvd:        0
HugePages_Surp:        0
Hugepagesize:       2048 kB
Hugetlb:               0 kB
DirectMap4k:     2736960 kB
DirectMap2M:     5238784 kB
DirectMap1G:    58720256 kB

