MemTotal:       65439348 kB
MemFree:        63920592 kB
MemAvailable:   63926192 kB
Buffers:           45864 kB
Cached:           532652 kB
SwapCached:            0 kB
Active:           154168 kB
Inactive:         484896 kB
Active(anon):       3244 kB
Inactive(anon):    72788 kB
Active(file):     150924 kB
Inactive(file):   412108 kB
Unevictable:       19496 kB
Mlocked:           19496 kB
SwapTotal:       1996796 kB
SwapFree:        1996796 kB
Dirty:               760 kB
Writeback:             0 kB
AnonPages:         80124 kB
Mapped:            81400 kB
Shmem:              6376 kB
KReclaimable:      77760 kB
Slab:             307240 kB
SReclaimable:      77760 kB
SUnreclaim:       229480 kB
KernelStack:       10016 kB
PageTables:         2428 kB
NFS_Unstable:          0 kB
Bounce:                0 kB
WritebackTmp:          0 kB
CommitLimit:    34716468 kB
Committed_AS:     799592 kB
VmallocTotal:   34359738367 kB
VmallocUsed:       40628 kB
VmallocChunk:          0 kB
Percpu:           157440 kB
HardwareCorrupted:     0 kB
AnonHugePages:         0 kB
ShmemHugePages:        0 kB
ShmemPmdMapped:        0 kB
FileHugePages:         0 kB
FilePmdMapped:         0 kB
HugePages_Total:       0
HugePages_Free:        0
HugePages_Rsvd:        0
HugePages_Surp:        0
Hugepagesize:       2048 kB
Hugetlb:               0 kB
DirectMap4k:     2720576 kB
DirectMap2M:     5255168 kB
DirectMap1G:    58720256 kB

