MemTotal:       65439348 kB
MemFree:        64319804 kB
MemAvailable:   64016384 kB
Buffers:           31216 kB
Cached:           247896 kB
SwapCached:            0 kB
Active:           122352 kB
Inactive:         216864 kB
Active(anon):       3216 kB
Inactive(anon):    72384 kB
Active(file):     119136 kB
Inactive(file):   144480 kB
Unevictable:       19496 kB
Mlocked:           19496 kB
SwapTotal:       1996796 kB
SwapFree:        1996796 kB
Dirty:               140 kB
Writeback:             0 kB
AnonPages:         79672 kB
Mapped:            74504 kB
Shmem:              6376 kB
KReclaimable:      56288 kB
Slab:             276264 kB
SReclaimable:      56288 kB
SUnreclaim:       219976 kB
KernelStack:        9968 kB
PageTables:         2396 kB
NFS_Unstable:          0 kB
Bounce:                0 kB
WritebackTmp:          0 kB
CommitLimit:    34716468 kB
Committed_AS:     790356 kB
VmallocTotal:   34359738367 kB
VmallocUsed:       38324 kB
VmallocChunk:          0 kB
Percpu:            96576 kB
HardwareCorrupted:     0 kB
AnonHugePages:         0 kB
ShmemHugePages:        0 kB
ShmemPmdMapped:        0 kB
FileHugePages:         0 kB
FilePmdMapped:         0 kB
HugePages_Total:       0
HugePages_Free:        0
HugePages_Rsvd:        0
HugePages_Surp:        0
Hugepagesize:       2048 kB
Hugetlb:               0 kB
DirectMap4k:     2110272 kB
DirectMap2M:     5865472 kB
DirectMap1G:    58720256 kB

