MemTotal:       65439348 kB
MemFree:        64184664 kB
MemAvailable:   63960332 kB
Buffers:           41476 kB
Cached:           310356 kB
SwapCached:            0 kB
Active:           136900 kB
Inactive:         282908 kB
Active(anon):       3256 kB
Inactive(anon):    80208 kB
Active(file):     133644 kB
Inactive(file):   202700 kB
Unevictable:       19496 kB
Mlocked:           19496 kB
SwapTotal:       1996796 kB
SwapFree:        1996796 kB
Dirty:               744 kB
Writeback:             0 kB
AnonPages:         87544 kB
Mapped:            88796 kB
Shmem:              6380 kB
KReclaimable:      71268 kB
Slab:             296672 kB
SReclaimable:      71268 kB
SUnreclaim:       225404 kB
KernelStack:       10160 kB
PageTables:         2604 kB
NFS_Unstable:          0 kB
Bounce:                0 kB
WritebackTmp:          0 kB
CommitLimit:    34716468 kB
Committed_AS:     837616 kB
VmallocTotal:   34359738367 kB
VmallocUsed:       39604 kB
VmallocChunk:          0 kB
Percpu:           125568 kB
HardwareCorrupted:     0 kB
AnonHugePages:         0 kB
ShmemHugePages:        0 kB
ShmemPmdMapped:        0 kB
FileHugePages:         0 kB
FilePmdMapped:         0 kB
HugePages_Total:       0
HugePages_Free:        0
HugePages_Rsvd:        0
HugePages_Surp:        0
Hugepagesize:       2048 kB
Hugetlb:               0 kB
DirectMap4k:     2675520 kB
DirectMap2M:     5300224 kB
DirectMap1G:    58720256 kB

