MemTotal:       65439348 kB
MemFree:        64134188 kB
MemAvailable:   63935116 kB
Buffers:           44612 kB
Cached:           331008 kB
SwapCached:            0 kB
Active:           140348 kB
Inactive:         304196 kB
Active(anon):       3244 kB
Inactive(anon):    81176 kB
Active(file):     137104 kB
Inactive(file):   223020 kB
Unevictable:       19496 kB
Mlocked:           19496 kB
SwapTotal:       1996796 kB
SwapFree:        1996796 kB
Dirty:               780 kB
Writeback:             0 kB
AnonPages:         88548 kB
Mapped:            89596 kB
Shmem:              6380 kB
KReclaimable:      74228 kB
Slab:             303008 kB
SReclaimable:      74228 kB
SUnreclaim:       228780 kB
KernelStack:       10224 kB
PageTables:         2640 kB
NFS_Unstable:          0 kB
Bounce:                0 kB
WritebackTmp:          0 kB
CommitLimit:    34716468 kB
Committed_AS:     837868 kB
VmallocTotal:   34359738367 kB
VmallocUsed:       40812 kB
VmallocChunk:          0 kB
Percpu:           148416 kB
HardwareCorrupted:     0 kB
AnonHugePages:         0 kB
ShmemHugePages:        0 kB
ShmemPmdMapped:        0 kB
FileHugePages:         0 kB
FilePmdMapped:         0 kB
HugePages_Total:       0
HugePages_Free:        0
HugePages_Rsvd:        0
HugePages_Surp:        0
Hugepagesize:       2048 kB
Hugetlb:               0 kB
DirectMap4k:     2710336 kB
DirectMap2M:     5265408 kB
DirectMap1G:    58720256 kB

