MemTotal:       65439348 kB
MemFree:        64193776 kB
MemAvailable:   63966708 kB
Buffers:           41144 kB
Cached:           308160 kB
SwapCached:            0 kB
Active:           136608 kB
Inactive:         282204 kB
Active(anon):       3276 kB
Inactive(anon):    81708 kB
Active(file):     133332 kB
Inactive(file):   200496 kB
Unevictable:       19496 kB
Mlocked:           19496 kB
SwapTotal:       1996796 kB
SwapFree:        1996796 kB
Dirty:               652 kB
Writeback:             0 kB
AnonPages:         88788 kB
Mapped:            88608 kB
Shmem:              6376 kB
KReclaimable:      70832 kB
Slab:             295696 kB
SReclaimable:      70832 kB
SUnreclaim:       224864 kB
KernelStack:       10304 kB
PageTables:         3084 kB
NFS_Unstable:          0 kB
Bounce:                0 kB
WritebackTmp:          0 kB
CommitLimit:    34716468 kB
Committed_AS:     837612 kB
VmallocTotal:   34359738367 kB
VmallocUsed:       39796 kB
VmallocChunk:          0 kB
Percpu:           123264 kB
HardwareCorrupted:     0 kB
AnonHugePages:         0 kB
ShmemHugePages:        0 kB
ShmemPmdMapped:        0 kB
FileHugePages:         0 kB
FilePmdMapped:         0 kB
HugePages_Total:       0
HugePages_Free:        0
HugePages_Rsvd:        0
HugePages_Surp:        0
Hugepagesize:       2048 kB
Hugetlb:               0 kB
DirectMap4k:     2673472 kB
DirectMap2M:     5302272 kB
DirectMap1G:    58720256 kB

