MemTotal:       65439348 kB
MemFree:        64179780 kB
MemAvailable:   63958872 kB
Buffers:           41872 kB
Cached:           313208 kB
SwapCached:            0 kB
Active:           137292 kB
Inactive:         284216 kB
Active(anon):       3248 kB
Inactive(anon):    78676 kB
Active(file):     134044 kB
Inactive(file):   205540 kB
Unevictable:       19496 kB
Mlocked:           19496 kB
SwapTotal:       1996796 kB
SwapFree:        1996796 kB
Dirty:               108 kB
Writeback:             0 kB
AnonPages:         86028 kB
Mapped:            88180 kB
Shmem:              6380 kB
KReclaimable:      71640 kB
Slab:             297456 kB
SReclaimable:      71640 kB
SUnreclaim:       225816 kB
KernelStack:       10160 kB
PageTables:         2624 kB
NFS_Unstable:          0 kB
Bounce:                0 kB
WritebackTmp:          0 kB
CommitLimit:    34716468 kB
Committed_AS:     837872 kB
VmallocTotal:   34359738367 kB
VmallocUsed:       39748 kB
VmallocChunk:          0 kB
Percpu:           128640 kB
HardwareCorrupted:     0 kB
AnonHugePages:         0 kB
ShmemHugePages:        0 kB
ShmemPmdMapped:        0 kB
FileHugePages:         0 kB
FilePmdMapped:         0 kB
HugePages_Total:       0
HugePages_Free:        0
HugePages_Rsvd:        0
HugePages_Surp:        0
Hugepagesize:       2048 kB
Hugetlb:               0 kB
DirectMap4k:     2681664 kB
DirectMap2M:     5294080 kB
DirectMap1G:    58720256 kB

