MemTotal:       65439348 kB
MemFree:        64235508 kB
MemAvailable:   63982380 kB
Buffers:           39188 kB
Cached:           284928 kB
SwapCached:            0 kB
Active:           132896 kB
Inactive:         253940 kB
Active(anon):       3216 kB
Inactive(anon):    75000 kB
Active(file):     129680 kB
Inactive(file):   178940 kB
Unevictable:       19496 kB
Mlocked:           19496 kB
SwapTotal:       1996796 kB
SwapFree:        1996796 kB
Dirty:               776 kB
Writeback:             0 kB
AnonPages:         82324 kB
Mapped:            77904 kB
Shmem:              6376 kB
KReclaimable:      69124 kB
Slab:             293216 kB
SReclaimable:      69124 kB
SUnreclaim:       224092 kB
KernelStack:       10192 kB
PageTables:         2512 kB
NFS_Unstable:          0 kB
Bounce:                0 kB
WritebackTmp:          0 kB
CommitLimit:    34716468 kB
Committed_AS:     790360 kB
VmallocTotal:   34359738367 kB
VmallocUsed:       38968 kB
VmallocChunk:          0 kB
Percpu:           112896 kB
HardwareCorrupted:     0 kB
AnonHugePages:         0 kB
ShmemHugePages:        0 kB
ShmemPmdMapped:        0 kB
FileHugePages:         0 kB
FilePmdMapped:         0 kB
HugePages_Total:       0
HugePages_Free:        0
HugePages_Rsvd:        0
HugePages_Surp:        0
Hugepagesize:       2048 kB
Hugetlb:               0 kB
DirectMap4k:     2652992 kB
DirectMap2M:     5322752 kB
DirectMap1G:    58720256 kB

