MemTotal:       65439348 kB
MemFree:        63704184 kB
MemAvailable:   63814908 kB
Buffers:           58600 kB
Cached:           619216 kB
SwapCached:            0 kB
Active:           211492 kB
Inactive:         526764 kB
Active(anon):       3252 kB
Inactive(anon):    72696 kB
Active(file):     208240 kB
Inactive(file):   454068 kB
Unevictable:       19496 kB
Mlocked:           19496 kB
SwapTotal:       1996796 kB
SwapFree:        1996796 kB
Dirty:               708 kB
Writeback:             0 kB
AnonPages:         80476 kB
Mapped:            88260 kB
Shmem:              6376 kB
KReclaimable:      89456 kB
Slab:             328692 kB
SReclaimable:      89456 kB
SUnreclaim:       239236 kB
KernelStack:       10048 kB
PageTables:         2484 kB
NFS_Unstable:          0 kB
Bounce:                0 kB
WritebackTmp:          0 kB
CommitLimit:    34716468 kB
Committed_AS:     807652 kB
VmallocTotal:   34359738367 kB
VmallocUsed:       44824 kB
VmallocChunk:          0 kB
Percpu:           250176 kB
HardwareCorrupted:     0 kB
AnonHugePages:         0 kB
ShmemHugePages:        0 kB
ShmemPmdMapped:        0 kB
FileHugePages:         0 kB
FilePmdMapped:         0 kB
HugePages_Total:       0
HugePages_Free:        0
HugePages_Rsvd:        0
HugePages_Surp:        0
Hugepagesize:       2048 kB
Hugetlb:               0 kB
DirectMap4k:     2831168 kB
DirectMap2M:     5144576 kB
DirectMap1G:    58720256 kB

