MemTotal:       65439348 kB
MemFree:        64220904 kB
MemAvailable:   63976880 kB
Buffers:           40288 kB
Cached:           292392 kB
SwapCached:            0 kB
Active:           134016 kB
Inactive:         260220 kB
Active(anon):       3232 kB
Inactive(anon):    73800 kB
Active(file):     130784 kB
Inactive(file):   186420 kB
Unevictable:       19496 kB
Mlocked:           19496 kB
SwapTotal:       1996796 kB
SwapFree:        1996796 kB
Dirty:               400 kB
Writeback:             0 kB
AnonPages:         81132 kB
Mapped:            78264 kB
Shmem:              6376 kB
KReclaimable:      70168 kB
Slab:             295428 kB
SReclaimable:      70168 kB
SUnreclaim:       225260 kB
KernelStack:        9888 kB
PageTables:         2316 kB
NFS_Unstable:          0 kB
Bounce:                0 kB
WritebackTmp:          0 kB
CommitLimit:    34716468 kB
Committed_AS:     790620 kB
VmallocTotal:   34359738367 kB
VmallocUsed:       39628 kB
VmallocChunk:          0 kB
Percpu:           120576 kB
HardwareCorrupted:     0 kB
AnonHugePages:         0 kB
ShmemHugePages:        0 kB
ShmemPmdMapped:        0 kB
FileHugePages:         0 kB
FilePmdMapped:         0 kB
HugePages_Total:       0
HugePages_Free:        0
HugePages_Rsvd:        0
HugePages_Surp:        0
Hugepagesize:       2048 kB
Hugetlb:               0 kB
DirectMap4k:     2669376 kB
DirectMap2M:     5306368 kB
DirectMap1G:    58720256 kB

