MemTotal:       65439348 kB
MemFree:        64243076 kB
MemAvailable:   63987908 kB
Buffers:           38940 kB
Cached:           283236 kB
SwapCached:            0 kB
Active:           132636 kB
Inactive:         250012 kB
Active(anon):       3208 kB
Inactive(anon):    72756 kB
Active(file):     129428 kB
Inactive(file):   177256 kB
Unevictable:       19496 kB
Mlocked:           19496 kB
SwapTotal:       1996796 kB
SwapFree:        1996796 kB
Dirty:               864 kB
Writeback:             0 kB
AnonPages:         79960 kB
Mapped:            77028 kB
Shmem:              6376 kB
KReclaimable:      68916 kB
Slab:             293300 kB
SReclaimable:      68916 kB
SUnreclaim:       224384 kB
KernelStack:       10016 kB
PageTables:         2424 kB
NFS_Unstable:          0 kB
Bounce:                0 kB
WritebackTmp:          0 kB
CommitLimit:    34716468 kB
Committed_AS:     790364 kB
VmallocTotal:   34359738367 kB
VmallocUsed:       39000 kB
VmallocChunk:          0 kB
Percpu:           110976 kB
HardwareCorrupted:     0 kB
AnonHugePages:         0 kB
ShmemHugePages:        0 kB
ShmemPmdMapped:        0 kB
FileHugePages:         0 kB
FilePmdMapped:         0 kB
HugePages_Total:       0
HugePages_Free:        0
HugePages_Rsvd:        0
HugePages_Surp:        0
Hugepagesize:       2048 kB
Hugetlb:               0 kB
DirectMap4k:     2626368 kB
DirectMap2M:     5349376 kB
DirectMap1G:    58720256 kB

