MemTotal:       65439348 kB
MemFree:        63840380 kB
MemAvailable:   63886724 kB
Buffers:           50760 kB
Cached:           566136 kB
SwapCached:            0 kB
Active:           198020 kB
Inactive:         480176 kB
Active(anon):       3248 kB
Inactive(anon):    73556 kB
Active(file):     194772 kB
Inactive(file):   406620 kB
Unevictable:       19496 kB
Mlocked:           19496 kB
SwapTotal:       1996796 kB
SwapFree:        1996796 kB
Dirty:               700 kB
Writeback:             0 kB
AnonPages:         80888 kB
Mapped:            84616 kB
Shmem:              6376 kB
KReclaimable:      82524 kB
Slab:             313336 kB
SReclaimable:      82524 kB
SUnreclaim:       230812 kB
KernelStack:       10160 kB
PageTables:         2636 kB
NFS_Unstable:          0 kB
Bounce:                0 kB
WritebackTmp:          0 kB
CommitLimit:    34716468 kB
Committed_AS:     807788 kB
VmallocTotal:   34359738367 kB
VmallocUsed:       42244 kB
VmallocChunk:          0 kB
Percpu:           192384 kB
HardwareCorrupted:     0 kB
AnonHugePages:         0 kB
ShmemHugePages:        0 kB
ShmemPmdMapped:        0 kB
FileHugePages:         0 kB
FilePmdMapped:         0 kB
HugePages_Total:       0
HugePages_Free:        0
HugePages_Rsvd:        0
HugePages_Surp:        0
Hugepagesize:       2048 kB
Hugetlb:               0 kB
DirectMap4k:     2759488 kB
DirectMap2M:     5216256 kB
DirectMap1G:    58720256 kB

