MemTotal:       65439348 kB
MemFree:        64259132 kB
MemAvailable:   63996240 kB
Buffers:           38132 kB
Cached:           276676 kB
SwapCached:            0 kB
Active:           130952 kB
Inactive:         243976 kB
Active(anon):       3216 kB
Inactive(anon):    72384 kB
Active(file):     127736 kB
Inactive(file):   171592 kB
Unevictable:       19496 kB
Mlocked:           19496 kB
SwapTotal:       1996796 kB
SwapFree:        1996796 kB
Dirty:               688 kB
Writeback:             0 kB
AnonPages:         79708 kB
Mapped:            76868 kB
Shmem:              6376 kB
KReclaimable:      68180 kB
Slab:             292352 kB
SReclaimable:      68180 kB
SUnreclaim:       224172 kB
KernelStack:       10032 kB
PageTables:         2404 kB
NFS_Unstable:          0 kB
Bounce:                0 kB
WritebackTmp:          0 kB
CommitLimit:    34716468 kB
Committed_AS:     790616 kB
VmallocTotal:   34359738367 kB
VmallocUsed:       38484 kB
VmallocChunk:          0 kB
Percpu:           104448 kB
HardwareCorrupted:     0 kB
AnonHugePages:         0 kB
ShmemHugePages:        0 kB
ShmemPmdMapped:        0 kB
FileHugePages:         0 kB
FilePmdMapped:         0 kB
HugePages_Total:       0
HugePages_Free:        0
HugePages_Rsvd:        0
HugePages_Surp:        0
Hugepagesize:       2048 kB
Hugetlb:               0 kB
DirectMap4k:     2530112 kB
DirectMap2M:     5445632 kB
DirectMap1G:    58720256 kB

