MemTotal:       65439348 kB
MemFree:        63863996 kB
MemAvailable:   63898516 kB
Buffers:           49108 kB
Cached:           556744 kB
SwapCached:            0 kB
Active:           157584 kB
Inactive:         509352 kB
Active(anon):       3248 kB
Inactive(anon):    73316 kB
Active(file):     154336 kB
Inactive(file):   436036 kB
Unevictable:       19496 kB
Mlocked:           19496 kB
SwapTotal:       1996796 kB
SwapFree:        1996796 kB
Dirty:               704 kB
Writeback:             0 kB
AnonPages:         80664 kB
Mapped:            83644 kB
Shmem:              6376 kB
KReclaimable:      80916 kB
Slab:             312228 kB
SReclaimable:      80916 kB
SUnreclaim:       231312 kB
KernelStack:       10080 kB
PageTables:         2536 kB
NFS_Unstable:          0 kB
Bounce:                0 kB
WritebackTmp:          0 kB
CommitLimit:    34716468 kB
Committed_AS:     799204 kB
VmallocTotal:   34359738367 kB
VmallocUsed:       41776 kB
VmallocChunk:          0 kB
Percpu:           182208 kB
HardwareCorrupted:     0 kB
AnonHugePages:         0 kB
ShmemHugePages:        0 kB
ShmemPmdMapped:        0 kB
FileHugePages:         0 kB
FilePmdMapped:         0 kB
HugePages_Total:       0
HugePages_Free:        0
HugePages_Rsvd:        0
HugePages_Surp:        0
Hugepagesize:       2048 kB
Hugetlb:               0 kB
DirectMap4k:     2747200 kB
DirectMap2M:     5228544 kB
DirectMap1G:    58720256 kB

