MemTotal:       65439348 kB
MemFree:        63921408 kB
MemAvailable:   63928088 kB
Buffers:           45980 kB
Cached:           533536 kB
SwapCached:            0 kB
Active:           154292 kB
Inactive:         485760 kB
Active(anon):       3244 kB
Inactive(anon):    72772 kB
Active(file):     151048 kB
Inactive(file):   412988 kB
Unevictable:       19496 kB
Mlocked:           19496 kB
SwapTotal:       1996796 kB
SwapFree:        1996796 kB
Dirty:               932 kB
Writeback:             0 kB
AnonPages:         79692 kB
Mapped:            81604 kB
Shmem:              6376 kB
KReclaimable:      77912 kB
Slab:             306300 kB
SReclaimable:      77912 kB
SUnreclaim:       228388 kB
KernelStack:       10096 kB
PageTables:         2052 kB
NFS_Unstable:          0 kB
Bounce:                0 kB
WritebackTmp:          0 kB
CommitLimit:    34716468 kB
Committed_AS:     799200 kB
VmallocTotal:   34359738367 kB
VmallocUsed:       41144 kB
VmallocChunk:          0 kB
Percpu:           158592 kB
HardwareCorrupted:     0 kB
AnonHugePages:         0 kB
ShmemHugePages:        0 kB
ShmemPmdMapped:        0 kB
FileHugePages:         0 kB
FilePmdMapped:         0 kB
HugePages_Total:       0
HugePages_Free:        0
HugePages_Rsvd:        0
HugePages_Surp:        0
Hugepagesize:       2048 kB
Hugetlb:               0 kB
DirectMap4k:     2720576 kB
DirectMap2M:     5255168 kB
DirectMap1G:    58720256 kB

