MemTotal:       65439348 kB
MemFree:        64277140 kB
MemAvailable:   64002100 kB
Buffers:           36600 kB
Cached:           266584 kB
SwapCached:            0 kB
Active:           129416 kB
Inactive:         233844 kB
Active(anon):       3216 kB
Inactive(anon):    72344 kB
Active(file):     126200 kB
Inactive(file):   161500 kB
Unevictable:       19496 kB
Mlocked:           19496 kB
SwapTotal:       1996796 kB
SwapFree:        1996796 kB
Dirty:               216 kB
Writeback:             0 kB
AnonPages:         79644 kB
Mapped:            75592 kB
Shmem:              6376 kB
KReclaimable:      67140 kB
Slab:             289776 kB
SReclaimable:      67140 kB
SUnreclaim:       222636 kB
KernelStack:       10000 kB
PageTables:         2392 kB
NFS_Unstable:          0 kB
Bounce:                0 kB
WritebackTmp:          0 kB
CommitLimit:    34716468 kB
Committed_AS:     790740 kB
VmallocTotal:   34359738367 kB
VmallocUsed:       38500 kB
VmallocChunk:          0 kB
Percpu:            96576 kB
HardwareCorrupted:     0 kB
AnonHugePages:         0 kB
ShmemHugePages:        0 kB
ShmemPmdMapped:        0 kB
FileHugePages:         0 kB
FilePmdMapped:         0 kB
HugePages_Total:       0
HugePages_Free:        0
HugePages_Rsvd:        0
HugePages_Surp:        0
Hugepagesize:       2048 kB
Hugetlb:               0 kB
DirectMap4k:     2368320 kB
DirectMap2M:     5607424 kB
DirectMap1G:    58720256 kB

