MemTotal:       65439348 kB
MemFree:        63750184 kB
MemAvailable:   63835856 kB
Buffers:           55660 kB
Cached:           598472 kB
SwapCached:            0 kB
Active:           203596 kB
Inactive:         516352 kB
Active(anon):       3248 kB
Inactive(anon):    78088 kB
Active(file):     200348 kB
Inactive(file):   438264 kB
Unevictable:       19496 kB
Mlocked:           19496 kB
SwapTotal:       1996796 kB
SwapFree:        1996796 kB
Dirty:               160 kB
Writeback:             0 kB
AnonPages:         85456 kB
Mapped:            96040 kB
Shmem:              6380 kB
KReclaimable:      86744 kB
Slab:             323508 kB
SReclaimable:      86744 kB
SUnreclaim:       236764 kB
KernelStack:       10064 kB
PageTables:         2624 kB
NFS_Unstable:          0 kB
Bounce:                0 kB
WritebackTmp:          0 kB
CommitLimit:    34716468 kB
Committed_AS:     854432 kB
VmallocTotal:   34359738367 kB
VmallocUsed:       43992 kB
VmallocChunk:          0 kB
Percpu:           227328 kB
HardwareCorrupted:     0 kB
AnonHugePages:         0 kB
ShmemHugePages:        0 kB
ShmemPmdMapped:        0 kB
FileHugePages:         0 kB
FilePmdMapped:         0 kB
HugePages_Total:       0
HugePages_Free:        0
HugePages_Rsvd:        0
HugePages_Surp:        0
Hugepagesize:       2048 kB
Hugetlb:               0 kB
DirectMap4k:     2802496 kB
DirectMap2M:     5173248 kB
DirectMap1G:    58720256 kB

