MemTotal:       65439348 kB
MemFree:        64150300 kB
MemAvailable:   63943216 kB
Buffers:           43636 kB
Cached:           324512 kB
SwapCached:            0 kB
Active:           139376 kB
Inactive:         296172 kB
Active(anon):       3248 kB
Inactive(anon):    79640 kB
Active(file):     136128 kB
Inactive(file):   216532 kB
Unevictable:       19496 kB
Mlocked:           19496 kB
SwapTotal:       1996796 kB
SwapFree:        1996796 kB
Dirty:               628 kB
Writeback:             0 kB
AnonPages:         87988 kB
Mapped:            89144 kB
Shmem:              6380 kB
KReclaimable:      73136 kB
Slab:             301128 kB
SReclaimable:      73136 kB
SUnreclaim:       227992 kB
KernelStack:       10160 kB
PageTables:         3068 kB
NFS_Unstable:          0 kB
Bounce:                0 kB
WritebackTmp:          0 kB
CommitLimit:    34716468 kB
Committed_AS:     837868 kB
VmallocTotal:   34359738367 kB
VmallocUsed:       40248 kB
VmallocChunk:          0 kB
Percpu:           141312 kB
HardwareCorrupted:     0 kB
AnonHugePages:         0 kB
ShmemHugePages:        0 kB
ShmemPmdMapped:        0 kB
FileHugePages:         0 kB
FilePmdMapped:         0 kB
HugePages_Total:       0
HugePages_Free:        0
HugePages_Rsvd:        0
HugePages_Surp:        0
Hugepagesize:       2048 kB
Hugetlb:               0 kB
DirectMap4k:     2700096 kB
DirectMap2M:     5275648 kB
DirectMap1G:    58720256 kB

