MemTotal:       65439348 kB
MemFree:        64282892 kB
MemAvailable:   64004160 kB
Buffers:           36128 kB
Cached:           263648 kB
SwapCached:            0 kB
Active:           128936 kB
Inactive:         230992 kB
Active(anon):       3212 kB
Inactive(anon):    72424 kB
Active(file):     125724 kB
Inactive(file):   158568 kB
Unevictable:       19496 kB
Mlocked:           19496 kB
SwapTotal:       1996796 kB
SwapFree:        1996796 kB
Dirty:               756 kB
Writeback:             0 kB
AnonPages:         79692 kB
Mapped:            75440 kB
Shmem:              6376 kB
KReclaimable:      66576 kB
Slab:             288972 kB
SReclaimable:      66576 kB
SUnreclaim:       222396 kB
KernelStack:       10064 kB
PageTables:         2392 kB
NFS_Unstable:          0 kB
Bounce:                0 kB
WritebackTmp:          0 kB
CommitLimit:    34716468 kB
Committed_AS:     790740 kB
VmallocTotal:   34359738367 kB
VmallocUsed:       38484 kB
VmallocChunk:          0 kB
Percpu:            96576 kB
HardwareCorrupted:     0 kB
AnonHugePages:         0 kB
ShmemHugePages:        0 kB
ShmemPmdMapped:        0 kB
FileHugePages:         0 kB
FilePmdMapped:         0 kB
HugePages_Total:       0
HugePages_Free:        0
HugePages_Rsvd:        0
HugePages_Surp:        0
Hugepagesize:       2048 kB
Hugetlb:               0 kB
DirectMap4k:     2321216 kB
DirectMap2M:     5654528 kB
DirectMap1G:    58720256 kB

