MemTotal:       65439348 kB
MemFree:        63705780 kB
MemAvailable:   63815632 kB
Buffers:           58516 kB
Cached:           618452 kB
SwapCached:            0 kB
Active:           211428 kB
Inactive:         526180 kB
Active(anon):       3244 kB
Inactive(anon):    72876 kB
Active(file):     208184 kB
Inactive(file):   453304 kB
Unevictable:       19496 kB
Mlocked:           19496 kB
SwapTotal:       1996796 kB
SwapFree:        1996796 kB
Dirty:               680 kB
Writeback:             0 kB
AnonPages:         80244 kB
Mapped:            88256 kB
Shmem:              6376 kB
KReclaimable:      89348 kB
Slab:             328484 kB
SReclaimable:      89348 kB
SUnreclaim:       239136 kB
KernelStack:       10064 kB
PageTables:         2456 kB
NFS_Unstable:          0 kB
Bounce:                0 kB
WritebackTmp:          0 kB
CommitLimit:    34716468 kB
Committed_AS:     808040 kB
VmallocTotal:   34359738367 kB
VmallocUsed:       44968 kB
VmallocChunk:          0 kB
Percpu:           249600 kB
HardwareCorrupted:     0 kB
AnonHugePages:         0 kB
ShmemHugePages:        0 kB
ShmemPmdMapped:        0 kB
FileHugePages:         0 kB
FilePmdMapped:         0 kB
HugePages_Total:       0
HugePages_Free:        0
HugePages_Rsvd:        0
HugePages_Surp:        0
Hugepagesize:       2048 kB
Hugetlb:               0 kB
DirectMap4k:     2829120 kB
DirectMap2M:     5146624 kB
DirectMap1G:    58720256 kB

