MemTotal:       65439348 kB
MemFree:        64284116 kB
MemAvailable:   64005156 kB
Buffers:           36104 kB
Cached:           263480 kB
SwapCached:            0 kB
Active:           128920 kB
Inactive:         232104 kB
Active(anon):       3220 kB
Inactive(anon):    73712 kB
Active(file):     125700 kB
Inactive(file):   158392 kB
Unevictable:       19496 kB
Mlocked:           19496 kB
SwapTotal:       1996796 kB
SwapFree:        1996796 kB
Dirty:               644 kB
Writeback:             0 kB
AnonPages:         81452 kB
Mapped:            75724 kB
Shmem:              6380 kB
KReclaimable:      66516 kB
Slab:             288996 kB
SReclaimable:      66516 kB
SUnreclaim:       222480 kB
KernelStack:       10064 kB
PageTables:         1980 kB
NFS_Unstable:          0 kB
Bounce:                0 kB
WritebackTmp:          0 kB
CommitLimit:    34716468 kB
Committed_AS:     790360 kB
VmallocTotal:   34359738367 kB
VmallocUsed:       38612 kB
VmallocChunk:          0 kB
Percpu:            96576 kB
HardwareCorrupted:     0 kB
AnonHugePages:         0 kB
ShmemHugePages:        0 kB
ShmemPmdMapped:        0 kB
FileHugePages:         0 kB
FilePmdMapped:         0 kB
HugePages_Total:       0
HugePages_Free:        0
HugePages_Rsvd:        0
HugePages_Surp:        0
Hugepagesize:       2048 kB
Hugetlb:               0 kB
DirectMap4k:     2317120 kB
DirectMap2M:     5658624 kB
DirectMap1G:    58720256 kB

