MemTotal:       65439348 kB
MemFree:        63819888 kB
MemAvailable:   63877584 kB
Buffers:           52096 kB
Cached:           575528 kB
SwapCached:            0 kB
Active:           199380 kB
Inactive:         489784 kB
Active(anon):       3252 kB
Inactive(anon):    73772 kB
Active(file):     196128 kB
Inactive(file):   416012 kB
Unevictable:       19496 kB
Mlocked:           19496 kB
SwapTotal:       1996796 kB
SwapFree:        1996796 kB
Dirty:               720 kB
Writeback:             0 kB
AnonPages:         81036 kB
Mapped:            85260 kB
Shmem:              6376 kB
KReclaimable:      83736 kB
Slab:             318068 kB
SReclaimable:      83736 kB
SUnreclaim:       234332 kB
KernelStack:       10080 kB
PageTables:         2788 kB
NFS_Unstable:          0 kB
Bounce:                0 kB
WritebackTmp:          0 kB
CommitLimit:    34716468 kB
Committed_AS:     807648 kB
VmallocTotal:   34359738367 kB
VmallocUsed:       42728 kB
VmallocChunk:          0 kB
Percpu:           202560 kB
HardwareCorrupted:     0 kB
AnonHugePages:         0 kB
ShmemHugePages:        0 kB
ShmemPmdMapped:        0 kB
FileHugePages:         0 kB
FilePmdMapped:         0 kB
HugePages_Total:       0
HugePages_Free:        0
HugePages_Rsvd:        0
HugePages_Surp:        0
Hugepagesize:       2048 kB
Hugetlb:               0 kB
DirectMap4k:     2769728 kB
DirectMap2M:     5206016 kB
DirectMap1G:    58720256 kB

