MemTotal:       65439348 kB
MemFree:        63908212 kB
MemAvailable:   63920308 kB
Buffers:           46652 kB
Cached:           538024 kB
SwapCached:            0 kB
Active:           154956 kB
Inactive:         489900 kB
Active(anon):       3236 kB
Inactive(anon):    72420 kB
Active(file):     151720 kB
Inactive(file):   417480 kB
Unevictable:       19496 kB
Mlocked:           19496 kB
SwapTotal:       1996796 kB
SwapFree:        1996796 kB
Dirty:               744 kB
Writeback:             0 kB
AnonPages:         80180 kB
Mapped:            81808 kB
Shmem:              6376 kB
KReclaimable:      78412 kB
Slab:             308340 kB
SReclaimable:      78412 kB
SUnreclaim:       229928 kB
KernelStack:       10032 kB
PageTables:         2444 kB
NFS_Unstable:          0 kB
Bounce:                0 kB
WritebackTmp:          0 kB
CommitLimit:    34716468 kB
Committed_AS:     799204 kB
VmallocTotal:   34359738367 kB
VmallocUsed:       41164 kB
VmallocChunk:          0 kB
Percpu:           163392 kB
HardwareCorrupted:     0 kB
AnonHugePages:         0 kB
ShmemHugePages:        0 kB
ShmemPmdMapped:        0 kB
FileHugePages:         0 kB
FilePmdMapped:         0 kB
HugePages_Total:       0
HugePages_Free:        0
HugePages_Rsvd:        0
HugePages_Surp:        0
Hugepagesize:       2048 kB
Hugetlb:               0 kB
DirectMap4k:     2726720 kB
DirectMap2M:     5249024 kB
DirectMap1G:    58720256 kB

