MemTotal:       65439348 kB
MemFree:        64275636 kB
MemAvailable:   64002092 kB
Buffers:           36776 kB
Cached:           267824 kB
SwapCached:            0 kB
Active:           129548 kB
Inactive:         236292 kB
Active(anon):       3212 kB
Inactive(anon):    73552 kB
Active(file):     126336 kB
Inactive(file):   162740 kB
Unevictable:       19496 kB
Mlocked:           19496 kB
SwapTotal:       1996796 kB
SwapFree:        1996796 kB
Dirty:               668 kB
Writeback:             0 kB
AnonPages:         80884 kB
Mapped:            76068 kB
Shmem:              6376 kB
KReclaimable:      67380 kB
Slab:             291004 kB
SReclaimable:      67380 kB
SUnreclaim:       223624 kB
KernelStack:       10128 kB
PageTables:         2544 kB
NFS_Unstable:          0 kB
Bounce:                0 kB
WritebackTmp:          0 kB
CommitLimit:    34716468 kB
Committed_AS:     790356 kB
VmallocTotal:   34359738367 kB
VmallocUsed:       38356 kB
VmallocChunk:          0 kB
Percpu:            96576 kB
HardwareCorrupted:     0 kB
AnonHugePages:         0 kB
ShmemHugePages:        0 kB
ShmemPmdMapped:        0 kB
FileHugePages:         0 kB
FilePmdMapped:         0 kB
HugePages_Total:       0
HugePages_Free:        0
HugePages_Rsvd:        0
HugePages_Surp:        0
Hugepagesize:       2048 kB
Hugetlb:               0 kB
DirectMap4k:     2386752 kB
DirectMap2M:     5588992 kB
DirectMap1G:    58720256 kB

