MemTotal:       65439348 kB
MemFree:        64291900 kB
MemAvailable:   64007124 kB
Buffers:           35392 kB
Cached:           258688 kB
SwapCached:            0 kB
Active:           128168 kB
Inactive:         226564 kB
Active(anon):       3212 kB
Inactive(anon):    72948 kB
Active(file):     124956 kB
Inactive(file):   153616 kB
Unevictable:       19496 kB
Mlocked:           19496 kB
SwapTotal:       1996796 kB
SwapFree:        1996796 kB
Dirty:               560 kB
Writeback:             0 kB
AnonPages:         80176 kB
Mapped:            75324 kB
Shmem:              6376 kB
KReclaimable:      65924 kB
Slab:             287580 kB
SReclaimable:      65924 kB
SUnreclaim:       221656 kB
KernelStack:       10048 kB
PageTables:         2612 kB
NFS_Unstable:          0 kB
Bounce:                0 kB
WritebackTmp:          0 kB
CommitLimit:    34716468 kB
Committed_AS:     790616 kB
VmallocTotal:   34359738367 kB
VmallocUsed:       38548 kB
VmallocChunk:          0 kB
Percpu:            96576 kB
HardwareCorrupted:     0 kB
AnonHugePages:         0 kB
ShmemHugePages:        0 kB
ShmemPmdMapped:        0 kB
FileHugePages:         0 kB
FilePmdMapped:         0 kB
HugePages_Total:       0
HugePages_Free:        0
HugePages_Rsvd:        0
HugePages_Surp:        0
Hugepagesize:       2048 kB
Hugetlb:               0 kB
DirectMap4k:     2241344 kB
DirectMap2M:     5734400 kB
DirectMap1G:    58720256 kB

