MemTotal:       65439348 kB
MemFree:        63863432 kB
MemAvailable:   63899420 kB
Buffers:           49356 kB
Cached:           557924 kB
SwapCached:            0 kB
Active:           157828 kB
Inactive:         510124 kB
Active(anon):       3256 kB
Inactive(anon):    72908 kB
Active(file):     154572 kB
Inactive(file):   437216 kB
Unevictable:       19496 kB
Mlocked:           19496 kB
SwapTotal:       1996796 kB
SwapFree:        1996796 kB
Dirty:               952 kB
Writeback:             0 kB
AnonPages:         80380 kB
Mapped:            83424 kB
Shmem:              6372 kB
KReclaimable:      81020 kB
Slab:             313080 kB
SReclaimable:      81020 kB
SUnreclaim:       232060 kB
KernelStack:       10064 kB
PageTables:         2656 kB
NFS_Unstable:          0 kB
Bounce:                0 kB
WritebackTmp:          0 kB
CommitLimit:    34716468 kB
Committed_AS:     799200 kB
VmallocTotal:   34359738367 kB
VmallocUsed:       41568 kB
VmallocChunk:          0 kB
Percpu:           183360 kB
HardwareCorrupted:     0 kB
AnonHugePages:         0 kB
ShmemHugePages:        0 kB
ShmemPmdMapped:        0 kB
FileHugePages:         0 kB
FilePmdMapped:         0 kB
HugePages_Total:       0
HugePages_Free:        0
HugePages_Rsvd:        0
HugePages_Surp:        0
Hugepagesize:       2048 kB
Hugetlb:               0 kB
DirectMap4k:     2749248 kB
DirectMap2M:     5226496 kB
DirectMap1G:    58720256 kB

