MemTotal:       65439348 kB
MemFree:        63735968 kB
MemAvailable:   63828576 kB
Buffers:           56496 kB
Cached:           604184 kB
SwapCached:            0 kB
Active:           204468 kB
Inactive:         523228 kB
Active(anon):       3252 kB
Inactive(anon):    79256 kB
Active(file):     201216 kB
Inactive(file):   443972 kB
Unevictable:       19496 kB
Mlocked:           19496 kB
SwapTotal:       1996796 kB
SwapFree:        1996796 kB
Dirty:               772 kB
Writeback:             0 kB
AnonPages:         86548 kB
Mapped:            97280 kB
Shmem:              6384 kB
KReclaimable:      87460 kB
Slab:             325180 kB
SReclaimable:      87460 kB
SUnreclaim:       237720 kB
KernelStack:       10144 kB
PageTables:         2932 kB
NFS_Unstable:          0 kB
Bounce:                0 kB
WritebackTmp:          0 kB
CommitLimit:    34716468 kB
Committed_AS:     854036 kB
VmallocTotal:   34359738367 kB
VmallocUsed:       44024 kB
VmallocChunk:          0 kB
Percpu:           234048 kB
HardwareCorrupted:     0 kB
AnonHugePages:         0 kB
ShmemHugePages:        0 kB
ShmemPmdMapped:        0 kB
FileHugePages:         0 kB
FilePmdMapped:         0 kB
HugePages_Total:       0
HugePages_Free:        0
HugePages_Rsvd:        0
HugePages_Surp:        0
Hugepagesize:       2048 kB
Hugetlb:               0 kB
DirectMap4k:     2810688 kB
DirectMap2M:     5165056 kB
DirectMap1G:    58720256 kB

