MemTotal:       65439348 kB
MemFree:        63806344 kB
MemAvailable:   63868720 kB
Buffers:           52608 kB
Cached:           579436 kB
SwapCached:            0 kB
Active:           199876 kB
Inactive:         493044 kB
Active(anon):       3256 kB
Inactive(anon):    73124 kB
Active(file):     196620 kB
Inactive(file):   419920 kB
Unevictable:       19496 kB
Mlocked:           19496 kB
SwapTotal:       1996796 kB
SwapFree:        1996796 kB
Dirty:               712 kB
Writeback:             0 kB
AnonPages:         81008 kB
Mapped:            85260 kB
Shmem:              6376 kB
KReclaimable:      84296 kB
Slab:             318664 kB
SReclaimable:      84296 kB
SUnreclaim:       234368 kB
KernelStack:       10096 kB
PageTables:         2648 kB
NFS_Unstable:          0 kB
Bounce:                0 kB
WritebackTmp:          0 kB
CommitLimit:    34716468 kB
Committed_AS:     807652 kB
VmallocTotal:   34359738367 kB
VmallocUsed:       42728 kB
VmallocChunk:          0 kB
Percpu:           206784 kB
HardwareCorrupted:     0 kB
AnonHugePages:         0 kB
ShmemHugePages:        0 kB
ShmemPmdMapped:        0 kB
FileHugePages:         0 kB
FilePmdMapped:         0 kB
HugePages_Total:       0
HugePages_Free:        0
HugePages_Rsvd:        0
HugePages_Surp:        0
Hugepagesize:       2048 kB
Hugetlb:               0 kB
DirectMap4k:     2773824 kB
DirectMap2M:     5201920 kB
DirectMap1G:    58720256 kB

