MemTotal:       65439348 kB
MemFree:        63920616 kB
MemAvailable:   63926988 kB
Buffers:           45944 kB
Cached:           533296 kB
SwapCached:            0 kB
Active:           154244 kB
Inactive:         487204 kB
Active(anon):       3232 kB
Inactive(anon):    74452 kB
Active(file):     151012 kB
Inactive(file):   412752 kB
Unevictable:       19496 kB
Mlocked:           19496 kB
SwapTotal:       1996796 kB
SwapFree:        1996796 kB
Dirty:               892 kB
Writeback:             0 kB
AnonPages:         81304 kB
Mapped:            81700 kB
Shmem:              6376 kB
KReclaimable:      77836 kB
Slab:             306628 kB
SReclaimable:      77836 kB
SUnreclaim:       228792 kB
KernelStack:       10272 kB
PageTables:         2940 kB
NFS_Unstable:          0 kB
Bounce:                0 kB
WritebackTmp:          0 kB
CommitLimit:    34716468 kB
Committed_AS:     799204 kB
VmallocTotal:   34359738367 kB
VmallocUsed:       41224 kB
VmallocChunk:          0 kB
Percpu:           158592 kB
HardwareCorrupted:     0 kB
AnonHugePages:         0 kB
ShmemHugePages:        0 kB
ShmemPmdMapped:        0 kB
FileHugePages:         0 kB
FilePmdMapped:         0 kB
HugePages_Total:       0
HugePages_Free:        0
HugePages_Rsvd:        0
HugePages_Surp:        0
Hugepagesize:       2048 kB
Hugetlb:               0 kB
DirectMap4k:     2720576 kB
DirectMap2M:     5255168 kB
DirectMap1G:    58720256 kB

