MemTotal:       65439348 kB
MemFree:        63724004 kB
MemAvailable:   63822960 kB
Buffers:           57280 kB
Cached:           609412 kB
SwapCached:            0 kB
Active:           205244 kB
Inactive:         528076 kB
Active(anon):       3252 kB
Inactive(anon):    78872 kB
Active(file):     201992 kB
Inactive(file):   449204 kB
Unevictable:       19496 kB
Mlocked:           19496 kB
SwapTotal:       1996796 kB
SwapFree:        1996796 kB
Dirty:               744 kB
Writeback:             0 kB
AnonPages:         86692 kB
Mapped:            96728 kB
Shmem:              6380 kB
KReclaimable:      88140 kB
Slab:             325512 kB
SReclaimable:      88140 kB
SUnreclaim:       237372 kB
KernelStack:       10144 kB
PageTables:         2796 kB
NFS_Unstable:          0 kB
Bounce:                0 kB
WritebackTmp:          0 kB
CommitLimit:    34716468 kB
Committed_AS:     854040 kB
VmallocTotal:   34359738367 kB
VmallocUsed:       44572 kB
VmallocChunk:          0 kB
Percpu:           239424 kB
HardwareCorrupted:     0 kB
AnonHugePages:         0 kB
ShmemHugePages:        0 kB
ShmemPmdMapped:        0 kB
FileHugePages:         0 kB
FilePmdMapped:         0 kB
HugePages_Total:       0
HugePages_Free:        0
HugePages_Rsvd:        0
HugePages_Surp:        0
Hugepagesize:       2048 kB
Hugetlb:               0 kB
DirectMap4k:     2818880 kB
DirectMap2M:     5156864 kB
DirectMap1G:    58720256 kB

