MemTotal:       65439348 kB
MemFree:        63839380 kB
MemAvailable:   63886880 kB
Buffers:           50892 kB
Cached:           567088 kB
SwapCached:            0 kB
Active:           198176 kB
Inactive:         480576 kB
Active(anon):       3244 kB
Inactive(anon):    73004 kB
Active(file):     194932 kB
Inactive(file):   407572 kB
Unevictable:       19496 kB
Mlocked:           19496 kB
SwapTotal:       1996796 kB
SwapFree:        1996796 kB
Dirty:               708 kB
Writeback:             0 kB
AnonPages:         80340 kB
Mapped:            83908 kB
Shmem:              6376 kB
KReclaimable:      82616 kB
Slab:             313900 kB
SReclaimable:      82616 kB
SUnreclaim:       231284 kB
KernelStack:       10064 kB
PageTables:         2480 kB
NFS_Unstable:          0 kB
Bounce:                0 kB
WritebackTmp:          0 kB
CommitLimit:    34716468 kB
Committed_AS:     807396 kB
VmallocTotal:   34359738367 kB
VmallocUsed:       42244 kB
VmallocChunk:          0 kB
Percpu:           193536 kB
HardwareCorrupted:     0 kB
AnonHugePages:         0 kB
ShmemHugePages:        0 kB
ShmemPmdMapped:        0 kB
FileHugePages:         0 kB
FilePmdMapped:         0 kB
HugePages_Total:       0
HugePages_Free:        0
HugePages_Rsvd:        0
HugePages_Surp:        0
Hugepagesize:       2048 kB
Hugetlb:               0 kB
DirectMap4k:     2759488 kB
DirectMap2M:     5216256 kB
DirectMap1G:    58720256 kB

