MemTotal:       65439348 kB
MemFree:        63900620 kB
MemAvailable:   63916448 kB
Buffers:           47108 kB
Cached:           541088 kB
SwapCached:            0 kB
Active:           155424 kB
Inactive:         493600 kB
Active(anon):       3248 kB
Inactive(anon):    73060 kB
Active(file):     152176 kB
Inactive(file):   420540 kB
Unevictable:       19496 kB
Mlocked:           19496 kB
SwapTotal:       1996796 kB
SwapFree:        1996796 kB
Dirty:               620 kB
Writeback:             0 kB
AnonPages:         80720 kB
Mapped:            82556 kB
Shmem:              6380 kB
KReclaimable:      78848 kB
Slab:             309396 kB
SReclaimable:      78848 kB
SUnreclaim:       230548 kB
KernelStack:       10192 kB
PageTables:         2524 kB
NFS_Unstable:          0 kB
Bounce:                0 kB
WritebackTmp:          0 kB
CommitLimit:    34716468 kB
Committed_AS:     799204 kB
VmallocTotal:   34359738367 kB
VmallocUsed:       41228 kB
VmallocChunk:          0 kB
Percpu:           167040 kB
HardwareCorrupted:     0 kB
AnonHugePages:         0 kB
ShmemHugePages:        0 kB
ShmemPmdMapped:        0 kB
FileHugePages:         0 kB
FilePmdMapped:         0 kB
HugePages_Total:       0
HugePages_Free:        0
HugePages_Rsvd:        0
HugePages_Surp:        0
Hugepagesize:       2048 kB
Hugetlb:               0 kB
DirectMap4k:     2730816 kB
DirectMap2M:     5244928 kB
DirectMap1G:    58720256 kB

