MemTotal:       65439348 kB
MemFree:        64226188 kB
MemAvailable:   63980120 kB
Buffers:           40036 kB
Cached:           290700 kB
SwapCached:            0 kB
Active:           133760 kB
Inactive:         257404 kB
Active(anon):       3220 kB
Inactive(anon):    72684 kB
Active(file):     130540 kB
Inactive(file):   184720 kB
Unevictable:       19496 kB
Mlocked:           19496 kB
SwapTotal:       1996796 kB
SwapFree:        1996796 kB
Dirty:               864 kB
Writeback:             0 kB
AnonPages:         79964 kB
Mapped:            77960 kB
Shmem:              6376 kB
KReclaimable:      69964 kB
Slab:             294980 kB
SReclaimable:      69964 kB
SUnreclaim:       225016 kB
KernelStack:       10016 kB
PageTables:         2332 kB
NFS_Unstable:          0 kB
Bounce:                0 kB
WritebackTmp:          0 kB
CommitLimit:    34716468 kB
Committed_AS:     790360 kB
VmallocTotal:   34359738367 kB
VmallocUsed:       38984 kB
VmallocChunk:          0 kB
Percpu:           118848 kB
HardwareCorrupted:     0 kB
AnonHugePages:         0 kB
ShmemHugePages:        0 kB
ShmemPmdMapped:        0 kB
FileHugePages:         0 kB
FilePmdMapped:         0 kB
HugePages_Total:       0
HugePages_Free:        0
HugePages_Rsvd:        0
HugePages_Surp:        0
Hugepagesize:       2048 kB
Hugetlb:               0 kB
DirectMap4k:     2665280 kB
DirectMap2M:     5310464 kB
DirectMap1G:    58720256 kB

