MemTotal:       65439348 kB
MemFree:        64136444 kB
MemAvailable:   63935724 kB
Buffers:           44380 kB
Cached:           329692 kB
SwapCached:            0 kB
Active:           140128 kB
Inactive:         300220 kB
Active(anon):       3252 kB
Inactive(anon):    78508 kB
Active(file):     136876 kB
Inactive(file):   221712 kB
Unevictable:       19496 kB
Mlocked:           19496 kB
SwapTotal:       1996796 kB
SwapFree:        1996796 kB
Dirty:               900 kB
Writeback:             0 kB
AnonPages:         85784 kB
Mapped:            89540 kB
Shmem:              6380 kB
KReclaimable:      74008 kB
Slab:             302472 kB
SReclaimable:      74008 kB
SUnreclaim:       228464 kB
KernelStack:       10080 kB
PageTables:         2456 kB
NFS_Unstable:          0 kB
Bounce:                0 kB
WritebackTmp:          0 kB
CommitLimit:    34716468 kB
Committed_AS:     838260 kB
VmallocTotal:   34359738367 kB
VmallocUsed:       40780 kB
VmallocChunk:          0 kB
Percpu:           147264 kB
HardwareCorrupted:     0 kB
AnonHugePages:         0 kB
ShmemHugePages:        0 kB
ShmemPmdMapped:        0 kB
FileHugePages:         0 kB
FilePmdMapped:         0 kB
HugePages_Total:       0
HugePages_Free:        0
HugePages_Rsvd:        0
HugePages_Surp:        0
Hugepagesize:       2048 kB
Hugetlb:               0 kB
DirectMap4k:     2706240 kB
DirectMap2M:     5269504 kB
DirectMap1G:    58720256 kB

