MemTotal:       65439348 kB
MemFree:        64258808 kB
MemAvailable:   63995640 kB
Buffers:           38096 kB
Cached:           276436 kB
SwapCached:            0 kB
Active:           130912 kB
Inactive:         243752 kB
Active(anon):       3216 kB
Inactive(anon):    72392 kB
Active(file):     127696 kB
Inactive(file):   171360 kB
Unevictable:       19496 kB
Mlocked:           19496 kB
SwapTotal:       1996796 kB
SwapFree:        1996796 kB
Dirty:               104 kB
Writeback:             0 kB
AnonPages:         79708 kB
Mapped:            76800 kB
Shmem:              6376 kB
KReclaimable:      68172 kB
Slab:             291788 kB
SReclaimable:      68172 kB
SUnreclaim:       223616 kB
KernelStack:       10000 kB
PageTables:         2400 kB
NFS_Unstable:          0 kB
Bounce:                0 kB
WritebackTmp:          0 kB
CommitLimit:    34716468 kB
Committed_AS:     790616 kB
VmallocTotal:   34359738367 kB
VmallocUsed:       38484 kB
VmallocChunk:          0 kB
Percpu:           104448 kB
HardwareCorrupted:     0 kB
AnonHugePages:         0 kB
ShmemHugePages:        0 kB
ShmemPmdMapped:        0 kB
FileHugePages:         0 kB
FilePmdMapped:         0 kB
HugePages_Total:       0
HugePages_Free:        0
HugePages_Rsvd:        0
HugePages_Surp:        0
Hugepagesize:       2048 kB
Hugetlb:               0 kB
DirectMap4k:     2526016 kB
DirectMap2M:     5449728 kB
DirectMap1G:    58720256 kB

