MemTotal:       65439348 kB
MemFree:        63921424 kB
MemAvailable:   63926792 kB
Buffers:           45812 kB
Cached:           532480 kB
SwapCached:            0 kB
Active:           154120 kB
Inactive:         484688 kB
Active(anon):       3240 kB
Inactive(anon):    72752 kB
Active(file):     150880 kB
Inactive(file):   411936 kB
Unevictable:       19496 kB
Mlocked:           19496 kB
SwapTotal:       1996796 kB
SwapFree:        1996796 kB
Dirty:               640 kB
Writeback:             0 kB
AnonPages:         80104 kB
Mapped:            81540 kB
Shmem:              6376 kB
KReclaimable:      77728 kB
Slab:             307092 kB
SReclaimable:      77728 kB
SUnreclaim:       229364 kB
KernelStack:       10064 kB
PageTables:         2380 kB
NFS_Unstable:          0 kB
Bounce:                0 kB
WritebackTmp:          0 kB
CommitLimit:    34716468 kB
Committed_AS:     799204 kB
VmallocTotal:   34359738367 kB
VmallocUsed:       40628 kB
VmallocChunk:          0 kB
Percpu:           157440 kB
HardwareCorrupted:     0 kB
AnonHugePages:         0 kB
ShmemHugePages:        0 kB
ShmemPmdMapped:        0 kB
FileHugePages:         0 kB
FilePmdMapped:         0 kB
HugePages_Total:       0
HugePages_Free:        0
HugePages_Rsvd:        0
HugePages_Surp:        0
Hugepagesize:       2048 kB
Hugetlb:               0 kB
DirectMap4k:     2720576 kB
DirectMap2M:     5255168 kB
DirectMap1G:    58720256 kB

