MemTotal:       65439348 kB
MemFree:        63882500 kB
MemAvailable:   63906880 kB
Buffers:           48040 kB
Cached:           548300 kB
SwapCached:            0 kB
Active:           156364 kB
Inactive:         501552 kB
Active(anon):       3256 kB
Inactive(anon):    73796 kB
Active(file):     153108 kB
Inactive(file):   427756 kB
Unevictable:       19496 kB
Mlocked:           19496 kB
SwapTotal:       1996796 kB
SwapFree:        1996796 kB
Dirty:               612 kB
Writeback:             0 kB
AnonPages:         81200 kB
Mapped:            83096 kB
Shmem:              6376 kB
KReclaimable:      79656 kB
Slab:             309764 kB
SReclaimable:      79656 kB
SUnreclaim:       230108 kB
KernelStack:       10240 kB
PageTables:         2844 kB
NFS_Unstable:          0 kB
Bounce:                0 kB
WritebackTmp:          0 kB
CommitLimit:    34716468 kB
Committed_AS:     799200 kB
VmallocTotal:   34359738367 kB
VmallocUsed:       41632 kB
VmallocChunk:          0 kB
Percpu:           174912 kB
HardwareCorrupted:     0 kB
AnonHugePages:         0 kB
ShmemHugePages:        0 kB
ShmemPmdMapped:        0 kB
FileHugePages:         0 kB
FilePmdMapped:         0 kB
HugePages_Total:       0
HugePages_Free:        0
HugePages_Rsvd:        0
HugePages_Surp:        0
Hugepagesize:       2048 kB
Hugetlb:               0 kB
DirectMap4k:     2739008 kB
DirectMap2M:     5236736 kB
DirectMap1G:    58720256 kB

