MemTotal:       65439348 kB
MemFree:        64252028 kB
MemAvailable:   63992456 kB
Buffers:           38508 kB
Cached:           279488 kB
SwapCached:            0 kB
Active:           131328 kB
Inactive:         246876 kB
Active(anon):       3216 kB
Inactive(anon):    72472 kB
Active(file):     128112 kB
Inactive(file):   174404 kB
Unevictable:       19496 kB
Mlocked:           19496 kB
SwapTotal:       1996796 kB
SwapFree:        1996796 kB
Dirty:               680 kB
Writeback:             0 kB
AnonPages:         79772 kB
Mapped:            77116 kB
Shmem:              6376 kB
KReclaimable:      68444 kB
Slab:             291692 kB
SReclaimable:      68444 kB
SUnreclaim:       223248 kB
KernelStack:       10048 kB
PageTables:         2412 kB
NFS_Unstable:          0 kB
Bounce:                0 kB
WritebackTmp:          0 kB
CommitLimit:    34716468 kB
Committed_AS:     790616 kB
VmallocTotal:   34359738367 kB
VmallocUsed:       39016 kB
VmallocChunk:          0 kB
Percpu:           107328 kB
HardwareCorrupted:     0 kB
AnonHugePages:         0 kB
ShmemHugePages:        0 kB
ShmemPmdMapped:        0 kB
FileHugePages:         0 kB
FilePmdMapped:         0 kB
HugePages_Total:       0
HugePages_Free:        0
HugePages_Rsvd:        0
HugePages_Surp:        0
Hugepagesize:       2048 kB
Hugetlb:               0 kB
DirectMap4k:     2575168 kB
DirectMap2M:     5400576 kB
DirectMap1G:    58720256 kB

