MemTotal:       65439348 kB
MemFree:        63697812 kB
MemAvailable:   63810924 kB
Buffers:           58916 kB
Cached:           621108 kB
SwapCached:            0 kB
Active:           211820 kB
Inactive:         529244 kB
Active(anon):       3232 kB
Inactive(anon):    73284 kB
Active(file):     208588 kB
Inactive(file):   455960 kB
Unevictable:       19496 kB
Mlocked:           19496 kB
SwapTotal:       1996796 kB
SwapFree:        1996796 kB
Dirty:               716 kB
Writeback:             0 kB
AnonPages:         80456 kB
Mapped:            88364 kB
Shmem:              6376 kB
KReclaimable:      89748 kB
Slab:             328968 kB
SReclaimable:      89748 kB
SUnreclaim:       239220 kB
KernelStack:        9904 kB
PageTables:         2420 kB
NFS_Unstable:          0 kB
Bounce:                0 kB
WritebackTmp:          0 kB
CommitLimit:    34716468 kB
Committed_AS:     807652 kB
VmallocTotal:   34359738367 kB
VmallocUsed:       44824 kB
VmallocChunk:          0 kB
Percpu:           252672 kB
HardwareCorrupted:     0 kB
AnonHugePages:         0 kB
ShmemHugePages:        0 kB
ShmemPmdMapped:        0 kB
FileHugePages:         0 kB
FilePmdMapped:         0 kB
HugePages_Total:       0
HugePages_Free:        0
HugePages_Rsvd:        0
HugePages_Surp:        0
Hugepagesize:       2048 kB
Hugetlb:               0 kB
DirectMap4k:     2833216 kB
DirectMap2M:     5142528 kB
DirectMap1G:    58720256 kB

