MemTotal:       65439348 kB
MemFree:        64228048 kB
MemAvailable:   63981540 kB
Buffers:           39988 kB
Cached:           290368 kB
SwapCached:            0 kB
Active:           133696 kB
Inactive:         256900 kB
Active(anon):       3236 kB
Inactive(anon):    72488 kB
Active(file):     130460 kB
Inactive(file):   184412 kB
Unevictable:       19496 kB
Mlocked:           19496 kB
SwapTotal:       1996796 kB
SwapFree:        1996796 kB
Dirty:               148 kB
Writeback:             0 kB
AnonPages:         79720 kB
Mapped:            77784 kB
Shmem:              6376 kB
KReclaimable:      69860 kB
Slab:             294716 kB
SReclaimable:      69860 kB
SUnreclaim:       224856 kB
KernelStack:        9936 kB
PageTables:         2396 kB
NFS_Unstable:          0 kB
Bounce:                0 kB
WritebackTmp:          0 kB
CommitLimit:    34716468 kB
Committed_AS:     790752 kB
VmallocTotal:   34359738367 kB
VmallocUsed:       38952 kB
VmallocChunk:          0 kB
Percpu:           118272 kB
HardwareCorrupted:     0 kB
AnonHugePages:         0 kB
ShmemHugePages:        0 kB
ShmemPmdMapped:        0 kB
FileHugePages:         0 kB
FilePmdMapped:         0 kB
HugePages_Total:       0
HugePages_Free:        0
HugePages_Rsvd:        0
HugePages_Surp:        0
Hugepagesize:       2048 kB
Hugetlb:               0 kB
DirectMap4k:     2665280 kB
DirectMap2M:     5310464 kB
DirectMap1G:    58720256 kB

