MemTotal:       65439348 kB
MemFree:        64263240 kB
MemAvailable:   63996812 kB
Buffers:           37788 kB
Cached:           273596 kB
SwapCached:            0 kB
Active:           130616 kB
Inactive:         242964 kB
Active(anon):       3220 kB
Inactive(anon):    74452 kB
Active(file):     127396 kB
Inactive(file):   168512 kB
Unevictable:       19496 kB
Mlocked:           19496 kB
SwapTotal:       1996796 kB
SwapFree:        1996796 kB
Dirty:               680 kB
Writeback:             0 kB
AnonPages:         81328 kB
Mapped:            77444 kB
Shmem:              6376 kB
KReclaimable:      67948 kB
Slab:             291264 kB
SReclaimable:      67948 kB
SUnreclaim:       223316 kB
KernelStack:       10128 kB
PageTables:         2844 kB
NFS_Unstable:          0 kB
Bounce:                0 kB
WritebackTmp:          0 kB
CommitLimit:    34716468 kB
Committed_AS:     790360 kB
VmallocTotal:   34359738367 kB
VmallocUsed:       38500 kB
VmallocChunk:          0 kB
Percpu:           101952 kB
HardwareCorrupted:     0 kB
AnonHugePages:         0 kB
ShmemHugePages:        0 kB
ShmemPmdMapped:        0 kB
FileHugePages:         0 kB
FilePmdMapped:         0 kB
HugePages_Total:       0
HugePages_Free:        0
HugePages_Rsvd:        0
HugePages_Surp:        0
Hugepagesize:       2048 kB
Hugetlb:               0 kB
DirectMap4k:     2480960 kB
DirectMap2M:     5494784 kB
DirectMap1G:    58720256 kB

