MemTotal:       65439348 kB
MemFree:        64285732 kB
MemAvailable:   64008148 kB
Buffers:           36288 kB
Cached:           264588 kB
SwapCached:            0 kB
Active:           129100 kB
Inactive:         231872 kB
Active(anon):       3216 kB
Inactive(anon):    72364 kB
Active(file):     125884 kB
Inactive(file):   159508 kB
Unevictable:       19496 kB
Mlocked:           19496 kB
SwapTotal:       1996796 kB
SwapFree:        1996796 kB
Dirty:               156 kB
Writeback:             0 kB
AnonPages:         79656 kB
Mapped:            75480 kB
Shmem:              6376 kB
KReclaimable:      66668 kB
Slab:             288352 kB
SReclaimable:      66668 kB
SUnreclaim:       221684 kB
KernelStack:       10000 kB
PageTables:         2392 kB
NFS_Unstable:          0 kB
Bounce:                0 kB
WritebackTmp:          0 kB
CommitLimit:    34716468 kB
Committed_AS:     790612 kB
VmallocTotal:   34359738367 kB
VmallocUsed:       38500 kB
VmallocChunk:          0 kB
Percpu:            96576 kB
HardwareCorrupted:     0 kB
AnonHugePages:         0 kB
ShmemHugePages:        0 kB
ShmemPmdMapped:        0 kB
FileHugePages:         0 kB
FilePmdMapped:         0 kB
HugePages_Total:       0
HugePages_Free:        0
HugePages_Rsvd:        0
HugePages_Surp:        0
Hugepagesize:       2048 kB
Hugetlb:               0 kB
DirectMap4k:     2337600 kB
DirectMap2M:     5638144 kB
DirectMap1G:    58720256 kB

