MemTotal:       65439348 kB
MemFree:        64277028 kB
MemAvailable:   64002548 kB
Buffers:           36648 kB
Cached:           267064 kB
SwapCached:            0 kB
Active:           129472 kB
Inactive:         234520 kB
Active(anon):       3224 kB
Inactive(anon):    72540 kB
Active(file):     126248 kB
Inactive(file):   161980 kB
Unevictable:       19496 kB
Mlocked:           19496 kB
SwapTotal:       1996796 kB
SwapFree:        1996796 kB
Dirty:               736 kB
Writeback:             0 kB
AnonPages:         79832 kB
Mapped:            75788 kB
Shmem:              6376 kB
KReclaimable:      67208 kB
Slab:             290068 kB
SReclaimable:      67208 kB
SUnreclaim:       222860 kB
KernelStack:       10080 kB
PageTables:         2464 kB
NFS_Unstable:          0 kB
Bounce:                0 kB
WritebackTmp:          0 kB
CommitLimit:    34716468 kB
Committed_AS:     790612 kB
VmallocTotal:   34359738367 kB
VmallocUsed:       38516 kB
VmallocChunk:          0 kB
Percpu:            96576 kB
HardwareCorrupted:     0 kB
AnonHugePages:         0 kB
ShmemHugePages:        0 kB
ShmemPmdMapped:        0 kB
FileHugePages:         0 kB
FilePmdMapped:         0 kB
HugePages_Total:       0
HugePages_Free:        0
HugePages_Rsvd:        0
HugePages_Surp:        0
Hugepagesize:       2048 kB
Hugetlb:               0 kB
DirectMap4k:     2374464 kB
DirectMap2M:     5601280 kB
DirectMap1G:    58720256 kB

