MemTotal:       65439348 kB
MemFree:        64287920 kB
MemAvailable:   64006988 kB
Buffers:           35872 kB
Cached:           261816 kB
SwapCached:            0 kB
Active:           128708 kB
Inactive:         230916 kB
Active(anon):       3232 kB
Inactive(anon):    74180 kB
Active(file):     125476 kB
Inactive(file):   156736 kB
Unevictable:       19496 kB
Mlocked:           19496 kB
SwapTotal:       1996796 kB
SwapFree:        1996796 kB
Dirty:               668 kB
Writeback:             0 kB
AnonPages:         81984 kB
Mapped:            76424 kB
Shmem:              6376 kB
KReclaimable:      66332 kB
Slab:             288532 kB
SReclaimable:      66332 kB
SUnreclaim:       222200 kB
KernelStack:       10240 kB
PageTables:         2532 kB
NFS_Unstable:          0 kB
Bounce:                0 kB
WritebackTmp:          0 kB
CommitLimit:    34716468 kB
Committed_AS:     790352 kB
VmallocTotal:   34359738367 kB
VmallocUsed:       38548 kB
VmallocChunk:          0 kB
Percpu:            96576 kB
HardwareCorrupted:     0 kB
AnonHugePages:         0 kB
ShmemHugePages:        0 kB
ShmemPmdMapped:        0 kB
FileHugePages:         0 kB
FilePmdMapped:         0 kB
HugePages_Total:       0
HugePages_Free:        0
HugePages_Rsvd:        0
HugePages_Surp:        0
Hugepagesize:       2048 kB
Hugetlb:               0 kB
DirectMap4k:     2292544 kB
DirectMap2M:     5683200 kB
DirectMap1G:    58720256 kB

