MemTotal:       65439348 kB
MemFree:        64288036 kB
MemAvailable:   64006436 kB
Buffers:           35792 kB
Cached:           261288 kB
SwapCached:            0 kB
Active:           128584 kB
Inactive:         228672 kB
Active(anon):       3212 kB
Inactive(anon):    72464 kB
Active(file):     125372 kB
Inactive(file):   156208 kB
Unevictable:       19496 kB
Mlocked:           19496 kB
SwapTotal:       1996796 kB
SwapFree:        1996796 kB
Dirty:               184 kB
Writeback:             0 kB
AnonPages:         79776 kB
Mapped:            75296 kB
Shmem:              6376 kB
KReclaimable:      66264 kB
Slab:             289048 kB
SReclaimable:      66264 kB
SUnreclaim:       222784 kB
KernelStack:       10016 kB
PageTables:         2392 kB
NFS_Unstable:          0 kB
Bounce:                0 kB
WritebackTmp:          0 kB
CommitLimit:    34716468 kB
Committed_AS:     790608 kB
VmallocTotal:   34359738367 kB
VmallocUsed:       38484 kB
VmallocChunk:          0 kB
Percpu:            96576 kB
HardwareCorrupted:     0 kB
AnonHugePages:         0 kB
ShmemHugePages:        0 kB
ShmemPmdMapped:        0 kB
FileHugePages:         0 kB
FilePmdMapped:         0 kB
HugePages_Total:       0
HugePages_Free:        0
HugePages_Rsvd:        0
HugePages_Surp:        0
Hugepagesize:       2048 kB
Hugetlb:               0 kB
DirectMap4k:     2282304 kB
DirectMap2M:     5693440 kB
DirectMap1G:    58720256 kB

