MemTotal:       65439348 kB
MemFree:        63852400 kB
MemAvailable:   63891976 kB
Buffers:           49828 kB
Cached:           560704 kB
SwapCached:            0 kB
Active:           197108 kB
Inactive:         475676 kB
Active(anon):       3256 kB
Inactive(anon):    74488 kB
Active(file):     193852 kB
Inactive(file):   401188 kB
Unevictable:       19496 kB
Mlocked:           19496 kB
SwapTotal:       1996796 kB
SwapFree:        1996796 kB
Dirty:               612 kB
Writeback:             0 kB
AnonPages:         81480 kB
Mapped:            83636 kB
Shmem:              6376 kB
KReclaimable:      81692 kB
Slab:             313392 kB
SReclaimable:      81692 kB
SUnreclaim:       231700 kB
KernelStack:       10064 kB
PageTables:         2712 kB
NFS_Unstable:          0 kB
Bounce:                0 kB
WritebackTmp:          0 kB
CommitLimit:    34716468 kB
Committed_AS:     799208 kB
VmallocTotal:   34359738367 kB
VmallocUsed:       42132 kB
VmallocChunk:          0 kB
Percpu:           186432 kB
HardwareCorrupted:     0 kB
AnonHugePages:         0 kB
ShmemHugePages:        0 kB
ShmemPmdMapped:        0 kB
FileHugePages:         0 kB
FilePmdMapped:         0 kB
HugePages_Total:       0
HugePages_Free:        0
HugePages_Rsvd:        0
HugePages_Surp:        0
Hugepagesize:       2048 kB
Hugetlb:               0 kB
DirectMap4k:     2753344 kB
DirectMap2M:     5222400 kB
DirectMap1G:    58720256 kB

