MemTotal:       65439348 kB
MemFree:        63793112 kB
MemAvailable:   63863336 kB
Buffers:           53496 kB
Cached:           585984 kB
SwapCached:            0 kB
Active:           200744 kB
Inactive:         499908 kB
Active(anon):       3244 kB
Inactive(anon):    73428 kB
Active(file):     197500 kB
Inactive(file):   426480 kB
Unevictable:       19496 kB
Mlocked:           19496 kB
SwapTotal:       1996796 kB
SwapFree:        1996796 kB
Dirty:               764 kB
Writeback:            40 kB
AnonPages:         79784 kB
Mapped:            85292 kB
Shmem:              6376 kB
KReclaimable:      85112 kB
Slab:             319564 kB
SReclaimable:      85112 kB
SUnreclaim:       234452 kB
KernelStack:       10192 kB
PageTables:         2264 kB
NFS_Unstable:          0 kB
Bounce:                0 kB
WritebackTmp:          0 kB
CommitLimit:    34716468 kB
Committed_AS:     807648 kB
VmallocTotal:   34359738367 kB
VmallocUsed:       43276 kB
VmallocChunk:          0 kB
Percpu:           214080 kB
HardwareCorrupted:     0 kB
AnonHugePages:         0 kB
ShmemHugePages:        0 kB
ShmemPmdMapped:        0 kB
FileHugePages:         0 kB
FilePmdMapped:         0 kB
HugePages_Total:       0
HugePages_Free:        0
HugePages_Rsvd:        0
HugePages_Surp:        0
Hugepagesize:       2048 kB
Hugetlb:               0 kB
DirectMap4k:     2786112 kB
DirectMap2M:     5189632 kB
DirectMap1G:    58720256 kB

