MemTotal:       65439348 kB
MemFree:        63929552 kB
MemAvailable:   63931308 kB
Buffers:           45408 kB
Cached:           529464 kB
SwapCached:            0 kB
Active:           153708 kB
Inactive:         481540 kB
Active(anon):       3244 kB
Inactive(anon):    72612 kB
Active(file):     150464 kB
Inactive(file):   408928 kB
Unevictable:       19496 kB
Mlocked:           19496 kB
SwapTotal:       1996796 kB
SwapFree:        1996796 kB
Dirty:               584 kB
Writeback:             0 kB
AnonPages:         79972 kB
Mapped:            81128 kB
Shmem:              6376 kB
KReclaimable:      77348 kB
Slab:             306628 kB
SReclaimable:      77348 kB
SUnreclaim:       229280 kB
KernelStack:       10000 kB
PageTables:         2424 kB
NFS_Unstable:          0 kB
Bounce:                0 kB
WritebackTmp:          0 kB
CommitLimit:    34716468 kB
Committed_AS:     791400 kB
VmallocTotal:   34359738367 kB
VmallocUsed:       40548 kB
VmallocChunk:          0 kB
Percpu:           154368 kB
HardwareCorrupted:     0 kB
AnonHugePages:         0 kB
ShmemHugePages:        0 kB
ShmemPmdMapped:        0 kB
FileHugePages:         0 kB
FilePmdMapped:         0 kB
HugePages_Total:       0
HugePages_Free:        0
HugePages_Rsvd:        0
HugePages_Surp:        0
Hugepagesize:       2048 kB
Hugetlb:               0 kB
DirectMap4k:     2716480 kB
DirectMap2M:     5259264 kB
DirectMap1G:    58720256 kB

