MemTotal:       65439348 kB
MemFree:        64283268 kB
MemAvailable:   64004380 kB
Buffers:           36112 kB
Cached:           263532 kB
SwapCached:            0 kB
Active:           128924 kB
Inactive:         230836 kB
Active(anon):       3216 kB
Inactive(anon):    72388 kB
Active(file):     125708 kB
Inactive(file):   158448 kB
Unevictable:       19496 kB
Mlocked:           19496 kB
SwapTotal:       1996796 kB
SwapFree:        1996796 kB
Dirty:               752 kB
Writeback:             0 kB
AnonPages:         79692 kB
Mapped:            75336 kB
Shmem:              6376 kB
KReclaimable:      66532 kB
Slab:             289088 kB
SReclaimable:      66532 kB
SUnreclaim:       222556 kB
KernelStack:       10048 kB
PageTables:         2388 kB
NFS_Unstable:          0 kB
Bounce:                0 kB
WritebackTmp:          0 kB
CommitLimit:    34716468 kB
Committed_AS:     790616 kB
VmallocTotal:   34359738367 kB
VmallocUsed:       38580 kB
VmallocChunk:          0 kB
Percpu:            96576 kB
HardwareCorrupted:     0 kB
AnonHugePages:         0 kB
ShmemHugePages:        0 kB
ShmemPmdMapped:        0 kB
FileHugePages:         0 kB
FilePmdMapped:         0 kB
HugePages_Total:       0
HugePages_Free:        0
HugePages_Rsvd:        0
HugePages_Surp:        0
Hugepagesize:       2048 kB
Hugetlb:               0 kB
DirectMap4k:     2319168 kB
DirectMap2M:     5656576 kB
DirectMap1G:    58720256 kB

