MemTotal:       65439348 kB
MemFree:        64185552 kB
MemAvailable:   63961628 kB
Buffers:           41532 kB
Cached:           310664 kB
SwapCached:            0 kB
Active:           136972 kB
Inactive:         282668 kB
Active(anon):       3252 kB
Inactive(anon):    79672 kB
Active(file):     133720 kB
Inactive(file):   202996 kB
Unevictable:       19496 kB
Mlocked:           19496 kB
SwapTotal:       1996796 kB
SwapFree:        1996796 kB
Dirty:               620 kB
Writeback:             0 kB
AnonPages:         86988 kB
Mapped:            88256 kB
Shmem:              6380 kB
KReclaimable:      71340 kB
Slab:             296704 kB
SReclaimable:      71340 kB
SUnreclaim:       225364 kB
KernelStack:       10192 kB
PageTables:         3040 kB
NFS_Unstable:          0 kB
Bounce:                0 kB
WritebackTmp:          0 kB
CommitLimit:    34716468 kB
Committed_AS:     837612 kB
VmallocTotal:   34359738367 kB
VmallocUsed:       39716 kB
VmallocChunk:          0 kB
Percpu:           126144 kB
HardwareCorrupted:     0 kB
AnonHugePages:         0 kB
ShmemHugePages:        0 kB
ShmemPmdMapped:        0 kB
FileHugePages:         0 kB
FilePmdMapped:         0 kB
HugePages_Total:       0
HugePages_Free:        0
HugePages_Rsvd:        0
HugePages_Surp:        0
Hugepagesize:       2048 kB
Hugetlb:               0 kB
DirectMap4k:     2675520 kB
DirectMap2M:     5300224 kB
DirectMap1G:    58720256 kB

