MemTotal:       65439348 kB
MemFree:        63893380 kB
MemAvailable:   63912744 kB
Buffers:           47508 kB
Cached:           544048 kB
SwapCached:            0 kB
Active:           155836 kB
Inactive:         496748 kB
Active(anon):       3260 kB
Inactive(anon):    73248 kB
Active(file):     152576 kB
Inactive(file):   423500 kB
Unevictable:       19496 kB
Mlocked:           19496 kB
SwapTotal:       1996796 kB
SwapFree:        1996796 kB
Dirty:               868 kB
Writeback:             0 kB
AnonPages:         81096 kB
Mapped:            82500 kB
Shmem:              6380 kB
KReclaimable:      79200 kB
Slab:             308808 kB
SReclaimable:      79200 kB
SUnreclaim:       229608 kB
KernelStack:       10128 kB
PageTables:         2280 kB
NFS_Unstable:          0 kB
Bounce:                0 kB
WritebackTmp:          0 kB
CommitLimit:    34716468 kB
Committed_AS:     799204 kB
VmallocTotal:   34359738367 kB
VmallocUsed:       41244 kB
VmallocChunk:          0 kB
Percpu:           170688 kB
HardwareCorrupted:     0 kB
AnonHugePages:         0 kB
ShmemHugePages:        0 kB
ShmemPmdMapped:        0 kB
FileHugePages:         0 kB
FilePmdMapped:         0 kB
HugePages_Total:       0
HugePages_Free:        0
HugePages_Rsvd:        0
HugePages_Surp:        0
Hugepagesize:       2048 kB
Hugetlb:               0 kB
DirectMap4k:     2734912 kB
DirectMap2M:     5240832 kB
DirectMap1G:    58720256 kB

