MemTotal:       65439348 kB
MemFree:        63867132 kB
MemAvailable:   63900428 kB
Buffers:           48972 kB
Cached:           555732 kB
SwapCached:            0 kB
Active:           157444 kB
Inactive:         507788 kB
Active(anon):       3244 kB
Inactive(anon):    72768 kB
Active(file):     154200 kB
Inactive(file):   435020 kB
Unevictable:       19496 kB
Mlocked:           19496 kB
SwapTotal:       1996796 kB
SwapFree:        1996796 kB
Dirty:               184 kB
Writeback:             0 kB
AnonPages:         80084 kB
Mapped:            83072 kB
Shmem:              6376 kB
KReclaimable:      80772 kB
Slab:             311532 kB
SReclaimable:      80772 kB
SUnreclaim:       230760 kB
KernelStack:       10016 kB
PageTables:         2440 kB
NFS_Unstable:          0 kB
Bounce:                0 kB
WritebackTmp:          0 kB
CommitLimit:    34716468 kB
Committed_AS:     799588 kB
VmallocTotal:   34359738367 kB
VmallocUsed:       41664 kB
VmallocChunk:          0 kB
Percpu:           180864 kB
HardwareCorrupted:     0 kB
AnonHugePages:         0 kB
ShmemHugePages:        0 kB
ShmemPmdMapped:        0 kB
FileHugePages:         0 kB
FilePmdMapped:         0 kB
HugePages_Total:       0
HugePages_Free:        0
HugePages_Rsvd:        0
HugePages_Surp:        0
Hugepagesize:       2048 kB
Hugetlb:               0 kB
DirectMap4k:     2747200 kB
DirectMap2M:     5228544 kB
DirectMap1G:    58720256 kB

