MemTotal:       65439348 kB
MemFree:        64263444 kB
MemAvailable:   63997636 kB
Buffers:           37856 kB
Cached:           274176 kB
SwapCached:            0 kB
Active:           130652 kB
Inactive:         245032 kB
Active(anon):       3220 kB
Inactive(anon):    75968 kB
Active(file):     127432 kB
Inactive(file):   169064 kB
Unevictable:       19496 kB
Mlocked:           19496 kB
SwapTotal:       1996796 kB
SwapFree:        1996796 kB
Dirty:               788 kB
Writeback:             0 kB
AnonPages:         82876 kB
Mapped:            76624 kB
Shmem:              6376 kB
KReclaimable:      68012 kB
Slab:             291808 kB
SReclaimable:      68012 kB
SUnreclaim:       223796 kB
KernelStack:       10096 kB
PageTables:         2412 kB
NFS_Unstable:          0 kB
Bounce:                0 kB
WritebackTmp:          0 kB
CommitLimit:    34716468 kB
Committed_AS:     790356 kB
VmallocTotal:   34359738367 kB
VmallocUsed:       38372 kB
VmallocChunk:          0 kB
Percpu:           102528 kB
HardwareCorrupted:     0 kB
AnonHugePages:         0 kB
ShmemHugePages:        0 kB
ShmemPmdMapped:        0 kB
FileHugePages:         0 kB
FilePmdMapped:         0 kB
HugePages_Total:       0
HugePages_Free:        0
HugePages_Rsvd:        0
HugePages_Surp:        0
Hugepagesize:       2048 kB
Hugetlb:               0 kB
DirectMap4k:     2491200 kB
DirectMap2M:     5484544 kB
DirectMap1G:    58720256 kB

