MemTotal:       65439348 kB
MemFree:        64290916 kB
MemAvailable:   64009184 kB
Buffers:           35768 kB
Cached:           261172 kB
SwapCached:            0 kB
Active:           128568 kB
Inactive:         228572 kB
Active(anon):       3212 kB
Inactive(anon):    72480 kB
Active(file):     125356 kB
Inactive(file):   156092 kB
Unevictable:       19496 kB
Mlocked:           19496 kB
SwapTotal:       1996796 kB
SwapFree:        1996796 kB
Dirty:               148 kB
Writeback:             0 kB
AnonPages:         79784 kB
Mapped:            75224 kB
Shmem:              6376 kB
KReclaimable:      66264 kB
Slab:             288684 kB
SReclaimable:      66264 kB
SUnreclaim:       222420 kB
KernelStack:       10000 kB
PageTables:         2396 kB
NFS_Unstable:          0 kB
Bounce:                0 kB
WritebackTmp:          0 kB
CommitLimit:    34716468 kB
Committed_AS:     790608 kB
VmallocTotal:   34359738367 kB
VmallocUsed:       38436 kB
VmallocChunk:          0 kB
Percpu:            96576 kB
HardwareCorrupted:     0 kB
AnonHugePages:         0 kB
ShmemHugePages:        0 kB
ShmemPmdMapped:        0 kB
FileHugePages:         0 kB
FilePmdMapped:         0 kB
HugePages_Total:       0
HugePages_Free:        0
HugePages_Rsvd:        0
HugePages_Surp:        0
Hugepagesize:       2048 kB
Hugetlb:               0 kB
DirectMap4k:     2280256 kB
DirectMap2M:     5695488 kB
DirectMap1G:    58720256 kB

