MemTotal:       65439348 kB
MemFree:        63754540 kB
MemAvailable:   63838584 kB
Buffers:           55348 kB
Cached:           597228 kB
SwapCached:            0 kB
Active:           203324 kB
Inactive:         516056 kB
Active(anon):       3264 kB
Inactive(anon):    79036 kB
Active(file):     200060 kB
Inactive(file):   437020 kB
Unevictable:       19496 kB
Mlocked:           19496 kB
SwapTotal:       1996796 kB
SwapFree:        1996796 kB
Dirty:               652 kB
Writeback:             0 kB
AnonPages:         86444 kB
Mapped:            96216 kB
Shmem:              6380 kB
KReclaimable:      86548 kB
Slab:             323172 kB
SReclaimable:      86548 kB
SUnreclaim:       236624 kB
KernelStack:       10160 kB
PageTables:         2684 kB
NFS_Unstable:          0 kB
Bounce:                0 kB
WritebackTmp:          0 kB
CommitLimit:    34716468 kB
Committed_AS:     854036 kB
VmallocTotal:   34359738367 kB
VmallocUsed:       44008 kB
VmallocChunk:          0 kB
Percpu:           226176 kB
HardwareCorrupted:     0 kB
AnonHugePages:         0 kB
ShmemHugePages:        0 kB
ShmemPmdMapped:        0 kB
FileHugePages:         0 kB
FilePmdMapped:         0 kB
HugePages_Total:       0
HugePages_Free:        0
HugePages_Rsvd:        0
HugePages_Surp:        0
Hugepagesize:       2048 kB
Hugetlb:               0 kB
DirectMap4k:     2802496 kB
DirectMap2M:     5173248 kB
DirectMap1G:    58720256 kB

