MemTotal:       65439348 kB
MemFree:        63763936 kB
MemAvailable:   63844420 kB
Buffers:           54928 kB
Cached:           594360 kB
SwapCached:            0 kB
Active:           202864 kB
Inactive:         513888 kB
Active(anon):       3252 kB
Inactive(anon):    79772 kB
Active(file):     199612 kB
Inactive(file):   434116 kB
Unevictable:       19496 kB
Mlocked:           19496 kB
SwapTotal:       1996796 kB
SwapFree:        1996796 kB
Dirty:               776 kB
Writeback:             0 kB
AnonPages:         87544 kB
Mapped:            96048 kB
Shmem:              6380 kB
KReclaimable:      86136 kB
Slab:             321752 kB
SReclaimable:      86136 kB
SUnreclaim:       235616 kB
KernelStack:       10192 kB
PageTables:         3168 kB
NFS_Unstable:          0 kB
Bounce:                0 kB
WritebackTmp:          0 kB
CommitLimit:    34716468 kB
Committed_AS:     854036 kB
VmallocTotal:   34359738367 kB
VmallocUsed:       43880 kB
VmallocChunk:          0 kB
Percpu:           223104 kB
HardwareCorrupted:     0 kB
AnonHugePages:         0 kB
ShmemHugePages:        0 kB
ShmemPmdMapped:        0 kB
FileHugePages:         0 kB
FilePmdMapped:         0 kB
HugePages_Total:       0
HugePages_Free:        0
HugePages_Rsvd:        0
HugePages_Surp:        0
Hugepagesize:       2048 kB
Hugetlb:               0 kB
DirectMap4k:     2796352 kB
DirectMap2M:     5179392 kB
DirectMap1G:    58720256 kB

