MemTotal:       65439348 kB
MemFree:        63815512 kB
MemAvailable:   63854004 kB
Buffers:           49644 kB
Cached:           559880 kB
SwapCached:            0 kB
Active:           196888 kB
Inactive:         511724 kB
Active(anon):       3264 kB
Inactive(anon):   111308 kB
Active(file):     193624 kB
Inactive(file):   400416 kB
Unevictable:       19496 kB
Mlocked:           19496 kB
SwapTotal:       1996796 kB
SwapFree:        1996796 kB
Dirty:               108 kB
Writeback:             0 kB
AnonPages:        118648 kB
Mapped:           124140 kB
Shmem:              6384 kB
KReclaimable:      81528 kB
Slab:             313152 kB
SReclaimable:      81528 kB
SUnreclaim:       231624 kB
KernelStack:       10160 kB
PageTables:         2904 kB
NFS_Unstable:          0 kB
Bounce:                0 kB
WritebackTmp:          0 kB
CommitLimit:    34716468 kB
Committed_AS:     897152 kB
VmallocTotal:   34359738367 kB
VmallocUsed:       42356 kB
VmallocChunk:          0 kB
Percpu:           185856 kB
HardwareCorrupted:     0 kB
AnonHugePages:         0 kB
ShmemHugePages:        0 kB
ShmemPmdMapped:        0 kB
FileHugePages:         0 kB
FilePmdMapped:         0 kB
HugePages_Total:       0
HugePages_Free:        0
HugePages_Rsvd:        0
HugePages_Surp:        0
Hugepagesize:       2048 kB
Hugetlb:               0 kB
DirectMap4k:     2753344 kB
DirectMap2M:     5222400 kB
DirectMap1G:    58720256 kB

