MemTotal:       65439348 kB
MemFree:        64189748 kB
MemAvailable:   63964196 kB
Buffers:           41320 kB
Cached:           309372 kB
SwapCached:            0 kB
Active:           136756 kB
Inactive:         280328 kB
Active(anon):       3248 kB
Inactive(anon):    78624 kB
Active(file):     133508 kB
Inactive(file):   201704 kB
Unevictable:       19496 kB
Mlocked:           19496 kB
SwapTotal:       1996796 kB
SwapFree:        1996796 kB
Dirty:               784 kB
Writeback:             0 kB
AnonPages:         85916 kB
Mapped:            88488 kB
Shmem:              6380 kB
KReclaimable:      71092 kB
Slab:             296268 kB
SReclaimable:      71092 kB
SUnreclaim:       225176 kB
KernelStack:       10144 kB
PageTables:         2676 kB
NFS_Unstable:          0 kB
Bounce:                0 kB
WritebackTmp:          0 kB
CommitLimit:    34716468 kB
Committed_AS:     837616 kB
VmallocTotal:   34359738367 kB
VmallocUsed:       39604 kB
VmallocChunk:          0 kB
Percpu:           124416 kB
HardwareCorrupted:     0 kB
AnonHugePages:         0 kB
ShmemHugePages:        0 kB
ShmemPmdMapped:        0 kB
FileHugePages:         0 kB
FilePmdMapped:         0 kB
HugePages_Total:       0
HugePages_Free:        0
HugePages_Rsvd:        0
HugePages_Surp:        0
Hugepagesize:       2048 kB
Hugetlb:               0 kB
DirectMap4k:     2673472 kB
DirectMap2M:     5302272 kB
DirectMap1G:    58720256 kB

