MemTotal:       65439348 kB
MemFree:        64283316 kB
MemAvailable:   64005292 kB
Buffers:           36232 kB
Cached:           264232 kB
SwapCached:            0 kB
Active:           129028 kB
Inactive:         231512 kB
Active(anon):       3216 kB
Inactive(anon):    72360 kB
Active(file):     125812 kB
Inactive(file):   159152 kB
Unevictable:       19496 kB
Mlocked:           19496 kB
SwapTotal:       1996796 kB
SwapFree:        1996796 kB
Dirty:               740 kB
Writeback:             0 kB
AnonPages:         79664 kB
Mapped:            75488 kB
Shmem:              6376 kB
KReclaimable:      66648 kB
Slab:             288792 kB
SReclaimable:      66648 kB
SUnreclaim:       222144 kB
KernelStack:       10032 kB
PageTables:         2400 kB
NFS_Unstable:          0 kB
Bounce:                0 kB
WritebackTmp:          0 kB
CommitLimit:    34716468 kB
Committed_AS:     790744 kB
VmallocTotal:   34359738367 kB
VmallocUsed:       38500 kB
VmallocChunk:          0 kB
Percpu:            96576 kB
HardwareCorrupted:     0 kB
AnonHugePages:         0 kB
ShmemHugePages:        0 kB
ShmemPmdMapped:        0 kB
FileHugePages:         0 kB
FilePmdMapped:         0 kB
HugePages_Total:       0
HugePages_Free:        0
HugePages_Rsvd:        0
HugePages_Surp:        0
Hugepagesize:       2048 kB
Hugetlb:               0 kB
DirectMap4k:     2331456 kB
DirectMap2M:     5644288 kB
DirectMap1G:    58720256 kB

