MemTotal:       65439348 kB
MemFree:        64282100 kB
MemAvailable:   64004580 kB
Buffers:           36304 kB
Cached:           264636 kB
SwapCached:            0 kB
Active:           129112 kB
Inactive:         233760 kB
Active(anon):       3212 kB
Inactive(anon):    74204 kB
Active(file):     125900 kB
Inactive(file):   159556 kB
Unevictable:       19496 kB
Mlocked:           19496 kB
SwapTotal:       1996796 kB
SwapFree:        1996796 kB
Dirty:               672 kB
Writeback:             0 kB
AnonPages:         81828 kB
Mapped:            76212 kB
Shmem:              6376 kB
KReclaimable:      66672 kB
Slab:             288364 kB
SReclaimable:      66672 kB
SUnreclaim:       221692 kB
KernelStack:        9984 kB
PageTables:         2368 kB
NFS_Unstable:          0 kB
Bounce:                0 kB
WritebackTmp:          0 kB
CommitLimit:    34716468 kB
Committed_AS:     790612 kB
VmallocTotal:   34359738367 kB
VmallocUsed:       38548 kB
VmallocChunk:          0 kB
Percpu:            96576 kB
HardwareCorrupted:     0 kB
AnonHugePages:         0 kB
ShmemHugePages:        0 kB
ShmemPmdMapped:        0 kB
FileHugePages:         0 kB
FilePmdMapped:         0 kB
HugePages_Total:       0
HugePages_Free:        0
HugePages_Rsvd:        0
HugePages_Surp:        0
Hugepagesize:       2048 kB
Hugetlb:               0 kB
DirectMap4k:     2339648 kB
DirectMap2M:     5636096 kB
DirectMap1G:    58720256 kB

