MemTotal:       65439348 kB
MemFree:        63841756 kB
MemAvailable:   63886748 kB
Buffers:           50572 kB
Cached:           565084 kB
SwapCached:            0 kB
Active:           197820 kB
Inactive:         479056 kB
Active(anon):       3224 kB
Inactive(anon):    73492 kB
Active(file):     194596 kB
Inactive(file):   405564 kB
Unevictable:       19496 kB
Mlocked:           19496 kB
SwapTotal:       1996796 kB
SwapFree:        1996796 kB
Dirty:               680 kB
Writeback:             0 kB
AnonPages:         80788 kB
Mapped:            83580 kB
Shmem:              6380 kB
KReclaimable:      82284 kB
Slab:             314076 kB
SReclaimable:      82284 kB
SUnreclaim:       231792 kB
KernelStack:        9984 kB
PageTables:         2540 kB
NFS_Unstable:          0 kB
Bounce:                0 kB
WritebackTmp:          0 kB
CommitLimit:    34716468 kB
Committed_AS:     807392 kB
VmallocTotal:   34359738367 kB
VmallocUsed:       42180 kB
VmallocChunk:          0 kB
Percpu:           191232 kB
HardwareCorrupted:     0 kB
AnonHugePages:         0 kB
ShmemHugePages:        0 kB
ShmemPmdMapped:        0 kB
FileHugePages:         0 kB
FilePmdMapped:         0 kB
HugePages_Total:       0
HugePages_Free:        0
HugePages_Rsvd:        0
HugePages_Surp:        0
Hugepagesize:       2048 kB
Hugetlb:               0 kB
DirectMap4k:     2757440 kB
DirectMap2M:     5218304 kB
DirectMap1G:    58720256 kB

