MemTotal:       65439348 kB
MemFree:        64154988 kB
MemAvailable:   63944768 kB
Buffers:           43236 kB
Cached:           321988 kB
SwapCached:            0 kB
Active:           138992 kB
Inactive:         293072 kB
Active(anon):       3248 kB
Inactive(anon):    79076 kB
Active(file):     135744 kB
Inactive(file):   213996 kB
Unevictable:       19496 kB
Mlocked:           19496 kB
SwapTotal:       1996796 kB
SwapFree:        1996796 kB
Dirty:               992 kB
Writeback:             0 kB
AnonPages:         86604 kB
Mapped:            89072 kB
Shmem:              6376 kB
KReclaimable:      72700 kB
Slab:             300312 kB
SReclaimable:      72700 kB
SUnreclaim:       227612 kB
KernelStack:       10192 kB
PageTables:         2900 kB
NFS_Unstable:          0 kB
Bounce:                0 kB
WritebackTmp:          0 kB
CommitLimit:    34716468 kB
Committed_AS:     837872 kB
VmallocTotal:   34359738367 kB
VmallocUsed:       40232 kB
VmallocChunk:          0 kB
Percpu:           138240 kB
HardwareCorrupted:     0 kB
AnonHugePages:         0 kB
ShmemHugePages:        0 kB
ShmemPmdMapped:        0 kB
FileHugePages:         0 kB
FilePmdMapped:         0 kB
HugePages_Total:       0
HugePages_Free:        0
HugePages_Rsvd:        0
HugePages_Surp:        0
Hugepagesize:       2048 kB
Hugetlb:               0 kB
DirectMap4k:     2696000 kB
DirectMap2M:     5279744 kB
DirectMap1G:    58720256 kB

