MemTotal:       65439348 kB
MemFree:        63906760 kB
MemAvailable:   63920572 kB
Buffers:           46888 kB
Cached:           539436 kB
SwapCached:            0 kB
Active:           155196 kB
Inactive:         492888 kB
Active(anon):       3240 kB
Inactive(anon):    74000 kB
Active(file):     151956 kB
Inactive(file):   418888 kB
Unevictable:       19496 kB
Mlocked:           19496 kB
SwapTotal:       1996796 kB
SwapFree:        1996796 kB
Dirty:               644 kB
Writeback:             0 kB
AnonPages:         81716 kB
Mapped:            81892 kB
Shmem:              6380 kB
KReclaimable:      78560 kB
Slab:             308676 kB
SReclaimable:      78560 kB
SUnreclaim:       230116 kB
KernelStack:        9888 kB
PageTables:         2184 kB
NFS_Unstable:          0 kB
Bounce:                0 kB
WritebackTmp:          0 kB
CommitLimit:    34716468 kB
Committed_AS:     799204 kB
VmallocTotal:   34359738367 kB
VmallocUsed:       41100 kB
VmallocChunk:          0 kB
Percpu:           165312 kB
HardwareCorrupted:     0 kB
AnonHugePages:         0 kB
ShmemHugePages:        0 kB
ShmemPmdMapped:        0 kB
FileHugePages:         0 kB
FilePmdMapped:         0 kB
HugePages_Total:       0
HugePages_Free:        0
HugePages_Rsvd:        0
HugePages_Surp:        0
Hugepagesize:       2048 kB
Hugetlb:               0 kB
DirectMap4k:     2728768 kB
DirectMap2M:     5246976 kB
DirectMap1G:    58720256 kB

