MemTotal:       65439348 kB
MemFree:        64291656 kB
MemAvailable:   64007464 kB
Buffers:           35472 kB
Cached:           259172 kB
SwapCached:            0 kB
Active:           128268 kB
Inactive:         226696 kB
Active(anon):       3216 kB
Inactive(anon):    72604 kB
Active(file):     125052 kB
Inactive(file):   154092 kB
Unevictable:       19496 kB
Mlocked:           19496 kB
SwapTotal:       1996796 kB
SwapFree:        1996796 kB
Dirty:               712 kB
Writeback:             0 kB
AnonPages:         79944 kB
Mapped:            75108 kB
Shmem:              6376 kB
KReclaimable:      65952 kB
Slab:             288204 kB
SReclaimable:      65952 kB
SUnreclaim:       222252 kB
KernelStack:        9968 kB
PageTables:         2400 kB
NFS_Unstable:          0 kB
Bounce:                0 kB
WritebackTmp:          0 kB
CommitLimit:    34716468 kB
Committed_AS:     790616 kB
VmallocTotal:   34359738367 kB
VmallocUsed:       38388 kB
VmallocChunk:          0 kB
Percpu:            96576 kB
HardwareCorrupted:     0 kB
AnonHugePages:         0 kB
ShmemHugePages:        0 kB
ShmemPmdMapped:        0 kB
FileHugePages:         0 kB
FilePmdMapped:         0 kB
HugePages_Total:       0
HugePages_Free:        0
HugePages_Rsvd:        0
HugePages_Surp:        0
Hugepagesize:       2048 kB
Hugetlb:               0 kB
DirectMap4k:     2249536 kB
DirectMap2M:     5726208 kB
DirectMap1G:    58720256 kB

