MemTotal:       65439348 kB
MemFree:        63849520 kB
MemAvailable:   63892008 kB
Buffers:           50204 kB
Cached:           563072 kB
SwapCached:            0 kB
Active:           197480 kB
Inactive:         477852 kB
Active(anon):       3248 kB
Inactive(anon):    74296 kB
Active(file):     194232 kB
Inactive(file):   403556 kB
Unevictable:       19496 kB
Mlocked:           19496 kB
SwapTotal:       1996796 kB
SwapFree:        1996796 kB
Dirty:               656 kB
Writeback:             0 kB
AnonPages:         81636 kB
Mapped:            84028 kB
Shmem:              6376 kB
KReclaimable:      82020 kB
Slab:             313248 kB
SReclaimable:      82020 kB
SUnreclaim:       231228 kB
KernelStack:        9920 kB
PageTables:         2428 kB
NFS_Unstable:          0 kB
Bounce:                0 kB
WritebackTmp:          0 kB
CommitLimit:    34716468 kB
Committed_AS:     799200 kB
VmallocTotal:   34359738367 kB
VmallocUsed:       42116 kB
VmallocChunk:          0 kB
Percpu:           188736 kB
HardwareCorrupted:     0 kB
AnonHugePages:         0 kB
ShmemHugePages:        0 kB
ShmemPmdMapped:        0 kB
FileHugePages:         0 kB
FilePmdMapped:         0 kB
HugePages_Total:       0
HugePages_Free:        0
HugePages_Rsvd:        0
HugePages_Surp:        0
Hugepagesize:       2048 kB
Hugetlb:               0 kB
DirectMap4k:     2755392 kB
DirectMap2M:     5220352 kB
DirectMap1G:    58720256 kB

