MemTotal:       65439348 kB
MemFree:        63893064 kB
MemAvailable:   63894364 kB
Buffers:           45344 kB
Cached:           529120 kB
SwapCached:            0 kB
Active:           152412 kB
Inactive:         520904 kB
Active(anon):       3264 kB
Inactive(anon):   111080 kB
Active(file):     149148 kB
Inactive(file):   409824 kB
Unevictable:       19496 kB
Mlocked:           19496 kB
SwapTotal:       1996796 kB
SwapFree:        1996796 kB
Dirty:               176 kB
Writeback:             0 kB
AnonPages:        118464 kB
Mapped:           121876 kB
Shmem:              6384 kB
KReclaimable:      77280 kB
Slab:             305900 kB
SReclaimable:      77280 kB
SUnreclaim:       228620 kB
KernelStack:       10096 kB
PageTables:         2888 kB
NFS_Unstable:          0 kB
Bounce:                0 kB
WritebackTmp:          0 kB
CommitLimit:    34716468 kB
Committed_AS:     888960 kB
VmallocTotal:   34359738367 kB
VmallocUsed:       40660 kB
VmallocChunk:          0 kB
Percpu:           153792 kB
HardwareCorrupted:     0 kB
AnonHugePages:         0 kB
ShmemHugePages:        0 kB
ShmemPmdMapped:        0 kB
FileHugePages:         0 kB
FilePmdMapped:         0 kB
HugePages_Total:       0
HugePages_Free:        0
HugePages_Rsvd:        0
HugePages_Surp:        0
Hugepagesize:       2048 kB
Hugetlb:               0 kB
DirectMap4k:     2714432 kB
DirectMap2M:     5261312 kB
DirectMap1G:    58720256 kB

