MemTotal:       65439348 kB
MemFree:        63780996 kB
MemAvailable:   63856036 kB
Buffers:           54252 kB
Cached:           589804 kB
SwapCached:            0 kB
Active:           201520 kB
Inactive:         505632 kB
Active(anon):       3256 kB
Inactive(anon):    75352 kB
Active(file):     198264 kB
Inactive(file):   430280 kB
Unevictable:       19496 kB
Mlocked:           19496 kB
SwapTotal:       1996796 kB
SwapFree:        1996796 kB
Dirty:               656 kB
Writeback:             0 kB
AnonPages:         82744 kB
Mapped:            86168 kB
Shmem:              6380 kB
KReclaimable:      85616 kB
Slab:             320252 kB
SReclaimable:      85616 kB
SUnreclaim:       234636 kB
KernelStack:       10192 kB
PageTables:         2532 kB
NFS_Unstable:          0 kB
Bounce:                0 kB
WritebackTmp:          0 kB
CommitLimit:    34716468 kB
Committed_AS:     807652 kB
VmallocTotal:   34359738367 kB
VmallocUsed:       43228 kB
VmallocChunk:          0 kB
Percpu:           218304 kB
HardwareCorrupted:     0 kB
AnonHugePages:         0 kB
ShmemHugePages:        0 kB
ShmemPmdMapped:        0 kB
FileHugePages:         0 kB
FilePmdMapped:         0 kB
HugePages_Total:       0
HugePages_Free:        0
HugePages_Rsvd:        0
HugePages_Surp:        0
Hugepagesize:       2048 kB
Hugetlb:               0 kB
DirectMap4k:     2790208 kB
DirectMap2M:     5185536 kB
DirectMap1G:    58720256 kB

