MemTotal:       65439348 kB
MemFree:        64220756 kB
MemAvailable:   63977288 kB
Buffers:           40368 kB
Cached:           292880 kB
SwapCached:            0 kB
Active:           134076 kB
Inactive:         259388 kB
Active(anon):       3224 kB
Inactive(anon):    72488 kB
Active(file):     130852 kB
Inactive(file):   186900 kB
Unevictable:       19496 kB
Mlocked:           19496 kB
SwapTotal:       1996796 kB
SwapFree:        1996796 kB
Dirty:               212 kB
Writeback:             0 kB
AnonPages:         79828 kB
Mapped:            78096 kB
Shmem:              6376 kB
KReclaimable:      70184 kB
Slab:             295000 kB
SReclaimable:      70184 kB
SUnreclaim:       224816 kB
KernelStack:       10032 kB
PageTables:         2408 kB
NFS_Unstable:          0 kB
Bounce:                0 kB
WritebackTmp:          0 kB
CommitLimit:    34716468 kB
Committed_AS:     790620 kB
VmallocTotal:   34359738367 kB
VmallocUsed:       39468 kB
VmallocChunk:          0 kB
Percpu:           121152 kB
HardwareCorrupted:     0 kB
AnonHugePages:         0 kB
ShmemHugePages:        0 kB
ShmemPmdMapped:        0 kB
FileHugePages:         0 kB
FilePmdMapped:         0 kB
HugePages_Total:       0
HugePages_Free:        0
HugePages_Rsvd:        0
HugePages_Surp:        0
Hugepagesize:       2048 kB
Hugetlb:               0 kB
DirectMap4k:     2671424 kB
DirectMap2M:     5304320 kB
DirectMap1G:    58720256 kB

