MemTotal:       65439348 kB
MemFree:        63821120 kB
MemAvailable:   63875580 kB
Buffers:           51696 kB
Cached:           572868 kB
SwapCached:            0 kB
Active:           198980 kB
Inactive:         487908 kB
Active(anon):       3244 kB
Inactive(anon):    74556 kB
Active(file):     195736 kB
Inactive(file):   413352 kB
Unevictable:       19496 kB
Mlocked:           19496 kB
SwapTotal:       1996796 kB
SwapFree:        1996796 kB
Dirty:               628 kB
Writeback:             0 kB
AnonPages:         81844 kB
Mapped:            85264 kB
Shmem:              6376 kB
KReclaimable:      83368 kB
Slab:             316440 kB
SReclaimable:      83368 kB
SUnreclaim:       233072 kB
KernelStack:       10112 kB
PageTables:         2396 kB
NFS_Unstable:          0 kB
Bounce:                0 kB
WritebackTmp:          0 kB
CommitLimit:    34716468 kB
Committed_AS:     807652 kB
VmallocTotal:   34359738367 kB
VmallocUsed:       42824 kB
VmallocChunk:          0 kB
Percpu:           200256 kB
HardwareCorrupted:     0 kB
AnonHugePages:         0 kB
ShmemHugePages:        0 kB
ShmemPmdMapped:        0 kB
FileHugePages:         0 kB
FilePmdMapped:         0 kB
HugePages_Total:       0
HugePages_Free:        0
HugePages_Rsvd:        0
HugePages_Surp:        0
Hugepagesize:       2048 kB
Hugetlb:               0 kB
DirectMap4k:     2769728 kB
DirectMap2M:     5206016 kB
DirectMap1G:    58720256 kB

