MemTotal:       65439348 kB
MemFree:        63797560 kB
MemAvailable:   63864516 kB
Buffers:           53088 kB
Cached:           583276 kB
SwapCached:            0 kB
Active:           200364 kB
Inactive:         496812 kB
Active(anon):       3240 kB
Inactive(anon):    73048 kB
Active(file):     197124 kB
Inactive(file):   423764 kB
Unevictable:       19496 kB
Mlocked:           19496 kB
SwapTotal:       1996796 kB
SwapFree:        1996796 kB
Dirty:               100 kB
Writeback:             0 kB
AnonPages:         80416 kB
Mapped:            85360 kB
Shmem:              6376 kB
KReclaimable:      84760 kB
Slab:             319144 kB
SReclaimable:      84760 kB
SUnreclaim:       234384 kB
KernelStack:       10032 kB
PageTables:         2448 kB
NFS_Unstable:          0 kB
Bounce:                0 kB
WritebackTmp:          0 kB
CommitLimit:    34716468 kB
Committed_AS:     808036 kB
VmallocTotal:   34359738367 kB
VmallocUsed:       43372 kB
VmallocChunk:          0 kB
Percpu:           211008 kB
HardwareCorrupted:     0 kB
AnonHugePages:         0 kB
ShmemHugePages:        0 kB
ShmemPmdMapped:        0 kB
FileHugePages:         0 kB
FilePmdMapped:         0 kB
HugePages_Total:       0
HugePages_Free:        0
HugePages_Rsvd:        0
HugePages_Surp:        0
Hugepagesize:       2048 kB
Hugetlb:               0 kB
DirectMap4k:     2782016 kB
DirectMap2M:     5193728 kB
DirectMap1G:    58720256 kB

