MemTotal:       65439348 kB
MemFree:        64140992 kB
MemAvailable:   63939040 kB
Buffers:           44224 kB
Cached:           328644 kB
SwapCached:            0 kB
Active:           139976 kB
Inactive:         299020 kB
Active(anon):       3248 kB
Inactive(anon):    78364 kB
Active(file):     136728 kB
Inactive(file):   220656 kB
Unevictable:       19496 kB
Mlocked:           19496 kB
SwapTotal:       1996796 kB
SwapFree:        1996796 kB
Dirty:               148 kB
Writeback:             0 kB
AnonPages:         85636 kB
Mapped:            89404 kB
Shmem:              6380 kB
KReclaimable:      73948 kB
Slab:             301924 kB
SReclaimable:      73948 kB
SUnreclaim:       227976 kB
KernelStack:       10112 kB
PageTables:         2580 kB
NFS_Unstable:          0 kB
Bounce:                0 kB
WritebackTmp:          0 kB
CommitLimit:    34716468 kB
Committed_AS:     838256 kB
VmallocTotal:   34359738367 kB
VmallocUsed:       40828 kB
VmallocChunk:          0 kB
Percpu:           146112 kB
HardwareCorrupted:     0 kB
AnonHugePages:         0 kB
ShmemHugePages:        0 kB
ShmemPmdMapped:        0 kB
FileHugePages:         0 kB
FilePmdMapped:         0 kB
HugePages_Total:       0
HugePages_Free:        0
HugePages_Rsvd:        0
HugePages_Surp:        0
Hugepagesize:       2048 kB
Hugetlb:               0 kB
DirectMap4k:     2706240 kB
DirectMap2M:     5269504 kB
DirectMap1G:    58720256 kB

