MemTotal:       65439348 kB
MemFree:        64322936 kB
MemAvailable:   64018992 kB
Buffers:           31072 kB
Cached:           247020 kB
SwapCached:            0 kB
Active:           122240 kB
Inactive:         216244 kB
Active(anon):       3224 kB
Inactive(anon):    72644 kB
Active(file):     119016 kB
Inactive(file):   143600 kB
Unevictable:       19496 kB
Mlocked:           19496 kB
SwapTotal:       1996796 kB
SwapFree:        1996796 kB
Dirty:               672 kB
Writeback:             0 kB
AnonPages:         80072 kB
Mapped:            74376 kB
Shmem:              6376 kB
KReclaimable:      56236 kB
Slab:             276448 kB
SReclaimable:      56236 kB
SUnreclaim:       220212 kB
KernelStack:        9968 kB
PageTables:         2476 kB
NFS_Unstable:          0 kB
Bounce:                0 kB
WritebackTmp:          0 kB
CommitLimit:    34716468 kB
Committed_AS:     790104 kB
VmallocTotal:   34359738367 kB
VmallocUsed:       38388 kB
VmallocChunk:          0 kB
Percpu:            96576 kB
HardwareCorrupted:     0 kB
AnonHugePages:         0 kB
ShmemHugePages:        0 kB
ShmemPmdMapped:        0 kB
FileHugePages:         0 kB
FilePmdMapped:         0 kB
HugePages_Total:       0
HugePages_Free:        0
HugePages_Rsvd:        0
HugePages_Surp:        0
Hugepagesize:       2048 kB
Hugetlb:               0 kB
DirectMap4k:     2093888 kB
DirectMap2M:     5881856 kB
DirectMap1G:    58720256 kB

