MemTotal:       65439348 kB
MemFree:        64221096 kB
MemAvailable:   63976612 kB
Buffers:           40244 kB
Cached:           291984 kB
SwapCached:            0 kB
Active:           133980 kB
Inactive:         260552 kB
Active(anon):       3240 kB
Inactive(anon):    74540 kB
Active(file):     130740 kB
Inactive(file):   186012 kB
Unevictable:       19496 kB
Mlocked:           19496 kB
SwapTotal:       1996796 kB
SwapFree:        1996796 kB
Dirty:               536 kB
Writeback:             0 kB
AnonPages:         81892 kB
Mapped:            77996 kB
Shmem:              6376 kB
KReclaimable:      70152 kB
Slab:             295228 kB
SReclaimable:      70152 kB
SUnreclaim:       225076 kB
KernelStack:       10192 kB
PageTables:         2360 kB
NFS_Unstable:          0 kB
Bounce:                0 kB
WritebackTmp:          0 kB
CommitLimit:    34716468 kB
Committed_AS:     790620 kB
VmallocTotal:   34359738367 kB
VmallocUsed:       39564 kB
VmallocChunk:          0 kB
Percpu:           120000 kB
HardwareCorrupted:     0 kB
AnonHugePages:         0 kB
ShmemHugePages:        0 kB
ShmemPmdMapped:        0 kB
FileHugePages:         0 kB
FilePmdMapped:         0 kB
HugePages_Total:       0
HugePages_Free:        0
HugePages_Rsvd:        0
HugePages_Surp:        0
Hugepagesize:       2048 kB
Hugetlb:               0 kB
DirectMap4k:     2669376 kB
DirectMap2M:     5306368 kB
DirectMap1G:    58720256 kB

