MemTotal:       65439348 kB
MemFree:        64267796 kB
MemAvailable:   63998756 kB
Buffers:           37368 kB
Cached:           271536 kB
SwapCached:            0 kB
Active:           130168 kB
Inactive:         238800 kB
Active(anon):       3216 kB
Inactive(anon):    72348 kB
Active(file):     126952 kB
Inactive(file):   166452 kB
Unevictable:       19496 kB
Mlocked:           19496 kB
SwapTotal:       1996796 kB
SwapFree:        1996796 kB
Dirty:                28 kB
Writeback:             0 kB
AnonPages:         79660 kB
Mapped:            75972 kB
Shmem:              6376 kB
KReclaimable:      67736 kB
Slab:             290264 kB
SReclaimable:      67736 kB
SUnreclaim:       222528 kB
KernelStack:       10000 kB
PageTables:         2388 kB
NFS_Unstable:          0 kB
Bounce:                0 kB
WritebackTmp:          0 kB
CommitLimit:    34716468 kB
Committed_AS:     790612 kB
VmallocTotal:   34359738367 kB
VmallocUsed:       38532 kB
VmallocChunk:          0 kB
Percpu:            99456 kB
HardwareCorrupted:     0 kB
AnonHugePages:         0 kB
ShmemHugePages:        0 kB
ShmemPmdMapped:        0 kB
FileHugePages:         0 kB
FilePmdMapped:         0 kB
HugePages_Total:       0
HugePages_Free:        0
HugePages_Rsvd:        0
HugePages_Surp:        0
Hugepagesize:       2048 kB
Hugetlb:               0 kB
DirectMap4k:     2448192 kB
DirectMap2M:     5527552 kB
DirectMap1G:    58720256 kB

