MemTotal:       65439348 kB
MemFree:        64282060 kB
MemAvailable:   64006108 kB
Buffers:           36488 kB
Cached:           265920 kB
SwapCached:            0 kB
Active:           129292 kB
Inactive:         234864 kB
Active(anon):       3216 kB
Inactive(anon):    74060 kB
Active(file):     126076 kB
Inactive(file):   160804 kB
Unevictable:       19496 kB
Mlocked:           19496 kB
SwapTotal:       1996796 kB
SwapFree:        1996796 kB
Dirty:               820 kB
Writeback:             0 kB
AnonPages:         81312 kB
Mapped:            75824 kB
Shmem:              6376 kB
KReclaimable:      66956 kB
Slab:             289464 kB
SReclaimable:      66956 kB
SUnreclaim:       222508 kB
KernelStack:       10032 kB
PageTables:         2264 kB
NFS_Unstable:          0 kB
Bounce:                0 kB
WritebackTmp:          0 kB
CommitLimit:    34716468 kB
Committed_AS:     790356 kB
VmallocTotal:   34359738367 kB
VmallocUsed:       38452 kB
VmallocChunk:          0 kB
Percpu:            96576 kB
HardwareCorrupted:     0 kB
AnonHugePages:         0 kB
ShmemHugePages:        0 kB
ShmemPmdMapped:        0 kB
FileHugePages:         0 kB
FilePmdMapped:         0 kB
HugePages_Total:       0
HugePages_Free:        0
HugePages_Rsvd:        0
HugePages_Surp:        0
Hugepagesize:       2048 kB
Hugetlb:               0 kB
DirectMap4k:     2356032 kB
DirectMap2M:     5619712 kB
DirectMap1G:    58720256 kB

