MemTotal:       65439348 kB
MemFree:        64159172 kB
MemAvailable:   63947680 kB
Buffers:           43068 kB
Cached:           320912 kB
SwapCached:            0 kB
Active:           138508 kB
Inactive:         294312 kB
Active(anon):       3252 kB
Inactive(anon):    81068 kB
Active(file):     135256 kB
Inactive(file):   213244 kB
Unevictable:       19496 kB
Mlocked:           19496 kB
SwapTotal:       1996796 kB
SwapFree:        1996796 kB
Dirty:               376 kB
Writeback:             0 kB
AnonPages:         88440 kB
Mapped:            89396 kB
Shmem:              6380 kB
KReclaimable:      72636 kB
Slab:             299792 kB
SReclaimable:      72636 kB
SUnreclaim:       227156 kB
KernelStack:       10352 kB
PageTables:         3040 kB
NFS_Unstable:          0 kB
Bounce:                0 kB
WritebackTmp:          0 kB
CommitLimit:    34716468 kB
Committed_AS:     837612 kB
VmallocTotal:   34359738367 kB
VmallocUsed:       40232 kB
VmallocChunk:          0 kB
Percpu:           137664 kB
HardwareCorrupted:     0 kB
AnonHugePages:         0 kB
ShmemHugePages:        0 kB
ShmemPmdMapped:        0 kB
FileHugePages:         0 kB
FilePmdMapped:         0 kB
HugePages_Total:       0
HugePages_Free:        0
HugePages_Rsvd:        0
HugePages_Surp:        0
Hugepagesize:       2048 kB
Hugetlb:               0 kB
DirectMap4k:     2696000 kB
DirectMap2M:     5279744 kB
DirectMap1G:    58720256 kB

