MemTotal:       65439348 kB
MemFree:        63759480 kB
MemAvailable:   63841308 kB
Buffers:           55076 kB
Cached:           595392 kB
SwapCached:            0 kB
Active:           203048 kB
Inactive:         513368 kB
Active(anon):       3248 kB
Inactive(anon):    78180 kB
Active(file):     199800 kB
Inactive(file):   435188 kB
Unevictable:       19496 kB
Mlocked:           19496 kB
SwapTotal:       1996796 kB
SwapFree:        1996796 kB
Dirty:               780 kB
Writeback:             0 kB
AnonPages:         85556 kB
Mapped:            95764 kB
Shmem:              6380 kB
KReclaimable:      86304 kB
Slab:             322196 kB
SReclaimable:      86304 kB
SUnreclaim:       235892 kB
KernelStack:       10112 kB
PageTables:         2620 kB
NFS_Unstable:          0 kB
Bounce:                0 kB
WritebackTmp:          0 kB
CommitLimit:    34716468 kB
Committed_AS:     854428 kB
VmallocTotal:   34359738367 kB
VmallocUsed:       43880 kB
VmallocChunk:          0 kB
Percpu:           224448 kB
HardwareCorrupted:     0 kB
AnonHugePages:         0 kB
ShmemHugePages:        0 kB
ShmemPmdMapped:        0 kB
FileHugePages:         0 kB
FilePmdMapped:         0 kB
HugePages_Total:       0
HugePages_Free:        0
HugePages_Rsvd:        0
HugePages_Surp:        0
Hugepagesize:       2048 kB
Hugetlb:               0 kB
DirectMap4k:     2800448 kB
DirectMap2M:     5175296 kB
DirectMap1G:    58720256 kB

