MemTotal:       65439348 kB
MemFree:        63697636 kB
MemAvailable:   63811864 kB
Buffers:           59040 kB
Cached:           622056 kB
SwapCached:            0 kB
Active:           211956 kB
Inactive:         530436 kB
Active(anon):       3252 kB
Inactive(anon):    73528 kB
Active(file):     208704 kB
Inactive(file):   456908 kB
Unevictable:       19496 kB
Mlocked:           19496 kB
SwapTotal:       1996796 kB
SwapFree:        1996796 kB
Dirty:               840 kB
Writeback:             0 kB
AnonPages:         80848 kB
Mapped:            88600 kB
Shmem:              6376 kB
KReclaimable:      89852 kB
Slab:             328976 kB
SReclaimable:      89852 kB
SUnreclaim:       239124 kB
KernelStack:       10048 kB
PageTables:         2512 kB
NFS_Unstable:          0 kB
Bounce:                0 kB
WritebackTmp:          0 kB
CommitLimit:    34716468 kB
Committed_AS:     807648 kB
VmallocTotal:   34359738367 kB
VmallocUsed:       44824 kB
VmallocChunk:          0 kB
Percpu:           253248 kB
HardwareCorrupted:     0 kB
AnonHugePages:         0 kB
ShmemHugePages:        0 kB
ShmemPmdMapped:        0 kB
FileHugePages:         0 kB
FilePmdMapped:         0 kB
HugePages_Total:       0
HugePages_Free:        0
HugePages_Rsvd:        0
HugePages_Surp:        0
Hugepagesize:       2048 kB
Hugetlb:               0 kB
DirectMap4k:     2835264 kB
DirectMap2M:     5140480 kB
DirectMap1G:    58720256 kB

