MemTotal:       65439348 kB
MemFree:        64290104 kB
MemAvailable:   64006404 kB
Buffers:           35528 kB
Cached:           259520 kB
SwapCached:            0 kB
Active:           128344 kB
Inactive:         227064 kB
Active(anon):       3220 kB
Inactive(anon):    72624 kB
Active(file):     125124 kB
Inactive(file):   154440 kB
Unevictable:       19496 kB
Mlocked:           19496 kB
SwapTotal:       1996796 kB
SwapFree:        1996796 kB
Dirty:                72 kB
Writeback:             0 kB
AnonPages:         79940 kB
Mapped:            75108 kB
Shmem:              6376 kB
KReclaimable:      66092 kB
Slab:             288048 kB
SReclaimable:      66092 kB
SUnreclaim:       221956 kB
KernelStack:        9968 kB
PageTables:         2392 kB
NFS_Unstable:          0 kB
Bounce:                0 kB
WritebackTmp:          0 kB
CommitLimit:    34716468 kB
Committed_AS:     790608 kB
VmallocTotal:   34359738367 kB
VmallocUsed:       38468 kB
VmallocChunk:          0 kB
Percpu:            96576 kB
HardwareCorrupted:     0 kB
AnonHugePages:         0 kB
ShmemHugePages:        0 kB
ShmemPmdMapped:        0 kB
FileHugePages:         0 kB
FilePmdMapped:         0 kB
HugePages_Total:       0
HugePages_Free:        0
HugePages_Rsvd:        0
HugePages_Surp:        0
Hugepagesize:       2048 kB
Hugetlb:               0 kB
DirectMap4k:     2255680 kB
DirectMap2M:     5720064 kB
DirectMap1G:    58720256 kB

