MemTotal:       65439348 kB
MemFree:        63734840 kB
MemAvailable:   63827672 kB
Buffers:           56520 kB
Cached:           604380 kB
SwapCached:            0 kB
Active:           204476 kB
Inactive:         522736 kB
Active(anon):       3252 kB
Inactive(anon):    78564 kB
Active(file):     201224 kB
Inactive(file):   444172 kB
Unevictable:       19496 kB
Mlocked:           19496 kB
SwapTotal:       1996796 kB
SwapFree:        1996796 kB
Dirty:               680 kB
Writeback:             0 kB
AnonPages:         85868 kB
Mapped:            96536 kB
Shmem:              6380 kB
KReclaimable:      87492 kB
Slab:             324828 kB
SReclaimable:      87492 kB
SUnreclaim:       237336 kB
KernelStack:       10160 kB
PageTables:         2672 kB
NFS_Unstable:          0 kB
Bounce:                0 kB
WritebackTmp:          0 kB
CommitLimit:    34716468 kB
Committed_AS:     854428 kB
VmallocTotal:   34359738367 kB
VmallocUsed:       44120 kB
VmallocChunk:          0 kB
Percpu:           234048 kB
HardwareCorrupted:     0 kB
AnonHugePages:         0 kB
ShmemHugePages:        0 kB
ShmemPmdMapped:        0 kB
FileHugePages:         0 kB
FilePmdMapped:         0 kB
HugePages_Total:       0
HugePages_Free:        0
HugePages_Rsvd:        0
HugePages_Surp:        0
Hugepagesize:       2048 kB
Hugetlb:               0 kB
DirectMap4k:     2812736 kB
DirectMap2M:     5163008 kB
DirectMap1G:    58720256 kB

