MemTotal:       65439348 kB
MemFree:        63828248 kB
MemAvailable:   63879760 kB
Buffers:           51348 kB
Cached:           570448 kB
SwapCached:            0 kB
Active:           198612 kB
Inactive:         483700 kB
Active(anon):       3244 kB
Inactive(anon):    72768 kB
Active(file):     195368 kB
Inactive(file):   410932 kB
Unevictable:       19496 kB
Mlocked:           19496 kB
SwapTotal:       1996796 kB
SwapFree:        1996796 kB
Dirty:               768 kB
Writeback:             0 kB
AnonPages:         80116 kB
Mapped:            84184 kB
Shmem:              6376 kB
KReclaimable:      83048 kB
Slab:             315768 kB
SReclaimable:      83048 kB
SUnreclaim:       232720 kB
KernelStack:       10064 kB
PageTables:         2448 kB
NFS_Unstable:          0 kB
Bounce:                0 kB
WritebackTmp:          0 kB
CommitLimit:    34716468 kB
Committed_AS:     808040 kB
VmallocTotal:   34359738367 kB
VmallocUsed:       42872 kB
VmallocChunk:          0 kB
Percpu:           197184 kB
HardwareCorrupted:     0 kB
AnonHugePages:         0 kB
ShmemHugePages:        0 kB
ShmemPmdMapped:        0 kB
FileHugePages:         0 kB
FilePmdMapped:         0 kB
HugePages_Total:       0
HugePages_Free:        0
HugePages_Rsvd:        0
HugePages_Surp:        0
Hugepagesize:       2048 kB
Hugetlb:               0 kB
DirectMap4k:     2767680 kB
DirectMap2M:     5208064 kB
DirectMap1G:    58720256 kB

