MemTotal:       65439348 kB
MemFree:        64150168 kB
MemAvailable:   63943540 kB
Buffers:           43676 kB
Cached:           324876 kB
SwapCached:            0 kB
Active:           139424 kB
Inactive:         295156 kB
Active(anon):       3248 kB
Inactive(anon):    78268 kB
Active(file):     136176 kB
Inactive(file):   216888 kB
Unevictable:       19496 kB
Mlocked:           19496 kB
SwapTotal:       1996796 kB
SwapFree:        1996796 kB
Dirty:               724 kB
Writeback:             0 kB
AnonPages:         85632 kB
Mapped:            89052 kB
Shmem:              6380 kB
KReclaimable:      73240 kB
Slab:             301640 kB
SReclaimable:      73240 kB
SUnreclaim:       228400 kB
KernelStack:       10064 kB
PageTables:         2580 kB
NFS_Unstable:          0 kB
Bounce:                0 kB
WritebackTmp:          0 kB
CommitLimit:    34716468 kB
Committed_AS:     838260 kB
VmallocTotal:   34359738367 kB
VmallocUsed:       40280 kB
VmallocChunk:          0 kB
Percpu:           141888 kB
HardwareCorrupted:     0 kB
AnonHugePages:         0 kB
ShmemHugePages:        0 kB
ShmemPmdMapped:        0 kB
FileHugePages:         0 kB
FilePmdMapped:         0 kB
HugePages_Total:       0
HugePages_Free:        0
HugePages_Rsvd:        0
HugePages_Surp:        0
Hugepagesize:       2048 kB
Hugetlb:               0 kB
DirectMap4k:     2700096 kB
DirectMap2M:     5275648 kB
DirectMap1G:    58720256 kB

