MemTotal:       65439348 kB
MemFree:        63863616 kB
MemAvailable:   63899724 kB
Buffers:           49376 kB
Cached:           558044 kB
SwapCached:            0 kB
Active:           157808 kB
Inactive:         511136 kB
Active(anon):       3232 kB
Inactive(anon):    73804 kB
Active(file):     154576 kB
Inactive(file):   437332 kB
Unevictable:       19496 kB
Mlocked:           19496 kB
SwapTotal:       1996796 kB
SwapFree:        1996796 kB
Dirty:               756 kB
Writeback:             0 kB
AnonPages:         81052 kB
Mapped:            83296 kB
Shmem:              6376 kB
KReclaimable:      81024 kB
Slab:             313300 kB
SReclaimable:      81024 kB
SUnreclaim:       232276 kB
KernelStack:       10032 kB
PageTables:         2728 kB
NFS_Unstable:          0 kB
Bounce:                0 kB
WritebackTmp:          0 kB
CommitLimit:    34716468 kB
Committed_AS:     799200 kB
VmallocTotal:   34359738367 kB
VmallocUsed:       41616 kB
VmallocChunk:          0 kB
Percpu:           183360 kB
HardwareCorrupted:     0 kB
AnonHugePages:         0 kB
ShmemHugePages:        0 kB
ShmemPmdMapped:        0 kB
FileHugePages:         0 kB
FilePmdMapped:         0 kB
HugePages_Total:       0
HugePages_Free:        0
HugePages_Rsvd:        0
HugePages_Surp:        0
Hugepagesize:       2048 kB
Hugetlb:               0 kB
DirectMap4k:     2749248 kB
DirectMap2M:     5226496 kB
DirectMap1G:    58720256 kB

