MemTotal:       65439348 kB
MemFree:        64277352 kB
MemAvailable:   64005936 kB
Buffers:           37048 kB
Cached:           269592 kB
SwapCached:            0 kB
Active:           129844 kB
Inactive:         237076 kB
Active(anon):       3220 kB
Inactive(anon):    72572 kB
Active(file):     126624 kB
Inactive(file):   164504 kB
Unevictable:       19496 kB
Mlocked:           19496 kB
SwapTotal:       1996796 kB
SwapFree:        1996796 kB
Dirty:               848 kB
Writeback:             0 kB
AnonPages:         79900 kB
Mapped:            76008 kB
Shmem:              6376 kB
KReclaimable:      67536 kB
Slab:             290820 kB
SReclaimable:      67536 kB
SUnreclaim:       223284 kB
KernelStack:       10160 kB
PageTables:         2336 kB
NFS_Unstable:          0 kB
Bounce:                0 kB
WritebackTmp:          0 kB
CommitLimit:    34716468 kB
Committed_AS:     790356 kB
VmallocTotal:   34359738367 kB
VmallocUsed:       38500 kB
VmallocChunk:          0 kB
Percpu:            97152 kB
HardwareCorrupted:     0 kB
AnonHugePages:         0 kB
ShmemHugePages:        0 kB
ShmemPmdMapped:        0 kB
FileHugePages:         0 kB
FilePmdMapped:         0 kB
HugePages_Total:       0
HugePages_Free:        0
HugePages_Rsvd:        0
HugePages_Surp:        0
Hugepagesize:       2048 kB
Hugetlb:               0 kB
DirectMap4k:     2415424 kB
DirectMap2M:     5560320 kB
DirectMap1G:    58720256 kB

