MemTotal:       65439348 kB
MemFree:        63814428 kB
MemAvailable:   63853396 kB
Buffers:           49740 kB
Cached:           560296 kB
SwapCached:            0 kB
Active:           196936 kB
Inactive:         512284 kB
Active(anon):       3260 kB
Inactive(anon):   111456 kB
Active(file):     193676 kB
Inactive(file):   400828 kB
Unevictable:       19496 kB
Mlocked:           19496 kB
SwapTotal:       1996796 kB
SwapFree:        1996796 kB
Dirty:               588 kB
Writeback:             0 kB
AnonPages:        118812 kB
Mapped:           124156 kB
Shmem:              6384 kB
KReclaimable:      81552 kB
Slab:             313040 kB
SReclaimable:      81552 kB
SUnreclaim:       231488 kB
KernelStack:       10112 kB
PageTables:         2928 kB
NFS_Unstable:          0 kB
Bounce:                0 kB
WritebackTmp:          0 kB
CommitLimit:    34716468 kB
Committed_AS:     896756 kB
VmallocTotal:   34359738367 kB
VmallocUsed:       42260 kB
VmallocChunk:          0 kB
Percpu:           186432 kB
HardwareCorrupted:     0 kB
AnonHugePages:         0 kB
ShmemHugePages:        0 kB
ShmemPmdMapped:        0 kB
FileHugePages:         0 kB
FilePmdMapped:         0 kB
HugePages_Total:       0
HugePages_Free:        0
HugePages_Rsvd:        0
HugePages_Surp:        0
Hugepagesize:       2048 kB
Hugetlb:               0 kB
DirectMap4k:     2753344 kB
DirectMap2M:     5222400 kB
DirectMap1G:    58720256 kB

