MemTotal:       65439348 kB
MemFree:        64160224 kB
MemAvailable:   63947716 kB
Buffers:           42932 kB
Cached:           320100 kB
SwapCached:            0 kB
Active:           138348 kB
Inactive:         292964 kB
Active(anon):       3244 kB
Inactive(anon):    80524 kB
Active(file):     135104 kB
Inactive(file):   212440 kB
Unevictable:       19496 kB
Mlocked:           19496 kB
SwapTotal:       1996796 kB
SwapFree:        1996796 kB
Dirty:               288 kB
Writeback:             0 kB
AnonPages:         88280 kB
Mapped:            89836 kB
Shmem:              6380 kB
KReclaimable:      72516 kB
Slab:             299568 kB
SReclaimable:      72516 kB
SUnreclaim:       227052 kB
KernelStack:       10160 kB
PageTables:         2864 kB
NFS_Unstable:          0 kB
Bounce:                0 kB
WritebackTmp:          0 kB
CommitLimit:    34716468 kB
Committed_AS:     837612 kB
VmallocTotal:   34359738367 kB
VmallocUsed:       40392 kB
VmallocChunk:          0 kB
Percpu:           136320 kB
HardwareCorrupted:     0 kB
AnonHugePages:         0 kB
ShmemHugePages:        0 kB
ShmemPmdMapped:        0 kB
FileHugePages:         0 kB
FilePmdMapped:         0 kB
HugePages_Total:       0
HugePages_Free:        0
HugePages_Rsvd:        0
HugePages_Surp:        0
Hugepagesize:       2048 kB
Hugetlb:               0 kB
DirectMap4k:     2693952 kB
DirectMap2M:     5281792 kB
DirectMap1G:    58720256 kB

