MemTotal:       65439348 kB
MemFree:        64294108 kB
MemAvailable:   64008596 kB
Buffers:           35304 kB
Cached:           258052 kB
SwapCached:            0 kB
Active:           128128 kB
Inactive:         225732 kB
Active(anon):       3220 kB
Inactive(anon):    72760 kB
Active(file):     124908 kB
Inactive(file):   152972 kB
Unevictable:       19496 kB
Mlocked:           19496 kB
SwapTotal:       1996796 kB
SwapFree:        1996796 kB
Dirty:               688 kB
Writeback:             0 kB
AnonPages:         80108 kB
Mapped:            74972 kB
Shmem:              6376 kB
KReclaimable:      65840 kB
Slab:             287248 kB
SReclaimable:      65840 kB
SUnreclaim:       221408 kB
KernelStack:       10016 kB
PageTables:         2368 kB
NFS_Unstable:          0 kB
Bounce:                0 kB
WritebackTmp:          0 kB
CommitLimit:    34716468 kB
Committed_AS:     790352 kB
VmallocTotal:   34359738367 kB
VmallocUsed:       38468 kB
VmallocChunk:          0 kB
Percpu:            96576 kB
HardwareCorrupted:     0 kB
AnonHugePages:         0 kB
ShmemHugePages:        0 kB
ShmemPmdMapped:        0 kB
FileHugePages:         0 kB
FilePmdMapped:         0 kB
HugePages_Total:       0
HugePages_Free:        0
HugePages_Rsvd:        0
HugePages_Surp:        0
Hugepagesize:       2048 kB
Hugetlb:               0 kB
DirectMap4k:     2229056 kB
DirectMap2M:     5746688 kB
DirectMap1G:    58720256 kB

