MemTotal:       65439348 kB
MemFree:        64329144 kB
MemAvailable:   64021924 kB
Buffers:           29996 kB
Cached:           241768 kB
SwapCached:            0 kB
Active:           121160 kB
Inactive:         211320 kB
Active(anon):       3228 kB
Inactive(anon):    72972 kB
Active(file):     117932 kB
Inactive(file):   138348 kB
Unevictable:       19496 kB
Mlocked:           19496 kB
SwapTotal:       1996796 kB
SwapFree:        1996796 kB
Dirty:               716 kB
Writeback:             0 kB
AnonPages:         80260 kB
Mapped:            74052 kB
Shmem:              6376 kB
KReclaimable:      56020 kB
Slab:             276720 kB
SReclaimable:      56020 kB
SUnreclaim:       220700 kB
KernelStack:        9904 kB
PageTables:         2240 kB
NFS_Unstable:          0 kB
Bounce:                0 kB
WritebackTmp:          0 kB
CommitLimit:    34716468 kB
Committed_AS:     790100 kB
VmallocTotal:   34359738367 kB
VmallocUsed:       38404 kB
VmallocChunk:          0 kB
Percpu:            96576 kB
HardwareCorrupted:     0 kB
AnonHugePages:         0 kB
ShmemHugePages:        0 kB
ShmemPmdMapped:        0 kB
FileHugePages:         0 kB
FilePmdMapped:         0 kB
HugePages_Total:       0
HugePages_Free:        0
HugePages_Rsvd:        0
HugePages_Surp:        0
Hugepagesize:       2048 kB
Hugetlb:               0 kB
DirectMap4k:     2016064 kB
DirectMap2M:     5959680 kB
DirectMap1G:    58720256 kB

