MemTotal:       65439348 kB
MemFree:        64259328 kB
MemAvailable:   63996028 kB
Buffers:           38080 kB
Cached:           276328 kB
SwapCached:            0 kB
Active:           130896 kB
Inactive:         243628 kB
Active(anon):       3216 kB
Inactive(anon):    72384 kB
Active(file):     127680 kB
Inactive(file):   171244 kB
Unevictable:       19496 kB
Mlocked:           19496 kB
SwapTotal:       1996796 kB
SwapFree:        1996796 kB
Dirty:               780 kB
Writeback:             0 kB
AnonPages:         79712 kB
Mapped:            76732 kB
Shmem:              6376 kB
KReclaimable:      68172 kB
Slab:             291496 kB
SReclaimable:      68172 kB
SUnreclaim:       223324 kB
KernelStack:       10000 kB
PageTables:         2408 kB
NFS_Unstable:          0 kB
Bounce:                0 kB
WritebackTmp:          0 kB
CommitLimit:    34716468 kB
Committed_AS:     790616 kB
VmallocTotal:   34359738367 kB
VmallocUsed:       38452 kB
VmallocChunk:          0 kB
Percpu:           104448 kB
HardwareCorrupted:     0 kB
AnonHugePages:         0 kB
ShmemHugePages:        0 kB
ShmemPmdMapped:        0 kB
FileHugePages:         0 kB
FilePmdMapped:         0 kB
HugePages_Total:       0
HugePages_Free:        0
HugePages_Rsvd:        0
HugePages_Surp:        0
Hugepagesize:       2048 kB
Hugetlb:               0 kB
DirectMap4k:     2523968 kB
DirectMap2M:     5451776 kB
DirectMap1G:    58720256 kB

