MemTotal:       65439348 kB
MemFree:        64147856 kB
MemAvailable:   63941672 kB
Buffers:           43732 kB
Cached:           325208 kB
SwapCached:            0 kB
Active:           139472 kB
Inactive:         295500 kB
Active(anon):       3248 kB
Inactive(anon):    78264 kB
Active(file):     136224 kB
Inactive(file):   217236 kB
Unevictable:       19496 kB
Mlocked:           19496 kB
SwapTotal:       1996796 kB
SwapFree:        1996796 kB
Dirty:               424 kB
Writeback:             0 kB
AnonPages:         85624 kB
Mapped:            89128 kB
Shmem:              6380 kB
KReclaimable:      73336 kB
Slab:             301688 kB
SReclaimable:      73336 kB
SUnreclaim:       228352 kB
KernelStack:       10080 kB
PageTables:         2576 kB
NFS_Unstable:          0 kB
Bounce:                0 kB
WritebackTmp:          0 kB
CommitLimit:    34716468 kB
Committed_AS:     838260 kB
VmallocTotal:   34359738367 kB
VmallocUsed:       40264 kB
VmallocChunk:          0 kB
Percpu:           142464 kB
HardwareCorrupted:     0 kB
AnonHugePages:         0 kB
ShmemHugePages:        0 kB
ShmemPmdMapped:        0 kB
FileHugePages:         0 kB
FilePmdMapped:         0 kB
HugePages_Total:       0
HugePages_Free:        0
HugePages_Rsvd:        0
HugePages_Surp:        0
Hugepagesize:       2048 kB
Hugetlb:               0 kB
DirectMap4k:     2702144 kB
DirectMap2M:     5273600 kB
DirectMap1G:    58720256 kB

