MemTotal:       65439348 kB
MemFree:        63923772 kB
MemAvailable:   63928072 kB
Buffers:           45712 kB
Cached:           531588 kB
SwapCached:            0 kB
Active:           154016 kB
Inactive:         483928 kB
Active(anon):       3244 kB
Inactive(anon):    72884 kB
Active(file):     150772 kB
Inactive(file):   411044 kB
Unevictable:       19496 kB
Mlocked:           19496 kB
SwapTotal:       1996796 kB
SwapFree:        1996796 kB
Dirty:               172 kB
Writeback:             0 kB
AnonPages:         80248 kB
Mapped:            81336 kB
Shmem:              6376 kB
KReclaimable:      77592 kB
Slab:             306948 kB
SReclaimable:      77592 kB
SUnreclaim:       229356 kB
KernelStack:       10032 kB
PageTables:         2436 kB
NFS_Unstable:          0 kB
Bounce:                0 kB
WritebackTmp:          0 kB
CommitLimit:    34716468 kB
Committed_AS:     799592 kB
VmallocTotal:   34359738367 kB
VmallocUsed:       40596 kB
VmallocChunk:          0 kB
Percpu:           156864 kB
HardwareCorrupted:     0 kB
AnonHugePages:         0 kB
ShmemHugePages:        0 kB
ShmemPmdMapped:        0 kB
FileHugePages:         0 kB
FilePmdMapped:         0 kB
HugePages_Total:       0
HugePages_Free:        0
HugePages_Rsvd:        0
HugePages_Surp:        0
Hugepagesize:       2048 kB
Hugetlb:               0 kB
DirectMap4k:     2718528 kB
DirectMap2M:     5257216 kB
DirectMap1G:    58720256 kB

