MemTotal:       65439348 kB
MemFree:        63906356 kB
MemAvailable:   63920304 kB
Buffers:           46904 kB
Cached:           539536 kB
SwapCached:            0 kB
Active:           155204 kB
Inactive:         494096 kB
Active(anon):       3240 kB
Inactive(anon):    75104 kB
Active(file):     151964 kB
Inactive(file):   418992 kB
Unevictable:       19496 kB
Mlocked:           19496 kB
SwapTotal:       1996796 kB
SwapFree:        1996796 kB
Dirty:               776 kB
Writeback:             0 kB
AnonPages:         81928 kB
Mapped:            83092 kB
Shmem:              6376 kB
KReclaimable:      78608 kB
Slab:             308812 kB
SReclaimable:      78608 kB
SUnreclaim:       230204 kB
KernelStack:       10176 kB
PageTables:         2796 kB
NFS_Unstable:          0 kB
Bounce:                0 kB
WritebackTmp:          0 kB
CommitLimit:    34716468 kB
Committed_AS:     799204 kB
VmallocTotal:   34359738367 kB
VmallocUsed:       41100 kB
VmallocChunk:          0 kB
Percpu:           165312 kB
HardwareCorrupted:     0 kB
AnonHugePages:         0 kB
ShmemHugePages:        0 kB
ShmemPmdMapped:        0 kB
FileHugePages:         0 kB
FilePmdMapped:         0 kB
HugePages_Total:       0
HugePages_Free:        0
HugePages_Rsvd:        0
HugePages_Surp:        0
Hugepagesize:       2048 kB
Hugetlb:               0 kB
DirectMap4k:     2730816 kB
DirectMap2M:     5244928 kB
DirectMap1G:    58720256 kB

