MemTotal:       65439348 kB
MemFree:        64226320 kB
MemAvailable:   63978692 kB
Buffers:           39868 kB
Cached:           289460 kB
SwapCached:            0 kB
Active:           133580 kB
Inactive:         255916 kB
Active(anon):       3216 kB
Inactive(anon):    72436 kB
Active(file):     130364 kB
Inactive(file):   183480 kB
Unevictable:       19496 kB
Mlocked:           19496 kB
SwapTotal:       1996796 kB
SwapFree:        1996796 kB
Dirty:               736 kB
Writeback:             0 kB
AnonPages:         79756 kB
Mapped:            77808 kB
Shmem:              6376 kB
KReclaimable:      69680 kB
Slab:             294392 kB
SReclaimable:      69680 kB
SUnreclaim:       224712 kB
KernelStack:       10016 kB
PageTables:         2408 kB
NFS_Unstable:          0 kB
Bounce:                0 kB
WritebackTmp:          0 kB
CommitLimit:    34716468 kB
Committed_AS:     790616 kB
VmallocTotal:   34359738367 kB
VmallocUsed:       39048 kB
VmallocChunk:          0 kB
Percpu:           117696 kB
HardwareCorrupted:     0 kB
AnonHugePages:         0 kB
ShmemHugePages:        0 kB
ShmemPmdMapped:        0 kB
FileHugePages:         0 kB
FilePmdMapped:         0 kB
HugePages_Total:       0
HugePages_Free:        0
HugePages_Rsvd:        0
HugePages_Surp:        0
Hugepagesize:       2048 kB
Hugetlb:               0 kB
DirectMap4k:     2663232 kB
DirectMap2M:     5312512 kB
DirectMap1G:    58720256 kB

