MemTotal:       65439348 kB
MemFree:        63862212 kB
MemAvailable:   63898860 kB
Buffers:           49436 kB
Cached:           558456 kB
SwapCached:            0 kB
Active:           157912 kB
Inactive:         510668 kB
Active(anon):       3244 kB
Inactive(anon):    72920 kB
Active(file):     154668 kB
Inactive(file):   437748 kB
Unevictable:       19496 kB
Mlocked:           19496 kB
SwapTotal:       1996796 kB
SwapFree:        1996796 kB
Dirty:               196 kB
Writeback:             0 kB
AnonPages:         80224 kB
Mapped:            83268 kB
Shmem:              6376 kB
KReclaimable:      81088 kB
Slab:             313560 kB
SReclaimable:      81088 kB
SUnreclaim:       232472 kB
KernelStack:       10016 kB
PageTables:         2440 kB
NFS_Unstable:          0 kB
Bounce:                0 kB
WritebackTmp:          0 kB
CommitLimit:    34716468 kB
Committed_AS:     799592 kB
VmallocTotal:   34359738367 kB
VmallocUsed:       41664 kB
VmallocChunk:          0 kB
Percpu:           183936 kB
HardwareCorrupted:     0 kB
AnonHugePages:         0 kB
ShmemHugePages:        0 kB
ShmemPmdMapped:        0 kB
FileHugePages:         0 kB
FilePmdMapped:         0 kB
HugePages_Total:       0
HugePages_Free:        0
HugePages_Rsvd:        0
HugePages_Surp:        0
Hugepagesize:       2048 kB
Hugetlb:               0 kB
DirectMap4k:     2751296 kB
DirectMap2M:     5224448 kB
DirectMap1G:    58720256 kB

