MemTotal:       65439348 kB
MemFree:        64322832 kB
MemAvailable:   64015296 kB
Buffers:           29920 kB
Cached:           241236 kB
SwapCached:            0 kB
Active:           120760 kB
Inactive:         216120 kB
Active(anon):       3220 kB
Inactive(anon):    78012 kB
Active(file):     117540 kB
Inactive(file):   138108 kB
Unevictable:       19496 kB
Mlocked:           19496 kB
SwapTotal:       1996796 kB
SwapFree:        1996796 kB
Dirty:              2000 kB
Writeback:             0 kB
AnonPages:         85324 kB
Mapped:            73924 kB
Shmem:              6384 kB
KReclaimable:      56020 kB
Slab:             276692 kB
SReclaimable:      56020 kB
SUnreclaim:       220672 kB
KernelStack:        9920 kB
PageTables:         2444 kB
NFS_Unstable:          0 kB
Bounce:                0 kB
WritebackTmp:          0 kB
CommitLimit:    34716468 kB
Committed_AS:     796684 kB
VmallocTotal:   34359738367 kB
VmallocUsed:       38356 kB
VmallocChunk:          0 kB
Percpu:            96576 kB
HardwareCorrupted:     0 kB
AnonHugePages:         0 kB
ShmemHugePages:        0 kB
ShmemPmdMapped:        0 kB
FileHugePages:         0 kB
FilePmdMapped:         0 kB
HugePages_Total:       0
HugePages_Free:        0
HugePages_Rsvd:        0
HugePages_Surp:        0
Hugepagesize:       2048 kB
Hugetlb:               0 kB
DirectMap4k:     2009920 kB
DirectMap2M:     5965824 kB
DirectMap1G:    58720256 kB

