MemTotal:       65439348 kB
MemFree:        64313700 kB
MemAvailable:   64014500 kB
Buffers:           31984 kB
Cached:           252380 kB
SwapCached:            0 kB
Active:           123128 kB
Inactive:         223224 kB
Active(anon):       3208 kB
Inactive(anon):    74304 kB
Active(file):     119920 kB
Inactive(file):   148920 kB
Unevictable:       19496 kB
Mlocked:           19496 kB
SwapTotal:       1996796 kB
SwapFree:        1996796 kB
Dirty:               648 kB
Writeback:             0 kB
AnonPages:         80996 kB
Mapped:            74768 kB
Shmem:              6380 kB
KReclaimable:      56540 kB
Slab:             278128 kB
SReclaimable:      56540 kB
SUnreclaim:       221588 kB
KernelStack:       10000 kB
PageTables:         2528 kB
NFS_Unstable:          0 kB
Bounce:                0 kB
WritebackTmp:          0 kB
CommitLimit:    34716468 kB
Committed_AS:     790608 kB
VmallocTotal:   34359738367 kB
VmallocUsed:       38452 kB
VmallocChunk:          0 kB
Percpu:            96576 kB
HardwareCorrupted:     0 kB
AnonHugePages:         0 kB
ShmemHugePages:        0 kB
ShmemPmdMapped:        0 kB
FileHugePages:         0 kB
FilePmdMapped:         0 kB
HugePages_Total:       0
HugePages_Free:        0
HugePages_Rsvd:        0
HugePages_Surp:        0
Hugepagesize:       2048 kB
Hugetlb:               0 kB
DirectMap4k:     2175808 kB
DirectMap2M:     5799936 kB
DirectMap1G:    58720256 kB

