MemTotal:       65439348 kB
MemFree:        64327988 kB
MemAvailable:   64020708 kB
Buffers:           29980 kB
Cached:           241656 kB
SwapCached:            0 kB
Active:           121152 kB
Inactive:         210576 kB
Active(anon):       3228 kB
Inactive(anon):    72340 kB
Active(file):     117924 kB
Inactive(file):   138236 kB
Unevictable:       19496 kB
Mlocked:           19496 kB
SwapTotal:       1996796 kB
SwapFree:        1996796 kB
Dirty:               848 kB
Writeback:             0 kB
AnonPages:         79740 kB
Mapped:            74752 kB
Shmem:              6376 kB
KReclaimable:      56020 kB
Slab:             276884 kB
SReclaimable:      56020 kB
SUnreclaim:       220864 kB
KernelStack:       10048 kB
PageTables:         2624 kB
NFS_Unstable:          0 kB
Bounce:                0 kB
WritebackTmp:          0 kB
CommitLimit:    34716468 kB
Committed_AS:     790096 kB
VmallocTotal:   34359738367 kB
VmallocUsed:       38356 kB
VmallocChunk:          0 kB
Percpu:            96576 kB
HardwareCorrupted:     0 kB
AnonHugePages:         0 kB
ShmemHugePages:        0 kB
ShmemPmdMapped:        0 kB
FileHugePages:         0 kB
FilePmdMapped:         0 kB
HugePages_Total:       0
HugePages_Free:        0
HugePages_Rsvd:        0
HugePages_Surp:        0
Hugepagesize:       2048 kB
Hugetlb:               0 kB
DirectMap4k:     2014016 kB
DirectMap2M:     5961728 kB
DirectMap1G:    58720256 kB

