MemTotal:       65439348 kB
MemFree:        63891964 kB
MemAvailable:   63892568 kB
Buffers:           45252 kB
Cached:           528524 kB
SwapCached:            0 kB
Active:           152320 kB
Inactive:         520716 kB
Active(anon):       3264 kB
Inactive(anon):   111488 kB
Active(file):     149056 kB
Inactive(file):   409228 kB
Unevictable:       19496 kB
Mlocked:           19496 kB
SwapTotal:       1996796 kB
SwapFree:        1996796 kB
Dirty:                72 kB
Writeback:             0 kB
AnonPages:        118804 kB
Mapped:           121868 kB
Shmem:              6384 kB
KReclaimable:      77260 kB
Slab:             306708 kB
SReclaimable:      77260 kB
SUnreclaim:       229448 kB
KernelStack:       10128 kB
PageTables:         2940 kB
NFS_Unstable:          0 kB
Bounce:                0 kB
WritebackTmp:          0 kB
CommitLimit:    34716468 kB
Committed_AS:     888964 kB
VmallocTotal:   34359738367 kB
VmallocUsed:       40772 kB
VmallocChunk:          0 kB
Percpu:           153216 kB
HardwareCorrupted:     0 kB
AnonHugePages:         0 kB
ShmemHugePages:        0 kB
ShmemPmdMapped:        0 kB
FileHugePages:         0 kB
FilePmdMapped:         0 kB
HugePages_Total:       0
HugePages_Free:        0
HugePages_Rsvd:        0
HugePages_Surp:        0
Hugepagesize:       2048 kB
Hugetlb:               0 kB
DirectMap4k:     2714432 kB
DirectMap2M:     5261312 kB
DirectMap1G:    58720256 kB

