MemTotal:       65439348 kB
MemFree:        64242544 kB
MemAvailable:   63987436 kB
Buffers:           38948 kB
Cached:           283296 kB
SwapCached:            0 kB
Active:           132648 kB
Inactive:         249716 kB
Active(anon):       3220 kB
Inactive(anon):    72400 kB
Active(file):     129428 kB
Inactive(file):   177316 kB
Unevictable:       19496 kB
Mlocked:           19496 kB
SwapTotal:       1996796 kB
SwapFree:        1996796 kB
Dirty:               156 kB
Writeback:             0 kB
AnonPages:         79732 kB
Mapped:            77316 kB
Shmem:              6376 kB
KReclaimable:      68920 kB
Slab:             293336 kB
SReclaimable:      68920 kB
SUnreclaim:       224416 kB
KernelStack:       10064 kB
PageTables:         2404 kB
NFS_Unstable:          0 kB
Bounce:                0 kB
WritebackTmp:          0 kB
CommitLimit:    34716468 kB
Committed_AS:     790620 kB
VmallocTotal:   34359738367 kB
VmallocUsed:       38984 kB
VmallocChunk:          0 kB
Percpu:           110976 kB
HardwareCorrupted:     0 kB
AnonHugePages:         0 kB
ShmemHugePages:        0 kB
ShmemPmdMapped:        0 kB
FileHugePages:         0 kB
FilePmdMapped:         0 kB
HugePages_Total:       0
HugePages_Free:        0
HugePages_Rsvd:        0
HugePages_Surp:        0
Hugepagesize:       2048 kB
Hugetlb:               0 kB
DirectMap4k:     2628416 kB
DirectMap2M:     5347328 kB
DirectMap1G:    58720256 kB

