MemTotal:       65439348 kB
MemFree:        64137640 kB
MemAvailable:   63936872 kB
Buffers:           44368 kB
Cached:           329656 kB
SwapCached:            0 kB
Active:           140132 kB
Inactive:         300404 kB
Active(anon):       3256 kB
Inactive(anon):    78740 kB
Active(file):     136876 kB
Inactive(file):   221664 kB
Unevictable:       19496 kB
Mlocked:           19496 kB
SwapTotal:       1996796 kB
SwapFree:        1996796 kB
Dirty:               832 kB
Writeback:             0 kB
AnonPages:         85956 kB
Mapped:            89684 kB
Shmem:              6384 kB
KReclaimable:      74004 kB
Slab:             302432 kB
SReclaimable:      74004 kB
SUnreclaim:       228428 kB
KernelStack:       10160 kB
PageTables:         2560 kB
NFS_Unstable:          0 kB
Bounce:                0 kB
WritebackTmp:          0 kB
CommitLimit:    34716468 kB
Committed_AS:     837872 kB
VmallocTotal:   34359738367 kB
VmallocUsed:       40796 kB
VmallocChunk:          0 kB
Percpu:           147264 kB
HardwareCorrupted:     0 kB
AnonHugePages:         0 kB
ShmemHugePages:        0 kB
ShmemPmdMapped:        0 kB
FileHugePages:         0 kB
FilePmdMapped:         0 kB
HugePages_Total:       0
HugePages_Free:        0
HugePages_Rsvd:        0
HugePages_Surp:        0
Hugepagesize:       2048 kB
Hugetlb:               0 kB
DirectMap4k:     2706240 kB
DirectMap2M:     5269504 kB
DirectMap1G:    58720256 kB

