MemTotal:       65439348 kB
MemFree:        63732948 kB
MemAvailable:   63826936 kB
Buffers:           56656 kB
Cached:           605328 kB
SwapCached:            0 kB
Active:           204624 kB
Inactive:         523804 kB
Active(anon):       3248 kB
Inactive(anon):    78684 kB
Active(file):     201376 kB
Inactive(file):   445120 kB
Unevictable:       19496 kB
Mlocked:           19496 kB
SwapTotal:       1996796 kB
SwapFree:        1996796 kB
Dirty:               772 kB
Writeback:             0 kB
AnonPages:         86056 kB
Mapped:            96580 kB
Shmem:              6380 kB
KReclaimable:      87604 kB
Slab:             325428 kB
SReclaimable:      87604 kB
SUnreclaim:       237824 kB
KernelStack:       10176 kB
PageTables:         2656 kB
NFS_Unstable:          0 kB
Bounce:                0 kB
WritebackTmp:          0 kB
CommitLimit:    34716468 kB
Committed_AS:     854432 kB
VmallocTotal:   34359738367 kB
VmallocUsed:       44056 kB
VmallocChunk:          0 kB
Percpu:           235200 kB
HardwareCorrupted:     0 kB
AnonHugePages:         0 kB
ShmemHugePages:        0 kB
ShmemPmdMapped:        0 kB
FileHugePages:         0 kB
FilePmdMapped:         0 kB
HugePages_Total:       0
HugePages_Free:        0
HugePages_Rsvd:        0
HugePages_Surp:        0
Hugepagesize:       2048 kB
Hugetlb:               0 kB
DirectMap4k:     2812736 kB
DirectMap2M:     5163008 kB
DirectMap1G:    58720256 kB

