MemTotal:       65439348 kB
MemFree:        64151392 kB
MemAvailable:   63944608 kB
Buffers:           43660 kB
Cached:           324748 kB
SwapCached:            0 kB
Active:           139408 kB
Inactive:         294944 kB
Active(anon):       3248 kB
Inactive(anon):    78176 kB
Active(file):     136160 kB
Inactive(file):   216768 kB
Unevictable:       19496 kB
Mlocked:           19496 kB
SwapTotal:       1996796 kB
SwapFree:        1996796 kB
Dirty:               104 kB
Writeback:             0 kB
AnonPages:         85560 kB
Mapped:            89056 kB
Shmem:              6380 kB
KReclaimable:      73200 kB
Slab:             301364 kB
SReclaimable:      73200 kB
SUnreclaim:       228164 kB
KernelStack:       10032 kB
PageTables:         2580 kB
NFS_Unstable:          0 kB
Bounce:                0 kB
WritebackTmp:          0 kB
CommitLimit:    34716468 kB
Committed_AS:     838264 kB
VmallocTotal:   34359738367 kB
VmallocUsed:       40200 kB
VmallocChunk:          0 kB
Percpu:           141888 kB
HardwareCorrupted:     0 kB
AnonHugePages:         0 kB
ShmemHugePages:        0 kB
ShmemPmdMapped:        0 kB
FileHugePages:         0 kB
FilePmdMapped:         0 kB
HugePages_Total:       0
HugePages_Free:        0
HugePages_Rsvd:        0
HugePages_Surp:        0
Hugepagesize:       2048 kB
Hugetlb:               0 kB
DirectMap4k:     2700096 kB
DirectMap2M:     5275648 kB
DirectMap1G:    58720256 kB

