MemTotal:       65439348 kB
MemFree:        63839184 kB
MemAvailable:   63886740 kB
Buffers:           50904 kB
Cached:           567144 kB
SwapCached:            0 kB
Active:           198176 kB
Inactive:         480696 kB
Active(anon):       3244 kB
Inactive(anon):    73068 kB
Active(file):     194932 kB
Inactive(file):   407628 kB
Unevictable:       19496 kB
Mlocked:           19496 kB
SwapTotal:       1996796 kB
SwapFree:        1996796 kB
Dirty:               772 kB
Writeback:             0 kB
AnonPages:         80440 kB
Mapped:            83924 kB
Shmem:              6376 kB
KReclaimable:      82616 kB
Slab:             313904 kB
SReclaimable:      82616 kB
SUnreclaim:       231288 kB
KernelStack:       10080 kB
PageTables:         2488 kB
NFS_Unstable:          0 kB
Bounce:                0 kB
WritebackTmp:          0 kB
CommitLimit:    34716468 kB
Committed_AS:     807784 kB
VmallocTotal:   34359738367 kB
VmallocUsed:       42244 kB
VmallocChunk:          0 kB
Percpu:           193536 kB
HardwareCorrupted:     0 kB
AnonHugePages:         0 kB
ShmemHugePages:        0 kB
ShmemPmdMapped:        0 kB
FileHugePages:         0 kB
FilePmdMapped:         0 kB
HugePages_Total:       0
HugePages_Free:        0
HugePages_Rsvd:        0
HugePages_Surp:        0
Hugepagesize:       2048 kB
Hugetlb:               0 kB
DirectMap4k:     2759488 kB
DirectMap2M:     5216256 kB
DirectMap1G:    58720256 kB

