MemTotal:       65439348 kB
MemFree:        63703420 kB
MemAvailable:   63814660 kB
Buffers:           58652 kB
Cached:           619628 kB
SwapCached:            0 kB
Active:           211552 kB
Inactive:         527328 kB
Active(anon):       3244 kB
Inactive(anon):    72840 kB
Active(file):     208308 kB
Inactive(file):   454488 kB
Unevictable:       19496 kB
Mlocked:           19496 kB
SwapTotal:       1996796 kB
SwapFree:        1996796 kB
Dirty:               336 kB
Writeback:             0 kB
AnonPages:         80204 kB
Mapped:            88348 kB
Shmem:              6376 kB
KReclaimable:      89508 kB
Slab:             329052 kB
SReclaimable:      89508 kB
SUnreclaim:       239544 kB
KernelStack:       10064 kB
PageTables:         2456 kB
NFS_Unstable:          0 kB
Bounce:                0 kB
WritebackTmp:          0 kB
CommitLimit:    34716468 kB
Committed_AS:     808040 kB
VmallocTotal:   34359738367 kB
VmallocUsed:       44840 kB
VmallocChunk:          0 kB
Percpu:           250752 kB
HardwareCorrupted:     0 kB
AnonHugePages:         0 kB
ShmemHugePages:        0 kB
ShmemPmdMapped:        0 kB
FileHugePages:         0 kB
FilePmdMapped:         0 kB
HugePages_Total:       0
HugePages_Free:        0
HugePages_Rsvd:        0
HugePages_Surp:        0
Hugepagesize:       2048 kB
Hugetlb:               0 kB
DirectMap4k:     2831168 kB
DirectMap2M:     5144576 kB
DirectMap1G:    58720256 kB

