MemTotal:       65439348 kB
MemFree:        63714876 kB
MemAvailable:   63820452 kB
Buffers:           58060 kB
Cached:           614904 kB
SwapCached:            0 kB
Active:           210972 kB
Inactive:         522784 kB
Active(anon):       3248 kB
Inactive(anon):    73028 kB
Active(file):     207724 kB
Inactive(file):   449756 kB
Unevictable:       19496 kB
Mlocked:           19496 kB
SwapTotal:       1996796 kB
SwapFree:        1996796 kB
Dirty:               144 kB
Writeback:             0 kB
AnonPages:         80368 kB
Mapped:            87856 kB
Shmem:              6376 kB
KReclaimable:      88812 kB
Slab:             326636 kB
SReclaimable:      88812 kB
SUnreclaim:       237824 kB
KernelStack:       10048 kB
PageTables:         2464 kB
NFS_Unstable:          0 kB
Bounce:                0 kB
WritebackTmp:          0 kB
CommitLimit:    34716468 kB
Committed_AS:     808040 kB
VmallocTotal:   34359738367 kB
VmallocUsed:       44388 kB
VmallocChunk:          0 kB
Percpu:           245376 kB
HardwareCorrupted:     0 kB
AnonHugePages:         0 kB
ShmemHugePages:        0 kB
ShmemPmdMapped:        0 kB
FileHugePages:         0 kB
FilePmdMapped:         0 kB
HugePages_Total:       0
HugePages_Free:        0
HugePages_Rsvd:        0
HugePages_Surp:        0
Hugepagesize:       2048 kB
Hugetlb:               0 kB
DirectMap4k:     2825024 kB
DirectMap2M:     5150720 kB
DirectMap1G:    58720256 kB

