MemTotal:       65439348 kB
MemFree:        63898340 kB
MemAvailable:   63916328 kB
Buffers:           47344 kB
Cached:           542920 kB
SwapCached:            0 kB
Active:           155624 kB
Inactive:         495180 kB
Active(anon):       3240 kB
Inactive(anon):    72800 kB
Active(file):     152384 kB
Inactive(file):   422380 kB
Unevictable:       19496 kB
Mlocked:           19496 kB
SwapTotal:       1996796 kB
SwapFree:        1996796 kB
Dirty:               684 kB
Writeback:             0 kB
AnonPages:         80192 kB
Mapped:            82160 kB
Shmem:              6376 kB
KReclaimable:      79072 kB
Slab:             308796 kB
SReclaimable:      79072 kB
SUnreclaim:       229724 kB
KernelStack:       10032 kB
PageTables:         2432 kB
NFS_Unstable:          0 kB
Bounce:                0 kB
WritebackTmp:          0 kB
CommitLimit:    34716468 kB
Committed_AS:     799588 kB
VmallocTotal:   34359738367 kB
VmallocUsed:       41244 kB
VmallocChunk:          0 kB
Percpu:           168768 kB
HardwareCorrupted:     0 kB
AnonHugePages:         0 kB
ShmemHugePages:        0 kB
ShmemPmdMapped:        0 kB
FileHugePages:         0 kB
FilePmdMapped:         0 kB
HugePages_Total:       0
HugePages_Free:        0
HugePages_Rsvd:        0
HugePages_Surp:        0
Hugepagesize:       2048 kB
Hugetlb:               0 kB
DirectMap4k:     2734912 kB
DirectMap2M:     5240832 kB
DirectMap1G:    58720256 kB

