MemTotal:       65439348 kB
MemFree:        64147024 kB
MemAvailable:   63941716 kB
Buffers:           43836 kB
Cached:           325924 kB
SwapCached:            0 kB
Active:           139552 kB
Inactive:         298228 kB
Active(anon):       3240 kB
Inactive(anon):    80280 kB
Active(file):     136312 kB
Inactive(file):   217948 kB
Unevictable:       19496 kB
Mlocked:           19496 kB
SwapTotal:       1996796 kB
SwapFree:        1996796 kB
Dirty:               744 kB
Writeback:             0 kB
AnonPages:         87664 kB
Mapped:            89720 kB
Shmem:              6376 kB
KReclaimable:      73488 kB
Slab:             301944 kB
SReclaimable:      73488 kB
SUnreclaim:       228456 kB
KernelStack:       10256 kB
PageTables:         3152 kB
NFS_Unstable:          0 kB
Bounce:                0 kB
WritebackTmp:          0 kB
CommitLimit:    34716468 kB
Committed_AS:     837868 kB
VmallocTotal:   34359738367 kB
VmallocUsed:       40168 kB
VmallocChunk:          0 kB
Percpu:           143040 kB
HardwareCorrupted:     0 kB
AnonHugePages:         0 kB
ShmemHugePages:        0 kB
ShmemPmdMapped:        0 kB
FileHugePages:         0 kB
FilePmdMapped:         0 kB
HugePages_Total:       0
HugePages_Free:        0
HugePages_Rsvd:        0
HugePages_Surp:        0
Hugepagesize:       2048 kB
Hugetlb:               0 kB
DirectMap4k:     2702144 kB
DirectMap2M:     5273600 kB
DirectMap1G:    58720256 kB

