MemTotal:       65439348 kB
MemFree:        63861620 kB
MemAvailable:   63897480 kB
Buffers:           49336 kB
Cached:           557812 kB
SwapCached:            0 kB
Active:           157812 kB
Inactive:         509984 kB
Active(anon):       3240 kB
Inactive(anon):    72884 kB
Active(file):     154572 kB
Inactive(file):   437100 kB
Unevictable:       19496 kB
Mlocked:           19496 kB
SwapTotal:       1996796 kB
SwapFree:        1996796 kB
Dirty:               656 kB
Writeback:             0 kB
AnonPages:         80196 kB
Mapped:            83352 kB
Shmem:              6376 kB
KReclaimable:      81000 kB
Slab:             312828 kB
SReclaimable:      81000 kB
SUnreclaim:       231828 kB
KernelStack:        9808 kB
PageTables:         2240 kB
NFS_Unstable:          0 kB
Bounce:                0 kB
WritebackTmp:          0 kB
CommitLimit:    34716468 kB
Committed_AS:     799200 kB
VmallocTotal:   34359738367 kB
VmallocUsed:       41568 kB
VmallocChunk:          0 kB
Percpu:           183360 kB
HardwareCorrupted:     0 kB
AnonHugePages:         0 kB
ShmemHugePages:        0 kB
ShmemPmdMapped:        0 kB
FileHugePages:         0 kB
FilePmdMapped:         0 kB
HugePages_Total:       0
HugePages_Free:        0
HugePages_Rsvd:        0
HugePages_Surp:        0
Hugepagesize:       2048 kB
Hugetlb:               0 kB
DirectMap4k:     2749248 kB
DirectMap2M:     5226496 kB
DirectMap1G:    58720256 kB

