MemTotal:       65439348 kB
MemFree:        64323308 kB
MemAvailable:   64018320 kB
Buffers:           30792 kB
Cached:           245328 kB
SwapCached:            0 kB
Active:           121912 kB
Inactive:         214204 kB
Active(anon):       3216 kB
Inactive(anon):    72300 kB
Active(file):     118696 kB
Inactive(file):   141904 kB
Unevictable:       19496 kB
Mlocked:           19496 kB
SwapTotal:       1996796 kB
SwapFree:        1996796 kB
Dirty:               756 kB
Writeback:             0 kB
AnonPages:         79572 kB
Mapped:            74232 kB
Shmem:              6376 kB
KReclaimable:      56164 kB
Slab:             275900 kB
SReclaimable:      56164 kB
SUnreclaim:       219736 kB
KernelStack:       10032 kB
PageTables:         2396 kB
NFS_Unstable:          0 kB
Bounce:                0 kB
WritebackTmp:          0 kB
CommitLimit:    34716468 kB
Committed_AS:     790356 kB
VmallocTotal:   34359738367 kB
VmallocUsed:       38388 kB
VmallocChunk:          0 kB
Percpu:            96576 kB
HardwareCorrupted:     0 kB
AnonHugePages:         0 kB
ShmemHugePages:        0 kB
ShmemPmdMapped:        0 kB
FileHugePages:         0 kB
FilePmdMapped:         0 kB
HugePages_Total:       0
HugePages_Free:        0
HugePages_Rsvd:        0
HugePages_Surp:        0
Hugepagesize:       2048 kB
Hugetlb:               0 kB
DirectMap4k:     2075456 kB
DirectMap2M:     5900288 kB
DirectMap1G:    58720256 kB

