MemTotal:       65439348 kB
MemFree:        64324888 kB
MemAvailable:   64019172 kB
Buffers:           30608 kB
Cached:           244088 kB
SwapCached:            0 kB
Active:           121752 kB
Inactive:         214212 kB
Active(anon):       3200 kB
Inactive(anon):    73544 kB
Active(file):     118552 kB
Inactive(file):   140668 kB
Unevictable:       19496 kB
Mlocked:           19496 kB
SwapTotal:       1996796 kB
SwapFree:        1996796 kB
Dirty:               576 kB
Writeback:             0 kB
AnonPages:         80820 kB
Mapped:            74260 kB
Shmem:              6376 kB
KReclaimable:      56084 kB
Slab:             276168 kB
SReclaimable:      56084 kB
SUnreclaim:       220084 kB
KernelStack:        9968 kB
PageTables:         2444 kB
NFS_Unstable:          0 kB
Bounce:                0 kB
WritebackTmp:          0 kB
CommitLimit:    34716468 kB
Committed_AS:     790100 kB
VmallocTotal:   34359738367 kB
VmallocUsed:       38372 kB
VmallocChunk:          0 kB
Percpu:            96576 kB
HardwareCorrupted:     0 kB
AnonHugePages:         0 kB
ShmemHugePages:        0 kB
ShmemPmdMapped:        0 kB
FileHugePages:         0 kB
FilePmdMapped:         0 kB
HugePages_Total:       0
HugePages_Free:        0
HugePages_Rsvd:        0
HugePages_Surp:        0
Hugepagesize:       2048 kB
Hugetlb:               0 kB
DirectMap4k:     2057024 kB
DirectMap2M:     5918720 kB
DirectMap1G:    58720256 kB

