MemTotal:       65439348 kB
MemFree:        63861364 kB
MemAvailable:   63897880 kB
Buffers:           49428 kB
Cached:           558388 kB
SwapCached:            0 kB
Active:           157876 kB
Inactive:         510848 kB
Active(anon):       3252 kB
Inactive(anon):    73172 kB
Active(file):     154624 kB
Inactive(file):   437676 kB
Unevictable:       19496 kB
Mlocked:           19496 kB
SwapTotal:       1996796 kB
SwapFree:        1996796 kB
Dirty:                60 kB
Writeback:             0 kB
AnonPages:         80976 kB
Mapped:            83660 kB
Shmem:              6376 kB
KReclaimable:      81056 kB
Slab:             313628 kB
SReclaimable:      81056 kB
SUnreclaim:       232572 kB
KernelStack:       10048 kB
PageTables:         2956 kB
NFS_Unstable:          0 kB
Bounce:                0 kB
WritebackTmp:          0 kB
CommitLimit:    34716468 kB
Committed_AS:     799204 kB
VmallocTotal:   34359738367 kB
VmallocUsed:       41680 kB
VmallocChunk:          0 kB
Percpu:           183936 kB
HardwareCorrupted:     0 kB
AnonHugePages:         0 kB
ShmemHugePages:        0 kB
ShmemPmdMapped:        0 kB
FileHugePages:         0 kB
FilePmdMapped:         0 kB
HugePages_Total:       0
HugePages_Free:        0
HugePages_Rsvd:        0
HugePages_Surp:        0
Hugepagesize:       2048 kB
Hugetlb:               0 kB
DirectMap4k:     2751296 kB
DirectMap2M:     5224448 kB
DirectMap1G:    58720256 kB

