MemTotal:       65439348 kB
MemFree:        63718964 kB
MemAvailable:   63820828 kB
Buffers:           57616 kB
Cached:           611868 kB
SwapCached:            0 kB
Active:           205552 kB
Inactive:         531844 kB
Active(anon):       3256 kB
Inactive(anon):    80220 kB
Active(file):     202296 kB
Inactive(file):   451624 kB
Unevictable:       19496 kB
Mlocked:           19496 kB
SwapTotal:       1996796 kB
SwapFree:        1996796 kB
Dirty:               684 kB
Writeback:             0 kB
AnonPages:         87068 kB
Mapped:            98164 kB
Shmem:              6380 kB
KReclaimable:      88508 kB
Slab:             325092 kB
SReclaimable:      88508 kB
SUnreclaim:       236584 kB
KernelStack:       10288 kB
PageTables:         2992 kB
NFS_Unstable:          0 kB
Bounce:                0 kB
WritebackTmp:          0 kB
CommitLimit:    34716468 kB
Committed_AS:     854040 kB
VmallocTotal:   34359738367 kB
VmallocUsed:       44524 kB
VmallocChunk:          0 kB
Percpu:           242496 kB
HardwareCorrupted:     0 kB
AnonHugePages:         0 kB
ShmemHugePages:        0 kB
ShmemPmdMapped:        0 kB
FileHugePages:         0 kB
FilePmdMapped:         0 kB
HugePages_Total:       0
HugePages_Free:        0
HugePages_Rsvd:        0
HugePages_Surp:        0
Hugepagesize:       2048 kB
Hugetlb:               0 kB
DirectMap4k:     2818880 kB
DirectMap2M:     5156864 kB
DirectMap1G:    58720256 kB

