MemTotal:       65439348 kB
MemFree:        63721136 kB
MemAvailable:   63822756 kB
Buffers:           57576 kB
Cached:           611596 kB
SwapCached:            0 kB
Active:           205536 kB
Inactive:         531212 kB
Active(anon):       3244 kB
Inactive(anon):    79824 kB
Active(file):     202292 kB
Inactive(file):   451388 kB
Unevictable:       19496 kB
Mlocked:           19496 kB
SwapTotal:       1996796 kB
SwapFree:        1996796 kB
Dirty:               828 kB
Writeback:             0 kB
AnonPages:         86740 kB
Mapped:            97568 kB
Shmem:              6380 kB
KReclaimable:      88500 kB
Slab:             324776 kB
SReclaimable:      88500 kB
SUnreclaim:       236276 kB
KernelStack:       10272 kB
PageTables:         2668 kB
NFS_Unstable:          0 kB
Bounce:                0 kB
WritebackTmp:          0 kB
CommitLimit:    34716468 kB
Committed_AS:     854036 kB
VmallocTotal:   34359738367 kB
VmallocUsed:       44620 kB
VmallocChunk:          0 kB
Percpu:           242496 kB
HardwareCorrupted:     0 kB
AnonHugePages:         0 kB
ShmemHugePages:        0 kB
ShmemPmdMapped:        0 kB
FileHugePages:         0 kB
FilePmdMapped:         0 kB
HugePages_Total:       0
HugePages_Free:        0
HugePages_Rsvd:        0
HugePages_Surp:        0
Hugepagesize:       2048 kB
Hugetlb:               0 kB
DirectMap4k:     2818880 kB
DirectMap2M:     5156864 kB
DirectMap1G:    58720256 kB

