MemTotal:       65439348 kB
MemFree:        64296308 kB
MemAvailable:   64010236 kB
Buffers:           35240 kB
Cached:           257588 kB
SwapCached:            0 kB
Active:           128052 kB
Inactive:         224852 kB
Active(anon):       3216 kB
Inactive(anon):    72336 kB
Active(file):     124836 kB
Inactive(file):   152516 kB
Unevictable:       19496 kB
Mlocked:           19496 kB
SwapTotal:       1996796 kB
SwapFree:        1996796 kB
Dirty:               644 kB
Writeback:             0 kB
AnonPages:         80096 kB
Mapped:            75064 kB
Shmem:              6376 kB
KReclaimable:      65776 kB
Slab:             286652 kB
SReclaimable:      65776 kB
SUnreclaim:       220876 kB
KernelStack:       10016 kB
PageTables:         2428 kB
NFS_Unstable:          0 kB
Bounce:                0 kB
WritebackTmp:          0 kB
CommitLimit:    34716468 kB
Committed_AS:     790356 kB
VmallocTotal:   34359738367 kB
VmallocUsed:       38372 kB
VmallocChunk:          0 kB
Percpu:            96576 kB
HardwareCorrupted:     0 kB
AnonHugePages:         0 kB
ShmemHugePages:        0 kB
ShmemPmdMapped:        0 kB
FileHugePages:         0 kB
FilePmdMapped:         0 kB
HugePages_Total:       0
HugePages_Free:        0
HugePages_Rsvd:        0
HugePages_Surp:        0
Hugepagesize:       2048 kB
Hugetlb:               0 kB
DirectMap4k:     2218816 kB
DirectMap2M:     5756928 kB
DirectMap1G:    58720256 kB

