MemTotal:       65439348 kB
MemFree:        63881564 kB
MemAvailable:   63906584 kB
Buffers:           48208 kB
Cached:           548780 kB
SwapCached:            0 kB
Active:           156472 kB
Inactive:         502264 kB
Active(anon):       3252 kB
Inactive(anon):    74028 kB
Active(file):     153220 kB
Inactive(file):   428236 kB
Unevictable:       19496 kB
Mlocked:           19496 kB
SwapTotal:       1996796 kB
SwapFree:        1996796 kB
Dirty:               584 kB
Writeback:             0 kB
AnonPages:         81340 kB
Mapped:            82872 kB
Shmem:              6376 kB
KReclaimable:      79748 kB
Slab:             310308 kB
SReclaimable:      79748 kB
SUnreclaim:       230560 kB
KernelStack:        9856 kB
PageTables:         2244 kB
NFS_Unstable:          0 kB
Bounce:                0 kB
WritebackTmp:          0 kB
CommitLimit:    34716468 kB
Committed_AS:     799200 kB
VmallocTotal:   34359738367 kB
VmallocUsed:       41552 kB
VmallocChunk:          0 kB
Percpu:           175488 kB
HardwareCorrupted:     0 kB
AnonHugePages:         0 kB
ShmemHugePages:        0 kB
ShmemPmdMapped:        0 kB
FileHugePages:         0 kB
FilePmdMapped:         0 kB
HugePages_Total:       0
HugePages_Free:        0
HugePages_Rsvd:        0
HugePages_Surp:        0
Hugepagesize:       2048 kB
Hugetlb:               0 kB
DirectMap4k:     2741056 kB
DirectMap2M:     5234688 kB
DirectMap1G:    58720256 kB

