MemTotal:       65439348 kB
MemFree:        64251608 kB
MemAvailable:   63990616 kB
Buffers:           38336 kB
Cached:           278304 kB
SwapCached:            0 kB
Active:           131144 kB
Inactive:         245632 kB
Active(anon):       3216 kB
Inactive(anon):    72412 kB
Active(file):     127928 kB
Inactive(file):   173220 kB
Unevictable:       19496 kB
Mlocked:           19496 kB
SwapTotal:       1996796 kB
SwapFree:        1996796 kB
Dirty:               732 kB
Writeback:             0 kB
AnonPages:         79776 kB
Mapped:            76976 kB
Shmem:              6376 kB
KReclaimable:      68344 kB
Slab:             291468 kB
SReclaimable:      68344 kB
SUnreclaim:       223124 kB
KernelStack:       10000 kB
PageTables:         2408 kB
NFS_Unstable:          0 kB
Bounce:                0 kB
WritebackTmp:          0 kB
CommitLimit:    34716468 kB
Committed_AS:     790744 kB
VmallocTotal:   34359738367 kB
VmallocUsed:       38436 kB
VmallocChunk:          0 kB
Percpu:           106176 kB
HardwareCorrupted:     0 kB
AnonHugePages:         0 kB
ShmemHugePages:        0 kB
ShmemPmdMapped:        0 kB
FileHugePages:         0 kB
FilePmdMapped:         0 kB
HugePages_Total:       0
HugePages_Free:        0
HugePages_Rsvd:        0
HugePages_Surp:        0
Hugepagesize:       2048 kB
Hugetlb:               0 kB
DirectMap4k:     2554688 kB
DirectMap2M:     5421056 kB
DirectMap1G:    58720256 kB

