MemTotal:       65439348 kB
MemFree:        64227244 kB
MemAvailable:   63978684 kB
Buffers:           39732 kB
Cached:           288752 kB
SwapCached:            0 kB
Active:           133436 kB
Inactive:         255192 kB
Active(anon):       3216 kB
Inactive(anon):    72412 kB
Active(file):     130220 kB
Inactive(file):   182780 kB
Unevictable:       19496 kB
Mlocked:           19496 kB
SwapTotal:       1996796 kB
SwapFree:        1996796 kB
Dirty:               808 kB
Writeback:             0 kB
AnonPages:         79764 kB
Mapped:            77832 kB
Shmem:              6376 kB
KReclaimable:      69500 kB
Slab:             293928 kB
SReclaimable:      69500 kB
SUnreclaim:       224428 kB
KernelStack:        9984 kB
PageTables:         2416 kB
NFS_Unstable:          0 kB
Bounce:                0 kB
WritebackTmp:          0 kB
CommitLimit:    34716468 kB
Committed_AS:     790748 kB
VmallocTotal:   34359738367 kB
VmallocUsed:       39032 kB
VmallocChunk:          0 kB
Percpu:           116352 kB
HardwareCorrupted:     0 kB
AnonHugePages:         0 kB
ShmemHugePages:        0 kB
ShmemPmdMapped:        0 kB
FileHugePages:         0 kB
FilePmdMapped:         0 kB
HugePages_Total:       0
HugePages_Free:        0
HugePages_Rsvd:        0
HugePages_Surp:        0
Hugepagesize:       2048 kB
Hugetlb:               0 kB
DirectMap4k:     2661184 kB
DirectMap2M:     5314560 kB
DirectMap1G:    58720256 kB

