MemTotal:       65439348 kB
MemFree:        63868872 kB
MemAvailable:   63899960 kB
Buffers:           48696 kB
Cached:           553900 kB
SwapCached:            0 kB
Active:           157188 kB
Inactive:         506868 kB
Active(anon):       3256 kB
Inactive(anon):    73676 kB
Active(file):     153932 kB
Inactive(file):   433192 kB
Unevictable:       19496 kB
Mlocked:           19496 kB
SwapTotal:       1996796 kB
SwapFree:        1996796 kB
Dirty:              1872 kB
Writeback:             0 kB
AnonPages:         81060 kB
Mapped:            82996 kB
Shmem:              6372 kB
KReclaimable:      80548 kB
Slab:             312228 kB
SReclaimable:      80548 kB
SUnreclaim:       231680 kB
KernelStack:       10176 kB
PageTables:         2632 kB
NFS_Unstable:          0 kB
Bounce:                0 kB
WritebackTmp:          0 kB
CommitLimit:    34716468 kB
Committed_AS:     799200 kB
VmallocTotal:   34359738367 kB
VmallocUsed:       41696 kB
VmallocChunk:          0 kB
Percpu:           179136 kB
HardwareCorrupted:     0 kB
AnonHugePages:         0 kB
ShmemHugePages:        0 kB
ShmemPmdMapped:        0 kB
FileHugePages:         0 kB
FilePmdMapped:         0 kB
HugePages_Total:       0
HugePages_Free:        0
HugePages_Rsvd:        0
HugePages_Surp:        0
Hugepagesize:       2048 kB
Hugetlb:               0 kB
DirectMap4k:     2747200 kB
DirectMap2M:     5228544 kB
DirectMap1G:    58720256 kB

