MemTotal:       65439348 kB
MemFree:        64186372 kB
MemAvailable:   63961020 kB
Buffers:           41352 kB
Cached:           309580 kB
SwapCached:            0 kB
Active:           136764 kB
Inactive:         282220 kB
Active(anon):       3248 kB
Inactive(anon):    80336 kB
Active(file):     133516 kB
Inactive(file):   201884 kB
Unevictable:       19496 kB
Mlocked:           19496 kB
SwapTotal:       1996796 kB
SwapFree:        1996796 kB
Dirty:               672 kB
Writeback:             0 kB
AnonPages:         87696 kB
Mapped:            88528 kB
Shmem:              6380 kB
KReclaimable:      71120 kB
Slab:             296260 kB
SReclaimable:      71120 kB
SUnreclaim:       225140 kB
KernelStack:       10304 kB
PageTables:         3080 kB
NFS_Unstable:          0 kB
Bounce:                0 kB
WritebackTmp:          0 kB
CommitLimit:    34716468 kB
Committed_AS:     837616 kB
VmallocTotal:   34359738367 kB
VmallocUsed:       39732 kB
VmallocChunk:          0 kB
Percpu:           124992 kB
HardwareCorrupted:     0 kB
AnonHugePages:         0 kB
ShmemHugePages:        0 kB
ShmemPmdMapped:        0 kB
FileHugePages:         0 kB
FilePmdMapped:         0 kB
HugePages_Total:       0
HugePages_Free:        0
HugePages_Rsvd:        0
HugePages_Surp:        0
Hugepagesize:       2048 kB
Hugetlb:               0 kB
DirectMap4k:     2673472 kB
DirectMap2M:     5302272 kB
DirectMap1G:    58720256 kB

