MemTotal:       65439348 kB
MemFree:        63821904 kB
MemAvailable:   63876492 kB
Buffers:           51708 kB
Cached:           572988 kB
SwapCached:            0 kB
Active:           198980 kB
Inactive:         486656 kB
Active(anon):       3244 kB
Inactive(anon):    73184 kB
Active(file):     195736 kB
Inactive(file):   413472 kB
Unevictable:       19496 kB
Mlocked:           19496 kB
SwapTotal:       1996796 kB
SwapFree:        1996796 kB
Dirty:               656 kB
Writeback:             0 kB
AnonPages:         80508 kB
Mapped:            84504 kB
Shmem:              6376 kB
KReclaimable:      83384 kB
Slab:             316504 kB
SReclaimable:      83384 kB
SUnreclaim:       233120 kB
KernelStack:       10032 kB
PageTables:         2472 kB
NFS_Unstable:          0 kB
Bounce:                0 kB
WritebackTmp:          0 kB
CommitLimit:    34716468 kB
Committed_AS:     807648 kB
VmallocTotal:   34359738367 kB
VmallocUsed:       42824 kB
VmallocChunk:          0 kB
Percpu:           200256 kB
HardwareCorrupted:     0 kB
AnonHugePages:         0 kB
ShmemHugePages:        0 kB
ShmemPmdMapped:        0 kB
FileHugePages:         0 kB
FilePmdMapped:         0 kB
HugePages_Total:       0
HugePages_Free:        0
HugePages_Rsvd:        0
HugePages_Surp:        0
Hugepagesize:       2048 kB
Hugetlb:               0 kB
DirectMap4k:     2769728 kB
DirectMap2M:     5206016 kB
DirectMap1G:    58720256 kB

