MemTotal:       65439348 kB
MemFree:        64252344 kB
MemAvailable:   63992892 kB
Buffers:           38520 kB
Cached:           279584 kB
SwapCached:            0 kB
Active:           131344 kB
Inactive:         248092 kB
Active(anon):       3228 kB
Inactive(anon):    73584 kB
Active(file):     128116 kB
Inactive(file):   174508 kB
Unevictable:       19496 kB
Mlocked:           19496 kB
SwapTotal:       1996796 kB
SwapFree:        1996796 kB
Dirty:               456 kB
Writeback:             0 kB
AnonPages:         80808 kB
Mapped:            76936 kB
Shmem:              6376 kB
KReclaimable:      68468 kB
Slab:             291852 kB
SReclaimable:      68468 kB
SUnreclaim:       223384 kB
KernelStack:       10016 kB
PageTables:         2264 kB
NFS_Unstable:          0 kB
Bounce:                0 kB
WritebackTmp:          0 kB
CommitLimit:    34716468 kB
Committed_AS:     790612 kB
VmallocTotal:   34359738367 kB
VmallocUsed:       39016 kB
VmallocChunk:          0 kB
Percpu:           107328 kB
HardwareCorrupted:     0 kB
AnonHugePages:         0 kB
ShmemHugePages:        0 kB
ShmemPmdMapped:        0 kB
FileHugePages:         0 kB
FilePmdMapped:         0 kB
HugePages_Total:       0
HugePages_Free:        0
HugePages_Rsvd:        0
HugePages_Surp:        0
Hugepagesize:       2048 kB
Hugetlb:               0 kB
DirectMap4k:     2577216 kB
DirectMap2M:     5398528 kB
DirectMap1G:    58720256 kB

