MemTotal:       65439348 kB
MemFree:        63720824 kB
MemAvailable:   63822364 kB
Buffers:           57568 kB
Cached:           611536 kB
SwapCached:            0 kB
Active:           205548 kB
Inactive:         529612 kB
Active(anon):       3256 kB
Inactive(anon):    78284 kB
Active(file):     202292 kB
Inactive(file):   451328 kB
Unevictable:       19496 kB
Mlocked:           19496 kB
SwapTotal:       1996796 kB
SwapFree:        1996796 kB
Dirty:               680 kB
Writeback:             0 kB
AnonPages:         85144 kB
Mapped:            97140 kB
Shmem:              6380 kB
KReclaimable:      88464 kB
Slab:             324956 kB
SReclaimable:      88464 kB
SUnreclaim:       236492 kB
KernelStack:       10256 kB
PageTables:         2844 kB
NFS_Unstable:          0 kB
Bounce:                0 kB
WritebackTmp:          0 kB
CommitLimit:    34716468 kB
Committed_AS:     854036 kB
VmallocTotal:   34359738367 kB
VmallocUsed:       44620 kB
VmallocChunk:          0 kB
Percpu:           241920 kB
HardwareCorrupted:     0 kB
AnonHugePages:         0 kB
ShmemHugePages:        0 kB
ShmemPmdMapped:        0 kB
FileHugePages:         0 kB
FilePmdMapped:         0 kB
HugePages_Total:       0
HugePages_Free:        0
HugePages_Rsvd:        0
HugePages_Surp:        0
Hugepagesize:       2048 kB
Hugetlb:               0 kB
DirectMap4k:     2818880 kB
DirectMap2M:     5156864 kB
DirectMap1G:    58720256 kB

