MemTotal:       65439348 kB
MemFree:        63729796 kB
MemAvailable:   63826828 kB
Buffers:           57104 kB
Cached:           607748 kB
SwapCached:            0 kB
Active:           205084 kB
Inactive:         527232 kB
Active(anon):       3252 kB
Inactive(anon):    79688 kB
Active(file):     201832 kB
Inactive(file):   447544 kB
Unevictable:       19496 kB
Mlocked:           19496 kB
SwapTotal:       1996796 kB
SwapFree:        1996796 kB
Dirty:               928 kB
Writeback:             0 kB
AnonPages:         87076 kB
Mapped:            96780 kB
Shmem:              6376 kB
KReclaimable:      87932 kB
Slab:             324464 kB
SReclaimable:      87932 kB
SUnreclaim:       236532 kB
KernelStack:       10192 kB
PageTables:         2568 kB
NFS_Unstable:          0 kB
Bounce:                0 kB
WritebackTmp:          0 kB
CommitLimit:    34716468 kB
Committed_AS:     854036 kB
VmallocTotal:   34359738367 kB
VmallocUsed:       44700 kB
VmallocChunk:          0 kB
Percpu:           237696 kB
HardwareCorrupted:     0 kB
AnonHugePages:         0 kB
ShmemHugePages:        0 kB
ShmemPmdMapped:        0 kB
FileHugePages:         0 kB
FilePmdMapped:         0 kB
HugePages_Total:       0
HugePages_Free:        0
HugePages_Rsvd:        0
HugePages_Surp:        0
Hugepagesize:       2048 kB
Hugetlb:               0 kB
DirectMap4k:     2812736 kB
DirectMap2M:     5163008 kB
DirectMap1G:    58720256 kB

