MemTotal:       65439348 kB
MemFree:        64142528 kB
MemAvailable:   63938248 kB
Buffers:           43964 kB
Cached:           326760 kB
SwapCached:            0 kB
Active:           139712 kB
Inactive:         297032 kB
Active(anon):       3248 kB
Inactive(anon):    78260 kB
Active(file):     136464 kB
Inactive(file):   218772 kB
Unevictable:       19496 kB
Mlocked:           19496 kB
SwapTotal:       1996796 kB
SwapFree:        1996796 kB
Dirty:               820 kB
Writeback:             0 kB
AnonPages:         85636 kB
Mapped:            89308 kB
Shmem:              6380 kB
KReclaimable:      73588 kB
Slab:             302524 kB
SReclaimable:      73588 kB
SUnreclaim:       228936 kB
KernelStack:       10080 kB
PageTables:         2572 kB
NFS_Unstable:          0 kB
Bounce:                0 kB
WritebackTmp:          0 kB
CommitLimit:    34716468 kB
Committed_AS:     838260 kB
VmallocTotal:   34359738367 kB
VmallocUsed:       40200 kB
VmallocChunk:          0 kB
Percpu:           143616 kB
HardwareCorrupted:     0 kB
AnonHugePages:         0 kB
ShmemHugePages:        0 kB
ShmemPmdMapped:        0 kB
FileHugePages:         0 kB
FilePmdMapped:         0 kB
HugePages_Total:       0
HugePages_Free:        0
HugePages_Rsvd:        0
HugePages_Surp:        0
Hugepagesize:       2048 kB
Hugetlb:               0 kB
DirectMap4k:     2702144 kB
DirectMap2M:     5273600 kB
DirectMap1G:    58720256 kB

