MemTotal:       65439348 kB
MemFree:        64129360 kB
MemAvailable:   63932804 kB
Buffers:           44904 kB
Cached:           333128 kB
SwapCached:            0 kB
Active:           140664 kB
Inactive:         303752 kB
Active(anon):       3252 kB
Inactive(anon):    78620 kB
Active(file):     137412 kB
Inactive(file):   225132 kB
Unevictable:       19496 kB
Mlocked:           19496 kB
SwapTotal:       1996796 kB
SwapFree:        1996796 kB
Dirty:               892 kB
Writeback:             0 kB
AnonPages:         85988 kB
Mapped:            90640 kB
Shmem:              6380 kB
KReclaimable:      74420 kB
Slab:             302920 kB
SReclaimable:      74420 kB
SUnreclaim:       228500 kB
KernelStack:       10144 kB
PageTables:         2648 kB
NFS_Unstable:          0 kB
Bounce:                0 kB
WritebackTmp:          0 kB
CommitLimit:    34716468 kB
Committed_AS:     837872 kB
VmallocTotal:   34359738367 kB
VmallocUsed:       40796 kB
VmallocChunk:          0 kB
Percpu:           150912 kB
HardwareCorrupted:     0 kB
AnonHugePages:         0 kB
ShmemHugePages:        0 kB
ShmemPmdMapped:        0 kB
FileHugePages:         0 kB
FilePmdMapped:         0 kB
HugePages_Total:       0
HugePages_Free:        0
HugePages_Rsvd:        0
HugePages_Surp:        0
Hugepagesize:       2048 kB
Hugetlb:               0 kB
DirectMap4k:     2712384 kB
DirectMap2M:     5263360 kB
DirectMap1G:    58720256 kB

