MemTotal:       65439348 kB
MemFree:        64264360 kB
MemAvailable:   63998832 kB
Buffers:           37892 kB
Cached:           274368 kB
SwapCached:            0 kB
Active:           130708 kB
Inactive:         241956 kB
Active(anon):       3216 kB
Inactive(anon):    72672 kB
Active(file):     127492 kB
Inactive(file):   169284 kB
Unevictable:       19496 kB
Mlocked:           19496 kB
SwapTotal:       1996796 kB
SwapFree:        1996796 kB
Dirty:               148 kB
Writeback:             0 kB
AnonPages:         80004 kB
Mapped:            76236 kB
Shmem:              6376 kB
KReclaimable:      68016 kB
Slab:             291744 kB
SReclaimable:      68016 kB
SUnreclaim:       223728 kB
KernelStack:        9968 kB
PageTables:         2392 kB
NFS_Unstable:          0 kB
Bounce:                0 kB
WritebackTmp:          0 kB
CommitLimit:    34716468 kB
Committed_AS:     790616 kB
VmallocTotal:   34359738367 kB
VmallocUsed:       38436 kB
VmallocChunk:          0 kB
Percpu:           102528 kB
HardwareCorrupted:     0 kB
AnonHugePages:         0 kB
ShmemHugePages:        0 kB
ShmemPmdMapped:        0 kB
FileHugePages:         0 kB
FilePmdMapped:         0 kB
HugePages_Total:       0
HugePages_Free:        0
HugePages_Rsvd:        0
HugePages_Surp:        0
Hugepagesize:       2048 kB
Hugetlb:               0 kB
DirectMap4k:     2493248 kB
DirectMap2M:     5482496 kB
DirectMap1G:    58720256 kB

