MemTotal:       65439348 kB
MemFree:        63864264 kB
MemAvailable:   63898552 kB
Buffers:           49068 kB
Cached:           556568 kB
SwapCached:            0 kB
Active:           157544 kB
Inactive:         508544 kB
Active(anon):       3244 kB
Inactive(anon):    72688 kB
Active(file):     154300 kB
Inactive(file):   435856 kB
Unevictable:       19496 kB
Mlocked:           19496 kB
SwapTotal:       1996796 kB
SwapFree:        1996796 kB
Dirty:               668 kB
Writeback:             0 kB
AnonPages:         80020 kB
Mapped:            83064 kB
Shmem:              6376 kB
KReclaimable:      80884 kB
Slab:             312352 kB
SReclaimable:      80884 kB
SUnreclaim:       231468 kB
KernelStack:       10032 kB
PageTables:         2432 kB
NFS_Unstable:          0 kB
Bounce:                0 kB
WritebackTmp:          0 kB
CommitLimit:    34716468 kB
Committed_AS:     799592 kB
VmallocTotal:   34359738367 kB
VmallocUsed:       41744 kB
VmallocChunk:          0 kB
Percpu:           182208 kB
HardwareCorrupted:     0 kB
AnonHugePages:         0 kB
ShmemHugePages:        0 kB
ShmemPmdMapped:        0 kB
FileHugePages:         0 kB
FilePmdMapped:         0 kB
HugePages_Total:       0
HugePages_Free:        0
HugePages_Rsvd:        0
HugePages_Surp:        0
Hugepagesize:       2048 kB
Hugetlb:               0 kB
DirectMap4k:     2747200 kB
DirectMap2M:     5228544 kB
DirectMap1G:    58720256 kB

