MemTotal:       65439348 kB
MemFree:        64224236 kB
MemAvailable:   63976696 kB
Buffers:           39876 kB
Cached:           289520 kB
SwapCached:            0 kB
Active:           133608 kB
Inactive:         257228 kB
Active(anon):       3240 kB
Inactive(anon):    73688 kB
Active(file):     130368 kB
Inactive(file):   183540 kB
Unevictable:       19496 kB
Mlocked:           19496 kB
SwapTotal:       1996796 kB
SwapFree:        1996796 kB
Dirty:               912 kB
Writeback:             0 kB
AnonPages:         81048 kB
Mapped:            77712 kB
Shmem:              6376 kB
KReclaimable:      69724 kB
Slab:             294732 kB
SReclaimable:      69724 kB
SUnreclaim:       225008 kB
KernelStack:       10080 kB
PageTables:         2880 kB
NFS_Unstable:          0 kB
Bounce:                0 kB
WritebackTmp:          0 kB
CommitLimit:    34716468 kB
Committed_AS:     790360 kB
VmallocTotal:   34359738367 kB
VmallocUsed:       39064 kB
VmallocChunk:          0 kB
Percpu:           117696 kB
HardwareCorrupted:     0 kB
AnonHugePages:         0 kB
ShmemHugePages:        0 kB
ShmemPmdMapped:        0 kB
FileHugePages:         0 kB
FilePmdMapped:         0 kB
HugePages_Total:       0
HugePages_Free:        0
HugePages_Rsvd:        0
HugePages_Surp:        0
Hugepagesize:       2048 kB
Hugetlb:               0 kB
DirectMap4k:     2663232 kB
DirectMap2M:     5312512 kB
DirectMap1G:    58720256 kB

