MemTotal:       65439348 kB
MemFree:        63784104 kB
MemAvailable:   63857812 kB
Buffers:           54080 kB
Cached:           588712 kB
SwapCached:            0 kB
Active:           201360 kB
Inactive:         502032 kB
Active(anon):       3244 kB
Inactive(anon):    72836 kB
Active(file):     198116 kB
Inactive(file):   429196 kB
Unevictable:       19496 kB
Mlocked:           19496 kB
SwapTotal:       1996796 kB
SwapFree:        1996796 kB
Dirty:                28 kB
Writeback:             0 kB
AnonPages:         80180 kB
Mapped:            85808 kB
Shmem:              6376 kB
KReclaimable:      85416 kB
Slab:             320148 kB
SReclaimable:      85416 kB
SUnreclaim:       234732 kB
KernelStack:        9904 kB
PageTables:         2452 kB
NFS_Unstable:          0 kB
Bounce:                0 kB
WritebackTmp:          0 kB
CommitLimit:    34716468 kB
Committed_AS:     808040 kB
VmallocTotal:   34359738367 kB
VmallocUsed:       43164 kB
VmallocChunk:          0 kB
Percpu:           217152 kB
HardwareCorrupted:     0 kB
AnonHugePages:         0 kB
ShmemHugePages:        0 kB
ShmemPmdMapped:        0 kB
FileHugePages:         0 kB
FilePmdMapped:         0 kB
HugePages_Total:       0
HugePages_Free:        0
HugePages_Rsvd:        0
HugePages_Surp:        0
Hugepagesize:       2048 kB
Hugetlb:               0 kB
DirectMap4k:     2790208 kB
DirectMap2M:     5185536 kB
DirectMap1G:    58720256 kB

