MemTotal:       65439348 kB
MemFree:        63704640 kB
MemAvailable:   63815424 kB
Buffers:           58608 kB
Cached:           619272 kB
SwapCached:            0 kB
Active:           211488 kB
Inactive:         527388 kB
Active(anon):       3244 kB
Inactive(anon):    73264 kB
Active(file):     208244 kB
Inactive(file):   454124 kB
Unevictable:       19496 kB
Mlocked:           19496 kB
SwapTotal:       1996796 kB
SwapFree:        1996796 kB
Dirty:               776 kB
Writeback:             0 kB
AnonPages:         80524 kB
Mapped:            88180 kB
Shmem:              6376 kB
KReclaimable:      89456 kB
Slab:             328704 kB
SReclaimable:      89456 kB
SUnreclaim:       239248 kB
KernelStack:       10048 kB
PageTables:         2508 kB
NFS_Unstable:          0 kB
Bounce:                0 kB
WritebackTmp:          0 kB
CommitLimit:    34716468 kB
Committed_AS:     808040 kB
VmallocTotal:   34359738367 kB
VmallocUsed:       44824 kB
VmallocChunk:          0 kB
Percpu:           250176 kB
HardwareCorrupted:     0 kB
AnonHugePages:         0 kB
ShmemHugePages:        0 kB
ShmemPmdMapped:        0 kB
FileHugePages:         0 kB
FilePmdMapped:         0 kB
HugePages_Total:       0
HugePages_Free:        0
HugePages_Rsvd:        0
HugePages_Surp:        0
Hugepagesize:       2048 kB
Hugetlb:               0 kB
DirectMap4k:     2831168 kB
DirectMap2M:     5144576 kB
DirectMap1G:    58720256 kB

