MemTotal:       65439348 kB
MemFree:        63818532 kB
MemAvailable:   63875932 kB
Buffers:           52048 kB
Cached:           575296 kB
SwapCached:            0 kB
Active:           199336 kB
Inactive:         488636 kB
Active(anon):       3248 kB
Inactive(anon):    72860 kB
Active(file):     196088 kB
Inactive(file):   415776 kB
Unevictable:       19496 kB
Mlocked:           19496 kB
SwapTotal:       1996796 kB
SwapFree:        1996796 kB
Dirty:               912 kB
Writeback:             0 kB
AnonPages:         80640 kB
Mapped:            84704 kB
Shmem:              6376 kB
KReclaimable:      83692 kB
Slab:             317616 kB
SReclaimable:      83692 kB
SUnreclaim:       233924 kB
KernelStack:       10064 kB
PageTables:         2504 kB
NFS_Unstable:          0 kB
Bounce:                0 kB
WritebackTmp:          0 kB
CommitLimit:    34716468 kB
Committed_AS:     807652 kB
VmallocTotal:   34359738367 kB
VmallocUsed:       42776 kB
VmallocChunk:          0 kB
Percpu:           202560 kB
HardwareCorrupted:     0 kB
AnonHugePages:         0 kB
ShmemHugePages:        0 kB
ShmemPmdMapped:        0 kB
FileHugePages:         0 kB
FilePmdMapped:         0 kB
HugePages_Total:       0
HugePages_Free:        0
HugePages_Rsvd:        0
HugePages_Surp:        0
Hugepagesize:       2048 kB
Hugetlb:               0 kB
DirectMap4k:     2769728 kB
DirectMap2M:     5206016 kB
DirectMap1G:    58720256 kB

