MemTotal:       65439348 kB
MemFree:        63887556 kB
MemAvailable:   63909080 kB
Buffers:           47768 kB
Cached:           545872 kB
SwapCached:            0 kB
Active:           156036 kB
Inactive:         498536 kB
Active(anon):       3244 kB
Inactive(anon):    73208 kB
Active(file):     152792 kB
Inactive(file):   425328 kB
Unevictable:       19496 kB
Mlocked:           19496 kB
SwapTotal:       1996796 kB
SwapFree:        1996796 kB
Dirty:               760 kB
Writeback:             0 kB
AnonPages:         80584 kB
Mapped:            82516 kB
Shmem:              6376 kB
KReclaimable:      79428 kB
Slab:             309348 kB
SReclaimable:      79428 kB
SUnreclaim:       229920 kB
KernelStack:       10096 kB
PageTables:         2480 kB
NFS_Unstable:          0 kB
Bounce:                0 kB
WritebackTmp:          0 kB
CommitLimit:    34716468 kB
Committed_AS:     799592 kB
VmallocTotal:   34359738367 kB
VmallocUsed:       41872 kB
VmallocChunk:          0 kB
Percpu:           172416 kB
HardwareCorrupted:     0 kB
AnonHugePages:         0 kB
ShmemHugePages:        0 kB
ShmemPmdMapped:        0 kB
FileHugePages:         0 kB
FilePmdMapped:         0 kB
HugePages_Total:       0
HugePages_Free:        0
HugePages_Rsvd:        0
HugePages_Surp:        0
Hugepagesize:       2048 kB
Hugetlb:               0 kB
DirectMap4k:     2736960 kB
DirectMap2M:     5238784 kB
DirectMap1G:    58720256 kB

