MemTotal:       65439348 kB
MemFree:        64253472 kB
MemAvailable:   63993312 kB
Buffers:           38420 kB
Cached:           279020 kB
SwapCached:            0 kB
Active:           131236 kB
Inactive:         246384 kB
Active(anon):       3216 kB
Inactive(anon):    72448 kB
Active(file):     128020 kB
Inactive(file):   173936 kB
Unevictable:       19496 kB
Mlocked:           19496 kB
SwapTotal:       1996796 kB
SwapFree:        1996796 kB
Dirty:               508 kB
Writeback:             0 kB
AnonPages:         79772 kB
Mapped:            76864 kB
Shmem:              6376 kB
KReclaimable:      68388 kB
Slab:             291188 kB
SReclaimable:      68388 kB
SUnreclaim:       222800 kB
KernelStack:       10016 kB
PageTables:         2412 kB
NFS_Unstable:          0 kB
Bounce:                0 kB
WritebackTmp:          0 kB
CommitLimit:    34716468 kB
Committed_AS:     790616 kB
VmallocTotal:   34359738367 kB
VmallocUsed:       38548 kB
VmallocChunk:          0 kB
Percpu:           106752 kB
HardwareCorrupted:     0 kB
AnonHugePages:         0 kB
ShmemHugePages:        0 kB
ShmemPmdMapped:        0 kB
FileHugePages:         0 kB
FilePmdMapped:         0 kB
HugePages_Total:       0
HugePages_Free:        0
HugePages_Rsvd:        0
HugePages_Surp:        0
Hugepagesize:       2048 kB
Hugetlb:               0 kB
DirectMap4k:     2566976 kB
DirectMap2M:     5408768 kB
DirectMap1G:    58720256 kB

