MemTotal:       65439348 kB
MemFree:        64262948 kB
MemAvailable:   63997936 kB
Buffers:           37956 kB
Cached:           274836 kB
SwapCached:            0 kB
Active:           130744 kB
Inactive:         242432 kB
Active(anon):       3212 kB
Inactive(anon):    72680 kB
Active(file):     127532 kB
Inactive(file):   169752 kB
Unevictable:       19496 kB
Mlocked:           19496 kB
SwapTotal:       1996796 kB
SwapFree:        1996796 kB
Dirty:               180 kB
Writeback:             0 kB
AnonPages:         80000 kB
Mapped:            76260 kB
Shmem:              6376 kB
KReclaimable:      68032 kB
Slab:             291312 kB
SReclaimable:      68032 kB
SUnreclaim:       223280 kB
KernelStack:       10000 kB
PageTables:         2392 kB
NFS_Unstable:          0 kB
Bounce:                0 kB
WritebackTmp:          0 kB
CommitLimit:    34716468 kB
Committed_AS:     790744 kB
VmallocTotal:   34359738367 kB
VmallocUsed:       38436 kB
VmallocChunk:          0 kB
Percpu:           103104 kB
HardwareCorrupted:     0 kB
AnonHugePages:         0 kB
ShmemHugePages:        0 kB
ShmemPmdMapped:        0 kB
FileHugePages:         0 kB
FilePmdMapped:         0 kB
HugePages_Total:       0
HugePages_Free:        0
HugePages_Rsvd:        0
HugePages_Surp:        0
Hugepagesize:       2048 kB
Hugetlb:               0 kB
DirectMap4k:     2505536 kB
DirectMap2M:     5470208 kB
DirectMap1G:    58720256 kB

