MemTotal:       65439348 kB
MemFree:        63706832 kB
MemAvailable:   63815376 kB
Buffers:           58392 kB
Cached:           617324 kB
SwapCached:            0 kB
Active:           211312 kB
Inactive:         527120 kB
Active(anon):       3256 kB
Inactive(anon):    74940 kB
Active(file):     208056 kB
Inactive(file):   452180 kB
Unevictable:       19496 kB
Mlocked:           19496 kB
SwapTotal:       1996796 kB
SwapFree:        1996796 kB
Dirty:               856 kB
Writeback:             0 kB
AnonPages:         81936 kB
Mapped:            89208 kB
Shmem:              6372 kB
KReclaimable:      89236 kB
Slab:             327136 kB
SReclaimable:      89236 kB
SUnreclaim:       237900 kB
KernelStack:       10144 kB
PageTables:         2544 kB
NFS_Unstable:          0 kB
Bounce:                0 kB
WritebackTmp:          0 kB
CommitLimit:    34716468 kB
Committed_AS:     807652 kB
VmallocTotal:   34359738367 kB
VmallocUsed:       44792 kB
VmallocChunk:          0 kB
Percpu:           248448 kB
HardwareCorrupted:     0 kB
AnonHugePages:         0 kB
ShmemHugePages:        0 kB
ShmemPmdMapped:        0 kB
FileHugePages:         0 kB
FilePmdMapped:         0 kB
HugePages_Total:       0
HugePages_Free:        0
HugePages_Rsvd:        0
HugePages_Surp:        0
Hugepagesize:       2048 kB
Hugetlb:               0 kB
DirectMap4k:     2825024 kB
DirectMap2M:     5150720 kB
DirectMap1G:    58720256 kB

