MemTotal:       65439348 kB
MemFree:        63907880 kB
MemAvailable:   63920812 kB
Buffers:           46768 kB
Cached:           538712 kB
SwapCached:            0 kB
Active:           155064 kB
Inactive:         492572 kB
Active(anon):       3228 kB
Inactive(anon):    74404 kB
Active(file):     151836 kB
Inactive(file):   418168 kB
Unevictable:       19496 kB
Mlocked:           19496 kB
SwapTotal:       1996796 kB
SwapFree:        1996796 kB
Dirty:               620 kB
Writeback:             0 kB
AnonPages:         81512 kB
Mapped:            83076 kB
Shmem:              6376 kB
KReclaimable:      78476 kB
Slab:             308756 kB
SReclaimable:      78476 kB
SUnreclaim:       230280 kB
KernelStack:        9936 kB
PageTables:         2420 kB
NFS_Unstable:          0 kB
Bounce:                0 kB
WritebackTmp:          0 kB
CommitLimit:    34716468 kB
Committed_AS:     799204 kB
VmallocTotal:   34359738367 kB
VmallocUsed:       41084 kB
VmallocChunk:          0 kB
Percpu:           164736 kB
HardwareCorrupted:     0 kB
AnonHugePages:         0 kB
ShmemHugePages:        0 kB
ShmemPmdMapped:        0 kB
FileHugePages:         0 kB
FilePmdMapped:         0 kB
HugePages_Total:       0
HugePages_Free:        0
HugePages_Rsvd:        0
HugePages_Surp:        0
Hugepagesize:       2048 kB
Hugetlb:               0 kB
DirectMap4k:     2728768 kB
DirectMap2M:     5246976 kB
DirectMap1G:    58720256 kB

