MemTotal:       65439348 kB
MemFree:        64224148 kB
MemAvailable:   63978356 kB
Buffers:           40068 kB
Cached:           290936 kB
SwapCached:            0 kB
Active:           133772 kB
Inactive:         259232 kB
Active(anon):       3228 kB
Inactive(anon):    74280 kB
Active(file):     130544 kB
Inactive(file):   184952 kB
Unevictable:       19496 kB
Mlocked:           19496 kB
SwapTotal:       1996796 kB
SwapFree:        1996796 kB
Dirty:                72 kB
Writeback:             0 kB
AnonPages:         81636 kB
Mapped:            78196 kB
Shmem:              6380 kB
KReclaimable:      70044 kB
Slab:             295108 kB
SReclaimable:      70044 kB
SUnreclaim:       225064 kB
KernelStack:       10112 kB
PageTables:         2636 kB
NFS_Unstable:          0 kB
Bounce:                0 kB
WritebackTmp:          0 kB
CommitLimit:    34716468 kB
Committed_AS:     790360 kB
VmallocTotal:   34359738367 kB
VmallocUsed:       38984 kB
VmallocChunk:          0 kB
Percpu:           118848 kB
HardwareCorrupted:     0 kB
AnonHugePages:         0 kB
ShmemHugePages:        0 kB
ShmemPmdMapped:        0 kB
FileHugePages:         0 kB
FilePmdMapped:         0 kB
HugePages_Total:       0
HugePages_Free:        0
HugePages_Rsvd:        0
HugePages_Surp:        0
Hugepagesize:       2048 kB
Hugetlb:               0 kB
DirectMap4k:     2667328 kB
DirectMap2M:     5308416 kB
DirectMap1G:    58720256 kB

