MemTotal:       65439348 kB
MemFree:        64138504 kB
MemAvailable:   63938168 kB
Buffers:           44424 kB
Cached:           330004 kB
SwapCached:            0 kB
Active:           140176 kB
Inactive:         300484 kB
Active(anon):       3244 kB
Inactive(anon):    78468 kB
Active(file):     136932 kB
Inactive(file):   222016 kB
Unevictable:       19496 kB
Mlocked:           19496 kB
SwapTotal:       1996796 kB
SwapFree:        1996796 kB
Dirty:               616 kB
Writeback:             0 kB
AnonPages:         85712 kB
Mapped:            89560 kB
Shmem:              6380 kB
KReclaimable:      74056 kB
Slab:             301860 kB
SReclaimable:      74056 kB
SUnreclaim:       227804 kB
KernelStack:       10160 kB
PageTables:         2596 kB
NFS_Unstable:          0 kB
Bounce:                0 kB
WritebackTmp:          0 kB
CommitLimit:    34716468 kB
Committed_AS:     837872 kB
VmallocTotal:   34359738367 kB
VmallocUsed:       40812 kB
VmallocChunk:          0 kB
Percpu:           147264 kB
HardwareCorrupted:     0 kB
AnonHugePages:         0 kB
ShmemHugePages:        0 kB
ShmemPmdMapped:        0 kB
FileHugePages:         0 kB
FilePmdMapped:         0 kB
HugePages_Total:       0
HugePages_Free:        0
HugePages_Rsvd:        0
HugePages_Surp:        0
Hugepagesize:       2048 kB
Hugetlb:               0 kB
DirectMap4k:     2706240 kB
DirectMap2M:     5269504 kB
DirectMap1G:    58720256 kB

