MemTotal:       65439348 kB
MemFree:        64255188 kB
MemAvailable:   63992976 kB
Buffers:           38196 kB
Cached:           277268 kB
SwapCached:            0 kB
Active:           131016 kB
Inactive:         245660 kB
Active(anon):       3212 kB
Inactive(anon):    73476 kB
Active(file):     127804 kB
Inactive(file):   172184 kB
Unevictable:       19496 kB
Mlocked:           19496 kB
SwapTotal:       1996796 kB
SwapFree:        1996796 kB
Dirty:               864 kB
Writeback:             0 kB
AnonPages:         80784 kB
Mapped:            77336 kB
Shmem:              6376 kB
KReclaimable:      68224 kB
Slab:             292096 kB
SReclaimable:      68224 kB
SUnreclaim:       223872 kB
KernelStack:       10144 kB
PageTables:         2688 kB
NFS_Unstable:          0 kB
Bounce:                0 kB
WritebackTmp:          0 kB
CommitLimit:    34716468 kB
Committed_AS:     790356 kB
VmallocTotal:   34359738367 kB
VmallocUsed:       38484 kB
VmallocChunk:          0 kB
Percpu:           105600 kB
HardwareCorrupted:     0 kB
AnonHugePages:         0 kB
ShmemHugePages:        0 kB
ShmemPmdMapped:        0 kB
FileHugePages:         0 kB
FilePmdMapped:         0 kB
HugePages_Total:       0
HugePages_Free:        0
HugePages_Rsvd:        0
HugePages_Surp:        0
Hugepagesize:       2048 kB
Hugetlb:               0 kB
DirectMap4k:     2538304 kB
DirectMap2M:     5437440 kB
DirectMap1G:    58720256 kB

