MemTotal:       65439348 kB
MemFree:        64226968 kB
MemAvailable:   63980724 kB
Buffers:           40020 kB
Cached:           290584 kB
SwapCached:            0 kB
Active:           133756 kB
Inactive:         257996 kB
Active(anon):       3232 kB
Inactive(anon):    73392 kB
Active(file):     130524 kB
Inactive(file):   184604 kB
Unevictable:       19496 kB
Mlocked:           19496 kB
SwapTotal:       1996796 kB
SwapFree:        1996796 kB
Dirty:               684 kB
Writeback:             0 kB
AnonPages:         80660 kB
Mapped:            78244 kB
Shmem:              6376 kB
KReclaimable:      69876 kB
Slab:             294668 kB
SReclaimable:      69876 kB
SUnreclaim:       224792 kB
KernelStack:       10176 kB
PageTables:         2744 kB
NFS_Unstable:          0 kB
Bounce:                0 kB
WritebackTmp:          0 kB
CommitLimit:    34716468 kB
Committed_AS:     790364 kB
VmallocTotal:   34359738367 kB
VmallocUsed:       39032 kB
VmallocChunk:          0 kB
Percpu:           118848 kB
HardwareCorrupted:     0 kB
AnonHugePages:         0 kB
ShmemHugePages:        0 kB
ShmemPmdMapped:        0 kB
FileHugePages:         0 kB
FilePmdMapped:         0 kB
HugePages_Total:       0
HugePages_Free:        0
HugePages_Rsvd:        0
HugePages_Surp:        0
Hugepagesize:       2048 kB
Hugetlb:               0 kB
DirectMap4k:     2665280 kB
DirectMap2M:     5310464 kB
DirectMap1G:    58720256 kB

