MemTotal:       65439348 kB
MemFree:        63757424 kB
MemAvailable:   63840980 kB
Buffers:           55280 kB
Cached:           596808 kB
SwapCached:            0 kB
Active:           203240 kB
Inactive:         514988 kB
Active(anon):       3248 kB
Inactive(anon):    78380 kB
Active(file):     199992 kB
Inactive(file):   436608 kB
Unevictable:       19496 kB
Mlocked:           19496 kB
SwapTotal:       1996796 kB
SwapFree:        1996796 kB
Dirty:               156 kB
Writeback:             0 kB
AnonPages:         85744 kB
Mapped:            95892 kB
Shmem:              6380 kB
KReclaimable:      86532 kB
Slab:             323064 kB
SReclaimable:      86532 kB
SUnreclaim:       236532 kB
KernelStack:       10144 kB
PageTables:         2616 kB
NFS_Unstable:          0 kB
Bounce:                0 kB
WritebackTmp:          0 kB
CommitLimit:    34716468 kB
Committed_AS:     854424 kB
VmallocTotal:   34359738367 kB
VmallocUsed:       44104 kB
VmallocChunk:          0 kB
Percpu:           225600 kB
HardwareCorrupted:     0 kB
AnonHugePages:         0 kB
ShmemHugePages:        0 kB
ShmemPmdMapped:        0 kB
FileHugePages:         0 kB
FilePmdMapped:         0 kB
HugePages_Total:       0
HugePages_Free:        0
HugePages_Rsvd:        0
HugePages_Surp:        0
Hugepagesize:       2048 kB
Hugetlb:               0 kB
DirectMap4k:     2802496 kB
DirectMap2M:     5173248 kB
DirectMap1G:    58720256 kB

