MemTotal:       65439348 kB
MemFree:        63850880 kB
MemAvailable:   63890512 kB
Buffers:           49844 kB
Cached:           560760 kB
SwapCached:            0 kB
Active:           197096 kB
Inactive:         473984 kB
Active(anon):       3244 kB
Inactive(anon):    72740 kB
Active(file):     193852 kB
Inactive(file):   401244 kB
Unevictable:       19496 kB
Mlocked:           19496 kB
SwapTotal:       1996796 kB
SwapFree:        1996796 kB
Dirty:                28 kB
Writeback:             0 kB
AnonPages:         80040 kB
Mapped:            83368 kB
Shmem:              6376 kB
KReclaimable:      81696 kB
Slab:             313404 kB
SReclaimable:      81696 kB
SUnreclaim:       231708 kB
KernelStack:        9952 kB
PageTables:         2432 kB
NFS_Unstable:          0 kB
Bounce:                0 kB
WritebackTmp:          0 kB
CommitLimit:    34716468 kB
Committed_AS:     799596 kB
VmallocTotal:   34359738367 kB
VmallocUsed:       42116 kB
VmallocChunk:          0 kB
Percpu:           186432 kB
HardwareCorrupted:     0 kB
AnonHugePages:         0 kB
ShmemHugePages:        0 kB
ShmemPmdMapped:        0 kB
FileHugePages:         0 kB
FilePmdMapped:         0 kB
HugePages_Total:       0
HugePages_Free:        0
HugePages_Rsvd:        0
HugePages_Surp:        0
Hugepagesize:       2048 kB
Hugetlb:               0 kB
DirectMap4k:     2753344 kB
DirectMap2M:     5222400 kB
DirectMap1G:    58720256 kB

