MemTotal:       65439348 kB
MemFree:        64320628 kB
MemAvailable:   64017256 kB
Buffers:           31232 kB
Cached:           247952 kB
SwapCached:            0 kB
Active:           122392 kB
Inactive:         216776 kB
Active(anon):       3216 kB
Inactive(anon):    72244 kB
Active(file):     119176 kB
Inactive(file):   144532 kB
Unevictable:       19496 kB
Mlocked:           19496 kB
SwapTotal:       1996796 kB
SwapFree:        1996796 kB
Dirty:               728 kB
Writeback:             0 kB
AnonPages:         80036 kB
Mapped:            74528 kB
Shmem:              6376 kB
KReclaimable:      56288 kB
Slab:             276464 kB
SReclaimable:      56288 kB
SUnreclaim:       220176 kB
KernelStack:        9968 kB
PageTables:         2384 kB
NFS_Unstable:          0 kB
Bounce:                0 kB
WritebackTmp:          0 kB
CommitLimit:    34716468 kB
Committed_AS:     790100 kB
VmallocTotal:   34359738367 kB
VmallocUsed:       38404 kB
VmallocChunk:          0 kB
Percpu:            96576 kB
HardwareCorrupted:     0 kB
AnonHugePages:         0 kB
ShmemHugePages:        0 kB
ShmemPmdMapped:        0 kB
FileHugePages:         0 kB
FilePmdMapped:         0 kB
HugePages_Total:       0
HugePages_Free:        0
HugePages_Rsvd:        0
HugePages_Surp:        0
Hugepagesize:       2048 kB
Hugetlb:               0 kB
DirectMap4k:     2110272 kB
DirectMap2M:     5865472 kB
DirectMap1G:    58720256 kB

