MemTotal:       65439348 kB
MemFree:        64296864 kB
MemAvailable:   64009152 kB
Buffers:           35040 kB
Cached:           256224 kB
SwapCached:            0 kB
Active:           127828 kB
Inactive:         223896 kB
Active(anon):       3216 kB
Inactive(anon):    72728 kB
Active(file):     124612 kB
Inactive(file):   151168 kB
Unevictable:       19496 kB
Mlocked:           19496 kB
SwapTotal:       1996796 kB
SwapFree:        1996796 kB
Dirty:               772 kB
Writeback:             0 kB
AnonPages:         79976 kB
Mapped:            74856 kB
Shmem:              6376 kB
KReclaimable:      65640 kB
Slab:             287052 kB
SReclaimable:      65640 kB
SUnreclaim:       221412 kB
KernelStack:        9984 kB
PageTables:         2436 kB
NFS_Unstable:          0 kB
Bounce:                0 kB
WritebackTmp:          0 kB
CommitLimit:    34716468 kB
Committed_AS:     790608 kB
VmallocTotal:   34359738367 kB
VmallocUsed:       38372 kB
VmallocChunk:          0 kB
Percpu:            96576 kB
HardwareCorrupted:     0 kB
AnonHugePages:         0 kB
ShmemHugePages:        0 kB
ShmemPmdMapped:        0 kB
FileHugePages:         0 kB
FilePmdMapped:         0 kB
HugePages_Total:       0
HugePages_Free:        0
HugePages_Rsvd:        0
HugePages_Surp:        0
Hugepagesize:       2048 kB
Hugetlb:               0 kB
DirectMap4k:     2198336 kB
DirectMap2M:     5777408 kB
DirectMap1G:    58720256 kB

