MemTotal:       65439348 kB
MemFree:        64290728 kB
MemAvailable:   64006948 kB
Buffers:           35520 kB
Cached:           259468 kB
SwapCached:            0 kB
Active:           128336 kB
Inactive:         228040 kB
Active(anon):       3236 kB
Inactive(anon):    73656 kB
Active(file):     125100 kB
Inactive(file):   154384 kB
Unevictable:       19496 kB
Mlocked:           19496 kB
SwapTotal:       1996796 kB
SwapFree:        1996796 kB
Dirty:               864 kB
Writeback:             0 kB
AnonPages:         81084 kB
Mapped:            75656 kB
Shmem:              6380 kB
KReclaimable:      66092 kB
Slab:             288104 kB
SReclaimable:      66092 kB
SUnreclaim:       222012 kB
KernelStack:       10064 kB
PageTables:         2316 kB
NFS_Unstable:          0 kB
Bounce:                0 kB
WritebackTmp:          0 kB
CommitLimit:    34716468 kB
Committed_AS:     790352 kB
VmallocTotal:   34359738367 kB
VmallocUsed:       38516 kB
VmallocChunk:          0 kB
Percpu:            96576 kB
HardwareCorrupted:     0 kB
AnonHugePages:         0 kB
ShmemHugePages:        0 kB
ShmemPmdMapped:        0 kB
FileHugePages:         0 kB
FilePmdMapped:         0 kB
HugePages_Total:       0
HugePages_Free:        0
HugePages_Rsvd:        0
HugePages_Surp:        0
Hugepagesize:       2048 kB
Hugetlb:               0 kB
DirectMap4k:     2253632 kB
DirectMap2M:     5722112 kB
DirectMap1G:    58720256 kB

