MemTotal:       65439348 kB
MemFree:        63714412 kB
MemAvailable:   63820696 kB
Buffers:           58132 kB
Cached:           615484 kB
SwapCached:            0 kB
Active:           211040 kB
Inactive:         523352 kB
Active(anon):       3244 kB
Inactive(anon):    73008 kB
Active(file):     207796 kB
Inactive(file):   450344 kB
Unevictable:       19496 kB
Mlocked:           19496 kB
SwapTotal:       1996796 kB
SwapFree:        1996796 kB
Dirty:               708 kB
Writeback:             0 kB
AnonPages:         80364 kB
Mapped:            87980 kB
Shmem:              6376 kB
KReclaimable:      88912 kB
Slab:             326664 kB
SReclaimable:      88912 kB
SUnreclaim:       237752 kB
KernelStack:       10048 kB
PageTables:         2460 kB
NFS_Unstable:          0 kB
Bounce:                0 kB
WritebackTmp:          0 kB
CommitLimit:    34716468 kB
Committed_AS:     808036 kB
VmallocTotal:   34359738367 kB
VmallocUsed:       44292 kB
VmallocChunk:          0 kB
Percpu:           245952 kB
HardwareCorrupted:     0 kB
AnonHugePages:         0 kB
ShmemHugePages:        0 kB
ShmemPmdMapped:        0 kB
FileHugePages:         0 kB
FilePmdMapped:         0 kB
HugePages_Total:       0
HugePages_Free:        0
HugePages_Rsvd:        0
HugePages_Surp:        0
Hugepagesize:       2048 kB
Hugetlb:               0 kB
DirectMap4k:     2825024 kB
DirectMap2M:     5150720 kB
DirectMap1G:    58720256 kB

