MemTotal:       65439348 kB
MemFree:        64225988 kB
MemAvailable:   63979516 kB
Buffers:           40000 kB
Cached:           290428 kB
SwapCached:            0 kB
Active:           133680 kB
Inactive:         259220 kB
Active(anon):       3220 kB
Inactive(anon):    74772 kB
Active(file):     130460 kB
Inactive(file):   184448 kB
Unevictable:       19496 kB
Mlocked:           19496 kB
SwapTotal:       1996796 kB
SwapFree:        1996796 kB
Dirty:               696 kB
Writeback:             0 kB
AnonPages:         81576 kB
Mapped:            77924 kB
Shmem:              6372 kB
KReclaimable:      69860 kB
Slab:             294832 kB
SReclaimable:      69860 kB
SUnreclaim:       224972 kB
KernelStack:       10144 kB
PageTables:         2324 kB
NFS_Unstable:          0 kB
Bounce:                0 kB
WritebackTmp:          0 kB
CommitLimit:    34716468 kB
Committed_AS:     790360 kB
VmallocTotal:   34359738367 kB
VmallocUsed:       39128 kB
VmallocChunk:          0 kB
Percpu:           118848 kB
HardwareCorrupted:     0 kB
AnonHugePages:         0 kB
ShmemHugePages:        0 kB
ShmemPmdMapped:        0 kB
FileHugePages:         0 kB
FilePmdMapped:         0 kB
HugePages_Total:       0
HugePages_Free:        0
HugePages_Rsvd:        0
HugePages_Surp:        0
Hugepagesize:       2048 kB
Hugetlb:               0 kB
DirectMap4k:     2665280 kB
DirectMap2M:     5310464 kB
DirectMap1G:    58720256 kB

