MemTotal:       65439348 kB
MemFree:        64312312 kB
MemAvailable:   64011292 kB
Buffers:           31784 kB
Cached:           250760 kB
SwapCached:            0 kB
Active:           122956 kB
Inactive:         219600 kB
Active(anon):       3228 kB
Inactive(anon):    72260 kB
Active(file):     119728 kB
Inactive(file):   147340 kB
Unevictable:       19496 kB
Mlocked:           19496 kB
SwapTotal:       1996796 kB
SwapFree:        1996796 kB
Dirty:               108 kB
Writeback:             0 kB
AnonPages:         79584 kB
Mapped:            74796 kB
Shmem:              6376 kB
KReclaimable:      56444 kB
Slab:             277280 kB
SReclaimable:      56444 kB
SUnreclaim:       220836 kB
KernelStack:       10032 kB
PageTables:         2544 kB
NFS_Unstable:          0 kB
Bounce:                0 kB
WritebackTmp:          0 kB
CommitLimit:    34716468 kB
Committed_AS:     790356 kB
VmallocTotal:   34359738367 kB
VmallocUsed:       38484 kB
VmallocChunk:          0 kB
Percpu:            96576 kB
HardwareCorrupted:     0 kB
AnonHugePages:         0 kB
ShmemHugePages:        0 kB
ShmemPmdMapped:        0 kB
FileHugePages:         0 kB
FilePmdMapped:         0 kB
HugePages_Total:       0
HugePages_Free:        0
HugePages_Rsvd:        0
HugePages_Surp:        0
Hugepagesize:       2048 kB
Hugetlb:               0 kB
DirectMap4k:     2153280 kB
DirectMap2M:     5822464 kB
DirectMap1G:    58720256 kB

