MemTotal:       65439348 kB
MemFree:        63785272 kB
MemAvailable:   63856376 kB
Buffers:           53608 kB
Cached:           586740 kB
SwapCached:            0 kB
Active:           200896 kB
Inactive:         503412 kB
Active(anon):       3244 kB
Inactive(anon):    76228 kB
Active(file):     197652 kB
Inactive(file):   427184 kB
Unevictable:       19496 kB
Mlocked:           19496 kB
SwapTotal:       1996796 kB
SwapFree:        1996796 kB
Dirty:               560 kB
Writeback:             0 kB
AnonPages:         83620 kB
Mapped:            86512 kB
Shmem:              6376 kB
KReclaimable:      85156 kB
Slab:             319796 kB
SReclaimable:      85156 kB
SUnreclaim:       234640 kB
KernelStack:       10192 kB
PageTables:         2988 kB
NFS_Unstable:          0 kB
Bounce:                0 kB
WritebackTmp:          0 kB
CommitLimit:    34716468 kB
Committed_AS:     807652 kB
VmallocTotal:   34359738367 kB
VmallocUsed:       43340 kB
VmallocChunk:          0 kB
Percpu:           215232 kB
HardwareCorrupted:     0 kB
AnonHugePages:         0 kB
ShmemHugePages:        0 kB
ShmemPmdMapped:        0 kB
FileHugePages:         0 kB
FilePmdMapped:         0 kB
HugePages_Total:       0
HugePages_Free:        0
HugePages_Rsvd:        0
HugePages_Surp:        0
Hugepagesize:       2048 kB
Hugetlb:               0 kB
DirectMap4k:     2788160 kB
DirectMap2M:     5187584 kB
DirectMap1G:    58720256 kB

