MemTotal:       65439348 kB
MemFree:        63814496 kB
MemAvailable:   63853256 kB
Buffers:           49676 kB
Cached:           560108 kB
SwapCached:            0 kB
Active:           196916 kB
Inactive:         511932 kB
Active(anon):       3264 kB
Inactive(anon):   111284 kB
Active(file):     193652 kB
Inactive(file):   400648 kB
Unevictable:       19496 kB
Mlocked:           19496 kB
SwapTotal:       1996796 kB
SwapFree:        1996796 kB
Dirty:               156 kB
Writeback:             0 kB
AnonPages:        118608 kB
Mapped:           124172 kB
Shmem:              6384 kB
KReclaimable:      81544 kB
Slab:             313228 kB
SReclaimable:      81544 kB
SUnreclaim:       231684 kB
KernelStack:       10176 kB
PageTables:         2908 kB
NFS_Unstable:          0 kB
Bounce:                0 kB
WritebackTmp:          0 kB
CommitLimit:    34716468 kB
Committed_AS:     897144 kB
VmallocTotal:   34359738367 kB
VmallocUsed:       42324 kB
VmallocChunk:          0 kB
Percpu:           185856 kB
HardwareCorrupted:     0 kB
AnonHugePages:         0 kB
ShmemHugePages:        0 kB
ShmemPmdMapped:        0 kB
FileHugePages:         0 kB
FilePmdMapped:         0 kB
HugePages_Total:       0
HugePages_Free:        0
HugePages_Rsvd:        0
HugePages_Surp:        0
Hugepagesize:       2048 kB
Hugetlb:               0 kB
DirectMap4k:     2753344 kB
DirectMap2M:     5222400 kB
DirectMap1G:    58720256 kB

