MemTotal:       65439348 kB
MemFree:        63892800 kB
MemAvailable:   63913172 kB
Buffers:           47616 kB
Cached:           544928 kB
SwapCached:            0 kB
Active:           155928 kB
Inactive:         496912 kB
Active(anon):       3248 kB
Inactive(anon):    72524 kB
Active(file):     152680 kB
Inactive(file):   424388 kB
Unevictable:       19496 kB
Mlocked:           19496 kB
SwapTotal:       1996796 kB
SwapFree:        1996796 kB
Dirty:               444 kB
Writeback:             0 kB
AnonPages:         79892 kB
Mapped:            82492 kB
Shmem:              6376 kB
KReclaimable:      79228 kB
Slab:             308672 kB
SReclaimable:      79228 kB
SUnreclaim:       229444 kB
KernelStack:       10064 kB
PageTables:         2416 kB
NFS_Unstable:          0 kB
Bounce:                0 kB
WritebackTmp:          0 kB
CommitLimit:    34716468 kB
Committed_AS:     799588 kB
VmallocTotal:   34359738367 kB
VmallocUsed:       41632 kB
VmallocChunk:          0 kB
Percpu:           171264 kB
HardwareCorrupted:     0 kB
AnonHugePages:         0 kB
ShmemHugePages:        0 kB
ShmemPmdMapped:        0 kB
FileHugePages:         0 kB
FilePmdMapped:         0 kB
HugePages_Total:       0
HugePages_Free:        0
HugePages_Rsvd:        0
HugePages_Surp:        0
Hugepagesize:       2048 kB
Hugetlb:               0 kB
DirectMap4k:     2734912 kB
DirectMap2M:     5240832 kB
DirectMap1G:    58720256 kB

