MemTotal:       65439348 kB
MemFree:        63742712 kB
MemAvailable:   63832788 kB
Buffers:           56184 kB
Cached:           602064 kB
SwapCached:            0 kB
Active:           204148 kB
Inactive:         520872 kB
Active(anon):       3236 kB
Inactive(anon):    79016 kB
Active(file):     200912 kB
Inactive(file):   441856 kB
Unevictable:       19496 kB
Mlocked:           19496 kB
SwapTotal:       1996796 kB
SwapFree:        1996796 kB
Dirty:               676 kB
Writeback:             0 kB
AnonPages:         86216 kB
Mapped:            96964 kB
Shmem:              6380 kB
KReclaimable:      87240 kB
Slab:             324280 kB
SReclaimable:      87240 kB
SUnreclaim:       237040 kB
KernelStack:       10240 kB
PageTables:         2956 kB
NFS_Unstable:          0 kB
Bounce:                0 kB
WritebackTmp:          0 kB
CommitLimit:    34716468 kB
Committed_AS:     854040 kB
VmallocTotal:   34359738367 kB
VmallocUsed:       44024 kB
VmallocChunk:          0 kB
Percpu:           231552 kB
HardwareCorrupted:     0 kB
AnonHugePages:         0 kB
ShmemHugePages:        0 kB
ShmemPmdMapped:        0 kB
FileHugePages:         0 kB
FilePmdMapped:         0 kB
HugePages_Total:       0
HugePages_Free:        0
HugePages_Rsvd:        0
HugePages_Surp:        0
Hugepagesize:       2048 kB
Hugetlb:               0 kB
DirectMap4k:     2808640 kB
DirectMap2M:     5167104 kB
DirectMap1G:    58720256 kB

