MemTotal:       65439348 kB
MemFree:        64322244 kB
MemAvailable:   64016060 kB
Buffers:           30488 kB
Cached:           243276 kB
SwapCached:            0 kB
Active:           121652 kB
Inactive:         213204 kB
Active(anon):       3220 kB
Inactive(anon):    73348 kB
Active(file):     118432 kB
Inactive(file):   139856 kB
Unevictable:       19496 kB
Mlocked:           19496 kB
SwapTotal:       1996796 kB
SwapFree:        1996796 kB
Dirty:               608 kB
Writeback:             0 kB
AnonPages:         81088 kB
Mapped:            74192 kB
Shmem:              6376 kB
KReclaimable:      56084 kB
Slab:             276556 kB
SReclaimable:      56084 kB
SUnreclaim:       220472 kB
KernelStack:        9888 kB
PageTables:         2660 kB
NFS_Unstable:          0 kB
Bounce:                0 kB
WritebackTmp:          0 kB
CommitLimit:    34716468 kB
Committed_AS:     790096 kB
VmallocTotal:   34359738367 kB
VmallocUsed:       38212 kB
VmallocChunk:          0 kB
Percpu:            96576 kB
HardwareCorrupted:     0 kB
AnonHugePages:         0 kB
ShmemHugePages:        0 kB
ShmemPmdMapped:        0 kB
FileHugePages:         0 kB
FilePmdMapped:         0 kB
HugePages_Total:       0
HugePages_Free:        0
HugePages_Rsvd:        0
HugePages_Surp:        0
Hugepagesize:       2048 kB
Hugetlb:               0 kB
DirectMap4k:     2044736 kB
DirectMap2M:     5931008 kB
DirectMap1G:    58720256 kB

