MemTotal:       65439348 kB
MemFree:        63913172 kB
MemAvailable:   63923968 kB
Buffers:           46492 kB
Cached:           536960 kB
SwapCached:            0 kB
Active:           154828 kB
Inactive:         489820 kB
Active(anon):       3272 kB
Inactive(anon):    73404 kB
Active(file):     151556 kB
Inactive(file):   416416 kB
Unevictable:       19496 kB
Mlocked:           19496 kB
SwapTotal:       1996796 kB
SwapFree:        1996796 kB
Dirty:               884 kB
Writeback:             0 kB
AnonPages:         80772 kB
Mapped:            81908 kB
Shmem:              6380 kB
KReclaimable:      78268 kB
Slab:             307836 kB
SReclaimable:      78268 kB
SUnreclaim:       229568 kB
KernelStack:       10144 kB
PageTables:         2616 kB
NFS_Unstable:          0 kB
Bounce:                0 kB
WritebackTmp:          0 kB
CommitLimit:    34716468 kB
Committed_AS:     799200 kB
VmallocTotal:   34359738367 kB
VmallocUsed:       41100 kB
VmallocChunk:          0 kB
Percpu:           162816 kB
HardwareCorrupted:     0 kB
AnonHugePages:         0 kB
ShmemHugePages:        0 kB
ShmemPmdMapped:        0 kB
FileHugePages:         0 kB
FilePmdMapped:         0 kB
HugePages_Total:       0
HugePages_Free:        0
HugePages_Rsvd:        0
HugePages_Surp:        0
Hugepagesize:       2048 kB
Hugetlb:               0 kB
DirectMap4k:     2726720 kB
DirectMap2M:     5249024 kB
DirectMap1G:    58720256 kB

