MemTotal:       65439348 kB
MemFree:        64229696 kB
MemAvailable:   63980084 kB
Buffers:           39620 kB
Cached:           287872 kB
SwapCached:            0 kB
Active:           133348 kB
Inactive:         255192 kB
Active(anon):       3224 kB
Inactive(anon):    73304 kB
Active(file):     130124 kB
Inactive(file):   181888 kB
Unevictable:       19496 kB
Mlocked:           19496 kB
SwapTotal:       1996796 kB
SwapFree:        1996796 kB
Dirty:               712 kB
Writeback:             0 kB
AnonPages:         80556 kB
Mapped:            77796 kB
Shmem:              6380 kB
KReclaimable:      69376 kB
Slab:             293540 kB
SReclaimable:      69376 kB
SUnreclaim:       224164 kB
KernelStack:       10128 kB
PageTables:         2664 kB
NFS_Unstable:          0 kB
Bounce:                0 kB
WritebackTmp:          0 kB
CommitLimit:    34716468 kB
Committed_AS:     790364 kB
VmallocTotal:   34359738367 kB
VmallocUsed:       39112 kB
VmallocChunk:          0 kB
Percpu:           115776 kB
HardwareCorrupted:     0 kB
AnonHugePages:         0 kB
ShmemHugePages:        0 kB
ShmemPmdMapped:        0 kB
FileHugePages:         0 kB
FilePmdMapped:         0 kB
HugePages_Total:       0
HugePages_Free:        0
HugePages_Rsvd:        0
HugePages_Surp:        0
Hugepagesize:       2048 kB
Hugetlb:               0 kB
DirectMap4k:     2661184 kB
DirectMap2M:     5314560 kB
DirectMap1G:    58720256 kB

