MemTotal:       65439348 kB
MemFree:        63758728 kB
MemAvailable:   63841152 kB
Buffers:           55156 kB
Cached:           595868 kB
SwapCached:            0 kB
Active:           203112 kB
Inactive:         513860 kB
Active(anon):       3248 kB
Inactive(anon):    78200 kB
Active(file):     199864 kB
Inactive(file):   435660 kB
Unevictable:       19496 kB
Mlocked:           19496 kB
SwapTotal:       1996796 kB
SwapFree:        1996796 kB
Dirty:               208 kB
Writeback:             0 kB
AnonPages:         85556 kB
Mapped:            95900 kB
Shmem:              6380 kB
KReclaimable:      86420 kB
Slab:             322392 kB
SReclaimable:      86420 kB
SUnreclaim:       235972 kB
KernelStack:       10096 kB
PageTables:         2620 kB
NFS_Unstable:          0 kB
Bounce:                0 kB
WritebackTmp:          0 kB
CommitLimit:    34716468 kB
Committed_AS:     854428 kB
VmallocTotal:   34359738367 kB
VmallocUsed:       43896 kB
VmallocChunk:          0 kB
Percpu:           225024 kB
HardwareCorrupted:     0 kB
AnonHugePages:         0 kB
ShmemHugePages:        0 kB
ShmemPmdMapped:        0 kB
FileHugePages:         0 kB
FilePmdMapped:         0 kB
HugePages_Total:       0
HugePages_Free:        0
HugePages_Rsvd:        0
HugePages_Surp:        0
Hugepagesize:       2048 kB
Hugetlb:               0 kB
DirectMap4k:     2800448 kB
DirectMap2M:     5175296 kB
DirectMap1G:    58720256 kB

