MemTotal:       65439348 kB
MemFree:        64169868 kB
MemAvailable:   63954372 kB
Buffers:           42512 kB
Cached:           317680 kB
SwapCached:            0 kB
Active:           137940 kB
Inactive:         288240 kB
Active(anon):       3248 kB
Inactive(anon):    78228 kB
Active(file):     134692 kB
Inactive(file):   210012 kB
Unevictable:       19496 kB
Mlocked:           19496 kB
SwapTotal:       1996796 kB
SwapFree:        1996796 kB
Dirty:               756 kB
Writeback:             0 kB
AnonPages:         85548 kB
Mapped:            88560 kB
Shmem:              6380 kB
KReclaimable:      72224 kB
Slab:             298684 kB
SReclaimable:      72224 kB
SUnreclaim:       226460 kB
KernelStack:       10048 kB
PageTables:         2580 kB
NFS_Unstable:          0 kB
Bounce:                0 kB
WritebackTmp:          0 kB
CommitLimit:    34716468 kB
Committed_AS:     838000 kB
VmallocTotal:   34359738367 kB
VmallocUsed:       40328 kB
VmallocChunk:          0 kB
Percpu:           134016 kB
HardwareCorrupted:     0 kB
AnonHugePages:         0 kB
ShmemHugePages:        0 kB
ShmemPmdMapped:        0 kB
FileHugePages:         0 kB
FilePmdMapped:         0 kB
HugePages_Total:       0
HugePages_Free:        0
HugePages_Rsvd:        0
HugePages_Surp:        0
Hugepagesize:       2048 kB
Hugetlb:               0 kB
DirectMap4k:     2691904 kB
DirectMap2M:     5283840 kB
DirectMap1G:    58720256 kB

