MemTotal:       65439348 kB
MemFree:        64292664 kB
MemAvailable:   64007700 kB
Buffers:           35352 kB
Cached:           258532 kB
SwapCached:            0 kB
Active:           128176 kB
Inactive:         226368 kB
Active(anon):       3220 kB
Inactive(anon):    72916 kB
Active(file):     124956 kB
Inactive(file):   153452 kB
Unevictable:       19496 kB
Mlocked:           19496 kB
SwapTotal:       1996796 kB
SwapFree:        1996796 kB
Dirty:               640 kB
Writeback:             0 kB
AnonPages:         80236 kB
Mapped:            75168 kB
Shmem:              6376 kB
KReclaimable:      65876 kB
Slab:             287496 kB
SReclaimable:      65876 kB
SUnreclaim:       221620 kB
KernelStack:       10048 kB
PageTables:         2428 kB
NFS_Unstable:          0 kB
Bounce:                0 kB
WritebackTmp:          0 kB
CommitLimit:    34716468 kB
Committed_AS:     790356 kB
VmallocTotal:   34359738367 kB
VmallocUsed:       38516 kB
VmallocChunk:          0 kB
Percpu:            96576 kB
HardwareCorrupted:     0 kB
AnonHugePages:         0 kB
ShmemHugePages:        0 kB
ShmemPmdMapped:        0 kB
FileHugePages:         0 kB
FilePmdMapped:         0 kB
HugePages_Total:       0
HugePages_Free:        0
HugePages_Rsvd:        0
HugePages_Surp:        0
Hugepagesize:       2048 kB
Hugetlb:               0 kB
DirectMap4k:     2235200 kB
DirectMap2M:     5740544 kB
DirectMap1G:    58720256 kB

