MemTotal:       65439348 kB
MemFree:        63797048 kB
MemAvailable:   63865032 kB
Buffers:           53200 kB
Cached:           584172 kB
SwapCached:            0 kB
Active:           200460 kB
Inactive:         499532 kB
Active(anon):       3248 kB
Inactive(anon):    74880 kB
Active(file):     197212 kB
Inactive(file):   424652 kB
Unevictable:       19496 kB
Mlocked:           19496 kB
SwapTotal:       1996796 kB
SwapFree:        1996796 kB
Dirty:               448 kB
Writeback:             0 kB
AnonPages:         81724 kB
Mapped:            86380 kB
Shmem:              6380 kB
KReclaimable:      84860 kB
Slab:             319212 kB
SReclaimable:      84860 kB
SUnreclaim:       234352 kB
KernelStack:       10112 kB
PageTables:         2188 kB
NFS_Unstable:          0 kB
Bounce:                0 kB
WritebackTmp:          0 kB
CommitLimit:    34716468 kB
Committed_AS:     807652 kB
VmallocTotal:   34359738367 kB
VmallocUsed:       43404 kB
VmallocChunk:          0 kB
Percpu:           212160 kB
HardwareCorrupted:     0 kB
AnonHugePages:         0 kB
ShmemHugePages:        0 kB
ShmemPmdMapped:        0 kB
FileHugePages:         0 kB
FilePmdMapped:         0 kB
HugePages_Total:       0
HugePages_Free:        0
HugePages_Rsvd:        0
HugePages_Surp:        0
Hugepagesize:       2048 kB
Hugetlb:               0 kB
DirectMap4k:     2784064 kB
DirectMap2M:     5191680 kB
DirectMap1G:    58720256 kB

