MemTotal:       65439348 kB
MemFree:        64251276 kB
MemAvailable:   63991584 kB
Buffers:           38504 kB
Cached:           279424 kB
SwapCached:            0 kB
Active:           131272 kB
Inactive:         248520 kB
Active(anon):       3216 kB
Inactive(anon):    74176 kB
Active(file):     128056 kB
Inactive(file):   174344 kB
Unevictable:       19496 kB
Mlocked:           19496 kB
SwapTotal:       1996796 kB
SwapFree:        1996796 kB
Dirty:               756 kB
Writeback:             0 kB
AnonPages:         81516 kB
Mapped:            77196 kB
Shmem:              6372 kB
KReclaimable:      68436 kB
Slab:             291604 kB
SReclaimable:      68436 kB
SUnreclaim:       223168 kB
KernelStack:       10000 kB
PageTables:         2368 kB
NFS_Unstable:          0 kB
Bounce:                0 kB
WritebackTmp:          0 kB
CommitLimit:    34716468 kB
Committed_AS:     790360 kB
VmallocTotal:   34359738367 kB
VmallocUsed:       39032 kB
VmallocChunk:          0 kB
Percpu:           107328 kB
HardwareCorrupted:     0 kB
AnonHugePages:         0 kB
ShmemHugePages:        0 kB
ShmemPmdMapped:        0 kB
FileHugePages:         0 kB
FilePmdMapped:         0 kB
HugePages_Total:       0
HugePages_Free:        0
HugePages_Rsvd:        0
HugePages_Surp:        0
Hugepagesize:       2048 kB
Hugetlb:               0 kB
DirectMap4k:     2573120 kB
DirectMap2M:     5402624 kB
DirectMap1G:    58720256 kB

