MemTotal:       65439348 kB
MemFree:        63744252 kB
MemAvailable:   63833328 kB
Buffers:           56092 kB
Cached:           601244 kB
SwapCached:            0 kB
Active:           204076 kB
Inactive:         519140 kB
Active(anon):       3256 kB
Inactive(anon):    78104 kB
Active(file):     200820 kB
Inactive(file):   441036 kB
Unevictable:       19496 kB
Mlocked:           19496 kB
SwapTotal:       1996796 kB
SwapFree:        1996796 kB
Dirty:               704 kB
Writeback:             0 kB
AnonPages:         85404 kB
Mapped:            96296 kB
Shmem:              6380 kB
KReclaimable:      87060 kB
Slab:             323888 kB
SReclaimable:      87060 kB
SUnreclaim:       236828 kB
KernelStack:       10128 kB
PageTables:         2496 kB
NFS_Unstable:          0 kB
Bounce:                0 kB
WritebackTmp:          0 kB
CommitLimit:    34716468 kB
Committed_AS:     854040 kB
VmallocTotal:   34359738367 kB
VmallocUsed:       44088 kB
VmallocChunk:          0 kB
Percpu:           230976 kB
HardwareCorrupted:     0 kB
AnonHugePages:         0 kB
ShmemHugePages:        0 kB
ShmemPmdMapped:        0 kB
FileHugePages:         0 kB
FilePmdMapped:         0 kB
HugePages_Total:       0
HugePages_Free:        0
HugePages_Rsvd:        0
HugePages_Surp:        0
Hugepagesize:       2048 kB
Hugetlb:               0 kB
DirectMap4k:     2808640 kB
DirectMap2M:     5167104 kB
DirectMap1G:    58720256 kB

