MemTotal:       65439348 kB
MemFree:        63879768 kB
MemAvailable:   63904664 kB
Buffers:           48168 kB
Cached:           548664 kB
SwapCached:            0 kB
Active:           156468 kB
Inactive:         501208 kB
Active(anon):       3252 kB
Inactive(anon):    73088 kB
Active(file):     153216 kB
Inactive(file):   428120 kB
Unevictable:       19496 kB
Mlocked:           19496 kB
SwapTotal:       1996796 kB
SwapFree:        1996796 kB
Dirty:               612 kB
Writeback:             0 kB
AnonPages:         80568 kB
Mapped:            82768 kB
Shmem:              6376 kB
KReclaimable:      79744 kB
Slab:             310132 kB
SReclaimable:      79744 kB
SUnreclaim:       230388 kB
KernelStack:       10000 kB
PageTables:         2576 kB
NFS_Unstable:          0 kB
Bounce:                0 kB
WritebackTmp:          0 kB
CommitLimit:    34716468 kB
Committed_AS:     799200 kB
VmallocTotal:   34359738367 kB
VmallocUsed:       41632 kB
VmallocChunk:          0 kB
Percpu:           175488 kB
HardwareCorrupted:     0 kB
AnonHugePages:         0 kB
ShmemHugePages:        0 kB
ShmemPmdMapped:        0 kB
FileHugePages:         0 kB
FilePmdMapped:         0 kB
HugePages_Total:       0
HugePages_Free:        0
HugePages_Rsvd:        0
HugePages_Surp:        0
Hugepagesize:       2048 kB
Hugetlb:               0 kB
DirectMap4k:     2741056 kB
DirectMap2M:     5234688 kB
DirectMap1G:    58720256 kB

