MemTotal:       65439348 kB
MemFree:        64241604 kB
MemAvailable:   63985952 kB
Buffers:           38880 kB
Cached:           282828 kB
SwapCached:            0 kB
Active:           132592 kB
Inactive:         249204 kB
Active(anon):       3216 kB
Inactive(anon):    72360 kB
Active(file):     129376 kB
Inactive(file):   176844 kB
Unevictable:       19496 kB
Mlocked:           19496 kB
SwapTotal:       1996796 kB
SwapFree:        1996796 kB
Dirty:                72 kB
Writeback:             0 kB
AnonPages:         79676 kB
Mapped:            77228 kB
Shmem:              6376 kB
KReclaimable:      68876 kB
Slab:             293188 kB
SReclaimable:      68876 kB
SUnreclaim:       224312 kB
KernelStack:       10032 kB
PageTables:         2408 kB
NFS_Unstable:          0 kB
Bounce:                0 kB
WritebackTmp:          0 kB
CommitLimit:    34716468 kB
Committed_AS:     790748 kB
VmallocTotal:   34359738367 kB
VmallocUsed:       38920 kB
VmallocChunk:          0 kB
Percpu:           110400 kB
HardwareCorrupted:     0 kB
AnonHugePages:         0 kB
ShmemHugePages:        0 kB
ShmemPmdMapped:        0 kB
FileHugePages:         0 kB
FilePmdMapped:         0 kB
HugePages_Total:       0
HugePages_Free:        0
HugePages_Rsvd:        0
HugePages_Surp:        0
Hugepagesize:       2048 kB
Hugetlb:               0 kB
DirectMap4k:     2620224 kB
DirectMap2M:     5355520 kB
DirectMap1G:    58720256 kB

