MemTotal:       65439348 kB
MemFree:        63900944 kB
MemAvailable:   63917304 kB
Buffers:           47168 kB
Cached:           541564 kB
SwapCached:            0 kB
Active:           155436 kB
Inactive:         493836 kB
Active(anon):       3240 kB
Inactive(anon):    72816 kB
Active(file):     152196 kB
Inactive(file):   421020 kB
Unevictable:       19496 kB
Mlocked:           19496 kB
SwapTotal:       1996796 kB
SwapFree:        1996796 kB
Dirty:               736 kB
Writeback:             0 kB
AnonPages:         80632 kB
Mapped:            82224 kB
Shmem:              6376 kB
KReclaimable:      78912 kB
Slab:             309228 kB
SReclaimable:      78912 kB
SUnreclaim:       230316 kB
KernelStack:       10160 kB
PageTables:         2572 kB
NFS_Unstable:          0 kB
Bounce:                0 kB
WritebackTmp:          0 kB
CommitLimit:    34716468 kB
Committed_AS:     799204 kB
VmallocTotal:   34359738367 kB
VmallocUsed:       41164 kB
VmallocChunk:          0 kB
Percpu:           167616 kB
HardwareCorrupted:     0 kB
AnonHugePages:         0 kB
ShmemHugePages:        0 kB
ShmemPmdMapped:        0 kB
FileHugePages:         0 kB
FilePmdMapped:         0 kB
HugePages_Total:       0
HugePages_Free:        0
HugePages_Rsvd:        0
HugePages_Surp:        0
Hugepagesize:       2048 kB
Hugetlb:               0 kB
DirectMap4k:     2732864 kB
DirectMap2M:     5242880 kB
DirectMap1G:    58720256 kB

