MemTotal:       65439348 kB
MemFree:        64173912 kB
MemAvailable:   63955712 kB
Buffers:           42188 kB
Cached:           315440 kB
SwapCached:            0 kB
Active:           137612 kB
Inactive:         285944 kB
Active(anon):       3248 kB
Inactive(anon):    78172 kB
Active(file):     134364 kB
Inactive(file):   207772 kB
Unevictable:       19496 kB
Mlocked:           19496 kB
SwapTotal:       1996796 kB
SwapFree:        1996796 kB
Dirty:               768 kB
Writeback:             0 kB
AnonPages:         85516 kB
Mapped:            88308 kB
Shmem:              6380 kB
KReclaimable:      71952 kB
Slab:             298480 kB
SReclaimable:      71952 kB
SUnreclaim:       226528 kB
KernelStack:       10080 kB
PageTables:         2576 kB
NFS_Unstable:          0 kB
Bounce:                0 kB
WritebackTmp:          0 kB
CommitLimit:    34716468 kB
Committed_AS:     838004 kB
VmallocTotal:   34359738367 kB
VmallocUsed:       39668 kB
VmallocChunk:          0 kB
Percpu:           130944 kB
HardwareCorrupted:     0 kB
AnonHugePages:         0 kB
ShmemHugePages:        0 kB
ShmemPmdMapped:        0 kB
FileHugePages:         0 kB
FilePmdMapped:         0 kB
HugePages_Total:       0
HugePages_Free:        0
HugePages_Rsvd:        0
HugePages_Surp:        0
Hugepagesize:       2048 kB
Hugetlb:               0 kB
DirectMap4k:     2685760 kB
DirectMap2M:     5289984 kB
DirectMap1G:    58720256 kB

