MemTotal:       65439348 kB
MemFree:        63872536 kB
MemAvailable:   63903548 kB
Buffers:           48688 kB
Cached:           553844 kB
SwapCached:            0 kB
Active:           157164 kB
Inactive:         506372 kB
Active(anon):       3240 kB
Inactive(anon):    73240 kB
Active(file):     153924 kB
Inactive(file):   433132 kB
Unevictable:       19496 kB
Mlocked:           19496 kB
SwapTotal:       1996796 kB
SwapFree:        1996796 kB
Dirty:              1588 kB
Writeback:             0 kB
AnonPages:         80560 kB
Mapped:            82976 kB
Shmem:              6376 kB
KReclaimable:      80532 kB
Slab:             311972 kB
SReclaimable:      80532 kB
SUnreclaim:       231440 kB
KernelStack:       10000 kB
PageTables:         2448 kB
NFS_Unstable:          0 kB
Bounce:                0 kB
WritebackTmp:          0 kB
CommitLimit:    34716468 kB
Committed_AS:     799588 kB
VmallocTotal:   34359738367 kB
VmallocUsed:       41744 kB
VmallocChunk:          0 kB
Percpu:           179136 kB
HardwareCorrupted:     0 kB
AnonHugePages:         0 kB
ShmemHugePages:        0 kB
ShmemPmdMapped:        0 kB
FileHugePages:         0 kB
FilePmdMapped:         0 kB
HugePages_Total:       0
HugePages_Free:        0
HugePages_Rsvd:        0
HugePages_Surp:        0
Hugepagesize:       2048 kB
Hugetlb:               0 kB
DirectMap4k:     2747200 kB
DirectMap2M:     5228544 kB
DirectMap1G:    58720256 kB

