MemTotal:       65439348 kB
MemFree:        63725156 kB
MemAvailable:   63823572 kB
Buffers:           57216 kB
Cached:           608940 kB
SwapCached:            0 kB
Active:           205184 kB
Inactive:         527660 kB
Active(anon):       3244 kB
Inactive(anon):    78928 kB
Active(file):     201940 kB
Inactive(file):   448732 kB
Unevictable:       19496 kB
Mlocked:           19496 kB
SwapTotal:       1996796 kB
SwapFree:        1996796 kB
Dirty:               648 kB
Writeback:             0 kB
AnonPages:         86672 kB
Mapped:            97048 kB
Shmem:              6380 kB
KReclaimable:      88112 kB
Slab:             325572 kB
SReclaimable:      88112 kB
SUnreclaim:       237460 kB
KernelStack:       10176 kB
PageTables:         2788 kB
NFS_Unstable:          0 kB
Bounce:                0 kB
WritebackTmp:          0 kB
CommitLimit:    34716468 kB
Committed_AS:     854040 kB
VmallocTotal:   34359738367 kB
VmallocUsed:       44492 kB
VmallocChunk:          0 kB
Percpu:           238848 kB
HardwareCorrupted:     0 kB
AnonHugePages:         0 kB
ShmemHugePages:        0 kB
ShmemPmdMapped:        0 kB
FileHugePages:         0 kB
FilePmdMapped:         0 kB
HugePages_Total:       0
HugePages_Free:        0
HugePages_Rsvd:        0
HugePages_Surp:        0
Hugepagesize:       2048 kB
Hugetlb:               0 kB
DirectMap4k:     2818880 kB
DirectMap2M:     5156864 kB
DirectMap1G:    58720256 kB

