MemTotal:       65439348 kB
MemFree:        64234000 kB
MemAvailable:   63983668 kB
Buffers:           39528 kB
Cached:           287272 kB
SwapCached:            0 kB
Active:           133260 kB
Inactive:         255740 kB
Active(anon):       3228 kB
Inactive(anon):    74448 kB
Active(file):     130032 kB
Inactive(file):   181292 kB
Unevictable:       19496 kB
Mlocked:           19496 kB
SwapTotal:       1996796 kB
SwapFree:        1996796 kB
Dirty:               620 kB
Writeback:             0 kB
AnonPages:         81692 kB
Mapped:            77960 kB
Shmem:              6376 kB
KReclaimable:      69308 kB
Slab:             293568 kB
SReclaimable:      69308 kB
SUnreclaim:       224260 kB
KernelStack:       10000 kB
PageTables:         2100 kB
NFS_Unstable:          0 kB
Bounce:                0 kB
WritebackTmp:          0 kB
CommitLimit:    34716468 kB
Committed_AS:     790364 kB
VmallocTotal:   34359738367 kB
VmallocUsed:       38968 kB
VmallocChunk:          0 kB
Percpu:           115200 kB
HardwareCorrupted:     0 kB
AnonHugePages:         0 kB
ShmemHugePages:        0 kB
ShmemPmdMapped:        0 kB
FileHugePages:         0 kB
FilePmdMapped:         0 kB
HugePages_Total:       0
HugePages_Free:        0
HugePages_Rsvd:        0
HugePages_Surp:        0
Hugepagesize:       2048 kB
Hugetlb:               0 kB
DirectMap4k:     2659136 kB
DirectMap2M:     5316608 kB
DirectMap1G:    58720256 kB

