MemTotal:       65439348 kB
MemFree:        63890116 kB
MemAvailable:   63911268 kB
Buffers:           47716 kB
Cached:           545576 kB
SwapCached:            0 kB
Active:           156016 kB
Inactive:         500812 kB
Active(anon):       3232 kB
Inactive(anon):    75780 kB
Active(file):     152784 kB
Inactive(file):   425032 kB
Unevictable:       19496 kB
Mlocked:           19496 kB
SwapTotal:       1996796 kB
SwapFree:        1996796 kB
Dirty:               676 kB
Writeback:             0 kB
AnonPages:         83048 kB
Mapped:            82892 kB
Shmem:              6376 kB
KReclaimable:      79296 kB
Slab:             309284 kB
SReclaimable:      79296 kB
SUnreclaim:       229988 kB
KernelStack:       10128 kB
PageTables:         2144 kB
NFS_Unstable:          0 kB
Bounce:                0 kB
WritebackTmp:          0 kB
CommitLimit:    34716468 kB
Committed_AS:     799200 kB
VmallocTotal:   34359738367 kB
VmallocUsed:       41728 kB
VmallocChunk:          0 kB
Percpu:           171840 kB
HardwareCorrupted:     0 kB
AnonHugePages:         0 kB
ShmemHugePages:        0 kB
ShmemPmdMapped:        0 kB
FileHugePages:         0 kB
FilePmdMapped:         0 kB
HugePages_Total:       0
HugePages_Free:        0
HugePages_Rsvd:        0
HugePages_Surp:        0
Hugepagesize:       2048 kB
Hugetlb:               0 kB
DirectMap4k:     2736960 kB
DirectMap2M:     5238784 kB
DirectMap1G:    58720256 kB

