MemTotal:       65439348 kB
MemFree:        63914488 kB
MemAvailable:   63923896 kB
Buffers:           46316 kB
Cached:           535772 kB
SwapCached:            0 kB
Active:           154616 kB
Inactive:         488160 kB
Active(anon):       3240 kB
Inactive(anon):    72932 kB
Active(file):     151376 kB
Inactive(file):   415228 kB
Unevictable:       19496 kB
Mlocked:           19496 kB
SwapTotal:       1996796 kB
SwapFree:        1996796 kB
Dirty:               956 kB
Writeback:             0 kB
AnonPages:         80244 kB
Mapped:            81684 kB
Shmem:              6376 kB
KReclaimable:      78228 kB
Slab:             307380 kB
SReclaimable:      78228 kB
SUnreclaim:       229152 kB
KernelStack:        9920 kB
PageTables:         2188 kB
NFS_Unstable:          0 kB
Bounce:                0 kB
WritebackTmp:          0 kB
CommitLimit:    34716468 kB
Committed_AS:     799200 kB
VmallocTotal:   34359738367 kB
VmallocUsed:       41164 kB
VmallocChunk:          0 kB
Percpu:           161664 kB
HardwareCorrupted:     0 kB
AnonHugePages:         0 kB
ShmemHugePages:        0 kB
ShmemPmdMapped:        0 kB
FileHugePages:         0 kB
FilePmdMapped:         0 kB
HugePages_Total:       0
HugePages_Free:        0
HugePages_Rsvd:        0
HugePages_Surp:        0
Hugepagesize:       2048 kB
Hugetlb:               0 kB
DirectMap4k:     2724672 kB
DirectMap2M:     5251072 kB
DirectMap1G:    58720256 kB

