MemTotal:       65439348 kB
MemFree:        63884760 kB
MemAvailable:   63908944 kB
Buffers:           48016 kB
Cached:           548132 kB
SwapCached:            0 kB
Active:           156328 kB
Inactive:         500764 kB
Active(anon):       3244 kB
Inactive(anon):    73176 kB
Active(file):     153084 kB
Inactive(file):   427588 kB
Unevictable:       19496 kB
Mlocked:           19496 kB
SwapTotal:       1996796 kB
SwapFree:        1996796 kB
Dirty:               684 kB
Writeback:             0 kB
AnonPages:         80552 kB
Mapped:            82544 kB
Shmem:              6376 kB
KReclaimable:      79648 kB
Slab:             309556 kB
SReclaimable:      79648 kB
SUnreclaim:       229908 kB
KernelStack:       10064 kB
PageTables:         2480 kB
NFS_Unstable:          0 kB
Bounce:                0 kB
WritebackTmp:          0 kB
CommitLimit:    34716468 kB
Committed_AS:     799588 kB
VmallocTotal:   34359738367 kB
VmallocUsed:       41712 kB
VmallocChunk:          0 kB
Percpu:           174912 kB
HardwareCorrupted:     0 kB
AnonHugePages:         0 kB
ShmemHugePages:        0 kB
ShmemPmdMapped:        0 kB
FileHugePages:         0 kB
FilePmdMapped:         0 kB
HugePages_Total:       0
HugePages_Free:        0
HugePages_Rsvd:        0
HugePages_Surp:        0
Hugepagesize:       2048 kB
Hugetlb:               0 kB
DirectMap4k:     2739008 kB
DirectMap2M:     5236736 kB
DirectMap1G:    58720256 kB

