MemTotal:       65439348 kB
MemFree:        63923364 kB
MemAvailable:   63929468 kB
Buffers:           45912 kB
Cached:           533064 kB
SwapCached:            0 kB
Active:           154228 kB
Inactive:         486812 kB
Active(anon):       3248 kB
Inactive(anon):    74292 kB
Active(file):     150980 kB
Inactive(file):   412520 kB
Unevictable:       19496 kB
Mlocked:           19496 kB
SwapTotal:       1996796 kB
SwapFree:        1996796 kB
Dirty:               716 kB
Writeback:             0 kB
AnonPages:         81696 kB
Mapped:            81612 kB
Shmem:              6376 kB
KReclaimable:      77828 kB
Slab:             306704 kB
SReclaimable:      77828 kB
SUnreclaim:       228876 kB
KernelStack:       10160 kB
PageTables:         2880 kB
NFS_Unstable:          0 kB
Bounce:                0 kB
WritebackTmp:          0 kB
CommitLimit:    34716468 kB
Committed_AS:     799208 kB
VmallocTotal:   34359738367 kB
VmallocUsed:       40660 kB
VmallocChunk:          0 kB
Percpu:           158016 kB
HardwareCorrupted:     0 kB
AnonHugePages:         0 kB
ShmemHugePages:        0 kB
ShmemPmdMapped:        0 kB
FileHugePages:         0 kB
FilePmdMapped:         0 kB
HugePages_Total:       0
HugePages_Free:        0
HugePages_Rsvd:        0
HugePages_Surp:        0
Hugepagesize:       2048 kB
Hugetlb:               0 kB
DirectMap4k:     2720576 kB
DirectMap2M:     5255168 kB
DirectMap1G:    58720256 kB

