MemTotal:       65439348 kB
MemFree:        63865672 kB
MemAvailable:   63898816 kB
Buffers:           48956 kB
Cached:           555616 kB
SwapCached:            0 kB
Active:           157436 kB
Inactive:         507680 kB
Active(anon):       3248 kB
Inactive(anon):    72780 kB
Active(file):     154188 kB
Inactive(file):   434900 kB
Unevictable:       19496 kB
Mlocked:           19496 kB
SwapTotal:       1996796 kB
SwapFree:        1996796 kB
Dirty:               756 kB
Writeback:             0 kB
AnonPages:         80084 kB
Mapped:            83040 kB
Shmem:              6376 kB
KReclaimable:      80736 kB
Slab:             311512 kB
SReclaimable:      80736 kB
SUnreclaim:       230776 kB
KernelStack:       10016 kB
PageTables:         2432 kB
NFS_Unstable:          0 kB
Bounce:                0 kB
WritebackTmp:          0 kB
CommitLimit:    34716468 kB
Committed_AS:     799588 kB
VmallocTotal:   34359738367 kB
VmallocUsed:       41744 kB
VmallocChunk:          0 kB
Percpu:           180864 kB
HardwareCorrupted:     0 kB
AnonHugePages:         0 kB
ShmemHugePages:        0 kB
ShmemPmdMapped:        0 kB
FileHugePages:         0 kB
FilePmdMapped:         0 kB
HugePages_Total:       0
HugePages_Free:        0
HugePages_Rsvd:        0
HugePages_Surp:        0
Hugepagesize:       2048 kB
Hugetlb:               0 kB
DirectMap4k:     2747200 kB
DirectMap2M:     5228544 kB
DirectMap1G:    58720256 kB

