MemTotal:       65439348 kB
MemFree:        63811952 kB
MemAvailable:   63871480 kB
Buffers:           52272 kB
Cached:           577072 kB
SwapCached:            0 kB
Active:           199568 kB
Inactive:         491620 kB
Active(anon):       3256 kB
Inactive(anon):    74060 kB
Active(file):     196312 kB
Inactive(file):   417560 kB
Unevictable:       19496 kB
Mlocked:           19496 kB
SwapTotal:       1996796 kB
SwapFree:        1996796 kB
Dirty:               680 kB
Writeback:             0 kB
AnonPages:         81356 kB
Mapped:            85744 kB
Shmem:              6372 kB
KReclaimable:      83936 kB
Slab:             318544 kB
SReclaimable:      83936 kB
SUnreclaim:       234608 kB
KernelStack:       10080 kB
PageTables:         2468 kB
NFS_Unstable:          0 kB
Bounce:                0 kB
WritebackTmp:          0 kB
CommitLimit:    34716468 kB
Committed_AS:     807648 kB
VmallocTotal:   34359738367 kB
VmallocUsed:       42808 kB
VmallocChunk:          0 kB
Percpu:           204480 kB
HardwareCorrupted:     0 kB
AnonHugePages:         0 kB
ShmemHugePages:        0 kB
ShmemPmdMapped:        0 kB
FileHugePages:         0 kB
FilePmdMapped:         0 kB
HugePages_Total:       0
HugePages_Free:        0
HugePages_Rsvd:        0
HugePages_Surp:        0
Hugepagesize:       2048 kB
Hugetlb:               0 kB
DirectMap4k:     2773824 kB
DirectMap2M:     5201920 kB
DirectMap1G:    58720256 kB

