MemTotal:       65439348 kB
MemFree:        64192696 kB
MemAvailable:   63966560 kB
Buffers:           41256 kB
Cached:           308896 kB
SwapCached:            0 kB
Active:           136688 kB
Inactive:         281976 kB
Active(anon):       3244 kB
Inactive(anon):    80748 kB
Active(file):     133444 kB
Inactive(file):   201228 kB
Unevictable:       19496 kB
Mlocked:           19496 kB
SwapTotal:       1996796 kB
SwapFree:        1996796 kB
Dirty:               620 kB
Writeback:             0 kB
AnonPages:         88572 kB
Mapped:            88720 kB
Shmem:              6380 kB
KReclaimable:      71004 kB
Slab:             296104 kB
SReclaimable:      71004 kB
SUnreclaim:       225100 kB
KernelStack:       10192 kB
PageTables:         2536 kB
NFS_Unstable:          0 kB
Bounce:                0 kB
WritebackTmp:          0 kB
CommitLimit:    34716468 kB
Committed_AS:     837620 kB
VmallocTotal:   34359738367 kB
VmallocUsed:       39652 kB
VmallocChunk:          0 kB
Percpu:           124416 kB
HardwareCorrupted:     0 kB
AnonHugePages:         0 kB
ShmemHugePages:        0 kB
ShmemPmdMapped:        0 kB
FileHugePages:         0 kB
FilePmdMapped:         0 kB
HugePages_Total:       0
HugePages_Free:        0
HugePages_Rsvd:        0
HugePages_Surp:        0
Hugepagesize:       2048 kB
Hugetlb:               0 kB
DirectMap4k:     2673472 kB
DirectMap2M:     5302272 kB
DirectMap1G:    58720256 kB

