MemTotal:       65439348 kB
MemFree:        63710316 kB
MemAvailable:   63818328 kB
Buffers:           58332 kB
Cached:           616896 kB
SwapCached:            0 kB
Active:           211232 kB
Inactive:         524776 kB
Active(anon):       3248 kB
Inactive(anon):    73016 kB
Active(file):     207984 kB
Inactive(file):   451760 kB
Unevictable:       19496 kB
Mlocked:           19496 kB
SwapTotal:       1996796 kB
SwapFree:        1996796 kB
Dirty:               228 kB
Writeback:             0 kB
AnonPages:         80364 kB
Mapped:            88072 kB
Shmem:              6376 kB
KReclaimable:      89156 kB
Slab:             327312 kB
SReclaimable:      89156 kB
SUnreclaim:       238156 kB
KernelStack:       10016 kB
PageTables:         2460 kB
NFS_Unstable:          0 kB
Bounce:                0 kB
WritebackTmp:          0 kB
CommitLimit:    34716468 kB
Committed_AS:     808036 kB
VmallocTotal:   34359738367 kB
VmallocUsed:       44292 kB
VmallocChunk:          0 kB
Percpu:           247872 kB
HardwareCorrupted:     0 kB
AnonHugePages:         0 kB
ShmemHugePages:        0 kB
ShmemPmdMapped:        0 kB
FileHugePages:         0 kB
FilePmdMapped:         0 kB
HugePages_Total:       0
HugePages_Free:        0
HugePages_Rsvd:        0
HugePages_Surp:        0
Hugepagesize:       2048 kB
Hugetlb:               0 kB
DirectMap4k:     2825024 kB
DirectMap2M:     5150720 kB
DirectMap1G:    58720256 kB

