MemTotal:       65439348 kB
MemFree:        64287492 kB
MemAvailable:   64006424 kB
Buffers:           35856 kB
Cached:           261700 kB
SwapCached:            0 kB
Active:           128668 kB
Inactive:         230524 kB
Active(anon):       3208 kB
Inactive(anon):    73904 kB
Active(file):     125460 kB
Inactive(file):   156620 kB
Unevictable:       19496 kB
Mlocked:           19496 kB
SwapTotal:       1996796 kB
SwapFree:        1996796 kB
Dirty:               552 kB
Writeback:             0 kB
AnonPages:         81196 kB
Mapped:            75788 kB
Shmem:              6376 kB
KReclaimable:      66324 kB
Slab:             288392 kB
SReclaimable:      66324 kB
SUnreclaim:       222068 kB
KernelStack:       10240 kB
PageTables:         2736 kB
NFS_Unstable:          0 kB
Bounce:                0 kB
WritebackTmp:          0 kB
CommitLimit:    34716468 kB
Committed_AS:     790352 kB
VmallocTotal:   34359738367 kB
VmallocUsed:       38564 kB
VmallocChunk:          0 kB
Percpu:            96576 kB
HardwareCorrupted:     0 kB
AnonHugePages:         0 kB
ShmemHugePages:        0 kB
ShmemPmdMapped:        0 kB
FileHugePages:         0 kB
FilePmdMapped:         0 kB
HugePages_Total:       0
HugePages_Free:        0
HugePages_Rsvd:        0
HugePages_Surp:        0
Hugepagesize:       2048 kB
Hugetlb:               0 kB
DirectMap4k:     2290496 kB
DirectMap2M:     5685248 kB
DirectMap1G:    58720256 kB

