MemTotal:       65439348 kB
MemFree:        64196228 kB
MemAvailable:   63968232 kB
Buffers:           40992 kB
Cached:           307428 kB
SwapCached:            0 kB
Active:           136412 kB
Inactive:         277848 kB
Active(anon):       3248 kB
Inactive(anon):    78088 kB
Active(file):     133164 kB
Inactive(file):   199760 kB
Unevictable:       19496 kB
Mlocked:           19496 kB
SwapTotal:       1996796 kB
SwapFree:        1996796 kB
Dirty:               580 kB
Writeback:             0 kB
AnonPages:         85544 kB
Mapped:            87720 kB
Shmem:              6380 kB
KReclaimable:      70780 kB
Slab:             295928 kB
SReclaimable:      70780 kB
SUnreclaim:       225148 kB
KernelStack:       10208 kB
PageTables:         2572 kB
NFS_Unstable:          0 kB
Bounce:                0 kB
WritebackTmp:          0 kB
CommitLimit:    34716468 kB
Committed_AS:     838004 kB
VmallocTotal:   34359738367 kB
VmallocUsed:       39764 kB
VmallocChunk:          0 kB
Percpu:           122688 kB
HardwareCorrupted:     0 kB
AnonHugePages:         0 kB
ShmemHugePages:        0 kB
ShmemPmdMapped:        0 kB
FileHugePages:         0 kB
FilePmdMapped:         0 kB
HugePages_Total:       0
HugePages_Free:        0
HugePages_Rsvd:        0
HugePages_Surp:        0
Hugepagesize:       2048 kB
Hugetlb:               0 kB
DirectMap4k:     2673472 kB
DirectMap2M:     5302272 kB
DirectMap1G:    58720256 kB

