MemTotal:       65439348 kB
MemFree:        63822036 kB
MemAvailable:   63877924 kB
Buffers:           51864 kB
Cached:           574056 kB
SwapCached:            0 kB
Active:           199144 kB
Inactive:         487616 kB
Active(anon):       3248 kB
Inactive(anon):    73076 kB
Active(file):     195896 kB
Inactive(file):   414540 kB
Unevictable:       19496 kB
Mlocked:           19496 kB
SwapTotal:       1996796 kB
SwapFree:        1996796 kB
Dirty:               772 kB
Writeback:             0 kB
AnonPages:         80388 kB
Mapped:            84460 kB
Shmem:              6376 kB
KReclaimable:      83528 kB
Slab:             316612 kB
SReclaimable:      83528 kB
SUnreclaim:       233084 kB
KernelStack:        9968 kB
PageTables:         2044 kB
NFS_Unstable:          0 kB
Bounce:                0 kB
WritebackTmp:          0 kB
CommitLimit:    34716468 kB
Committed_AS:     807652 kB
VmallocTotal:   34359738367 kB
VmallocUsed:       42776 kB
VmallocChunk:          0 kB
Percpu:           201408 kB
HardwareCorrupted:     0 kB
AnonHugePages:         0 kB
ShmemHugePages:        0 kB
ShmemPmdMapped:        0 kB
FileHugePages:         0 kB
FilePmdMapped:         0 kB
HugePages_Total:       0
HugePages_Free:        0
HugePages_Rsvd:        0
HugePages_Surp:        0
Hugepagesize:       2048 kB
Hugetlb:               0 kB
DirectMap4k:     2769728 kB
DirectMap2M:     5206016 kB
DirectMap1G:    58720256 kB

