MemTotal:       65439348 kB
MemFree:        63697844 kB
MemAvailable:   63811948 kB
Buffers:           59028 kB
Cached:           621940 kB
SwapCached:            0 kB
Active:           211932 kB
Inactive:         532000 kB
Active(anon):       3232 kB
Inactive(anon):    75208 kB
Active(file):     208700 kB
Inactive(file):   456792 kB
Unevictable:       19496 kB
Mlocked:           19496 kB
SwapTotal:       1996796 kB
SwapFree:        1996796 kB
Dirty:               624 kB
Writeback:             0 kB
AnonPages:         82452 kB
Mapped:            88636 kB
Shmem:              6376 kB
KReclaimable:      89844 kB
Slab:             328908 kB
SReclaimable:      89844 kB
SUnreclaim:       239064 kB
KernelStack:       10096 kB
PageTables:         2652 kB
NFS_Unstable:          0 kB
Bounce:                0 kB
WritebackTmp:          0 kB
CommitLimit:    34716468 kB
Committed_AS:     807652 kB
VmallocTotal:   34359738367 kB
VmallocUsed:       44936 kB
VmallocChunk:          0 kB
Percpu:           253248 kB
HardwareCorrupted:     0 kB
AnonHugePages:         0 kB
ShmemHugePages:        0 kB
ShmemPmdMapped:        0 kB
FileHugePages:         0 kB
FilePmdMapped:         0 kB
HugePages_Total:       0
HugePages_Free:        0
HugePages_Rsvd:        0
HugePages_Surp:        0
Hugepagesize:       2048 kB
Hugetlb:               0 kB
DirectMap4k:     2835264 kB
DirectMap2M:     5140480 kB
DirectMap1G:    58720256 kB

