MemTotal:       65439348 kB
MemFree:        64172372 kB
MemAvailable:   63953616 kB
Buffers:           42128 kB
Cached:           314972 kB
SwapCached:            0 kB
Active:           137560 kB
Inactive:         285460 kB
Active(anon):       3248 kB
Inactive(anon):    78156 kB
Active(file):     134312 kB
Inactive(file):   207304 kB
Unevictable:       19496 kB
Mlocked:           19496 kB
SwapTotal:       1996796 kB
SwapFree:        1996796 kB
Dirty:               756 kB
Writeback:             0 kB
AnonPages:         85516 kB
Mapped:            88336 kB
Shmem:              6380 kB
KReclaimable:      71880 kB
Slab:             298204 kB
SReclaimable:      71880 kB
SUnreclaim:       226324 kB
KernelStack:       10112 kB
PageTables:         2576 kB
NFS_Unstable:          0 kB
Bounce:                0 kB
WritebackTmp:          0 kB
CommitLimit:    34716468 kB
Committed_AS:     838004 kB
VmallocTotal:   34359738367 kB
VmallocUsed:       39828 kB
VmallocChunk:          0 kB
Percpu:           130944 kB
HardwareCorrupted:     0 kB
AnonHugePages:         0 kB
ShmemHugePages:        0 kB
ShmemPmdMapped:        0 kB
FileHugePages:         0 kB
FilePmdMapped:         0 kB
HugePages_Total:       0
HugePages_Free:        0
HugePages_Rsvd:        0
HugePages_Surp:        0
Hugepagesize:       2048 kB
Hugetlb:               0 kB
DirectMap4k:     2685760 kB
DirectMap2M:     5289984 kB
DirectMap1G:    58720256 kB

