MemTotal:       65439348 kB
MemFree:        63822912 kB
MemAvailable:   63877584 kB
Buffers:           51724 kB
Cached:           573032 kB
SwapCached:            0 kB
Active:           198996 kB
Inactive:         486520 kB
Active(anon):       3244 kB
Inactive(anon):    72992 kB
Active(file):     195752 kB
Inactive(file):   413528 kB
Unevictable:       19496 kB
Mlocked:           19496 kB
SwapTotal:       1996796 kB
SwapFree:        1996796 kB
Dirty:               676 kB
Writeback:             0 kB
AnonPages:         80308 kB
Mapped:            84352 kB
Shmem:              6376 kB
KReclaimable:      83404 kB
Slab:             316528 kB
SReclaimable:      83404 kB
SUnreclaim:       233124 kB
KernelStack:       10016 kB
PageTables:         2448 kB
NFS_Unstable:          0 kB
Bounce:                0 kB
WritebackTmp:          0 kB
CommitLimit:    34716468 kB
Committed_AS:     808036 kB
VmallocTotal:   34359738367 kB
VmallocUsed:       42824 kB
VmallocChunk:          0 kB
Percpu:           200256 kB
HardwareCorrupted:     0 kB
AnonHugePages:         0 kB
ShmemHugePages:        0 kB
ShmemPmdMapped:        0 kB
FileHugePages:         0 kB
FilePmdMapped:         0 kB
HugePages_Total:       0
HugePages_Free:        0
HugePages_Rsvd:        0
HugePages_Surp:        0
Hugepagesize:       2048 kB
Hugetlb:               0 kB
DirectMap4k:     2769728 kB
DirectMap2M:     5206016 kB
DirectMap1G:    58720256 kB

