MemTotal:       65439348 kB
MemFree:        64324968 kB
MemAvailable:   64018584 kB
Buffers:           30408 kB
Cached:           243012 kB
SwapCached:            0 kB
Active:           121536 kB
Inactive:         214576 kB
Active(anon):       3216 kB
Inactive(anon):    74976 kB
Active(file):     118320 kB
Inactive(file):   139600 kB
Unevictable:       19496 kB
Mlocked:           19496 kB
SwapTotal:       1996796 kB
SwapFree:        1996796 kB
Dirty:               548 kB
Writeback:             0 kB
AnonPages:         82340 kB
Mapped:            74520 kB
Shmem:              6376 kB
KReclaimable:      56052 kB
Slab:             276264 kB
SReclaimable:      56052 kB
SUnreclaim:       220212 kB
KernelStack:       10032 kB
PageTables:         2440 kB
NFS_Unstable:          0 kB
Bounce:                0 kB
WritebackTmp:          0 kB
CommitLimit:    34716468 kB
Committed_AS:     790100 kB
VmallocTotal:   34359738367 kB
VmallocUsed:       38340 kB
VmallocChunk:          0 kB
Percpu:            96576 kB
HardwareCorrupted:     0 kB
AnonHugePages:         0 kB
ShmemHugePages:        0 kB
ShmemPmdMapped:        0 kB
FileHugePages:         0 kB
FilePmdMapped:         0 kB
HugePages_Total:       0
HugePages_Free:        0
HugePages_Rsvd:        0
HugePages_Surp:        0
Hugepagesize:       2048 kB
Hugetlb:               0 kB
DirectMap4k:     2040640 kB
DirectMap2M:     5935104 kB
DirectMap1G:    58720256 kB

