MemTotal:       65439348 kB
MemFree:        64292188 kB
MemAvailable:   64006600 kB
Buffers:           35296 kB
Cached:           257992 kB
SwapCached:            0 kB
Active:           128104 kB
Inactive:         225540 kB
Active(anon):       3212 kB
Inactive(anon):    72628 kB
Active(file):     124892 kB
Inactive(file):   152912 kB
Unevictable:       19496 kB
Mlocked:           19496 kB
SwapTotal:       1996796 kB
SwapFree:        1996796 kB
Dirty:                72 kB
Writeback:             0 kB
AnonPages:         79888 kB
Mapped:            75032 kB
Shmem:              6376 kB
KReclaimable:      65836 kB
Slab:             287156 kB
SReclaimable:      65836 kB
SUnreclaim:       221320 kB
KernelStack:       10032 kB
PageTables:         2392 kB
NFS_Unstable:          0 kB
Bounce:                0 kB
WritebackTmp:          0 kB
CommitLimit:    34716468 kB
Committed_AS:     790608 kB
VmallocTotal:   34359738367 kB
VmallocUsed:       38612 kB
VmallocChunk:          0 kB
Percpu:            96576 kB
HardwareCorrupted:     0 kB
AnonHugePages:         0 kB
ShmemHugePages:        0 kB
ShmemPmdMapped:        0 kB
FileHugePages:         0 kB
FilePmdMapped:         0 kB
HugePages_Total:       0
HugePages_Free:        0
HugePages_Rsvd:        0
HugePages_Surp:        0
Hugepagesize:       2048 kB
Hugetlb:               0 kB
DirectMap4k:     2229056 kB
DirectMap2M:     5746688 kB
DirectMap1G:    58720256 kB

