MemTotal:       65439348 kB
MemFree:        64279612 kB
MemAvailable:   64004428 kB
Buffers:           36584 kB
Cached:           266468 kB
SwapCached:            0 kB
Active:           129396 kB
Inactive:         233700 kB
Active(anon):       3212 kB
Inactive(anon):    72316 kB
Active(file):     126184 kB
Inactive(file):   161384 kB
Unevictable:       19496 kB
Mlocked:           19496 kB
SwapTotal:       1996796 kB
SwapFree:        1996796 kB
Dirty:               696 kB
Writeback:             0 kB
AnonPages:         79636 kB
Mapped:            75688 kB
Shmem:              6376 kB
KReclaimable:      67116 kB
Slab:             289844 kB
SReclaimable:      67116 kB
SUnreclaim:       222728 kB
KernelStack:       10000 kB
PageTables:         2392 kB
NFS_Unstable:          0 kB
Bounce:                0 kB
WritebackTmp:          0 kB
CommitLimit:    34716468 kB
Committed_AS:     790740 kB
VmallocTotal:   34359738367 kB
VmallocUsed:       38532 kB
VmallocChunk:          0 kB
Percpu:            96576 kB
HardwareCorrupted:     0 kB
AnonHugePages:         0 kB
ShmemHugePages:        0 kB
ShmemPmdMapped:        0 kB
FileHugePages:         0 kB
FilePmdMapped:         0 kB
HugePages_Total:       0
HugePages_Free:        0
HugePages_Rsvd:        0
HugePages_Surp:        0
Hugepagesize:       2048 kB
Hugetlb:               0 kB
DirectMap4k:     2366272 kB
DirectMap2M:     5609472 kB
DirectMap1G:    58720256 kB

