MemTotal:       65439348 kB
MemFree:        63862972 kB
MemAvailable:   63899188 kB
Buffers:           49384 kB
Cached:           558104 kB
SwapCached:            0 kB
Active:           157860 kB
Inactive:         510100 kB
Active(anon):       3240 kB
Inactive(anon):    72708 kB
Active(file):     154620 kB
Inactive(file):   437392 kB
Unevictable:       19496 kB
Mlocked:           19496 kB
SwapTotal:       1996796 kB
SwapFree:        1996796 kB
Dirty:               692 kB
Writeback:             0 kB
AnonPages:         80056 kB
Mapped:            83272 kB
Shmem:              6376 kB
KReclaimable:      81028 kB
Slab:             313064 kB
SReclaimable:      81028 kB
SUnreclaim:       232036 kB
KernelStack:        9968 kB
PageTables:         2432 kB
NFS_Unstable:          0 kB
Bounce:                0 kB
WritebackTmp:          0 kB
CommitLimit:    34716468 kB
Committed_AS:     799588 kB
VmallocTotal:   34359738367 kB
VmallocUsed:       41632 kB
VmallocChunk:          0 kB
Percpu:           183360 kB
HardwareCorrupted:     0 kB
AnonHugePages:         0 kB
ShmemHugePages:        0 kB
ShmemPmdMapped:        0 kB
FileHugePages:         0 kB
FilePmdMapped:         0 kB
HugePages_Total:       0
HugePages_Free:        0
HugePages_Rsvd:        0
HugePages_Surp:        0
Hugepagesize:       2048 kB
Hugetlb:               0 kB
DirectMap4k:     2749248 kB
DirectMap2M:     5226496 kB
DirectMap1G:    58720256 kB

