MemTotal:       65439348 kB
MemFree:        63843932 kB
MemAvailable:   63889340 kB
Buffers:           50620 kB
Cached:           565432 kB
SwapCached:            0 kB
Active:           197900 kB
Inactive:         480000 kB
Active(anon):       3256 kB
Inactive(anon):    74088 kB
Active(file):     194644 kB
Inactive(file):   405912 kB
Unevictable:       19496 kB
Mlocked:           19496 kB
SwapTotal:       1996796 kB
SwapFree:        1996796 kB
Dirty:               748 kB
Writeback:             0 kB
AnonPages:         81852 kB
Mapped:            83908 kB
Shmem:              6376 kB
KReclaimable:      82324 kB
Slab:             313652 kB
SReclaimable:      82324 kB
SUnreclaim:       231328 kB
KernelStack:       10080 kB
PageTables:         2088 kB
NFS_Unstable:          0 kB
Bounce:                0 kB
WritebackTmp:          0 kB
CommitLimit:    34716468 kB
Committed_AS:     807396 kB
VmallocTotal:   34359738367 kB
VmallocUsed:       42276 kB
VmallocChunk:          0 kB
Percpu:           191808 kB
HardwareCorrupted:     0 kB
AnonHugePages:         0 kB
ShmemHugePages:        0 kB
ShmemPmdMapped:        0 kB
FileHugePages:         0 kB
FilePmdMapped:         0 kB
HugePages_Total:       0
HugePages_Free:        0
HugePages_Rsvd:        0
HugePages_Surp:        0
Hugepagesize:       2048 kB
Hugetlb:               0 kB
DirectMap4k:     2757440 kB
DirectMap2M:     5218304 kB
DirectMap1G:    58720256 kB

