MemTotal:       65439348 kB
MemFree:        63753796 kB
MemAvailable:   63839220 kB
Buffers:           55620 kB
Cached:           598232 kB
SwapCached:            0 kB
Active:           203588 kB
Inactive:         516436 kB
Active(anon):       3244 kB
Inactive(anon):    78412 kB
Active(file):     200344 kB
Inactive(file):   438024 kB
Unevictable:       19496 kB
Mlocked:           19496 kB
SwapTotal:       1996796 kB
SwapFree:        1996796 kB
Dirty:               748 kB
Writeback:             0 kB
AnonPages:         85756 kB
Mapped:            96032 kB
Shmem:              6380 kB
KReclaimable:      86736 kB
Slab:             322936 kB
SReclaimable:      86736 kB
SUnreclaim:       236200 kB
KernelStack:       10048 kB
PageTables:         2672 kB
NFS_Unstable:          0 kB
Bounce:                0 kB
WritebackTmp:          0 kB
CommitLimit:    34716468 kB
Committed_AS:     854424 kB
VmallocTotal:   34359738367 kB
VmallocUsed:       43896 kB
VmallocChunk:          0 kB
Percpu:           227328 kB
HardwareCorrupted:     0 kB
AnonHugePages:         0 kB
ShmemHugePages:        0 kB
ShmemPmdMapped:        0 kB
FileHugePages:         0 kB
FilePmdMapped:         0 kB
HugePages_Total:       0
HugePages_Free:        0
HugePages_Rsvd:        0
HugePages_Surp:        0
Hugepagesize:       2048 kB
Hugetlb:               0 kB
DirectMap4k:     2802496 kB
DirectMap2M:     5173248 kB
DirectMap1G:    58720256 kB

