MemTotal:       65439348 kB
MemFree:        63788272 kB
MemAvailable:   63860020 kB
Buffers:           53716 kB
Cached:           587248 kB
SwapCached:            0 kB
Active:           200988 kB
Inactive:         501108 kB
Active(anon):       3256 kB
Inactive(anon):    73384 kB
Active(file):     197732 kB
Inactive(file):   427724 kB
Unevictable:       19496 kB
Mlocked:           19496 kB
SwapTotal:       1996796 kB
SwapFree:        1996796 kB
Dirty:               592 kB
Writeback:             0 kB
AnonPages:         80636 kB
Mapped:            85736 kB
Shmem:              6380 kB
KReclaimable:      85204 kB
Slab:             319760 kB
SReclaimable:      85204 kB
SUnreclaim:       234556 kB
KernelStack:        9840 kB
PageTables:         2284 kB
NFS_Unstable:          0 kB
Bounce:                0 kB
WritebackTmp:          0 kB
CommitLimit:    34716468 kB
Committed_AS:     807652 kB
VmallocTotal:   34359738367 kB
VmallocUsed:       43196 kB
VmallocChunk:          0 kB
Percpu:           215232 kB
HardwareCorrupted:     0 kB
AnonHugePages:         0 kB
ShmemHugePages:        0 kB
ShmemPmdMapped:        0 kB
FileHugePages:         0 kB
FilePmdMapped:         0 kB
HugePages_Total:       0
HugePages_Free:        0
HugePages_Rsvd:        0
HugePages_Surp:        0
Hugepagesize:       2048 kB
Hugetlb:               0 kB
DirectMap4k:     2788160 kB
DirectMap2M:     5187584 kB
DirectMap1G:    58720256 kB

