MemTotal:       65439348 kB
MemFree:        63812812 kB
MemAvailable:   63871304 kB
Buffers:           52188 kB
Cached:           576184 kB
SwapCached:            0 kB
Active:           199464 kB
Inactive:         489784 kB
Active(anon):       3244 kB
Inactive(anon):    73116 kB
Active(file):     196220 kB
Inactive(file):   416668 kB
Unevictable:       19496 kB
Mlocked:           19496 kB
SwapTotal:       1996796 kB
SwapFree:        1996796 kB
Dirty:               212 kB
Writeback:             0 kB
AnonPages:         80444 kB
Mapped:            84936 kB
Shmem:              6376 kB
KReclaimable:      83832 kB
Slab:             318232 kB
SReclaimable:      83832 kB
SUnreclaim:       234400 kB
KernelStack:       10064 kB
PageTables:         2452 kB
NFS_Unstable:          0 kB
Bounce:                0 kB
WritebackTmp:          0 kB
CommitLimit:    34716468 kB
Committed_AS:     808040 kB
VmallocTotal:   34359738367 kB
VmallocUsed:       42792 kB
VmallocChunk:          0 kB
Percpu:           203136 kB
HardwareCorrupted:     0 kB
AnonHugePages:         0 kB
ShmemHugePages:        0 kB
ShmemPmdMapped:        0 kB
FileHugePages:         0 kB
FilePmdMapped:         0 kB
HugePages_Total:       0
HugePages_Free:        0
HugePages_Rsvd:        0
HugePages_Surp:        0
Hugepagesize:       2048 kB
Hugetlb:               0 kB
DirectMap4k:     2771776 kB
DirectMap2M:     5203968 kB
DirectMap1G:    58720256 kB

