MemTotal:       65439348 kB
MemFree:        63713892 kB
MemAvailable:   63820100 kB
Buffers:           58124 kB
Cached:           615436 kB
SwapCached:            0 kB
Active:           211044 kB
Inactive:         523124 kB
Active(anon):       3248 kB
Inactive(anon):    72840 kB
Active(file):     207796 kB
Inactive(file):   450284 kB
Unevictable:       19496 kB
Mlocked:           19496 kB
SwapTotal:       1996796 kB
SwapFree:        1996796 kB
Dirty:               648 kB
Writeback:             0 kB
AnonPages:         80100 kB
Mapped:            88112 kB
Shmem:              6380 kB
KReclaimable:      88880 kB
Slab:             326628 kB
SReclaimable:      88880 kB
SUnreclaim:       237748 kB
KernelStack:       10032 kB
PageTables:         2456 kB
NFS_Unstable:          0 kB
Bounce:                0 kB
WritebackTmp:          0 kB
CommitLimit:    34716468 kB
Committed_AS:     807648 kB
VmallocTotal:   34359738367 kB
VmallocUsed:       44324 kB
VmallocChunk:          0 kB
Percpu:           245952 kB
HardwareCorrupted:     0 kB
AnonHugePages:         0 kB
ShmemHugePages:        0 kB
ShmemPmdMapped:        0 kB
FileHugePages:         0 kB
FilePmdMapped:         0 kB
HugePages_Total:       0
HugePages_Free:        0
HugePages_Rsvd:        0
HugePages_Surp:        0
Hugepagesize:       2048 kB
Hugetlb:               0 kB
DirectMap4k:     2825024 kB
DirectMap2M:     5150720 kB
DirectMap1G:    58720256 kB

