MemTotal:       65439348 kB
MemFree:        63708860 kB
MemAvailable:   63817796 kB
Buffers:           58424 kB
Cached:           617688 kB
SwapCached:            0 kB
Active:           211328 kB
Inactive:         526436 kB
Active(anon):       3248 kB
Inactive(anon):    73896 kB
Active(file):     208080 kB
Inactive(file):   452540 kB
Unevictable:       19496 kB
Mlocked:           19496 kB
SwapTotal:       1996796 kB
SwapFree:        1996796 kB
Dirty:               924 kB
Writeback:             0 kB
AnonPages:         81272 kB
Mapped:            88188 kB
Shmem:              6376 kB
KReclaimable:      89256 kB
Slab:             327412 kB
SReclaimable:      89256 kB
SUnreclaim:       238156 kB
KernelStack:       10096 kB
PageTables:         2768 kB
NFS_Unstable:          0 kB
Bounce:                0 kB
WritebackTmp:          0 kB
CommitLimit:    34716468 kB
Committed_AS:     807652 kB
VmallocTotal:   34359738367 kB
VmallocUsed:       44888 kB
VmallocChunk:          0 kB
Percpu:           248448 kB
HardwareCorrupted:     0 kB
AnonHugePages:         0 kB
ShmemHugePages:        0 kB
ShmemPmdMapped:        0 kB
FileHugePages:         0 kB
FilePmdMapped:         0 kB
HugePages_Total:       0
HugePages_Free:        0
HugePages_Rsvd:        0
HugePages_Surp:        0
Hugepagesize:       2048 kB
Hugetlb:               0 kB
DirectMap4k:     2825024 kB
DirectMap2M:     5150720 kB
DirectMap1G:    58720256 kB

