MemTotal:       65439348 kB
MemFree:        63717968 kB
MemAvailable:   63820572 kB
Buffers:           57692 kB
Cached:           612428 kB
SwapCached:            0 kB
Active:           205660 kB
Inactive:         530576 kB
Active(anon):       3248 kB
Inactive(anon):    78356 kB
Active(file):     202412 kB
Inactive(file):   452220 kB
Unevictable:       19496 kB
Mlocked:           19496 kB
SwapTotal:       1996796 kB
SwapFree:        1996796 kB
Dirty:               140 kB
Writeback:             0 kB
AnonPages:         85704 kB
Mapped:            97140 kB
Shmem:              6380 kB
KReclaimable:      88564 kB
Slab:             325852 kB
SReclaimable:      88564 kB
SUnreclaim:       237288 kB
KernelStack:       10064 kB
PageTables:         2616 kB
NFS_Unstable:          0 kB
Bounce:                0 kB
WritebackTmp:          0 kB
CommitLimit:    34716468 kB
Committed_AS:     854432 kB
VmallocTotal:   34359738367 kB
VmallocUsed:       44620 kB
VmallocChunk:          0 kB
Percpu:           243072 kB
HardwareCorrupted:     0 kB
AnonHugePages:         0 kB
ShmemHugePages:        0 kB
ShmemPmdMapped:        0 kB
FileHugePages:         0 kB
FilePmdMapped:         0 kB
HugePages_Total:       0
HugePages_Free:        0
HugePages_Rsvd:        0
HugePages_Surp:        0
Hugepagesize:       2048 kB
Hugetlb:               0 kB
DirectMap4k:     2818880 kB
DirectMap2M:     5156864 kB
DirectMap1G:    58720256 kB

