MemTotal:       65439348 kB
MemFree:        64235116 kB
MemAvailable:   63982792 kB
Buffers:           39276 kB
Cached:           285628 kB
SwapCached:            0 kB
Active:           132960 kB
Inactive:         252044 kB
Active(anon):       3216 kB
Inactive(anon):    72396 kB
Active(file):     129744 kB
Inactive(file):   179648 kB
Unevictable:       19496 kB
Mlocked:           19496 kB
SwapTotal:       1996796 kB
SwapFree:        1996796 kB
Dirty:               152 kB
Writeback:             0 kB
AnonPages:         79724 kB
Mapped:            77492 kB
Shmem:              6376 kB
KReclaimable:      69192 kB
Slab:             293820 kB
SReclaimable:      69192 kB
SUnreclaim:       224628 kB
KernelStack:       10016 kB
PageTables:         2408 kB
NFS_Unstable:          0 kB
Bounce:                0 kB
WritebackTmp:          0 kB
CommitLimit:    34716468 kB
Committed_AS:     790616 kB
VmallocTotal:   34359738367 kB
VmallocUsed:       38984 kB
VmallocChunk:          0 kB
Percpu:           113472 kB
HardwareCorrupted:     0 kB
AnonHugePages:         0 kB
ShmemHugePages:        0 kB
ShmemPmdMapped:        0 kB
FileHugePages:         0 kB
FilePmdMapped:         0 kB
HugePages_Total:       0
HugePages_Free:        0
HugePages_Rsvd:        0
HugePages_Surp:        0
Hugepagesize:       2048 kB
Hugetlb:               0 kB
DirectMap4k:     2657088 kB
DirectMap2M:     5318656 kB
DirectMap1G:    58720256 kB

