MemTotal:       65439348 kB
MemFree:        63710372 kB
MemAvailable:   63819040 kB
Buffers:           58404 kB
Cached:           617448 kB
SwapCached:            0 kB
Active:           211284 kB
Inactive:         525808 kB
Active(anon):       3228 kB
Inactive(anon):    73512 kB
Active(file):     208056 kB
Inactive(file):   452296 kB
Unevictable:       19496 kB
Mlocked:           19496 kB
SwapTotal:       1996796 kB
SwapFree:        1996796 kB
Dirty:               768 kB
Writeback:             0 kB
AnonPages:         80836 kB
Mapped:            88568 kB
Shmem:              6380 kB
KReclaimable:      89256 kB
Slab:             327236 kB
SReclaimable:      89256 kB
SUnreclaim:       237980 kB
KernelStack:        9920 kB
PageTables:         2184 kB
NFS_Unstable:          0 kB
Bounce:                0 kB
WritebackTmp:          0 kB
CommitLimit:    34716468 kB
Committed_AS:     807652 kB
VmallocTotal:   34359738367 kB
VmallocUsed:       44856 kB
VmallocChunk:          0 kB
Percpu:           248448 kB
HardwareCorrupted:     0 kB
AnonHugePages:         0 kB
ShmemHugePages:        0 kB
ShmemPmdMapped:        0 kB
FileHugePages:         0 kB
FilePmdMapped:         0 kB
HugePages_Total:       0
HugePages_Free:        0
HugePages_Rsvd:        0
HugePages_Surp:        0
Hugepagesize:       2048 kB
Hugetlb:               0 kB
DirectMap4k:     2825024 kB
DirectMap2M:     5150720 kB
DirectMap1G:    58720256 kB

