MemTotal:       65439348 kB
MemFree:        63801836 kB
MemAvailable:   63864968 kB
Buffers:           52692 kB
Cached:           580040 kB
SwapCached:            0 kB
Active:           199968 kB
Inactive:         493912 kB
Active(anon):       3248 kB
Inactive(anon):    73392 kB
Active(file):     196720 kB
Inactive(file):   420520 kB
Unevictable:       19496 kB
Mlocked:           19496 kB
SwapTotal:       1996796 kB
SwapFree:        1996796 kB
Dirty:               700 kB
Writeback:             0 kB
AnonPages:         80688 kB
Mapped:            85884 kB
Shmem:              6380 kB
KReclaimable:      84408 kB
Slab:             318792 kB
SReclaimable:      84408 kB
SUnreclaim:       234384 kB
KernelStack:       10128 kB
PageTables:         2236 kB
NFS_Unstable:          0 kB
Bounce:                0 kB
WritebackTmp:          0 kB
CommitLimit:    34716468 kB
Committed_AS:     807652 kB
VmallocTotal:   34359738367 kB
VmallocUsed:       42808 kB
VmallocChunk:          0 kB
Percpu:           207360 kB
HardwareCorrupted:     0 kB
AnonHugePages:         0 kB
ShmemHugePages:        0 kB
ShmemPmdMapped:        0 kB
FileHugePages:         0 kB
FilePmdMapped:         0 kB
HugePages_Total:       0
HugePages_Free:        0
HugePages_Rsvd:        0
HugePages_Surp:        0
Hugepagesize:       2048 kB
Hugetlb:               0 kB
DirectMap4k:     2775872 kB
DirectMap2M:     5199872 kB
DirectMap1G:    58720256 kB

