MemTotal:       65439348 kB
MemFree:        63701672 kB
MemAvailable:   63814272 kB
Buffers:           58852 kB
Cached:           620692 kB
SwapCached:            0 kB
Active:           211748 kB
Inactive:         528552 kB
Active(anon):       3240 kB
Inactive(anon):    73004 kB
Active(file):     208508 kB
Inactive(file):   455548 kB
Unevictable:       19496 kB
Mlocked:           19496 kB
SwapTotal:       1996796 kB
SwapFree:        1996796 kB
Dirty:                28 kB
Writeback:             0 kB
AnonPages:         80332 kB
Mapped:            88492 kB
Shmem:              6376 kB
KReclaimable:      89712 kB
Slab:             328772 kB
SReclaimable:      89712 kB
SUnreclaim:       239060 kB
KernelStack:        9952 kB
PageTables:         2460 kB
NFS_Unstable:          0 kB
Bounce:                0 kB
WritebackTmp:          0 kB
CommitLimit:    34716468 kB
Committed_AS:     808036 kB
VmallocTotal:   34359738367 kB
VmallocUsed:       44792 kB
VmallocChunk:          0 kB
Percpu:           252096 kB
HardwareCorrupted:     0 kB
AnonHugePages:         0 kB
ShmemHugePages:        0 kB
ShmemPmdMapped:        0 kB
FileHugePages:         0 kB
FilePmdMapped:         0 kB
HugePages_Total:       0
HugePages_Free:        0
HugePages_Rsvd:        0
HugePages_Surp:        0
Hugepagesize:       2048 kB
Hugetlb:               0 kB
DirectMap4k:     2831168 kB
DirectMap2M:     5144576 kB
DirectMap1G:    58720256 kB

