MemTotal:       65439348 kB
MemFree:        63720700 kB
MemAvailable:   63824548 kB
Buffers:           57868 kB
Cached:           613424 kB
SwapCached:            0 kB
Active:           210776 kB
Inactive:         520908 kB
Active(anon):       3236 kB
Inactive(anon):    72632 kB
Active(file):     207540 kB
Inactive(file):   448276 kB
Unevictable:       19496 kB
Mlocked:           19496 kB
SwapTotal:       1996796 kB
SwapFree:        1996796 kB
Dirty:               604 kB
Writeback:             0 kB
AnonPages:         80480 kB
Mapped:            88004 kB
Shmem:              6376 kB
KReclaimable:      88688 kB
Slab:             326012 kB
SReclaimable:      88688 kB
SUnreclaim:       237324 kB
KernelStack:        9936 kB
PageTables:         2244 kB
NFS_Unstable:          0 kB
Bounce:                0 kB
WritebackTmp:          0 kB
CommitLimit:    34716468 kB
Committed_AS:     807648 kB
VmallocTotal:   34359738367 kB
VmallocUsed:       44324 kB
VmallocChunk:          0 kB
Percpu:           244224 kB
HardwareCorrupted:     0 kB
AnonHugePages:         0 kB
ShmemHugePages:        0 kB
ShmemPmdMapped:        0 kB
FileHugePages:         0 kB
FilePmdMapped:         0 kB
HugePages_Total:       0
HugePages_Free:        0
HugePages_Rsvd:        0
HugePages_Surp:        0
Hugepagesize:       2048 kB
Hugetlb:               0 kB
DirectMap4k:     2820928 kB
DirectMap2M:     5154816 kB
DirectMap1G:    58720256 kB

