MemTotal:       65439348 kB
MemFree:        64142184 kB
MemAvailable:   63940380 kB
Buffers:           44236 kB
Cached:           328756 kB
SwapCached:            0 kB
Active:           139980 kB
Inactive:         299360 kB
Active(anon):       3244 kB
Inactive(anon):    78588 kB
Active(file):     136736 kB
Inactive(file):   220772 kB
Unevictable:       19496 kB
Mlocked:           19496 kB
SwapTotal:       1996796 kB
SwapFree:        1996796 kB
Dirty:               756 kB
Writeback:             0 kB
AnonPages:         85944 kB
Mapped:            89460 kB
Shmem:              6380 kB
KReclaimable:      74000 kB
Slab:             301864 kB
SReclaimable:      74000 kB
SUnreclaim:       227864 kB
KernelStack:       10096 kB
PageTables:         2636 kB
NFS_Unstable:          0 kB
Bounce:                0 kB
WritebackTmp:          0 kB
CommitLimit:    34716468 kB
Committed_AS:     838256 kB
VmallocTotal:   34359738367 kB
VmallocUsed:       40828 kB
VmallocChunk:          0 kB
Percpu:           146112 kB
HardwareCorrupted:     0 kB
AnonHugePages:         0 kB
ShmemHugePages:        0 kB
ShmemPmdMapped:        0 kB
FileHugePages:         0 kB
FilePmdMapped:         0 kB
HugePages_Total:       0
HugePages_Free:        0
HugePages_Rsvd:        0
HugePages_Surp:        0
Hugepagesize:       2048 kB
Hugetlb:               0 kB
DirectMap4k:     2706240 kB
DirectMap2M:     5269504 kB
DirectMap1G:    58720256 kB

