MemTotal:       65439348 kB
MemFree:        64226824 kB
MemAvailable:   63980264 kB
Buffers:           39972 kB
Cached:           290348 kB
SwapCached:            0 kB
Active:           133696 kB
Inactive:         257296 kB
Active(anon):       3236 kB
Inactive(anon):    72920 kB
Active(file):     130460 kB
Inactive(file):   184376 kB
Unevictable:       19496 kB
Mlocked:           19496 kB
SwapTotal:       1996796 kB
SwapFree:        1996796 kB
Dirty:               596 kB
Writeback:             0 kB
AnonPages:         80216 kB
Mapped:            77784 kB
Shmem:              6376 kB
KReclaimable:      69828 kB
Slab:             294664 kB
SReclaimable:      69828 kB
SUnreclaim:       224836 kB
KernelStack:        9952 kB
PageTables:         2396 kB
NFS_Unstable:          0 kB
Bounce:                0 kB
WritebackTmp:          0 kB
CommitLimit:    34716468 kB
Committed_AS:     790364 kB
VmallocTotal:   34359738367 kB
VmallocUsed:       38968 kB
VmallocChunk:          0 kB
Percpu:           118272 kB
HardwareCorrupted:     0 kB
AnonHugePages:         0 kB
ShmemHugePages:        0 kB
ShmemPmdMapped:        0 kB
FileHugePages:         0 kB
FilePmdMapped:         0 kB
HugePages_Total:       0
HugePages_Free:        0
HugePages_Rsvd:        0
HugePages_Surp:        0
Hugepagesize:       2048 kB
Hugetlb:               0 kB
DirectMap4k:     2665280 kB
DirectMap2M:     5310464 kB
DirectMap1G:    58720256 kB

