MemTotal:       65439348 kB
MemFree:        63900628 kB
MemAvailable:   63918268 kB
Buffers:           47312 kB
Cached:           542612 kB
SwapCached:            0 kB
Active:           155600 kB
Inactive:         496268 kB
Active(anon):       3252 kB
Inactive(anon):    74196 kB
Active(file):     152348 kB
Inactive(file):   422072 kB
Unevictable:       19496 kB
Mlocked:           19496 kB
SwapTotal:       1996796 kB
SwapFree:        1996796 kB
Dirty:               684 kB
Writeback:             0 kB
AnonPages:         81172 kB
Mapped:            83224 kB
Shmem:              6376 kB
KReclaimable:      79064 kB
Slab:             308632 kB
SReclaimable:      79064 kB
SUnreclaim:       229568 kB
KernelStack:       10160 kB
PageTables:         2348 kB
NFS_Unstable:          0 kB
Bounce:                0 kB
WritebackTmp:          0 kB
CommitLimit:    34716468 kB
Committed_AS:     799204 kB
VmallocTotal:   34359738367 kB
VmallocUsed:       41244 kB
VmallocChunk:          0 kB
Percpu:           168768 kB
HardwareCorrupted:     0 kB
AnonHugePages:         0 kB
ShmemHugePages:        0 kB
ShmemPmdMapped:        0 kB
FileHugePages:         0 kB
FilePmdMapped:         0 kB
HugePages_Total:       0
HugePages_Free:        0
HugePages_Rsvd:        0
HugePages_Surp:        0
Hugepagesize:       2048 kB
Hugetlb:               0 kB
DirectMap4k:     2732864 kB
DirectMap2M:     5242880 kB
DirectMap1G:    58720256 kB

