MemTotal:       65439348 kB
MemFree:        63894008 kB
MemAvailable:   63912504 kB
Buffers:           47404 kB
Cached:           543320 kB
SwapCached:            0 kB
Active:           155712 kB
Inactive:         497728 kB
Active(anon):       3240 kB
Inactive(anon):    74952 kB
Active(file):     152472 kB
Inactive(file):   422776 kB
Unevictable:       19496 kB
Mlocked:           19496 kB
SwapTotal:       1996796 kB
SwapFree:        1996796 kB
Dirty:               660 kB
Writeback:             0 kB
AnonPages:         81884 kB
Mapped:            82872 kB
Shmem:              6376 kB
KReclaimable:      79120 kB
Slab:             308824 kB
SReclaimable:      79120 kB
SUnreclaim:       229704 kB
KernelStack:       10128 kB
PageTables:         2308 kB
NFS_Unstable:          0 kB
Bounce:                0 kB
WritebackTmp:          0 kB
CommitLimit:    34716468 kB
Committed_AS:     799204 kB
VmallocTotal:   34359738367 kB
VmallocUsed:       41228 kB
VmallocChunk:          0 kB
Percpu:           169536 kB
HardwareCorrupted:     0 kB
AnonHugePages:         0 kB
ShmemHugePages:        0 kB
ShmemPmdMapped:        0 kB
FileHugePages:         0 kB
FilePmdMapped:         0 kB
HugePages_Total:       0
HugePages_Free:        0
HugePages_Rsvd:        0
HugePages_Surp:        0
Hugepagesize:       2048 kB
Hugetlb:               0 kB
DirectMap4k:     2734912 kB
DirectMap2M:     5240832 kB
DirectMap1G:    58720256 kB

