MemTotal:       65439348 kB
MemFree:        64236124 kB
MemAvailable:   63984864 kB
Buffers:           39420 kB
Cached:           286504 kB
SwapCached:            0 kB
Active:           133120 kB
Inactive:         253272 kB
Active(anon):       3228 kB
Inactive(anon):    72744 kB
Active(file):     129892 kB
Inactive(file):   180528 kB
Unevictable:       19496 kB
Mlocked:           19496 kB
SwapTotal:       1996796 kB
SwapFree:        1996796 kB
Dirty:               724 kB
Writeback:             0 kB
AnonPages:         80036 kB
Mapped:            77732 kB
Shmem:              6376 kB
KReclaimable:      69260 kB
Slab:             293308 kB
SReclaimable:      69260 kB
SUnreclaim:       224048 kB
KernelStack:       10016 kB
PageTables:         2360 kB
NFS_Unstable:          0 kB
Bounce:                0 kB
WritebackTmp:          0 kB
CommitLimit:    34716468 kB
Committed_AS:     790368 kB
VmallocTotal:   34359738367 kB
VmallocUsed:       39000 kB
VmallocChunk:          0 kB
Percpu:           114624 kB
HardwareCorrupted:     0 kB
AnonHugePages:         0 kB
ShmemHugePages:        0 kB
ShmemPmdMapped:        0 kB
FileHugePages:         0 kB
FilePmdMapped:         0 kB
HugePages_Total:       0
HugePages_Free:        0
HugePages_Rsvd:        0
HugePages_Surp:        0
Hugepagesize:       2048 kB
Hugetlb:               0 kB
DirectMap4k:     2659136 kB
DirectMap2M:     5316608 kB
DirectMap1G:    58720256 kB

