MemTotal:       65439348 kB
MemFree:        64315620 kB
MemAvailable:   64013216 kB
Buffers:           31512 kB
Cached:           249532 kB
SwapCached:            0 kB
Active:           122664 kB
Inactive:         218344 kB
Active(anon):       3216 kB
Inactive(anon):    72228 kB
Active(file):     119448 kB
Inactive(file):   146116 kB
Unevictable:       19496 kB
Mlocked:           19496 kB
SwapTotal:       1996796 kB
SwapFree:        1996796 kB
Dirty:                12 kB
Writeback:             0 kB
AnonPages:         79548 kB
Mapped:            74548 kB
Shmem:              6376 kB
KReclaimable:      56368 kB
Slab:             276944 kB
SReclaimable:      56368 kB
SUnreclaim:       220576 kB
KernelStack:        9984 kB
PageTables:         2396 kB
NFS_Unstable:          0 kB
Bounce:                0 kB
WritebackTmp:          0 kB
CommitLimit:    34716468 kB
Committed_AS:     790356 kB
VmallocTotal:   34359738367 kB
VmallocUsed:       38356 kB
VmallocChunk:          0 kB
Percpu:            96576 kB
HardwareCorrupted:     0 kB
AnonHugePages:         0 kB
ShmemHugePages:        0 kB
ShmemPmdMapped:        0 kB
FileHugePages:         0 kB
FilePmdMapped:         0 kB
HugePages_Total:       0
HugePages_Free:        0
HugePages_Rsvd:        0
HugePages_Surp:        0
Hugepagesize:       2048 kB
Hugetlb:               0 kB
DirectMap4k:     2132800 kB
DirectMap2M:     5842944 kB
DirectMap1G:    58720256 kB

