MemTotal:       65439348 kB
MemFree:        63889004 kB
MemAvailable:   63911424 kB
Buffers:           47832 kB
Cached:           546644 kB
SwapCached:            0 kB
Active:           156140 kB
Inactive:         499136 kB
Active(anon):       3244 kB
Inactive(anon):    73036 kB
Active(file):     152896 kB
Inactive(file):   426100 kB
Unevictable:       19496 kB
Mlocked:           19496 kB
SwapTotal:       1996796 kB
SwapFree:        1996796 kB
Dirty:               972 kB
Writeback:             0 kB
AnonPages:         80336 kB
Mapped:            82680 kB
Shmem:              6376 kB
KReclaimable:      79468 kB
Slab:             309488 kB
SReclaimable:      79468 kB
SUnreclaim:       230020 kB
KernelStack:       10032 kB
PageTables:         2464 kB
NFS_Unstable:          0 kB
Bounce:                0 kB
WritebackTmp:          0 kB
CommitLimit:    34716468 kB
Committed_AS:     799204 kB
VmallocTotal:   34359738367 kB
VmallocUsed:       41552 kB
VmallocChunk:          0 kB
Percpu:           172992 kB
HardwareCorrupted:     0 kB
AnonHugePages:         0 kB
ShmemHugePages:        0 kB
ShmemPmdMapped:        0 kB
FileHugePages:         0 kB
FilePmdMapped:         0 kB
HugePages_Total:       0
HugePages_Free:        0
HugePages_Rsvd:        0
HugePages_Surp:        0
Hugepagesize:       2048 kB
Hugetlb:               0 kB
DirectMap4k:     2739008 kB
DirectMap2M:     5236736 kB
DirectMap1G:    58720256 kB

