MemTotal:       65439348 kB
MemFree:        63804592 kB
MemAvailable:   63867880 kB
Buffers:           52700 kB
Cached:           580152 kB
SwapCached:            0 kB
Active:           199980 kB
Inactive:         494224 kB
Active(anon):       3240 kB
Inactive(anon):    73588 kB
Active(file):     196740 kB
Inactive(file):   420636 kB
Unevictable:       19496 kB
Mlocked:           19496 kB
SwapTotal:       1996796 kB
SwapFree:        1996796 kB
Dirty:               952 kB
Writeback:             0 kB
AnonPages:         81432 kB
Mapped:            85196 kB
Shmem:              6376 kB
KReclaimable:      84448 kB
Slab:             318948 kB
SReclaimable:      84448 kB
SUnreclaim:       234500 kB
KernelStack:       10064 kB
PageTables:         2636 kB
NFS_Unstable:          0 kB
Bounce:                0 kB
WritebackTmp:          0 kB
CommitLimit:    34716468 kB
Committed_AS:     807648 kB
VmallocTotal:   34359738367 kB
VmallocUsed:       42824 kB
VmallocChunk:          0 kB
Percpu:           207936 kB
HardwareCorrupted:     0 kB
AnonHugePages:         0 kB
ShmemHugePages:        0 kB
ShmemPmdMapped:        0 kB
FileHugePages:         0 kB
FilePmdMapped:         0 kB
HugePages_Total:       0
HugePages_Free:        0
HugePages_Rsvd:        0
HugePages_Surp:        0
Hugepagesize:       2048 kB
Hugetlb:               0 kB
DirectMap4k:     2775872 kB
DirectMap2M:     5199872 kB
DirectMap1G:    58720256 kB

