MemTotal:       65439348 kB
MemFree:        63763108 kB
MemAvailable:   63844600 kB
Buffers:           55032 kB
Cached:           595156 kB
SwapCached:            0 kB
Active:           202996 kB
Inactive:         513496 kB
Active(anon):       3248 kB
Inactive(anon):    78544 kB
Active(file):     199748 kB
Inactive(file):   434952 kB
Unevictable:       19496 kB
Mlocked:           19496 kB
SwapTotal:       1996796 kB
SwapFree:        1996796 kB
Dirty:               188 kB
Writeback:             0 kB
AnonPages:         85864 kB
Mapped:            95776 kB
Shmem:              6380 kB
KReclaimable:      86204 kB
Slab:             322256 kB
SReclaimable:      86204 kB
SUnreclaim:       236052 kB
KernelStack:       10144 kB
PageTables:         2668 kB
NFS_Unstable:          0 kB
Bounce:                0 kB
WritebackTmp:          0 kB
CommitLimit:    34716468 kB
Committed_AS:     854428 kB
VmallocTotal:   34359738367 kB
VmallocUsed:       43864 kB
VmallocChunk:          0 kB
Percpu:           223680 kB
HardwareCorrupted:     0 kB
AnonHugePages:         0 kB
ShmemHugePages:        0 kB
ShmemPmdMapped:        0 kB
FileHugePages:         0 kB
FilePmdMapped:         0 kB
HugePages_Total:       0
HugePages_Free:        0
HugePages_Rsvd:        0
HugePages_Surp:        0
Hugepagesize:       2048 kB
Hugetlb:               0 kB
DirectMap4k:     2800448 kB
DirectMap2M:     5175296 kB
DirectMap1G:    58720256 kB

