MemTotal:       65439348 kB
MemFree:        63900880 kB
MemAvailable:   63916820 kB
Buffers:           47124 kB
Cached:           541196 kB
SwapCached:            0 kB
Active:           155420 kB
Inactive:         495072 kB
Active(anon):       3244 kB
Inactive(anon):    74424 kB
Active(file):     152176 kB
Inactive(file):   420648 kB
Unevictable:       19496 kB
Mlocked:           19496 kB
SwapTotal:       1996796 kB
SwapFree:        1996796 kB
Dirty:               624 kB
Writeback:             0 kB
AnonPages:         81212 kB
Mapped:            82680 kB
Shmem:              6380 kB
KReclaimable:      78852 kB
Slab:             309368 kB
SReclaimable:      78852 kB
SUnreclaim:       230516 kB
KernelStack:       10176 kB
PageTables:         2932 kB
NFS_Unstable:          0 kB
Bounce:                0 kB
WritebackTmp:          0 kB
CommitLimit:    34716468 kB
Committed_AS:     799208 kB
VmallocTotal:   34359738367 kB
VmallocUsed:       41196 kB
VmallocChunk:          0 kB
Percpu:           167040 kB
HardwareCorrupted:     0 kB
AnonHugePages:         0 kB
ShmemHugePages:        0 kB
ShmemPmdMapped:        0 kB
FileHugePages:         0 kB
FilePmdMapped:         0 kB
HugePages_Total:       0
HugePages_Free:        0
HugePages_Rsvd:        0
HugePages_Surp:        0
Hugepagesize:       2048 kB
Hugetlb:               0 kB
DirectMap4k:     2730816 kB
DirectMap2M:     5244928 kB
DirectMap1G:    58720256 kB

