MemTotal:       65439348 kB
MemFree:        63698328 kB
MemAvailable:   63811700 kB
Buffers:           58932 kB
Cached:           621352 kB
SwapCached:            0 kB
Active:           211852 kB
Inactive:         530296 kB
Active(anon):       3252 kB
Inactive(anon):    74088 kB
Active(file):     208600 kB
Inactive(file):   456208 kB
Unevictable:       19496 kB
Mlocked:           19496 kB
SwapTotal:       1996796 kB
SwapFree:        1996796 kB
Dirty:               876 kB
Writeback:             0 kB
AnonPages:         81428 kB
Mapped:            89296 kB
Shmem:              6376 kB
KReclaimable:      89748 kB
Slab:             328880 kB
SReclaimable:      89748 kB
SUnreclaim:       239132 kB
KernelStack:       10176 kB
PageTables:         2744 kB
NFS_Unstable:          0 kB
Bounce:                0 kB
WritebackTmp:          0 kB
CommitLimit:    34716468 kB
Committed_AS:     807648 kB
VmallocTotal:   34359738367 kB
VmallocUsed:       44856 kB
VmallocChunk:          0 kB
Percpu:           252672 kB
HardwareCorrupted:     0 kB
AnonHugePages:         0 kB
ShmemHugePages:        0 kB
ShmemPmdMapped:        0 kB
FileHugePages:         0 kB
FilePmdMapped:         0 kB
HugePages_Total:       0
HugePages_Free:        0
HugePages_Rsvd:        0
HugePages_Surp:        0
Hugepagesize:       2048 kB
Hugetlb:               0 kB
DirectMap4k:     2835264 kB
DirectMap2M:     5140480 kB
DirectMap1G:    58720256 kB

