MemTotal:       65439348 kB
MemFree:        63798484 kB
MemAvailable:   63864052 kB
Buffers:           52928 kB
Cached:           582104 kB
SwapCached:            0 kB
Active:           200208 kB
Inactive:         495348 kB
Active(anon):       3244 kB
Inactive(anon):    72760 kB
Active(file):     196964 kB
Inactive(file):   422588 kB
Unevictable:       19496 kB
Mlocked:           19496 kB
SwapTotal:       1996796 kB
SwapFree:        1996796 kB
Dirty:               756 kB
Writeback:             0 kB
AnonPages:         80132 kB
Mapped:            85380 kB
Shmem:              6376 kB
KReclaimable:      84652 kB
Slab:             318876 kB
SReclaimable:      84652 kB
SUnreclaim:       234224 kB
KernelStack:       10016 kB
PageTables:         2452 kB
NFS_Unstable:          0 kB
Bounce:                0 kB
WritebackTmp:          0 kB
CommitLimit:    34716468 kB
Committed_AS:     808040 kB
VmallocTotal:   34359738367 kB
VmallocUsed:       43372 kB
VmallocChunk:          0 kB
Percpu:           209856 kB
HardwareCorrupted:     0 kB
AnonHugePages:         0 kB
ShmemHugePages:        0 kB
ShmemPmdMapped:        0 kB
FileHugePages:         0 kB
FilePmdMapped:         0 kB
HugePages_Total:       0
HugePages_Free:        0
HugePages_Rsvd:        0
HugePages_Surp:        0
Hugepagesize:       2048 kB
Hugetlb:               0 kB
DirectMap4k:     2782016 kB
DirectMap2M:     5193728 kB
DirectMap1G:    58720256 kB

