MemTotal:       65439348 kB
MemFree:        63817500 kB
MemAvailable:   63875540 kB
Buffers:           52116 kB
Cached:           575828 kB
SwapCached:            0 kB
Active:           199384 kB
Inactive:         489380 kB
Active(anon):       3240 kB
Inactive(anon):    73064 kB
Active(file):     196144 kB
Inactive(file):   416316 kB
Unevictable:       19496 kB
Mlocked:           19496 kB
SwapTotal:       1996796 kB
SwapFree:        1996796 kB
Dirty:               156 kB
Writeback:             0 kB
AnonPages:         80436 kB
Mapped:            84584 kB
Shmem:              6376 kB
KReclaimable:      83780 kB
Slab:             318064 kB
SReclaimable:      83780 kB
SUnreclaim:       234284 kB
KernelStack:       10048 kB
PageTables:         2448 kB
NFS_Unstable:          0 kB
Bounce:                0 kB
WritebackTmp:          0 kB
CommitLimit:    34716468 kB
Committed_AS:     808036 kB
VmallocTotal:   34359738367 kB
VmallocUsed:       42696 kB
VmallocChunk:          0 kB
Percpu:           203136 kB
HardwareCorrupted:     0 kB
AnonHugePages:         0 kB
ShmemHugePages:        0 kB
ShmemPmdMapped:        0 kB
FileHugePages:         0 kB
FilePmdMapped:         0 kB
HugePages_Total:       0
HugePages_Free:        0
HugePages_Rsvd:        0
HugePages_Surp:        0
Hugepagesize:       2048 kB
Hugetlb:               0 kB
DirectMap4k:     2771776 kB
DirectMap2M:     5203968 kB
DirectMap1G:    58720256 kB

