MemTotal:       65439348 kB
MemFree:        64126676 kB
MemAvailable:   63930244 kB
Buffers:           44924 kB
Cached:           333228 kB
SwapCached:            0 kB
Active:           140676 kB
Inactive:         305212 kB
Active(anon):       3244 kB
Inactive(anon):    79976 kB
Active(file):     137432 kB
Inactive(file):   225236 kB
Unevictable:       19496 kB
Mlocked:           19496 kB
SwapTotal:       1996796 kB
SwapFree:        1996796 kB
Dirty:               676 kB
Writeback:             0 kB
AnonPages:         87196 kB
Mapped:            90736 kB
Shmem:              6376 kB
KReclaimable:      74424 kB
Slab:             302876 kB
SReclaimable:      74424 kB
SUnreclaim:       228452 kB
KernelStack:       10080 kB
PageTables:         2380 kB
NFS_Unstable:          0 kB
Bounce:                0 kB
WritebackTmp:          0 kB
CommitLimit:    34716468 kB
Committed_AS:     837868 kB
VmallocTotal:   34359738367 kB
VmallocUsed:       40828 kB
VmallocChunk:          0 kB
Percpu:           150912 kB
HardwareCorrupted:     0 kB
AnonHugePages:         0 kB
ShmemHugePages:        0 kB
ShmemPmdMapped:        0 kB
FileHugePages:         0 kB
FilePmdMapped:         0 kB
HugePages_Total:       0
HugePages_Free:        0
HugePages_Rsvd:        0
HugePages_Surp:        0
Hugepagesize:       2048 kB
Hugetlb:               0 kB
DirectMap4k:     2712384 kB
DirectMap2M:     5263360 kB
DirectMap1G:    58720256 kB

