MemTotal:       65439348 kB
MemFree:        63790056 kB
MemAvailable:   63858864 kB
Buffers:           53312 kB
Cached:           584812 kB
SwapCached:            0 kB
Active:           200584 kB
Inactive:         498152 kB
Active(anon):       3244 kB
Inactive(anon):    72860 kB
Active(file):     197340 kB
Inactive(file):   425292 kB
Unevictable:       19496 kB
Mlocked:           19496 kB
SwapTotal:       1996796 kB
SwapFree:        1996796 kB
Dirty:               240 kB
Writeback:             0 kB
AnonPages:         80136 kB
Mapped:            85520 kB
Shmem:              6376 kB
KReclaimable:      84972 kB
Slab:             319252 kB
SReclaimable:      84972 kB
SUnreclaim:       234280 kB
KernelStack:       10080 kB
PageTables:         2452 kB
NFS_Unstable:          0 kB
Bounce:                0 kB
WritebackTmp:          0 kB
CommitLimit:    34716468 kB
Committed_AS:     808040 kB
VmallocTotal:   34359738367 kB
VmallocUsed:       43356 kB
VmallocChunk:          0 kB
Percpu:           212928 kB
HardwareCorrupted:     0 kB
AnonHugePages:         0 kB
ShmemHugePages:        0 kB
ShmemPmdMapped:        0 kB
FileHugePages:         0 kB
FilePmdMapped:         0 kB
HugePages_Total:       0
HugePages_Free:        0
HugePages_Rsvd:        0
HugePages_Surp:        0
Hugepagesize:       2048 kB
Hugetlb:               0 kB
DirectMap4k:     2784064 kB
DirectMap2M:     5191680 kB
DirectMap1G:    58720256 kB

