MemTotal:       65439348 kB
MemFree:        63769952 kB
MemAvailable:   63847536 kB
Buffers:           54532 kB
Cached:           591884 kB
SwapCached:            0 kB
Active:           202496 kB
Inactive:         510116 kB
Active(anon):       3244 kB
Inactive(anon):    78440 kB
Active(file):     199252 kB
Inactive(file):   431676 kB
Unevictable:       19496 kB
Mlocked:           19496 kB
SwapTotal:       1996796 kB
SwapFree:        1996796 kB
Dirty:               768 kB
Writeback:             0 kB
AnonPages:         85748 kB
Mapped:            95456 kB
Shmem:              6380 kB
KReclaimable:      85932 kB
Slab:             321992 kB
SReclaimable:      85932 kB
SUnreclaim:       236060 kB
KernelStack:       10096 kB
PageTables:         2664 kB
NFS_Unstable:          0 kB
Bounce:                0 kB
WritebackTmp:          0 kB
CommitLimit:    34716468 kB
Committed_AS:     854424 kB
VmallocTotal:   34359738367 kB
VmallocUsed:       43444 kB
VmallocChunk:          0 kB
Percpu:           220800 kB
HardwareCorrupted:     0 kB
AnonHugePages:         0 kB
ShmemHugePages:        0 kB
ShmemPmdMapped:        0 kB
FileHugePages:         0 kB
FilePmdMapped:         0 kB
HugePages_Total:       0
HugePages_Free:        0
HugePages_Rsvd:        0
HugePages_Surp:        0
Hugepagesize:       2048 kB
Hugetlb:               0 kB
DirectMap4k:     2794304 kB
DirectMap2M:     5181440 kB
DirectMap1G:    58720256 kB

