MemTotal:       65439348 kB
MemFree:        63804056 kB
MemAvailable:   63868456 kB
Buffers:           52820 kB
Cached:           581092 kB
SwapCached:            0 kB
Active:           200112 kB
Inactive:         495112 kB
Active(anon):       3252 kB
Inactive(anon):    73532 kB
Active(file):     196860 kB
Inactive(file):   421580 kB
Unevictable:       19496 kB
Mlocked:           19496 kB
SwapTotal:       1996796 kB
SwapFree:        1996796 kB
Dirty:               740 kB
Writeback:             0 kB
AnonPages:         80908 kB
Mapped:            85604 kB
Shmem:              6372 kB
KReclaimable:      84544 kB
Slab:             318420 kB
SReclaimable:      84544 kB
SUnreclaim:       233876 kB
KernelStack:       10112 kB
PageTables:         1948 kB
NFS_Unstable:          0 kB
Bounce:                0 kB
WritebackTmp:          0 kB
CommitLimit:    34716468 kB
Committed_AS:     807656 kB
VmallocTotal:   34359738367 kB
VmallocUsed:       42872 kB
VmallocChunk:          0 kB
Percpu:           208704 kB
HardwareCorrupted:     0 kB
AnonHugePages:         0 kB
ShmemHugePages:        0 kB
ShmemPmdMapped:        0 kB
FileHugePages:         0 kB
FilePmdMapped:         0 kB
HugePages_Total:       0
HugePages_Free:        0
HugePages_Rsvd:        0
HugePages_Surp:        0
Hugepagesize:       2048 kB
Hugetlb:               0 kB
DirectMap4k:     2779968 kB
DirectMap2M:     5195776 kB
DirectMap1G:    58720256 kB

