MemTotal:       65439348 kB
MemFree:        64326308 kB
MemAvailable:   64019476 kB
Buffers:           30176 kB
Cached:           242352 kB
SwapCached:            0 kB
Active:           121352 kB
Inactive:         212524 kB
Active(anon):       3232 kB
Inactive(anon):    73592 kB
Active(file):     118120 kB
Inactive(file):   138932 kB
Unevictable:       19496 kB
Mlocked:           19496 kB
SwapTotal:       1996796 kB
SwapFree:        1996796 kB
Dirty:               580 kB
Writeback:             0 kB
AnonPages:         80964 kB
Mapped:            74288 kB
Shmem:              6376 kB
KReclaimable:      56020 kB
Slab:             276528 kB
SReclaimable:      56020 kB
SUnreclaim:       220508 kB
KernelStack:       10000 kB
PageTables:         2828 kB
NFS_Unstable:          0 kB
Bounce:                0 kB
WritebackTmp:          0 kB
CommitLimit:    34716468 kB
Committed_AS:     790104 kB
VmallocTotal:   34359738367 kB
VmallocUsed:       38324 kB
VmallocChunk:          0 kB
Percpu:            96576 kB
HardwareCorrupted:     0 kB
AnonHugePages:         0 kB
ShmemHugePages:        0 kB
ShmemPmdMapped:        0 kB
FileHugePages:         0 kB
FilePmdMapped:         0 kB
HugePages_Total:       0
HugePages_Free:        0
HugePages_Rsvd:        0
HugePages_Surp:        0
Hugepagesize:       2048 kB
Hugetlb:               0 kB
DirectMap4k:     2028352 kB
DirectMap2M:     5947392 kB
DirectMap1G:    58720256 kB

