MemTotal:       65439348 kB
MemFree:        63696164 kB
MemAvailable:   63810684 kB
Buffers:           59068 kB
Cached:           622296 kB
SwapCached:            0 kB
Active:           211968 kB
Inactive:         532296 kB
Active(anon):       3228 kB
Inactive(anon):    75152 kB
Active(file):     208740 kB
Inactive(file):   457144 kB
Unevictable:       19496 kB
Mlocked:           19496 kB
SwapTotal:       1996796 kB
SwapFree:        1996796 kB
Dirty:               740 kB
Writeback:             0 kB
AnonPages:         82336 kB
Mapped:            88660 kB
Shmem:              6376 kB
KReclaimable:      89896 kB
Slab:             329284 kB
SReclaimable:      89896 kB
SUnreclaim:       239388 kB
KernelStack:       10096 kB
PageTables:         2612 kB
NFS_Unstable:          0 kB
Bounce:                0 kB
WritebackTmp:          0 kB
CommitLimit:    34716468 kB
Committed_AS:     807652 kB
VmallocTotal:   34359738367 kB
VmallocUsed:       44872 kB
VmallocChunk:          0 kB
Percpu:           253824 kB
HardwareCorrupted:     0 kB
AnonHugePages:         0 kB
ShmemHugePages:        0 kB
ShmemPmdMapped:        0 kB
FileHugePages:         0 kB
FilePmdMapped:         0 kB
HugePages_Total:       0
HugePages_Free:        0
HugePages_Rsvd:        0
HugePages_Surp:        0
Hugepagesize:       2048 kB
Hugetlb:               0 kB
DirectMap4k:     2835264 kB
DirectMap2M:     5140480 kB
DirectMap1G:    58720256 kB

