MemTotal:       65439348 kB
MemFree:        64227728 kB
MemAvailable:   63979100 kB
Buffers:           39716 kB
Cached:           288700 kB
SwapCached:            0 kB
Active:           133436 kB
Inactive:         256356 kB
Active(anon):       3216 kB
Inactive(anon):    73636 kB
Active(file):     130220 kB
Inactive(file):   182720 kB
Unevictable:       19496 kB
Mlocked:           19496 kB
SwapTotal:       1996796 kB
SwapFree:        1996796 kB
Dirty:               724 kB
Writeback:             0 kB
AnonPages:         80988 kB
Mapped:            77692 kB
Shmem:              6376 kB
KReclaimable:      69484 kB
Slab:             293848 kB
SReclaimable:      69484 kB
SUnreclaim:       224364 kB
KernelStack:       10080 kB
PageTables:         2668 kB
NFS_Unstable:          0 kB
Bounce:                0 kB
WritebackTmp:          0 kB
CommitLimit:    34716468 kB
Committed_AS:     790360 kB
VmallocTotal:   34359738367 kB
VmallocUsed:       38984 kB
VmallocChunk:          0 kB
Percpu:           116352 kB
HardwareCorrupted:     0 kB
AnonHugePages:         0 kB
ShmemHugePages:        0 kB
ShmemPmdMapped:        0 kB
FileHugePages:         0 kB
FilePmdMapped:         0 kB
HugePages_Total:       0
HugePages_Free:        0
HugePages_Rsvd:        0
HugePages_Surp:        0
Hugepagesize:       2048 kB
Hugetlb:               0 kB
DirectMap4k:     2661184 kB
DirectMap2M:     5314560 kB
DirectMap1G:    58720256 kB

