MemTotal:       65439348 kB
MemFree:        63913864 kB
MemAvailable:   63924396 kB
Buffers:           46464 kB
Cached:           536716 kB
SwapCached:            0 kB
Active:           154792 kB
Inactive:         490464 kB
Active(anon):       3260 kB
Inactive(anon):    74288 kB
Active(file):     151532 kB
Inactive(file):   416176 kB
Unevictable:       19496 kB
Mlocked:           19496 kB
SwapTotal:       1996796 kB
SwapFree:        1996796 kB
Dirty:               972 kB
Writeback:             0 kB
AnonPages:         81776 kB
Mapped:            81724 kB
Shmem:              6372 kB
KReclaimable:      78268 kB
Slab:             307880 kB
SReclaimable:      78268 kB
SUnreclaim:       229612 kB
KernelStack:       10144 kB
PageTables:         2656 kB
NFS_Unstable:          0 kB
Bounce:                0 kB
WritebackTmp:          0 kB
CommitLimit:    34716468 kB
Committed_AS:     799204 kB
VmallocTotal:   34359738367 kB
VmallocUsed:       41244 kB
VmallocChunk:          0 kB
Percpu:           162240 kB
HardwareCorrupted:     0 kB
AnonHugePages:         0 kB
ShmemHugePages:        0 kB
ShmemPmdMapped:        0 kB
FileHugePages:         0 kB
FilePmdMapped:         0 kB
HugePages_Total:       0
HugePages_Free:        0
HugePages_Rsvd:        0
HugePages_Surp:        0
Hugepagesize:       2048 kB
Hugetlb:               0 kB
DirectMap4k:     2726720 kB
DirectMap2M:     5249024 kB
DirectMap1G:    58720256 kB

