MemTotal:       65439348 kB
MemFree:        64322784 kB
MemAvailable:   64017656 kB
Buffers:           30752 kB
Cached:           245040 kB
SwapCached:            0 kB
Active:           121912 kB
Inactive:         214552 kB
Active(anon):       3216 kB
Inactive(anon):    72932 kB
Active(file):     118696 kB
Inactive(file):   141620 kB
Unevictable:       19496 kB
Mlocked:           19496 kB
SwapTotal:       1996796 kB
SwapFree:        1996796 kB
Dirty:               716 kB
Writeback:             0 kB
AnonPages:         80264 kB
Mapped:            74280 kB
Shmem:              6376 kB
KReclaimable:      56164 kB
Slab:             276452 kB
SReclaimable:      56164 kB
SUnreclaim:       220288 kB
KernelStack:       10016 kB
PageTables:         2396 kB
NFS_Unstable:          0 kB
Bounce:                0 kB
WritebackTmp:          0 kB
CommitLimit:    34716468 kB
Committed_AS:     790104 kB
VmallocTotal:   34359738367 kB
VmallocUsed:       38404 kB
VmallocChunk:          0 kB
Percpu:            96576 kB
HardwareCorrupted:     0 kB
AnonHugePages:         0 kB
ShmemHugePages:        0 kB
ShmemPmdMapped:        0 kB
FileHugePages:         0 kB
FilePmdMapped:         0 kB
HugePages_Total:       0
HugePages_Free:        0
HugePages_Rsvd:        0
HugePages_Surp:        0
Hugepagesize:       2048 kB
Hugetlb:               0 kB
DirectMap4k:     2069312 kB
DirectMap2M:     5906432 kB
DirectMap1G:    58720256 kB

