MemTotal:       65439348 kB
MemFree:        63720176 kB
MemAvailable:   63824540 kB
Buffers:           57936 kB
Cached:           613872 kB
SwapCached:            0 kB
Active:           210856 kB
Inactive:         523260 kB
Active(anon):       3252 kB
Inactive(anon):    74544 kB
Active(file):     207604 kB
Inactive(file):   448716 kB
Unevictable:       19496 kB
Mlocked:           19496 kB
SwapTotal:       1996796 kB
SwapFree:        1996796 kB
Dirty:               760 kB
Writeback:             0 kB
AnonPages:         81848 kB
Mapped:            87988 kB
Shmem:              6372 kB
KReclaimable:      88712 kB
Slab:             326284 kB
SReclaimable:      88712 kB
SUnreclaim:       237572 kB
KernelStack:        9920 kB
PageTables:         2220 kB
NFS_Unstable:          0 kB
Bounce:                0 kB
WritebackTmp:          0 kB
CommitLimit:    34716468 kB
Committed_AS:     807648 kB
VmallocTotal:   34359738367 kB
VmallocUsed:       44212 kB
VmallocChunk:          0 kB
Percpu:           244224 kB
HardwareCorrupted:     0 kB
AnonHugePages:         0 kB
ShmemHugePages:        0 kB
ShmemPmdMapped:        0 kB
FileHugePages:         0 kB
FilePmdMapped:         0 kB
HugePages_Total:       0
HugePages_Free:        0
HugePages_Rsvd:        0
HugePages_Surp:        0
Hugepagesize:       2048 kB
Hugetlb:               0 kB
DirectMap4k:     2820928 kB
DirectMap2M:     5154816 kB
DirectMap1G:    58720256 kB

