MemTotal:       65439348 kB
MemFree:        63741664 kB
MemAvailable:   63831896 kB
Buffers:           56204 kB
Cached:           602188 kB
SwapCached:            0 kB
Active:           204200 kB
Inactive:         521384 kB
Active(anon):       3268 kB
Inactive(anon):    79400 kB
Active(file):     200932 kB
Inactive(file):   441984 kB
Unevictable:       19496 kB
Mlocked:           19496 kB
SwapTotal:       1996796 kB
SwapFree:        1996796 kB
Dirty:               900 kB
Writeback:             0 kB
AnonPages:         86900 kB
Mapped:            97052 kB
Shmem:              6376 kB
KReclaimable:      87252 kB
Slab:             324200 kB
SReclaimable:      87252 kB
SUnreclaim:       236948 kB
KernelStack:       10288 kB
PageTables:         3188 kB
NFS_Unstable:          0 kB
Bounce:                0 kB
WritebackTmp:          0 kB
CommitLimit:    34716468 kB
Committed_AS:     854040 kB
VmallocTotal:   34359738367 kB
VmallocUsed:       44024 kB
VmallocChunk:          0 kB
Percpu:           231552 kB
HardwareCorrupted:     0 kB
AnonHugePages:         0 kB
ShmemHugePages:        0 kB
ShmemPmdMapped:        0 kB
FileHugePages:         0 kB
FilePmdMapped:         0 kB
HugePages_Total:       0
HugePages_Free:        0
HugePages_Rsvd:        0
HugePages_Surp:        0
Hugepagesize:       2048 kB
Hugetlb:               0 kB
DirectMap4k:     2808640 kB
DirectMap2M:     5167104 kB
DirectMap1G:    58720256 kB

