MemTotal:       65439348 kB
MemFree:        63851048 kB
MemAvailable:   63892556 kB
Buffers:           50096 kB
Cached:           562236 kB
SwapCached:            0 kB
Active:           197372 kB
Inactive:         477888 kB
Active(anon):       3236 kB
Inactive(anon):    75164 kB
Active(file):     194136 kB
Inactive(file):   402724 kB
Unevictable:       19496 kB
Mlocked:           19496 kB
SwapTotal:       1996796 kB
SwapFree:        1996796 kB
Dirty:               900 kB
Writeback:             0 kB
AnonPages:         82508 kB
Mapped:            84520 kB
Shmem:              6372 kB
KReclaimable:      81920 kB
Slab:             313312 kB
SReclaimable:      81920 kB
SUnreclaim:       231392 kB
KernelStack:       10000 kB
PageTables:         2476 kB
NFS_Unstable:          0 kB
Bounce:                0 kB
WritebackTmp:          0 kB
CommitLimit:    34716468 kB
Committed_AS:     799204 kB
VmallocTotal:   34359738367 kB
VmallocUsed:       42196 kB
VmallocChunk:          0 kB
Percpu:           188160 kB
HardwareCorrupted:     0 kB
AnonHugePages:         0 kB
ShmemHugePages:        0 kB
ShmemPmdMapped:        0 kB
FileHugePages:         0 kB
FilePmdMapped:         0 kB
HugePages_Total:       0
HugePages_Free:        0
HugePages_Rsvd:        0
HugePages_Surp:        0
Hugepagesize:       2048 kB
Hugetlb:               0 kB
DirectMap4k:     2753344 kB
DirectMap2M:     5222400 kB
DirectMap1G:    58720256 kB

