MemTotal:       65439348 kB
MemFree:        64283340 kB
MemAvailable:   64004516 kB
Buffers:           36120 kB
Cached:           263596 kB
SwapCached:            0 kB
Active:           128920 kB
Inactive:         231356 kB
Active(anon):       3212 kB
Inactive(anon):    72848 kB
Active(file):     125708 kB
Inactive(file):   158508 kB
Unevictable:       19496 kB
Mlocked:           19496 kB
SwapTotal:       1996796 kB
SwapFree:        1996796 kB
Dirty:               612 kB
Writeback:             0 kB
AnonPages:         80508 kB
Mapped:            75572 kB
Shmem:              6380 kB
KReclaimable:      66540 kB
Slab:             288964 kB
SReclaimable:      66540 kB
SUnreclaim:       222424 kB
KernelStack:        9952 kB
PageTables:         2036 kB
NFS_Unstable:          0 kB
Bounce:                0 kB
WritebackTmp:          0 kB
CommitLimit:    34716468 kB
Committed_AS:     790352 kB
VmallocTotal:   34359738367 kB
VmallocUsed:       38500 kB
VmallocChunk:          0 kB
Percpu:            96576 kB
HardwareCorrupted:     0 kB
AnonHugePages:         0 kB
ShmemHugePages:        0 kB
ShmemPmdMapped:        0 kB
FileHugePages:         0 kB
FilePmdMapped:         0 kB
HugePages_Total:       0
HugePages_Free:        0
HugePages_Rsvd:        0
HugePages_Surp:        0
Hugepagesize:       2048 kB
Hugetlb:               0 kB
DirectMap4k:     2319168 kB
DirectMap2M:     5656576 kB
DirectMap1G:    58720256 kB

