MemTotal:       65439348 kB
MemFree:        63843552 kB
MemAvailable:   63887112 kB
Buffers:           50368 kB
Cached:           563896 kB
SwapCached:            0 kB
Active:           197660 kB
Inactive:         477376 kB
Active(anon):       3252 kB
Inactive(anon):    72996 kB
Active(file):     194408 kB
Inactive(file):   404380 kB
Unevictable:       19496 kB
Mlocked:           19496 kB
SwapTotal:       1996796 kB
SwapFree:        1996796 kB
Dirty:               600 kB
Writeback:             0 kB
AnonPages:         80372 kB
Mapped:            84256 kB
Shmem:              6376 kB
KReclaimable:      82164 kB
Slab:             313152 kB
SReclaimable:      82164 kB
SUnreclaim:       230988 kB
KernelStack:        9984 kB
PageTables:         2412 kB
NFS_Unstable:          0 kB
Bounce:                0 kB
WritebackTmp:          0 kB
CommitLimit:    34716468 kB
Committed_AS:     807396 kB
VmallocTotal:   34359738367 kB
VmallocUsed:       42180 kB
VmallocChunk:          0 kB
Percpu:           189888 kB
HardwareCorrupted:     0 kB
AnonHugePages:         0 kB
ShmemHugePages:        0 kB
ShmemPmdMapped:        0 kB
FileHugePages:         0 kB
FilePmdMapped:         0 kB
HugePages_Total:       0
HugePages_Free:        0
HugePages_Rsvd:        0
HugePages_Surp:        0
Hugepagesize:       2048 kB
Hugetlb:               0 kB
DirectMap4k:     2755392 kB
DirectMap2M:     5220352 kB
DirectMap1G:    58720256 kB

