MemTotal:       65439348 kB
MemFree:        63900100 kB
MemAvailable:   63915552 kB
Buffers:           47072 kB
Cached:           540772 kB
SwapCached:            0 kB
Active:           155372 kB
Inactive:         493648 kB
Active(anon):       3240 kB
Inactive(anon):    73412 kB
Active(file):     152132 kB
Inactive(file):   420236 kB
Unevictable:       19496 kB
Mlocked:           19496 kB
SwapTotal:       1996796 kB
SwapFree:        1996796 kB
Dirty:               788 kB
Writeback:             0 kB
AnonPages:         81204 kB
Mapped:            82216 kB
Shmem:              6376 kB
KReclaimable:      78788 kB
Slab:             309336 kB
SReclaimable:      78788 kB
SUnreclaim:       230548 kB
KernelStack:       10160 kB
PageTables:         2556 kB
NFS_Unstable:          0 kB
Bounce:                0 kB
WritebackTmp:          0 kB
CommitLimit:    34716468 kB
Committed_AS:     799592 kB
VmallocTotal:   34359738367 kB
VmallocUsed:       41228 kB
VmallocChunk:          0 kB
Percpu:           167040 kB
HardwareCorrupted:     0 kB
AnonHugePages:         0 kB
ShmemHugePages:        0 kB
ShmemPmdMapped:        0 kB
FileHugePages:         0 kB
FilePmdMapped:         0 kB
HugePages_Total:       0
HugePages_Free:        0
HugePages_Rsvd:        0
HugePages_Surp:        0
Hugepagesize:       2048 kB
Hugetlb:               0 kB
DirectMap4k:     2730816 kB
DirectMap2M:     5244928 kB
DirectMap1G:    58720256 kB

