MemTotal:       65439348 kB
MemFree:        63911788 kB
MemAvailable:   63922796 kB
Buffers:           46524 kB
Cached:           537132 kB
SwapCached:            0 kB
Active:           154828 kB
Inactive:         489304 kB
Active(anon):       3244 kB
Inactive(anon):    72716 kB
Active(file):     151584 kB
Inactive(file):   416588 kB
Unevictable:       19496 kB
Mlocked:           19496 kB
SwapTotal:       1996796 kB
SwapFree:        1996796 kB
Dirty:               748 kB
Writeback:             0 kB
AnonPages:         80092 kB
Mapped:            81740 kB
Shmem:              6376 kB
KReclaimable:      78292 kB
Slab:             307928 kB
SReclaimable:      78292 kB
SUnreclaim:       229636 kB
KernelStack:       10048 kB
PageTables:         2424 kB
NFS_Unstable:          0 kB
Bounce:                0 kB
WritebackTmp:          0 kB
CommitLimit:    34716468 kB
Committed_AS:     799596 kB
VmallocTotal:   34359738367 kB
VmallocUsed:       41148 kB
VmallocChunk:          0 kB
Percpu:           162816 kB
HardwareCorrupted:     0 kB
AnonHugePages:         0 kB
ShmemHugePages:        0 kB
ShmemPmdMapped:        0 kB
FileHugePages:         0 kB
FilePmdMapped:         0 kB
HugePages_Total:       0
HugePages_Free:        0
HugePages_Rsvd:        0
HugePages_Surp:        0
Hugepagesize:       2048 kB
Hugetlb:               0 kB
DirectMap4k:     2726720 kB
DirectMap2M:     5249024 kB
DirectMap1G:    58720256 kB

