MemTotal:       65439348 kB
MemFree:        64133964 kB
MemAvailable:   63935068 kB
Buffers:           44632 kB
Cached:           331152 kB
SwapCached:            0 kB
Active:           140376 kB
Inactive:         303268 kB
Active(anon):       3236 kB
Inactive(anon):    80108 kB
Active(file):     137140 kB
Inactive(file):   223160 kB
Unevictable:       19496 kB
Mlocked:           19496 kB
SwapTotal:       1996796 kB
SwapFree:        1996796 kB
Dirty:               688 kB
Writeback:             0 kB
AnonPages:         86932 kB
Mapped:            90348 kB
Shmem:              6384 kB
KReclaimable:      74232 kB
Slab:             302912 kB
SReclaimable:      74232 kB
SUnreclaim:       228680 kB
KernelStack:       10064 kB
PageTables:         2264 kB
NFS_Unstable:          0 kB
Bounce:                0 kB
WritebackTmp:          0 kB
CommitLimit:    34716468 kB
Committed_AS:     837868 kB
VmallocTotal:   34359738367 kB
VmallocUsed:       40796 kB
VmallocChunk:          0 kB
Percpu:           148992 kB
HardwareCorrupted:     0 kB
AnonHugePages:         0 kB
ShmemHugePages:        0 kB
ShmemPmdMapped:        0 kB
FileHugePages:         0 kB
FilePmdMapped:         0 kB
HugePages_Total:       0
HugePages_Free:        0
HugePages_Rsvd:        0
HugePages_Surp:        0
Hugepagesize:       2048 kB
Hugetlb:               0 kB
DirectMap4k:     2710336 kB
DirectMap2M:     5265408 kB
DirectMap1G:    58720256 kB

