MemTotal:       65439348 kB
MemFree:        64240716 kB
MemAvailable:   63985368 kB
Buffers:           38924 kB
Cached:           283108 kB
SwapCached:            0 kB
Active:           132636 kB
Inactive:         252416 kB
Active(anon):       3212 kB
Inactive(anon):    75324 kB
Active(file):     129424 kB
Inactive(file):   177092 kB
Unevictable:       19496 kB
Mlocked:           19496 kB
SwapTotal:       1996796 kB
SwapFree:        1996796 kB
Dirty:               712 kB
Writeback:             0 kB
AnonPages:         81784 kB
Mapped:            78340 kB
Shmem:              6372 kB
KReclaimable:      68892 kB
Slab:             293428 kB
SReclaimable:      68892 kB
SUnreclaim:       224536 kB
KernelStack:       10240 kB
PageTables:         2984 kB
NFS_Unstable:          0 kB
Bounce:                0 kB
WritebackTmp:          0 kB
CommitLimit:    34716468 kB
Committed_AS:     790368 kB
VmallocTotal:   34359738367 kB
VmallocUsed:       38984 kB
VmallocChunk:          0 kB
Percpu:           110976 kB
HardwareCorrupted:     0 kB
AnonHugePages:         0 kB
ShmemHugePages:        0 kB
ShmemPmdMapped:        0 kB
FileHugePages:         0 kB
FilePmdMapped:         0 kB
HugePages_Total:       0
HugePages_Free:        0
HugePages_Rsvd:        0
HugePages_Surp:        0
Hugepagesize:       2048 kB
Hugetlb:               0 kB
DirectMap4k:     2624320 kB
DirectMap2M:     5351424 kB
DirectMap1G:    58720256 kB

