MemTotal:       65439348 kB
MemFree:        64284048 kB
MemAvailable:   64007780 kB
Buffers:           36448 kB
Cached:           265652 kB
SwapCached:            0 kB
Active:           129260 kB
Inactive:         232984 kB
Active(anon):       3216 kB
Inactive(anon):    72412 kB
Active(file):     126044 kB
Inactive(file):   160572 kB
Unevictable:       19496 kB
Mlocked:           19496 kB
SwapTotal:       1996796 kB
SwapFree:        1996796 kB
Dirty:               768 kB
Writeback:             0 kB
AnonPages:         79728 kB
Mapped:            75584 kB
Shmem:              6376 kB
KReclaimable:      66856 kB
Slab:             289400 kB
SReclaimable:      66856 kB
SUnreclaim:       222544 kB
KernelStack:        9968 kB
PageTables:         2392 kB
NFS_Unstable:          0 kB
Bounce:                0 kB
WritebackTmp:          0 kB
CommitLimit:    34716468 kB
Committed_AS:     790744 kB
VmallocTotal:   34359738367 kB
VmallocUsed:       38468 kB
VmallocChunk:          0 kB
Percpu:            96576 kB
HardwareCorrupted:     0 kB
AnonHugePages:         0 kB
ShmemHugePages:        0 kB
ShmemPmdMapped:        0 kB
FileHugePages:         0 kB
FilePmdMapped:         0 kB
HugePages_Total:       0
HugePages_Free:        0
HugePages_Rsvd:        0
HugePages_Surp:        0
Hugepagesize:       2048 kB
Hugetlb:               0 kB
DirectMap4k:     2351936 kB
DirectMap2M:     5623808 kB
DirectMap1G:    58720256 kB

