MemTotal:       65439348 kB
MemFree:        64219820 kB
MemAvailable:   63975944 kB
Buffers:           40300 kB
Cached:           292528 kB
SwapCached:            0 kB
Active:           134020 kB
Inactive:         259064 kB
Active(anon):       3220 kB
Inactive(anon):    72516 kB
Active(file):     130800 kB
Inactive(file):   186548 kB
Unevictable:       19496 kB
Mlocked:           19496 kB
SwapTotal:       1996796 kB
SwapFree:        1996796 kB
Dirty:               672 kB
Writeback:             0 kB
AnonPages:         79820 kB
Mapped:            78076 kB
Shmem:              6376 kB
KReclaimable:      70172 kB
Slab:             295448 kB
SReclaimable:      70172 kB
SUnreclaim:       225276 kB
KernelStack:       10032 kB
PageTables:         2412 kB
NFS_Unstable:          0 kB
Bounce:                0 kB
WritebackTmp:          0 kB
CommitLimit:    34716468 kB
Committed_AS:     790616 kB
VmallocTotal:   34359738367 kB
VmallocUsed:       39596 kB
VmallocChunk:          0 kB
Percpu:           120576 kB
HardwareCorrupted:     0 kB
AnonHugePages:         0 kB
ShmemHugePages:        0 kB
ShmemPmdMapped:        0 kB
FileHugePages:         0 kB
FilePmdMapped:         0 kB
HugePages_Total:       0
HugePages_Free:        0
HugePages_Rsvd:        0
HugePages_Surp:        0
Hugepagesize:       2048 kB
Hugetlb:               0 kB
DirectMap4k:     2669376 kB
DirectMap2M:     5306368 kB
DirectMap1G:    58720256 kB

