MemTotal:       65439348 kB
MemFree:        63786160 kB
MemAvailable:   63858896 kB
Buffers:           53880 kB
Cached:           588000 kB
SwapCached:            0 kB
Active:           201148 kB
Inactive:         501384 kB
Active(anon):       3240 kB
Inactive(anon):    72892 kB
Active(file):     197908 kB
Inactive(file):   428492 kB
Unevictable:       19496 kB
Mlocked:           19496 kB
SwapTotal:       1996796 kB
SwapFree:        1996796 kB
Dirty:               836 kB
Writeback:             0 kB
AnonPages:         80244 kB
Mapped:            85700 kB
Shmem:              6376 kB
KReclaimable:      85296 kB
Slab:             319516 kB
SReclaimable:      85296 kB
SUnreclaim:       234220 kB
KernelStack:        9968 kB
PageTables:         2452 kB
NFS_Unstable:          0 kB
Bounce:                0 kB
WritebackTmp:          0 kB
CommitLimit:    34716468 kB
Committed_AS:     808036 kB
VmallocTotal:   34359738367 kB
VmallocUsed:       43180 kB
VmallocChunk:          0 kB
Percpu:           216384 kB
HardwareCorrupted:     0 kB
AnonHugePages:         0 kB
ShmemHugePages:        0 kB
ShmemPmdMapped:        0 kB
FileHugePages:         0 kB
FilePmdMapped:         0 kB
HugePages_Total:       0
HugePages_Free:        0
HugePages_Rsvd:        0
HugePages_Surp:        0
Hugepagesize:       2048 kB
Hugetlb:               0 kB
DirectMap4k:     2788160 kB
DirectMap2M:     5187584 kB
DirectMap1G:    58720256 kB

