MemTotal:       65439348 kB
MemFree:        63896808 kB
MemAvailable:   63896364 kB
Buffers:           45136 kB
Cached:           527644 kB
SwapCached:            0 kB
Active:           152208 kB
Inactive:         519292 kB
Active(anon):       3260 kB
Inactive(anon):   110944 kB
Active(file):     148948 kB
Inactive(file):   408348 kB
Unevictable:       19496 kB
Mlocked:           19496 kB
SwapTotal:       1996796 kB
SwapFree:        1996796 kB
Dirty:                 0 kB
Writeback:             0 kB
AnonPages:        118292 kB
Mapped:           121804 kB
Shmem:              6384 kB
KReclaimable:      77140 kB
Slab:             306488 kB
SReclaimable:      77140 kB
SUnreclaim:       229348 kB
KernelStack:       10320 kB
PageTables:         3128 kB
NFS_Unstable:          0 kB
Bounce:                0 kB
WritebackTmp:          0 kB
CommitLimit:    34716468 kB
Committed_AS:     888572 kB
VmallocTotal:   34359738367 kB
VmallocUsed:       40788 kB
VmallocChunk:          0 kB
Percpu:           152064 kB
HardwareCorrupted:     0 kB
AnonHugePages:         0 kB
ShmemHugePages:        0 kB
ShmemPmdMapped:        0 kB
FileHugePages:         0 kB
FilePmdMapped:         0 kB
HugePages_Total:       0
HugePages_Free:        0
HugePages_Rsvd:        0
HugePages_Surp:        0
Hugepagesize:       2048 kB
Hugetlb:               0 kB
DirectMap4k:     2712384 kB
DirectMap2M:     5263360 kB
DirectMap1G:    58720256 kB

