MemTotal:       65439348 kB
MemFree:        63886664 kB
MemAvailable:   63909176 kB
Buffers:           47848 kB
Cached:           546736 kB
SwapCached:            0 kB
Active:           156152 kB
Inactive:         501700 kB
Active(anon):       3244 kB
Inactive(anon):    75520 kB
Active(file):     152908 kB
Inactive(file):   426180 kB
Unevictable:       19496 kB
Mlocked:           19496 kB
SwapTotal:       1996796 kB
SwapFree:        1996796 kB
Dirty:               624 kB
Writeback:             0 kB
AnonPages:         82944 kB
Mapped:            83052 kB
Shmem:              6376 kB
KReclaimable:      79472 kB
Slab:             309492 kB
SReclaimable:      79472 kB
SUnreclaim:       230020 kB
KernelStack:       10208 kB
PageTables:         2548 kB
NFS_Unstable:          0 kB
Bounce:                0 kB
WritebackTmp:          0 kB
CommitLimit:    34716468 kB
Committed_AS:     799200 kB
VmallocTotal:   34359738367 kB
VmallocUsed:       41632 kB
VmallocChunk:          0 kB
Percpu:           172992 kB
HardwareCorrupted:     0 kB
AnonHugePages:         0 kB
ShmemHugePages:        0 kB
ShmemPmdMapped:        0 kB
FileHugePages:         0 kB
FilePmdMapped:         0 kB
HugePages_Total:       0
HugePages_Free:        0
HugePages_Rsvd:        0
HugePages_Surp:        0
Hugepagesize:       2048 kB
Hugetlb:               0 kB
DirectMap4k:     2739008 kB
DirectMap2M:     5236736 kB
DirectMap1G:    58720256 kB

