MemTotal:       65439348 kB
MemFree:        64271300 kB
MemAvailable:   64002120 kB
Buffers:           37336 kB
Cached:           271412 kB
SwapCached:            0 kB
Active:           130144 kB
Inactive:         238700 kB
Active(anon):       3216 kB
Inactive(anon):    72364 kB
Active(file):     126928 kB
Inactive(file):   166336 kB
Unevictable:       19496 kB
Mlocked:           19496 kB
SwapTotal:       1996796 kB
SwapFree:        1996796 kB
Dirty:               276 kB
Writeback:             0 kB
AnonPages:         79660 kB
Mapped:            75996 kB
Shmem:              6376 kB
KReclaimable:      67732 kB
Slab:             290300 kB
SReclaimable:      67732 kB
SUnreclaim:       222568 kB
KernelStack:       10064 kB
PageTables:         2392 kB
NFS_Unstable:          0 kB
Bounce:                0 kB
WritebackTmp:          0 kB
CommitLimit:    34716468 kB
Committed_AS:     790616 kB
VmallocTotal:   34359738367 kB
VmallocUsed:       38500 kB
VmallocChunk:          0 kB
Percpu:            99456 kB
HardwareCorrupted:     0 kB
AnonHugePages:         0 kB
ShmemHugePages:        0 kB
ShmemPmdMapped:        0 kB
FileHugePages:         0 kB
FilePmdMapped:         0 kB
HugePages_Total:       0
HugePages_Free:        0
HugePages_Rsvd:        0
HugePages_Surp:        0
Hugepagesize:       2048 kB
Hugetlb:               0 kB
DirectMap4k:     2444096 kB
DirectMap2M:     5531648 kB
DirectMap1G:    58720256 kB

