MemTotal:       65439348 kB
MemFree:        63829652 kB
MemAvailable:   63880808 kB
Buffers:           51308 kB
Cached:           570160 kB
SwapCached:            0 kB
Active:           198592 kB
Inactive:         484300 kB
Active(anon):       3256 kB
Inactive(anon):    73656 kB
Active(file):     195336 kB
Inactive(file):   410644 kB
Unevictable:       19496 kB
Mlocked:           19496 kB
SwapTotal:       1996796 kB
SwapFree:        1996796 kB
Dirty:               748 kB
Writeback:             0 kB
AnonPages:         81064 kB
Mapped:            84412 kB
Shmem:              6376 kB
KReclaimable:      82972 kB
Slab:             315832 kB
SReclaimable:      82972 kB
SUnreclaim:       232860 kB
KernelStack:       10064 kB
PageTables:         2500 kB
NFS_Unstable:          0 kB
Bounce:                0 kB
WritebackTmp:          0 kB
CommitLimit:    34716468 kB
Committed_AS:     807656 kB
VmallocTotal:   34359738367 kB
VmallocUsed:       42276 kB
VmallocChunk:          0 kB
Percpu:           196608 kB
HardwareCorrupted:     0 kB
AnonHugePages:         0 kB
ShmemHugePages:        0 kB
ShmemPmdMapped:        0 kB
FileHugePages:         0 kB
FilePmdMapped:         0 kB
HugePages_Total:       0
HugePages_Free:        0
HugePages_Rsvd:        0
HugePages_Surp:        0
Hugepagesize:       2048 kB
Hugetlb:               0 kB
DirectMap4k:     2767680 kB
DirectMap2M:     5208064 kB
DirectMap1G:    58720256 kB

