MemTotal:       65439348 kB
MemFree:        64256400 kB
MemAvailable:   63992292 kB
Buffers:           38008 kB
Cached:           275600 kB
SwapCached:            0 kB
Active:           130848 kB
Inactive:         243832 kB
Active(anon):       3232 kB
Inactive(anon):    73320 kB
Active(file):     127616 kB
Inactive(file):   170512 kB
Unevictable:       19496 kB
Mlocked:           19496 kB
SwapTotal:       1996796 kB
SwapFree:        1996796 kB
Dirty:               752 kB
Writeback:             0 kB
AnonPages:         80584 kB
Mapped:            77060 kB
Shmem:              6380 kB
KReclaimable:      68148 kB
Slab:             291828 kB
SReclaimable:      68148 kB
SUnreclaim:       223680 kB
KernelStack:       10080 kB
PageTables:         2152 kB
NFS_Unstable:          0 kB
Bounce:                0 kB
WritebackTmp:          0 kB
CommitLimit:    34716468 kB
Committed_AS:     790360 kB
VmallocTotal:   34359738367 kB
VmallocUsed:       38452 kB
VmallocChunk:          0 kB
Percpu:           103680 kB
HardwareCorrupted:     0 kB
AnonHugePages:         0 kB
ShmemHugePages:        0 kB
ShmemPmdMapped:        0 kB
FileHugePages:         0 kB
FilePmdMapped:         0 kB
HugePages_Total:       0
HugePages_Free:        0
HugePages_Rsvd:        0
HugePages_Surp:        0
Hugepagesize:       2048 kB
Hugetlb:               0 kB
DirectMap4k:     2513728 kB
DirectMap2M:     5462016 kB
DirectMap1G:    58720256 kB

