MemTotal:       65439348 kB
MemFree:        63876332 kB
MemAvailable:   63903572 kB
Buffers:           48444 kB
Cached:           550568 kB
SwapCached:            0 kB
Active:           156752 kB
Inactive:         504388 kB
Active(anon):       3240 kB
Inactive(anon):    74396 kB
Active(file):     153512 kB
Inactive(file):   429992 kB
Unevictable:       19496 kB
Mlocked:           19496 kB
SwapTotal:       1996796 kB
SwapFree:        1996796 kB
Dirty:               672 kB
Writeback:             0 kB
AnonPages:         81644 kB
Mapped:            82716 kB
Shmem:              6376 kB
KReclaimable:      80092 kB
Slab:             311640 kB
SReclaimable:      80092 kB
SUnreclaim:       231548 kB
KernelStack:       10176 kB
PageTables:         2432 kB
NFS_Unstable:          0 kB
Bounce:                0 kB
WritebackTmp:          0 kB
CommitLimit:    34716468 kB
Committed_AS:     799204 kB
VmallocTotal:   34359738367 kB
VmallocUsed:       41712 kB
VmallocChunk:          0 kB
Percpu:           177216 kB
HardwareCorrupted:     0 kB
AnonHugePages:         0 kB
ShmemHugePages:        0 kB
ShmemPmdMapped:        0 kB
FileHugePages:         0 kB
FilePmdMapped:         0 kB
HugePages_Total:       0
HugePages_Free:        0
HugePages_Rsvd:        0
HugePages_Surp:        0
Hugepagesize:       2048 kB
Hugetlb:               0 kB
DirectMap4k:     2743104 kB
DirectMap2M:     5232640 kB
DirectMap1G:    58720256 kB

