MemTotal:       65439348 kB
MemFree:        63804220 kB
MemAvailable:   63867912 kB
Buffers:           52740 kB
Cached:           580500 kB
SwapCached:            0 kB
Active:           200000 kB
Inactive:         494752 kB
Active(anon):       3240 kB
Inactive(anon):    73756 kB
Active(file):     196760 kB
Inactive(file):   420996 kB
Unevictable:       19496 kB
Mlocked:           19496 kB
SwapTotal:       1996796 kB
SwapFree:        1996796 kB
Dirty:               628 kB
Writeback:             0 kB
AnonPages:         81672 kB
Mapped:            86172 kB
Shmem:              6372 kB
KReclaimable:      84492 kB
Slab:             319264 kB
SReclaimable:      84492 kB
SUnreclaim:       234772 kB
KernelStack:       10144 kB
PageTables:         2904 kB
NFS_Unstable:          0 kB
Bounce:                0 kB
WritebackTmp:          0 kB
CommitLimit:    34716468 kB
Committed_AS:     808040 kB
VmallocTotal:   34359738367 kB
VmallocUsed:       42728 kB
VmallocChunk:          0 kB
Percpu:           207936 kB
HardwareCorrupted:     0 kB
AnonHugePages:         0 kB
ShmemHugePages:        0 kB
ShmemPmdMapped:        0 kB
FileHugePages:         0 kB
FilePmdMapped:         0 kB
HugePages_Total:       0
HugePages_Free:        0
HugePages_Rsvd:        0
HugePages_Surp:        0
Hugepagesize:       2048 kB
Hugetlb:               0 kB
DirectMap4k:     2777920 kB
DirectMap2M:     5197824 kB
DirectMap1G:    58720256 kB

