MemTotal:       65439348 kB
MemFree:        63739952 kB
MemAvailable:   63832072 kB
Buffers:           56432 kB
Cached:           603776 kB
SwapCached:            0 kB
Active:           204372 kB
Inactive:         521704 kB
Active(anon):       3244 kB
Inactive(anon):    78120 kB
Active(file):     201128 kB
Inactive(file):   443584 kB
Unevictable:       19496 kB
Mlocked:           19496 kB
SwapTotal:       1996796 kB
SwapFree:        1996796 kB
Dirty:                72 kB
Writeback:             0 kB
AnonPages:         85456 kB
Mapped:            96568 kB
Shmem:              6380 kB
KReclaimable:      87436 kB
Slab:             324640 kB
SReclaimable:      87436 kB
SUnreclaim:       237204 kB
KernelStack:       10096 kB
PageTables:         2624 kB
NFS_Unstable:          0 kB
Bounce:                0 kB
WritebackTmp:          0 kB
CommitLimit:    34716468 kB
Committed_AS:     854424 kB
VmallocTotal:   34359738367 kB
VmallocUsed:       44040 kB
VmallocChunk:          0 kB
Percpu:           233472 kB
HardwareCorrupted:     0 kB
AnonHugePages:         0 kB
ShmemHugePages:        0 kB
ShmemPmdMapped:        0 kB
FileHugePages:         0 kB
FilePmdMapped:         0 kB
HugePages_Total:       0
HugePages_Free:        0
HugePages_Rsvd:        0
HugePages_Surp:        0
Hugepagesize:       2048 kB
Hugetlb:               0 kB
DirectMap4k:     2810688 kB
DirectMap2M:     5165056 kB
DirectMap1G:    58720256 kB

