MemTotal:       65439348 kB
MemFree:        64327184 kB
MemAvailable:   64019988 kB
Buffers:           30004 kB
Cached:           241808 kB
SwapCached:            0 kB
Active:           121156 kB
Inactive:         211808 kB
Active(anon):       3224 kB
Inactive(anon):    73412 kB
Active(file):     117932 kB
Inactive(file):   138396 kB
Unevictable:       19496 kB
Mlocked:           19496 kB
SwapTotal:       1996796 kB
SwapFree:        1996796 kB
Dirty:               724 kB
Writeback:             0 kB
AnonPages:         80724 kB
Mapped:            73920 kB
Shmem:              6376 kB
KReclaimable:      56020 kB
Slab:             276528 kB
SReclaimable:      56020 kB
SUnreclaim:       220508 kB
KernelStack:        9952 kB
PageTables:         2368 kB
NFS_Unstable:          0 kB
Bounce:                0 kB
WritebackTmp:          0 kB
CommitLimit:    34716468 kB
Committed_AS:     790356 kB
VmallocTotal:   34359738367 kB
VmallocUsed:       38372 kB
VmallocChunk:          0 kB
Percpu:            96576 kB
HardwareCorrupted:     0 kB
AnonHugePages:         0 kB
ShmemHugePages:        0 kB
ShmemPmdMapped:        0 kB
FileHugePages:         0 kB
FilePmdMapped:         0 kB
HugePages_Total:       0
HugePages_Free:        0
HugePages_Rsvd:        0
HugePages_Surp:        0
Hugepagesize:       2048 kB
Hugetlb:               0 kB
DirectMap4k:     2020160 kB
DirectMap2M:     5955584 kB
DirectMap1G:    58720256 kB

