MemTotal:       65439348 kB
MemFree:        63735616 kB
MemAvailable:   63828312 kB
Buffers:           56512 kB
Cached:           604264 kB
SwapCached:            0 kB
Active:           204464 kB
Inactive:         523008 kB
Active(anon):       3240 kB
Inactive(anon):    78956 kB
Active(file):     201224 kB
Inactive(file):   444052 kB
Unevictable:       19496 kB
Mlocked:           19496 kB
SwapTotal:       1996796 kB
SwapFree:        1996796 kB
Dirty:               656 kB
Writeback:             0 kB
AnonPages:         86320 kB
Mapped:            96912 kB
Shmem:              6380 kB
KReclaimable:      87460 kB
Slab:             324900 kB
SReclaimable:      87460 kB
SUnreclaim:       237440 kB
KernelStack:       10240 kB
PageTables:         2948 kB
NFS_Unstable:          0 kB
Bounce:                0 kB
WritebackTmp:          0 kB
CommitLimit:    34716468 kB
Committed_AS:     854040 kB
VmallocTotal:   34359738367 kB
VmallocUsed:       44056 kB
VmallocChunk:          0 kB
Percpu:           234048 kB
HardwareCorrupted:     0 kB
AnonHugePages:         0 kB
ShmemHugePages:        0 kB
ShmemPmdMapped:        0 kB
FileHugePages:         0 kB
FilePmdMapped:         0 kB
HugePages_Total:       0
HugePages_Free:        0
HugePages_Rsvd:        0
HugePages_Surp:        0
Hugepagesize:       2048 kB
Hugetlb:               0 kB
DirectMap4k:     2812736 kB
DirectMap2M:     5163008 kB
DirectMap1G:    58720256 kB

