MemTotal:       65439348 kB
MemFree:        63850256 kB
MemAvailable:   63891344 kB
Buffers:           50036 kB
Cached:           561892 kB
SwapCached:            0 kB
Active:           197336 kB
Inactive:         475628 kB
Active(anon):       3264 kB
Inactive(anon):    73252 kB
Active(file):     194072 kB
Inactive(file):   402376 kB
Unevictable:       19496 kB
Mlocked:           19496 kB
SwapTotal:       1996796 kB
SwapFree:        1996796 kB
Dirty:               108 kB
Writeback:             0 kB
AnonPages:         81088 kB
Mapped:            83772 kB
Shmem:              6380 kB
KReclaimable:      81904 kB
Slab:             313388 kB
SReclaimable:      81904 kB
SUnreclaim:       231484 kB
KernelStack:       10064 kB
PageTables:         2572 kB
NFS_Unstable:          0 kB
Bounce:                0 kB
WritebackTmp:          0 kB
CommitLimit:    34716468 kB
Committed_AS:     799200 kB
VmallocTotal:   34359738367 kB
VmallocUsed:       42148 kB
VmallocChunk:          0 kB
Percpu:           187584 kB
HardwareCorrupted:     0 kB
AnonHugePages:         0 kB
ShmemHugePages:        0 kB
ShmemPmdMapped:        0 kB
FileHugePages:         0 kB
FilePmdMapped:         0 kB
HugePages_Total:       0
HugePages_Free:        0
HugePages_Rsvd:        0
HugePages_Surp:        0
Hugepagesize:       2048 kB
Hugetlb:               0 kB
DirectMap4k:     2753344 kB
DirectMap2M:     5222400 kB
DirectMap1G:    58720256 kB

