MemTotal:       65439348 kB
MemFree:        64196804 kB
MemAvailable:   63969324 kB
Buffers:           41080 kB
Cached:           307832 kB
SwapCached:            0 kB
Active:           136504 kB
Inactive:         279092 kB
Active(anon):       3248 kB
Inactive(anon):    78920 kB
Active(file):     133256 kB
Inactive(file):   200172 kB
Unevictable:       19496 kB
Mlocked:           19496 kB
SwapTotal:       1996796 kB
SwapFree:        1996796 kB
Dirty:               676 kB
Writeback:             0 kB
AnonPages:         86336 kB
Mapped:            88044 kB
Shmem:              6384 kB
KReclaimable:      70804 kB
Slab:             295724 kB
SReclaimable:      70804 kB
SUnreclaim:       224920 kB
KernelStack:       10288 kB
PageTables:         3032 kB
NFS_Unstable:          0 kB
Bounce:                0 kB
WritebackTmp:          0 kB
CommitLimit:    34716468 kB
Committed_AS:     837868 kB
VmallocTotal:   34359738367 kB
VmallocUsed:       39780 kB
VmallocChunk:          0 kB
Percpu:           123264 kB
HardwareCorrupted:     0 kB
AnonHugePages:         0 kB
ShmemHugePages:        0 kB
ShmemPmdMapped:        0 kB
FileHugePages:         0 kB
FilePmdMapped:         0 kB
HugePages_Total:       0
HugePages_Free:        0
HugePages_Rsvd:        0
HugePages_Surp:        0
Hugepagesize:       2048 kB
Hugetlb:               0 kB
DirectMap4k:     2673472 kB
DirectMap2M:     5302272 kB
DirectMap1G:    58720256 kB

