MemTotal:       65439348 kB
MemFree:        63865892 kB
MemAvailable:   63898972 kB
Buffers:           48948 kB
Cached:           555552 kB
SwapCached:            0 kB
Active:           157440 kB
Inactive:         507944 kB
Active(anon):       3256 kB
Inactive(anon):    73104 kB
Active(file):     154184 kB
Inactive(file):   434840 kB
Unevictable:       19496 kB
Mlocked:           19496 kB
SwapTotal:       1996796 kB
SwapFree:        1996796 kB
Dirty:               744 kB
Writeback:             0 kB
AnonPages:         80464 kB
Mapped:            83212 kB
Shmem:              6372 kB
KReclaimable:      80736 kB
Slab:             311512 kB
SReclaimable:      80736 kB
SUnreclaim:       230776 kB
KernelStack:       10096 kB
PageTables:         2568 kB
NFS_Unstable:          0 kB
Bounce:                0 kB
WritebackTmp:          0 kB
CommitLimit:    34716468 kB
Committed_AS:     799200 kB
VmallocTotal:   34359738367 kB
VmallocUsed:       41744 kB
VmallocChunk:          0 kB
Percpu:           180864 kB
HardwareCorrupted:     0 kB
AnonHugePages:         0 kB
ShmemHugePages:        0 kB
ShmemPmdMapped:        0 kB
FileHugePages:         0 kB
FilePmdMapped:         0 kB
HugePages_Total:       0
HugePages_Free:        0
HugePages_Rsvd:        0
HugePages_Surp:        0
Hugepagesize:       2048 kB
Hugetlb:               0 kB
DirectMap4k:     2747200 kB
DirectMap2M:     5228544 kB
DirectMap1G:    58720256 kB

