MemTotal:       65439348 kB
MemFree:        63766908 kB
MemAvailable:   63847176 kB
Buffers:           54880 kB
Cached:           594152 kB
SwapCached:            0 kB
Active:           202836 kB
Inactive:         513552 kB
Active(anon):       3264 kB
Inactive(anon):    79612 kB
Active(file):     199572 kB
Inactive(file):   433940 kB
Unevictable:       19496 kB
Mlocked:           19496 kB
SwapTotal:       1996796 kB
SwapFree:        1996796 kB
Dirty:               596 kB
Writeback:             0 kB
AnonPages:         86932 kB
Mapped:            95760 kB
Shmem:              6384 kB
KReclaimable:      86132 kB
Slab:             321684 kB
SReclaimable:      86132 kB
SUnreclaim:       235552 kB
KernelStack:       10064 kB
PageTables:         2716 kB
NFS_Unstable:          0 kB
Bounce:                0 kB
WritebackTmp:          0 kB
CommitLimit:    34716468 kB
Committed_AS:     854044 kB
VmallocTotal:   34359738367 kB
VmallocUsed:       43768 kB
VmallocChunk:          0 kB
Percpu:           223104 kB
HardwareCorrupted:     0 kB
AnonHugePages:         0 kB
ShmemHugePages:        0 kB
ShmemPmdMapped:        0 kB
FileHugePages:         0 kB
FilePmdMapped:         0 kB
HugePages_Total:       0
HugePages_Free:        0
HugePages_Rsvd:        0
HugePages_Surp:        0
Hugepagesize:       2048 kB
Hugetlb:               0 kB
DirectMap4k:     2796352 kB
DirectMap2M:     5179392 kB
DirectMap1G:    58720256 kB

