MemTotal:       65439348 kB
MemFree:        63757052 kB
MemAvailable:   63841024 kB
Buffers:           55332 kB
Cached:           597168 kB
SwapCached:            0 kB
Active:           203300 kB
Inactive:         515336 kB
Active(anon):       3248 kB
Inactive(anon):    78376 kB
Active(file):     200052 kB
Inactive(file):   436960 kB
Unevictable:       19496 kB
Mlocked:           19496 kB
SwapTotal:       1996796 kB
SwapFree:        1996796 kB
Dirty:               172 kB
Writeback:             0 kB
AnonPages:         85740 kB
Mapped:            95872 kB
Shmem:              6380 kB
KReclaimable:      86544 kB
Slab:             322964 kB
SReclaimable:      86544 kB
SUnreclaim:       236420 kB
KernelStack:       10176 kB
PageTables:         2616 kB
NFS_Unstable:          0 kB
Bounce:                0 kB
WritebackTmp:          0 kB
CommitLimit:    34716468 kB
Committed_AS:     854424 kB
VmallocTotal:   34359738367 kB
VmallocUsed:       44072 kB
VmallocChunk:          0 kB
Percpu:           226176 kB
HardwareCorrupted:     0 kB
AnonHugePages:         0 kB
ShmemHugePages:        0 kB
ShmemPmdMapped:        0 kB
FileHugePages:         0 kB
FilePmdMapped:         0 kB
HugePages_Total:       0
HugePages_Free:        0
HugePages_Rsvd:        0
HugePages_Surp:        0
Hugepagesize:       2048 kB
Hugetlb:               0 kB
DirectMap4k:     2802496 kB
DirectMap2M:     5173248 kB
DirectMap1G:    58720256 kB

