MemTotal:       65439348 kB
MemFree:        63845148 kB
MemAvailable:   63888356 kB
Buffers:           50304 kB
Cached:           563660 kB
SwapCached:            0 kB
Active:           197584 kB
Inactive:         478784 kB
Active(anon):       3240 kB
Inactive(anon):    74640 kB
Active(file):     194344 kB
Inactive(file):   404144 kB
Unevictable:       19496 kB
Mlocked:           19496 kB
SwapTotal:       1996796 kB
SwapFree:        1996796 kB
Dirty:               656 kB
Writeback:             0 kB
AnonPages:         82096 kB
Mapped:            83772 kB
Shmem:              6376 kB
KReclaimable:      82060 kB
Slab:             312644 kB
SReclaimable:      82060 kB
SUnreclaim:       230584 kB
KernelStack:       10016 kB
PageTables:         2664 kB
NFS_Unstable:          0 kB
Bounce:                0 kB
WritebackTmp:          0 kB
CommitLimit:    34716468 kB
Committed_AS:     799204 kB
VmallocTotal:   34359738367 kB
VmallocUsed:       42180 kB
VmallocChunk:          0 kB
Percpu:           189888 kB
HardwareCorrupted:     0 kB
AnonHugePages:         0 kB
ShmemHugePages:        0 kB
ShmemPmdMapped:        0 kB
FileHugePages:         0 kB
FilePmdMapped:         0 kB
HugePages_Total:       0
HugePages_Free:        0
HugePages_Rsvd:        0
HugePages_Surp:        0
Hugepagesize:       2048 kB
Hugetlb:               0 kB
DirectMap4k:     2755392 kB
DirectMap2M:     5220352 kB
DirectMap1G:    58720256 kB

