MemTotal:       65439348 kB
MemFree:        63930556 kB
MemAvailable:   63933168 kB
Buffers:           45520 kB
Cached:           530172 kB
SwapCached:            0 kB
Active:           153828 kB
Inactive:         482380 kB
Active(anon):       3244 kB
Inactive(anon):    72752 kB
Active(file):     150584 kB
Inactive(file):   409628 kB
Unevictable:       19496 kB
Mlocked:           19496 kB
SwapTotal:       1996796 kB
SwapFree:        1996796 kB
Dirty:               144 kB
Writeback:             0 kB
AnonPages:         80136 kB
Mapped:            81232 kB
Shmem:              6376 kB
KReclaimable:      77424 kB
Slab:             306972 kB
SReclaimable:      77424 kB
SUnreclaim:       229548 kB
KernelStack:       10048 kB
PageTables:         2432 kB
NFS_Unstable:          0 kB
Bounce:                0 kB
WritebackTmp:          0 kB
CommitLimit:    34716468 kB
Committed_AS:     799588 kB
VmallocTotal:   34359738367 kB
VmallocUsed:       40628 kB
VmallocChunk:          0 kB
Percpu:           154944 kB
HardwareCorrupted:     0 kB
AnonHugePages:         0 kB
ShmemHugePages:        0 kB
ShmemPmdMapped:        0 kB
FileHugePages:         0 kB
FilePmdMapped:         0 kB
HugePages_Total:       0
HugePages_Free:        0
HugePages_Rsvd:        0
HugePages_Surp:        0
Hugepagesize:       2048 kB
Hugetlb:               0 kB
DirectMap4k:     2716480 kB
DirectMap2M:     5259264 kB
DirectMap1G:    58720256 kB

