MemTotal:       65439348 kB
MemFree:        63697260 kB
MemAvailable:   63812076 kB
Buffers:           59104 kB
Cached:           622532 kB
SwapCached:            0 kB
Active:           212016 kB
Inactive:         530952 kB
Active(anon):       3248 kB
Inactive(anon):    73572 kB
Active(file):     208768 kB
Inactive(file):   457380 kB
Unevictable:       19496 kB
Mlocked:           19496 kB
SwapTotal:       1996796 kB
SwapFree:        1996796 kB
Dirty:               632 kB
Writeback:             0 kB
AnonPages:         81404 kB
Mapped:            88680 kB
Shmem:              6380 kB
KReclaimable:      89960 kB
Slab:             329424 kB
SReclaimable:      89960 kB
SUnreclaim:       239464 kB
KernelStack:       10064 kB
PageTables:         2508 kB
NFS_Unstable:          0 kB
Bounce:                0 kB
WritebackTmp:          0 kB
CommitLimit:    34716468 kB
Committed_AS:     807656 kB
VmallocTotal:   34359738367 kB
VmallocUsed:       44824 kB
VmallocChunk:          0 kB
Percpu:           253824 kB
HardwareCorrupted:     0 kB
AnonHugePages:         0 kB
ShmemHugePages:        0 kB
ShmemPmdMapped:        0 kB
FileHugePages:         0 kB
FilePmdMapped:         0 kB
HugePages_Total:       0
HugePages_Free:        0
HugePages_Rsvd:        0
HugePages_Surp:        0
Hugepagesize:       2048 kB
Hugetlb:               0 kB
DirectMap4k:     2835264 kB
DirectMap2M:     5140480 kB
DirectMap1G:    58720256 kB

