MemTotal:       65439348 kB
MemFree:        63698516 kB
MemAvailable:   63810296 kB
Buffers:           58716 kB
Cached:           620140 kB
SwapCached:            0 kB
Active:           211592 kB
Inactive:         530324 kB
Active(anon):       3244 kB
Inactive(anon):    75368 kB
Active(file):     208348 kB
Inactive(file):   454956 kB
Unevictable:       19496 kB
Mlocked:           19496 kB
SwapTotal:       1996796 kB
SwapFree:        1996796 kB
Dirty:               576 kB
Writeback:             0 kB
AnonPages:         82700 kB
Mapped:            88340 kB
Shmem:              6376 kB
KReclaimable:      89572 kB
Slab:             328776 kB
SReclaimable:      89572 kB
SUnreclaim:       239204 kB
KernelStack:       10272 kB
PageTables:         2932 kB
NFS_Unstable:          0 kB
Bounce:                0 kB
WritebackTmp:          0 kB
CommitLimit:    34716468 kB
Committed_AS:     807652 kB
VmallocTotal:   34359738367 kB
VmallocUsed:       44968 kB
VmallocChunk:          0 kB
Percpu:           251520 kB
HardwareCorrupted:     0 kB
AnonHugePages:         0 kB
ShmemHugePages:        0 kB
ShmemPmdMapped:        0 kB
FileHugePages:         0 kB
FilePmdMapped:         0 kB
HugePages_Total:       0
HugePages_Free:        0
HugePages_Rsvd:        0
HugePages_Surp:        0
Hugepagesize:       2048 kB
Hugetlb:               0 kB
DirectMap4k:     2831168 kB
DirectMap2M:     5144576 kB
DirectMap1G:    58720256 kB

