MemTotal:       65439348 kB
MemFree:        63922816 kB
MemAvailable:   63928500 kB
Buffers:           45876 kB
Cached:           532712 kB
SwapCached:            0 kB
Active:           154188 kB
Inactive:         486576 kB
Active(anon):       3244 kB
Inactive(anon):    74408 kB
Active(file):     150944 kB
Inactive(file):   412168 kB
Unevictable:       19496 kB
Mlocked:           19496 kB
SwapTotal:       1996796 kB
SwapFree:        1996796 kB
Dirty:               564 kB
Writeback:             0 kB
AnonPages:         81644 kB
Mapped:            82064 kB
Shmem:              6376 kB
KReclaimable:      77764 kB
Slab:             307296 kB
SReclaimable:      77764 kB
SUnreclaim:       229532 kB
KernelStack:        9936 kB
PageTables:         2528 kB
NFS_Unstable:          0 kB
Bounce:                0 kB
WritebackTmp:          0 kB
CommitLimit:    34716468 kB
Committed_AS:     799204 kB
VmallocTotal:   34359738367 kB
VmallocUsed:       40532 kB
VmallocChunk:          0 kB
Percpu:           158016 kB
HardwareCorrupted:     0 kB
AnonHugePages:         0 kB
ShmemHugePages:        0 kB
ShmemPmdMapped:        0 kB
FileHugePages:         0 kB
FilePmdMapped:         0 kB
HugePages_Total:       0
HugePages_Free:        0
HugePages_Rsvd:        0
HugePages_Surp:        0
Hugepagesize:       2048 kB
Hugetlb:               0 kB
DirectMap4k:     2720576 kB
DirectMap2M:     5255168 kB
DirectMap1G:    58720256 kB

