MemTotal:       65439348 kB
MemFree:        64320260 kB
MemAvailable:   64015864 kB
Buffers:           30960 kB
Cached:           246244 kB
SwapCached:            0 kB
Active:           122108 kB
Inactive:         217600 kB
Active(anon):       3220 kB
Inactive(anon):    74768 kB
Active(file):     118888 kB
Inactive(file):   142832 kB
Unevictable:       19496 kB
Mlocked:           19496 kB
SwapTotal:       1996796 kB
SwapFree:        1996796 kB
Dirty:               632 kB
Writeback:             0 kB
AnonPages:         82096 kB
Mapped:            74812 kB
Shmem:              6376 kB
KReclaimable:      56228 kB
Slab:             276576 kB
SReclaimable:      56228 kB
SUnreclaim:       220348 kB
KernelStack:       10128 kB
PageTables:         2932 kB
NFS_Unstable:          0 kB
Bounce:                0 kB
WritebackTmp:          0 kB
CommitLimit:    34716468 kB
Committed_AS:     790100 kB
VmallocTotal:   34359738367 kB
VmallocUsed:       38452 kB
VmallocChunk:          0 kB
Percpu:            96576 kB
HardwareCorrupted:     0 kB
AnonHugePages:         0 kB
ShmemHugePages:        0 kB
ShmemPmdMapped:        0 kB
FileHugePages:         0 kB
FilePmdMapped:         0 kB
HugePages_Total:       0
HugePages_Free:        0
HugePages_Rsvd:        0
HugePages_Surp:        0
Hugepagesize:       2048 kB
Hugetlb:               0 kB
DirectMap4k:     2087744 kB
DirectMap2M:     5888000 kB
DirectMap1G:    58720256 kB

