MemTotal:       65439348 kB
MemFree:        64160344 kB
MemAvailable:   63947908 kB
Buffers:           42952 kB
Cached:           320152 kB
SwapCached:            0 kB
Active:           138368 kB
Inactive:         292496 kB
Active(anon):       3248 kB
Inactive(anon):    80000 kB
Active(file):     135120 kB
Inactive(file):   212496 kB
Unevictable:       19496 kB
Mlocked:           19496 kB
SwapTotal:       1996796 kB
SwapFree:        1996796 kB
Dirty:               672 kB
Writeback:             0 kB
AnonPages:         87344 kB
Mapped:            88716 kB
Shmem:              6380 kB
KReclaimable:      72520 kB
Slab:             299280 kB
SReclaimable:      72520 kB
SUnreclaim:       226760 kB
KernelStack:       10240 kB
PageTables:         3100 kB
NFS_Unstable:          0 kB
Bounce:                0 kB
WritebackTmp:          0 kB
CommitLimit:    34716468 kB
Committed_AS:     837612 kB
VmallocTotal:   34359738367 kB
VmallocUsed:       40344 kB
VmallocChunk:          0 kB
Percpu:           136320 kB
HardwareCorrupted:     0 kB
AnonHugePages:         0 kB
ShmemHugePages:        0 kB
ShmemPmdMapped:        0 kB
FileHugePages:         0 kB
FilePmdMapped:         0 kB
HugePages_Total:       0
HugePages_Free:        0
HugePages_Rsvd:        0
HugePages_Surp:        0
Hugepagesize:       2048 kB
Hugetlb:               0 kB
DirectMap4k:     2693952 kB
DirectMap2M:     5281792 kB
DirectMap1G:    58720256 kB

