MemTotal:       65439348 kB
MemFree:        63851060 kB
MemAvailable:   63893408 kB
Buffers:           50188 kB
Cached:           562956 kB
SwapCached:            0 kB
Active:           197460 kB
Inactive:         478504 kB
Active(anon):       3240 kB
Inactive(anon):    75064 kB
Active(file):     194220 kB
Inactive(file):   403440 kB
Unevictable:       19496 kB
Mlocked:           19496 kB
SwapTotal:       1996796 kB
SwapFree:        1996796 kB
Dirty:               596 kB
Writeback:             0 kB
AnonPages:         82340 kB
Mapped:            84072 kB
Shmem:              6376 kB
KReclaimable:      82000 kB
Slab:             313480 kB
SReclaimable:      82000 kB
SUnreclaim:       231480 kB
KernelStack:        9952 kB
PageTables:         2268 kB
NFS_Unstable:          0 kB
Bounce:                0 kB
WritebackTmp:          0 kB
CommitLimit:    34716468 kB
Committed_AS:     799204 kB
VmallocTotal:   34359738367 kB
VmallocUsed:       42164 kB
VmallocChunk:          0 kB
Percpu:           188736 kB
HardwareCorrupted:     0 kB
AnonHugePages:         0 kB
ShmemHugePages:        0 kB
ShmemPmdMapped:        0 kB
FileHugePages:         0 kB
FilePmdMapped:         0 kB
HugePages_Total:       0
HugePages_Free:        0
HugePages_Rsvd:        0
HugePages_Surp:        0
Hugepagesize:       2048 kB
Hugetlb:               0 kB
DirectMap4k:     2755392 kB
DirectMap2M:     5220352 kB
DirectMap1G:    58720256 kB

