MemTotal:       65439348 kB
MemFree:        63731384 kB
MemAvailable:   63828084 kB
Buffers:           57076 kB
Cached:           607460 kB
SwapCached:            0 kB
Active:           205044 kB
Inactive:         525376 kB
Active(anon):       3248 kB
Inactive(anon):    78124 kB
Active(file):     201796 kB
Inactive(file):   447252 kB
Unevictable:       19496 kB
Mlocked:           19496 kB
SwapTotal:       1996796 kB
SwapFree:        1996796 kB
Dirty:               736 kB
Writeback:             0 kB
AnonPages:         85480 kB
Mapped:            96764 kB
Shmem:              6380 kB
KReclaimable:      87924 kB
Slab:             324016 kB
SReclaimable:      87924 kB
SUnreclaim:       236092 kB
KernelStack:       10112 kB
PageTables:         2608 kB
NFS_Unstable:          0 kB
Bounce:                0 kB
WritebackTmp:          0 kB
CommitLimit:    34716468 kB
Committed_AS:     854428 kB
VmallocTotal:   34359738367 kB
VmallocUsed:       44588 kB
VmallocChunk:          0 kB
Percpu:           237696 kB
HardwareCorrupted:     0 kB
AnonHugePages:         0 kB
ShmemHugePages:        0 kB
ShmemPmdMapped:        0 kB
FileHugePages:         0 kB
FilePmdMapped:         0 kB
HugePages_Total:       0
HugePages_Free:        0
HugePages_Rsvd:        0
HugePages_Surp:        0
Hugepagesize:       2048 kB
Hugetlb:               0 kB
DirectMap4k:     2812736 kB
DirectMap2M:     5163008 kB
DirectMap1G:    58720256 kB

