MemTotal:       65439348 kB
MemFree:        63821916 kB
MemAvailable:   63859492 kB
Buffers:           49560 kB
Cached:           559112 kB
SwapCached:            0 kB
Active:           196788 kB
Inactive:         511008 kB
Active(anon):       3260 kB
Inactive(anon):   111368 kB
Active(file):     193528 kB
Inactive(file):   399640 kB
Unevictable:       19496 kB
Mlocked:           19496 kB
SwapTotal:       1996796 kB
SwapFree:        1996796 kB
Dirty:               844 kB
Writeback:             0 kB
AnonPages:        119012 kB
Mapped:           124152 kB
Shmem:              6388 kB
KReclaimable:      81436 kB
Slab:             313128 kB
SReclaimable:      81436 kB
SUnreclaim:       231692 kB
KernelStack:       10160 kB
PageTables:         2516 kB
NFS_Unstable:          0 kB
Bounce:                0 kB
WritebackTmp:          0 kB
CommitLimit:    34716468 kB
Committed_AS:     896756 kB
VmallocTotal:   34359738367 kB
VmallocUsed:       42292 kB
VmallocChunk:          0 kB
Percpu:           185280 kB
HardwareCorrupted:     0 kB
AnonHugePages:         0 kB
ShmemHugePages:        0 kB
ShmemPmdMapped:        0 kB
FileHugePages:         0 kB
FilePmdMapped:         0 kB
HugePages_Total:       0
HugePages_Free:        0
HugePages_Rsvd:        0
HugePages_Surp:        0
Hugepagesize:       2048 kB
Hugetlb:               0 kB
DirectMap4k:     2753344 kB
DirectMap2M:     5222400 kB
DirectMap1G:    58720256 kB

