MemTotal:       65439348 kB
MemFree:        63820060 kB
MemAvailable:   63857484 kB
Buffers:           49544 kB
Cached:           558992 kB
SwapCached:            0 kB
Active:           196768 kB
Inactive:         512228 kB
Active(anon):       3268 kB
Inactive(anon):   112688 kB
Active(file):     193500 kB
Inactive(file):   399540 kB
Unevictable:       19496 kB
Mlocked:           19496 kB
SwapTotal:       1996796 kB
SwapFree:        1996796 kB
Dirty:               736 kB
Writeback:             0 kB
AnonPages:        120496 kB
Mapped:           124244 kB
Shmem:              6384 kB
KReclaimable:      81392 kB
Slab:             313720 kB
SReclaimable:      81392 kB
SUnreclaim:       232328 kB
KernelStack:       10080 kB
PageTables:         2872 kB
NFS_Unstable:          0 kB
Bounce:                0 kB
WritebackTmp:          0 kB
CommitLimit:    34716468 kB
Committed_AS:     896760 kB
VmallocTotal:   34359738367 kB
VmallocUsed:       42324 kB
VmallocChunk:          0 kB
Percpu:           184512 kB
HardwareCorrupted:     0 kB
AnonHugePages:         0 kB
ShmemHugePages:        0 kB
ShmemPmdMapped:        0 kB
FileHugePages:         0 kB
FilePmdMapped:         0 kB
HugePages_Total:       0
HugePages_Free:        0
HugePages_Rsvd:        0
HugePages_Surp:        0
Hugepagesize:       2048 kB
Hugetlb:               0 kB
DirectMap4k:     2753344 kB
DirectMap2M:     5222400 kB
DirectMap1G:    58720256 kB

