MemTotal:       65439348 kB
MemFree:        63796040 kB
MemAvailable:   63862636 kB
Buffers:           53060 kB
Cached:           582988 kB
SwapCached:            0 kB
Active:           200308 kB
Inactive:         496800 kB
Active(anon):       3244 kB
Inactive(anon):    73328 kB
Active(file):     197064 kB
Inactive(file):   423472 kB
Unevictable:       19496 kB
Mlocked:           19496 kB
SwapTotal:       1996796 kB
SwapFree:        1996796 kB
Dirty:               920 kB
Writeback:             0 kB
AnonPages:         80644 kB
Mapped:            85412 kB
Shmem:              6376 kB
KReclaimable:      84740 kB
Slab:             318912 kB
SReclaimable:      84740 kB
SUnreclaim:       234172 kB
KernelStack:       10064 kB
PageTables:         2480 kB
NFS_Unstable:          0 kB
Bounce:                0 kB
WritebackTmp:          0 kB
CommitLimit:    34716468 kB
Committed_AS:     807648 kB
VmallocTotal:   34359738367 kB
VmallocUsed:       43324 kB
VmallocChunk:          0 kB
Percpu:           211008 kB
HardwareCorrupted:     0 kB
AnonHugePages:         0 kB
ShmemHugePages:        0 kB
ShmemPmdMapped:        0 kB
FileHugePages:         0 kB
FilePmdMapped:         0 kB
HugePages_Total:       0
HugePages_Free:        0
HugePages_Rsvd:        0
HugePages_Surp:        0
Hugepagesize:       2048 kB
Hugetlb:               0 kB
DirectMap4k:     2782016 kB
DirectMap2M:     5193728 kB
DirectMap1G:    58720256 kB

