MemTotal:       65439348 kB
MemFree:        64236372 kB
MemAvailable:   63985164 kB
Buffers:           39432 kB
Cached:           286544 kB
SwapCached:            0 kB
Active:           133116 kB
Inactive:         253720 kB
Active(anon):       3220 kB
Inactive(anon):    73144 kB
Active(file):     129896 kB
Inactive(file):   180576 kB
Unevictable:       19496 kB
Mlocked:           19496 kB
SwapTotal:       1996796 kB
SwapFree:        1996796 kB
Dirty:               104 kB
Writeback:             0 kB
AnonPages:         80364 kB
Mapped:            77600 kB
Shmem:              6376 kB
KReclaimable:      69260 kB
Slab:             293312 kB
SReclaimable:      69260 kB
SUnreclaim:       224052 kB
KernelStack:       10000 kB
PageTables:         2272 kB
NFS_Unstable:          0 kB
Bounce:                0 kB
WritebackTmp:          0 kB
CommitLimit:    34716468 kB
Committed_AS:     790624 kB
VmallocTotal:   34359738367 kB
VmallocUsed:       39032 kB
VmallocChunk:          0 kB
Percpu:           114624 kB
HardwareCorrupted:     0 kB
AnonHugePages:         0 kB
ShmemHugePages:        0 kB
ShmemPmdMapped:        0 kB
FileHugePages:         0 kB
FilePmdMapped:         0 kB
HugePages_Total:       0
HugePages_Free:        0
HugePages_Rsvd:        0
HugePages_Surp:        0
Hugepagesize:       2048 kB
Hugetlb:               0 kB
DirectMap4k:     2659136 kB
DirectMap2M:     5316608 kB
DirectMap1G:    58720256 kB

