MemTotal:       65439348 kB
MemFree:        63725424 kB
MemAvailable:   63823536 kB
Buffers:           57192 kB
Cached:           608708 kB
SwapCached:            0 kB
Active:           205160 kB
Inactive:         527188 kB
Active(anon):       3264 kB
Inactive(anon):    78692 kB
Active(file):     201896 kB
Inactive(file):   448496 kB
Unevictable:       19496 kB
Mlocked:           19496 kB
SwapTotal:       1996796 kB
SwapFree:        1996796 kB
Dirty:               752 kB
Writeback:             0 kB
AnonPages:         86088 kB
Mapped:            97084 kB
Shmem:              6384 kB
KReclaimable:      88060 kB
Slab:             325680 kB
SReclaimable:      88060 kB
SUnreclaim:       237620 kB
KernelStack:       10224 kB
PageTables:         2784 kB
NFS_Unstable:          0 kB
Bounce:                0 kB
WritebackTmp:          0 kB
CommitLimit:    34716468 kB
Committed_AS:     854040 kB
VmallocTotal:   34359738367 kB
VmallocUsed:       44636 kB
VmallocChunk:          0 kB
Percpu:           238848 kB
HardwareCorrupted:     0 kB
AnonHugePages:         0 kB
ShmemHugePages:        0 kB
ShmemPmdMapped:        0 kB
FileHugePages:         0 kB
FilePmdMapped:         0 kB
HugePages_Total:       0
HugePages_Free:        0
HugePages_Rsvd:        0
HugePages_Surp:        0
Hugepagesize:       2048 kB
Hugetlb:               0 kB
DirectMap4k:     2816832 kB
DirectMap2M:     5158912 kB
DirectMap1G:    58720256 kB

