MemTotal:       65439348 kB
MemFree:        64183292 kB
MemAvailable:   63962468 kB
Buffers:           41880 kB
Cached:           313264 kB
SwapCached:            0 kB
Active:           137312 kB
Inactive:         284872 kB
Active(anon):       3244 kB
Inactive(anon):    79276 kB
Active(file):     134068 kB
Inactive(file):   205596 kB
Unevictable:       19496 kB
Mlocked:           19496 kB
SwapTotal:       1996796 kB
SwapFree:        1996796 kB
Dirty:               612 kB
Writeback:             0 kB
AnonPages:         86624 kB
Mapped:            88412 kB
Shmem:              6380 kB
KReclaimable:      71644 kB
Slab:             297460 kB
SReclaimable:      71644 kB
SUnreclaim:       225816 kB
KernelStack:       10128 kB
PageTables:         2424 kB
NFS_Unstable:          0 kB
Bounce:                0 kB
WritebackTmp:          0 kB
CommitLimit:    34716468 kB
Committed_AS:     837620 kB
VmallocTotal:   34359738367 kB
VmallocUsed:       39700 kB
VmallocChunk:          0 kB
Percpu:           128640 kB
HardwareCorrupted:     0 kB
AnonHugePages:         0 kB
ShmemHugePages:        0 kB
ShmemPmdMapped:        0 kB
FileHugePages:         0 kB
FilePmdMapped:         0 kB
HugePages_Total:       0
HugePages_Free:        0
HugePages_Rsvd:        0
HugePages_Surp:        0
Hugepagesize:       2048 kB
Hugetlb:               0 kB
DirectMap4k:     2681664 kB
DirectMap2M:     5294080 kB
DirectMap1G:    58720256 kB

