MemTotal:       65439348 kB
MemFree:        64297996 kB
MemAvailable:   64010344 kB
Buffers:           35048 kB
Cached:           256288 kB
SwapCached:            0 kB
Active:           127816 kB
Inactive:         224616 kB
Active(anon):       3204 kB
Inactive(anon):    73388 kB
Active(file):     124612 kB
Inactive(file):   151228 kB
Unevictable:       19496 kB
Mlocked:           19496 kB
SwapTotal:       1996796 kB
SwapFree:        1996796 kB
Dirty:               856 kB
Writeback:             0 kB
AnonPages:         80180 kB
Mapped:            75080 kB
Shmem:              6376 kB
KReclaimable:      65640 kB
Slab:             287008 kB
SReclaimable:      65640 kB
SUnreclaim:       221368 kB
KernelStack:       10064 kB
PageTables:         2460 kB
NFS_Unstable:          0 kB
Bounce:                0 kB
WritebackTmp:          0 kB
CommitLimit:    34716468 kB
Committed_AS:     790356 kB
VmallocTotal:   34359738367 kB
VmallocUsed:       38516 kB
VmallocChunk:          0 kB
Percpu:            96576 kB
HardwareCorrupted:     0 kB
AnonHugePages:         0 kB
ShmemHugePages:        0 kB
ShmemPmdMapped:        0 kB
FileHugePages:         0 kB
FilePmdMapped:         0 kB
HugePages_Total:       0
HugePages_Free:        0
HugePages_Rsvd:        0
HugePages_Surp:        0
Hugepagesize:       2048 kB
Hugetlb:               0 kB
DirectMap4k:     2198336 kB
DirectMap2M:     5777408 kB
DirectMap1G:    58720256 kB

