MemTotal:       65439348 kB
MemFree:        64281552 kB
MemAvailable:   64002216 kB
Buffers:           36064 kB
Cached:           263164 kB
SwapCached:            0 kB
Active:           128904 kB
Inactive:         232404 kB
Active(anon):       3244 kB
Inactive(anon):    74324 kB
Active(file):     125660 kB
Inactive(file):   158080 kB
Unevictable:       19496 kB
Mlocked:           19496 kB
SwapTotal:       1996796 kB
SwapFree:        1996796 kB
Dirty:               756 kB
Writeback:             0 kB
AnonPages:         81664 kB
Mapped:            75900 kB
Shmem:              6380 kB
KReclaimable:      66468 kB
Slab:             288696 kB
SReclaimable:      66468 kB
SUnreclaim:       222228 kB
KernelStack:        9968 kB
PageTables:         1896 kB
NFS_Unstable:          0 kB
Bounce:                0 kB
WritebackTmp:          0 kB
CommitLimit:    34716468 kB
Committed_AS:     790612 kB
VmallocTotal:   34359738367 kB
VmallocUsed:       38500 kB
VmallocChunk:          0 kB
Percpu:            96576 kB
HardwareCorrupted:     0 kB
AnonHugePages:         0 kB
ShmemHugePages:        0 kB
ShmemPmdMapped:        0 kB
FileHugePages:         0 kB
FilePmdMapped:         0 kB
HugePages_Total:       0
HugePages_Free:        0
HugePages_Rsvd:        0
HugePages_Surp:        0
Hugepagesize:       2048 kB
Hugetlb:               0 kB
DirectMap4k:     2313024 kB
DirectMap2M:     5662720 kB
DirectMap1G:    58720256 kB

