MemTotal:       65439348 kB
MemFree:        63916308 kB
MemAvailable:   63924768 kB
Buffers:           46192 kB
Cached:           535012 kB
SwapCached:            0 kB
Active:           154468 kB
Inactive:         487100 kB
Active(anon):       3248 kB
Inactive(anon):    72636 kB
Active(file):     151220 kB
Inactive(file):   414464 kB
Unevictable:       19496 kB
Mlocked:           19496 kB
SwapTotal:       1996796 kB
SwapFree:        1996796 kB
Dirty:               224 kB
Writeback:             0 kB
AnonPages:         79992 kB
Mapped:            81612 kB
Shmem:              6376 kB
KReclaimable:      78176 kB
Slab:             306628 kB
SReclaimable:      78176 kB
SUnreclaim:       228452 kB
KernelStack:       10080 kB
PageTables:         2428 kB
NFS_Unstable:          0 kB
Bounce:                0 kB
WritebackTmp:          0 kB
CommitLimit:    34716468 kB
Committed_AS:     799592 kB
VmallocTotal:   34359738367 kB
VmallocUsed:       41276 kB
VmallocChunk:          0 kB
Percpu:           160512 kB
HardwareCorrupted:     0 kB
AnonHugePages:         0 kB
ShmemHugePages:        0 kB
ShmemPmdMapped:        0 kB
FileHugePages:         0 kB
FilePmdMapped:         0 kB
HugePages_Total:       0
HugePages_Free:        0
HugePages_Rsvd:        0
HugePages_Surp:        0
Hugepagesize:       2048 kB
Hugetlb:               0 kB
DirectMap4k:     2720576 kB
DirectMap2M:     5255168 kB
DirectMap1G:    58720256 kB

