MemTotal:       65439348 kB
MemFree:        63705756 kB
MemAvailable:   63815552 kB
Buffers:           58512 kB
Cached:           618396 kB
SwapCached:            0 kB
Active:           211420 kB
Inactive:         526272 kB
Active(anon):       3236 kB
Inactive(anon):    73024 kB
Active(file):     208184 kB
Inactive(file):   453248 kB
Unevictable:       19496 kB
Mlocked:           19496 kB
SwapTotal:       1996796 kB
SwapFree:        1996796 kB
Dirty:               748 kB
Writeback:             0 kB
AnonPages:         80232 kB
Mapped:            88236 kB
Shmem:              6376 kB
KReclaimable:      89348 kB
Slab:             328464 kB
SReclaimable:      89348 kB
SUnreclaim:       239116 kB
KernelStack:       10016 kB
PageTables:         2400 kB
NFS_Unstable:          0 kB
Bounce:                0 kB
WritebackTmp:          0 kB
CommitLimit:    34716468 kB
Committed_AS:     807652 kB
VmallocTotal:   34359738367 kB
VmallocUsed:       44920 kB
VmallocChunk:          0 kB
Percpu:           249600 kB
HardwareCorrupted:     0 kB
AnonHugePages:         0 kB
ShmemHugePages:        0 kB
ShmemPmdMapped:        0 kB
FileHugePages:         0 kB
FilePmdMapped:         0 kB
HugePages_Total:       0
HugePages_Free:        0
HugePages_Rsvd:        0
HugePages_Surp:        0
Hugepagesize:       2048 kB
Hugetlb:               0 kB
DirectMap4k:     2829120 kB
DirectMap2M:     5146624 kB
DirectMap1G:    58720256 kB

