MemTotal:       65439348 kB
MemFree:        64326744 kB
MemAvailable:   64019860 kB
Buffers:           30160 kB
Cached:           242288 kB
SwapCached:            0 kB
Active:           121296 kB
Inactive:         211116 kB
Active(anon):       3216 kB
Inactive(anon):    72248 kB
Active(file):     118080 kB
Inactive(file):   138868 kB
Unevictable:       19496 kB
Mlocked:           19496 kB
SwapTotal:       1996796 kB
SwapFree:        1996796 kB
Dirty:                12 kB
Writeback:             0 kB
AnonPages:         79532 kB
Mapped:            74032 kB
Shmem:              6376 kB
KReclaimable:      56020 kB
Slab:             276420 kB
SReclaimable:      56020 kB
SUnreclaim:       220400 kB
KernelStack:        9888 kB
PageTables:         2388 kB
NFS_Unstable:          0 kB
Bounce:                0 kB
WritebackTmp:          0 kB
CommitLimit:    34716468 kB
Committed_AS:     790356 kB
VmallocTotal:   34359738367 kB
VmallocUsed:       38308 kB
VmallocChunk:          0 kB
Percpu:            96576 kB
HardwareCorrupted:     0 kB
AnonHugePages:         0 kB
ShmemHugePages:        0 kB
ShmemPmdMapped:        0 kB
FileHugePages:         0 kB
FilePmdMapped:         0 kB
HugePages_Total:       0
HugePages_Free:        0
HugePages_Rsvd:        0
HugePages_Surp:        0
Hugepagesize:       2048 kB
Hugetlb:               0 kB
DirectMap4k:     2028352 kB
DirectMap2M:     5947392 kB
DirectMap1G:    58720256 kB

