MemTotal:       65439348 kB
MemFree:        64325728 kB
MemAvailable:   64019248 kB
Buffers:           30360 kB
Cached:           242872 kB
SwapCached:            0 kB
Active:           121488 kB
Inactive:         211688 kB
Active(anon):       3216 kB
Inactive(anon):    72236 kB
Active(file):     118272 kB
Inactive(file):   139452 kB
Unevictable:       19496 kB
Mlocked:           19496 kB
SwapTotal:       1996796 kB
SwapFree:        1996796 kB
Dirty:                 0 kB
Writeback:             0 kB
AnonPages:         79528 kB
Mapped:            74008 kB
Shmem:              6376 kB
KReclaimable:      56052 kB
Slab:             276356 kB
SReclaimable:      56052 kB
SUnreclaim:       220304 kB
KernelStack:        9872 kB
PageTables:         2384 kB
NFS_Unstable:          0 kB
Bounce:                0 kB
WritebackTmp:          0 kB
CommitLimit:    34716468 kB
Committed_AS:     790360 kB
VmallocTotal:   34359738367 kB
VmallocUsed:       38308 kB
VmallocChunk:          0 kB
Percpu:            96576 kB
HardwareCorrupted:     0 kB
AnonHugePages:         0 kB
ShmemHugePages:        0 kB
ShmemPmdMapped:        0 kB
FileHugePages:         0 kB
FilePmdMapped:         0 kB
HugePages_Total:       0
HugePages_Free:        0
HugePages_Rsvd:        0
HugePages_Surp:        0
Hugepagesize:       2048 kB
Hugetlb:               0 kB
DirectMap4k:     2038592 kB
DirectMap2M:     5937152 kB
DirectMap1G:    58720256 kB

