MemTotal:       65439348 kB
MemFree:        63785688 kB
MemAvailable:   63858904 kB
Buffers:           53972 kB
Cached:           588360 kB
SwapCached:            0 kB
Active:           201236 kB
Inactive:         501692 kB
Active(anon):       3244 kB
Inactive(anon):    72852 kB
Active(file):     197992 kB
Inactive(file):   428840 kB
Unevictable:       19496 kB
Mlocked:           19496 kB
SwapTotal:       1996796 kB
SwapFree:        1996796 kB
Dirty:                32 kB
Writeback:             0 kB
AnonPages:         80244 kB
Mapped:            85740 kB
Shmem:              6376 kB
KReclaimable:      85388 kB
Slab:             320272 kB
SReclaimable:      85388 kB
SUnreclaim:       234884 kB
KernelStack:       10000 kB
PageTables:         2464 kB
NFS_Unstable:          0 kB
Bounce:                0 kB
WritebackTmp:          0 kB
CommitLimit:    34716468 kB
Committed_AS:     808040 kB
VmallocTotal:   34359738367 kB
VmallocUsed:       43196 kB
VmallocChunk:          0 kB
Percpu:           217152 kB
HardwareCorrupted:     0 kB
AnonHugePages:         0 kB
ShmemHugePages:        0 kB
ShmemPmdMapped:        0 kB
FileHugePages:         0 kB
FilePmdMapped:         0 kB
HugePages_Total:       0
HugePages_Free:        0
HugePages_Rsvd:        0
HugePages_Surp:        0
Hugepagesize:       2048 kB
Hugetlb:               0 kB
DirectMap4k:     2790208 kB
DirectMap2M:     5185536 kB
DirectMap1G:    58720256 kB

