MemTotal:       65439348 kB
MemFree:        63787872 kB
MemAvailable:   63858880 kB
Buffers:           53572 kB
Cached:           586648 kB
SwapCached:            0 kB
Active:           200856 kB
Inactive:         501652 kB
Active(anon):       3240 kB
Inactive(anon):    74524 kB
Active(file):     197616 kB
Inactive(file):   427128 kB
Unevictable:       19496 kB
Mlocked:           19496 kB
SwapTotal:       1996796 kB
SwapFree:        1996796 kB
Dirty:               248 kB
Writeback:             0 kB
AnonPages:         81724 kB
Mapped:            86160 kB
Shmem:              6376 kB
KReclaimable:      85152 kB
Slab:             319676 kB
SReclaimable:      85152 kB
SUnreclaim:       234524 kB
KernelStack:       10112 kB
PageTables:         2276 kB
NFS_Unstable:          0 kB
Bounce:                0 kB
WritebackTmp:          0 kB
CommitLimit:    34716468 kB
Committed_AS:     807652 kB
VmallocTotal:   34359738367 kB
VmallocUsed:       43356 kB
VmallocChunk:          0 kB
Percpu:           215232 kB
HardwareCorrupted:     0 kB
AnonHugePages:         0 kB
ShmemHugePages:        0 kB
ShmemPmdMapped:        0 kB
FileHugePages:         0 kB
FilePmdMapped:         0 kB
HugePages_Total:       0
HugePages_Free:        0
HugePages_Rsvd:        0
HugePages_Surp:        0
Hugepagesize:       2048 kB
Hugetlb:               0 kB
DirectMap4k:     2788160 kB
DirectMap2M:     5187584 kB
DirectMap1G:    58720256 kB

