MemTotal:       65439348 kB
MemFree:        63837852 kB
MemAvailable:   63887124 kB
Buffers:           51104 kB
Cached:           568564 kB
SwapCached:            0 kB
Active:           198384 kB
Inactive:         482232 kB
Active(anon):       3244 kB
Inactive(anon):    73184 kB
Active(file):     195140 kB
Inactive(file):   409048 kB
Unevictable:       19496 kB
Mlocked:           19496 kB
SwapTotal:       1996796 kB
SwapFree:        1996796 kB
Dirty:               216 kB
Writeback:             0 kB
AnonPages:         80520 kB
Mapped:            84140 kB
Shmem:              6376 kB
KReclaimable:      82788 kB
Slab:             313716 kB
SReclaimable:      82788 kB
SUnreclaim:       230928 kB
KernelStack:       10032 kB
PageTables:         2484 kB
NFS_Unstable:          0 kB
Bounce:                0 kB
WritebackTmp:          0 kB
CommitLimit:    34716468 kB
Committed_AS:     807784 kB
VmallocTotal:   34359738367 kB
VmallocUsed:       42180 kB
VmallocChunk:          0 kB
Percpu:           194688 kB
HardwareCorrupted:     0 kB
AnonHugePages:         0 kB
ShmemHugePages:        0 kB
ShmemPmdMapped:        0 kB
FileHugePages:         0 kB
FilePmdMapped:         0 kB
HugePages_Total:       0
HugePages_Free:        0
HugePages_Rsvd:        0
HugePages_Surp:        0
Hugepagesize:       2048 kB
Hugetlb:               0 kB
DirectMap4k:     2759488 kB
DirectMap2M:     5216256 kB
DirectMap1G:    58720256 kB

