MemTotal:       65439348 kB
MemFree:        63895348 kB
MemAvailable:   63913396 kB
Buffers:           47352 kB
Cached:           542980 kB
SwapCached:            0 kB
Active:           155632 kB
Inactive:         497364 kB
Active(anon):       3248 kB
Inactive(anon):    74924 kB
Active(file):     152384 kB
Inactive(file):   422440 kB
Unevictable:       19496 kB
Mlocked:           19496 kB
SwapTotal:       1996796 kB
SwapFree:        1996796 kB
Dirty:               588 kB
Writeback:             0 kB
AnonPages:         82432 kB
Mapped:            83344 kB
Shmem:              6372 kB
KReclaimable:      79072 kB
Slab:             308644 kB
SReclaimable:      79072 kB
SUnreclaim:       229572 kB
KernelStack:       10208 kB
PageTables:         2144 kB
NFS_Unstable:          0 kB
Bounce:                0 kB
WritebackTmp:          0 kB
CommitLimit:    34716468 kB
Committed_AS:     799204 kB
VmallocTotal:   34359738367 kB
VmallocUsed:       41228 kB
VmallocChunk:          0 kB
Percpu:           169536 kB
HardwareCorrupted:     0 kB
AnonHugePages:         0 kB
ShmemHugePages:        0 kB
ShmemPmdMapped:        0 kB
FileHugePages:         0 kB
FilePmdMapped:         0 kB
HugePages_Total:       0
HugePages_Free:        0
HugePages_Rsvd:        0
HugePages_Surp:        0
Hugepagesize:       2048 kB
Hugetlb:               0 kB
DirectMap4k:     2734912 kB
DirectMap2M:     5240832 kB
DirectMap1G:    58720256 kB

