MemTotal:       65439348 kB
MemFree:        63833752 kB
MemAvailable:   63883896 kB
Buffers:           51192 kB
Cached:           569328 kB
SwapCached:            0 kB
Active:           198464 kB
Inactive:         483344 kB
Active(anon):       3236 kB
Inactive(anon):    73532 kB
Active(file):     195228 kB
Inactive(file):   409812 kB
Unevictable:       19496 kB
Mlocked:           19496 kB
SwapTotal:       1996796 kB
SwapFree:        1996796 kB
Dirty:               884 kB
Writeback:             0 kB
AnonPages:         80812 kB
Mapped:            84044 kB
Shmem:              6376 kB
KReclaimable:      82828 kB
Slab:             314492 kB
SReclaimable:      82828 kB
SUnreclaim:       231664 kB
KernelStack:       10032 kB
PageTables:         2308 kB
NFS_Unstable:          0 kB
Bounce:                0 kB
WritebackTmp:          0 kB
CommitLimit:    34716468 kB
Committed_AS:     807396 kB
VmallocTotal:   34359738367 kB
VmallocUsed:       42180 kB
VmallocChunk:          0 kB
Percpu:           196032 kB
HardwareCorrupted:     0 kB
AnonHugePages:         0 kB
ShmemHugePages:        0 kB
ShmemPmdMapped:        0 kB
FileHugePages:         0 kB
FilePmdMapped:         0 kB
HugePages_Total:       0
HugePages_Free:        0
HugePages_Rsvd:        0
HugePages_Surp:        0
Hugepagesize:       2048 kB
Hugetlb:               0 kB
DirectMap4k:     2761536 kB
DirectMap2M:     5214208 kB
DirectMap1G:    58720256 kB

