MemTotal:       65439348 kB
MemFree:        63718320 kB
MemAvailable:   63821296 kB
Buffers:           57740 kB
Cached:           612728 kB
SwapCached:            0 kB
Active:           205736 kB
Inactive:         531816 kB
Active(anon):       3268 kB
Inactive(anon):    79304 kB
Active(file):     202468 kB
Inactive(file):   452512 kB
Unevictable:       19496 kB
Mlocked:           19496 kB
SwapTotal:       1996796 kB
SwapFree:        1996796 kB
Dirty:               856 kB
Writeback:             0 kB
AnonPages:         86660 kB
Mapped:            97492 kB
Shmem:              6384 kB
KReclaimable:      88616 kB
Slab:             326296 kB
SReclaimable:      88616 kB
SUnreclaim:       237680 kB
KernelStack:       10112 kB
PageTables:         2620 kB
NFS_Unstable:          0 kB
Bounce:                0 kB
WritebackTmp:          0 kB
CommitLimit:    34716468 kB
Committed_AS:     854044 kB
VmallocTotal:   34359738367 kB
VmallocUsed:       44540 kB
VmallocChunk:          0 kB
Percpu:           243072 kB
HardwareCorrupted:     0 kB
AnonHugePages:         0 kB
ShmemHugePages:        0 kB
ShmemPmdMapped:        0 kB
FileHugePages:         0 kB
FilePmdMapped:         0 kB
HugePages_Total:       0
HugePages_Free:        0
HugePages_Rsvd:        0
HugePages_Surp:        0
Hugepagesize:       2048 kB
Hugetlb:               0 kB
DirectMap4k:     2818880 kB
DirectMap2M:     5156864 kB
DirectMap1G:    58720256 kB

