MemTotal:       65439348 kB
MemFree:        64137936 kB
MemAvailable:   63937736 kB
Buffers:           44436 kB
Cached:           330120 kB
SwapCached:            0 kB
Active:           140192 kB
Inactive:         301740 kB
Active(anon):       3248 kB
Inactive(anon):    79608 kB
Active(file):     136944 kB
Inactive(file):   222132 kB
Unevictable:       19496 kB
Mlocked:           19496 kB
SwapTotal:       1996796 kB
SwapFree:        1996796 kB
Dirty:               644 kB
Writeback:             0 kB
AnonPages:         86876 kB
Mapped:            90100 kB
Shmem:              6380 kB
KReclaimable:      74072 kB
Slab:             301912 kB
SReclaimable:      74072 kB
SUnreclaim:       227840 kB
KernelStack:       10320 kB
PageTables:         3112 kB
NFS_Unstable:          0 kB
Bounce:                0 kB
WritebackTmp:          0 kB
CommitLimit:    34716468 kB
Committed_AS:     837872 kB
VmallocTotal:   34359738367 kB
VmallocUsed:       40844 kB
VmallocChunk:          0 kB
Percpu:           147840 kB
HardwareCorrupted:     0 kB
AnonHugePages:         0 kB
ShmemHugePages:        0 kB
ShmemPmdMapped:        0 kB
FileHugePages:         0 kB
FilePmdMapped:         0 kB
HugePages_Total:       0
HugePages_Free:        0
HugePages_Rsvd:        0
HugePages_Surp:        0
Hugepagesize:       2048 kB
Hugetlb:               0 kB
DirectMap4k:     2706240 kB
DirectMap2M:     5269504 kB
DirectMap1G:    58720256 kB

