MemTotal:       65439348 kB
MemFree:        64221080 kB
MemAvailable:   63977444 kB
Buffers:           40336 kB
Cached:           292752 kB
SwapCached:            0 kB
Active:           134028 kB
Inactive:         259360 kB
Active(anon):       3224 kB
Inactive(anon):    72580 kB
Active(file):     130804 kB
Inactive(file):   186780 kB
Unevictable:       19496 kB
Mlocked:           19496 kB
SwapTotal:       1996796 kB
SwapFree:        1996796 kB
Dirty:               696 kB
Writeback:             0 kB
AnonPages:         79828 kB
Mapped:            78040 kB
Shmem:              6376 kB
KReclaimable:      70184 kB
Slab:             294904 kB
SReclaimable:      70184 kB
SUnreclaim:       224720 kB
KernelStack:       10048 kB
PageTables:         2404 kB
NFS_Unstable:          0 kB
Bounce:                0 kB
WritebackTmp:          0 kB
CommitLimit:    34716468 kB
Committed_AS:     790620 kB
VmallocTotal:   34359738367 kB
VmallocUsed:       39564 kB
VmallocChunk:          0 kB
Percpu:           121152 kB
HardwareCorrupted:     0 kB
AnonHugePages:         0 kB
ShmemHugePages:        0 kB
ShmemPmdMapped:        0 kB
FileHugePages:         0 kB
FilePmdMapped:         0 kB
HugePages_Total:       0
HugePages_Free:        0
HugePages_Rsvd:        0
HugePages_Surp:        0
Hugepagesize:       2048 kB
Hugetlb:               0 kB
DirectMap4k:     2669376 kB
DirectMap2M:     5306368 kB
DirectMap1G:    58720256 kB

