MemTotal:       65439348 kB
MemFree:        63745000 kB
MemAvailable:   63833036 kB
Buffers:           55952 kB
Cached:           600424 kB
SwapCached:            0 kB
Active:           203916 kB
Inactive:         519308 kB
Active(anon):       3248 kB
Inactive(anon):    79092 kB
Active(file):     200668 kB
Inactive(file):   440216 kB
Unevictable:       19496 kB
Mlocked:           19496 kB
SwapTotal:       1996796 kB
SwapFree:        1996796 kB
Dirty:               704 kB
Writeback:             0 kB
AnonPages:         86408 kB
Mapped:            96432 kB
Shmem:              6380 kB
KReclaimable:      86924 kB
Slab:             323672 kB
SReclaimable:      86924 kB
SUnreclaim:       236748 kB
KernelStack:       10064 kB
PageTables:         2476 kB
NFS_Unstable:          0 kB
Bounce:                0 kB
WritebackTmp:          0 kB
CommitLimit:    34716468 kB
Committed_AS:     854036 kB
VmallocTotal:   34359738367 kB
VmallocUsed:       44104 kB
VmallocChunk:          0 kB
Percpu:           229824 kB
HardwareCorrupted:     0 kB
AnonHugePages:         0 kB
ShmemHugePages:        0 kB
ShmemPmdMapped:        0 kB
FileHugePages:         0 kB
FilePmdMapped:         0 kB
HugePages_Total:       0
HugePages_Free:        0
HugePages_Rsvd:        0
HugePages_Surp:        0
Hugepagesize:       2048 kB
Hugetlb:               0 kB
DirectMap4k:     2806592 kB
DirectMap2M:     5169152 kB
DirectMap1G:    58720256 kB

