MemTotal:       65439348 kB
MemFree:        63866512 kB
MemAvailable:   63899004 kB
Buffers:           48864 kB
Cached:           555084 kB
SwapCached:            0 kB
Active:           157320 kB
Inactive:         508372 kB
Active(anon):       3240 kB
Inactive(anon):    73996 kB
Active(file):     154080 kB
Inactive(file):   434376 kB
Unevictable:       19496 kB
Mlocked:           19496 kB
SwapTotal:       1996796 kB
SwapFree:        1996796 kB
Dirty:               672 kB
Writeback:             0 kB
AnonPages:         81228 kB
Mapped:            83256 kB
Shmem:              6372 kB
KReclaimable:      80692 kB
Slab:             311816 kB
SReclaimable:      80692 kB
SUnreclaim:       231124 kB
KernelStack:       10048 kB
PageTables:         2520 kB
NFS_Unstable:          0 kB
Bounce:                0 kB
WritebackTmp:          0 kB
CommitLimit:    34716468 kB
Committed_AS:     799204 kB
VmallocTotal:   34359738367 kB
VmallocUsed:       41760 kB
VmallocChunk:          0 kB
Percpu:           180288 kB
HardwareCorrupted:     0 kB
AnonHugePages:         0 kB
ShmemHugePages:        0 kB
ShmemPmdMapped:        0 kB
FileHugePages:         0 kB
FilePmdMapped:         0 kB
HugePages_Total:       0
HugePages_Free:        0
HugePages_Rsvd:        0
HugePages_Surp:        0
Hugepagesize:       2048 kB
Hugetlb:               0 kB
DirectMap4k:     2747200 kB
DirectMap2M:     5228544 kB
DirectMap1G:    58720256 kB

