MemTotal:       65439348 kB
MemFree:        63739408 kB
MemAvailable:   63831196 kB
Buffers:           56400 kB
Cached:           603488 kB
SwapCached:            0 kB
Active:           204368 kB
Inactive:         521460 kB
Active(anon):       3252 kB
Inactive(anon):    78180 kB
Active(file):     201116 kB
Inactive(file):   443280 kB
Unevictable:       19496 kB
Mlocked:           19496 kB
SwapTotal:       1996796 kB
SwapFree:        1996796 kB
Dirty:               704 kB
Writeback:             0 kB
AnonPages:         86004 kB
Mapped:            96572 kB
Shmem:              6380 kB
KReclaimable:      87404 kB
Slab:             324664 kB
SReclaimable:      87404 kB
SUnreclaim:       237260 kB
KernelStack:       10192 kB
PageTables:         2844 kB
NFS_Unstable:          0 kB
Bounce:                0 kB
WritebackTmp:          0 kB
CommitLimit:    34716468 kB
Committed_AS:     854040 kB
VmallocTotal:   34359738367 kB
VmallocUsed:       44056 kB
VmallocChunk:          0 kB
Percpu:           233472 kB
HardwareCorrupted:     0 kB
AnonHugePages:         0 kB
ShmemHugePages:        0 kB
ShmemPmdMapped:        0 kB
FileHugePages:         0 kB
FilePmdMapped:         0 kB
HugePages_Total:       0
HugePages_Free:        0
HugePages_Rsvd:        0
HugePages_Surp:        0
Hugepagesize:       2048 kB
Hugetlb:               0 kB
DirectMap4k:     2810688 kB
DirectMap2M:     5165056 kB
DirectMap1G:    58720256 kB

