MemTotal:       65439348 kB
MemFree:        64132736 kB
MemAvailable:   63934296 kB
Buffers:           44688 kB
Cached:           331524 kB
SwapCached:            0 kB
Active:           140440 kB
Inactive:         301916 kB
Active(anon):       3244 kB
Inactive(anon):    78380 kB
Active(file):     137196 kB
Inactive(file):   223536 kB
Unevictable:       19496 kB
Mlocked:           19496 kB
SwapTotal:       1996796 kB
SwapFree:        1996796 kB
Dirty:               740 kB
Writeback:             0 kB
AnonPages:         85740 kB
Mapped:            89780 kB
Shmem:              6380 kB
KReclaimable:      74280 kB
Slab:             302604 kB
SReclaimable:      74280 kB
SUnreclaim:       228324 kB
KernelStack:       10080 kB
PageTables:         2500 kB
NFS_Unstable:          0 kB
Bounce:                0 kB
WritebackTmp:          0 kB
CommitLimit:    34716468 kB
Committed_AS:     837868 kB
VmallocTotal:   34359738367 kB
VmallocUsed:       40844 kB
VmallocChunk:          0 kB
Percpu:           148992 kB
HardwareCorrupted:     0 kB
AnonHugePages:         0 kB
ShmemHugePages:        0 kB
ShmemPmdMapped:        0 kB
FileHugePages:         0 kB
FilePmdMapped:         0 kB
HugePages_Total:       0
HugePages_Free:        0
HugePages_Rsvd:        0
HugePages_Surp:        0
Hugepagesize:       2048 kB
Hugetlb:               0 kB
DirectMap4k:     2710336 kB
DirectMap2M:     5265408 kB
DirectMap1G:    58720256 kB

