MemTotal:       65439348 kB
MemFree:        63868836 kB
MemAvailable:   63900308 kB
Buffers:           48752 kB
Cached:           554252 kB
SwapCached:            0 kB
Active:           157196 kB
Inactive:         506960 kB
Active(anon):       3240 kB
Inactive(anon):    73420 kB
Active(file):     153956 kB
Inactive(file):   433540 kB
Unevictable:       19496 kB
Mlocked:           19496 kB
SwapTotal:       1996796 kB
SwapFree:        1996796 kB
Dirty:               668 kB
Writeback:             0 kB
AnonPages:         81116 kB
Mapped:            84004 kB
Shmem:              6376 kB
KReclaimable:      80572 kB
Slab:             312228 kB
SReclaimable:      80572 kB
SUnreclaim:       231656 kB
KernelStack:       10096 kB
PageTables:         2288 kB
NFS_Unstable:          0 kB
Bounce:                0 kB
WritebackTmp:          0 kB
CommitLimit:    34716468 kB
Committed_AS:     799200 kB
VmallocTotal:   34359738367 kB
VmallocUsed:       41728 kB
VmallocChunk:          0 kB
Percpu:           179136 kB
HardwareCorrupted:     0 kB
AnonHugePages:         0 kB
ShmemHugePages:        0 kB
ShmemPmdMapped:        0 kB
FileHugePages:         0 kB
FilePmdMapped:         0 kB
HugePages_Total:       0
HugePages_Free:        0
HugePages_Rsvd:        0
HugePages_Surp:        0
Hugepagesize:       2048 kB
Hugetlb:               0 kB
DirectMap4k:     2747200 kB
DirectMap2M:     5228544 kB
DirectMap1G:    58720256 kB

