MemTotal:       65439348 kB
MemFree:        63746200 kB
MemAvailable:   63834028 kB
Buffers:           55928 kB
Cached:           600244 kB
SwapCached:            0 kB
Active:           203896 kB
Inactive:         518464 kB
Active(anon):       3248 kB
Inactive(anon):    78428 kB
Active(file):     200648 kB
Inactive(file):   440036 kB
Unevictable:       19496 kB
Mlocked:           19496 kB
SwapTotal:       1996796 kB
SwapFree:        1996796 kB
Dirty:               680 kB
Writeback:             0 kB
AnonPages:         85780 kB
Mapped:            96312 kB
Shmem:              6380 kB
KReclaimable:      86908 kB
Slab:             323644 kB
SReclaimable:      86908 kB
SUnreclaim:       236736 kB
KernelStack:       10144 kB
PageTables:         2672 kB
NFS_Unstable:          0 kB
Bounce:                0 kB
WritebackTmp:          0 kB
CommitLimit:    34716468 kB
Committed_AS:     854424 kB
VmallocTotal:   34359738367 kB
VmallocUsed:       44008 kB
VmallocChunk:          0 kB
Percpu:           229248 kB
HardwareCorrupted:     0 kB
AnonHugePages:         0 kB
ShmemHugePages:        0 kB
ShmemPmdMapped:        0 kB
FileHugePages:         0 kB
FilePmdMapped:         0 kB
HugePages_Total:       0
HugePages_Free:        0
HugePages_Rsvd:        0
HugePages_Surp:        0
Hugepagesize:       2048 kB
Hugetlb:               0 kB
DirectMap4k:     2806592 kB
DirectMap2M:     5169152 kB
DirectMap1G:    58720256 kB

