MemTotal:       65439348 kB
MemFree:        64244216 kB
MemAvailable:   63988228 kB
Buffers:           38840 kB
Cached:           282536 kB
SwapCached:            0 kB
Active:           132564 kB
Inactive:         249112 kB
Active(anon):       3220 kB
Inactive(anon):    72560 kB
Active(file):     129344 kB
Inactive(file):   176552 kB
Unevictable:       19496 kB
Mlocked:           19496 kB
SwapTotal:       1996796 kB
SwapFree:        1996796 kB
Dirty:               708 kB
Writeback:             0 kB
AnonPages:         79776 kB
Mapped:            77284 kB
Shmem:              6376 kB
KReclaimable:      68856 kB
Slab:             292888 kB
SReclaimable:      68856 kB
SUnreclaim:       224032 kB
KernelStack:       10000 kB
PageTables:         2316 kB
NFS_Unstable:          0 kB
Bounce:                0 kB
WritebackTmp:          0 kB
CommitLimit:    34716468 kB
Committed_AS:     790360 kB
VmallocTotal:   34359738367 kB
VmallocUsed:       39064 kB
VmallocChunk:          0 kB
Percpu:           110400 kB
HardwareCorrupted:     0 kB
AnonHugePages:         0 kB
ShmemHugePages:        0 kB
ShmemPmdMapped:        0 kB
FileHugePages:         0 kB
FilePmdMapped:         0 kB
HugePages_Total:       0
HugePages_Free:        0
HugePages_Rsvd:        0
HugePages_Surp:        0
Hugepagesize:       2048 kB
Hugetlb:               0 kB
DirectMap4k:     2612032 kB
DirectMap2M:     5363712 kB
DirectMap1G:    58720256 kB

