MemTotal:       65439348 kB
MemFree:        64275544 kB
MemAvailable:   64000576 kB
Buffers:           36616 kB
Cached:           266644 kB
SwapCached:            0 kB
Active:           129416 kB
Inactive:         234056 kB
Active(anon):       3216 kB
Inactive(anon):    72500 kB
Active(file):     126200 kB
Inactive(file):   161556 kB
Unevictable:       19496 kB
Mlocked:           19496 kB
SwapTotal:       1996796 kB
SwapFree:        1996796 kB
Dirty:               580 kB
Writeback:             0 kB
AnonPages:         80664 kB
Mapped:            75952 kB
Shmem:              6380 kB
KReclaimable:      67176 kB
Slab:             289908 kB
SReclaimable:      67176 kB
SUnreclaim:       222732 kB
KernelStack:       10144 kB
PageTables:         2616 kB
NFS_Unstable:          0 kB
Bounce:                0 kB
WritebackTmp:          0 kB
CommitLimit:    34716468 kB
Committed_AS:     790612 kB
VmallocTotal:   34359738367 kB
VmallocUsed:       38548 kB
VmallocChunk:          0 kB
Percpu:            96576 kB
HardwareCorrupted:     0 kB
AnonHugePages:         0 kB
ShmemHugePages:        0 kB
ShmemPmdMapped:        0 kB
FileHugePages:         0 kB
FilePmdMapped:         0 kB
HugePages_Total:       0
HugePages_Free:        0
HugePages_Rsvd:        0
HugePages_Surp:        0
Hugepagesize:       2048 kB
Hugetlb:               0 kB
DirectMap4k:     2370368 kB
DirectMap2M:     5605376 kB
DirectMap1G:    58720256 kB

