MemTotal:       65439348 kB
MemFree:        64273324 kB
MemAvailable:   64002064 kB
Buffers:           37064 kB
Cached:           269708 kB
SwapCached:            0 kB
Active:           129884 kB
Inactive:         238824 kB
Active(anon):       3228 kB
Inactive(anon):    74200 kB
Active(file):     126656 kB
Inactive(file):   164624 kB
Unevictable:       19496 kB
Mlocked:           19496 kB
SwapTotal:       1996796 kB
SwapFree:        1996796 kB
Dirty:               620 kB
Writeback:             0 kB
AnonPages:         81564 kB
Mapped:            76868 kB
Shmem:              6372 kB
KReclaimable:      67544 kB
Slab:             290720 kB
SReclaimable:      67544 kB
SUnreclaim:       223176 kB
KernelStack:       10224 kB
PageTables:         2480 kB
NFS_Unstable:          0 kB
Bounce:                0 kB
WritebackTmp:          0 kB
CommitLimit:    34716468 kB
Committed_AS:     790360 kB
VmallocTotal:   34359738367 kB
VmallocUsed:       38532 kB
VmallocChunk:          0 kB
Percpu:            97728 kB
HardwareCorrupted:     0 kB
AnonHugePages:         0 kB
ShmemHugePages:        0 kB
ShmemPmdMapped:        0 kB
FileHugePages:         0 kB
FilePmdMapped:         0 kB
HugePages_Total:       0
HugePages_Free:        0
HugePages_Rsvd:        0
HugePages_Surp:        0
Hugepagesize:       2048 kB
Hugetlb:               0 kB
DirectMap4k:     2417472 kB
DirectMap2M:     5558272 kB
DirectMap1G:    58720256 kB

