MemTotal:       65439348 kB
MemFree:        63803720 kB
MemAvailable:   63866408 kB
Buffers:           52660 kB
Cached:           579672 kB
SwapCached:            0 kB
Active:           199900 kB
Inactive:         494684 kB
Active(anon):       3236 kB
Inactive(anon):    74532 kB
Active(file):     196664 kB
Inactive(file):   420152 kB
Unevictable:       19496 kB
Mlocked:           19496 kB
SwapTotal:       1996796 kB
SwapFree:        1996796 kB
Dirty:               712 kB
Writeback:             0 kB
AnonPages:         81836 kB
Mapped:            85792 kB
Shmem:              6380 kB
KReclaimable:      84368 kB
Slab:             318764 kB
SReclaimable:      84368 kB
SUnreclaim:       234396 kB
KernelStack:       10144 kB
PageTables:         2840 kB
NFS_Unstable:          0 kB
Bounce:                0 kB
WritebackTmp:          0 kB
CommitLimit:    34716468 kB
Committed_AS:     807652 kB
VmallocTotal:   34359738367 kB
VmallocUsed:       42808 kB
VmallocChunk:          0 kB
Percpu:           207360 kB
HardwareCorrupted:     0 kB
AnonHugePages:         0 kB
ShmemHugePages:        0 kB
ShmemPmdMapped:        0 kB
FileHugePages:         0 kB
FilePmdMapped:         0 kB
HugePages_Total:       0
HugePages_Free:        0
HugePages_Rsvd:        0
HugePages_Surp:        0
Hugepagesize:       2048 kB
Hugetlb:               0 kB
DirectMap4k:     2775872 kB
DirectMap2M:     5199872 kB
DirectMap1G:    58720256 kB

