MemTotal:       65439348 kB
MemFree:        63864700 kB
MemAvailable:   63898632 kB
Buffers:           49032 kB
Cached:           556276 kB
SwapCached:            0 kB
Active:           157512 kB
Inactive:         509692 kB
Active(anon):       3244 kB
Inactive(anon):    74128 kB
Active(file):     154268 kB
Inactive(file):   435564 kB
Unevictable:       19496 kB
Mlocked:           19496 kB
SwapTotal:       1996796 kB
SwapFree:        1996796 kB
Dirty:               664 kB
Writeback:             0 kB
AnonPages:         81472 kB
Mapped:            83396 kB
Shmem:              6376 kB
KReclaimable:      80824 kB
Slab:             312096 kB
SReclaimable:      80824 kB
SUnreclaim:       231272 kB
KernelStack:       10032 kB
PageTables:         2416 kB
NFS_Unstable:          0 kB
Bounce:                0 kB
WritebackTmp:          0 kB
CommitLimit:    34716468 kB
Committed_AS:     799204 kB
VmallocTotal:   34359738367 kB
VmallocUsed:       41664 kB
VmallocChunk:          0 kB
Percpu:           181632 kB
HardwareCorrupted:     0 kB
AnonHugePages:         0 kB
ShmemHugePages:        0 kB
ShmemPmdMapped:        0 kB
FileHugePages:         0 kB
FilePmdMapped:         0 kB
HugePages_Total:       0
HugePages_Free:        0
HugePages_Rsvd:        0
HugePages_Surp:        0
Hugepagesize:       2048 kB
Hugetlb:               0 kB
DirectMap4k:     2747200 kB
DirectMap2M:     5228544 kB
DirectMap1G:    58720256 kB

