MemTotal:       65439348 kB
MemFree:        63851132 kB
MemAvailable:   63892152 kB
Buffers:           50028 kB
Cached:           561828 kB
SwapCached:            0 kB
Active:           197304 kB
Inactive:         475580 kB
Active(anon):       3240 kB
Inactive(anon):    73264 kB
Active(file):     194064 kB
Inactive(file):   402316 kB
Unevictable:       19496 kB
Mlocked:           19496 kB
SwapTotal:       1996796 kB
SwapFree:        1996796 kB
Dirty:               744 kB
Writeback:             0 kB
AnonPages:         80576 kB
Mapped:            83588 kB
Shmem:              6376 kB
KReclaimable:      81904 kB
Slab:             313348 kB
SReclaimable:      81904 kB
SUnreclaim:       231444 kB
KernelStack:        9968 kB
PageTables:         2428 kB
NFS_Unstable:          0 kB
Bounce:                0 kB
WritebackTmp:          0 kB
CommitLimit:    34716468 kB
Committed_AS:     799588 kB
VmallocTotal:   34359738367 kB
VmallocUsed:       42164 kB
VmallocChunk:          0 kB
Percpu:           187584 kB
HardwareCorrupted:     0 kB
AnonHugePages:         0 kB
ShmemHugePages:        0 kB
ShmemPmdMapped:        0 kB
FileHugePages:         0 kB
FilePmdMapped:         0 kB
HugePages_Total:       0
HugePages_Free:        0
HugePages_Rsvd:        0
HugePages_Surp:        0
Hugepagesize:       2048 kB
Hugetlb:               0 kB
DirectMap4k:     2753344 kB
DirectMap2M:     5222400 kB
DirectMap1G:    58720256 kB

