MemTotal:       65439348 kB
MemFree:        64322364 kB
MemAvailable:   64018100 kB
Buffers:           30968 kB
Cached:           246500 kB
SwapCached:            0 kB
Active:           122120 kB
Inactive:         215592 kB
Active(anon):       3216 kB
Inactive(anon):    72512 kB
Active(file):     118904 kB
Inactive(file):   143080 kB
Unevictable:       19496 kB
Mlocked:           19496 kB
SwapTotal:       1996796 kB
SwapFree:        1996796 kB
Dirty:               660 kB
Writeback:             0 kB
AnonPages:         79840 kB
Mapped:            74300 kB
Shmem:              6376 kB
KReclaimable:      56228 kB
Slab:             276500 kB
SReclaimable:      56228 kB
SUnreclaim:       220272 kB
KernelStack:        9984 kB
PageTables:         2392 kB
NFS_Unstable:          0 kB
Bounce:                0 kB
WritebackTmp:          0 kB
CommitLimit:    34716468 kB
Committed_AS:     790356 kB
VmallocTotal:   34359738367 kB
VmallocUsed:       38404 kB
VmallocChunk:          0 kB
Percpu:            96576 kB
HardwareCorrupted:     0 kB
AnonHugePages:         0 kB
ShmemHugePages:        0 kB
ShmemPmdMapped:        0 kB
FileHugePages:         0 kB
FilePmdMapped:         0 kB
HugePages_Total:       0
HugePages_Free:        0
HugePages_Rsvd:        0
HugePages_Surp:        0
Hugepagesize:       2048 kB
Hugetlb:               0 kB
DirectMap4k:     2087744 kB
DirectMap2M:     5888000 kB
DirectMap1G:    58720256 kB

