MemTotal:       65439348 kB
MemFree:        63931300 kB
MemAvailable:   63932752 kB
Buffers:           45368 kB
Cached:           529232 kB
SwapCached:            0 kB
Active:           153672 kB
Inactive:         481352 kB
Active(anon):       3244 kB
Inactive(anon):    72660 kB
Active(file):     150428 kB
Inactive(file):   408692 kB
Unevictable:       19496 kB
Mlocked:           19496 kB
SwapTotal:       1996796 kB
SwapFree:        1996796 kB
Dirty:               788 kB
Writeback:             0 kB
AnonPages:         80040 kB
Mapped:            81144 kB
Shmem:              6376 kB
KReclaimable:      77284 kB
Slab:             306256 kB
SReclaimable:      77284 kB
SUnreclaim:       228972 kB
KernelStack:        9968 kB
PageTables:         2416 kB
NFS_Unstable:          0 kB
Bounce:                0 kB
WritebackTmp:          0 kB
CommitLimit:    34716468 kB
Committed_AS:     791400 kB
VmallocTotal:   34359738367 kB
VmallocUsed:       40500 kB
VmallocChunk:          0 kB
Percpu:           153792 kB
HardwareCorrupted:     0 kB
AnonHugePages:         0 kB
ShmemHugePages:        0 kB
ShmemPmdMapped:        0 kB
FileHugePages:         0 kB
FilePmdMapped:         0 kB
HugePages_Total:       0
HugePages_Free:        0
HugePages_Rsvd:        0
HugePages_Surp:        0
Hugepagesize:       2048 kB
Hugetlb:               0 kB
DirectMap4k:     2714432 kB
DirectMap2M:     5261312 kB
DirectMap1G:    58720256 kB

