MemTotal:       65439348 kB
MemFree:        63919852 kB
MemAvailable:   63927536 kB
Buffers:           46096 kB
Cached:           534356 kB
SwapCached:            0 kB
Active:           154396 kB
Inactive:         487572 kB
Active(anon):       3232 kB
Inactive(anon):    73760 kB
Active(file):     151164 kB
Inactive(file):   413812 kB
Unevictable:       19496 kB
Mlocked:           19496 kB
SwapTotal:       1996796 kB
SwapFree:        1996796 kB
Dirty:               604 kB
Writeback:             0 kB
AnonPages:         81596 kB
Mapped:            81712 kB
Shmem:              6376 kB
KReclaimable:      78036 kB
Slab:             306620 kB
SReclaimable:      78036 kB
SUnreclaim:       228584 kB
KernelStack:       10208 kB
PageTables:         2312 kB
NFS_Unstable:          0 kB
Bounce:                0 kB
WritebackTmp:          0 kB
CommitLimit:    34716468 kB
Committed_AS:     799200 kB
VmallocTotal:   34359738367 kB
VmallocUsed:       41244 kB
VmallocChunk:          0 kB
Percpu:           159936 kB
HardwareCorrupted:     0 kB
AnonHugePages:         0 kB
ShmemHugePages:        0 kB
ShmemPmdMapped:        0 kB
FileHugePages:         0 kB
FilePmdMapped:         0 kB
HugePages_Total:       0
HugePages_Free:        0
HugePages_Rsvd:        0
HugePages_Surp:        0
Hugepagesize:       2048 kB
Hugetlb:               0 kB
DirectMap4k:     2720576 kB
DirectMap2M:     5255168 kB
DirectMap1G:    58720256 kB

