MemTotal:       65439348 kB
MemFree:        64169344 kB
MemAvailable:   63952772 kB
Buffers:           42372 kB
Cached:           316808 kB
SwapCached:            0 kB
Active:           137812 kB
Inactive:         287340 kB
Active(anon):       3260 kB
Inactive(anon):    78204 kB
Active(file):     134552 kB
Inactive(file):   209136 kB
Unevictable:       19496 kB
Mlocked:           19496 kB
SwapTotal:       1996796 kB
SwapFree:        1996796 kB
Dirty:               656 kB
Writeback:             0 kB
AnonPages:         85536 kB
Mapped:            89040 kB
Shmem:              6384 kB
KReclaimable:      72100 kB
Slab:             299252 kB
SReclaimable:      72100 kB
SUnreclaim:       227152 kB
KernelStack:       10192 kB
PageTables:         2680 kB
NFS_Unstable:          0 kB
Bounce:                0 kB
WritebackTmp:          0 kB
CommitLimit:    34716468 kB
Committed_AS:     837620 kB
VmallocTotal:   34359738367 kB
VmallocUsed:       40344 kB
VmallocChunk:          0 kB
Percpu:           132864 kB
HardwareCorrupted:     0 kB
AnonHugePages:         0 kB
ShmemHugePages:        0 kB
ShmemPmdMapped:        0 kB
FileHugePages:         0 kB
FilePmdMapped:         0 kB
HugePages_Total:       0
HugePages_Free:        0
HugePages_Rsvd:        0
HugePages_Surp:        0
Hugepagesize:       2048 kB
Hugetlb:               0 kB
DirectMap4k:     2689856 kB
DirectMap2M:     5285888 kB
DirectMap1G:    58720256 kB

