MemTotal:       65439348 kB
MemFree:        64147060 kB
MemAvailable:   63941928 kB
Buffers:           43840 kB
Cached:           326052 kB
SwapCached:            0 kB
Active:           139592 kB
Inactive:         296380 kB
Active(anon):       3248 kB
Inactive(anon):    78312 kB
Active(file):     136344 kB
Inactive(file):   218068 kB
Unevictable:       19496 kB
Mlocked:           19496 kB
SwapTotal:       1996796 kB
SwapFree:        1996796 kB
Dirty:               724 kB
Writeback:             0 kB
AnonPages:         85632 kB
Mapped:            89220 kB
Shmem:              6380 kB
KReclaimable:      73536 kB
Slab:             301632 kB
SReclaimable:      73536 kB
SUnreclaim:       228096 kB
KernelStack:       10128 kB
PageTables:         2568 kB
NFS_Unstable:          0 kB
Bounce:                0 kB
WritebackTmp:          0 kB
CommitLimit:    34716468 kB
Committed_AS:     838256 kB
VmallocTotal:   34359738367 kB
VmallocUsed:       40200 kB
VmallocChunk:          0 kB
Percpu:           143040 kB
HardwareCorrupted:     0 kB
AnonHugePages:         0 kB
ShmemHugePages:        0 kB
ShmemPmdMapped:        0 kB
FileHugePages:         0 kB
FilePmdMapped:         0 kB
HugePages_Total:       0
HugePages_Free:        0
HugePages_Rsvd:        0
HugePages_Surp:        0
Hugepagesize:       2048 kB
Hugetlb:               0 kB
DirectMap4k:     2702144 kB
DirectMap2M:     5273600 kB
DirectMap1G:    58720256 kB

