MemTotal:       65439348 kB
MemFree:        63817168 kB
MemAvailable:   63873988 kB
Buffers:           51996 kB
Cached:           574820 kB
SwapCached:            0 kB
Active:           199276 kB
Inactive:         488292 kB
Active(anon):       3244 kB
Inactive(anon):    72988 kB
Active(file):     196032 kB
Inactive(file):   415304 kB
Unevictable:       19496 kB
Mlocked:           19496 kB
SwapTotal:       1996796 kB
SwapFree:        1996796 kB
Dirty:               148 kB
Writeback:             0 kB
AnonPages:         80312 kB
Mapped:            84512 kB
Shmem:              6376 kB
KReclaimable:      83592 kB
Slab:             317804 kB
SReclaimable:      83592 kB
SUnreclaim:       234212 kB
KernelStack:       10080 kB
PageTables:         2436 kB
NFS_Unstable:          0 kB
Bounce:                0 kB
WritebackTmp:          0 kB
CommitLimit:    34716468 kB
Committed_AS:     808040 kB
VmallocTotal:   34359738367 kB
VmallocUsed:       42712 kB
VmallocChunk:          0 kB
Percpu:           201984 kB
HardwareCorrupted:     0 kB
AnonHugePages:         0 kB
ShmemHugePages:        0 kB
ShmemPmdMapped:        0 kB
FileHugePages:         0 kB
FilePmdMapped:         0 kB
HugePages_Total:       0
HugePages_Free:        0
HugePages_Rsvd:        0
HugePages_Surp:        0
Hugepagesize:       2048 kB
Hugetlb:               0 kB
DirectMap4k:     2769728 kB
DirectMap2M:     5206016 kB
DirectMap1G:    58720256 kB

