MemTotal:       65439348 kB
MemFree:        64223592 kB
MemAvailable:   63976264 kB
Buffers:           39900 kB
Cached:           289692 kB
SwapCached:            0 kB
Active:           133616 kB
Inactive:         256208 kB
Active(anon):       3220 kB
Inactive(anon):    72496 kB
Active(file):     130396 kB
Inactive(file):   183712 kB
Unevictable:       19496 kB
Mlocked:           19496 kB
SwapTotal:       1996796 kB
SwapFree:        1996796 kB
Dirty:               744 kB
Writeback:             0 kB
AnonPages:         79760 kB
Mapped:            77936 kB
Shmem:              6376 kB
KReclaimable:      69752 kB
Slab:             294680 kB
SReclaimable:      69752 kB
SUnreclaim:       224928 kB
KernelStack:       10000 kB
PageTables:         2416 kB
NFS_Unstable:          0 kB
Bounce:                0 kB
WritebackTmp:          0 kB
CommitLimit:    34716468 kB
Committed_AS:     790620 kB
VmallocTotal:   34359738367 kB
VmallocUsed:       38984 kB
VmallocChunk:          0 kB
Percpu:           117696 kB
HardwareCorrupted:     0 kB
AnonHugePages:         0 kB
ShmemHugePages:        0 kB
ShmemPmdMapped:        0 kB
FileHugePages:         0 kB
FilePmdMapped:         0 kB
HugePages_Total:       0
HugePages_Free:        0
HugePages_Rsvd:        0
HugePages_Surp:        0
Hugepagesize:       2048 kB
Hugetlb:               0 kB
DirectMap4k:     2663232 kB
DirectMap2M:     5312512 kB
DirectMap1G:    58720256 kB

