MemTotal:       65439348 kB
MemFree:        64318092 kB
MemAvailable:   64014848 kB
Buffers:           31264 kB
Cached:           248184 kB
SwapCached:            0 kB
Active:           122432 kB
Inactive:         216896 kB
Active(anon):       3232 kB
Inactive(anon):    72128 kB
Active(file):     119200 kB
Inactive(file):   144768 kB
Unevictable:       19496 kB
Mlocked:           19496 kB
SwapTotal:       1996796 kB
SwapFree:        1996796 kB
Dirty:               680 kB
Writeback:             0 kB
AnonPages:         79356 kB
Mapped:            74636 kB
Shmem:              6380 kB
KReclaimable:      56288 kB
Slab:             276556 kB
SReclaimable:      56288 kB
SUnreclaim:       220268 kB
KernelStack:       10048 kB
PageTables:         2300 kB
NFS_Unstable:          0 kB
Bounce:                0 kB
WritebackTmp:          0 kB
CommitLimit:    34716468 kB
Committed_AS:     790356 kB
VmallocTotal:   34359738367 kB
VmallocUsed:       38404 kB
VmallocChunk:          0 kB
Percpu:            96576 kB
HardwareCorrupted:     0 kB
AnonHugePages:         0 kB
ShmemHugePages:        0 kB
ShmemPmdMapped:        0 kB
FileHugePages:         0 kB
FilePmdMapped:         0 kB
HugePages_Total:       0
HugePages_Free:        0
HugePages_Rsvd:        0
HugePages_Surp:        0
Hugepagesize:       2048 kB
Hugetlb:               0 kB
DirectMap4k:     2114368 kB
DirectMap2M:     5861376 kB
DirectMap1G:    58720256 kB

