MemTotal:       65439348 kB
MemFree:        63731904 kB
MemAvailable:   63827908 kB
Buffers:           57000 kB
Cached:           606936 kB
SwapCached:            0 kB
Active:           204928 kB
Inactive:         526800 kB
Active(anon):       3240 kB
Inactive(anon):    80080 kB
Active(file):     201688 kB
Inactive(file):   446720 kB
Unevictable:       19496 kB
Mlocked:           19496 kB
SwapTotal:       1996796 kB
SwapFree:        1996796 kB
Dirty:               620 kB
Writeback:             0 kB
AnonPages:         86812 kB
Mapped:            97164 kB
Shmem:              6384 kB
KReclaimable:      87812 kB
Slab:             324448 kB
SReclaimable:      87812 kB
SUnreclaim:       236636 kB
KernelStack:       10080 kB
PageTables:         2416 kB
NFS_Unstable:          0 kB
Bounce:                0 kB
WritebackTmp:          0 kB
CommitLimit:    34716468 kB
Committed_AS:     854040 kB
VmallocTotal:   34359738367 kB
VmallocUsed:       44524 kB
VmallocChunk:          0 kB
Percpu:           237120 kB
HardwareCorrupted:     0 kB
AnonHugePages:         0 kB
ShmemHugePages:        0 kB
ShmemPmdMapped:        0 kB
FileHugePages:         0 kB
FilePmdMapped:         0 kB
HugePages_Total:       0
HugePages_Free:        0
HugePages_Rsvd:        0
HugePages_Surp:        0
Hugepagesize:       2048 kB
Hugetlb:               0 kB
DirectMap4k:     2812736 kB
DirectMap2M:     5163008 kB
DirectMap1G:    58720256 kB

