MemTotal:       65439348 kB
MemFree:        64315348 kB
MemAvailable:   64013020 kB
Buffers:           31568 kB
Cached:           249680 kB
SwapCached:            0 kB
Active:           122688 kB
Inactive:         220984 kB
Active(anon):       3216 kB
Inactive(anon):    74756 kB
Active(file):     119472 kB
Inactive(file):   146228 kB
Unevictable:       19496 kB
Mlocked:           19496 kB
SwapTotal:       1996796 kB
SwapFree:        1996796 kB
Dirty:               512 kB
Writeback:             0 kB
AnonPages:         81092 kB
Mapped:            75440 kB
Shmem:              6376 kB
KReclaimable:      56380 kB
Slab:             276980 kB
SReclaimable:      56380 kB
SUnreclaim:       220600 kB
KernelStack:       10016 kB
PageTables:         2876 kB
NFS_Unstable:          0 kB
Bounce:                0 kB
WritebackTmp:          0 kB
CommitLimit:    34716468 kB
Committed_AS:     790096 kB
VmallocTotal:   34359738367 kB
VmallocUsed:       38356 kB
VmallocChunk:          0 kB
Percpu:            96576 kB
HardwareCorrupted:     0 kB
AnonHugePages:         0 kB
ShmemHugePages:        0 kB
ShmemPmdMapped:        0 kB
FileHugePages:         0 kB
FilePmdMapped:         0 kB
HugePages_Total:       0
HugePages_Free:        0
HugePages_Rsvd:        0
HugePages_Surp:        0
Hugepagesize:       2048 kB
Hugetlb:               0 kB
DirectMap4k:     2134848 kB
DirectMap2M:     5840896 kB
DirectMap1G:    58720256 kB

