MemTotal:       65439348 kB
MemFree:        64224980 kB
MemAvailable:   63977292 kB
Buffers:           39860 kB
Cached:           289404 kB
SwapCached:            0 kB
Active:           133584 kB
Inactive:         257624 kB
Active(anon):       3220 kB
Inactive(anon):    74200 kB
Active(file):     130364 kB
Inactive(file):   183424 kB
Unevictable:       19496 kB
Mlocked:           19496 kB
SwapTotal:       1996796 kB
SwapFree:        1996796 kB
Dirty:               608 kB
Writeback:             0 kB
AnonPages:         81536 kB
Mapped:            78264 kB
Shmem:              6376 kB
KReclaimable:      69672 kB
Slab:             294188 kB
SReclaimable:      69672 kB
SUnreclaim:       224516 kB
KernelStack:       10144 kB
PageTables:         2420 kB
NFS_Unstable:          0 kB
Bounce:                0 kB
WritebackTmp:          0 kB
CommitLimit:    34716468 kB
Committed_AS:     790360 kB
VmallocTotal:   34359738367 kB
VmallocUsed:       39016 kB
VmallocChunk:          0 kB
Percpu:           117696 kB
HardwareCorrupted:     0 kB
AnonHugePages:         0 kB
ShmemHugePages:        0 kB
ShmemPmdMapped:        0 kB
FileHugePages:         0 kB
FilePmdMapped:         0 kB
HugePages_Total:       0
HugePages_Free:        0
HugePages_Rsvd:        0
HugePages_Surp:        0
Hugepagesize:       2048 kB
Hugetlb:               0 kB
DirectMap4k:     2661184 kB
DirectMap2M:     5314560 kB
DirectMap1G:    58720256 kB

