MemTotal:       65439348 kB
MemFree:        63757436 kB
MemAvailable:   63840232 kB
Buffers:           55200 kB
Cached:           596160 kB
SwapCached:            0 kB
Active:           203176 kB
Inactive:         514004 kB
Active(anon):       3248 kB
Inactive(anon):    78052 kB
Active(file):     199928 kB
Inactive(file):   435952 kB
Unevictable:       19496 kB
Mlocked:           19496 kB
SwapTotal:       1996796 kB
SwapFree:        1996796 kB
Dirty:               904 kB
Writeback:             0 kB
AnonPages:         85944 kB
Mapped:            95980 kB
Shmem:              6380 kB
KReclaimable:      86452 kB
Slab:             322244 kB
SReclaimable:      86452 kB
SUnreclaim:       235792 kB
KernelStack:       10096 kB
PageTables:         2636 kB
NFS_Unstable:          0 kB
Bounce:                0 kB
WritebackTmp:          0 kB
CommitLimit:    34716468 kB
Committed_AS:     854036 kB
VmallocTotal:   34359738367 kB
VmallocUsed:       43896 kB
VmallocChunk:          0 kB
Percpu:           225024 kB
HardwareCorrupted:     0 kB
AnonHugePages:         0 kB
ShmemHugePages:        0 kB
ShmemPmdMapped:        0 kB
FileHugePages:         0 kB
FilePmdMapped:         0 kB
HugePages_Total:       0
HugePages_Free:        0
HugePages_Rsvd:        0
HugePages_Surp:        0
Hugepagesize:       2048 kB
Hugetlb:               0 kB
DirectMap4k:     2800448 kB
DirectMap2M:     5175296 kB
DirectMap1G:    58720256 kB

