MemTotal:       65439348 kB
MemFree:        64292956 kB
MemAvailable:   64007312 kB
Buffers:           35288 kB
Cached:           257936 kB
SwapCached:            0 kB
Active:           128104 kB
Inactive:         226280 kB
Active(anon):       3212 kB
Inactive(anon):    73424 kB
Active(file):     124892 kB
Inactive(file):   152856 kB
Unevictable:       19496 kB
Mlocked:           19496 kB
SwapTotal:       1996796 kB
SwapFree:        1996796 kB
Dirty:               908 kB
Writeback:             0 kB
AnonPages:         80680 kB
Mapped:            75260 kB
Shmem:              6376 kB
KReclaimable:      65836 kB
Slab:             287136 kB
SReclaimable:      65836 kB
SUnreclaim:       221300 kB
KernelStack:        9968 kB
PageTables:         2380 kB
NFS_Unstable:          0 kB
Bounce:                0 kB
WritebackTmp:          0 kB
CommitLimit:    34716468 kB
Committed_AS:     790352 kB
VmallocTotal:   34359738367 kB
VmallocUsed:       38628 kB
VmallocChunk:          0 kB
Percpu:            96576 kB
HardwareCorrupted:     0 kB
AnonHugePages:         0 kB
ShmemHugePages:        0 kB
ShmemPmdMapped:        0 kB
FileHugePages:         0 kB
FilePmdMapped:         0 kB
HugePages_Total:       0
HugePages_Free:        0
HugePages_Rsvd:        0
HugePages_Surp:        0
Hugepagesize:       2048 kB
Hugetlb:               0 kB
DirectMap4k:     2227008 kB
DirectMap2M:     5748736 kB
DirectMap1G:    58720256 kB

