MemTotal:       65439348 kB
MemFree:        63888144 kB
MemAvailable:   63909388 kB
Buffers:           47736 kB
Cached:           545624 kB
SwapCached:            0 kB
Active:           156032 kB
Inactive:         497952 kB
Active(anon):       3244 kB
Inactive(anon):    72864 kB
Active(file):     152788 kB
Inactive(file):   425088 kB
Unevictable:       19496 kB
Mlocked:           19496 kB
SwapTotal:       1996796 kB
SwapFree:        1996796 kB
Dirty:               820 kB
Writeback:             0 kB
AnonPages:         80268 kB
Mapped:            82424 kB
Shmem:              6376 kB
KReclaimable:      79360 kB
Slab:             309576 kB
SReclaimable:      79360 kB
SUnreclaim:       230216 kB
KernelStack:       10080 kB
PageTables:         2428 kB
NFS_Unstable:          0 kB
Bounce:                0 kB
WritebackTmp:          0 kB
CommitLimit:    34716468 kB
Committed_AS:     799588 kB
VmallocTotal:   34359738367 kB
VmallocUsed:       41728 kB
VmallocChunk:          0 kB
Percpu:           171840 kB
HardwareCorrupted:     0 kB
AnonHugePages:         0 kB
ShmemHugePages:        0 kB
ShmemPmdMapped:        0 kB
FileHugePages:         0 kB
FilePmdMapped:         0 kB
HugePages_Total:       0
HugePages_Free:        0
HugePages_Rsvd:        0
HugePages_Surp:        0
Hugepagesize:       2048 kB
Hugetlb:               0 kB
DirectMap4k:     2736960 kB
DirectMap2M:     5238784 kB
DirectMap1G:    58720256 kB

