MemTotal:       65439348 kB
MemFree:        64195772 kB
MemAvailable:   63968272 kB
Buffers:           41072 kB
Cached:           307820 kB
SwapCached:            0 kB
Active:           136500 kB
Inactive:         279360 kB
Active(anon):       3244 kB
Inactive(anon):    79208 kB
Active(file):     133256 kB
Inactive(file):   200152 kB
Unevictable:       19496 kB
Mlocked:           19496 kB
SwapTotal:       1996796 kB
SwapFree:        1996796 kB
Dirty:               656 kB
Writeback:             0 kB
AnonPages:         87028 kB
Mapped:            87940 kB
Shmem:              6384 kB
KReclaimable:      70804 kB
Slab:             295716 kB
SReclaimable:      70804 kB
SUnreclaim:       224912 kB
KernelStack:       10256 kB
PageTables:         2720 kB
NFS_Unstable:          0 kB
Bounce:                0 kB
WritebackTmp:          0 kB
CommitLimit:    34716468 kB
Committed_AS:     837612 kB
VmallocTotal:   34359738367 kB
VmallocUsed:       39828 kB
VmallocChunk:          0 kB
Percpu:           123264 kB
HardwareCorrupted:     0 kB
AnonHugePages:         0 kB
ShmemHugePages:        0 kB
ShmemPmdMapped:        0 kB
FileHugePages:         0 kB
FilePmdMapped:         0 kB
HugePages_Total:       0
HugePages_Free:        0
HugePages_Rsvd:        0
HugePages_Surp:        0
Hugepagesize:       2048 kB
Hugetlb:               0 kB
DirectMap4k:     2673472 kB
DirectMap2M:     5302272 kB
DirectMap1G:    58720256 kB

