MemTotal:       65439348 kB
MemFree:        63828428 kB
MemAvailable:   63879876 kB
Buffers:           51340 kB
Cached:           570392 kB
SwapCached:            0 kB
Active:           198616 kB
Inactive:         484704 kB
Active(anon):       3248 kB
Inactive(anon):    73828 kB
Active(file):     195368 kB
Inactive(file):   410876 kB
Unevictable:       19496 kB
Mlocked:           19496 kB
SwapTotal:       1996796 kB
SwapFree:        1996796 kB
Dirty:               664 kB
Writeback:             0 kB
AnonPages:         81180 kB
Mapped:            84300 kB
Shmem:              6376 kB
KReclaimable:      83032 kB
Slab:             315744 kB
SReclaimable:      83032 kB
SUnreclaim:       232712 kB
KernelStack:       10064 kB
PageTables:         2692 kB
NFS_Unstable:          0 kB
Bounce:                0 kB
WritebackTmp:          0 kB
CommitLimit:    34716468 kB
Committed_AS:     807652 kB
VmallocTotal:   34359738367 kB
VmallocUsed:       42888 kB
VmallocChunk:          0 kB
Percpu:           197184 kB
HardwareCorrupted:     0 kB
AnonHugePages:         0 kB
ShmemHugePages:        0 kB
ShmemPmdMapped:        0 kB
FileHugePages:         0 kB
FilePmdMapped:         0 kB
HugePages_Total:       0
HugePages_Free:        0
HugePages_Rsvd:        0
HugePages_Surp:        0
Hugepagesize:       2048 kB
Hugetlb:               0 kB
DirectMap4k:     2767680 kB
DirectMap2M:     5208064 kB
DirectMap1G:    58720256 kB

