MemTotal:       65439348 kB
MemFree:        63886528 kB
MemAvailable:   63908616 kB
Buffers:           47796 kB
Cached:           546348 kB
SwapCached:            0 kB
Active:           156108 kB
Inactive:         498760 kB
Active(anon):       3244 kB
Inactive(anon):    72956 kB
Active(file):     152864 kB
Inactive(file):   425804 kB
Unevictable:       19496 kB
Mlocked:           19496 kB
SwapTotal:       1996796 kB
SwapFree:        1996796 kB
Dirty:               176 kB
Writeback:             0 kB
AnonPages:         80276 kB
Mapped:            82512 kB
Shmem:              6376 kB
KReclaimable:      79464 kB
Slab:             309344 kB
SReclaimable:      79464 kB
SUnreclaim:       229880 kB
KernelStack:       10064 kB
PageTables:         2432 kB
NFS_Unstable:          0 kB
Bounce:                0 kB
WritebackTmp:          0 kB
CommitLimit:    34716468 kB
Committed_AS:     799592 kB
VmallocTotal:   34359738367 kB
VmallocUsed:       41744 kB
VmallocChunk:          0 kB
Percpu:           172992 kB
HardwareCorrupted:     0 kB
AnonHugePages:         0 kB
ShmemHugePages:        0 kB
ShmemPmdMapped:        0 kB
FileHugePages:         0 kB
FilePmdMapped:         0 kB
HugePages_Total:       0
HugePages_Free:        0
HugePages_Rsvd:        0
HugePages_Surp:        0
Hugepagesize:       2048 kB
Hugetlb:               0 kB
DirectMap4k:     2739008 kB
DirectMap2M:     5236736 kB
DirectMap1G:    58720256 kB

