MemTotal:       65439348 kB
MemFree:        64283224 kB
MemAvailable:   64003324 kB
Buffers:           36008 kB
Cached:           262688 kB
SwapCached:            0 kB
Active:           128808 kB
Inactive:         230580 kB
Active(anon):       3220 kB
Inactive(anon):    72972 kB
Active(file):     125588 kB
Inactive(file):   157608 kB
Unevictable:       19496 kB
Mlocked:           19496 kB
SwapTotal:       1996796 kB
SwapFree:        1996796 kB
Dirty:               800 kB
Writeback:             0 kB
AnonPages:         80288 kB
Mapped:            75396 kB
Shmem:              6376 kB
KReclaimable:      66432 kB
Slab:             288612 kB
SReclaimable:      66432 kB
SUnreclaim:       222180 kB
KernelStack:       10176 kB
PageTables:         2580 kB
NFS_Unstable:          0 kB
Bounce:                0 kB
WritebackTmp:          0 kB
CommitLimit:    34716468 kB
Committed_AS:     790608 kB
VmallocTotal:   34359738367 kB
VmallocUsed:       38580 kB
VmallocChunk:          0 kB
Percpu:            96576 kB
HardwareCorrupted:     0 kB
AnonHugePages:         0 kB
ShmemHugePages:        0 kB
ShmemPmdMapped:        0 kB
FileHugePages:         0 kB
FilePmdMapped:         0 kB
HugePages_Total:       0
HugePages_Free:        0
HugePages_Rsvd:        0
HugePages_Surp:        0
Hugepagesize:       2048 kB
Hugetlb:               0 kB
DirectMap4k:     2306880 kB
DirectMap2M:     5668864 kB
DirectMap1G:    58720256 kB

