MemTotal:       65439348 kB
MemFree:        63828040 kB
MemAvailable:   63879648 kB
Buffers:           51356 kB
Cached:           570516 kB
SwapCached:            0 kB
Active:           198624 kB
Inactive:         485276 kB
Active(anon):       3228 kB
Inactive(anon):    74280 kB
Active(file):     195396 kB
Inactive(file):   410996 kB
Unevictable:       19496 kB
Mlocked:           19496 kB
SwapTotal:       1996796 kB
SwapFree:        1996796 kB
Dirty:               668 kB
Writeback:             0 kB
AnonPages:         81456 kB
Mapped:            84500 kB
Shmem:              6380 kB
KReclaimable:      83052 kB
Slab:             315684 kB
SReclaimable:      83052 kB
SUnreclaim:       232632 kB
KernelStack:       10048 kB
PageTables:         2404 kB
NFS_Unstable:          0 kB
Bounce:                0 kB
WritebackTmp:          0 kB
CommitLimit:    34716468 kB
Committed_AS:     807648 kB
VmallocTotal:   34359738367 kB
VmallocUsed:       42760 kB
VmallocChunk:          0 kB
Percpu:           197184 kB
HardwareCorrupted:     0 kB
AnonHugePages:         0 kB
ShmemHugePages:        0 kB
ShmemPmdMapped:        0 kB
FileHugePages:         0 kB
FilePmdMapped:         0 kB
HugePages_Total:       0
HugePages_Free:        0
HugePages_Rsvd:        0
HugePages_Surp:        0
Hugepagesize:       2048 kB
Hugetlb:               0 kB
DirectMap4k:     2767680 kB
DirectMap2M:     5208064 kB
DirectMap1G:    58720256 kB

