MemTotal:       65439348 kB
MemFree:        64312000 kB
MemAvailable:   64010768 kB
Buffers:           31760 kB
Cached:           250584 kB
SwapCached:            0 kB
Active:           122912 kB
Inactive:         219432 kB
Active(anon):       3216 kB
Inactive(anon):    72268 kB
Active(file):     119696 kB
Inactive(file):   147164 kB
Unevictable:       19496 kB
Mlocked:           19496 kB
SwapTotal:       1996796 kB
SwapFree:        1996796 kB
Dirty:               152 kB
Writeback:             0 kB
AnonPages:         79592 kB
Mapped:            74624 kB
Shmem:              6376 kB
KReclaimable:      56436 kB
Slab:             277028 kB
SReclaimable:      56436 kB
SUnreclaim:       220592 kB
KernelStack:        9936 kB
PageTables:         2392 kB
NFS_Unstable:          0 kB
Bounce:                0 kB
WritebackTmp:          0 kB
CommitLimit:    34716468 kB
Committed_AS:     790612 kB
VmallocTotal:   34359738367 kB
VmallocUsed:       38420 kB
VmallocChunk:          0 kB
Percpu:            96576 kB
HardwareCorrupted:     0 kB
AnonHugePages:         0 kB
ShmemHugePages:        0 kB
ShmemPmdMapped:        0 kB
FileHugePages:         0 kB
FilePmdMapped:         0 kB
HugePages_Total:       0
HugePages_Free:        0
HugePages_Rsvd:        0
HugePages_Surp:        0
Hugepagesize:       2048 kB
Hugetlb:               0 kB
DirectMap4k:     2151232 kB
DirectMap2M:     5824512 kB
DirectMap1G:    58720256 kB

