MemTotal:       65439348 kB
MemFree:        63896524 kB
MemAvailable:   63915736 kB
Buffers:           47492 kB
Cached:           543916 kB
SwapCached:            0 kB
Active:           155804 kB
Inactive:         498028 kB
Active(anon):       3244 kB
Inactive(anon):    74656 kB
Active(file):     152560 kB
Inactive(file):   423372 kB
Unevictable:       19496 kB
Mlocked:           19496 kB
SwapTotal:       1996796 kB
SwapFree:        1996796 kB
Dirty:               632 kB
Writeback:             0 kB
AnonPages:         81524 kB
Mapped:            82184 kB
Shmem:              6376 kB
KReclaimable:      79180 kB
Slab:             308724 kB
SReclaimable:      79180 kB
SUnreclaim:       229544 kB
KernelStack:       10144 kB
PageTables:         2276 kB
NFS_Unstable:          0 kB
Bounce:                0 kB
WritebackTmp:          0 kB
CommitLimit:    34716468 kB
Committed_AS:     799204 kB
VmallocTotal:   34359738367 kB
VmallocUsed:       41212 kB
VmallocChunk:          0 kB
Percpu:           170112 kB
HardwareCorrupted:     0 kB
AnonHugePages:         0 kB
ShmemHugePages:        0 kB
ShmemPmdMapped:        0 kB
FileHugePages:         0 kB
FilePmdMapped:         0 kB
HugePages_Total:       0
HugePages_Free:        0
HugePages_Rsvd:        0
HugePages_Surp:        0
Hugepagesize:       2048 kB
Hugetlb:               0 kB
DirectMap4k:     2734912 kB
DirectMap2M:     5240832 kB
DirectMap1G:    58720256 kB

