MemTotal:       65439348 kB
MemFree:        63768660 kB
MemAvailable:   63846556 kB
Buffers:           54560 kB
Cached:           592176 kB
SwapCached:            0 kB
Active:           202508 kB
Inactive:         510132 kB
Active(anon):       3240 kB
Inactive(anon):    78168 kB
Active(file):     199268 kB
Inactive(file):   431964 kB
Unevictable:       19496 kB
Mlocked:           19496 kB
SwapTotal:       1996796 kB
SwapFree:        1996796 kB
Dirty:               700 kB
Writeback:             0 kB
AnonPages:         85440 kB
Mapped:            95548 kB
Shmem:              6380 kB
KReclaimable:      85952 kB
Slab:             322736 kB
SReclaimable:      85952 kB
SUnreclaim:       236784 kB
KernelStack:       10160 kB
PageTables:         2672 kB
NFS_Unstable:          0 kB
Bounce:                0 kB
WritebackTmp:          0 kB
CommitLimit:    34716468 kB
Committed_AS:     854044 kB
VmallocTotal:   34359738367 kB
VmallocUsed:       43332 kB
VmallocChunk:          0 kB
Percpu:           221376 kB
HardwareCorrupted:     0 kB
AnonHugePages:         0 kB
ShmemHugePages:        0 kB
ShmemPmdMapped:        0 kB
FileHugePages:         0 kB
FilePmdMapped:         0 kB
HugePages_Total:       0
HugePages_Free:        0
HugePages_Rsvd:        0
HugePages_Surp:        0
Hugepagesize:       2048 kB
Hugetlb:               0 kB
DirectMap4k:     2796352 kB
DirectMap2M:     5179392 kB
DirectMap1G:    58720256 kB

