MemTotal:       65439348 kB
MemFree:        64314812 kB
MemAvailable:   64013448 kB
Buffers:           31744 kB
Cached:           250468 kB
SwapCached:            0 kB
Active:           122896 kB
Inactive:         219324 kB
Active(anon):       3216 kB
Inactive(anon):    72276 kB
Active(file):     119680 kB
Inactive(file):   147048 kB
Unevictable:       19496 kB
Mlocked:           19496 kB
SwapTotal:       1996796 kB
SwapFree:        1996796 kB
Dirty:               664 kB
Writeback:             0 kB
AnonPages:         79588 kB
Mapped:            74552 kB
Shmem:              6376 kB
KReclaimable:      56436 kB
Slab:             277004 kB
SReclaimable:      56436 kB
SUnreclaim:       220568 kB
KernelStack:        9904 kB
PageTables:         2396 kB
NFS_Unstable:          0 kB
Bounce:                0 kB
WritebackTmp:          0 kB
CommitLimit:    34716468 kB
Committed_AS:     790612 kB
VmallocTotal:   34359738367 kB
VmallocUsed:       38324 kB
VmallocChunk:          0 kB
Percpu:            96576 kB
HardwareCorrupted:     0 kB
AnonHugePages:         0 kB
ShmemHugePages:        0 kB
ShmemPmdMapped:        0 kB
FileHugePages:         0 kB
FilePmdMapped:         0 kB
HugePages_Total:       0
HugePages_Free:        0
HugePages_Rsvd:        0
HugePages_Surp:        0
Hugepagesize:       2048 kB
Hugetlb:               0 kB
DirectMap4k:     2149184 kB
DirectMap2M:     5826560 kB
DirectMap1G:    58720256 kB

