MemTotal:       65439348 kB
MemFree:        63876032 kB
MemAvailable:   63903584 kB
Buffers:           48460 kB
Cached:           550816 kB
SwapCached:            0 kB
Active:           156788 kB
Inactive:         503552 kB
Active(anon):       3260 kB
Inactive(anon):    73284 kB
Active(file):     153528 kB
Inactive(file):   430268 kB
Unevictable:       19496 kB
Mlocked:           19496 kB
SwapTotal:       1996796 kB
SwapFree:        1996796 kB
Dirty:               892 kB
Writeback:             0 kB
AnonPages:         80668 kB
Mapped:            82796 kB
Shmem:              6380 kB
KReclaimable:      80132 kB
Slab:             311864 kB
SReclaimable:      80132 kB
SUnreclaim:       231732 kB
KernelStack:       10192 kB
PageTables:         2656 kB
NFS_Unstable:          0 kB
Bounce:                0 kB
WritebackTmp:          0 kB
CommitLimit:    34716468 kB
Committed_AS:     799200 kB
VmallocTotal:   34359738367 kB
VmallocUsed:       41728 kB
VmallocChunk:          0 kB
Percpu:           177216 kB
HardwareCorrupted:     0 kB
AnonHugePages:         0 kB
ShmemHugePages:        0 kB
ShmemPmdMapped:        0 kB
FileHugePages:         0 kB
FilePmdMapped:         0 kB
HugePages_Total:       0
HugePages_Free:        0
HugePages_Rsvd:        0
HugePages_Surp:        0
Hugepagesize:       2048 kB
Hugetlb:               0 kB
DirectMap4k:     2743104 kB
DirectMap2M:     5232640 kB
DirectMap1G:    58720256 kB

