MemTotal:       65439348 kB
MemFree:        63766496 kB
MemAvailable:   63846172 kB
Buffers:           54780 kB
Cached:           593668 kB
SwapCached:            0 kB
Active:           202760 kB
Inactive:         511516 kB
Active(anon):       3256 kB
Inactive(anon):    78052 kB
Active(file):     199504 kB
Inactive(file):   433464 kB
Unevictable:       19496 kB
Mlocked:           19496 kB
SwapTotal:       1996796 kB
SwapFree:        1996796 kB
Dirty:               580 kB
Writeback:             0 kB
AnonPages:         85452 kB
Mapped:            95760 kB
Shmem:              6380 kB
KReclaimable:      86040 kB
Slab:             321660 kB
SReclaimable:      86040 kB
SUnreclaim:       235620 kB
KernelStack:       10080 kB
PageTables:         2748 kB
NFS_Unstable:          0 kB
Bounce:                0 kB
WritebackTmp:          0 kB
CommitLimit:    34716468 kB
Committed_AS:     854044 kB
VmallocTotal:   34359738367 kB
VmallocUsed:       43316 kB
VmallocChunk:          0 kB
Percpu:           222528 kB
HardwareCorrupted:     0 kB
AnonHugePages:         0 kB
ShmemHugePages:        0 kB
ShmemPmdMapped:        0 kB
FileHugePages:         0 kB
FilePmdMapped:         0 kB
HugePages_Total:       0
HugePages_Free:        0
HugePages_Rsvd:        0
HugePages_Surp:        0
Hugepagesize:       2048 kB
Hugetlb:               0 kB
DirectMap4k:     2796352 kB
DirectMap2M:     5179392 kB
DirectMap1G:    58720256 kB

