MemTotal:       65439348 kB
MemFree:        64282320 kB
MemAvailable:   64005404 kB
Buffers:           36376 kB
Cached:           265184 kB
SwapCached:            0 kB
Active:           129148 kB
Inactive:         232508 kB
Active(anon):       3216 kB
Inactive(anon):    72404 kB
Active(file):     125932 kB
Inactive(file):   160104 kB
Unevictable:       19496 kB
Mlocked:           19496 kB
SwapTotal:       1996796 kB
SwapFree:        1996796 kB
Dirty:               176 kB
Writeback:             0 kB
AnonPages:         79724 kB
Mapped:            75572 kB
Shmem:              6376 kB
KReclaimable:      66720 kB
Slab:             289144 kB
SReclaimable:      66720 kB
SUnreclaim:       222424 kB
KernelStack:       10000 kB
PageTables:         2392 kB
NFS_Unstable:          0 kB
Bounce:                0 kB
WritebackTmp:          0 kB
CommitLimit:    34716468 kB
Committed_AS:     790740 kB
VmallocTotal:   34359738367 kB
VmallocUsed:       38404 kB
VmallocChunk:          0 kB
Percpu:            96576 kB
HardwareCorrupted:     0 kB
AnonHugePages:         0 kB
ShmemHugePages:        0 kB
ShmemPmdMapped:        0 kB
FileHugePages:         0 kB
FilePmdMapped:         0 kB
HugePages_Total:       0
HugePages_Free:        0
HugePages_Rsvd:        0
HugePages_Surp:        0
Hugepagesize:       2048 kB
Hugetlb:               0 kB
DirectMap4k:     2343744 kB
DirectMap2M:     5632000 kB
DirectMap1G:    58720256 kB

