MemTotal:       65439348 kB
MemFree:        63743520 kB
MemAvailable:   63833272 kB
Buffers:           56152 kB
Cached:           601840 kB
SwapCached:            0 kB
Active:           204100 kB
Inactive:         520672 kB
Active(anon):       3252 kB
Inactive(anon):    79040 kB
Active(file):     200848 kB
Inactive(file):   441632 kB
Unevictable:       19496 kB
Mlocked:           19496 kB
SwapTotal:       1996796 kB
SwapFree:        1996796 kB
Dirty:               640 kB
Writeback:             0 kB
AnonPages:         85824 kB
Mapped:            96396 kB
Shmem:              6380 kB
KReclaimable:      87164 kB
Slab:             323896 kB
SReclaimable:      87164 kB
SUnreclaim:       236732 kB
KernelStack:       10192 kB
PageTables:         2716 kB
NFS_Unstable:          0 kB
Bounce:                0 kB
WritebackTmp:          0 kB
CommitLimit:    34716468 kB
Committed_AS:     854036 kB
VmallocTotal:   34359738367 kB
VmallocUsed:       43992 kB
VmallocChunk:          0 kB
Percpu:           230976 kB
HardwareCorrupted:     0 kB
AnonHugePages:         0 kB
ShmemHugePages:        0 kB
ShmemPmdMapped:        0 kB
FileHugePages:         0 kB
FilePmdMapped:         0 kB
HugePages_Total:       0
HugePages_Free:        0
HugePages_Rsvd:        0
HugePages_Surp:        0
Hugepagesize:       2048 kB
Hugetlb:               0 kB
DirectMap4k:     2808640 kB
DirectMap2M:     5167104 kB
DirectMap1G:    58720256 kB

