MemTotal:       65439348 kB
MemFree:        63734060 kB
MemAvailable:   63827668 kB
Buffers:           56596 kB
Cached:           605024 kB
SwapCached:            0 kB
Active:           204568 kB
Inactive:         526144 kB
Active(anon):       3244 kB
Inactive(anon):    81328 kB
Active(file):     201324 kB
Inactive(file):   444816 kB
Unevictable:       19496 kB
Mlocked:           19496 kB
SwapTotal:       1996796 kB
SwapFree:        1996796 kB
Dirty:               576 kB
Writeback:             0 kB
AnonPages:         88112 kB
Mapped:            97696 kB
Shmem:              6380 kB
KReclaimable:      87560 kB
Slab:             325312 kB
SReclaimable:      87560 kB
SUnreclaim:       237752 kB
KernelStack:       10176 kB
PageTables:         2360 kB
NFS_Unstable:          0 kB
Bounce:                0 kB
WritebackTmp:          0 kB
CommitLimit:    34716468 kB
Committed_AS:     854040 kB
VmallocTotal:   34359738367 kB
VmallocUsed:       44072 kB
VmallocChunk:          0 kB
Percpu:           234624 kB
HardwareCorrupted:     0 kB
AnonHugePages:         0 kB
ShmemHugePages:        0 kB
ShmemPmdMapped:        0 kB
FileHugePages:         0 kB
FilePmdMapped:         0 kB
HugePages_Total:       0
HugePages_Free:        0
HugePages_Rsvd:        0
HugePages_Surp:        0
Hugepagesize:       2048 kB
Hugetlb:               0 kB
DirectMap4k:     2812736 kB
DirectMap2M:     5163008 kB
DirectMap1G:    58720256 kB

