MemTotal:       65439348 kB
MemFree:        64227752 kB
MemAvailable:   63979340 kB
Buffers:           39752 kB
Cached:           288876 kB
SwapCached:            0 kB
Active:           133464 kB
Inactive:         255720 kB
Active(anon):       3216 kB
Inactive(anon):    72824 kB
Active(file):     130248 kB
Inactive(file):   182896 kB
Unevictable:       19496 kB
Mlocked:           19496 kB
SwapTotal:       1996796 kB
SwapFree:        1996796 kB
Dirty:               296 kB
Writeback:             0 kB
AnonPages:         80088 kB
Mapped:            77780 kB
Shmem:              6376 kB
KReclaimable:      69512 kB
Slab:             293884 kB
SReclaimable:      69512 kB
SUnreclaim:       224372 kB
KernelStack:       10016 kB
PageTables:         2452 kB
NFS_Unstable:          0 kB
Bounce:                0 kB
WritebackTmp:          0 kB
CommitLimit:    34716468 kB
Committed_AS:     790748 kB
VmallocTotal:   34359738367 kB
VmallocUsed:       38984 kB
VmallocChunk:          0 kB
Percpu:           116928 kB
HardwareCorrupted:     0 kB
AnonHugePages:         0 kB
ShmemHugePages:        0 kB
ShmemPmdMapped:        0 kB
FileHugePages:         0 kB
FilePmdMapped:         0 kB
HugePages_Total:       0
HugePages_Free:        0
HugePages_Rsvd:        0
HugePages_Surp:        0
Hugepagesize:       2048 kB
Hugetlb:               0 kB
DirectMap4k:     2661184 kB
DirectMap2M:     5314560 kB
DirectMap1G:    58720256 kB

