MemTotal:       65439348 kB
MemFree:        63697504 kB
MemAvailable:   63813152 kB
Buffers:           59204 kB
Cached:           623184 kB
SwapCached:            0 kB
Active:           212136 kB
Inactive:         531752 kB
Active(anon):       3260 kB
Inactive(anon):    73716 kB
Active(file):     208876 kB
Inactive(file):   458036 kB
Unevictable:       19496 kB
Mlocked:           19496 kB
SwapTotal:       1996796 kB
SwapFree:        1996796 kB
Dirty:               640 kB
Writeback:             0 kB
AnonPages:         81120 kB
Mapped:            89352 kB
Shmem:              6376 kB
KReclaimable:      90092 kB
Slab:             329088 kB
SReclaimable:      90092 kB
SUnreclaim:       238996 kB
KernelStack:        9984 kB
PageTables:         2252 kB
NFS_Unstable:          0 kB
Bounce:                0 kB
WritebackTmp:          0 kB
CommitLimit:    34716468 kB
Committed_AS:     807656 kB
VmallocTotal:   34359738367 kB
VmallocUsed:       44776 kB
VmallocChunk:          0 kB
Percpu:           254400 kB
HardwareCorrupted:     0 kB
AnonHugePages:         0 kB
ShmemHugePages:        0 kB
ShmemPmdMapped:        0 kB
FileHugePages:         0 kB
FilePmdMapped:         0 kB
HugePages_Total:       0
HugePages_Free:        0
HugePages_Rsvd:        0
HugePages_Surp:        0
Hugepagesize:       2048 kB
Hugetlb:               0 kB
DirectMap4k:     2835264 kB
DirectMap2M:     5140480 kB
DirectMap1G:    58720256 kB

