MemTotal:       65439348 kB
MemFree:        64319116 kB
MemAvailable:   64016116 kB
Buffers:           31312 kB
Cached:           248604 kB
SwapCached:            0 kB
Active:           122460 kB
Inactive:         217412 kB
Active(anon):       3212 kB
Inactive(anon):    72232 kB
Active(file):     119248 kB
Inactive(file):   145180 kB
Unevictable:       19496 kB
Mlocked:           19496 kB
SwapTotal:       1996796 kB
SwapFree:        1996796 kB
Dirty:               756 kB
Writeback:             0 kB
AnonPages:         79792 kB
Mapped:            74448 kB
Shmem:              6376 kB
KReclaimable:      56312 kB
Slab:             276124 kB
SReclaimable:      56312 kB
SUnreclaim:       219812 kB
KernelStack:        9984 kB
PageTables:         2400 kB
NFS_Unstable:          0 kB
Bounce:                0 kB
WritebackTmp:          0 kB
CommitLimit:    34716468 kB
Committed_AS:     790352 kB
VmallocTotal:   34359738367 kB
VmallocUsed:       38468 kB
VmallocChunk:          0 kB
Percpu:            96576 kB
HardwareCorrupted:     0 kB
AnonHugePages:         0 kB
ShmemHugePages:        0 kB
ShmemPmdMapped:        0 kB
FileHugePages:         0 kB
FilePmdMapped:         0 kB
HugePages_Total:       0
HugePages_Free:        0
HugePages_Rsvd:        0
HugePages_Surp:        0
Hugepagesize:       2048 kB
Hugetlb:               0 kB
DirectMap4k:     2118464 kB
DirectMap2M:     5857280 kB
DirectMap1G:    58720256 kB

