MemTotal:       65439348 kB
MemFree:        64187088 kB
MemAvailable:   63963544 kB
Buffers:           41568 kB
Cached:           311004 kB
SwapCached:            0 kB
Active:           137004 kB
Inactive:         283792 kB
Active(anon):       3248 kB
Inactive(anon):    80456 kB
Active(file):     133756 kB
Inactive(file):   203336 kB
Unevictable:       19496 kB
Mlocked:           19496 kB
SwapTotal:       1996796 kB
SwapFree:        1996796 kB
Dirty:               556 kB
Writeback:             0 kB
AnonPages:         87300 kB
Mapped:            88040 kB
Shmem:              6380 kB
KReclaimable:      71352 kB
Slab:             296668 kB
SReclaimable:      71352 kB
SUnreclaim:       225316 kB
KernelStack:       10272 kB
PageTables:         2712 kB
NFS_Unstable:          0 kB
Bounce:                0 kB
WritebackTmp:          0 kB
CommitLimit:    34716468 kB
Committed_AS:     837612 kB
VmallocTotal:   34359738367 kB
VmallocUsed:       39636 kB
VmallocChunk:          0 kB
Percpu:           126144 kB
HardwareCorrupted:     0 kB
AnonHugePages:         0 kB
ShmemHugePages:        0 kB
ShmemPmdMapped:        0 kB
FileHugePages:         0 kB
FilePmdMapped:         0 kB
HugePages_Total:       0
HugePages_Free:        0
HugePages_Rsvd:        0
HugePages_Surp:        0
Hugepagesize:       2048 kB
Hugetlb:               0 kB
DirectMap4k:     2675520 kB
DirectMap2M:     5300224 kB
DirectMap1G:    58720256 kB

