MemTotal:       65439348 kB
MemFree:        64166052 kB
MemAvailable:   63952448 kB
Buffers:           42820 kB
Cached:           319164 kB
SwapCached:            0 kB
Active:           138228 kB
Inactive:         290372 kB
Active(anon):       3232 kB
Inactive(anon):    78880 kB
Active(file):     134996 kB
Inactive(file):   211492 kB
Unevictable:       19496 kB
Mlocked:           19496 kB
SwapTotal:       1996796 kB
SwapFree:        1996796 kB
Dirty:               612 kB
Writeback:             0 kB
AnonPages:         86076 kB
Mapped:            88828 kB
Shmem:              6384 kB
KReclaimable:      72440 kB
Slab:             299420 kB
SReclaimable:      72440 kB
SUnreclaim:       226980 kB
KernelStack:        9968 kB
PageTables:         2288 kB
NFS_Unstable:          0 kB
Bounce:                0 kB
WritebackTmp:          0 kB
CommitLimit:    34716468 kB
Committed_AS:     837616 kB
VmallocTotal:   34359738367 kB
VmallocUsed:       40104 kB
VmallocChunk:          0 kB
Percpu:           135168 kB
HardwareCorrupted:     0 kB
AnonHugePages:         0 kB
ShmemHugePages:        0 kB
ShmemPmdMapped:        0 kB
FileHugePages:         0 kB
FilePmdMapped:         0 kB
HugePages_Total:       0
HugePages_Free:        0
HugePages_Rsvd:        0
HugePages_Surp:        0
Hugepagesize:       2048 kB
Hugetlb:               0 kB
DirectMap4k:     2693952 kB
DirectMap2M:     5281792 kB
DirectMap1G:    58720256 kB

