MemTotal:       65439348 kB
MemFree:        63732380 kB
MemAvailable:   63826824 kB
Buffers:           56700 kB
Cached:           605740 kB
SwapCached:            0 kB
Active:           204632 kB
Inactive:         523768 kB
Active(anon):       3252 kB
Inactive(anon):    78236 kB
Active(file):     201380 kB
Inactive(file):   445532 kB
Unevictable:       19496 kB
Mlocked:           19496 kB
SwapTotal:       1996796 kB
SwapFree:        1996796 kB
Dirty:               632 kB
Writeback:             0 kB
AnonPages:         86100 kB
Mapped:            96664 kB
Shmem:              6380 kB
KReclaimable:      87684 kB
Slab:             325356 kB
SReclaimable:      87684 kB
SUnreclaim:       237672 kB
KernelStack:       10080 kB
PageTables:         2600 kB
NFS_Unstable:          0 kB
Bounce:                0 kB
WritebackTmp:          0 kB
CommitLimit:    34716468 kB
Committed_AS:     854040 kB
VmallocTotal:   34359738367 kB
VmallocUsed:       44572 kB
VmallocChunk:          0 kB
Percpu:           235776 kB
HardwareCorrupted:     0 kB
AnonHugePages:         0 kB
ShmemHugePages:        0 kB
ShmemPmdMapped:        0 kB
FileHugePages:         0 kB
FilePmdMapped:         0 kB
HugePages_Total:       0
HugePages_Free:        0
HugePages_Rsvd:        0
HugePages_Surp:        0
Hugepagesize:       2048 kB
Hugetlb:               0 kB
DirectMap4k:     2812736 kB
DirectMap2M:     5163008 kB
DirectMap1G:    58720256 kB

