MemTotal:       65439348 kB
MemFree:        64254076 kB
MemAvailable:   63992460 kB
Buffers:           38268 kB
Cached:           277788 kB
SwapCached:            0 kB
Active:           131032 kB
Inactive:         245052 kB
Active(anon):       3212 kB
Inactive(anon):    72332 kB
Active(file):     127820 kB
Inactive(file):   172720 kB
Unevictable:       19496 kB
Mlocked:           19496 kB
SwapTotal:       1996796 kB
SwapFree:        1996796 kB
Dirty:               288 kB
Writeback:             0 kB
AnonPages:         79652 kB
Mapped:            76916 kB
Shmem:              6376 kB
KReclaimable:      68308 kB
Slab:             291888 kB
SReclaimable:      68308 kB
SUnreclaim:       223580 kB
KernelStack:       10032 kB
PageTables:         2408 kB
NFS_Unstable:          0 kB
Bounce:                0 kB
WritebackTmp:          0 kB
CommitLimit:    34716468 kB
Committed_AS:     790744 kB
VmallocTotal:   34359738367 kB
VmallocUsed:       38532 kB
VmallocChunk:          0 kB
Percpu:           105600 kB
HardwareCorrupted:     0 kB
AnonHugePages:         0 kB
ShmemHugePages:        0 kB
ShmemPmdMapped:        0 kB
FileHugePages:         0 kB
FilePmdMapped:         0 kB
HugePages_Total:       0
HugePages_Free:        0
HugePages_Rsvd:        0
HugePages_Surp:        0
Hugepagesize:       2048 kB
Hugetlb:               0 kB
DirectMap4k:     2548544 kB
DirectMap2M:     5427200 kB
DirectMap1G:    58720256 kB

