MemTotal:       65439348 kB
MemFree:        63930028 kB
MemAvailable:   63932288 kB
Buffers:           45464 kB
Cached:           529880 kB
SwapCached:            0 kB
Active:           153792 kB
Inactive:         483092 kB
Active(anon):       3260 kB
Inactive(anon):    73756 kB
Active(file):     150532 kB
Inactive(file):   409336 kB
Unevictable:       19496 kB
Mlocked:           19496 kB
SwapTotal:       1996796 kB
SwapFree:        1996796 kB
Dirty:               652 kB
Writeback:             0 kB
AnonPages:         81160 kB
Mapped:            81244 kB
Shmem:              6376 kB
KReclaimable:      77404 kB
Slab:             307168 kB
SReclaimable:      77404 kB
SUnreclaim:       229764 kB
KernelStack:       10160 kB
PageTables:         2636 kB
NFS_Unstable:          0 kB
Bounce:                0 kB
WritebackTmp:          0 kB
CommitLimit:    34716468 kB
Committed_AS:     791008 kB
VmallocTotal:   34359738367 kB
VmallocUsed:       40564 kB
VmallocChunk:          0 kB
Percpu:           154944 kB
HardwareCorrupted:     0 kB
AnonHugePages:         0 kB
ShmemHugePages:        0 kB
ShmemPmdMapped:        0 kB
FileHugePages:         0 kB
FilePmdMapped:         0 kB
HugePages_Total:       0
HugePages_Free:        0
HugePages_Rsvd:        0
HugePages_Surp:        0
Hugepagesize:       2048 kB
Hugetlb:               0 kB
DirectMap4k:     2716480 kB
DirectMap2M:     5259264 kB
DirectMap1G:    58720256 kB

