MemTotal:       65439348 kB
MemFree:        63715124 kB
MemAvailable:   63821196 kB
Buffers:           58112 kB
Cached:           615316 kB
SwapCached:            0 kB
Active:           211036 kB
Inactive:         524580 kB
Active(anon):       3252 kB
Inactive(anon):    74412 kB
Active(file):     207784 kB
Inactive(file):   450168 kB
Unevictable:       19496 kB
Mlocked:           19496 kB
SwapTotal:       1996796 kB
SwapFree:        1996796 kB
Dirty:               116 kB
Writeback:           232 kB
AnonPages:         81876 kB
Mapped:            88120 kB
Shmem:              6376 kB
KReclaimable:      88860 kB
Slab:             326592 kB
SReclaimable:      88860 kB
SUnreclaim:       237732 kB
KernelStack:       10096 kB
PageTables:         2712 kB
NFS_Unstable:          0 kB
Bounce:                0 kB
WritebackTmp:          0 kB
CommitLimit:    34716468 kB
Committed_AS:     807648 kB
VmallocTotal:   34359738367 kB
VmallocUsed:       44388 kB
VmallocChunk:          0 kB
Percpu:           245952 kB
HardwareCorrupted:     0 kB
AnonHugePages:         0 kB
ShmemHugePages:        0 kB
ShmemPmdMapped:        0 kB
FileHugePages:         0 kB
FilePmdMapped:         0 kB
HugePages_Total:       0
HugePages_Free:        0
HugePages_Rsvd:        0
HugePages_Surp:        0
Hugepagesize:       2048 kB
Hugetlb:               0 kB
DirectMap4k:     2825024 kB
DirectMap2M:     5150720 kB
DirectMap1G:    58720256 kB

