MemTotal:       65439348 kB
MemFree:        64180908 kB
MemAvailable:   63959152 kB
Buffers:           41780 kB
Cached:           312492 kB
SwapCached:            0 kB
Active:           137204 kB
Inactive:         283140 kB
Active(anon):       3244 kB
Inactive(anon):    78320 kB
Active(file):     133960 kB
Inactive(file):   204820 kB
Unevictable:       19496 kB
Mlocked:           19496 kB
SwapTotal:       1996796 kB
SwapFree:        1996796 kB
Dirty:               732 kB
Writeback:             0 kB
AnonPages:         85716 kB
Mapped:            88184 kB
Shmem:              6380 kB
KReclaimable:      71552 kB
Slab:             297820 kB
SReclaimable:      71552 kB
SUnreclaim:       226268 kB
KernelStack:       10096 kB
PageTables:         2576 kB
NFS_Unstable:          0 kB
Bounce:                0 kB
WritebackTmp:          0 kB
CommitLimit:    34716468 kB
Committed_AS:     838000 kB
VmallocTotal:   34359738367 kB
VmallocUsed:       39700 kB
VmallocChunk:          0 kB
Percpu:           128064 kB
HardwareCorrupted:     0 kB
AnonHugePages:         0 kB
ShmemHugePages:        0 kB
ShmemPmdMapped:        0 kB
FileHugePages:         0 kB
FilePmdMapped:         0 kB
HugePages_Total:       0
HugePages_Free:        0
HugePages_Rsvd:        0
HugePages_Surp:        0
Hugepagesize:       2048 kB
Hugetlb:               0 kB
DirectMap4k:     2681664 kB
DirectMap2M:     5294080 kB
DirectMap1G:    58720256 kB

