MemTotal:       65439348 kB
MemFree:        64141500 kB
MemAvailable:   63939484 kB
Buffers:           44220 kB
Cached:           328588 kB
SwapCached:            0 kB
Active:           139984 kB
Inactive:         299244 kB
Active(anon):       3256 kB
Inactive(anon):    78648 kB
Active(file):     136728 kB
Inactive(file):   220596 kB
Unevictable:       19496 kB
Mlocked:           19496 kB
SwapTotal:       1996796 kB
SwapFree:        1996796 kB
Dirty:               840 kB
Writeback:             0 kB
AnonPages:         85892 kB
Mapped:            89536 kB
Shmem:              6384 kB
KReclaimable:      73944 kB
Slab:             302024 kB
SReclaimable:      73944 kB
SUnreclaim:       228080 kB
KernelStack:       10112 kB
PageTables:         2532 kB
NFS_Unstable:          0 kB
Bounce:                0 kB
WritebackTmp:          0 kB
CommitLimit:    34716468 kB
Committed_AS:     837868 kB
VmallocTotal:   34359738367 kB
VmallocUsed:       40812 kB
VmallocChunk:          0 kB
Percpu:           146112 kB
HardwareCorrupted:     0 kB
AnonHugePages:         0 kB
ShmemHugePages:        0 kB
ShmemPmdMapped:        0 kB
FileHugePages:         0 kB
FilePmdMapped:         0 kB
HugePages_Total:       0
HugePages_Free:        0
HugePages_Rsvd:        0
HugePages_Surp:        0
Hugepagesize:       2048 kB
Hugetlb:               0 kB
DirectMap4k:     2706240 kB
DirectMap2M:     5269504 kB
DirectMap1G:    58720256 kB

