MemTotal:       65439348 kB
MemFree:        64282828 kB
MemAvailable:   64006860 kB
Buffers:           36480 kB
Cached:           265884 kB
SwapCached:            0 kB
Active:           129292 kB
Inactive:         233216 kB
Active(anon):       3216 kB
Inactive(anon):    72412 kB
Active(file):     126076 kB
Inactive(file):   160804 kB
Unevictable:       19496 kB
Mlocked:           19496 kB
SwapTotal:       1996796 kB
SwapFree:        1996796 kB
Dirty:               864 kB
Writeback:             0 kB
AnonPages:         79720 kB
Mapped:            75656 kB
Shmem:              6376 kB
KReclaimable:      66924 kB
Slab:             289428 kB
SReclaimable:      66924 kB
SUnreclaim:       222504 kB
KernelStack:        9968 kB
PageTables:         2392 kB
NFS_Unstable:          0 kB
Bounce:                0 kB
WritebackTmp:          0 kB
CommitLimit:    34716468 kB
Committed_AS:     790616 kB
VmallocTotal:   34359738367 kB
VmallocUsed:       38500 kB
VmallocChunk:          0 kB
Percpu:            96576 kB
HardwareCorrupted:     0 kB
AnonHugePages:         0 kB
ShmemHugePages:        0 kB
ShmemPmdMapped:        0 kB
FileHugePages:         0 kB
FilePmdMapped:         0 kB
HugePages_Total:       0
HugePages_Free:        0
HugePages_Rsvd:        0
HugePages_Surp:        0
Hugepagesize:       2048 kB
Hugetlb:               0 kB
DirectMap4k:     2356032 kB
DirectMap2M:     5619712 kB
DirectMap1G:    58720256 kB

