MemTotal:       65439348 kB
MemFree:        63768568 kB
MemAvailable:   63845392 kB
Buffers:           54460 kB
Cached:           591216 kB
SwapCached:            0 kB
Active:           202452 kB
Inactive:         511504 kB
Active(anon):       3264 kB
Inactive(anon):    80492 kB
Active(file):     199188 kB
Inactive(file):   431012 kB
Unevictable:       19496 kB
Mlocked:           19496 kB
SwapTotal:       1996796 kB
SwapFree:        1996796 kB
Dirty:               864 kB
Writeback:             0 kB
AnonPages:         87472 kB
Mapped:            95672 kB
Shmem:              6376 kB
KReclaimable:      85868 kB
Slab:             321944 kB
SReclaimable:      85868 kB
SUnreclaim:       236076 kB
KernelStack:       10096 kB
PageTables:         2780 kB
NFS_Unstable:          0 kB
Bounce:                0 kB
WritebackTmp:          0 kB
CommitLimit:    34716468 kB
Committed_AS:     854040 kB
VmallocTotal:   34359738367 kB
VmallocUsed:       43412 kB
VmallocChunk:          0 kB
Percpu:           220224 kB
HardwareCorrupted:     0 kB
AnonHugePages:         0 kB
ShmemHugePages:        0 kB
ShmemPmdMapped:        0 kB
FileHugePages:         0 kB
FilePmdMapped:         0 kB
HugePages_Total:       0
HugePages_Free:        0
HugePages_Rsvd:        0
HugePages_Surp:        0
Hugepagesize:       2048 kB
Hugetlb:               0 kB
DirectMap4k:     2794304 kB
DirectMap2M:     5181440 kB
DirectMap1G:    58720256 kB

