MemTotal:       65439348 kB
MemFree:        63697836 kB
MemAvailable:   63813032 kB
Buffers:           59156 kB
Cached:           622820 kB
SwapCached:            0 kB
Active:           212072 kB
Inactive:         532128 kB
Active(anon):       3248 kB
Inactive(anon):    74452 kB
Active(file):     208824 kB
Inactive(file):   457676 kB
Unevictable:       19496 kB
Mlocked:           19496 kB
SwapTotal:       1996796 kB
SwapFree:        1996796 kB
Dirty:               312 kB
Writeback:             0 kB
AnonPages:         81276 kB
Mapped:            89048 kB
Shmem:              6376 kB
KReclaimable:      90012 kB
Slab:             329528 kB
SReclaimable:      90012 kB
SUnreclaim:       239516 kB
KernelStack:       10048 kB
PageTables:         2464 kB
NFS_Unstable:          0 kB
Bounce:                0 kB
WritebackTmp:          0 kB
CommitLimit:    34716468 kB
Committed_AS:     808040 kB
VmallocTotal:   34359738367 kB
VmallocUsed:       44840 kB
VmallocChunk:          0 kB
Percpu:           254400 kB
HardwareCorrupted:     0 kB
AnonHugePages:         0 kB
ShmemHugePages:        0 kB
ShmemPmdMapped:        0 kB
FileHugePages:         0 kB
FilePmdMapped:         0 kB
HugePages_Total:       0
HugePages_Free:        0
HugePages_Rsvd:        0
HugePages_Surp:        0
Hugepagesize:       2048 kB
Hugetlb:               0 kB
DirectMap4k:     2835264 kB
DirectMap2M:     5140480 kB
DirectMap1G:    58720256 kB

