MemTotal:       65439348 kB
MemFree:        63765592 kB
MemAvailable:   63843924 kB
Buffers:           54612 kB
Cached:           592528 kB
SwapCached:            0 kB
Active:           202572 kB
Inactive:         511432 kB
Active(anon):       3248 kB
Inactive(anon):    79112 kB
Active(file):     199324 kB
Inactive(file):   432320 kB
Unevictable:       19496 kB
Mlocked:           19496 kB
SwapTotal:       1996796 kB
SwapFree:        1996796 kB
Dirty:               408 kB
Writeback:             0 kB
AnonPages:         86424 kB
Mapped:            96192 kB
Shmem:              6380 kB
KReclaimable:      85996 kB
Slab:             322580 kB
SReclaimable:      85996 kB
SUnreclaim:       236584 kB
KernelStack:       10208 kB
PageTables:         2880 kB
NFS_Unstable:          0 kB
Bounce:                0 kB
WritebackTmp:          0 kB
CommitLimit:    34716468 kB
Committed_AS:     854036 kB
VmallocTotal:   34359738367 kB
VmallocUsed:       43540 kB
VmallocChunk:          0 kB
Percpu:           221376 kB
HardwareCorrupted:     0 kB
AnonHugePages:         0 kB
ShmemHugePages:        0 kB
ShmemPmdMapped:        0 kB
FileHugePages:         0 kB
FilePmdMapped:         0 kB
HugePages_Total:       0
HugePages_Free:        0
HugePages_Rsvd:        0
HugePages_Surp:        0
Hugepagesize:       2048 kB
Hugetlb:               0 kB
DirectMap4k:     2796352 kB
DirectMap2M:     5179392 kB
DirectMap1G:    58720256 kB

