MemTotal:       65439348 kB
MemFree:        63743488 kB
MemAvailable:   63833300 kB
Buffers:           56160 kB
Cached:           601900 kB
SwapCached:            0 kB
Active:           204092 kB
Inactive:         519832 kB
Active(anon):       3244 kB
Inactive(anon):    78140 kB
Active(file):     200848 kB
Inactive(file):   441692 kB
Unevictable:       19496 kB
Mlocked:           19496 kB
SwapTotal:       1996796 kB
SwapFree:        1996796 kB
Dirty:               740 kB
Writeback:             0 kB
AnonPages:         85524 kB
Mapped:            96356 kB
Shmem:              6380 kB
KReclaimable:      87164 kB
Slab:             324116 kB
SReclaimable:      87164 kB
SUnreclaim:       236952 kB
KernelStack:       10160 kB
PageTables:         2620 kB
NFS_Unstable:          0 kB
Bounce:                0 kB
WritebackTmp:          0 kB
CommitLimit:    34716468 kB
Committed_AS:     854424 kB
VmallocTotal:   34359738367 kB
VmallocUsed:       44024 kB
VmallocChunk:          0 kB
Percpu:           230976 kB
HardwareCorrupted:     0 kB
AnonHugePages:         0 kB
ShmemHugePages:        0 kB
ShmemPmdMapped:        0 kB
FileHugePages:         0 kB
FilePmdMapped:         0 kB
HugePages_Total:       0
HugePages_Free:        0
HugePages_Rsvd:        0
HugePages_Surp:        0
Hugepagesize:       2048 kB
Hugetlb:               0 kB
DirectMap4k:     2808640 kB
DirectMap2M:     5167104 kB
DirectMap1G:    58720256 kB

