MemTotal:       65439348 kB
MemFree:        63883420 kB
MemAvailable:   63909236 kB
Buffers:           48288 kB
Cached:           549380 kB
SwapCached:            0 kB
Active:           156608 kB
Inactive:         502112 kB
Active(anon):       3252 kB
Inactive(anon):    73284 kB
Active(file):     153356 kB
Inactive(file):   428828 kB
Unevictable:       19496 kB
Mlocked:           19496 kB
SwapTotal:       1996796 kB
SwapFree:        1996796 kB
Dirty:               928 kB
Writeback:             0 kB
AnonPages:         81060 kB
Mapped:            83088 kB
Shmem:              6380 kB
KReclaimable:      79888 kB
Slab:             310212 kB
SReclaimable:      79888 kB
SUnreclaim:       230324 kB
KernelStack:        9968 kB
PageTables:         2120 kB
NFS_Unstable:          0 kB
Bounce:                0 kB
WritebackTmp:          0 kB
CommitLimit:    34716468 kB
Committed_AS:     799200 kB
VmallocTotal:   34359738367 kB
VmallocUsed:       41616 kB
VmallocChunk:          0 kB
Percpu:           176064 kB
HardwareCorrupted:     0 kB
AnonHugePages:         0 kB
ShmemHugePages:        0 kB
ShmemPmdMapped:        0 kB
FileHugePages:         0 kB
FilePmdMapped:         0 kB
HugePages_Total:       0
HugePages_Free:        0
HugePages_Rsvd:        0
HugePages_Surp:        0
Hugepagesize:       2048 kB
Hugetlb:               0 kB
DirectMap4k:     2741056 kB
DirectMap2M:     5234688 kB
DirectMap1G:    58720256 kB

