MemTotal:       65439348 kB
MemFree:        63780316 kB
MemAvailable:   63855028 kB
Buffers:           54216 kB
Cached:           589540 kB
SwapCached:            0 kB
Active:           201500 kB
Inactive:         505664 kB
Active(anon):       3248 kB
Inactive(anon):    75680 kB
Active(file):     198252 kB
Inactive(file):   429984 kB
Unevictable:       19496 kB
Mlocked:           19496 kB
SwapTotal:       1996796 kB
SwapFree:        1996796 kB
Dirty:               644 kB
Writeback:             0 kB
AnonPages:         82604 kB
Mapped:            87012 kB
Shmem:              6376 kB
KReclaimable:      85572 kB
Slab:             320284 kB
SReclaimable:      85572 kB
SUnreclaim:       234712 kB
KernelStack:       10128 kB
PageTables:         2588 kB
NFS_Unstable:          0 kB
Bounce:                0 kB
WritebackTmp:          0 kB
CommitLimit:    34716468 kB
Committed_AS:     807648 kB
VmallocTotal:   34359738367 kB
VmallocUsed:       43228 kB
VmallocChunk:          0 kB
Percpu:           218304 kB
HardwareCorrupted:     0 kB
AnonHugePages:         0 kB
ShmemHugePages:        0 kB
ShmemPmdMapped:        0 kB
FileHugePages:         0 kB
FilePmdMapped:         0 kB
HugePages_Total:       0
HugePages_Free:        0
HugePages_Rsvd:        0
HugePages_Surp:        0
Hugepagesize:       2048 kB
Hugetlb:               0 kB
DirectMap4k:     2790208 kB
DirectMap2M:     5185536 kB
DirectMap1G:    58720256 kB

