MemTotal:       65439348 kB
MemFree:        63749268 kB
MemAvailable:   63836028 kB
Buffers:           55804 kB
Cached:           599356 kB
SwapCached:            0 kB
Active:           203784 kB
Inactive:         519036 kB
Active(anon):       3252 kB
Inactive(anon):    79892 kB
Active(file):     200532 kB
Inactive(file):   439144 kB
Unevictable:       19496 kB
Mlocked:           19496 kB
SwapTotal:       1996796 kB
SwapFree:        1996796 kB
Dirty:               928 kB
Writeback:             0 kB
AnonPages:         87700 kB
Mapped:            97100 kB
Shmem:              6384 kB
KReclaimable:      86788 kB
Slab:             323152 kB
SReclaimable:      86788 kB
SUnreclaim:       236364 kB
KernelStack:       10192 kB
PageTables:         2828 kB
NFS_Unstable:          0 kB
Bounce:                0 kB
WritebackTmp:          0 kB
CommitLimit:    34716468 kB
Committed_AS:     854036 kB
VmallocTotal:   34359738367 kB
VmallocUsed:       44024 kB
VmallocChunk:          0 kB
Percpu:           228672 kB
HardwareCorrupted:     0 kB
AnonHugePages:         0 kB
ShmemHugePages:        0 kB
ShmemPmdMapped:        0 kB
FileHugePages:         0 kB
FilePmdMapped:         0 kB
HugePages_Total:       0
HugePages_Free:        0
HugePages_Rsvd:        0
HugePages_Surp:        0
Hugepagesize:       2048 kB
Hugetlb:               0 kB
DirectMap4k:     2802496 kB
DirectMap2M:     5173248 kB
DirectMap1G:    58720256 kB

