MemTotal:       65439348 kB
MemFree:        63772248 kB
MemAvailable:   63848668 kB
Buffers:           54412 kB
Cached:           590872 kB
SwapCached:            0 kB
Active:           202388 kB
Inactive:         510176 kB
Active(anon):       3252 kB
Inactive(anon):    79508 kB
Active(file):     199136 kB
Inactive(file):   430668 kB
Unevictable:       19496 kB
Mlocked:           19496 kB
SwapTotal:       1996796 kB
SwapFree:        1996796 kB
Dirty:               596 kB
Writeback:             0 kB
AnonPages:         86864 kB
Mapped:            96048 kB
Shmem:              6380 kB
KReclaimable:      85856 kB
Slab:             321228 kB
SReclaimable:      85856 kB
SUnreclaim:       235372 kB
KernelStack:       10320 kB
PageTables:         2632 kB
NFS_Unstable:          0 kB
Bounce:                0 kB
WritebackTmp:          0 kB
CommitLimit:    34716468 kB
Committed_AS:     854036 kB
VmallocTotal:   34359738367 kB
VmallocUsed:       43428 kB
VmallocChunk:          0 kB
Percpu:           219648 kB
HardwareCorrupted:     0 kB
AnonHugePages:         0 kB
ShmemHugePages:        0 kB
ShmemPmdMapped:        0 kB
FileHugePages:         0 kB
FilePmdMapped:         0 kB
HugePages_Total:       0
HugePages_Free:        0
HugePages_Rsvd:        0
HugePages_Surp:        0
Hugepagesize:       2048 kB
Hugetlb:               0 kB
DirectMap4k:     2794304 kB
DirectMap2M:     5181440 kB
DirectMap1G:    58720256 kB

