MemTotal:       65439348 kB
MemFree:        63899368 kB
MemAvailable:   63916356 kB
Buffers:           47228 kB
Cached:           542072 kB
SwapCached:            0 kB
Active:           155556 kB
Inactive:         494276 kB
Active(anon):       3264 kB
Inactive(anon):    72748 kB
Active(file):     152292 kB
Inactive(file):   421528 kB
Unevictable:       19496 kB
Mlocked:           19496 kB
SwapTotal:       1996796 kB
SwapFree:        1996796 kB
Dirty:               788 kB
Writeback:             0 kB
AnonPages:         80092 kB
Mapped:            82464 kB
Shmem:              6376 kB
KReclaimable:      78956 kB
Slab:             308408 kB
SReclaimable:      78956 kB
SUnreclaim:       229452 kB
KernelStack:       10032 kB
PageTables:         2644 kB
NFS_Unstable:          0 kB
Bounce:                0 kB
WritebackTmp:          0 kB
CommitLimit:    34716468 kB
Committed_AS:     799588 kB
VmallocTotal:   34359738367 kB
VmallocUsed:       41228 kB
VmallocChunk:          0 kB
Percpu:           168192 kB
HardwareCorrupted:     0 kB
AnonHugePages:         0 kB
ShmemHugePages:        0 kB
ShmemPmdMapped:        0 kB
FileHugePages:         0 kB
FilePmdMapped:         0 kB
HugePages_Total:       0
HugePages_Free:        0
HugePages_Rsvd:        0
HugePages_Surp:        0
Hugepagesize:       2048 kB
Hugetlb:               0 kB
DirectMap4k:     2732864 kB
DirectMap2M:     5242880 kB
DirectMap1G:    58720256 kB

