MemTotal:       65439348 kB
MemFree:        63721100 kB
MemAvailable:   63822092 kB
Buffers:           57516 kB
Cached:           611092 kB
SwapCached:            0 kB
Active:           205444 kB
Inactive:         530496 kB
Active(anon):       3244 kB
Inactive(anon):    79604 kB
Active(file):     202200 kB
Inactive(file):   450892 kB
Unevictable:       19496 kB
Mlocked:           19496 kB
SwapTotal:       1996796 kB
SwapFree:        1996796 kB
Dirty:               228 kB
Writeback:             0 kB
AnonPages:         86808 kB
Mapped:            97208 kB
Shmem:              6384 kB
KReclaimable:      88420 kB
Slab:             325068 kB
SReclaimable:      88420 kB
SUnreclaim:       236648 kB
KernelStack:       10160 kB
PageTables:         2712 kB
NFS_Unstable:          0 kB
Bounce:                0 kB
WritebackTmp:          0 kB
CommitLimit:    34716468 kB
Committed_AS:     854424 kB
VmallocTotal:   34359738367 kB
VmallocUsed:       44540 kB
VmallocChunk:          0 kB
Percpu:           241344 kB
HardwareCorrupted:     0 kB
AnonHugePages:         0 kB
ShmemHugePages:        0 kB
ShmemPmdMapped:        0 kB
FileHugePages:         0 kB
FilePmdMapped:         0 kB
HugePages_Total:       0
HugePages_Free:        0
HugePages_Rsvd:        0
HugePages_Surp:        0
Hugepagesize:       2048 kB
Hugetlb:               0 kB
DirectMap4k:     2818880 kB
DirectMap2M:     5156864 kB
DirectMap1G:    58720256 kB

