MemTotal:       65439348 kB
MemFree:        64292476 kB
MemAvailable:   64007436 kB
Buffers:           35344 kB
Cached:           258472 kB
SwapCached:            0 kB
Active:           128156 kB
Inactive:         225988 kB
Active(anon):       3216 kB
Inactive(anon):    72596 kB
Active(file):     124940 kB
Inactive(file):   153392 kB
Unevictable:       19496 kB
Mlocked:           19496 kB
SwapTotal:       1996796 kB
SwapFree:        1996796 kB
Dirty:               748 kB
Writeback:             0 kB
AnonPages:         79940 kB
Mapped:            75052 kB
Shmem:              6376 kB
KReclaimable:      65876 kB
Slab:             287544 kB
SReclaimable:      65876 kB
SUnreclaim:       221668 kB
KernelStack:       10032 kB
PageTables:         2396 kB
NFS_Unstable:          0 kB
Bounce:                0 kB
WritebackTmp:          0 kB
CommitLimit:    34716468 kB
Committed_AS:     790612 kB
VmallocTotal:   34359738367 kB
VmallocUsed:       38468 kB
VmallocChunk:          0 kB
Percpu:            96576 kB
HardwareCorrupted:     0 kB
AnonHugePages:         0 kB
ShmemHugePages:        0 kB
ShmemPmdMapped:        0 kB
FileHugePages:         0 kB
FilePmdMapped:         0 kB
HugePages_Total:       0
HugePages_Free:        0
HugePages_Rsvd:        0
HugePages_Surp:        0
Hugepagesize:       2048 kB
Hugetlb:               0 kB
DirectMap4k:     2235200 kB
DirectMap2M:     5740544 kB
DirectMap1G:    58720256 kB

