MemTotal:       65439348 kB
MemFree:        63699844 kB
MemAvailable:   63812808 kB
Buffers:           58900 kB
Cached:           620988 kB
SwapCached:            0 kB
Active:           211796 kB
Inactive:         529424 kB
Active(anon):       3240 kB
Inactive(anon):    73580 kB
Active(file):     208556 kB
Inactive(file):   455844 kB
Unevictable:       19496 kB
Mlocked:           19496 kB
SwapTotal:       1996796 kB
SwapFree:        1996796 kB
Dirty:               904 kB
Writeback:             0 kB
AnonPages:         80880 kB
Mapped:            88408 kB
Shmem:              6372 kB
KReclaimable:      89748 kB
Slab:             329000 kB
SReclaimable:      89748 kB
SUnreclaim:       239252 kB
KernelStack:       10000 kB
PageTables:         2372 kB
NFS_Unstable:          0 kB
Bounce:                0 kB
WritebackTmp:          0 kB
CommitLimit:    34716468 kB
Committed_AS:     807652 kB
VmallocTotal:   34359738367 kB
VmallocUsed:       44904 kB
VmallocChunk:          0 kB
Percpu:           252096 kB
HardwareCorrupted:     0 kB
AnonHugePages:         0 kB
ShmemHugePages:        0 kB
ShmemPmdMapped:        0 kB
FileHugePages:         0 kB
FilePmdMapped:         0 kB
HugePages_Total:       0
HugePages_Free:        0
HugePages_Rsvd:        0
HugePages_Surp:        0
Hugepagesize:       2048 kB
Hugetlb:               0 kB
DirectMap4k:     2833216 kB
DirectMap2M:     5142528 kB
DirectMap1G:    58720256 kB

