MemTotal:       65439348 kB
MemFree:        63895680 kB
MemAvailable:   63914968 kB
Buffers:           47500 kB
Cached:           543984 kB
SwapCached:            0 kB
Active:           155804 kB
Inactive:         496188 kB
Active(anon):       3244 kB
Inactive(anon):    72748 kB
Active(file):     152560 kB
Inactive(file):   423440 kB
Unevictable:       19496 kB
Mlocked:           19496 kB
SwapTotal:       1996796 kB
SwapFree:        1996796 kB
Dirty:               772 kB
Writeback:             0 kB
AnonPages:         80100 kB
Mapped:            82232 kB
Shmem:              6376 kB
KReclaimable:      79200 kB
Slab:             308620 kB
SReclaimable:      79200 kB
SUnreclaim:       229420 kB
KernelStack:       10080 kB
PageTables:         2428 kB
NFS_Unstable:          0 kB
Bounce:                0 kB
WritebackTmp:          0 kB
CommitLimit:    34716468 kB
Committed_AS:     799592 kB
VmallocTotal:   34359738367 kB
VmallocUsed:       41228 kB
VmallocChunk:          0 kB
Percpu:           170112 kB
HardwareCorrupted:     0 kB
AnonHugePages:         0 kB
ShmemHugePages:        0 kB
ShmemPmdMapped:        0 kB
FileHugePages:         0 kB
FilePmdMapped:         0 kB
HugePages_Total:       0
HugePages_Free:        0
HugePages_Rsvd:        0
HugePages_Surp:        0
Hugepagesize:       2048 kB
Hugetlb:               0 kB
DirectMap4k:     2734912 kB
DirectMap2M:     5240832 kB
DirectMap1G:    58720256 kB

