MemTotal:       65439348 kB
MemFree:        64170692 kB
MemAvailable:   63954048 kB
Buffers:           42364 kB
Cached:           316736 kB
SwapCached:            0 kB
Active:           137792 kB
Inactive:         287288 kB
Active(anon):       3248 kB
Inactive(anon):    78216 kB
Active(file):     134544 kB
Inactive(file):   209072 kB
Unevictable:       19496 kB
Mlocked:           19496 kB
SwapTotal:       1996796 kB
SwapFree:        1996796 kB
Dirty:               128 kB
Writeback:             0 kB
AnonPages:         85540 kB
Mapped:            88472 kB
Shmem:              6380 kB
KReclaimable:      72100 kB
Slab:             299032 kB
SReclaimable:      72100 kB
SUnreclaim:       226932 kB
KernelStack:       10112 kB
PageTables:         2576 kB
NFS_Unstable:          0 kB
Bounce:                0 kB
WritebackTmp:          0 kB
CommitLimit:    34716468 kB
Committed_AS:     838000 kB
VmallocTotal:   34359738367 kB
VmallocUsed:       40264 kB
VmallocChunk:          0 kB
Percpu:           132864 kB
HardwareCorrupted:     0 kB
AnonHugePages:         0 kB
ShmemHugePages:        0 kB
ShmemPmdMapped:        0 kB
FileHugePages:         0 kB
FilePmdMapped:         0 kB
HugePages_Total:       0
HugePages_Free:        0
HugePages_Rsvd:        0
HugePages_Surp:        0
Hugepagesize:       2048 kB
Hugetlb:               0 kB
DirectMap4k:     2689856 kB
DirectMap2M:     5285888 kB
DirectMap1G:    58720256 kB

