MemTotal:       65439348 kB
MemFree:        63774728 kB
MemAvailable:   63850984 kB
Buffers:           54392 kB
Cached:           590748 kB
SwapCached:            0 kB
Active:           202352 kB
Inactive:         508536 kB
Active(anon):       3248 kB
Inactive(anon):    77992 kB
Active(file):     199104 kB
Inactive(file):   430544 kB
Unevictable:       19496 kB
Mlocked:           19496 kB
SwapTotal:       1996796 kB
SwapFree:        1996796 kB
Dirty:               836 kB
Writeback:             0 kB
AnonPages:         85244 kB
Mapped:            95364 kB
Shmem:              6376 kB
KReclaimable:      85840 kB
Slab:             321052 kB
SReclaimable:      85840 kB
SUnreclaim:       235212 kB
KernelStack:       10112 kB
PageTables:         2056 kB
NFS_Unstable:          0 kB
Bounce:                0 kB
WritebackTmp:          0 kB
CommitLimit:    34716468 kB
Committed_AS:     854040 kB
VmallocTotal:   34359738367 kB
VmallocUsed:       43572 kB
VmallocChunk:          0 kB
Percpu:           219648 kB
HardwareCorrupted:     0 kB
AnonHugePages:         0 kB
ShmemHugePages:        0 kB
ShmemPmdMapped:        0 kB
FileHugePages:         0 kB
FilePmdMapped:         0 kB
HugePages_Total:       0
HugePages_Free:        0
HugePages_Rsvd:        0
HugePages_Surp:        0
Hugepagesize:       2048 kB
Hugetlb:               0 kB
DirectMap4k:     2794304 kB
DirectMap2M:     5181440 kB
DirectMap1G:    58720256 kB

