MemTotal:       65439348 kB
MemFree:        63910128 kB
MemAvailable:   63921684 kB
Buffers:           46612 kB
Cached:           537544 kB
SwapCached:            0 kB
Active:           154916 kB
Inactive:         490416 kB
Active(anon):       3240 kB
Inactive(anon):    73416 kB
Active(file):     151676 kB
Inactive(file):   417000 kB
Unevictable:       19496 kB
Mlocked:           19496 kB
SwapTotal:       1996796 kB
SwapFree:        1996796 kB
Dirty:               736 kB
Writeback:             0 kB
AnonPages:         80660 kB
Mapped:            81752 kB
Shmem:              6376 kB
KReclaimable:      78380 kB
Slab:             307856 kB
SReclaimable:      78380 kB
SUnreclaim:       229476 kB
KernelStack:        9952 kB
PageTables:         2320 kB
NFS_Unstable:          0 kB
Bounce:                0 kB
WritebackTmp:          0 kB
CommitLimit:    34716468 kB
Committed_AS:     799204 kB
VmallocTotal:   34359738367 kB
VmallocUsed:       41068 kB
VmallocChunk:          0 kB
Percpu:           163392 kB
HardwareCorrupted:     0 kB
AnonHugePages:         0 kB
ShmemHugePages:        0 kB
ShmemPmdMapped:        0 kB
FileHugePages:         0 kB
FilePmdMapped:         0 kB
HugePages_Total:       0
HugePages_Free:        0
HugePages_Rsvd:        0
HugePages_Surp:        0
Hugepagesize:       2048 kB
Hugetlb:               0 kB
DirectMap4k:     2726720 kB
DirectMap2M:     5249024 kB
DirectMap1G:    58720256 kB

