MemTotal:       65439348 kB
MemFree:        64162964 kB
MemAvailable:   63950120 kB
Buffers:           42908 kB
Cached:           319804 kB
SwapCached:            0 kB
Active:           138340 kB
Inactive:         290280 kB
Active(anon):       3248 kB
Inactive(anon):    78144 kB
Active(file):     135092 kB
Inactive(file):   212136 kB
Unevictable:       19496 kB
Mlocked:           19496 kB
SwapTotal:       1996796 kB
SwapFree:        1996796 kB
Dirty:               744 kB
Writeback:             0 kB
AnonPages:         85520 kB
Mapped:            88784 kB
Shmem:              6380 kB
KReclaimable:      72480 kB
Slab:             299372 kB
SReclaimable:      72480 kB
SUnreclaim:       226892 kB
KernelStack:       10080 kB
PageTables:         2572 kB
NFS_Unstable:          0 kB
Bounce:                0 kB
WritebackTmp:          0 kB
CommitLimit:    34716468 kB
Committed_AS:     838004 kB
VmallocTotal:   34359738367 kB
VmallocUsed:       40264 kB
VmallocChunk:          0 kB
Percpu:           136320 kB
HardwareCorrupted:     0 kB
AnonHugePages:         0 kB
ShmemHugePages:        0 kB
ShmemPmdMapped:        0 kB
FileHugePages:         0 kB
FilePmdMapped:         0 kB
HugePages_Total:       0
HugePages_Free:        0
HugePages_Rsvd:        0
HugePages_Surp:        0
Hugepagesize:       2048 kB
Hugetlb:               0 kB
DirectMap4k:     2693952 kB
DirectMap2M:     5281792 kB
DirectMap1G:    58720256 kB

