MemTotal:       65439348 kB
MemFree:        63849232 kB
MemAvailable:   63892204 kB
Buffers:           50264 kB
Cached:           563484 kB
SwapCached:            0 kB
Active:           197540 kB
Inactive:         476744 kB
Active(anon):       3244 kB
Inactive(anon):    72776 kB
Active(file):     194296 kB
Inactive(file):   403968 kB
Unevictable:       19496 kB
Mlocked:           19496 kB
SwapTotal:       1996796 kB
SwapFree:        1996796 kB
Dirty:               168 kB
Writeback:             0 kB
AnonPages:         80120 kB
Mapped:            83652 kB
Shmem:              6376 kB
KReclaimable:      82040 kB
Slab:             312716 kB
SReclaimable:      82040 kB
SUnreclaim:       230676 kB
KernelStack:        9984 kB
PageTables:         2436 kB
NFS_Unstable:          0 kB
Bounce:                0 kB
WritebackTmp:          0 kB
CommitLimit:    34716468 kB
Committed_AS:     799592 kB
VmallocTotal:   34359738367 kB
VmallocUsed:       42164 kB
VmallocChunk:          0 kB
Percpu:           189312 kB
HardwareCorrupted:     0 kB
AnonHugePages:         0 kB
ShmemHugePages:        0 kB
ShmemPmdMapped:        0 kB
FileHugePages:         0 kB
FilePmdMapped:         0 kB
HugePages_Total:       0
HugePages_Free:        0
HugePages_Rsvd:        0
HugePages_Surp:        0
Hugepagesize:       2048 kB
Hugetlb:               0 kB
DirectMap4k:     2755392 kB
DirectMap2M:     5220352 kB
DirectMap1G:    58720256 kB

