MemTotal:       65439348 kB
MemFree:        64174252 kB
MemAvailable:   63955784 kB
Buffers:           42160 kB
Cached:           315208 kB
SwapCached:            0 kB
Active:           137596 kB
Inactive:         285732 kB
Active(anon):       3248 kB
Inactive(anon):    78192 kB
Active(file):     134348 kB
Inactive(file):   207540 kB
Unevictable:       19496 kB
Mlocked:           19496 kB
SwapTotal:       1996796 kB
SwapFree:        1996796 kB
Dirty:               764 kB
Writeback:             0 kB
AnonPages:         85524 kB
Mapped:            88328 kB
Shmem:              6380 kB
KReclaimable:      71908 kB
Slab:             298340 kB
SReclaimable:      71908 kB
SUnreclaim:       226432 kB
KernelStack:       10112 kB
PageTables:         2572 kB
NFS_Unstable:          0 kB
Bounce:                0 kB
WritebackTmp:          0 kB
CommitLimit:    34716468 kB
Committed_AS:     838008 kB
VmallocTotal:   34359738367 kB
VmallocUsed:       39684 kB
VmallocChunk:          0 kB
Percpu:           130944 kB
HardwareCorrupted:     0 kB
AnonHugePages:         0 kB
ShmemHugePages:        0 kB
ShmemPmdMapped:        0 kB
FileHugePages:         0 kB
FilePmdMapped:         0 kB
HugePages_Total:       0
HugePages_Free:        0
HugePages_Rsvd:        0
HugePages_Surp:        0
Hugepagesize:       2048 kB
Hugetlb:               0 kB
DirectMap4k:     2685760 kB
DirectMap2M:     5289984 kB
DirectMap1G:    58720256 kB

