MemTotal:       65439348 kB
MemFree:        64153368 kB
MemAvailable:   63945044 kB
Buffers:           43476 kB
Cached:           323504 kB
SwapCached:            0 kB
Active:           139236 kB
Inactive:         295736 kB
Active(anon):       3252 kB
Inactive(anon):    80224 kB
Active(file):     135984 kB
Inactive(file):   215512 kB
Unevictable:       19496 kB
Mlocked:           19496 kB
SwapTotal:       1996796 kB
SwapFree:        1996796 kB
Dirty:               668 kB
Writeback:             0 kB
AnonPages:         87544 kB
Mapped:            89240 kB
Shmem:              6384 kB
KReclaimable:      72980 kB
Slab:             300788 kB
SReclaimable:      72980 kB
SUnreclaim:       227808 kB
KernelStack:       10240 kB
PageTables:         3036 kB
NFS_Unstable:          0 kB
Bounce:                0 kB
WritebackTmp:          0 kB
CommitLimit:    34716468 kB
Committed_AS:     837868 kB
VmallocTotal:   34359738367 kB
VmallocUsed:       40216 kB
VmallocChunk:          0 kB
Percpu:           140544 kB
HardwareCorrupted:     0 kB
AnonHugePages:         0 kB
ShmemHugePages:        0 kB
ShmemPmdMapped:        0 kB
FileHugePages:         0 kB
FilePmdMapped:         0 kB
HugePages_Total:       0
HugePages_Free:        0
HugePages_Rsvd:        0
HugePages_Surp:        0
Hugepagesize:       2048 kB
Hugetlb:               0 kB
DirectMap4k:     2698048 kB
DirectMap2M:     5277696 kB
DirectMap1G:    58720256 kB

