MemTotal:       65439348 kB
MemFree:        63900092 kB
MemAvailable:   63917044 kB
Buffers:           47224 kB
Cached:           542036 kB
SwapCached:            0 kB
Active:           155556 kB
Inactive:         494688 kB
Active(anon):       3264 kB
Inactive(anon):    73196 kB
Active(file):     152292 kB
Inactive(file):   421492 kB
Unevictable:       19496 kB
Mlocked:           19496 kB
SwapTotal:       1996796 kB
SwapFree:        1996796 kB
Dirty:               688 kB
Writeback:             0 kB
AnonPages:         80580 kB
Mapped:            82576 kB
Shmem:              6376 kB
KReclaimable:      78956 kB
Slab:             308448 kB
SReclaimable:      78956 kB
SUnreclaim:       229492 kB
KernelStack:       10112 kB
PageTables:         2764 kB
NFS_Unstable:          0 kB
Bounce:                0 kB
WritebackTmp:          0 kB
CommitLimit:    34716468 kB
Committed_AS:     799200 kB
VmallocTotal:   34359738367 kB
VmallocUsed:       41212 kB
VmallocChunk:          0 kB
Percpu:           168192 kB
HardwareCorrupted:     0 kB
AnonHugePages:         0 kB
ShmemHugePages:        0 kB
ShmemPmdMapped:        0 kB
FileHugePages:         0 kB
FilePmdMapped:         0 kB
HugePages_Total:       0
HugePages_Free:        0
HugePages_Rsvd:        0
HugePages_Surp:        0
Hugepagesize:       2048 kB
Hugetlb:               0 kB
DirectMap4k:     2732864 kB
DirectMap2M:     5242880 kB
DirectMap1G:    58720256 kB

