MemTotal:       65439348 kB
MemFree:        64222248 kB
MemAvailable:   63977964 kB
Buffers:           40256 kB
Cached:           292176 kB
SwapCached:            0 kB
Active:           133968 kB
Inactive:         258784 kB
Active(anon):       3220 kB
Inactive(anon):    72588 kB
Active(file):     130748 kB
Inactive(file):   186196 kB
Unevictable:       19496 kB
Mlocked:           19496 kB
SwapTotal:       1996796 kB
SwapFree:        1996796 kB
Dirty:                72 kB
Writeback:             0 kB
AnonPages:         79920 kB
Mapped:            78060 kB
Shmem:              6376 kB
KReclaimable:      70164 kB
Slab:             295132 kB
SReclaimable:      70164 kB
SUnreclaim:       224968 kB
KernelStack:       10000 kB
PageTables:         2448 kB
NFS_Unstable:          0 kB
Bounce:                0 kB
WritebackTmp:          0 kB
CommitLimit:    34716468 kB
Committed_AS:     790616 kB
VmallocTotal:   34359738367 kB
VmallocUsed:       39580 kB
VmallocChunk:          0 kB
Percpu:           120576 kB
HardwareCorrupted:     0 kB
AnonHugePages:         0 kB
ShmemHugePages:        0 kB
ShmemPmdMapped:        0 kB
FileHugePages:         0 kB
FilePmdMapped:         0 kB
HugePages_Total:       0
HugePages_Free:        0
HugePages_Rsvd:        0
HugePages_Surp:        0
Hugepagesize:       2048 kB
Hugetlb:               0 kB
DirectMap4k:     2669376 kB
DirectMap2M:     5306368 kB
DirectMap1G:    58720256 kB

