MemTotal:       65439348 kB
MemFree:        64140040 kB
MemAvailable:   63937172 kB
Buffers:           44132 kB
Cached:           327888 kB
SwapCached:            0 kB
Active:           139900 kB
Inactive:         298708 kB
Active(anon):       3264 kB
Inactive(anon):    78812 kB
Active(file):     136636 kB
Inactive(file):   219896 kB
Unevictable:       19496 kB
Mlocked:           19496 kB
SwapTotal:       1996796 kB
SwapFree:        1996796 kB
Dirty:               768 kB
Writeback:             0 kB
AnonPages:         85624 kB
Mapped:            89644 kB
Shmem:              6384 kB
KReclaimable:      73820 kB
Slab:             302428 kB
SReclaimable:      73820 kB
SUnreclaim:       228608 kB
KernelStack:       10080 kB
PageTables:         2484 kB
NFS_Unstable:          0 kB
Bounce:                0 kB
WritebackTmp:          0 kB
CommitLimit:    34716468 kB
Committed_AS:     837872 kB
VmallocTotal:   34359738367 kB
VmallocUsed:       40296 kB
VmallocChunk:          0 kB
Percpu:           144768 kB
HardwareCorrupted:     0 kB
AnonHugePages:         0 kB
ShmemHugePages:        0 kB
ShmemPmdMapped:        0 kB
FileHugePages:         0 kB
FilePmdMapped:         0 kB
HugePages_Total:       0
HugePages_Free:        0
HugePages_Rsvd:        0
HugePages_Surp:        0
Hugepagesize:       2048 kB
Hugetlb:               0 kB
DirectMap4k:     2706240 kB
DirectMap2M:     5269504 kB
DirectMap1G:    58720256 kB

