MemTotal:       65439348 kB
MemFree:        64315336 kB
MemAvailable:   64015428 kB
Buffers:           31912 kB
Cached:           251728 kB
SwapCached:            0 kB
Active:           123056 kB
Inactive:         221552 kB
Active(anon):       3216 kB
Inactive(anon):    73236 kB
Active(file):     119840 kB
Inactive(file):   148316 kB
Unevictable:       19496 kB
Mlocked:           19496 kB
SwapTotal:       1996796 kB
SwapFree:        1996796 kB
Dirty:               696 kB
Writeback:             0 kB
AnonPages:         80076 kB
Mapped:            75244 kB
Shmem:              6376 kB
KReclaimable:      56496 kB
Slab:             277440 kB
SReclaimable:      56496 kB
SUnreclaim:       220944 kB
KernelStack:       10144 kB
PageTables:         2392 kB
NFS_Unstable:          0 kB
Bounce:                0 kB
WritebackTmp:          0 kB
CommitLimit:    34716468 kB
Committed_AS:     790356 kB
VmallocTotal:   34359738367 kB
VmallocUsed:       38468 kB
VmallocChunk:          0 kB
Percpu:            96576 kB
HardwareCorrupted:     0 kB
AnonHugePages:         0 kB
ShmemHugePages:        0 kB
ShmemPmdMapped:        0 kB
FileHugePages:         0 kB
FilePmdMapped:         0 kB
HugePages_Total:       0
HugePages_Free:        0
HugePages_Rsvd:        0
HugePages_Surp:        0
Hugepagesize:       2048 kB
Hugetlb:               0 kB
DirectMap4k:     2165568 kB
DirectMap2M:     5810176 kB
DirectMap1G:    58720256 kB

