MemTotal:       65439348 kB
MemFree:        63923460 kB
MemAvailable:   63927256 kB
Buffers:           45636 kB
Cached:           531184 kB
SwapCached:            0 kB
Active:           153964 kB
Inactive:         484420 kB
Active(anon):       3260 kB
Inactive(anon):    73784 kB
Active(file):     150704 kB
Inactive(file):   410636 kB
Unevictable:       19496 kB
Mlocked:           19496 kB
SwapTotal:       1996796 kB
SwapFree:        1996796 kB
Dirty:               712 kB
Writeback:             0 kB
AnonPages:         81172 kB
Mapped:            81476 kB
Shmem:              6380 kB
KReclaimable:      77532 kB
Slab:             307456 kB
SReclaimable:      77532 kB
SUnreclaim:       229924 kB
KernelStack:       10224 kB
PageTables:         2532 kB
NFS_Unstable:          0 kB
Bounce:                0 kB
WritebackTmp:          0 kB
CommitLimit:    34716468 kB
Committed_AS:     799200 kB
VmallocTotal:   34359738367 kB
VmallocUsed:       40644 kB
VmallocChunk:          0 kB
Percpu:           156288 kB
HardwareCorrupted:     0 kB
AnonHugePages:         0 kB
ShmemHugePages:        0 kB
ShmemPmdMapped:        0 kB
FileHugePages:         0 kB
FilePmdMapped:         0 kB
HugePages_Total:       0
HugePages_Free:        0
HugePages_Rsvd:        0
HugePages_Surp:        0
Hugepagesize:       2048 kB
Hugetlb:               0 kB
DirectMap4k:     2718528 kB
DirectMap2M:     5257216 kB
DirectMap1G:    58720256 kB

