MemTotal:       65439348 kB
MemFree:        63759040 kB
MemAvailable:   63842676 kB
Buffers:           55292 kB
Cached:           596872 kB
SwapCached:            0 kB
Active:           203264 kB
Inactive:         515284 kB
Active(anon):       3248 kB
Inactive(anon):    78620 kB
Active(file):     200016 kB
Inactive(file):   436664 kB
Unevictable:       19496 kB
Mlocked:           19496 kB
SwapTotal:       1996796 kB
SwapFree:        1996796 kB
Dirty:               672 kB
Writeback:             0 kB
AnonPages:         85944 kB
Mapped:            95880 kB
Shmem:              6380 kB
KReclaimable:      86532 kB
Slab:             322912 kB
SReclaimable:      86532 kB
SUnreclaim:       236380 kB
KernelStack:       10144 kB
PageTables:         2632 kB
NFS_Unstable:          0 kB
Bounce:                0 kB
WritebackTmp:          0 kB
CommitLimit:    34716468 kB
Committed_AS:     854040 kB
VmallocTotal:   34359738367 kB
VmallocUsed:       44040 kB
VmallocChunk:          0 kB
Percpu:           225600 kB
HardwareCorrupted:     0 kB
AnonHugePages:         0 kB
ShmemHugePages:        0 kB
ShmemPmdMapped:        0 kB
FileHugePages:         0 kB
FilePmdMapped:         0 kB
HugePages_Total:       0
HugePages_Free:        0
HugePages_Rsvd:        0
HugePages_Surp:        0
Hugepagesize:       2048 kB
Hugetlb:               0 kB
DirectMap4k:     2802496 kB
DirectMap2M:     5173248 kB
DirectMap1G:    58720256 kB

