MemTotal:       65439348 kB
MemFree:        63713272 kB
MemAvailable:   63820460 kB
Buffers:           58228 kB
Cached:           616264 kB
SwapCached:            0 kB
Active:           211108 kB
Inactive:         525456 kB
Active(anon):       3232 kB
Inactive(anon):    74340 kB
Active(file):     207876 kB
Inactive(file):   451116 kB
Unevictable:       19496 kB
Mlocked:           19496 kB
SwapTotal:       1996796 kB
SwapFree:        1996796 kB
Dirty:                 0 kB
Writeback:             0 kB
AnonPages:         81080 kB
Mapped:            87904 kB
Shmem:              6376 kB
KReclaimable:      89012 kB
Slab:             326872 kB
SReclaimable:      89012 kB
SUnreclaim:       237860 kB
KernelStack:       10016 kB
PageTables:         2056 kB
NFS_Unstable:          0 kB
Bounce:                0 kB
WritebackTmp:          0 kB
CommitLimit:    34716468 kB
Committed_AS:     807652 kB
VmallocTotal:   34359738367 kB
VmallocUsed:       44340 kB
VmallocChunk:          0 kB
Percpu:           247296 kB
HardwareCorrupted:     0 kB
AnonHugePages:         0 kB
ShmemHugePages:        0 kB
ShmemPmdMapped:        0 kB
FileHugePages:         0 kB
FilePmdMapped:         0 kB
HugePages_Total:       0
HugePages_Free:        0
HugePages_Rsvd:        0
HugePages_Surp:        0
Hugepagesize:       2048 kB
Hugetlb:               0 kB
DirectMap4k:     2825024 kB
DirectMap2M:     5150720 kB
DirectMap1G:    58720256 kB

