MemTotal:       65439348 kB
MemFree:        63744344 kB
MemAvailable:   63832448 kB
Buffers:           55960 kB
Cached:           600472 kB
SwapCached:            0 kB
Active:           203924 kB
Inactive:         518348 kB
Active(anon):       3244 kB
Inactive(anon):    78076 kB
Active(file):     200680 kB
Inactive(file):   440272 kB
Unevictable:       19496 kB
Mlocked:           19496 kB
SwapTotal:       1996796 kB
SwapFree:        1996796 kB
Dirty:               724 kB
Writeback:             0 kB
AnonPages:         85392 kB
Mapped:            96288 kB
Shmem:              6380 kB
KReclaimable:      86928 kB
Slab:             323712 kB
SReclaimable:      86928 kB
SUnreclaim:       236784 kB
KernelStack:       10144 kB
PageTables:         2612 kB
NFS_Unstable:          0 kB
Bounce:                0 kB
WritebackTmp:          0 kB
CommitLimit:    34716468 kB
Committed_AS:     854424 kB
VmallocTotal:   34359738367 kB
VmallocUsed:       44104 kB
VmallocChunk:          0 kB
Percpu:           229824 kB
HardwareCorrupted:     0 kB
AnonHugePages:         0 kB
ShmemHugePages:        0 kB
ShmemPmdMapped:        0 kB
FileHugePages:         0 kB
FilePmdMapped:         0 kB
HugePages_Total:       0
HugePages_Free:        0
HugePages_Rsvd:        0
HugePages_Surp:        0
Hugepagesize:       2048 kB
Hugetlb:               0 kB
DirectMap4k:     2806592 kB
DirectMap2M:     5169152 kB
DirectMap1G:    58720256 kB

