MemTotal:       65439348 kB
MemFree:        64132896 kB
MemAvailable:   63934300 kB
Buffers:           44648 kB
Cached:           331412 kB
SwapCached:            0 kB
Active:           140408 kB
Inactive:         302764 kB
Active(anon):       3252 kB
Inactive(anon):    79344 kB
Active(file):     137156 kB
Inactive(file):   223420 kB
Unevictable:       19496 kB
Mlocked:           19496 kB
SwapTotal:       1996796 kB
SwapFree:        1996796 kB
Dirty:               696 kB
Writeback:             0 kB
AnonPages:         86648 kB
Mapped:            89288 kB
Shmem:              6384 kB
KReclaimable:      74276 kB
Slab:             302768 kB
SReclaimable:      74276 kB
SUnreclaim:       228492 kB
KernelStack:       10048 kB
PageTables:         2272 kB
NFS_Unstable:          0 kB
Bounce:                0 kB
WritebackTmp:          0 kB
CommitLimit:    34716468 kB
Committed_AS:     837868 kB
VmallocTotal:   34359738367 kB
VmallocUsed:       40860 kB
VmallocChunk:          0 kB
Percpu:           148992 kB
HardwareCorrupted:     0 kB
AnonHugePages:         0 kB
ShmemHugePages:        0 kB
ShmemPmdMapped:        0 kB
FileHugePages:         0 kB
FilePmdMapped:         0 kB
HugePages_Total:       0
HugePages_Free:        0
HugePages_Rsvd:        0
HugePages_Surp:        0
Hugepagesize:       2048 kB
Hugetlb:               0 kB
DirectMap4k:     2710336 kB
DirectMap2M:     5265408 kB
DirectMap1G:    58720256 kB

