MemTotal:       65439348 kB
MemFree:        63922600 kB
MemAvailable:   63927480 kB
Buffers:           45764 kB
Cached:           532056 kB
SwapCached:            0 kB
Active:           154072 kB
Inactive:         484264 kB
Active(anon):       3244 kB
Inactive(anon):    72756 kB
Active(file):     150828 kB
Inactive(file):   411508 kB
Unevictable:       19496 kB
Mlocked:           19496 kB
SwapTotal:       1996796 kB
SwapFree:        1996796 kB
Dirty:               736 kB
Writeback:             0 kB
AnonPages:         80124 kB
Mapped:            81352 kB
Shmem:              6376 kB
KReclaimable:      77708 kB
Slab:             307160 kB
SReclaimable:      77708 kB
SUnreclaim:       229452 kB
KernelStack:       10032 kB
PageTables:         2428 kB
NFS_Unstable:          0 kB
Bounce:                0 kB
WritebackTmp:          0 kB
CommitLimit:    34716468 kB
Committed_AS:     799592 kB
VmallocTotal:   34359738367 kB
VmallocUsed:       40564 kB
VmallocChunk:          0 kB
Percpu:           157440 kB
HardwareCorrupted:     0 kB
AnonHugePages:         0 kB
ShmemHugePages:        0 kB
ShmemPmdMapped:        0 kB
FileHugePages:         0 kB
FilePmdMapped:         0 kB
HugePages_Total:       0
HugePages_Free:        0
HugePages_Rsvd:        0
HugePages_Surp:        0
Hugepagesize:       2048 kB
Hugetlb:               0 kB
DirectMap4k:     2720576 kB
DirectMap2M:     5255168 kB
DirectMap1G:    58720256 kB

