MemTotal:       65439348 kB
MemFree:        64162080 kB
MemAvailable:   63950524 kB
Buffers:           43060 kB
Cached:           320864 kB
SwapCached:            0 kB
Active:           138488 kB
Inactive:         291788 kB
Active(anon):       3248 kB
Inactive(anon):    78592 kB
Active(file):     135240 kB
Inactive(file):   213196 kB
Unevictable:       19496 kB
Mlocked:           19496 kB
SwapTotal:       1996796 kB
SwapFree:        1996796 kB
Dirty:               752 kB
Writeback:             0 kB
AnonPages:         85900 kB
Mapped:            88864 kB
Shmem:              6380 kB
KReclaimable:      72636 kB
Slab:             299860 kB
SReclaimable:      72636 kB
SUnreclaim:       227224 kB
KernelStack:       10096 kB
PageTables:         2628 kB
NFS_Unstable:          0 kB
Bounce:                0 kB
WritebackTmp:          0 kB
CommitLimit:    34716468 kB
Committed_AS:     838004 kB
VmallocTotal:   34359738367 kB
VmallocUsed:       40200 kB
VmallocChunk:          0 kB
Percpu:           137088 kB
HardwareCorrupted:     0 kB
AnonHugePages:         0 kB
ShmemHugePages:        0 kB
ShmemPmdMapped:        0 kB
FileHugePages:         0 kB
FilePmdMapped:         0 kB
HugePages_Total:       0
HugePages_Free:        0
HugePages_Rsvd:        0
HugePages_Surp:        0
Hugepagesize:       2048 kB
Hugetlb:               0 kB
DirectMap4k:     2696000 kB
DirectMap2M:     5279744 kB
DirectMap1G:    58720256 kB

