MemTotal:       65439348 kB
MemFree:        63765344 kB
MemAvailable:   63845236 kB
Buffers:           54832 kB
Cached:           593848 kB
SwapCached:            0 kB
Active:           202760 kB
Inactive:         511820 kB
Active(anon):       3248 kB
Inactive(anon):    78180 kB
Active(file):     199512 kB
Inactive(file):   433640 kB
Unevictable:       19496 kB
Mlocked:           19496 kB
SwapTotal:       1996796 kB
SwapFree:        1996796 kB
Dirty:                48 kB
Writeback:             0 kB
AnonPages:         85524 kB
Mapped:            95648 kB
Shmem:              6380 kB
KReclaimable:      86100 kB
Slab:             321564 kB
SReclaimable:      86100 kB
SUnreclaim:       235464 kB
KernelStack:       10016 kB
PageTables:         2616 kB
NFS_Unstable:          0 kB
Bounce:                0 kB
WritebackTmp:          0 kB
CommitLimit:    34716468 kB
Committed_AS:     854428 kB
VmallocTotal:   34359738367 kB
VmallocUsed:       43364 kB
VmallocChunk:          0 kB
Percpu:           222528 kB
HardwareCorrupted:     0 kB
AnonHugePages:         0 kB
ShmemHugePages:        0 kB
ShmemPmdMapped:        0 kB
FileHugePages:         0 kB
FilePmdMapped:         0 kB
HugePages_Total:       0
HugePages_Free:        0
HugePages_Rsvd:        0
HugePages_Surp:        0
Hugepagesize:       2048 kB
Hugetlb:               0 kB
DirectMap4k:     2796352 kB
DirectMap2M:     5179392 kB
DirectMap1G:    58720256 kB

