MemTotal:       65439348 kB
MemFree:        63732772 kB
MemAvailable:   63827920 kB
Buffers:           56864 kB
Cached:           606216 kB
SwapCached:            0 kB
Active:           204836 kB
Inactive:         524332 kB
Active(anon):       3244 kB
Inactive(anon):    78324 kB
Active(file):     201592 kB
Inactive(file):   446008 kB
Unevictable:       19496 kB
Mlocked:           19496 kB
SwapTotal:       1996796 kB
SwapFree:        1996796 kB
Dirty:               620 kB
Writeback:             0 kB
AnonPages:         85620 kB
Mapped:            96772 kB
Shmem:              6380 kB
KReclaimable:      87720 kB
Slab:             324520 kB
SReclaimable:      87720 kB
SUnreclaim:       236800 kB
KernelStack:        9952 kB
PageTables:         2548 kB
NFS_Unstable:          0 kB
Bounce:                0 kB
WritebackTmp:          0 kB
CommitLimit:    34716468 kB
Committed_AS:     854036 kB
VmallocTotal:   34359738367 kB
VmallocUsed:       44524 kB
VmallocChunk:          0 kB
Percpu:           236352 kB
HardwareCorrupted:     0 kB
AnonHugePages:         0 kB
ShmemHugePages:        0 kB
ShmemPmdMapped:        0 kB
FileHugePages:         0 kB
FilePmdMapped:         0 kB
HugePages_Total:       0
HugePages_Free:        0
HugePages_Rsvd:        0
HugePages_Surp:        0
Hugepagesize:       2048 kB
Hugetlb:               0 kB
DirectMap4k:     2812736 kB
DirectMap2M:     5163008 kB
DirectMap1G:    58720256 kB

