MemTotal:       65439348 kB
MemFree:        63708068 kB
MemAvailable:   63818128 kB
Buffers:           58528 kB
Cached:           618632 kB
SwapCached:            0 kB
Active:           211448 kB
Inactive:         528244 kB
Active(anon):       3248 kB
Inactive(anon):    74764 kB
Active(file):     208200 kB
Inactive(file):   453480 kB
Unevictable:       19496 kB
Mlocked:           19496 kB
SwapTotal:       1996796 kB
SwapFree:        1996796 kB
Dirty:               708 kB
Writeback:             0 kB
AnonPages:         82056 kB
Mapped:            88844 kB
Shmem:              6380 kB
KReclaimable:      89384 kB
Slab:             328628 kB
SReclaimable:      89384 kB
SUnreclaim:       239244 kB
KernelStack:        9984 kB
PageTables:         2244 kB
NFS_Unstable:          0 kB
Bounce:                0 kB
WritebackTmp:          0 kB
CommitLimit:    34716468 kB
Committed_AS:     807652 kB
VmallocTotal:   34359738367 kB
VmallocUsed:       44968 kB
VmallocChunk:          0 kB
Percpu:           249600 kB
HardwareCorrupted:     0 kB
AnonHugePages:         0 kB
ShmemHugePages:        0 kB
ShmemPmdMapped:        0 kB
FileHugePages:         0 kB
FilePmdMapped:         0 kB
HugePages_Total:       0
HugePages_Free:        0
HugePages_Rsvd:        0
HugePages_Surp:        0
Hugepagesize:       2048 kB
Hugetlb:               0 kB
DirectMap4k:     2829120 kB
DirectMap2M:     5146624 kB
DirectMap1G:    58720256 kB

