MemTotal:       65439348 kB
MemFree:        63910108 kB
MemAvailable:   63920356 kB
Buffers:           46420 kB
Cached:           536488 kB
SwapCached:            0 kB
Active:           154740 kB
Inactive:         489468 kB
Active(anon):       3252 kB
Inactive(anon):    73524 kB
Active(file):     151488 kB
Inactive(file):   415944 kB
Unevictable:       19496 kB
Mlocked:           19496 kB
SwapTotal:       1996796 kB
SwapFree:        1996796 kB
Dirty:               704 kB
Writeback:             0 kB
AnonPages:         80884 kB
Mapped:            82020 kB
Shmem:              6376 kB
KReclaimable:      78256 kB
Slab:             307816 kB
SReclaimable:      78256 kB
SUnreclaim:       229560 kB
KernelStack:       10048 kB
PageTables:         2608 kB
NFS_Unstable:          0 kB
Bounce:                0 kB
WritebackTmp:          0 kB
CommitLimit:    34716468 kB
Committed_AS:     799204 kB
VmallocTotal:   34359738367 kB
VmallocUsed:       41260 kB
VmallocChunk:          0 kB
Percpu:           162240 kB
HardwareCorrupted:     0 kB
AnonHugePages:         0 kB
ShmemHugePages:        0 kB
ShmemPmdMapped:        0 kB
FileHugePages:         0 kB
FilePmdMapped:         0 kB
HugePages_Total:       0
HugePages_Free:        0
HugePages_Rsvd:        0
HugePages_Surp:        0
Hugepagesize:       2048 kB
Hugetlb:               0 kB
DirectMap4k:     2726720 kB
DirectMap2M:     5249024 kB
DirectMap1G:    58720256 kB

