MemTotal:       65439348 kB
MemFree:        64130108 kB
MemAvailable:   63932092 kB
Buffers:           44736 kB
Cached:           331876 kB
SwapCached:            0 kB
Active:           140476 kB
Inactive:         303520 kB
Active(anon):       3232 kB
Inactive(anon):    79632 kB
Active(file):     137244 kB
Inactive(file):   223888 kB
Unevictable:       19496 kB
Mlocked:           19496 kB
SwapTotal:       1996796 kB
SwapFree:        1996796 kB
Dirty:               792 kB
Writeback:             0 kB
AnonPages:         87036 kB
Mapped:            89504 kB
Shmem:              6380 kB
KReclaimable:      74328 kB
Slab:             302612 kB
SReclaimable:      74328 kB
SUnreclaim:       228284 kB
KernelStack:       10160 kB
PageTables:         2164 kB
NFS_Unstable:          0 kB
Bounce:                0 kB
WritebackTmp:          0 kB
CommitLimit:    34716468 kB
Committed_AS:     837868 kB
VmallocTotal:   34359738367 kB
VmallocUsed:       40716 kB
VmallocChunk:          0 kB
Percpu:           149760 kB
HardwareCorrupted:     0 kB
AnonHugePages:         0 kB
ShmemHugePages:        0 kB
ShmemPmdMapped:        0 kB
FileHugePages:         0 kB
FilePmdMapped:         0 kB
HugePages_Total:       0
HugePages_Free:        0
HugePages_Rsvd:        0
HugePages_Surp:        0
Hugepagesize:       2048 kB
Hugetlb:               0 kB
DirectMap4k:     2710336 kB
DirectMap2M:     5265408 kB
DirectMap1G:    58720256 kB

