MemTotal:       65439348 kB
MemFree:        64181640 kB
MemAvailable:   63959828 kB
Buffers:           41772 kB
Cached:           312436 kB
SwapCached:            0 kB
Active:           137200 kB
Inactive:         282900 kB
Active(anon):       3240 kB
Inactive(anon):    78136 kB
Active(file):     133960 kB
Inactive(file):   204764 kB
Unevictable:       19496 kB
Mlocked:           19496 kB
SwapTotal:       1996796 kB
SwapFree:        1996796 kB
Dirty:               608 kB
Writeback:             0 kB
AnonPages:         85924 kB
Mapped:            88296 kB
Shmem:              6380 kB
KReclaimable:      71552 kB
Slab:             297836 kB
SReclaimable:      71552 kB
SUnreclaim:       226284 kB
KernelStack:       10064 kB
PageTables:         2564 kB
NFS_Unstable:          0 kB
Bounce:                0 kB
WritebackTmp:          0 kB
CommitLimit:    34716468 kB
Committed_AS:     837612 kB
VmallocTotal:   34359738367 kB
VmallocUsed:       39652 kB
VmallocChunk:          0 kB
Percpu:           128064 kB
HardwareCorrupted:     0 kB
AnonHugePages:         0 kB
ShmemHugePages:        0 kB
ShmemPmdMapped:        0 kB
FileHugePages:         0 kB
FilePmdMapped:         0 kB
HugePages_Total:       0
HugePages_Free:        0
HugePages_Rsvd:        0
HugePages_Surp:        0
Hugepagesize:       2048 kB
Hugetlb:               0 kB
DirectMap4k:     2679616 kB
DirectMap2M:     5296128 kB
DirectMap1G:    58720256 kB

