MemTotal:       65439348 kB
MemFree:        64323996 kB
MemAvailable:   64019800 kB
Buffers:           30984 kB
Cached:           246616 kB
SwapCached:            0 kB
Active:           122136 kB
Inactive:         215724 kB
Active(anon):       3216 kB
Inactive(anon):    72528 kB
Active(file):     118920 kB
Inactive(file):   143196 kB
Unevictable:       19496 kB
Mlocked:           19496 kB
SwapTotal:       1996796 kB
SwapFree:        1996796 kB
Dirty:               156 kB
Writeback:             0 kB
AnonPages:         79832 kB
Mapped:            74308 kB
Shmem:              6376 kB
KReclaimable:      56228 kB
Slab:             276320 kB
SReclaimable:      56228 kB
SUnreclaim:       220092 kB
KernelStack:        9952 kB
PageTables:         2392 kB
NFS_Unstable:          0 kB
Bounce:                0 kB
WritebackTmp:          0 kB
CommitLimit:    34716468 kB
Committed_AS:     790352 kB
VmallocTotal:   34359738367 kB
VmallocUsed:       38372 kB
VmallocChunk:          0 kB
Percpu:            96576 kB
HardwareCorrupted:     0 kB
AnonHugePages:         0 kB
ShmemHugePages:        0 kB
ShmemPmdMapped:        0 kB
FileHugePages:         0 kB
FilePmdMapped:         0 kB
HugePages_Total:       0
HugePages_Free:        0
HugePages_Rsvd:        0
HugePages_Surp:        0
Hugepagesize:       2048 kB
Hugetlb:               0 kB
DirectMap4k:     2089792 kB
DirectMap2M:     5885952 kB
DirectMap1G:    58720256 kB

