MemTotal:       65439348 kB
MemFree:        63764788 kB
MemAvailable:   63843308 kB
Buffers:           54640 kB
Cached:           592704 kB
SwapCached:            0 kB
Active:           202592 kB
Inactive:         510604 kB
Active(anon):       3248 kB
Inactive(anon):    78108 kB
Active(file):     199344 kB
Inactive(file):   432496 kB
Unevictable:       19496 kB
Mlocked:           19496 kB
SwapTotal:       1996796 kB
SwapFree:        1996796 kB
Dirty:               752 kB
Writeback:             0 kB
AnonPages:         85452 kB
Mapped:            95492 kB
Shmem:              6380 kB
KReclaimable:      85984 kB
Slab:             321904 kB
SReclaimable:      85984 kB
SUnreclaim:       235920 kB
KernelStack:       10144 kB
PageTables:         2616 kB
NFS_Unstable:          0 kB
Bounce:                0 kB
WritebackTmp:          0 kB
CommitLimit:    34716468 kB
Committed_AS:     854424 kB
VmallocTotal:   34359738367 kB
VmallocUsed:       43588 kB
VmallocChunk:          0 kB
Percpu:           221376 kB
HardwareCorrupted:     0 kB
AnonHugePages:         0 kB
ShmemHugePages:        0 kB
ShmemPmdMapped:        0 kB
FileHugePages:         0 kB
FilePmdMapped:         0 kB
HugePages_Total:       0
HugePages_Free:        0
HugePages_Rsvd:        0
HugePages_Surp:        0
Hugepagesize:       2048 kB
Hugetlb:               0 kB
DirectMap4k:     2796352 kB
DirectMap2M:     5179392 kB
DirectMap1G:    58720256 kB

