MemTotal:       65439348 kB
MemFree:        63758096 kB
MemAvailable:   63841936 kB
Buffers:           55320 kB
Cached:           597048 kB
SwapCached:            0 kB
Active:           203288 kB
Inactive:         515220 kB
Active(anon):       3248 kB
Inactive(anon):    78380 kB
Active(file):     200040 kB
Inactive(file):   436840 kB
Unevictable:       19496 kB
Mlocked:           19496 kB
SwapTotal:       1996796 kB
SwapFree:        1996796 kB
Dirty:               772 kB
Writeback:             0 kB
AnonPages:         85740 kB
Mapped:            95956 kB
Shmem:              6380 kB
KReclaimable:      86540 kB
Slab:             322944 kB
SReclaimable:      86540 kB
SUnreclaim:       236404 kB
KernelStack:       10160 kB
PageTables:         2612 kB
NFS_Unstable:          0 kB
Bounce:                0 kB
WritebackTmp:          0 kB
CommitLimit:    34716468 kB
Committed_AS:     854424 kB
VmallocTotal:   34359738367 kB
VmallocUsed:       43992 kB
VmallocChunk:          0 kB
Percpu:           226176 kB
HardwareCorrupted:     0 kB
AnonHugePages:         0 kB
ShmemHugePages:        0 kB
ShmemPmdMapped:        0 kB
FileHugePages:         0 kB
FilePmdMapped:         0 kB
HugePages_Total:       0
HugePages_Free:        0
HugePages_Rsvd:        0
HugePages_Surp:        0
Hugepagesize:       2048 kB
Hugetlb:               0 kB
DirectMap4k:     2802496 kB
DirectMap2M:     5173248 kB
DirectMap1G:    58720256 kB

