MemTotal:       65439348 kB
MemFree:        63699012 kB
MemAvailable:   63812580 kB
Buffers:           58960 kB
Cached:           621528 kB
SwapCached:            0 kB
Active:           211852 kB
Inactive:         529420 kB
Active(anon):       3248 kB
Inactive(anon):    73036 kB
Active(file):     208604 kB
Inactive(file):   456384 kB
Unevictable:       19496 kB
Mlocked:           19496 kB
SwapTotal:       1996796 kB
SwapFree:        1996796 kB
Dirty:               652 kB
Writeback:             0 kB
AnonPages:         80436 kB
Mapped:            88496 kB
Shmem:              6376 kB
KReclaimable:      89780 kB
Slab:             328964 kB
SReclaimable:      89780 kB
SUnreclaim:       239184 kB
KernelStack:       10048 kB
PageTables:         2484 kB
NFS_Unstable:          0 kB
Bounce:                0 kB
WritebackTmp:          0 kB
CommitLimit:    34716468 kB
Committed_AS:     808036 kB
VmallocTotal:   34359738367 kB
VmallocUsed:       44872 kB
VmallocChunk:          0 kB
Percpu:           252672 kB
HardwareCorrupted:     0 kB
AnonHugePages:         0 kB
ShmemHugePages:        0 kB
ShmemPmdMapped:        0 kB
FileHugePages:         0 kB
FilePmdMapped:         0 kB
HugePages_Total:       0
HugePages_Free:        0
HugePages_Rsvd:        0
HugePages_Surp:        0
Hugepagesize:       2048 kB
Hugetlb:               0 kB
DirectMap4k:     2835264 kB
DirectMap2M:     5140480 kB
DirectMap1G:    58720256 kB

