MemTotal:       65439348 kB
MemFree:        64128524 kB
MemAvailable:   63931240 kB
Buffers:           44816 kB
Cached:           332528 kB
SwapCached:            0 kB
Active:           140560 kB
Inactive:         303016 kB
Active(anon):       3244 kB
Inactive(anon):    78476 kB
Active(file):     137316 kB
Inactive(file):   224540 kB
Unevictable:       19496 kB
Mlocked:           19496 kB
SwapTotal:       1996796 kB
SwapFree:        1996796 kB
Dirty:               648 kB
Writeback:             0 kB
AnonPages:         85772 kB
Mapped:            90360 kB
Shmem:              6380 kB
KReclaimable:      74340 kB
Slab:             303108 kB
SReclaimable:      74340 kB
SUnreclaim:       228768 kB
KernelStack:       10096 kB
PageTables:         2544 kB
NFS_Unstable:          0 kB
Bounce:                0 kB
WritebackTmp:          0 kB
CommitLimit:    34716468 kB
Committed_AS:     837868 kB
VmallocTotal:   34359738367 kB
VmallocUsed:       40764 kB
VmallocChunk:          0 kB
Percpu:           150336 kB
HardwareCorrupted:     0 kB
AnonHugePages:         0 kB
ShmemHugePages:        0 kB
ShmemPmdMapped:        0 kB
FileHugePages:         0 kB
FilePmdMapped:         0 kB
HugePages_Total:       0
HugePages_Free:        0
HugePages_Rsvd:        0
HugePages_Surp:        0
Hugepagesize:       2048 kB
Hugetlb:               0 kB
DirectMap4k:     2712384 kB
DirectMap2M:     5263360 kB
DirectMap1G:    58720256 kB

