MemTotal:       65439348 kB
MemFree:        63757728 kB
MemAvailable:   63840580 kB
Buffers:           55208 kB
Cached:           596216 kB
SwapCached:            0 kB
Active:           203172 kB
Inactive:         514328 kB
Active(anon):       3244 kB
Inactive(anon):    78320 kB
Active(file):     199928 kB
Inactive(file):   436008 kB
Unevictable:       19496 kB
Mlocked:           19496 kB
SwapTotal:       1996796 kB
SwapFree:        1996796 kB
Dirty:               156 kB
Writeback:             0 kB
AnonPages:         85740 kB
Mapped:            95868 kB
Shmem:              6380 kB
KReclaimable:      86452 kB
Slab:             322276 kB
SReclaimable:      86452 kB
SUnreclaim:       235824 kB
KernelStack:       10096 kB
PageTables:         2616 kB
NFS_Unstable:          0 kB
Bounce:                0 kB
WritebackTmp:          0 kB
CommitLimit:    34716468 kB
Committed_AS:     854424 kB
VmallocTotal:   34359738367 kB
VmallocUsed:       43864 kB
VmallocChunk:          0 kB
Percpu:           225024 kB
HardwareCorrupted:     0 kB
AnonHugePages:         0 kB
ShmemHugePages:        0 kB
ShmemPmdMapped:        0 kB
FileHugePages:         0 kB
FilePmdMapped:         0 kB
HugePages_Total:       0
HugePages_Free:        0
HugePages_Rsvd:        0
HugePages_Surp:        0
Hugepagesize:       2048 kB
Hugetlb:               0 kB
DirectMap4k:     2800448 kB
DirectMap2M:     5175296 kB
DirectMap1G:    58720256 kB

