MemTotal:       65439348 kB
MemFree:        63924224 kB
MemAvailable:   63928688 kB
Buffers:           45728 kB
Cached:           531708 kB
SwapCached:            0 kB
Active:           154032 kB
Inactive:         484060 kB
Active(anon):       3240 kB
Inactive(anon):    72900 kB
Active(file):     150792 kB
Inactive(file):   411160 kB
Unevictable:       19496 kB
Mlocked:           19496 kB
SwapTotal:       1996796 kB
SwapFree:        1996796 kB
Dirty:               756 kB
Writeback:             0 kB
AnonPages:         80252 kB
Mapped:            81380 kB
Shmem:              6376 kB
KReclaimable:      77648 kB
Slab:             306728 kB
SReclaimable:      77648 kB
SUnreclaim:       229080 kB
KernelStack:       10048 kB
PageTables:         2424 kB
NFS_Unstable:          0 kB
Bounce:                0 kB
WritebackTmp:          0 kB
CommitLimit:    34716468 kB
Committed_AS:     799588 kB
VmallocTotal:   34359738367 kB
VmallocUsed:       40580 kB
VmallocChunk:          0 kB
Percpu:           156864 kB
HardwareCorrupted:     0 kB
AnonHugePages:         0 kB
ShmemHugePages:        0 kB
ShmemPmdMapped:        0 kB
FileHugePages:         0 kB
FilePmdMapped:         0 kB
HugePages_Total:       0
HugePages_Free:        0
HugePages_Rsvd:        0
HugePages_Surp:        0
Hugepagesize:       2048 kB
Hugetlb:               0 kB
DirectMap4k:     2718528 kB
DirectMap2M:     5257216 kB
DirectMap1G:    58720256 kB

