MemTotal:       65439348 kB
MemFree:        64159616 kB
MemAvailable:   63948704 kB
Buffers:           43140 kB
Cached:           321388 kB
SwapCached:            0 kB
Active:           138876 kB
Inactive:         291596 kB
Active(anon):       3228 kB
Inactive(anon):    78192 kB
Active(file):     135648 kB
Inactive(file):   213404 kB
Unevictable:       19496 kB
Mlocked:           19496 kB
SwapTotal:       1996796 kB
SwapFree:        1996796 kB
Dirty:               732 kB
Writeback:             0 kB
AnonPages:         85448 kB
Mapped:            89648 kB
Shmem:              6376 kB
KReclaimable:      72692 kB
Slab:             300204 kB
SReclaimable:      72692 kB
SUnreclaim:       227512 kB
KernelStack:       10080 kB
PageTables:         2232 kB
NFS_Unstable:          0 kB
Bounce:                0 kB
WritebackTmp:          0 kB
CommitLimit:    34716468 kB
Committed_AS:     837616 kB
VmallocTotal:   34359738367 kB
VmallocUsed:       40296 kB
VmallocChunk:          0 kB
Percpu:           138240 kB
HardwareCorrupted:     0 kB
AnonHugePages:         0 kB
ShmemHugePages:        0 kB
ShmemPmdMapped:        0 kB
FileHugePages:         0 kB
FilePmdMapped:         0 kB
HugePages_Total:       0
HugePages_Free:        0
HugePages_Rsvd:        0
HugePages_Surp:        0
Hugepagesize:       2048 kB
Hugetlb:               0 kB
DirectMap4k:     2696000 kB
DirectMap2M:     5279744 kB
DirectMap1G:    58720256 kB

