MemTotal:       65439348 kB
MemFree:        63746192 kB
MemAvailable:   63833368 kB
Buffers:           55848 kB
Cached:           599708 kB
SwapCached:            0 kB
Active:           203804 kB
Inactive:         517672 kB
Active(anon):       3248 kB
Inactive(anon):    78172 kB
Active(file):     200556 kB
Inactive(file):   439500 kB
Unevictable:       19496 kB
Mlocked:           19496 kB
SwapTotal:       1996796 kB
SwapFree:        1996796 kB
Dirty:               740 kB
Writeback:             0 kB
AnonPages:         85592 kB
Mapped:            96392 kB
Shmem:              6380 kB
KReclaimable:      86864 kB
Slab:             323584 kB
SReclaimable:      86864 kB
SUnreclaim:       236720 kB
KernelStack:       10208 kB
PageTables:         2664 kB
NFS_Unstable:          0 kB
Bounce:                0 kB
WritebackTmp:          0 kB
CommitLimit:    34716468 kB
Committed_AS:     854044 kB
VmallocTotal:   34359738367 kB
VmallocUsed:       44008 kB
VmallocChunk:          0 kB
Percpu:           229248 kB
HardwareCorrupted:     0 kB
AnonHugePages:         0 kB
ShmemHugePages:        0 kB
ShmemPmdMapped:        0 kB
FileHugePages:         0 kB
FilePmdMapped:         0 kB
HugePages_Total:       0
HugePages_Free:        0
HugePages_Rsvd:        0
HugePages_Surp:        0
Hugepagesize:       2048 kB
Hugetlb:               0 kB
DirectMap4k:     2804544 kB
DirectMap2M:     5171200 kB
DirectMap1G:    58720256 kB

