MemTotal:       65439348 kB
MemFree:        64322516 kB
MemAvailable:   64017644 kB
Buffers:           30832 kB
Cached:           245504 kB
SwapCached:            0 kB
Active:           121956 kB
Inactive:         214456 kB
Active(anon):       3212 kB
Inactive(anon):    72372 kB
Active(file):     118744 kB
Inactive(file):   142084 kB
Unevictable:       19496 kB
Mlocked:           19496 kB
SwapTotal:       1996796 kB
SwapFree:        1996796 kB
Dirty:               708 kB
Writeback:             0 kB
AnonPages:         79672 kB
Mapped:            74212 kB
Shmem:              6376 kB
KReclaimable:      56164 kB
Slab:             275896 kB
SReclaimable:      56164 kB
SUnreclaim:       219732 kB
KernelStack:       10064 kB
PageTables:         2380 kB
NFS_Unstable:          0 kB
Bounce:                0 kB
WritebackTmp:          0 kB
CommitLimit:    34716468 kB
Committed_AS:     790100 kB
VmallocTotal:   34359738367 kB
VmallocUsed:       38452 kB
VmallocChunk:          0 kB
Percpu:            96576 kB
HardwareCorrupted:     0 kB
AnonHugePages:         0 kB
ShmemHugePages:        0 kB
ShmemPmdMapped:        0 kB
FileHugePages:         0 kB
FilePmdMapped:         0 kB
HugePages_Total:       0
HugePages_Free:        0
HugePages_Rsvd:        0
HugePages_Surp:        0
Hugepagesize:       2048 kB
Hugetlb:               0 kB
DirectMap4k:     2077504 kB
DirectMap2M:     5898240 kB
DirectMap1G:    58720256 kB

