MemTotal:       65439348 kB
MemFree:        63892596 kB
MemAvailable:   63913528 kB
Buffers:           47688 kB
Cached:           545400 kB
SwapCached:            0 kB
Active:           155992 kB
Inactive:         498080 kB
Active(anon):       3244 kB
Inactive(anon):    73224 kB
Active(file):     152748 kB
Inactive(file):   424856 kB
Unevictable:       19496 kB
Mlocked:           19496 kB
SwapTotal:       1996796 kB
SwapFree:        1996796 kB
Dirty:               732 kB
Writeback:             0 kB
AnonPages:         80588 kB
Mapped:            82344 kB
Shmem:              6376 kB
KReclaimable:      79280 kB
Slab:             309100 kB
SReclaimable:      79280 kB
SUnreclaim:       229820 kB
KernelStack:       10096 kB
PageTables:         2484 kB
NFS_Unstable:          0 kB
Bounce:                0 kB
WritebackTmp:          0 kB
CommitLimit:    34716468 kB
Committed_AS:     799592 kB
VmallocTotal:   34359738367 kB
VmallocUsed:       41728 kB
VmallocChunk:          0 kB
Percpu:           171840 kB
HardwareCorrupted:     0 kB
AnonHugePages:         0 kB
ShmemHugePages:        0 kB
ShmemPmdMapped:        0 kB
FileHugePages:         0 kB
FilePmdMapped:         0 kB
HugePages_Total:       0
HugePages_Free:        0
HugePages_Rsvd:        0
HugePages_Surp:        0
Hugepagesize:       2048 kB
Hugetlb:               0 kB
DirectMap4k:     2736960 kB
DirectMap2M:     5238784 kB
DirectMap1G:    58720256 kB

