MemTotal:       65439348 kB
MemFree:        63842844 kB
MemAvailable:   63886812 kB
Buffers:           50456 kB
Cached:           564216 kB
SwapCached:            0 kB
Active:           197708 kB
Inactive:         480580 kB
Active(anon):       3236 kB
Inactive(anon):    75884 kB
Active(file):     194472 kB
Inactive(file):   404696 kB
Unevictable:       19496 kB
Mlocked:           19496 kB
SwapTotal:       1996796 kB
SwapFree:        1996796 kB
Dirty:               516 kB
Writeback:             0 kB
AnonPages:         83208 kB
Mapped:            84300 kB
Shmem:              6372 kB
KReclaimable:      82220 kB
Slab:             312976 kB
SReclaimable:      82220 kB
SUnreclaim:       230756 kB
KernelStack:        9952 kB
PageTables:         2784 kB
NFS_Unstable:          0 kB
Bounce:                0 kB
WritebackTmp:          0 kB
CommitLimit:    34716468 kB
Committed_AS:     807396 kB
VmallocTotal:   34359738367 kB
VmallocUsed:       42100 kB
VmallocChunk:          0 kB
Percpu:           190656 kB
HardwareCorrupted:     0 kB
AnonHugePages:         0 kB
ShmemHugePages:        0 kB
ShmemPmdMapped:        0 kB
FileHugePages:         0 kB
FilePmdMapped:         0 kB
HugePages_Total:       0
HugePages_Free:        0
HugePages_Rsvd:        0
HugePages_Surp:        0
Hugepagesize:       2048 kB
Hugetlb:               0 kB
DirectMap4k:     2755392 kB
DirectMap2M:     5220352 kB
DirectMap1G:    58720256 kB

