MemTotal:       65439348 kB
MemFree:        64265628 kB
MemAvailable:   63998312 kB
Buffers:           37656 kB
Cached:           272900 kB
SwapCached:            0 kB
Active:           130460 kB
Inactive:         242200 kB
Active(anon):       3212 kB
Inactive(anon):    74388 kB
Active(file):     127248 kB
Inactive(file):   167812 kB
Unevictable:       19496 kB
Mlocked:           19496 kB
SwapTotal:       1996796 kB
SwapFree:        1996796 kB
Dirty:               644 kB
Writeback:             0 kB
AnonPages:         82188 kB
Mapped:            76312 kB
Shmem:              6380 kB
KReclaimable:      67868 kB
Slab:             290768 kB
SReclaimable:      67868 kB
SUnreclaim:       222900 kB
KernelStack:       10096 kB
PageTables:         2528 kB
NFS_Unstable:          0 kB
Bounce:                0 kB
WritebackTmp:          0 kB
CommitLimit:    34716468 kB
Committed_AS:     790356 kB
VmallocTotal:   34359738367 kB
VmallocUsed:       38532 kB
VmallocChunk:          0 kB
Percpu:           100800 kB
HardwareCorrupted:     0 kB
AnonHugePages:         0 kB
ShmemHugePages:        0 kB
ShmemPmdMapped:        0 kB
FileHugePages:         0 kB
FilePmdMapped:         0 kB
HugePages_Total:       0
HugePages_Free:        0
HugePages_Rsvd:        0
HugePages_Surp:        0
Hugepagesize:       2048 kB
Hugetlb:               0 kB
DirectMap4k:     2470720 kB
DirectMap2M:     5505024 kB
DirectMap1G:    58720256 kB

