MemTotal:       65439348 kB
MemFree:        64190640 kB
MemAvailable:   63964836 kB
Buffers:           41284 kB
Cached:           309200 kB
SwapCached:            0 kB
Active:           136696 kB
Inactive:         280124 kB
Active(anon):       3248 kB
Inactive(anon):    78592 kB
Active(file):     133448 kB
Inactive(file):   201532 kB
Unevictable:       19496 kB
Mlocked:           19496 kB
SwapTotal:       1996796 kB
SwapFree:        1996796 kB
Dirty:               700 kB
Writeback:             0 kB
AnonPages:         85960 kB
Mapped:            87892 kB
Shmem:              6380 kB
KReclaimable:      71052 kB
Slab:             296144 kB
SReclaimable:      71052 kB
SUnreclaim:       225092 kB
KernelStack:       10128 kB
PageTables:         2628 kB
NFS_Unstable:          0 kB
Bounce:                0 kB
WritebackTmp:          0 kB
CommitLimit:    34716468 kB
Committed_AS:     837872 kB
VmallocTotal:   34359738367 kB
VmallocUsed:       39716 kB
VmallocChunk:          0 kB
Percpu:           124416 kB
HardwareCorrupted:     0 kB
AnonHugePages:         0 kB
ShmemHugePages:        0 kB
ShmemPmdMapped:        0 kB
FileHugePages:         0 kB
FilePmdMapped:         0 kB
HugePages_Total:       0
HugePages_Free:        0
HugePages_Rsvd:        0
HugePages_Surp:        0
Hugepagesize:       2048 kB
Hugetlb:               0 kB
DirectMap4k:     2673472 kB
DirectMap2M:     5302272 kB
DirectMap1G:    58720256 kB

