MemTotal:       65439348 kB
MemFree:        63845392 kB
MemAvailable:   63889080 kB
Buffers:           50404 kB
Cached:           564012 kB
SwapCached:            0 kB
Active:           197648 kB
Inactive:         477448 kB
Active(anon):       3236 kB
Inactive(anon):    72952 kB
Active(file):     194412 kB
Inactive(file):   404496 kB
Unevictable:       19496 kB
Mlocked:           19496 kB
SwapTotal:       1996796 kB
SwapFree:        1996796 kB
Dirty:               616 kB
Writeback:             0 kB
AnonPages:         80260 kB
Mapped:            83696 kB
Shmem:              6376 kB
KReclaimable:      82184 kB
Slab:             313044 kB
SReclaimable:      82184 kB
SUnreclaim:       230860 kB
KernelStack:        9936 kB
PageTables:         2472 kB
NFS_Unstable:          0 kB
Bounce:                0 kB
WritebackTmp:          0 kB
CommitLimit:    34716468 kB
Committed_AS:     807392 kB
VmallocTotal:   34359738367 kB
VmallocUsed:       42132 kB
VmallocChunk:          0 kB
Percpu:           189888 kB
HardwareCorrupted:     0 kB
AnonHugePages:         0 kB
ShmemHugePages:        0 kB
ShmemPmdMapped:        0 kB
FileHugePages:         0 kB
FilePmdMapped:         0 kB
HugePages_Total:       0
HugePages_Free:        0
HugePages_Rsvd:        0
HugePages_Surp:        0
Hugepagesize:       2048 kB
Hugetlb:               0 kB
DirectMap4k:     2755392 kB
DirectMap2M:     5220352 kB
DirectMap1G:    58720256 kB

