MemTotal:       65439348 kB
MemFree:        63734692 kB
MemAvailable:   63828868 kB
Buffers:           56676 kB
Cached:           605508 kB
SwapCached:            0 kB
Active:           204640 kB
Inactive:         523412 kB
Active(anon):       3260 kB
Inactive(anon):    78116 kB
Active(file):     201380 kB
Inactive(file):   445296 kB
Unevictable:       19496 kB
Mlocked:           19496 kB
SwapTotal:       1996796 kB
SwapFree:        1996796 kB
Dirty:               752 kB
Writeback:             0 kB
AnonPages:         85512 kB
Mapped:            97116 kB
Shmem:              6380 kB
KReclaimable:      87620 kB
Slab:             325208 kB
SReclaimable:      87620 kB
SUnreclaim:       237588 kB
KernelStack:       10144 kB
PageTables:         2720 kB
NFS_Unstable:          0 kB
Bounce:                0 kB
WritebackTmp:          0 kB
CommitLimit:    34716468 kB
Committed_AS:     854040 kB
VmallocTotal:   34359738367 kB
VmallocUsed:       44024 kB
VmallocChunk:          0 kB
Percpu:           235200 kB
HardwareCorrupted:     0 kB
AnonHugePages:         0 kB
ShmemHugePages:        0 kB
ShmemPmdMapped:        0 kB
FileHugePages:         0 kB
FilePmdMapped:         0 kB
HugePages_Total:       0
HugePages_Free:        0
HugePages_Rsvd:        0
HugePages_Surp:        0
Hugepagesize:       2048 kB
Hugetlb:               0 kB
DirectMap4k:     2812736 kB
DirectMap2M:     5163008 kB
DirectMap1G:    58720256 kB

