MemTotal:       65439348 kB
MemFree:        63782508 kB
MemAvailable:   63856908 kB
Buffers:           54192 kB
Cached:           589260 kB
SwapCached:            0 kB
Active:           201448 kB
Inactive:         502612 kB
Active(anon):       3244 kB
Inactive(anon):    72872 kB
Active(file):     198204 kB
Inactive(file):   429740 kB
Unevictable:       19496 kB
Mlocked:           19496 kB
SwapTotal:       1996796 kB
SwapFree:        1996796 kB
Dirty:               764 kB
Writeback:             0 kB
AnonPages:         80180 kB
Mapped:            85776 kB
Shmem:              6376 kB
KReclaimable:      85536 kB
Slab:             319916 kB
SReclaimable:      85536 kB
SUnreclaim:       234380 kB
KernelStack:        9952 kB
PageTables:         2456 kB
NFS_Unstable:          0 kB
Bounce:                0 kB
WritebackTmp:          0 kB
CommitLimit:    34716468 kB
Committed_AS:     808040 kB
VmallocTotal:   34359738367 kB
VmallocUsed:       43276 kB
VmallocChunk:          0 kB
Percpu:           217728 kB
HardwareCorrupted:     0 kB
AnonHugePages:         0 kB
ShmemHugePages:        0 kB
ShmemPmdMapped:        0 kB
FileHugePages:         0 kB
FilePmdMapped:         0 kB
HugePages_Total:       0
HugePages_Free:        0
HugePages_Rsvd:        0
HugePages_Surp:        0
Hugepagesize:       2048 kB
Hugetlb:               0 kB
DirectMap4k:     2790208 kB
DirectMap2M:     5185536 kB
DirectMap1G:    58720256 kB

