MemTotal:       65439348 kB
MemFree:        64187328 kB
MemAvailable:   63961580 kB
Buffers:           41292 kB
Cached:           309260 kB
SwapCached:            0 kB
Active:           136696 kB
Inactive:         281024 kB
Active(anon):       3248 kB
Inactive(anon):    79436 kB
Active(file):     133448 kB
Inactive(file):   201588 kB
Unevictable:       19496 kB
Mlocked:           19496 kB
SwapTotal:       1996796 kB
SwapFree:        1996796 kB
Dirty:               712 kB
Writeback:             0 kB
AnonPages:         86660 kB
Mapped:            88044 kB
Shmem:              6384 kB
KReclaimable:      71056 kB
Slab:             296224 kB
SReclaimable:      71056 kB
SUnreclaim:       225168 kB
KernelStack:       10096 kB
PageTables:         2384 kB
NFS_Unstable:          0 kB
Bounce:                0 kB
WritebackTmp:          0 kB
CommitLimit:    34716468 kB
Committed_AS:     837616 kB
VmallocTotal:   34359738367 kB
VmallocUsed:       39668 kB
VmallocChunk:          0 kB
Percpu:           124416 kB
HardwareCorrupted:     0 kB
AnonHugePages:         0 kB
ShmemHugePages:        0 kB
ShmemPmdMapped:        0 kB
FileHugePages:         0 kB
FilePmdMapped:         0 kB
HugePages_Total:       0
HugePages_Free:        0
HugePages_Rsvd:        0
HugePages_Surp:        0
Hugepagesize:       2048 kB
Hugetlb:               0 kB
DirectMap4k:     2673472 kB
DirectMap2M:     5302272 kB
DirectMap1G:    58720256 kB

