MemTotal:       65439348 kB
MemFree:        64184980 kB
MemAvailable:   63960924 kB
Buffers:           41524 kB
Cached:           310588 kB
SwapCached:            0 kB
Active:           136900 kB
Inactive:         281400 kB
Active(anon):       3248 kB
Inactive(anon):    78464 kB
Active(file):     133652 kB
Inactive(file):   202936 kB
Unevictable:       19496 kB
Mlocked:           19496 kB
SwapTotal:       1996796 kB
SwapFree:        1996796 kB
Dirty:               184 kB
Writeback:             0 kB
AnonPages:         85756 kB
Mapped:            88036 kB
Shmem:              6380 kB
KReclaimable:      71332 kB
Slab:             296800 kB
SReclaimable:      71332 kB
SUnreclaim:       225468 kB
KernelStack:       10080 kB
PageTables:         2580 kB
NFS_Unstable:          0 kB
Bounce:                0 kB
WritebackTmp:          0 kB
CommitLimit:    34716468 kB
Committed_AS:     837868 kB
VmallocTotal:   34359738367 kB
VmallocUsed:       39684 kB
VmallocChunk:          0 kB
Percpu:           126144 kB
HardwareCorrupted:     0 kB
AnonHugePages:         0 kB
ShmemHugePages:        0 kB
ShmemPmdMapped:        0 kB
FileHugePages:         0 kB
FilePmdMapped:         0 kB
HugePages_Total:       0
HugePages_Free:        0
HugePages_Rsvd:        0
HugePages_Surp:        0
Hugepagesize:       2048 kB
Hugetlb:               0 kB
DirectMap4k:     2675520 kB
DirectMap2M:     5300224 kB
DirectMap1G:    58720256 kB

