MemTotal:       65439348 kB
MemFree:        63921988 kB
MemAvailable:   63926084 kB
Buffers:           45692 kB
Cached:           531412 kB
SwapCached:            0 kB
Active:           154012 kB
Inactive:         484952 kB
Active(anon):       3252 kB
Inactive(anon):    74084 kB
Active(file):     150760 kB
Inactive(file):   410868 kB
Unevictable:       19496 kB
Mlocked:           19496 kB
SwapTotal:       1996796 kB
SwapFree:        1996796 kB
Dirty:               724 kB
Writeback:             0 kB
AnonPages:         81424 kB
Mapped:            81368 kB
Shmem:              6376 kB
KReclaimable:      77560 kB
Slab:             307112 kB
SReclaimable:      77560 kB
SUnreclaim:       229552 kB
KernelStack:       10080 kB
PageTables:         2076 kB
NFS_Unstable:          0 kB
Bounce:                0 kB
WritebackTmp:          0 kB
CommitLimit:    34716468 kB
Committed_AS:     799204 kB
VmallocTotal:   34359738367 kB
VmallocUsed:       40708 kB
VmallocChunk:          0 kB
Percpu:           156288 kB
HardwareCorrupted:     0 kB
AnonHugePages:         0 kB
ShmemHugePages:        0 kB
ShmemPmdMapped:        0 kB
FileHugePages:         0 kB
FilePmdMapped:         0 kB
HugePages_Total:       0
HugePages_Free:        0
HugePages_Rsvd:        0
HugePages_Surp:        0
Hugepagesize:       2048 kB
Hugetlb:               0 kB
DirectMap4k:     2718528 kB
DirectMap2M:     5257216 kB
DirectMap1G:    58720256 kB

