MemTotal:       65439348 kB
MemFree:        63908512 kB
MemAvailable:   63920968 kB
Buffers:           46720 kB
Cached:           538300 kB
SwapCached:            0 kB
Active:           155004 kB
Inactive:         490736 kB
Active(anon):       3240 kB
Inactive(anon):    72964 kB
Active(file):     151764 kB
Inactive(file):   417772 kB
Unevictable:       19496 kB
Mlocked:           19496 kB
SwapTotal:       1996796 kB
SwapFree:        1996796 kB
Dirty:               764 kB
Writeback:            36 kB
AnonPages:         80416 kB
Mapped:            81856 kB
Shmem:              6376 kB
KReclaimable:      78464 kB
Slab:             308908 kB
SReclaimable:      78464 kB
SUnreclaim:       230444 kB
KernelStack:       10032 kB
PageTables:         2428 kB
NFS_Unstable:          0 kB
Bounce:                0 kB
WritebackTmp:          0 kB
CommitLimit:    34716468 kB
Committed_AS:     799588 kB
VmallocTotal:   34359738367 kB
VmallocUsed:       41228 kB
VmallocChunk:          0 kB
Percpu:           163968 kB
HardwareCorrupted:     0 kB
AnonHugePages:         0 kB
ShmemHugePages:        0 kB
ShmemPmdMapped:        0 kB
FileHugePages:         0 kB
FilePmdMapped:         0 kB
HugePages_Total:       0
HugePages_Free:        0
HugePages_Rsvd:        0
HugePages_Surp:        0
Hugepagesize:       2048 kB
Hugetlb:               0 kB
DirectMap4k:     2728768 kB
DirectMap2M:     5246976 kB
DirectMap1G:    58720256 kB

