MemTotal:       65439348 kB
MemFree:        64166188 kB
MemAvailable:   63952940 kB
Buffers:           42864 kB
Cached:           319448 kB
SwapCached:            0 kB
Active:           138300 kB
Inactive:         289948 kB
Active(anon):       3252 kB
Inactive(anon):    78164 kB
Active(file):     135048 kB
Inactive(file):   211784 kB
Unevictable:       19496 kB
Mlocked:           19496 kB
SwapTotal:       1996796 kB
SwapFree:        1996796 kB
Dirty:                72 kB
Writeback:             0 kB
AnonPages:         85512 kB
Mapped:            88692 kB
Shmem:              6380 kB
KReclaimable:      72460 kB
Slab:             299524 kB
SReclaimable:      72460 kB
SUnreclaim:       227064 kB
KernelStack:       10048 kB
PageTables:         2572 kB
NFS_Unstable:          0 kB
Bounce:                0 kB
WritebackTmp:          0 kB
CommitLimit:    34716468 kB
Committed_AS:     838000 kB
VmallocTotal:   34359738367 kB
VmallocUsed:       40088 kB
VmallocChunk:          0 kB
Percpu:           135744 kB
HardwareCorrupted:     0 kB
AnonHugePages:         0 kB
ShmemHugePages:        0 kB
ShmemPmdMapped:        0 kB
FileHugePages:         0 kB
FilePmdMapped:         0 kB
HugePages_Total:       0
HugePages_Free:        0
HugePages_Rsvd:        0
HugePages_Surp:        0
Hugepagesize:       2048 kB
Hugetlb:               0 kB
DirectMap4k:     2693952 kB
DirectMap2M:     5281792 kB
DirectMap1G:    58720256 kB

