MemTotal:       65439348 kB
MemFree:        64283976 kB
MemAvailable:   64004156 kB
Buffers:           36016 kB
Cached:           262764 kB
SwapCached:            0 kB
Active:           128808 kB
Inactive:         230320 kB
Active(anon):       3220 kB
Inactive(anon):    72640 kB
Active(file):     125588 kB
Inactive(file):   157680 kB
Unevictable:       19496 kB
Mlocked:           19496 kB
SwapTotal:       1996796 kB
SwapFree:        1996796 kB
Dirty:               724 kB
Writeback:             0 kB
AnonPages:         79868 kB
Mapped:            75568 kB
Shmem:              6376 kB
KReclaimable:      66444 kB
Slab:             288660 kB
SReclaimable:      66444 kB
SUnreclaim:       222216 kB
KernelStack:       10000 kB
PageTables:         2256 kB
NFS_Unstable:          0 kB
Bounce:                0 kB
WritebackTmp:          0 kB
CommitLimit:    34716468 kB
Committed_AS:     790356 kB
VmallocTotal:   34359738367 kB
VmallocUsed:       38404 kB
VmallocChunk:          0 kB
Percpu:            96576 kB
HardwareCorrupted:     0 kB
AnonHugePages:         0 kB
ShmemHugePages:        0 kB
ShmemPmdMapped:        0 kB
FileHugePages:         0 kB
FilePmdMapped:         0 kB
HugePages_Total:       0
HugePages_Free:        0
HugePages_Rsvd:        0
HugePages_Surp:        0
Hugepagesize:       2048 kB
Hugetlb:               0 kB
DirectMap4k:     2306880 kB
DirectMap2M:     5668864 kB
DirectMap1G:    58720256 kB

