MemTotal:       65439348 kB
MemFree:        64322744 kB
MemAvailable:   64018692 kB
Buffers:           31048 kB
Cached:           246836 kB
SwapCached:            0 kB
Active:           122188 kB
Inactive:         215696 kB
Active(anon):       3212 kB
Inactive(anon):    72272 kB
Active(file):     118976 kB
Inactive(file):   143424 kB
Unevictable:       19496 kB
Mlocked:           19496 kB
SwapTotal:       1996796 kB
SwapFree:        1996796 kB
Dirty:               352 kB
Writeback:             0 kB
AnonPages:         79672 kB
Mapped:            74404 kB
Shmem:              6376 kB
KReclaimable:      56236 kB
Slab:             276480 kB
SReclaimable:      56236 kB
SUnreclaim:       220244 kB
KernelStack:        9952 kB
PageTables:         2392 kB
NFS_Unstable:          0 kB
Bounce:                0 kB
WritebackTmp:          0 kB
CommitLimit:    34716468 kB
Committed_AS:     790356 kB
VmallocTotal:   34359738367 kB
VmallocUsed:       38404 kB
VmallocChunk:          0 kB
Percpu:            96576 kB
HardwareCorrupted:     0 kB
AnonHugePages:         0 kB
ShmemHugePages:        0 kB
ShmemPmdMapped:        0 kB
FileHugePages:         0 kB
FilePmdMapped:         0 kB
HugePages_Total:       0
HugePages_Free:        0
HugePages_Rsvd:        0
HugePages_Surp:        0
Hugepagesize:       2048 kB
Hugetlb:               0 kB
DirectMap4k:     2091840 kB
DirectMap2M:     5883904 kB
DirectMap1G:    58720256 kB

