MemTotal:       65439348 kB
MemFree:        64178656 kB
MemAvailable:   63958148 kB
Buffers:           41924 kB
Cached:           313540 kB
SwapCached:            0 kB
Active:           137332 kB
Inactive:         284128 kB
Active(anon):       3236 kB
Inactive(anon):    78248 kB
Active(file):     134096 kB
Inactive(file):   205880 kB
Unevictable:       19496 kB
Mlocked:           19496 kB
SwapTotal:       1996796 kB
SwapFree:        1996796 kB
Dirty:               788 kB
Writeback:             0 kB
AnonPages:         85472 kB
Mapped:            88264 kB
Shmem:              6380 kB
KReclaimable:      71656 kB
Slab:             297672 kB
SReclaimable:      71656 kB
SUnreclaim:       226016 kB
KernelStack:       10032 kB
PageTables:         2496 kB
NFS_Unstable:          0 kB
Bounce:                0 kB
WritebackTmp:          0 kB
CommitLimit:    34716468 kB
Committed_AS:     838000 kB
VmallocTotal:   34359738367 kB
VmallocUsed:       39796 kB
VmallocChunk:          0 kB
Percpu:           129216 kB
HardwareCorrupted:     0 kB
AnonHugePages:         0 kB
ShmemHugePages:        0 kB
ShmemPmdMapped:        0 kB
FileHugePages:         0 kB
FilePmdMapped:         0 kB
HugePages_Total:       0
HugePages_Free:        0
HugePages_Rsvd:        0
HugePages_Surp:        0
Hugepagesize:       2048 kB
Hugetlb:               0 kB
DirectMap4k:     2681664 kB
DirectMap2M:     5294080 kB
DirectMap1G:    58720256 kB

