MemTotal:       65439348 kB
MemFree:        64185256 kB
MemAvailable:   63962660 kB
Buffers:           41692 kB
Cached:           311776 kB
SwapCached:            0 kB
Active:           137112 kB
Inactive:         282264 kB
Active(anon):       3248 kB
Inactive(anon):    78144 kB
Active(file):     133864 kB
Inactive(file):   204120 kB
Unevictable:       19496 kB
Mlocked:           19496 kB
SwapTotal:       1996796 kB
SwapFree:        1996796 kB
Dirty:               276 kB
Writeback:             0 kB
AnonPages:         85488 kB
Mapped:            88068 kB
Shmem:              6380 kB
KReclaimable:      71464 kB
Slab:             297400 kB
SReclaimable:      71464 kB
SUnreclaim:       225936 kB
KernelStack:       10128 kB
PageTables:         2568 kB
NFS_Unstable:          0 kB
Bounce:                0 kB
WritebackTmp:          0 kB
CommitLimit:    34716468 kB
Committed_AS:     837868 kB
VmallocTotal:   34359738367 kB
VmallocUsed:       39556 kB
VmallocChunk:          0 kB
Percpu:           127296 kB
HardwareCorrupted:     0 kB
AnonHugePages:         0 kB
ShmemHugePages:        0 kB
ShmemPmdMapped:        0 kB
FileHugePages:         0 kB
FilePmdMapped:         0 kB
HugePages_Total:       0
HugePages_Free:        0
HugePages_Rsvd:        0
HugePages_Surp:        0
Hugepagesize:       2048 kB
Hugetlb:               0 kB
DirectMap4k:     2675520 kB
DirectMap2M:     5300224 kB
DirectMap1G:    58720256 kB

