MemTotal:       65439348 kB
MemFree:        64150376 kB
MemAvailable:   63942268 kB
Buffers:           43492 kB
Cached:           323740 kB
SwapCached:            0 kB
Active:           139232 kB
Inactive:         295528 kB
Active(anon):       3248 kB
Inactive(anon):    79824 kB
Active(file):     135984 kB
Inactive(file):   215704 kB
Unevictable:       19496 kB
Mlocked:           19496 kB
SwapTotal:       1996796 kB
SwapFree:        1996796 kB
Dirty:               208 kB
Writeback:             0 kB
AnonPages:         86700 kB
Mapped:            89940 kB
Shmem:              6380 kB
KReclaimable:      73028 kB
Slab:             300668 kB
SReclaimable:      73028 kB
SUnreclaim:       227640 kB
KernelStack:       10256 kB
PageTables:         3164 kB
NFS_Unstable:          0 kB
Bounce:                0 kB
WritebackTmp:          0 kB
CommitLimit:    34716468 kB
Committed_AS:     837872 kB
VmallocTotal:   34359738367 kB
VmallocUsed:       40280 kB
VmallocChunk:          0 kB
Percpu:           140544 kB
HardwareCorrupted:     0 kB
AnonHugePages:         0 kB
ShmemHugePages:        0 kB
ShmemPmdMapped:        0 kB
FileHugePages:         0 kB
FilePmdMapped:         0 kB
HugePages_Total:       0
HugePages_Free:        0
HugePages_Rsvd:        0
HugePages_Surp:        0
Hugepagesize:       2048 kB
Hugetlb:               0 kB
DirectMap4k:     2700096 kB
DirectMap2M:     5275648 kB
DirectMap1G:    58720256 kB

