MemTotal:       65439348 kB
MemFree:        63732012 kB
MemAvailable:   63828428 kB
Buffers:           57040 kB
Cached:           607224 kB
SwapCached:            0 kB
Active:           205008 kB
Inactive:         525116 kB
Active(anon):       3248 kB
Inactive(anon):    78100 kB
Active(file):     201760 kB
Inactive(file):   447016 kB
Unevictable:       19496 kB
Mlocked:           19496 kB
SwapTotal:       1996796 kB
SwapFree:        1996796 kB
Dirty:               712 kB
Writeback:             0 kB
AnonPages:         85468 kB
Mapped:            96820 kB
Shmem:              6380 kB
KReclaimable:      87900 kB
Slab:             323928 kB
SReclaimable:      87900 kB
SUnreclaim:       236028 kB
KernelStack:       10112 kB
PageTables:         2612 kB
NFS_Unstable:          0 kB
Bounce:                0 kB
WritebackTmp:          0 kB
CommitLimit:    34716468 kB
Committed_AS:     854428 kB
VmallocTotal:   34359738367 kB
VmallocUsed:       44620 kB
VmallocChunk:          0 kB
Percpu:           237120 kB
HardwareCorrupted:     0 kB
AnonHugePages:         0 kB
ShmemHugePages:        0 kB
ShmemPmdMapped:        0 kB
FileHugePages:         0 kB
FilePmdMapped:         0 kB
HugePages_Total:       0
HugePages_Free:        0
HugePages_Rsvd:        0
HugePages_Surp:        0
Hugepagesize:       2048 kB
Hugetlb:               0 kB
DirectMap4k:     2812736 kB
DirectMap2M:     5163008 kB
DirectMap1G:    58720256 kB

