MemTotal:       65439348 kB
MemFree:        64245400 kB
MemAvailable:   63988188 kB
Buffers:           38688 kB
Cached:           281528 kB
SwapCached:            0 kB
Active:           132396 kB
Inactive:         247824 kB
Active(anon):       3220 kB
Inactive(anon):    72276 kB
Active(file):     129176 kB
Inactive(file):   175548 kB
Unevictable:       19496 kB
Mlocked:           19496 kB
SwapTotal:       1996796 kB
SwapFree:        1996796 kB
Dirty:               772 kB
Writeback:             4 kB
AnonPages:         79604 kB
Mapped:            77200 kB
Shmem:              6376 kB
KReclaimable:      68748 kB
Slab:             293096 kB
SReclaimable:      68748 kB
SUnreclaim:       224348 kB
KernelStack:       10016 kB
PageTables:         2400 kB
NFS_Unstable:          0 kB
Bounce:                0 kB
WritebackTmp:          0 kB
CommitLimit:    34716468 kB
Committed_AS:     790620 kB
VmallocTotal:   34359738367 kB
VmallocUsed:       39016 kB
VmallocChunk:          0 kB
Percpu:           109248 kB
HardwareCorrupted:     0 kB
AnonHugePages:         0 kB
ShmemHugePages:        0 kB
ShmemPmdMapped:        0 kB
FileHugePages:         0 kB
FilePmdMapped:         0 kB
HugePages_Total:       0
HugePages_Free:        0
HugePages_Rsvd:        0
HugePages_Surp:        0
Hugepagesize:       2048 kB
Hugetlb:               0 kB
DirectMap4k:     2597696 kB
DirectMap2M:     5378048 kB
DirectMap1G:    58720256 kB

