MemTotal:       65439348 kB
MemFree:        64134288 kB
MemAvailable:   63935628 kB
Buffers:           44644 kB
Cached:           331348 kB
SwapCached:            0 kB
Active:           140400 kB
Inactive:         301664 kB
Active(anon):       3248 kB
Inactive(anon):    78304 kB
Active(file):     137152 kB
Inactive(file):   223360 kB
Unevictable:       19496 kB
Mlocked:           19496 kB
SwapTotal:       1996796 kB
SwapFree:        1996796 kB
Dirty:               172 kB
Writeback:             0 kB
AnonPages:         85688 kB
Mapped:            89600 kB
Shmem:              6380 kB
KReclaimable:      74276 kB
Slab:             302636 kB
SReclaimable:      74276 kB
SUnreclaim:       228360 kB
KernelStack:       10096 kB
PageTables:         2580 kB
NFS_Unstable:          0 kB
Bounce:                0 kB
WritebackTmp:          0 kB
CommitLimit:    34716468 kB
Committed_AS:     838264 kB
VmallocTotal:   34359738367 kB
VmallocUsed:       40812 kB
VmallocChunk:          0 kB
Percpu:           148992 kB
HardwareCorrupted:     0 kB
AnonHugePages:         0 kB
ShmemHugePages:        0 kB
ShmemPmdMapped:        0 kB
FileHugePages:         0 kB
FilePmdMapped:         0 kB
HugePages_Total:       0
HugePages_Free:        0
HugePages_Rsvd:        0
HugePages_Surp:        0
Hugepagesize:       2048 kB
Hugetlb:               0 kB
DirectMap4k:     2710336 kB
DirectMap2M:     5265408 kB
DirectMap1G:    58720256 kB

