MemTotal:       65439348 kB
MemFree:        63789560 kB
MemAvailable:   63858668 kB
Buffers:           53348 kB
Cached:           585052 kB
SwapCached:            0 kB
Active:           200612 kB
Inactive:         498324 kB
Active(anon):       3244 kB
Inactive(anon):    72792 kB
Active(file):     197368 kB
Inactive(file):   425532 kB
Unevictable:       19496 kB
Mlocked:           19496 kB
SwapTotal:       1996796 kB
SwapFree:        1996796 kB
Dirty:               784 kB
Writeback:             0 kB
AnonPages:         80164 kB
Mapped:            85536 kB
Shmem:              6376 kB
KReclaimable:      85040 kB
Slab:             319592 kB
SReclaimable:      85040 kB
SUnreclaim:       234552 kB
KernelStack:       10080 kB
PageTables:         2452 kB
NFS_Unstable:          0 kB
Bounce:                0 kB
WritebackTmp:          0 kB
CommitLimit:    34716468 kB
Committed_AS:     808036 kB
VmallocTotal:   34359738367 kB
VmallocUsed:       43356 kB
VmallocChunk:          0 kB
Percpu:           213504 kB
HardwareCorrupted:     0 kB
AnonHugePages:         0 kB
ShmemHugePages:        0 kB
ShmemPmdMapped:        0 kB
FileHugePages:         0 kB
FilePmdMapped:         0 kB
HugePages_Total:       0
HugePages_Free:        0
HugePages_Rsvd:        0
HugePages_Surp:        0
Hugepagesize:       2048 kB
Hugetlb:               0 kB
DirectMap4k:     2784064 kB
DirectMap2M:     5191680 kB
DirectMap1G:    58720256 kB

