MemTotal:       65439348 kB
MemFree:        63875008 kB
MemAvailable:   63904264 kB
Buffers:           48672 kB
Cached:           552208 kB
SwapCached:            0 kB
Active:           156960 kB
Inactive:         508508 kB
Active(anon):       3236 kB
Inactive(anon):    76888 kB
Active(file):     153724 kB
Inactive(file):   431620 kB
Unevictable:       19496 kB
Mlocked:           19496 kB
SwapTotal:       1996796 kB
SwapFree:        1996796 kB
Dirty:               656 kB
Writeback:             0 kB
AnonPages:         84188 kB
Mapped:            85264 kB
Shmem:              6380 kB
KReclaimable:      80444 kB
Slab:             311640 kB
SReclaimable:      80444 kB
SUnreclaim:       231196 kB
KernelStack:       10128 kB
PageTables:         2920 kB
NFS_Unstable:          0 kB
Bounce:                0 kB
WritebackTmp:          0 kB
CommitLimit:    34716468 kB
Committed_AS:     799200 kB
VmallocTotal:   34359738367 kB
VmallocUsed:       41712 kB
VmallocChunk:          0 kB
Percpu:           179136 kB
HardwareCorrupted:     0 kB
AnonHugePages:         0 kB
ShmemHugePages:        0 kB
ShmemPmdMapped:        0 kB
FileHugePages:         0 kB
FilePmdMapped:         0 kB
HugePages_Total:       0
HugePages_Free:        0
HugePages_Rsvd:        0
HugePages_Surp:        0
Hugepagesize:       2048 kB
Hugetlb:               0 kB
DirectMap4k:     2747200 kB
DirectMap2M:     5228544 kB
DirectMap1G:    58720256 kB

