MemTotal:       65439348 kB
MemFree:        64317820 kB
MemAvailable:   64014280 kB
Buffers:           31176 kB
Cached:           247712 kB
SwapCached:            0 kB
Active:           122340 kB
Inactive:         218468 kB
Active(anon):       3220 kB
Inactive(anon):    74180 kB
Active(file):     119120 kB
Inactive(file):   144288 kB
Unevictable:       19496 kB
Mlocked:           19496 kB
SwapTotal:       1996796 kB
SwapFree:        1996796 kB
Dirty:               612 kB
Writeback:             0 kB
AnonPages:         81048 kB
Mapped:            74572 kB
Shmem:              6376 kB
KReclaimable:      56256 kB
Slab:             276396 kB
SReclaimable:      56256 kB
SUnreclaim:       220140 kB
KernelStack:       10064 kB
PageTables:         2708 kB
NFS_Unstable:          0 kB
Bounce:                0 kB
WritebackTmp:          0 kB
CommitLimit:    34716468 kB
Committed_AS:     790100 kB
VmallocTotal:   34359738367 kB
VmallocUsed:       38452 kB
VmallocChunk:          0 kB
Percpu:            96576 kB
HardwareCorrupted:     0 kB
AnonHugePages:         0 kB
ShmemHugePages:        0 kB
ShmemPmdMapped:        0 kB
FileHugePages:         0 kB
FilePmdMapped:         0 kB
HugePages_Total:       0
HugePages_Free:        0
HugePages_Rsvd:        0
HugePages_Surp:        0
Hugepagesize:       2048 kB
Hugetlb:               0 kB
DirectMap4k:     2104128 kB
DirectMap2M:     5871616 kB
DirectMap1G:    58720256 kB

