MemTotal:       65439348 kB
MemFree:        64284216 kB
MemAvailable:   64007872 kB
Buffers:           36440 kB
Cached:           265588 kB
SwapCached:            0 kB
Active:           129248 kB
Inactive:         233036 kB
Active(anon):       3204 kB
Inactive(anon):    72524 kB
Active(file):     126044 kB
Inactive(file):   160512 kB
Unevictable:       19496 kB
Mlocked:           19496 kB
SwapTotal:       1996796 kB
SwapFree:        1996796 kB
Dirty:               740 kB
Writeback:             0 kB
AnonPages:         80328 kB
Mapped:            75560 kB
Shmem:              6372 kB
KReclaimable:      66820 kB
Slab:             289140 kB
SReclaimable:      66820 kB
SUnreclaim:       222320 kB
KernelStack:       10080 kB
PageTables:         2244 kB
NFS_Unstable:          0 kB
Bounce:                0 kB
WritebackTmp:          0 kB
CommitLimit:    34716468 kB
Committed_AS:     790356 kB
VmallocTotal:   34359738367 kB
VmallocUsed:       38420 kB
VmallocChunk:          0 kB
Percpu:            96576 kB
HardwareCorrupted:     0 kB
AnonHugePages:         0 kB
ShmemHugePages:        0 kB
ShmemPmdMapped:        0 kB
FileHugePages:         0 kB
FilePmdMapped:         0 kB
HugePages_Total:       0
HugePages_Free:        0
HugePages_Rsvd:        0
HugePages_Surp:        0
Hugepagesize:       2048 kB
Hugetlb:               0 kB
DirectMap4k:     2349888 kB
DirectMap2M:     5625856 kB
DirectMap1G:    58720256 kB

