MemTotal:       65439348 kB
MemFree:        63804696 kB
MemAvailable:   63865340 kB
Buffers:           52416 kB
Cached:           578000 kB
SwapCached:            0 kB
Active:           199680 kB
Inactive:         494200 kB
Active(anon):       3244 kB
Inactive(anon):    75740 kB
Active(file):     196436 kB
Inactive(file):   418460 kB
Unevictable:       19496 kB
Mlocked:           19496 kB
SwapTotal:       1996796 kB
SwapFree:        1996796 kB
Dirty:               568 kB
Writeback:             0 kB
AnonPages:         83028 kB
Mapped:            86108 kB
Shmem:              6376 kB
KReclaimable:      84120 kB
Slab:             318524 kB
SReclaimable:      84120 kB
SUnreclaim:       234404 kB
KernelStack:       10176 kB
PageTables:         2396 kB
NFS_Unstable:          0 kB
Bounce:                0 kB
WritebackTmp:          0 kB
CommitLimit:    34716468 kB
Committed_AS:     808036 kB
VmallocTotal:   34359738367 kB
VmallocUsed:       42744 kB
VmallocChunk:          0 kB
Percpu:           205632 kB
HardwareCorrupted:     0 kB
AnonHugePages:         0 kB
ShmemHugePages:        0 kB
ShmemPmdMapped:        0 kB
FileHugePages:         0 kB
FilePmdMapped:         0 kB
HugePages_Total:       0
HugePages_Free:        0
HugePages_Rsvd:        0
HugePages_Surp:        0
Hugepagesize:       2048 kB
Hugetlb:               0 kB
DirectMap4k:     2773824 kB
DirectMap2M:     5201920 kB
DirectMap1G:    58720256 kB

