MemTotal:       65439348 kB
MemFree:        63832180 kB
MemAvailable:   63884524 kB
Buffers:           51476 kB
Cached:           571096 kB
SwapCached:            0 kB
Active:           198760 kB
Inactive:         485460 kB
Active(anon):       3244 kB
Inactive(anon):    73876 kB
Active(file):     195516 kB
Inactive(file):   411584 kB
Unevictable:       19496 kB
Mlocked:           19496 kB
SwapTotal:       1996796 kB
SwapFree:        1996796 kB
Dirty:               556 kB
Writeback:             0 kB
AnonPages:         80764 kB
Mapped:            84836 kB
Shmem:              6372 kB
KReclaimable:      83112 kB
Slab:             315684 kB
SReclaimable:      83112 kB
SUnreclaim:       232572 kB
KernelStack:       10096 kB
PageTables:         2560 kB
NFS_Unstable:          0 kB
Bounce:                0 kB
WritebackTmp:          0 kB
CommitLimit:    34716468 kB
Committed_AS:     807648 kB
VmallocTotal:   34359738367 kB
VmallocUsed:       42808 kB
VmallocChunk:          0 kB
Percpu:           197760 kB
HardwareCorrupted:     0 kB
AnonHugePages:         0 kB
ShmemHugePages:        0 kB
ShmemPmdMapped:        0 kB
FileHugePages:         0 kB
FilePmdMapped:         0 kB
HugePages_Total:       0
HugePages_Free:        0
HugePages_Rsvd:        0
HugePages_Surp:        0
Hugepagesize:       2048 kB
Hugetlb:               0 kB
DirectMap4k:     2767680 kB
DirectMap2M:     5208064 kB
DirectMap1G:    58720256 kB

