MemTotal:       65439348 kB
MemFree:        64136672 kB
MemAvailable:   63935688 kB
Buffers:           44356 kB
Cached:           329508 kB
SwapCached:            0 kB
Active:           140092 kB
Inactive:         300332 kB
Active(anon):       3248 kB
Inactive(anon):    78848 kB
Active(file):     136844 kB
Inactive(file):   221484 kB
Unevictable:       19496 kB
Mlocked:           19496 kB
SwapTotal:       1996796 kB
SwapFree:        1996796 kB
Dirty:               676 kB
Writeback:             0 kB
AnonPages:         86136 kB
Mapped:            89532 kB
Shmem:              6380 kB
KReclaimable:      73996 kB
Slab:             302048 kB
SReclaimable:      73996 kB
SUnreclaim:       228052 kB
KernelStack:       10240 kB
PageTables:         3056 kB
NFS_Unstable:          0 kB
Bounce:                0 kB
WritebackTmp:          0 kB
CommitLimit:    34716468 kB
Committed_AS:     837868 kB
VmallocTotal:   34359738367 kB
VmallocUsed:       40828 kB
VmallocChunk:          0 kB
Percpu:           146688 kB
HardwareCorrupted:     0 kB
AnonHugePages:         0 kB
ShmemHugePages:        0 kB
ShmemPmdMapped:        0 kB
FileHugePages:         0 kB
FilePmdMapped:         0 kB
HugePages_Total:       0
HugePages_Free:        0
HugePages_Rsvd:        0
HugePages_Surp:        0
Hugepagesize:       2048 kB
Hugetlb:               0 kB
DirectMap4k:     2706240 kB
DirectMap2M:     5269504 kB
DirectMap1G:    58720256 kB

