MemTotal:       65439348 kB
MemFree:        64168920 kB
MemAvailable:   63954140 kB
Buffers:           42584 kB
Cached:           318268 kB
SwapCached:            0 kB
Active:           138004 kB
Inactive:         288772 kB
Active(anon):       3244 kB
Inactive(anon):    78164 kB
Active(file):     134760 kB
Inactive(file):   210608 kB
Unevictable:       19496 kB
Mlocked:           19496 kB
SwapTotal:       1996796 kB
SwapFree:        1996796 kB
Dirty:               272 kB
Writeback:             0 kB
AnonPages:         85544 kB
Mapped:            88616 kB
Shmem:              6380 kB
KReclaimable:      72324 kB
Slab:             299308 kB
SReclaimable:      72324 kB
SUnreclaim:       226984 kB
KernelStack:       10080 kB
PageTables:         2572 kB
NFS_Unstable:          0 kB
Bounce:                0 kB
WritebackTmp:          0 kB
CommitLimit:    34716468 kB
Committed_AS:     838000 kB
VmallocTotal:   34359738367 kB
VmallocUsed:       40264 kB
VmallocChunk:          0 kB
Percpu:           134592 kB
HardwareCorrupted:     0 kB
AnonHugePages:         0 kB
ShmemHugePages:        0 kB
ShmemPmdMapped:        0 kB
FileHugePages:         0 kB
FilePmdMapped:         0 kB
HugePages_Total:       0
HugePages_Free:        0
HugePages_Rsvd:        0
HugePages_Surp:        0
Hugepagesize:       2048 kB
Hugetlb:               0 kB
DirectMap4k:     2691904 kB
DirectMap2M:     5283840 kB
DirectMap1G:    58720256 kB

