MemTotal:       65439348 kB
MemFree:        63721756 kB
MemAvailable:   63825456 kB
Buffers:           57848 kB
Cached:           613308 kB
SwapCached:            0 kB
Active:           210768 kB
Inactive:         521264 kB
Active(anon):       3248 kB
Inactive(anon):    73108 kB
Active(file):     207520 kB
Inactive(file):   448156 kB
Unevictable:       19496 kB
Mlocked:           19496 kB
SwapTotal:       1996796 kB
SwapFree:        1996796 kB
Dirty:               620 kB
Writeback:             0 kB
AnonPages:         80396 kB
Mapped:            88064 kB
Shmem:              6380 kB
KReclaimable:      88668 kB
Slab:             325852 kB
SReclaimable:      88668 kB
SUnreclaim:       237184 kB
KernelStack:        9936 kB
PageTables:         2604 kB
NFS_Unstable:          0 kB
Bounce:                0 kB
WritebackTmp:          0 kB
CommitLimit:    34716468 kB
Committed_AS:     807648 kB
VmallocTotal:   34359738367 kB
VmallocUsed:       44228 kB
VmallocChunk:          0 kB
Percpu:           243648 kB
HardwareCorrupted:     0 kB
AnonHugePages:         0 kB
ShmemHugePages:        0 kB
ShmemPmdMapped:        0 kB
FileHugePages:         0 kB
FilePmdMapped:         0 kB
HugePages_Total:       0
HugePages_Free:        0
HugePages_Rsvd:        0
HugePages_Surp:        0
Hugepagesize:       2048 kB
Hugetlb:               0 kB
DirectMap4k:     2820928 kB
DirectMap2M:     5154816 kB
DirectMap1G:    58720256 kB

