MemTotal:       65439348 kB
MemFree:        63889616 kB
MemAvailable:   63912436 kB
Buffers:           47864 kB
Cached:           547004 kB
SwapCached:            0 kB
Active:           156176 kB
Inactive:         499440 kB
Active(anon):       3248 kB
Inactive(anon):    72976 kB
Active(file):     152928 kB
Inactive(file):   426464 kB
Unevictable:       19496 kB
Mlocked:           19496 kB
SwapTotal:       1996796 kB
SwapFree:        1996796 kB
Dirty:               908 kB
Writeback:             0 kB
AnonPages:         80272 kB
Mapped:            82576 kB
Shmem:              6376 kB
KReclaimable:      79480 kB
Slab:             309380 kB
SReclaimable:      79480 kB
SUnreclaim:       229900 kB
KernelStack:        9984 kB
PageTables:         2440 kB
NFS_Unstable:          0 kB
Bounce:                0 kB
WritebackTmp:          0 kB
CommitLimit:    34716468 kB
Committed_AS:     799204 kB
VmallocTotal:   34359738367 kB
VmallocUsed:       41664 kB
VmallocChunk:          0 kB
Percpu:           173760 kB
HardwareCorrupted:     0 kB
AnonHugePages:         0 kB
ShmemHugePages:        0 kB
ShmemPmdMapped:        0 kB
FileHugePages:         0 kB
FilePmdMapped:         0 kB
HugePages_Total:       0
HugePages_Free:        0
HugePages_Rsvd:        0
HugePages_Surp:        0
Hugepagesize:       2048 kB
Hugetlb:               0 kB
DirectMap4k:     2739008 kB
DirectMap2M:     5236736 kB
DirectMap1G:    58720256 kB

