MemTotal:       65439348 kB
MemFree:        64273232 kB
MemAvailable:   64003824 kB
Buffers:           37288 kB
Cached:           271248 kB
SwapCached:            0 kB
Active:           130124 kB
Inactive:         239752 kB
Active(anon):       3236 kB
Inactive(anon):    73592 kB
Active(file):     126888 kB
Inactive(file):   166160 kB
Unevictable:       19496 kB
Mlocked:           19496 kB
SwapTotal:       1996796 kB
SwapFree:        1996796 kB
Dirty:               868 kB
Writeback:             0 kB
AnonPages:         80416 kB
Mapped:            75932 kB
Shmem:              6380 kB
KReclaimable:      67712 kB
Slab:             289920 kB
SReclaimable:      67712 kB
SUnreclaim:       222208 kB
KernelStack:       10192 kB
PageTables:         2492 kB
NFS_Unstable:          0 kB
Bounce:                0 kB
WritebackTmp:          0 kB
CommitLimit:    34716468 kB
Committed_AS:     790356 kB
VmallocTotal:   34359738367 kB
VmallocUsed:       38532 kB
VmallocChunk:          0 kB
Percpu:            98880 kB
HardwareCorrupted:     0 kB
AnonHugePages:         0 kB
ShmemHugePages:        0 kB
ShmemPmdMapped:        0 kB
FileHugePages:         0 kB
FilePmdMapped:         0 kB
HugePages_Total:       0
HugePages_Free:        0
HugePages_Rsvd:        0
HugePages_Surp:        0
Hugepagesize:       2048 kB
Hugetlb:               0 kB
DirectMap4k:     2440000 kB
DirectMap2M:     5535744 kB
DirectMap1G:    58720256 kB

