MemTotal:       65439348 kB
MemFree:        63736520 kB
MemAvailable:   63829716 kB
Buffers:           56564 kB
Cached:           604676 kB
SwapCached:            0 kB
Active:           204536 kB
Inactive:         523304 kB
Active(anon):       3260 kB
Inactive(anon):    78840 kB
Active(file):     201276 kB
Inactive(file):   444464 kB
Unevictable:       19496 kB
Mlocked:           19496 kB
SwapTotal:       1996796 kB
SwapFree:        1996796 kB
Dirty:               888 kB
Writeback:             0 kB
AnonPages:         86220 kB
Mapped:            96728 kB
Shmem:              6384 kB
KReclaimable:      87532 kB
Slab:             325180 kB
SReclaimable:      87532 kB
SUnreclaim:       237648 kB
KernelStack:       10288 kB
PageTables:         2836 kB
NFS_Unstable:          0 kB
Bounce:                0 kB
WritebackTmp:          0 kB
CommitLimit:    34716468 kB
Committed_AS:     854040 kB
VmallocTotal:   34359738367 kB
VmallocUsed:       44072 kB
VmallocChunk:          0 kB
Percpu:           234624 kB
HardwareCorrupted:     0 kB
AnonHugePages:         0 kB
ShmemHugePages:        0 kB
ShmemPmdMapped:        0 kB
FileHugePages:         0 kB
FilePmdMapped:         0 kB
HugePages_Total:       0
HugePages_Free:        0
HugePages_Rsvd:        0
HugePages_Surp:        0
Hugepagesize:       2048 kB
Hugetlb:               0 kB
DirectMap4k:     2812736 kB
DirectMap2M:     5163008 kB
DirectMap1G:    58720256 kB

