MemTotal:       65439348 kB
MemFree:        63753420 kB
MemAvailable:   63838424 kB
Buffers:           55600 kB
Cached:           597900 kB
SwapCached:            0 kB
Active:           203540 kB
Inactive:         517744 kB
Active(anon):       3244 kB
Inactive(anon):    80068 kB
Active(file):     200296 kB
Inactive(file):   437676 kB
Unevictable:       19496 kB
Mlocked:           19496 kB
SwapTotal:       1996796 kB
SwapFree:        1996796 kB
Dirty:               548 kB
Writeback:             0 kB
AnonPages:         87884 kB
Mapped:            97492 kB
Shmem:              6380 kB
KReclaimable:      86684 kB
Slab:             322576 kB
SReclaimable:      86684 kB
SUnreclaim:       235892 kB
KernelStack:       10176 kB
PageTables:         3096 kB
NFS_Unstable:          0 kB
Bounce:                0 kB
WritebackTmp:          0 kB
CommitLimit:    34716468 kB
Committed_AS:     854040 kB
VmallocTotal:   34359738367 kB
VmallocUsed:       43912 kB
VmallocChunk:          0 kB
Percpu:           227328 kB
HardwareCorrupted:     0 kB
AnonHugePages:         0 kB
ShmemHugePages:        0 kB
ShmemPmdMapped:        0 kB
FileHugePages:         0 kB
FilePmdMapped:         0 kB
HugePages_Total:       0
HugePages_Free:        0
HugePages_Rsvd:        0
HugePages_Surp:        0
Hugepagesize:       2048 kB
Hugetlb:               0 kB
DirectMap4k:     2802496 kB
DirectMap2M:     5173248 kB
DirectMap1G:    58720256 kB

