MemTotal:       65439348 kB
MemFree:        64273692 kB
MemAvailable:   64002496 kB
Buffers:           37072 kB
Cached:           269772 kB
SwapCached:            0 kB
Active:           129872 kB
Inactive:         237060 kB
Active(anon):       3216 kB
Inactive(anon):    72376 kB
Active(file):     126656 kB
Inactive(file):   164684 kB
Unevictable:       19496 kB
Mlocked:           19496 kB
SwapTotal:       1996796 kB
SwapFree:        1996796 kB
Dirty:               748 kB
Writeback:             0 kB
AnonPages:         79764 kB
Mapped:            75852 kB
Shmem:              6376 kB
KReclaimable:      67548 kB
Slab:             290720 kB
SReclaimable:      67548 kB
SUnreclaim:       223172 kB
KernelStack:       10048 kB
PageTables:         2392 kB
NFS_Unstable:          0 kB
Bounce:                0 kB
WritebackTmp:          0 kB
CommitLimit:    34716468 kB
Committed_AS:     790616 kB
VmallocTotal:   34359738367 kB
VmallocUsed:       38516 kB
VmallocChunk:          0 kB
Percpu:            97728 kB
HardwareCorrupted:     0 kB
AnonHugePages:         0 kB
ShmemHugePages:        0 kB
ShmemPmdMapped:        0 kB
FileHugePages:         0 kB
FilePmdMapped:         0 kB
HugePages_Total:       0
HugePages_Free:        0
HugePages_Rsvd:        0
HugePages_Surp:        0
Hugepagesize:       2048 kB
Hugetlb:               0 kB
DirectMap4k:     2419520 kB
DirectMap2M:     5556224 kB
DirectMap1G:    58720256 kB

