MemTotal:       65439348 kB
MemFree:        63869744 kB
MemAvailable:   63901288 kB
Buffers:           48756 kB
Cached:           554316 kB
SwapCached:            0 kB
Active:           157196 kB
Inactive:         506864 kB
Active(anon):       3240 kB
Inactive(anon):    73256 kB
Active(file):     153956 kB
Inactive(file):   433608 kB
Unevictable:       19496 kB
Mlocked:           19496 kB
SwapTotal:       1996796 kB
SwapFree:        1996796 kB
Dirty:               112 kB
Writeback:             0 kB
AnonPages:         80572 kB
Mapped:            82880 kB
Shmem:              6376 kB
KReclaimable:      80580 kB
Slab:             311980 kB
SReclaimable:      80580 kB
SUnreclaim:       231400 kB
KernelStack:       10064 kB
PageTables:         2484 kB
NFS_Unstable:          0 kB
Bounce:                0 kB
WritebackTmp:          0 kB
CommitLimit:    34716468 kB
Committed_AS:     799588 kB
VmallocTotal:   34359738367 kB
VmallocUsed:       41712 kB
VmallocChunk:          0 kB
Percpu:           179136 kB
HardwareCorrupted:     0 kB
AnonHugePages:         0 kB
ShmemHugePages:        0 kB
ShmemPmdMapped:        0 kB
FileHugePages:         0 kB
FilePmdMapped:         0 kB
HugePages_Total:       0
HugePages_Free:        0
HugePages_Rsvd:        0
HugePages_Surp:        0
Hugepagesize:       2048 kB
Hugetlb:               0 kB
DirectMap4k:     2747200 kB
DirectMap2M:     5228544 kB
DirectMap1G:    58720256 kB

