MemTotal:       65439348 kB
MemFree:        64249384 kB
MemAvailable:   63989404 kB
Buffers:           38444 kB
Cached:           279180 kB
SwapCached:            0 kB
Active:           131268 kB
Inactive:         248448 kB
Active(anon):       3216 kB
Inactive(anon):    74384 kB
Active(file):     128052 kB
Inactive(file):   174064 kB
Unevictable:       19496 kB
Mlocked:           19496 kB
SwapTotal:       1996796 kB
SwapFree:        1996796 kB
Dirty:               572 kB
Writeback:             0 kB
AnonPages:         82136 kB
Mapped:            78068 kB
Shmem:              6372 kB
KReclaimable:      68428 kB
Slab:             291500 kB
SReclaimable:      68428 kB
SUnreclaim:       223072 kB
KernelStack:       10288 kB
PageTables:         2844 kB
NFS_Unstable:          0 kB
Bounce:                0 kB
WritebackTmp:          0 kB
CommitLimit:    34716468 kB
Committed_AS:     790364 kB
VmallocTotal:   34359738367 kB
VmallocUsed:       39144 kB
VmallocChunk:          0 kB
Percpu:           107328 kB
HardwareCorrupted:     0 kB
AnonHugePages:         0 kB
ShmemHugePages:        0 kB
ShmemPmdMapped:        0 kB
FileHugePages:         0 kB
FilePmdMapped:         0 kB
HugePages_Total:       0
HugePages_Free:        0
HugePages_Rsvd:        0
HugePages_Surp:        0
Hugepagesize:       2048 kB
Hugetlb:               0 kB
DirectMap4k:     2569024 kB
DirectMap2M:     5406720 kB
DirectMap1G:    58720256 kB

