MemTotal:       65439348 kB
MemFree:        63796236 kB
MemAvailable:   63863432 kB
Buffers:           53128 kB
Cached:           583512 kB
SwapCached:            0 kB
Active:           200364 kB
Inactive:         497104 kB
Active(anon):       3240 kB
Inactive(anon):    73108 kB
Active(file):     197124 kB
Inactive(file):   423996 kB
Unevictable:       19496 kB
Mlocked:           19496 kB
SwapTotal:       1996796 kB
SwapFree:        1996796 kB
Dirty:               696 kB
Writeback:             0 kB
AnonPages:         80420 kB
Mapped:            85400 kB
Shmem:              6376 kB
KReclaimable:      84772 kB
Slab:             319424 kB
SReclaimable:      84772 kB
SUnreclaim:       234652 kB
KernelStack:       10032 kB
PageTables:         2448 kB
NFS_Unstable:          0 kB
Bounce:                0 kB
WritebackTmp:          0 kB
CommitLimit:    34716468 kB
Committed_AS:     808036 kB
VmallocTotal:   34359738367 kB
VmallocUsed:       43164 kB
VmallocChunk:          0 kB
Percpu:           211584 kB
HardwareCorrupted:     0 kB
AnonHugePages:         0 kB
ShmemHugePages:        0 kB
ShmemPmdMapped:        0 kB
FileHugePages:         0 kB
FilePmdMapped:         0 kB
HugePages_Total:       0
HugePages_Free:        0
HugePages_Rsvd:        0
HugePages_Surp:        0
Hugepagesize:       2048 kB
Hugetlb:               0 kB
DirectMap4k:     2784064 kB
DirectMap2M:     5191680 kB
DirectMap1G:    58720256 kB

