MemTotal:       65439348 kB
MemFree:        63835220 kB
MemAvailable:   63884620 kB
Buffers:           51112 kB
Cached:           568680 kB
SwapCached:            0 kB
Active:           198392 kB
Inactive:         481964 kB
Active(anon):       3244 kB
Inactive(anon):    72800 kB
Active(file):     195148 kB
Inactive(file):   409164 kB
Unevictable:       19496 kB
Mlocked:           19496 kB
SwapTotal:       1996796 kB
SwapFree:        1996796 kB
Dirty:               724 kB
Writeback:             0 kB
AnonPages:         80228 kB
Mapped:            84036 kB
Shmem:              6376 kB
KReclaimable:      82796 kB
Slab:             313456 kB
SReclaimable:      82796 kB
SUnreclaim:       230660 kB
KernelStack:       10032 kB
PageTables:         2444 kB
NFS_Unstable:          0 kB
Bounce:                0 kB
WritebackTmp:          0 kB
CommitLimit:    34716468 kB
Committed_AS:     807780 kB
VmallocTotal:   34359738367 kB
VmallocUsed:       42292 kB
VmallocChunk:          0 kB
Percpu:           195456 kB
HardwareCorrupted:     0 kB
AnonHugePages:         0 kB
ShmemHugePages:        0 kB
ShmemPmdMapped:        0 kB
FileHugePages:         0 kB
FilePmdMapped:         0 kB
HugePages_Total:       0
HugePages_Free:        0
HugePages_Rsvd:        0
HugePages_Surp:        0
Hugepagesize:       2048 kB
Hugetlb:               0 kB
DirectMap4k:     2759488 kB
DirectMap2M:     5216256 kB
DirectMap1G:    58720256 kB

