MemTotal:       65439348 kB
MemFree:        63758624 kB
MemAvailable:   63842396 kB
Buffers:           55308 kB
Cached:           596988 kB
SwapCached:            0 kB
Active:           203284 kB
Inactive:         515000 kB
Active(anon):       3248 kB
Inactive(anon):    78220 kB
Active(file):     200036 kB
Inactive(file):   436780 kB
Unevictable:       19496 kB
Mlocked:           19496 kB
SwapTotal:       1996796 kB
SwapFree:        1996796 kB
Dirty:               652 kB
Writeback:             0 kB
AnonPages:         85972 kB
Mapped:            96100 kB
Shmem:              6380 kB
KReclaimable:      86536 kB
Slab:             322940 kB
SReclaimable:      86536 kB
SUnreclaim:       236404 kB
KernelStack:       10144 kB
PageTables:         2660 kB
NFS_Unstable:          0 kB
Bounce:                0 kB
WritebackTmp:          0 kB
CommitLimit:    34716468 kB
Committed_AS:     854036 kB
VmallocTotal:   34359738367 kB
VmallocUsed:       43944 kB
VmallocChunk:          0 kB
Percpu:           226176 kB
HardwareCorrupted:     0 kB
AnonHugePages:         0 kB
ShmemHugePages:        0 kB
ShmemPmdMapped:        0 kB
FileHugePages:         0 kB
FilePmdMapped:         0 kB
HugePages_Total:       0
HugePages_Free:        0
HugePages_Rsvd:        0
HugePages_Surp:        0
Hugepagesize:       2048 kB
Hugetlb:               0 kB
DirectMap4k:     2802496 kB
DirectMap2M:     5173248 kB
DirectMap1G:    58720256 kB

