MemTotal:       65439348 kB
MemFree:        63786668 kB
MemAvailable:   63857736 kB
Buffers:           53592 kB
Cached:           586704 kB
SwapCached:            0 kB
Active:           200860 kB
Inactive:         500120 kB
Active(anon):       3244 kB
Inactive(anon):    72936 kB
Active(file):     197616 kB
Inactive(file):   427184 kB
Unevictable:       19496 kB
Mlocked:           19496 kB
SwapTotal:       1996796 kB
SwapFree:        1996796 kB
Dirty:                20 kB
Writeback:             0 kB
AnonPages:         80292 kB
Mapped:            85696 kB
Shmem:              6376 kB
KReclaimable:      85156 kB
Slab:             319792 kB
SReclaimable:      85156 kB
SUnreclaim:       234636 kB
KernelStack:       10064 kB
PageTables:         2448 kB
NFS_Unstable:          0 kB
Bounce:                0 kB
WritebackTmp:          0 kB
CommitLimit:    34716468 kB
Committed_AS:     808040 kB
VmallocTotal:   34359738367 kB
VmallocUsed:       43404 kB
VmallocChunk:          0 kB
Percpu:           215232 kB
HardwareCorrupted:     0 kB
AnonHugePages:         0 kB
ShmemHugePages:        0 kB
ShmemPmdMapped:        0 kB
FileHugePages:         0 kB
FilePmdMapped:         0 kB
HugePages_Total:       0
HugePages_Free:        0
HugePages_Rsvd:        0
HugePages_Surp:        0
Hugepagesize:       2048 kB
Hugetlb:               0 kB
DirectMap4k:     2788160 kB
DirectMap2M:     5187584 kB
DirectMap1G:    58720256 kB

