MemTotal:       65439348 kB
MemFree:        63734920 kB
MemAvailable:   63828704 kB
Buffers:           56632 kB
Cached:           605148 kB
SwapCached:            0 kB
Active:           204604 kB
Inactive:         523024 kB
Active(anon):       3244 kB
Inactive(anon):    78084 kB
Active(file):     201360 kB
Inactive(file):   444940 kB
Unevictable:       19496 kB
Mlocked:           19496 kB
SwapTotal:       1996796 kB
SwapFree:        1996796 kB
Dirty:               708 kB
Writeback:             0 kB
AnonPages:         85400 kB
Mapped:            96720 kB
Shmem:              6380 kB
KReclaimable:      87592 kB
Slab:             325588 kB
SReclaimable:      87592 kB
SUnreclaim:       237996 kB
KernelStack:       10192 kB
PageTables:         2652 kB
NFS_Unstable:          0 kB
Bounce:                0 kB
WritebackTmp:          0 kB
CommitLimit:    34716468 kB
Committed_AS:     854040 kB
VmallocTotal:   34359738367 kB
VmallocUsed:       44120 kB
VmallocChunk:          0 kB
Percpu:           234624 kB
HardwareCorrupted:     0 kB
AnonHugePages:         0 kB
ShmemHugePages:        0 kB
ShmemPmdMapped:        0 kB
FileHugePages:         0 kB
FilePmdMapped:         0 kB
HugePages_Total:       0
HugePages_Free:        0
HugePages_Rsvd:        0
HugePages_Surp:        0
Hugepagesize:       2048 kB
Hugetlb:               0 kB
DirectMap4k:     2812736 kB
DirectMap2M:     5163008 kB
DirectMap1G:    58720256 kB

