MemTotal:       65439348 kB
MemFree:        64169768 kB
MemAvailable:   63954212 kB
Buffers:           42504 kB
Cached:           317624 kB
SwapCached:            0 kB
Active:           137940 kB
Inactive:         288284 kB
Active(anon):       3248 kB
Inactive(anon):    78332 kB
Active(file):     134692 kB
Inactive(file):   209952 kB
Unevictable:       19496 kB
Mlocked:           19496 kB
SwapTotal:       1996796 kB
SwapFree:        1996796 kB
Dirty:               644 kB
Writeback:             0 kB
AnonPages:         85696 kB
Mapped:            88908 kB
Shmem:              6384 kB
KReclaimable:      72220 kB
Slab:             298892 kB
SReclaimable:      72220 kB
SUnreclaim:       226672 kB
KernelStack:       10128 kB
PageTables:         2776 kB
NFS_Unstable:          0 kB
Bounce:                0 kB
WritebackTmp:          0 kB
CommitLimit:    34716468 kB
Committed_AS:     837612 kB
VmallocTotal:   34359738367 kB
VmallocUsed:       40296 kB
VmallocChunk:          0 kB
Percpu:           134016 kB
HardwareCorrupted:     0 kB
AnonHugePages:         0 kB
ShmemHugePages:        0 kB
ShmemPmdMapped:        0 kB
FileHugePages:         0 kB
FilePmdMapped:         0 kB
HugePages_Total:       0
HugePages_Free:        0
HugePages_Rsvd:        0
HugePages_Surp:        0
Hugepagesize:       2048 kB
Hugetlb:               0 kB
DirectMap4k:     2691904 kB
DirectMap2M:     5283840 kB
DirectMap1G:    58720256 kB

