MemTotal:       65439348 kB
MemFree:        63701880 kB
MemAvailable:   63813452 kB
Buffers:           58672 kB
Cached:           619932 kB
SwapCached:            0 kB
Active:           211588 kB
Inactive:         528884 kB
Active(anon):       3248 kB
Inactive(anon):    74100 kB
Active(file):     208340 kB
Inactive(file):   454784 kB
Unevictable:       19496 kB
Mlocked:           19496 kB
SwapTotal:       1996796 kB
SwapFree:        1996796 kB
Dirty:               980 kB
Writeback:             0 kB
AnonPages:         80832 kB
Mapped:            88228 kB
Shmem:              6376 kB
KReclaimable:      89520 kB
Slab:             328624 kB
SReclaimable:      89520 kB
SUnreclaim:       239104 kB
KernelStack:       10128 kB
PageTables:         2260 kB
NFS_Unstable:          0 kB
Bounce:                0 kB
WritebackTmp:          0 kB
CommitLimit:    34716468 kB
Committed_AS:     807648 kB
VmallocTotal:   34359738367 kB
VmallocUsed:       44952 kB
VmallocChunk:          0 kB
Percpu:           250752 kB
HardwareCorrupted:     0 kB
AnonHugePages:         0 kB
ShmemHugePages:        0 kB
ShmemPmdMapped:        0 kB
FileHugePages:         0 kB
FilePmdMapped:         0 kB
HugePages_Total:       0
HugePages_Free:        0
HugePages_Rsvd:        0
HugePages_Surp:        0
Hugepagesize:       2048 kB
Hugetlb:               0 kB
DirectMap4k:     2831168 kB
DirectMap2M:     5144576 kB
DirectMap1G:    58720256 kB

