MemTotal:       65439348 kB
MemFree:        63913632 kB
MemAvailable:   63923284 kB
Buffers:           46332 kB
Cached:           536020 kB
SwapCached:            0 kB
Active:           154632 kB
Inactive:         489256 kB
Active(anon):       3256 kB
Inactive(anon):    73784 kB
Active(file):     151376 kB
Inactive(file):   415472 kB
Unevictable:       19496 kB
Mlocked:           19496 kB
SwapTotal:       1996796 kB
SwapFree:        1996796 kB
Dirty:               724 kB
Writeback:             0 kB
AnonPages:         81596 kB
Mapped:            82612 kB
Shmem:              6380 kB
KReclaimable:      78232 kB
Slab:             307660 kB
SReclaimable:      78232 kB
SUnreclaim:       229428 kB
KernelStack:       10128 kB
PageTables:         2636 kB
NFS_Unstable:          0 kB
Bounce:                0 kB
WritebackTmp:          0 kB
CommitLimit:    34716468 kB
Committed_AS:     799200 kB
VmallocTotal:   34359738367 kB
VmallocUsed:       41180 kB
VmallocChunk:          0 kB
Percpu:           161664 kB
HardwareCorrupted:     0 kB
AnonHugePages:         0 kB
ShmemHugePages:        0 kB
ShmemPmdMapped:        0 kB
FileHugePages:         0 kB
FilePmdMapped:         0 kB
HugePages_Total:       0
HugePages_Free:        0
HugePages_Rsvd:        0
HugePages_Surp:        0
Hugepagesize:       2048 kB
Hugetlb:               0 kB
DirectMap4k:     2724672 kB
DirectMap2M:     5251072 kB
DirectMap1G:    58720256 kB

