MemTotal:       65439348 kB
MemFree:        64292608 kB
MemAvailable:   64008016 kB
Buffers:           35416 kB
Cached:           258820 kB
SwapCached:            0 kB
Active:           128228 kB
Inactive:         226348 kB
Active(anon):       3216 kB
Inactive(anon):    72608 kB
Active(file):     125012 kB
Inactive(file):   153740 kB
Unevictable:       19496 kB
Mlocked:           19496 kB
SwapTotal:       1996796 kB
SwapFree:        1996796 kB
Dirty:               188 kB
Writeback:             0 kB
AnonPages:         79940 kB
Mapped:            74972 kB
Shmem:              6376 kB
KReclaimable:      65932 kB
Slab:             287844 kB
SReclaimable:      65932 kB
SUnreclaim:       221912 kB
KernelStack:       10016 kB
PageTables:         2392 kB
NFS_Unstable:          0 kB
Bounce:                0 kB
WritebackTmp:          0 kB
CommitLimit:    34716468 kB
Committed_AS:     790612 kB
VmallocTotal:   34359738367 kB
VmallocUsed:       38500 kB
VmallocChunk:          0 kB
Percpu:            96576 kB
HardwareCorrupted:     0 kB
AnonHugePages:         0 kB
ShmemHugePages:        0 kB
ShmemPmdMapped:        0 kB
FileHugePages:         0 kB
FilePmdMapped:         0 kB
HugePages_Total:       0
HugePages_Free:        0
HugePages_Rsvd:        0
HugePages_Surp:        0
Hugepagesize:       2048 kB
Hugetlb:               0 kB
DirectMap4k:     2243392 kB
DirectMap2M:     5732352 kB
DirectMap1G:    58720256 kB

