MemTotal:       65439348 kB
MemFree:        64164376 kB
MemAvailable:   63951328 kB
Buffers:           42888 kB
Cached:           319624 kB
SwapCached:            0 kB
Active:           138316 kB
Inactive:         290620 kB
Active(anon):       3240 kB
Inactive(anon):    78664 kB
Active(file):     135076 kB
Inactive(file):   211956 kB
Unevictable:       19496 kB
Mlocked:           19496 kB
SwapTotal:       1996796 kB
SwapFree:        1996796 kB
Dirty:               828 kB
Writeback:             0 kB
AnonPages:         85968 kB
Mapped:            88608 kB
Shmem:              6380 kB
KReclaimable:      72464 kB
Slab:             299852 kB
SReclaimable:      72464 kB
SUnreclaim:       227388 kB
KernelStack:       10016 kB
PageTables:         2620 kB
NFS_Unstable:          0 kB
Bounce:                0 kB
WritebackTmp:          0 kB
CommitLimit:    34716468 kB
Committed_AS:     837616 kB
VmallocTotal:   34359738367 kB
VmallocUsed:       40232 kB
VmallocChunk:          0 kB
Percpu:           135744 kB
HardwareCorrupted:     0 kB
AnonHugePages:         0 kB
ShmemHugePages:        0 kB
ShmemPmdMapped:        0 kB
FileHugePages:         0 kB
FilePmdMapped:         0 kB
HugePages_Total:       0
HugePages_Free:        0
HugePages_Rsvd:        0
HugePages_Surp:        0
Hugepagesize:       2048 kB
Hugetlb:               0 kB
DirectMap4k:     2693952 kB
DirectMap2M:     5281792 kB
DirectMap1G:    58720256 kB

