MemTotal:       65439348 kB
MemFree:        64162820 kB
MemAvailable:   63950956 kB
Buffers:           43024 kB
Cached:           320632 kB
SwapCached:            0 kB
Active:           138452 kB
Inactive:         291236 kB
Active(anon):       3248 kB
Inactive(anon):    78272 kB
Active(file):     135204 kB
Inactive(file):   212964 kB
Unevictable:       19496 kB
Mlocked:           19496 kB
SwapTotal:       1996796 kB
SwapFree:        1996796 kB
Dirty:               132 kB
Writeback:             0 kB
AnonPages:         85592 kB
Mapped:            88764 kB
Shmem:              6380 kB
KReclaimable:      72560 kB
Slab:             299416 kB
SReclaimable:      72560 kB
SUnreclaim:       226856 kB
KernelStack:       10112 kB
PageTables:         2580 kB
NFS_Unstable:          0 kB
Bounce:                0 kB
WritebackTmp:          0 kB
CommitLimit:    34716468 kB
Committed_AS:     838004 kB
VmallocTotal:   34359738367 kB
VmallocUsed:       40280 kB
VmallocChunk:          0 kB
Percpu:           137088 kB
HardwareCorrupted:     0 kB
AnonHugePages:         0 kB
ShmemHugePages:        0 kB
ShmemPmdMapped:        0 kB
FileHugePages:         0 kB
FilePmdMapped:         0 kB
HugePages_Total:       0
HugePages_Free:        0
HugePages_Rsvd:        0
HugePages_Surp:        0
Hugepagesize:       2048 kB
Hugetlb:               0 kB
DirectMap4k:     2696000 kB
DirectMap2M:     5279744 kB
DirectMap1G:    58720256 kB

