MemTotal:       65439348 kB
MemFree:        63879468 kB
MemAvailable:   63906168 kB
Buffers:           48388 kB
Cached:           550148 kB
SwapCached:            0 kB
Active:           156676 kB
Inactive:         502328 kB
Active(anon):       3244 kB
Inactive(anon):    72724 kB
Active(file):     153432 kB
Inactive(file):   429604 kB
Unevictable:       19496 kB
Mlocked:           19496 kB
SwapTotal:       1996796 kB
SwapFree:        1996796 kB
Dirty:               764 kB
Writeback:             0 kB
AnonPages:         80084 kB
Mapped:            82696 kB
Shmem:              6376 kB
KReclaimable:      79952 kB
Slab:             311476 kB
SReclaimable:      79952 kB
SUnreclaim:       231524 kB
KernelStack:       10000 kB
PageTables:         2436 kB
NFS_Unstable:          0 kB
Bounce:                0 kB
WritebackTmp:          0 kB
CommitLimit:    34716468 kB
Committed_AS:     799596 kB
VmallocTotal:   34359738367 kB
VmallocUsed:       41648 kB
VmallocChunk:          0 kB
Percpu:           176640 kB
HardwareCorrupted:     0 kB
AnonHugePages:         0 kB
ShmemHugePages:        0 kB
ShmemPmdMapped:        0 kB
FileHugePages:         0 kB
FilePmdMapped:         0 kB
HugePages_Total:       0
HugePages_Free:        0
HugePages_Rsvd:        0
HugePages_Surp:        0
Hugepagesize:       2048 kB
Hugetlb:               0 kB
DirectMap4k:     2743104 kB
DirectMap2M:     5232640 kB
DirectMap1G:    58720256 kB

