MemTotal:       65439348 kB
MemFree:        63713524 kB
MemAvailable:   63819300 kB
Buffers:           58084 kB
Cached:           615068 kB
SwapCached:            0 kB
Active:           210976 kB
Inactive:         524656 kB
Active(anon):       3220 kB
Inactive(anon):    74736 kB
Active(file):     207756 kB
Inactive(file):   449920 kB
Unevictable:       19496 kB
Mlocked:           19496 kB
SwapTotal:       1996796 kB
SwapFree:        1996796 kB
Dirty:               732 kB
Writeback:             0 kB
AnonPages:         82044 kB
Mapped:            88420 kB
Shmem:              6376 kB
KReclaimable:      88824 kB
Slab:             326908 kB
SReclaimable:      88824 kB
SUnreclaim:       238084 kB
KernelStack:       10128 kB
PageTables:         2568 kB
NFS_Unstable:          0 kB
Bounce:                0 kB
WritebackTmp:          0 kB
CommitLimit:    34716468 kB
Committed_AS:     807648 kB
VmallocTotal:   34359738367 kB
VmallocUsed:       44356 kB
VmallocChunk:          0 kB
Percpu:           245952 kB
HardwareCorrupted:     0 kB
AnonHugePages:         0 kB
ShmemHugePages:        0 kB
ShmemPmdMapped:        0 kB
FileHugePages:         0 kB
FilePmdMapped:         0 kB
HugePages_Total:       0
HugePages_Free:        0
HugePages_Rsvd:        0
HugePages_Surp:        0
Hugepagesize:       2048 kB
Hugetlb:               0 kB
DirectMap4k:     2825024 kB
DirectMap2M:     5150720 kB
DirectMap1G:    58720256 kB

