MemTotal:       65439348 kB
MemFree:        64291672 kB
MemAvailable:   64007800 kB
Buffers:           35512 kB
Cached:           259396 kB
SwapCached:            0 kB
Active:           128320 kB
Inactive:         226948 kB
Active(anon):       3220 kB
Inactive(anon):    72624 kB
Active(file):     125100 kB
Inactive(file):   154324 kB
Unevictable:       19496 kB
Mlocked:           19496 kB
SwapTotal:       1996796 kB
SwapFree:        1996796 kB
Dirty:               764 kB
Writeback:             0 kB
AnonPages:         79940 kB
Mapped:            75072 kB
Shmem:              6376 kB
KReclaimable:      66028 kB
Slab:             288104 kB
SReclaimable:      66028 kB
SUnreclaim:       222076 kB
KernelStack:        9968 kB
PageTables:         2396 kB
NFS_Unstable:          0 kB
Bounce:                0 kB
WritebackTmp:          0 kB
CommitLimit:    34716468 kB
Committed_AS:     790608 kB
VmallocTotal:   34359738367 kB
VmallocUsed:       38388 kB
VmallocChunk:          0 kB
Percpu:            96576 kB
HardwareCorrupted:     0 kB
AnonHugePages:         0 kB
ShmemHugePages:        0 kB
ShmemPmdMapped:        0 kB
FileHugePages:         0 kB
FilePmdMapped:         0 kB
HugePages_Total:       0
HugePages_Free:        0
HugePages_Rsvd:        0
HugePages_Surp:        0
Hugepagesize:       2048 kB
Hugetlb:               0 kB
DirectMap4k:     2253632 kB
DirectMap2M:     5722112 kB
DirectMap1G:    58720256 kB

