MemTotal:       65439348 kB
MemFree:        63824388 kB
MemAvailable:   63878056 kB
Buffers:           51616 kB
Cached:           572224 kB
SwapCached:            0 kB
Active:           198896 kB
Inactive:         485580 kB
Active(anon):       3248 kB
Inactive(anon):    72876 kB
Active(file):     195648 kB
Inactive(file):   412704 kB
Unevictable:       19496 kB
Mlocked:           19496 kB
SwapTotal:       1996796 kB
SwapFree:        1996796 kB
Dirty:               768 kB
Writeback:             0 kB
AnonPages:         80152 kB
Mapped:            84344 kB
Shmem:              6376 kB
KReclaimable:      83256 kB
Slab:             316136 kB
SReclaimable:      83256 kB
SUnreclaim:       232880 kB
KernelStack:       10048 kB
PageTables:         2444 kB
NFS_Unstable:          0 kB
Bounce:                0 kB
WritebackTmp:          0 kB
CommitLimit:    34716468 kB
Committed_AS:     808036 kB
VmallocTotal:   34359738367 kB
VmallocUsed:       42776 kB
VmallocChunk:          0 kB
Percpu:           198912 kB
HardwareCorrupted:     0 kB
AnonHugePages:         0 kB
ShmemHugePages:        0 kB
ShmemPmdMapped:        0 kB
FileHugePages:         0 kB
FilePmdMapped:         0 kB
HugePages_Total:       0
HugePages_Free:        0
HugePages_Rsvd:        0
HugePages_Surp:        0
Hugepagesize:       2048 kB
Hugetlb:               0 kB
DirectMap4k:     2769728 kB
DirectMap2M:     5206016 kB
DirectMap1G:    58720256 kB

