MemTotal:       65439348 kB
MemFree:        64259308 kB
MemAvailable:   63995948 kB
Buffers:           38072 kB
Cached:           276268 kB
SwapCached:            0 kB
Active:           130888 kB
Inactive:         244112 kB
Active(anon):       3208 kB
Inactive(anon):    72928 kB
Active(file):     127680 kB
Inactive(file):   171184 kB
Unevictable:       19496 kB
Mlocked:           19496 kB
SwapTotal:       1996796 kB
SwapFree:        1996796 kB
Dirty:               672 kB
Writeback:             0 kB
AnonPages:         80248 kB
Mapped:            76724 kB
Shmem:              6376 kB
KReclaimable:      68172 kB
Slab:             291480 kB
SReclaimable:      68172 kB
SUnreclaim:       223308 kB
KernelStack:        9968 kB
PageTables:         2372 kB
NFS_Unstable:          0 kB
Bounce:                0 kB
WritebackTmp:          0 kB
CommitLimit:    34716468 kB
Committed_AS:     790360 kB
VmallocTotal:   34359738367 kB
VmallocUsed:       38436 kB
VmallocChunk:          0 kB
Percpu:           104448 kB
HardwareCorrupted:     0 kB
AnonHugePages:         0 kB
ShmemHugePages:        0 kB
ShmemPmdMapped:        0 kB
FileHugePages:         0 kB
FilePmdMapped:         0 kB
HugePages_Total:       0
HugePages_Free:        0
HugePages_Rsvd:        0
HugePages_Surp:        0
Hugepagesize:       2048 kB
Hugetlb:               0 kB
DirectMap4k:     2521920 kB
DirectMap2M:     5453824 kB
DirectMap1G:    58720256 kB

