MemTotal:       65439348 kB
MemFree:        64325636 kB
MemAvailable:   64019308 kB
Buffers:           30432 kB
Cached:           243100 kB
SwapCached:            0 kB
Active:           121568 kB
Inactive:         211948 kB
Active(anon):       3216 kB
Inactive(anon):    72268 kB
Active(file):     118352 kB
Inactive(file):   139680 kB
Unevictable:       19496 kB
Mlocked:           19496 kB
SwapTotal:       1996796 kB
SwapFree:        1996796 kB
Dirty:                12 kB
Writeback:             0 kB
AnonPages:         79592 kB
Mapped:            74088 kB
Shmem:              6376 kB
KReclaimable:      56052 kB
Slab:             276172 kB
SReclaimable:      56052 kB
SUnreclaim:       220120 kB
KernelStack:        9888 kB
PageTables:         2396 kB
NFS_Unstable:          0 kB
Bounce:                0 kB
WritebackTmp:          0 kB
CommitLimit:    34716468 kB
Committed_AS:     790356 kB
VmallocTotal:   34359738367 kB
VmallocUsed:       38340 kB
VmallocChunk:          0 kB
Percpu:            96576 kB
HardwareCorrupted:     0 kB
AnonHugePages:         0 kB
ShmemHugePages:        0 kB
ShmemPmdMapped:        0 kB
FileHugePages:         0 kB
FilePmdMapped:         0 kB
HugePages_Total:       0
HugePages_Free:        0
HugePages_Rsvd:        0
HugePages_Surp:        0
Hugepagesize:       2048 kB
Hugetlb:               0 kB
DirectMap4k:     2042688 kB
DirectMap2M:     5933056 kB
DirectMap1G:    58720256 kB

