MemTotal:       65439348 kB
MemFree:        63876664 kB
MemAvailable:   63903092 kB
Buffers:           48336 kB
Cached:           549912 kB
SwapCached:            0 kB
Active:           156640 kB
Inactive:         502080 kB
Active(anon):       3244 kB
Inactive(anon):    72712 kB
Active(file):     153396 kB
Inactive(file):   429368 kB
Unevictable:       19496 kB
Mlocked:           19496 kB
SwapTotal:       1996796 kB
SwapFree:        1996796 kB
Dirty:               736 kB
Writeback:             0 kB
AnonPages:         80080 kB
Mapped:            82788 kB
Shmem:              6376 kB
KReclaimable:      79948 kB
Slab:             310952 kB
SReclaimable:      79948 kB
SUnreclaim:       231004 kB
KernelStack:       10016 kB
PageTables:         2424 kB
NFS_Unstable:          0 kB
Bounce:                0 kB
WritebackTmp:          0 kB
CommitLimit:    34716468 kB
Committed_AS:     799592 kB
VmallocTotal:   34359738367 kB
VmallocUsed:       41616 kB
VmallocChunk:          0 kB
Percpu:           176640 kB
HardwareCorrupted:     0 kB
AnonHugePages:         0 kB
ShmemHugePages:        0 kB
ShmemPmdMapped:        0 kB
FileHugePages:         0 kB
FilePmdMapped:         0 kB
HugePages_Total:       0
HugePages_Free:        0
HugePages_Rsvd:        0
HugePages_Surp:        0
Hugepagesize:       2048 kB
Hugetlb:               0 kB
DirectMap4k:     2743104 kB
DirectMap2M:     5232640 kB
DirectMap1G:    58720256 kB

