MemTotal:       65439348 kB
MemFree:        63792232 kB
MemAvailable:   63862456 kB
Buffers:           53480 kB
Cached:           586000 kB
SwapCached:            0 kB
Active:           200748 kB
Inactive:         499396 kB
Active(anon):       3248 kB
Inactive(anon):    72916 kB
Active(file):     197500 kB
Inactive(file):   426480 kB
Unevictable:       19496 kB
Mlocked:           19496 kB
SwapTotal:       1996796 kB
SwapFree:        1996796 kB
Dirty:               212 kB
Writeback:            40 kB
AnonPages:         80264 kB
Mapped:            85680 kB
Shmem:              6376 kB
KReclaimable:      85112 kB
Slab:             319548 kB
SReclaimable:      85112 kB
SUnreclaim:       234436 kB
KernelStack:       10096 kB
PageTables:         2444 kB
NFS_Unstable:          0 kB
Bounce:                0 kB
WritebackTmp:          0 kB
CommitLimit:    34716468 kB
Committed_AS:     808040 kB
VmallocTotal:   34359738367 kB
VmallocUsed:       43308 kB
VmallocChunk:          0 kB
Percpu:           214080 kB
HardwareCorrupted:     0 kB
AnonHugePages:         0 kB
ShmemHugePages:        0 kB
ShmemPmdMapped:        0 kB
FileHugePages:         0 kB
FilePmdMapped:         0 kB
HugePages_Total:       0
HugePages_Free:        0
HugePages_Rsvd:        0
HugePages_Surp:        0
Hugepagesize:       2048 kB
Hugetlb:               0 kB
DirectMap4k:     2786112 kB
DirectMap2M:     5189632 kB
DirectMap1G:    58720256 kB

