MemTotal:       65439348 kB
MemFree:        63791312 kB
MemAvailable:   63861180 kB
Buffers:           53424 kB
Cached:           585716 kB
SwapCached:            0 kB
Active:           200716 kB
Inactive:         498960 kB
Active(anon):       3260 kB
Inactive(anon):    72772 kB
Active(file):     197456 kB
Inactive(file):   426188 kB
Unevictable:       19496 kB
Mlocked:           19496 kB
SwapTotal:       1996796 kB
SwapFree:        1996796 kB
Dirty:               740 kB
Writeback:             0 kB
AnonPages:         80136 kB
Mapped:            85728 kB
Shmem:              6380 kB
KReclaimable:      85072 kB
Slab:             319500 kB
SReclaimable:      85072 kB
SUnreclaim:       234428 kB
KernelStack:       10144 kB
PageTables:         2564 kB
NFS_Unstable:          0 kB
Bounce:                0 kB
WritebackTmp:          0 kB
CommitLimit:    34716468 kB
Committed_AS:     807656 kB
VmallocTotal:   34359738367 kB
VmallocUsed:       43260 kB
VmallocChunk:          0 kB
Percpu:           214080 kB
HardwareCorrupted:     0 kB
AnonHugePages:         0 kB
ShmemHugePages:        0 kB
ShmemPmdMapped:        0 kB
FileHugePages:         0 kB
FilePmdMapped:         0 kB
HugePages_Total:       0
HugePages_Free:        0
HugePages_Rsvd:        0
HugePages_Surp:        0
Hugepagesize:       2048 kB
Hugetlb:               0 kB
DirectMap4k:     2786112 kB
DirectMap2M:     5189632 kB
DirectMap1G:    58720256 kB

