MemTotal:       65439348 kB
MemFree:        64190032 kB
MemAvailable:   63963296 kB
Buffers:           41180 kB
Cached:           308432 kB
SwapCached:            0 kB
Active:           136588 kB
Inactive:         280404 kB
Active(anon):       3236 kB
Inactive(anon):    79644 kB
Active(file):     133352 kB
Inactive(file):   200760 kB
Unevictable:       19496 kB
Mlocked:           19496 kB
SwapTotal:       1996796 kB
SwapFree:        1996796 kB
Dirty:               676 kB
Writeback:             0 kB
AnonPages:         86892 kB
Mapped:            87760 kB
Shmem:              6384 kB
KReclaimable:      70928 kB
Slab:             296212 kB
SReclaimable:      70928 kB
SUnreclaim:       225284 kB
KernelStack:       10144 kB
PageTables:         2732 kB
NFS_Unstable:          0 kB
Bounce:                0 kB
WritebackTmp:          0 kB
CommitLimit:    34716468 kB
Committed_AS:     837612 kB
VmallocTotal:   34359738367 kB
VmallocUsed:       39716 kB
VmallocChunk:          0 kB
Percpu:           123840 kB
HardwareCorrupted:     0 kB
AnonHugePages:         0 kB
ShmemHugePages:        0 kB
ShmemPmdMapped:        0 kB
FileHugePages:         0 kB
FilePmdMapped:         0 kB
HugePages_Total:       0
HugePages_Free:        0
HugePages_Rsvd:        0
HugePages_Surp:        0
Hugepagesize:       2048 kB
Hugetlb:               0 kB
DirectMap4k:     2673472 kB
DirectMap2M:     5302272 kB
DirectMap1G:    58720256 kB

