MemTotal:       65439348 kB
MemFree:        64182164 kB
MemAvailable:   63960220 kB
Buffers:           41756 kB
Cached:           312316 kB
SwapCached:            0 kB
Active:           137192 kB
Inactive:         284808 kB
Active(anon):       3248 kB
Inactive(anon):    80160 kB
Active(file):     133944 kB
Inactive(file):   204648 kB
Unevictable:       19496 kB
Mlocked:           19496 kB
SwapTotal:       1996796 kB
SwapFree:        1996796 kB
Dirty:               896 kB
Writeback:             0 kB
AnonPages:         87128 kB
Mapped:            88176 kB
Shmem:              6376 kB
KReclaimable:      71552 kB
Slab:             297616 kB
SReclaimable:      71552 kB
SUnreclaim:       226064 kB
KernelStack:       10016 kB
PageTables:         2524 kB
NFS_Unstable:          0 kB
Bounce:                0 kB
WritebackTmp:          0 kB
CommitLimit:    34716468 kB
Committed_AS:     837616 kB
VmallocTotal:   34359738367 kB
VmallocUsed:       39684 kB
VmallocChunk:          0 kB
Percpu:           128064 kB
HardwareCorrupted:     0 kB
AnonHugePages:         0 kB
ShmemHugePages:        0 kB
ShmemPmdMapped:        0 kB
FileHugePages:         0 kB
FilePmdMapped:         0 kB
HugePages_Total:       0
HugePages_Free:        0
HugePages_Rsvd:        0
HugePages_Surp:        0
Hugepagesize:       2048 kB
Hugetlb:               0 kB
DirectMap4k:     2677568 kB
DirectMap2M:     5298176 kB
DirectMap1G:    58720256 kB

