MemTotal:       65439348 kB
MemFree:        64314088 kB
MemAvailable:   64013476 kB
Buffers:           31808 kB
Cached:           251136 kB
SwapCached:            0 kB
Active:           122960 kB
Inactive:         220004 kB
Active(anon):       3216 kB
Inactive(anon):    72288 kB
Active(file):     119744 kB
Inactive(file):   147716 kB
Unevictable:       19496 kB
Mlocked:           19496 kB
SwapTotal:       1996796 kB
SwapFree:        1996796 kB
Dirty:               668 kB
Writeback:             0 kB
AnonPages:         79592 kB
Mapped:            74652 kB
Shmem:              6376 kB
KReclaimable:      56476 kB
Slab:             277316 kB
SReclaimable:      56476 kB
SUnreclaim:       220840 kB
KernelStack:        9984 kB
PageTables:         2392 kB
NFS_Unstable:          0 kB
Bounce:                0 kB
WritebackTmp:          0 kB
CommitLimit:    34716468 kB
Committed_AS:     790616 kB
VmallocTotal:   34359738367 kB
VmallocUsed:       38388 kB
VmallocChunk:          0 kB
Percpu:            96576 kB
HardwareCorrupted:     0 kB
AnonHugePages:         0 kB
ShmemHugePages:        0 kB
ShmemPmdMapped:        0 kB
FileHugePages:         0 kB
FilePmdMapped:         0 kB
HugePages_Total:       0
HugePages_Free:        0
HugePages_Rsvd:        0
HugePages_Surp:        0
Hugepagesize:       2048 kB
Hugetlb:               0 kB
DirectMap4k:     2157376 kB
DirectMap2M:     5818368 kB
DirectMap1G:    58720256 kB

