MemTotal:       65439348 kB
MemFree:        63751500 kB
MemAvailable:   63838096 kB
Buffers:           55788 kB
Cached:           599240 kB
SwapCached:            0 kB
Active:           203728 kB
Inactive:         519828 kB
Active(anon):       3244 kB
Inactive(anon):    80796 kB
Active(file):     200484 kB
Inactive(file):   439032 kB
Unevictable:       19496 kB
Mlocked:           19496 kB
SwapTotal:       1996796 kB
SwapFree:        1996796 kB
Dirty:               764 kB
Writeback:             0 kB
AnonPages:         88012 kB
Mapped:            97168 kB
Shmem:              6384 kB
KReclaimable:      86784 kB
Slab:             323092 kB
SReclaimable:      86784 kB
SUnreclaim:       236308 kB
KernelStack:       10256 kB
PageTables:         2456 kB
NFS_Unstable:          0 kB
Bounce:                0 kB
WritebackTmp:          0 kB
CommitLimit:    34716468 kB
Committed_AS:     854036 kB
VmallocTotal:   34359738367 kB
VmallocUsed:       43944 kB
VmallocChunk:          0 kB
Percpu:           228672 kB
HardwareCorrupted:     0 kB
AnonHugePages:         0 kB
ShmemHugePages:        0 kB
ShmemPmdMapped:        0 kB
FileHugePages:         0 kB
FilePmdMapped:         0 kB
HugePages_Total:       0
HugePages_Free:        0
HugePages_Rsvd:        0
HugePages_Surp:        0
Hugepagesize:       2048 kB
Hugetlb:               0 kB
DirectMap4k:     2802496 kB
DirectMap2M:     5173248 kB
DirectMap1G:    58720256 kB

