MemTotal:       65439348 kB
MemFree:        63891760 kB
MemAvailable:   63891028 kB
Buffers:           45088 kB
Cached:           527412 kB
SwapCached:            0 kB
Active:           147096 kB
Inactive:         531004 kB
Active(anon):       3284 kB
Inactive(anon):   117804 kB
Active(file):     143812 kB
Inactive(file):   413200 kB
Unevictable:       19496 kB
Mlocked:           19496 kB
SwapTotal:       1996796 kB
SwapFree:        1996796 kB
Dirty:               984 kB
Writeback:             0 kB
AnonPages:        125188 kB
Mapped:           131132 kB
Shmem:              6388 kB
KReclaimable:      77136 kB
Slab:             306260 kB
SReclaimable:      77136 kB
SUnreclaim:       229124 kB
KernelStack:       10352 kB
PageTables:         3224 kB
NFS_Unstable:          0 kB
Bounce:                0 kB
WritebackTmp:          0 kB
CommitLimit:    34716468 kB
Committed_AS:     935428 kB
VmallocTotal:   34359738367 kB
VmallocUsed:       40892 kB
VmallocChunk:          0 kB
Percpu:           152064 kB
HardwareCorrupted:     0 kB
AnonHugePages:         0 kB
ShmemHugePages:        0 kB
ShmemPmdMapped:        0 kB
FileHugePages:         0 kB
FilePmdMapped:         0 kB
HugePages_Total:       0
HugePages_Free:        0
HugePages_Rsvd:        0
HugePages_Surp:        0
Hugepagesize:       2048 kB
Hugetlb:               0 kB
DirectMap4k:     2712384 kB
DirectMap2M:     5263360 kB
DirectMap1G:    58720256 kB

