MemTotal:       65439348 kB
MemFree:        64267132 kB
MemAvailable:   63999624 kB
Buffers:           37632 kB
Cached:           272724 kB
SwapCached:            0 kB
Active:           130444 kB
Inactive:         240204 kB
Active(anon):       3212 kB
Inactive(anon):    72564 kB
Active(file):     127232 kB
Inactive(file):   167640 kB
Unevictable:       19496 kB
Mlocked:           19496 kB
SwapTotal:       1996796 kB
SwapFree:        1996796 kB
Dirty:               744 kB
Writeback:             0 kB
AnonPages:         79892 kB
Mapped:            76168 kB
Shmem:              6376 kB
KReclaimable:      67864 kB
Slab:             291088 kB
SReclaimable:      67864 kB
SUnreclaim:       223224 kB
KernelStack:       10000 kB
PageTables:         2392 kB
NFS_Unstable:          0 kB
Bounce:                0 kB
WritebackTmp:          0 kB
CommitLimit:    34716468 kB
Committed_AS:     790612 kB
VmallocTotal:   34359738367 kB
VmallocUsed:       38532 kB
VmallocChunk:          0 kB
Percpu:           100800 kB
HardwareCorrupted:     0 kB
AnonHugePages:         0 kB
ShmemHugePages:        0 kB
ShmemPmdMapped:        0 kB
FileHugePages:         0 kB
FilePmdMapped:         0 kB
HugePages_Total:       0
HugePages_Free:        0
HugePages_Rsvd:        0
HugePages_Surp:        0
Hugepagesize:       2048 kB
Hugetlb:               0 kB
DirectMap4k:     2466624 kB
DirectMap2M:     5509120 kB
DirectMap1G:    58720256 kB

