MemTotal:       65439348 kB
MemFree:        63717544 kB
MemAvailable:   63820212 kB
Buffers:           57700 kB
Cached:           612484 kB
SwapCached:            0 kB
Active:           205668 kB
Inactive:         530948 kB
Active(anon):       3248 kB
Inactive(anon):    78672 kB
Active(file):     202420 kB
Inactive(file):   452276 kB
Unevictable:       19496 kB
Mlocked:           19496 kB
SwapTotal:       1996796 kB
SwapFree:        1996796 kB
Dirty:               712 kB
Writeback:             0 kB
AnonPages:         85472 kB
Mapped:            97036 kB
Shmem:              6380 kB
KReclaimable:      88564 kB
Slab:             326000 kB
SReclaimable:      88564 kB
SUnreclaim:       237436 kB
KernelStack:       10304 kB
PageTables:         2720 kB
NFS_Unstable:          0 kB
Bounce:                0 kB
WritebackTmp:          0 kB
CommitLimit:    34716468 kB
Committed_AS:     854044 kB
VmallocTotal:   34359738367 kB
VmallocUsed:       44508 kB
VmallocChunk:          0 kB
Percpu:           243072 kB
HardwareCorrupted:     0 kB
AnonHugePages:         0 kB
ShmemHugePages:        0 kB
ShmemPmdMapped:        0 kB
FileHugePages:         0 kB
FilePmdMapped:         0 kB
HugePages_Total:       0
HugePages_Free:        0
HugePages_Rsvd:        0
HugePages_Surp:        0
Hugepagesize:       2048 kB
Hugetlb:               0 kB
DirectMap4k:     2818880 kB
DirectMap2M:     5156864 kB
DirectMap1G:    58720256 kB

