MemTotal:       65439348 kB
MemFree:        64276272 kB
MemAvailable:   64001292 kB
Buffers:           36608 kB
Cached:           266632 kB
SwapCached:            0 kB
Active:           129420 kB
Inactive:         233416 kB
Active(anon):       3220 kB
Inactive(anon):    71872 kB
Active(file):     126200 kB
Inactive(file):   161544 kB
Unevictable:       19496 kB
Mlocked:           19496 kB
SwapTotal:       1996796 kB
SwapFree:        1996796 kB
Dirty:               656 kB
Writeback:             0 kB
AnonPages:         79924 kB
Mapped:            75580 kB
Shmem:              6380 kB
KReclaimable:      67176 kB
Slab:             290076 kB
SReclaimable:      67176 kB
SUnreclaim:       222900 kB
KernelStack:       10032 kB
PageTables:         2512 kB
NFS_Unstable:          0 kB
Bounce:                0 kB
WritebackTmp:          0 kB
CommitLimit:    34716468 kB
Committed_AS:     790356 kB
VmallocTotal:   34359738367 kB
VmallocUsed:       38500 kB
VmallocChunk:          0 kB
Percpu:            96576 kB
HardwareCorrupted:     0 kB
AnonHugePages:         0 kB
ShmemHugePages:        0 kB
ShmemPmdMapped:        0 kB
FileHugePages:         0 kB
FilePmdMapped:         0 kB
HugePages_Total:       0
HugePages_Free:        0
HugePages_Rsvd:        0
HugePages_Surp:        0
Hugepagesize:       2048 kB
Hugetlb:               0 kB
DirectMap4k:     2368320 kB
DirectMap2M:     5607424 kB
DirectMap1G:    58720256 kB

