MemTotal:       65439348 kB
MemFree:        64284468 kB
MemAvailable:   64004812 kB
Buffers:           36040 kB
Cached:           262880 kB
SwapCached:            0 kB
Active:           128832 kB
Inactive:         230408 kB
Active(anon):       3204 kB
Inactive(anon):    72604 kB
Active(file):     125628 kB
Inactive(file):   157804 kB
Unevictable:       19496 kB
Mlocked:           19496 kB
SwapTotal:       1996796 kB
SwapFree:        1996796 kB
Dirty:               892 kB
Writeback:             0 kB
AnonPages:         80216 kB
Mapped:            75496 kB
Shmem:              6376 kB
KReclaimable:      66448 kB
Slab:             288524 kB
SReclaimable:      66448 kB
SUnreclaim:       222076 kB
KernelStack:       10032 kB
PageTables:         1776 kB
NFS_Unstable:          0 kB
Bounce:                0 kB
WritebackTmp:          0 kB
CommitLimit:    34716468 kB
Committed_AS:     790352 kB
VmallocTotal:   34359738367 kB
VmallocUsed:       38484 kB
VmallocChunk:          0 kB
Percpu:            96576 kB
HardwareCorrupted:     0 kB
AnonHugePages:         0 kB
ShmemHugePages:        0 kB
ShmemPmdMapped:        0 kB
FileHugePages:         0 kB
FilePmdMapped:         0 kB
HugePages_Total:       0
HugePages_Free:        0
HugePages_Rsvd:        0
HugePages_Surp:        0
Hugepagesize:       2048 kB
Hugetlb:               0 kB
DirectMap4k:     2308928 kB
DirectMap2M:     5666816 kB
DirectMap1G:    58720256 kB

