MemTotal:       65439348 kB
MemFree:        63745604 kB
MemAvailable:   63834576 kB
Buffers:           56080 kB
Cached:           601184 kB
SwapCached:            0 kB
Active:           204028 kB
Inactive:         519200 kB
Active(anon):       3248 kB
Inactive(anon):    78224 kB
Active(file):     200780 kB
Inactive(file):   440976 kB
Unevictable:       19496 kB
Mlocked:           19496 kB
SwapTotal:       1996796 kB
SwapFree:        1996796 kB
Dirty:               172 kB
Writeback:             4 kB
AnonPages:         85528 kB
Mapped:            96320 kB
Shmem:              6380 kB
KReclaimable:      87056 kB
Slab:             323788 kB
SReclaimable:      87056 kB
SUnreclaim:       236732 kB
KernelStack:       10144 kB
PageTables:         2616 kB
NFS_Unstable:          0 kB
Bounce:                0 kB
WritebackTmp:          0 kB
CommitLimit:    34716468 kB
Committed_AS:     854428 kB
VmallocTotal:   34359738367 kB
VmallocUsed:       44088 kB
VmallocChunk:          0 kB
Percpu:           230400 kB
HardwareCorrupted:     0 kB
AnonHugePages:         0 kB
ShmemHugePages:        0 kB
ShmemPmdMapped:        0 kB
FileHugePages:         0 kB
FilePmdMapped:         0 kB
HugePages_Total:       0
HugePages_Free:        0
HugePages_Rsvd:        0
HugePages_Surp:        0
Hugepagesize:       2048 kB
Hugetlb:               0 kB
DirectMap4k:     2808640 kB
DirectMap2M:     5167104 kB
DirectMap1G:    58720256 kB

