MemTotal:       65439348 kB
MemFree:        63830256 kB
MemAvailable:   63882516 kB
Buffers:           51468 kB
Cached:           571032 kB
SwapCached:            0 kB
Active:           198728 kB
Inactive:         484340 kB
Active(anon):       3240 kB
Inactive(anon):    72812 kB
Active(file):     195488 kB
Inactive(file):   411528 kB
Unevictable:       19496 kB
Mlocked:           19496 kB
SwapTotal:       1996796 kB
SwapFree:        1996796 kB
Dirty:               164 kB
Writeback:             0 kB
AnonPages:         80144 kB
Mapped:            84264 kB
Shmem:              6376 kB
KReclaimable:      83112 kB
Slab:             315496 kB
SReclaimable:      83112 kB
SUnreclaim:       232384 kB
KernelStack:       10016 kB
PageTables:         2440 kB
NFS_Unstable:          0 kB
Bounce:                0 kB
WritebackTmp:          0 kB
CommitLimit:    34716468 kB
Committed_AS:     808036 kB
VmallocTotal:   34359738367 kB
VmallocUsed:       42792 kB
VmallocChunk:          0 kB
Percpu:           197760 kB
HardwareCorrupted:     0 kB
AnonHugePages:         0 kB
ShmemHugePages:        0 kB
ShmemPmdMapped:        0 kB
FileHugePages:         0 kB
FilePmdMapped:         0 kB
HugePages_Total:       0
HugePages_Free:        0
HugePages_Rsvd:        0
HugePages_Surp:        0
Hugepagesize:       2048 kB
Hugetlb:               0 kB
DirectMap4k:     2767680 kB
DirectMap2M:     5208064 kB
DirectMap1G:    58720256 kB

