MemTotal:       65439348 kB
MemFree:        64233596 kB
MemAvailable:   63982564 kB
Buffers:           39452 kB
Cached:           286680 kB
SwapCached:            0 kB
Active:           133164 kB
Inactive:         253208 kB
Active(anon):       3216 kB
Inactive(anon):    72508 kB
Active(file):     129948 kB
Inactive(file):   180700 kB
Unevictable:       19496 kB
Mlocked:           19496 kB
SwapTotal:       1996796 kB
SwapFree:        1996796 kB
Dirty:               740 kB
Writeback:             0 kB
AnonPages:         79788 kB
Mapped:            77564 kB
Shmem:              6376 kB
KReclaimable:      69264 kB
Slab:             293624 kB
SReclaimable:      69264 kB
SUnreclaim:       224360 kB
KernelStack:       10016 kB
PageTables:         2404 kB
NFS_Unstable:          0 kB
Bounce:                0 kB
WritebackTmp:          0 kB
CommitLimit:    34716468 kB
Committed_AS:     790616 kB
VmallocTotal:   34359738367 kB
VmallocUsed:       39016 kB
VmallocChunk:          0 kB
Percpu:           114624 kB
HardwareCorrupted:     0 kB
AnonHugePages:         0 kB
ShmemHugePages:        0 kB
ShmemPmdMapped:        0 kB
FileHugePages:         0 kB
FilePmdMapped:         0 kB
HugePages_Total:       0
HugePages_Free:        0
HugePages_Rsvd:        0
HugePages_Surp:        0
Hugepagesize:       2048 kB
Hugetlb:               0 kB
DirectMap4k:     2659136 kB
DirectMap2M:     5316608 kB
DirectMap1G:    58720256 kB

