MemTotal:       65439348 kB
MemFree:        63839972 kB
MemAvailable:   63888068 kB
Buffers:           50968 kB
Cached:           567616 kB
SwapCached:            0 kB
Active:           198224 kB
Inactive:         480860 kB
Active(anon):       3240 kB
Inactive(anon):    72760 kB
Active(file):     194984 kB
Inactive(file):   408100 kB
Unevictable:       19496 kB
Mlocked:           19496 kB
SwapTotal:       1996796 kB
SwapFree:        1996796 kB
Dirty:               756 kB
Writeback:             0 kB
AnonPages:         80192 kB
Mapped:            84004 kB
Shmem:              6376 kB
KReclaimable:      82644 kB
Slab:             313664 kB
SReclaimable:      82644 kB
SUnreclaim:       231020 kB
KernelStack:       10080 kB
PageTables:         2444 kB
NFS_Unstable:          0 kB
Bounce:                0 kB
WritebackTmp:          0 kB
CommitLimit:    34716468 kB
Committed_AS:     807780 kB
VmallocTotal:   34359738367 kB
VmallocUsed:       42276 kB
VmallocChunk:          0 kB
Percpu:           194112 kB
HardwareCorrupted:     0 kB
AnonHugePages:         0 kB
ShmemHugePages:        0 kB
ShmemPmdMapped:        0 kB
FileHugePages:         0 kB
FilePmdMapped:         0 kB
HugePages_Total:       0
HugePages_Free:        0
HugePages_Rsvd:        0
HugePages_Surp:        0
Hugepagesize:       2048 kB
Hugetlb:               0 kB
DirectMap4k:     2759488 kB
DirectMap2M:     5216256 kB
DirectMap1G:    58720256 kB

