MemTotal:       65439348 kB
MemFree:        63844056 kB
MemAvailable:   63889192 kB
Buffers:           50584 kB
Cached:           565200 kB
SwapCached:            0 kB
Active:           197876 kB
Inactive:         478876 kB
Active(anon):       3252 kB
Inactive(anon):    73196 kB
Active(file):     194624 kB
Inactive(file):   405680 kB
Unevictable:       19496 kB
Mlocked:           19496 kB
SwapTotal:       1996796 kB
SwapFree:        1996796 kB
Dirty:                68 kB
Writeback:             0 kB
AnonPages:         80496 kB
Mapped:            83920 kB
Shmem:              6380 kB
KReclaimable:      82288 kB
Slab:             313980 kB
SReclaimable:      82288 kB
SUnreclaim:       231692 kB
KernelStack:       10064 kB
PageTables:         2508 kB
NFS_Unstable:          0 kB
Bounce:                0 kB
WritebackTmp:          0 kB
CommitLimit:    34716468 kB
Committed_AS:     807396 kB
VmallocTotal:   34359738367 kB
VmallocUsed:       42180 kB
VmallocChunk:          0 kB
Percpu:           191232 kB
HardwareCorrupted:     0 kB
AnonHugePages:         0 kB
ShmemHugePages:        0 kB
ShmemPmdMapped:        0 kB
FileHugePages:         0 kB
FilePmdMapped:         0 kB
HugePages_Total:       0
HugePages_Free:        0
HugePages_Rsvd:        0
HugePages_Surp:        0
Hugepagesize:       2048 kB
Hugetlb:               0 kB
DirectMap4k:     2757440 kB
DirectMap2M:     5218304 kB
DirectMap1G:    58720256 kB

