MemTotal:       65439348 kB
MemFree:        63772924 kB
MemAvailable:   63849116 kB
Buffers:           54384 kB
Cached:           590692 kB
SwapCached:            0 kB
Active:           202352 kB
Inactive:         508556 kB
Active(anon):       3248 kB
Inactive(anon):    78072 kB
Active(file):     199104 kB
Inactive(file):   430484 kB
Unevictable:       19496 kB
Mlocked:           19496 kB
SwapTotal:       1996796 kB
SwapFree:        1996796 kB
Dirty:               692 kB
Writeback:             0 kB
AnonPages:         85412 kB
Mapped:            95476 kB
Shmem:              6380 kB
KReclaimable:      85832 kB
Slab:             320992 kB
SReclaimable:      85832 kB
SUnreclaim:       235160 kB
KernelStack:       10208 kB
PageTables:         2612 kB
NFS_Unstable:          0 kB
Bounce:                0 kB
WritebackTmp:          0 kB
CommitLimit:    34716468 kB
Committed_AS:     854424 kB
VmallocTotal:   34359738367 kB
VmallocUsed:       43524 kB
VmallocChunk:          0 kB
Percpu:           219648 kB
HardwareCorrupted:     0 kB
AnonHugePages:         0 kB
ShmemHugePages:        0 kB
ShmemPmdMapped:        0 kB
FileHugePages:         0 kB
FilePmdMapped:         0 kB
HugePages_Total:       0
HugePages_Free:        0
HugePages_Rsvd:        0
HugePages_Surp:        0
Hugepagesize:       2048 kB
Hugetlb:               0 kB
DirectMap4k:     2794304 kB
DirectMap2M:     5181440 kB
DirectMap1G:    58720256 kB

