MemTotal:       65439348 kB
MemFree:        63750744 kB
MemAvailable:   63836804 kB
Buffers:           55720 kB
Cached:           598764 kB
SwapCached:            0 kB
Active:           203692 kB
Inactive:         517088 kB
Active(anon):       3252 kB
Inactive(anon):    78532 kB
Active(file):     200440 kB
Inactive(file):   438556 kB
Unevictable:       19496 kB
Mlocked:           19496 kB
SwapTotal:       1996796 kB
SwapFree:        1996796 kB
Dirty:               704 kB
Writeback:             0 kB
AnonPages:         85948 kB
Mapped:            96216 kB
Shmem:              6380 kB
KReclaimable:      86752 kB
Slab:             323204 kB
SReclaimable:      86752 kB
SUnreclaim:       236452 kB
KernelStack:       10144 kB
PageTables:         2756 kB
NFS_Unstable:          0 kB
Bounce:                0 kB
WritebackTmp:          0 kB
CommitLimit:    34716468 kB
Committed_AS:     854040 kB
VmallocTotal:   34359738367 kB
VmallocUsed:       43960 kB
VmallocChunk:          0 kB
Percpu:           228096 kB
HardwareCorrupted:     0 kB
AnonHugePages:         0 kB
ShmemHugePages:        0 kB
ShmemPmdMapped:        0 kB
FileHugePages:         0 kB
FilePmdMapped:         0 kB
HugePages_Total:       0
HugePages_Free:        0
HugePages_Rsvd:        0
HugePages_Surp:        0
Hugepagesize:       2048 kB
Hugetlb:               0 kB
DirectMap4k:     2802496 kB
DirectMap2M:     5173248 kB
DirectMap1G:    58720256 kB

