MemTotal:       65439348 kB
MemFree:        63894724 kB
MemAvailable:   63895020 kB
Buffers:           45228 kB
Cached:           528260 kB
SwapCached:            0 kB
Active:           152300 kB
Inactive:         521736 kB
Active(anon):       3268 kB
Inactive(anon):   112764 kB
Active(file):     149032 kB
Inactive(file):   408972 kB
Unevictable:       19496 kB
Mlocked:           19496 kB
SwapTotal:       1996796 kB
SwapFree:        1996796 kB
Dirty:               672 kB
Writeback:             0 kB
AnonPages:        119660 kB
Mapped:           122040 kB
Shmem:              6384 kB
KReclaimable:      77204 kB
Slab:             306396 kB
SReclaimable:      77204 kB
SUnreclaim:       229192 kB
KernelStack:       10240 kB
PageTables:         3092 kB
NFS_Unstable:          0 kB
Bounce:                0 kB
WritebackTmp:          0 kB
CommitLimit:    34716468 kB
Committed_AS:     888968 kB
VmallocTotal:   34359738367 kB
VmallocUsed:       40660 kB
VmallocChunk:          0 kB
Percpu:           153216 kB
HardwareCorrupted:     0 kB
AnonHugePages:         0 kB
ShmemHugePages:        0 kB
ShmemPmdMapped:        0 kB
FileHugePages:         0 kB
FilePmdMapped:         0 kB
HugePages_Total:       0
HugePages_Free:        0
HugePages_Rsvd:        0
HugePages_Surp:        0
Hugepagesize:       2048 kB
Hugetlb:               0 kB
DirectMap4k:     2714432 kB
DirectMap2M:     5261312 kB
DirectMap1G:    58720256 kB

