MemTotal:       65439348 kB
MemFree:        64273100 kB
MemAvailable:   64003492 kB
Buffers:           37264 kB
Cached:           271068 kB
SwapCached:            0 kB
Active:           130080 kB
Inactive:         238744 kB
Active(anon):       3216 kB
Inactive(anon):    72760 kB
Active(file):     126864 kB
Inactive(file):   165984 kB
Unevictable:       19496 kB
Mlocked:           19496 kB
SwapTotal:       1996796 kB
SwapFree:        1996796 kB
Dirty:               148 kB
Writeback:             0 kB
AnonPages:         80100 kB
Mapped:            75920 kB
Shmem:              6376 kB
KReclaimable:      67712 kB
Slab:             290080 kB
SReclaimable:      67712 kB
SUnreclaim:       222368 kB
KernelStack:       10064 kB
PageTables:         2444 kB
NFS_Unstable:          0 kB
Bounce:                0 kB
WritebackTmp:          0 kB
CommitLimit:    34716468 kB
Committed_AS:     790744 kB
VmallocTotal:   34359738367 kB
VmallocUsed:       38484 kB
VmallocChunk:          0 kB
Percpu:            98880 kB
HardwareCorrupted:     0 kB
AnonHugePages:         0 kB
ShmemHugePages:        0 kB
ShmemPmdMapped:        0 kB
FileHugePages:         0 kB
FilePmdMapped:         0 kB
HugePages_Total:       0
HugePages_Free:        0
HugePages_Rsvd:        0
HugePages_Surp:        0
Hugepagesize:       2048 kB
Hugetlb:               0 kB
DirectMap4k:     2435904 kB
DirectMap2M:     5539840 kB
DirectMap1G:    58720256 kB

