MemTotal:       65439348 kB
MemFree:        64221000 kB
MemAvailable:   63975396 kB
Buffers:           40084 kB
Cached:           291052 kB
SwapCached:            0 kB
Active:           133812 kB
Inactive:         258404 kB
Active(anon):       3224 kB
Inactive(anon):    73332 kB
Active(file):     130588 kB
Inactive(file):   185072 kB
Unevictable:       19496 kB
Mlocked:           19496 kB
SwapTotal:       1996796 kB
SwapFree:        1996796 kB
Dirty:               640 kB
Writeback:             0 kB
AnonPages:         80668 kB
Mapped:            78244 kB
Shmem:              6376 kB
KReclaimable:      70096 kB
Slab:             295444 kB
SReclaimable:      70096 kB
SUnreclaim:       225348 kB
KernelStack:       10112 kB
PageTables:         2532 kB
NFS_Unstable:          0 kB
Bounce:                0 kB
WritebackTmp:          0 kB
CommitLimit:    34716468 kB
Committed_AS:     790364 kB
VmallocTotal:   34359738367 kB
VmallocUsed:       39016 kB
VmallocChunk:          0 kB
Percpu:           119424 kB
HardwareCorrupted:     0 kB
AnonHugePages:         0 kB
ShmemHugePages:        0 kB
ShmemPmdMapped:        0 kB
FileHugePages:         0 kB
FilePmdMapped:         0 kB
HugePages_Total:       0
HugePages_Free:        0
HugePages_Rsvd:        0
HugePages_Surp:        0
Hugepagesize:       2048 kB
Hugetlb:               0 kB
DirectMap4k:     2667328 kB
DirectMap2M:     5308416 kB
DirectMap1G:    58720256 kB

