MemTotal:       65439348 kB
MemFree:        63906420 kB
MemAvailable:   63920724 kB
Buffers:           46928 kB
Cached:           539852 kB
SwapCached:            0 kB
Active:           155232 kB
Inactive:         492424 kB
Active(anon):       3240 kB
Inactive(anon):    73116 kB
Active(file):     151992 kB
Inactive(file):   419308 kB
Unevictable:       19496 kB
Mlocked:           19496 kB
SwapTotal:       1996796 kB
SwapFree:        1996796 kB
Dirty:               148 kB
Writeback:             0 kB
AnonPages:         80420 kB
Mapped:            81932 kB
Shmem:              6376 kB
KReclaimable:      78628 kB
Slab:             309016 kB
SReclaimable:      78628 kB
SUnreclaim:       230388 kB
KernelStack:       10016 kB
PageTables:         2432 kB
NFS_Unstable:          0 kB
Bounce:                0 kB
WritebackTmp:          0 kB
CommitLimit:    34716468 kB
Committed_AS:     799588 kB
VmallocTotal:   34359738367 kB
VmallocUsed:       41068 kB
VmallocChunk:          0 kB
Percpu:           165888 kB
HardwareCorrupted:     0 kB
AnonHugePages:         0 kB
ShmemHugePages:        0 kB
ShmemPmdMapped:        0 kB
FileHugePages:         0 kB
FilePmdMapped:         0 kB
HugePages_Total:       0
HugePages_Free:        0
HugePages_Rsvd:        0
HugePages_Surp:        0
Hugepagesize:       2048 kB
Hugetlb:               0 kB
DirectMap4k:     2730816 kB
DirectMap2M:     5244928 kB
DirectMap1G:    58720256 kB

