MemTotal:       65439348 kB
MemFree:        64268836 kB
MemAvailable:   64001128 kB
Buffers:           37608 kB
Cached:           272544 kB
SwapCached:            0 kB
Active:           130452 kB
Inactive:         240184 kB
Active(anon):       3236 kB
Inactive(anon):    72724 kB
Active(file):     127216 kB
Inactive(file):   167460 kB
Unevictable:       19496 kB
Mlocked:           19496 kB
SwapTotal:       1996796 kB
SwapFree:        1996796 kB
Dirty:               900 kB
Writeback:             0 kB
AnonPages:         80052 kB
Mapped:            76488 kB
Shmem:              6376 kB
KReclaimable:      67856 kB
Slab:             291120 kB
SReclaimable:      67856 kB
SUnreclaim:       223264 kB
KernelStack:        9888 kB
PageTables:         2192 kB
NFS_Unstable:          0 kB
Bounce:                0 kB
WritebackTmp:          0 kB
CommitLimit:    34716468 kB
Committed_AS:     790356 kB
VmallocTotal:   34359738367 kB
VmallocUsed:       38564 kB
VmallocChunk:          0 kB
Percpu:           100800 kB
HardwareCorrupted:     0 kB
AnonHugePages:         0 kB
ShmemHugePages:        0 kB
ShmemPmdMapped:        0 kB
FileHugePages:         0 kB
FilePmdMapped:         0 kB
HugePages_Total:       0
HugePages_Free:        0
HugePages_Rsvd:        0
HugePages_Surp:        0
Hugepagesize:       2048 kB
Hugetlb:               0 kB
DirectMap4k:     2462528 kB
DirectMap2M:     5513216 kB
DirectMap1G:    58720256 kB

