MemTotal:       65439348 kB
MemFree:        64127392 kB
MemAvailable:   63930972 kB
Buffers:           44932 kB
Cached:           333240 kB
SwapCached:            0 kB
Active:           140680 kB
Inactive:         304620 kB
Active(anon):       3248 kB
Inactive(anon):    79372 kB
Active(file):     137432 kB
Inactive(file):   225248 kB
Unevictable:       19496 kB
Mlocked:           19496 kB
SwapTotal:       1996796 kB
SwapFree:        1996796 kB
Dirty:               696 kB
Writeback:             0 kB
AnonPages:         86540 kB
Mapped:            90768 kB
Shmem:              6376 kB
KReclaimable:      74424 kB
Slab:             302844 kB
SReclaimable:      74424 kB
SUnreclaim:       228420 kB
KernelStack:       10048 kB
PageTables:         2240 kB
NFS_Unstable:          0 kB
Bounce:                0 kB
WritebackTmp:          0 kB
CommitLimit:    34716468 kB
Committed_AS:     838256 kB
VmallocTotal:   34359738367 kB
VmallocUsed:       40828 kB
VmallocChunk:          0 kB
Percpu:           150912 kB
HardwareCorrupted:     0 kB
AnonHugePages:         0 kB
ShmemHugePages:        0 kB
ShmemPmdMapped:        0 kB
FileHugePages:         0 kB
FilePmdMapped:         0 kB
HugePages_Total:       0
HugePages_Free:        0
HugePages_Rsvd:        0
HugePages_Surp:        0
Hugepagesize:       2048 kB
Hugetlb:               0 kB
DirectMap4k:     2712384 kB
DirectMap2M:     5263360 kB
DirectMap1G:    58720256 kB

