MemTotal:       65439348 kB
MemFree:        63762484 kB
MemAvailable:   63843844 kB
Buffers:           55024 kB
Cached:           595032 kB
SwapCached:            0 kB
Active:           202984 kB
Inactive:         515644 kB
Active(anon):       3248 kB
Inactive(anon):    80812 kB
Active(file):     199736 kB
Inactive(file):   434832 kB
Unevictable:       19496 kB
Mlocked:           19496 kB
SwapTotal:       1996796 kB
SwapFree:        1996796 kB
Dirty:               268 kB
Writeback:             0 kB
AnonPages:         88140 kB
Mapped:            96712 kB
Shmem:              6380 kB
KReclaimable:      86204 kB
Slab:             322288 kB
SReclaimable:      86204 kB
SUnreclaim:       236084 kB
KernelStack:       10224 kB
PageTables:         3056 kB
NFS_Unstable:          0 kB
Bounce:                0 kB
WritebackTmp:          0 kB
CommitLimit:    34716468 kB
Committed_AS:     854040 kB
VmallocTotal:   34359738367 kB
VmallocUsed:       43912 kB
VmallocChunk:          0 kB
Percpu:           223680 kB
HardwareCorrupted:     0 kB
AnonHugePages:         0 kB
ShmemHugePages:        0 kB
ShmemPmdMapped:        0 kB
FileHugePages:         0 kB
FilePmdMapped:         0 kB
HugePages_Total:       0
HugePages_Free:        0
HugePages_Rsvd:        0
HugePages_Surp:        0
Hugepagesize:       2048 kB
Hugetlb:               0 kB
DirectMap4k:     2800448 kB
DirectMap2M:     5175296 kB
DirectMap1G:    58720256 kB

