MemTotal:       65439348 kB
MemFree:        64140532 kB
MemAvailable:   63936288 kB
Buffers:           43972 kB
Cached:           326796 kB
SwapCached:            0 kB
Active:           139704 kB
Inactive:         298416 kB
Active(anon):       3240 kB
Inactive(anon):    79608 kB
Active(file):     136464 kB
Inactive(file):   218808 kB
Unevictable:       19496 kB
Mlocked:           19496 kB
SwapTotal:       1996796 kB
SwapFree:        1996796 kB
Dirty:               740 kB
Writeback:             0 kB
AnonPages:         87912 kB
Mapped:            90336 kB
Shmem:              6380 kB
KReclaimable:      73592 kB
Slab:             302544 kB
SReclaimable:      73592 kB
SUnreclaim:       228952 kB
KernelStack:       10096 kB
PageTables:         2636 kB
NFS_Unstable:          0 kB
Bounce:                0 kB
WritebackTmp:          0 kB
CommitLimit:    34716468 kB
Committed_AS:     837868 kB
VmallocTotal:   34359738367 kB
VmallocUsed:       40248 kB
VmallocChunk:          0 kB
Percpu:           144192 kB
HardwareCorrupted:     0 kB
AnonHugePages:         0 kB
ShmemHugePages:        0 kB
ShmemPmdMapped:        0 kB
FileHugePages:         0 kB
FilePmdMapped:         0 kB
HugePages_Total:       0
HugePages_Free:        0
HugePages_Rsvd:        0
HugePages_Surp:        0
Hugepagesize:       2048 kB
Hugetlb:               0 kB
DirectMap4k:     2702144 kB
DirectMap2M:     5273600 kB
DirectMap1G:    58720256 kB

