MemTotal:       65439348 kB
MemFree:        63839804 kB
MemAvailable:   63885928 kB
Buffers:           50728 kB
Cached:           565956 kB
SwapCached:            0 kB
Active:           198000 kB
Inactive:         479332 kB
Active(anon):       3240 kB
Inactive(anon):    72892 kB
Active(file):     194760 kB
Inactive(file):   406440 kB
Unevictable:       19496 kB
Mlocked:           19496 kB
SwapTotal:       1996796 kB
SwapFree:        1996796 kB
Dirty:               216 kB
Writeback:             0 kB
AnonPages:         80232 kB
Mapped:            83836 kB
Shmem:              6376 kB
KReclaimable:      82472 kB
Slab:             313864 kB
SReclaimable:      82472 kB
SUnreclaim:       231392 kB
KernelStack:       10080 kB
PageTables:         2444 kB
NFS_Unstable:          0 kB
Bounce:                0 kB
WritebackTmp:          0 kB
CommitLimit:    34716468 kB
Committed_AS:     807780 kB
VmallocTotal:   34359738367 kB
VmallocUsed:       42308 kB
VmallocChunk:          0 kB
Percpu:           192384 kB
HardwareCorrupted:     0 kB
AnonHugePages:         0 kB
ShmemHugePages:        0 kB
ShmemPmdMapped:        0 kB
FileHugePages:         0 kB
FilePmdMapped:         0 kB
HugePages_Total:       0
HugePages_Free:        0
HugePages_Rsvd:        0
HugePages_Surp:        0
Hugepagesize:       2048 kB
Hugetlb:               0 kB
DirectMap4k:     2757440 kB
DirectMap2M:     5218304 kB
DirectMap1G:    58720256 kB

