MemTotal:       65439348 kB
MemFree:        63920756 kB
MemAvailable:   63926296 kB
Buffers:           45852 kB
Cached:           532596 kB
SwapCached:            0 kB
Active:           154172 kB
Inactive:         485928 kB
Active(anon):       3252 kB
Inactive(anon):    73876 kB
Active(file):     150920 kB
Inactive(file):   412052 kB
Unevictable:       19496 kB
Mlocked:           19496 kB
SwapTotal:       1996796 kB
SwapFree:        1996796 kB
Dirty:               652 kB
Writeback:             0 kB
AnonPages:         81144 kB
Mapped:            81832 kB
Shmem:              6376 kB
KReclaimable:      77760 kB
Slab:             307204 kB
SReclaimable:      77760 kB
SUnreclaim:       229444 kB
KernelStack:        9968 kB
PageTables:         2444 kB
NFS_Unstable:          0 kB
Bounce:                0 kB
WritebackTmp:          0 kB
CommitLimit:    34716468 kB
Committed_AS:     799204 kB
VmallocTotal:   34359738367 kB
VmallocUsed:       40580 kB
VmallocChunk:          0 kB
Percpu:           157440 kB
HardwareCorrupted:     0 kB
AnonHugePages:         0 kB
ShmemHugePages:        0 kB
ShmemPmdMapped:        0 kB
FileHugePages:         0 kB
FilePmdMapped:         0 kB
HugePages_Total:       0
HugePages_Free:        0
HugePages_Rsvd:        0
HugePages_Surp:        0
Hugepagesize:       2048 kB
Hugetlb:               0 kB
DirectMap4k:     2720576 kB
DirectMap2M:     5255168 kB
DirectMap1G:    58720256 kB

