MemTotal:       65439348 kB
MemFree:        63733204 kB
MemAvailable:   63827460 kB
Buffers:           56684 kB
Cached:           605564 kB
SwapCached:            0 kB
Active:           204632 kB
Inactive:         524096 kB
Active(anon):       3252 kB
Inactive(anon):    78744 kB
Active(file):     201380 kB
Inactive(file):   445352 kB
Unevictable:       19496 kB
Mlocked:           19496 kB
SwapTotal:       1996796 kB
SwapFree:        1996796 kB
Dirty:               784 kB
Writeback:             0 kB
AnonPages:         86072 kB
Mapped:            96592 kB
Shmem:              6380 kB
KReclaimable:      87672 kB
Slab:             325244 kB
SReclaimable:      87672 kB
SUnreclaim:       237572 kB
KernelStack:       10144 kB
PageTables:         2660 kB
NFS_Unstable:          0 kB
Bounce:                0 kB
WritebackTmp:          0 kB
CommitLimit:    34716468 kB
Committed_AS:     854428 kB
VmallocTotal:   34359738367 kB
VmallocUsed:       44024 kB
VmallocChunk:          0 kB
Percpu:           235200 kB
HardwareCorrupted:     0 kB
AnonHugePages:         0 kB
ShmemHugePages:        0 kB
ShmemPmdMapped:        0 kB
FileHugePages:         0 kB
FilePmdMapped:         0 kB
HugePages_Total:       0
HugePages_Free:        0
HugePages_Rsvd:        0
HugePages_Surp:        0
Hugepagesize:       2048 kB
Hugetlb:               0 kB
DirectMap4k:     2812736 kB
DirectMap2M:     5163008 kB
DirectMap1G:    58720256 kB

