MemTotal:       65439348 kB
MemFree:        64292936 kB
MemAvailable:   64008864 kB
Buffers:           35488 kB
Cached:           259288 kB
SwapCached:            0 kB
Active:           128264 kB
Inactive:         226840 kB
Active(anon):       3212 kB
Inactive(anon):    72632 kB
Active(file):     125052 kB
Inactive(file):   154208 kB
Unevictable:       19496 kB
Mlocked:           19496 kB
SwapTotal:       1996796 kB
SwapFree:        1996796 kB
Dirty:               744 kB
Writeback:             0 kB
AnonPages:         79940 kB
Mapped:            75116 kB
Shmem:              6376 kB
KReclaimable:      65956 kB
Slab:             288152 kB
SReclaimable:      65956 kB
SUnreclaim:       222196 kB
KernelStack:        9968 kB
PageTables:         2400 kB
NFS_Unstable:          0 kB
Bounce:                0 kB
WritebackTmp:          0 kB
CommitLimit:    34716468 kB
Committed_AS:     790608 kB
VmallocTotal:   34359738367 kB
VmallocUsed:       38340 kB
VmallocChunk:          0 kB
Percpu:            96576 kB
HardwareCorrupted:     0 kB
AnonHugePages:         0 kB
ShmemHugePages:        0 kB
ShmemPmdMapped:        0 kB
FileHugePages:         0 kB
FilePmdMapped:         0 kB
HugePages_Total:       0
HugePages_Free:        0
HugePages_Rsvd:        0
HugePages_Surp:        0
Hugepagesize:       2048 kB
Hugetlb:               0 kB
DirectMap4k:     2251584 kB
DirectMap2M:     5724160 kB
DirectMap1G:    58720256 kB

