MemTotal:       65439348 kB
MemFree:        63865608 kB
MemAvailable:   63899464 kB
Buffers:           49028 kB
Cached:           556212 kB
SwapCached:            0 kB
Active:           157496 kB
Inactive:         508620 kB
Active(anon):       3240 kB
Inactive(anon):    73120 kB
Active(file):     154256 kB
Inactive(file):   435500 kB
Unevictable:       19496 kB
Mlocked:           19496 kB
SwapTotal:       1996796 kB
SwapFree:        1996796 kB
Dirty:               748 kB
Writeback:             0 kB
AnonPages:         80404 kB
Mapped:            83052 kB
Shmem:              6376 kB
KReclaimable:      80820 kB
Slab:             311948 kB
SReclaimable:      80820 kB
SUnreclaim:       231128 kB
KernelStack:       10016 kB
PageTables:         2488 kB
NFS_Unstable:          0 kB
Bounce:                0 kB
WritebackTmp:          0 kB
CommitLimit:    34716468 kB
Committed_AS:     799588 kB
VmallocTotal:   34359738367 kB
VmallocUsed:       41616 kB
VmallocChunk:          0 kB
Percpu:           181632 kB
HardwareCorrupted:     0 kB
AnonHugePages:         0 kB
ShmemHugePages:        0 kB
ShmemPmdMapped:        0 kB
FileHugePages:         0 kB
FilePmdMapped:         0 kB
HugePages_Total:       0
HugePages_Free:        0
HugePages_Rsvd:        0
HugePages_Surp:        0
Hugepagesize:       2048 kB
Hugetlb:               0 kB
DirectMap4k:     2747200 kB
DirectMap2M:     5228544 kB
DirectMap1G:    58720256 kB

