MemTotal:       65439348 kB
MemFree:        64185624 kB
MemAvailable:   63961772 kB
Buffers:           41544 kB
Cached:           310724 kB
SwapCached:            0 kB
Active:           136988 kB
Inactive:         281648 kB
Active(anon):       3256 kB
Inactive(anon):    78592 kB
Active(file):     133732 kB
Inactive(file):   203056 kB
Unevictable:       19496 kB
Mlocked:           19496 kB
SwapTotal:       1996796 kB
SwapFree:        1996796 kB
Dirty:               608 kB
Writeback:             0 kB
AnonPages:         85896 kB
Mapped:            88152 kB
Shmem:              6380 kB
KReclaimable:      71340 kB
Slab:             296736 kB
SReclaimable:      71340 kB
SUnreclaim:       225396 kB
KernelStack:       10096 kB
PageTables:         2628 kB
NFS_Unstable:          0 kB
Bounce:                0 kB
WritebackTmp:          0 kB
CommitLimit:    34716468 kB
Committed_AS:     837868 kB
VmallocTotal:   34359738367 kB
VmallocUsed:       39716 kB
VmallocChunk:          0 kB
Percpu:           126144 kB
HardwareCorrupted:     0 kB
AnonHugePages:         0 kB
ShmemHugePages:        0 kB
ShmemPmdMapped:        0 kB
FileHugePages:         0 kB
FilePmdMapped:         0 kB
HugePages_Total:       0
HugePages_Free:        0
HugePages_Rsvd:        0
HugePages_Surp:        0
Hugepagesize:       2048 kB
Hugetlb:               0 kB
DirectMap4k:     2675520 kB
DirectMap2M:     5300224 kB
DirectMap1G:    58720256 kB

