MemTotal:       65439348 kB
MemFree:        64184936 kB
MemAvailable:   63962644 kB
Buffers:           41724 kB
Cached:           312024 kB
SwapCached:            0 kB
Active:           137156 kB
Inactive:         282512 kB
Active(anon):       3248 kB
Inactive(anon):    78156 kB
Active(file):     133908 kB
Inactive(file):   204356 kB
Unevictable:       19496 kB
Mlocked:           19496 kB
SwapTotal:       1996796 kB
SwapFree:        1996796 kB
Dirty:               720 kB
Writeback:             0 kB
AnonPages:         85496 kB
Mapped:            88096 kB
Shmem:              6380 kB
KReclaimable:      71508 kB
Slab:             297024 kB
SReclaimable:      71508 kB
SUnreclaim:       225516 kB
KernelStack:       10128 kB
PageTables:         2580 kB
NFS_Unstable:          0 kB
Bounce:                0 kB
WritebackTmp:          0 kB
CommitLimit:    34716468 kB
Committed_AS:     837872 kB
VmallocTotal:   34359738367 kB
VmallocUsed:       39732 kB
VmallocChunk:          0 kB
Percpu:           127296 kB
HardwareCorrupted:     0 kB
AnonHugePages:         0 kB
ShmemHugePages:        0 kB
ShmemPmdMapped:        0 kB
FileHugePages:         0 kB
FilePmdMapped:         0 kB
HugePages_Total:       0
HugePages_Free:        0
HugePages_Rsvd:        0
HugePages_Surp:        0
Hugepagesize:       2048 kB
Hugetlb:               0 kB
DirectMap4k:     2675520 kB
DirectMap2M:     5300224 kB
DirectMap1G:    58720256 kB

