MemTotal:       65439348 kB
MemFree:        63717800 kB
MemAvailable:   63823124 kB
Buffers:           58040 kB
Cached:           614720 kB
SwapCached:            0 kB
Active:           210952 kB
Inactive:         524928 kB
Active(anon):       3244 kB
Inactive(anon):    75400 kB
Active(file):     207708 kB
Inactive(file):   449528 kB
Unevictable:       19496 kB
Mlocked:           19496 kB
SwapTotal:       1996796 kB
SwapFree:        1996796 kB
Dirty:               584 kB
Writeback:            56 kB
AnonPages:         82712 kB
Mapped:            88092 kB
Shmem:              6380 kB
KReclaimable:      88796 kB
Slab:             326632 kB
SReclaimable:      88796 kB
SUnreclaim:       237836 kB
KernelStack:        9984 kB
PageTables:         2716 kB
NFS_Unstable:          0 kB
Bounce:                0 kB
WritebackTmp:          0 kB
CommitLimit:    34716468 kB
Committed_AS:     807648 kB
VmallocTotal:   34359738367 kB
VmallocUsed:       44340 kB
VmallocChunk:          0 kB
Percpu:           245376 kB
HardwareCorrupted:     0 kB
AnonHugePages:         0 kB
ShmemHugePages:        0 kB
ShmemPmdMapped:        0 kB
FileHugePages:         0 kB
FilePmdMapped:         0 kB
HugePages_Total:       0
HugePages_Free:        0
HugePages_Rsvd:        0
HugePages_Surp:        0
Hugepagesize:       2048 kB
Hugetlb:               0 kB
DirectMap4k:     2822976 kB
DirectMap2M:     5152768 kB
DirectMap1G:    58720256 kB

