MemTotal:       65439348 kB
MemFree:        63926960 kB
MemAvailable:   63929844 kB
Buffers:           45548 kB
Cached:           530408 kB
SwapCached:            0 kB
Active:           153852 kB
Inactive:         482648 kB
Active(anon):       3244 kB
Inactive(anon):    72780 kB
Active(file):     150608 kB
Inactive(file):   409868 kB
Unevictable:       19496 kB
Mlocked:           19496 kB
SwapTotal:       1996796 kB
SwapFree:        1996796 kB
Dirty:               172 kB
Writeback:             0 kB
AnonPages:         80144 kB
Mapped:            81248 kB
Shmem:              6376 kB
KReclaimable:      77436 kB
Slab:             307172 kB
SReclaimable:      77436 kB
SUnreclaim:       229736 kB
KernelStack:       10048 kB
PageTables:         2432 kB
NFS_Unstable:          0 kB
Bounce:                0 kB
WritebackTmp:          0 kB
CommitLimit:    34716468 kB
Committed_AS:     799592 kB
VmallocTotal:   34359738367 kB
VmallocUsed:       40644 kB
VmallocChunk:          0 kB
Percpu:           155712 kB
HardwareCorrupted:     0 kB
AnonHugePages:         0 kB
ShmemHugePages:        0 kB
ShmemPmdMapped:        0 kB
FileHugePages:         0 kB
FilePmdMapped:         0 kB
HugePages_Total:       0
HugePages_Free:        0
HugePages_Rsvd:        0
HugePages_Surp:        0
Hugepagesize:       2048 kB
Hugetlb:               0 kB
DirectMap4k:     2716480 kB
DirectMap2M:     5259264 kB
DirectMap1G:    58720256 kB

