MemTotal:       65439348 kB
MemFree:        64241468 kB
MemAvailable:   63986596 kB
Buffers:           38976 kB
Cached:           283468 kB
SwapCached:            0 kB
Active:           132700 kB
Inactive:         251100 kB
Active(anon):       3220 kB
Inactive(anon):    73612 kB
Active(file):     129480 kB
Inactive(file):   177488 kB
Unevictable:       19496 kB
Mlocked:           19496 kB
SwapTotal:       1996796 kB
SwapFree:        1996796 kB
Dirty:               920 kB
Writeback:             0 kB
AnonPages:         80860 kB
Mapped:            77496 kB
Shmem:              6376 kB
KReclaimable:      68940 kB
Slab:             293320 kB
SReclaimable:      68940 kB
SUnreclaim:       224380 kB
KernelStack:        9952 kB
PageTables:         2252 kB
NFS_Unstable:          0 kB
Bounce:                0 kB
WritebackTmp:          0 kB
CommitLimit:    34716468 kB
Committed_AS:     790364 kB
VmallocTotal:   34359738367 kB
VmallocUsed:       38984 kB
VmallocChunk:          0 kB
Percpu:           111552 kB
HardwareCorrupted:     0 kB
AnonHugePages:         0 kB
ShmemHugePages:        0 kB
ShmemPmdMapped:        0 kB
FileHugePages:         0 kB
FilePmdMapped:         0 kB
HugePages_Total:       0
HugePages_Free:        0
HugePages_Rsvd:        0
HugePages_Surp:        0
Hugepagesize:       2048 kB
Hugetlb:               0 kB
DirectMap4k:     2630464 kB
DirectMap2M:     5345280 kB
DirectMap1G:    58720256 kB

