MemTotal:       65439348 kB
MemFree:        64277188 kB
MemAvailable:   64005244 kB
Buffers:           36976 kB
Cached:           269124 kB
SwapCached:            0 kB
Active:           129792 kB
Inactive:         237532 kB
Active(anon):       3208 kB
Inactive(anon):    73492 kB
Active(file):     126584 kB
Inactive(file):   164040 kB
Unevictable:       19496 kB
Mlocked:           19496 kB
SwapTotal:       1996796 kB
SwapFree:        1996796 kB
Dirty:               644 kB
Writeback:             0 kB
AnonPages:         80180 kB
Mapped:            76156 kB
Shmem:              6376 kB
KReclaimable:      67484 kB
Slab:             290952 kB
SReclaimable:      67484 kB
SUnreclaim:       223468 kB
KernelStack:        9984 kB
PageTables:         2136 kB
NFS_Unstable:          0 kB
Bounce:                0 kB
WritebackTmp:          0 kB
CommitLimit:    34716468 kB
Committed_AS:     790356 kB
VmallocTotal:   34359738367 kB
VmallocUsed:       38580 kB
VmallocChunk:          0 kB
Percpu:            96576 kB
HardwareCorrupted:     0 kB
AnonHugePages:         0 kB
ShmemHugePages:        0 kB
ShmemPmdMapped:        0 kB
FileHugePages:         0 kB
FilePmdMapped:         0 kB
HugePages_Total:       0
HugePages_Free:        0
HugePages_Rsvd:        0
HugePages_Surp:        0
Hugepagesize:       2048 kB
Hugetlb:               0 kB
DirectMap4k:     2407232 kB
DirectMap2M:     5568512 kB
DirectMap1G:    58720256 kB

