MemTotal:       65439348 kB
MemFree:        63906184 kB
MemAvailable:   63918068 kB
Buffers:           46636 kB
Cached:           537840 kB
SwapCached:            0 kB
Active:           154932 kB
Inactive:         491296 kB
Active(anon):       3240 kB
Inactive(anon):    73992 kB
Active(file):     151692 kB
Inactive(file):   417304 kB
Unevictable:       19496 kB
Mlocked:           19496 kB
SwapTotal:       1996796 kB
SwapFree:        1996796 kB
Dirty:               624 kB
Writeback:             0 kB
AnonPages:         80844 kB
Mapped:            82180 kB
Shmem:              6376 kB
KReclaimable:      78396 kB
Slab:             307896 kB
SReclaimable:      78396 kB
SUnreclaim:       229500 kB
KernelStack:       10176 kB
PageTables:         2916 kB
NFS_Unstable:          0 kB
Bounce:                0 kB
WritebackTmp:          0 kB
CommitLimit:    34716468 kB
Committed_AS:     799204 kB
VmallocTotal:   34359738367 kB
VmallocUsed:       41196 kB
VmallocChunk:          0 kB
Percpu:           163392 kB
HardwareCorrupted:     0 kB
AnonHugePages:         0 kB
ShmemHugePages:        0 kB
ShmemPmdMapped:        0 kB
FileHugePages:         0 kB
FilePmdMapped:         0 kB
HugePages_Total:       0
HugePages_Free:        0
HugePages_Rsvd:        0
HugePages_Surp:        0
Hugepagesize:       2048 kB
Hugetlb:               0 kB
DirectMap4k:     2726720 kB
DirectMap2M:     5249024 kB
DirectMap1G:    58720256 kB

