MemTotal:       65439348 kB
MemFree:        64288264 kB
MemAvailable:   64006048 kB
Buffers:           35704 kB
Cached:           260760 kB
SwapCached:            0 kB
Active:           128508 kB
Inactive:         228660 kB
Active(anon):       3200 kB
Inactive(anon):    72980 kB
Active(file):     125308 kB
Inactive(file):   155680 kB
Unevictable:       19496 kB
Mlocked:           19496 kB
SwapTotal:       1996796 kB
SwapFree:        1996796 kB
Dirty:               916 kB
Writeback:             0 kB
AnonPages:         80100 kB
Mapped:            75840 kB
Shmem:              6376 kB
KReclaimable:      66216 kB
Slab:             288668 kB
SReclaimable:      66216 kB
SUnreclaim:       222452 kB
KernelStack:        9856 kB
PageTables:         2096 kB
NFS_Unstable:          0 kB
Bounce:                0 kB
WritebackTmp:          0 kB
CommitLimit:    34716468 kB
Committed_AS:     790360 kB
VmallocTotal:   34359738367 kB
VmallocUsed:       38404 kB
VmallocChunk:          0 kB
Percpu:            96576 kB
HardwareCorrupted:     0 kB
AnonHugePages:         0 kB
ShmemHugePages:        0 kB
ShmemPmdMapped:        0 kB
FileHugePages:         0 kB
FilePmdMapped:         0 kB
HugePages_Total:       0
HugePages_Free:        0
HugePages_Rsvd:        0
HugePages_Surp:        0
Hugepagesize:       2048 kB
Hugetlb:               0 kB
DirectMap4k:     2274112 kB
DirectMap2M:     5701632 kB
DirectMap1G:    58720256 kB

