MemTotal:       65439348 kB
MemFree:        63900340 kB
MemAvailable:   63917016 kB
Buffers:           47204 kB
Cached:           541800 kB
SwapCached:            0 kB
Active:           155508 kB
Inactive:         495168 kB
Active(anon):       3236 kB
Inactive(anon):    73912 kB
Active(file):     152272 kB
Inactive(file):   421256 kB
Unevictable:       19496 kB
Mlocked:           19496 kB
SwapTotal:       1996796 kB
SwapFree:        1996796 kB
Dirty:               664 kB
Writeback:             0 kB
AnonPages:         81256 kB
Mapped:            82508 kB
Shmem:              6376 kB
KReclaimable:      78916 kB
Slab:             308960 kB
SReclaimable:      78916 kB
SUnreclaim:       230044 kB
KernelStack:       10128 kB
PageTables:         2600 kB
NFS_Unstable:          0 kB
Bounce:                0 kB
WritebackTmp:          0 kB
CommitLimit:    34716468 kB
Committed_AS:     799200 kB
VmallocTotal:   34359738367 kB
VmallocUsed:       41148 kB
VmallocChunk:          0 kB
Percpu:           167616 kB
HardwareCorrupted:     0 kB
AnonHugePages:         0 kB
ShmemHugePages:        0 kB
ShmemPmdMapped:        0 kB
FileHugePages:         0 kB
FilePmdMapped:         0 kB
HugePages_Total:       0
HugePages_Free:        0
HugePages_Rsvd:        0
HugePages_Surp:        0
Hugepagesize:       2048 kB
Hugetlb:               0 kB
DirectMap4k:     2732864 kB
DirectMap2M:     5242880 kB
DirectMap1G:    58720256 kB

