MemTotal:       65439348 kB
MemFree:        63898936 kB
MemAvailable:   63916864 kB
Buffers:           47340 kB
Cached:           542864 kB
SwapCached:            0 kB
Active:           155632 kB
Inactive:         495308 kB
Active(anon):       3248 kB
Inactive(anon):    72988 kB
Active(file):     152384 kB
Inactive(file):   422320 kB
Unevictable:       19496 kB
Mlocked:           19496 kB
SwapTotal:       1996796 kB
SwapFree:        1996796 kB
Dirty:               620 kB
Writeback:             0 kB
AnonPages:         79936 kB
Mapped:            82324 kB
Shmem:              6376 kB
KReclaimable:      79068 kB
Slab:             308832 kB
SReclaimable:      79068 kB
SUnreclaim:       229764 kB
KernelStack:       10144 kB
PageTables:         2728 kB
NFS_Unstable:          0 kB
Bounce:                0 kB
WritebackTmp:          0 kB
CommitLimit:    34716468 kB
Committed_AS:     799200 kB
VmallocTotal:   34359738367 kB
VmallocUsed:       41260 kB
VmallocChunk:          0 kB
Percpu:           168768 kB
HardwareCorrupted:     0 kB
AnonHugePages:         0 kB
ShmemHugePages:        0 kB
ShmemPmdMapped:        0 kB
FileHugePages:         0 kB
FilePmdMapped:         0 kB
HugePages_Total:       0
HugePages_Free:        0
HugePages_Rsvd:        0
HugePages_Surp:        0
Hugepagesize:       2048 kB
Hugetlb:               0 kB
DirectMap4k:     2732864 kB
DirectMap2M:     5242880 kB
DirectMap1G:    58720256 kB

