MemTotal:       65439348 kB
MemFree:        64139436 kB
MemAvailable:   63937964 kB
Buffers:           44300 kB
Cached:           329044 kB
SwapCached:            0 kB
Active:           140036 kB
Inactive:         299592 kB
Active(anon):       3256 kB
Inactive(anon):    78536 kB
Active(file):     136780 kB
Inactive(file):   221056 kB
Unevictable:       19496 kB
Mlocked:           19496 kB
SwapTotal:       1996796 kB
SwapFree:        1996796 kB
Dirty:               712 kB
Writeback:             0 kB
AnonPages:         85436 kB
Mapped:            90176 kB
Shmem:              6380 kB
KReclaimable:      74004 kB
Slab:             302152 kB
SReclaimable:      74004 kB
SUnreclaim:       228148 kB
KernelStack:       10176 kB
PageTables:         2424 kB
NFS_Unstable:          0 kB
Bounce:                0 kB
WritebackTmp:          0 kB
CommitLimit:    34716468 kB
Committed_AS:     837872 kB
VmallocTotal:   34359738367 kB
VmallocUsed:       40828 kB
VmallocChunk:          0 kB
Percpu:           146688 kB
HardwareCorrupted:     0 kB
AnonHugePages:         0 kB
ShmemHugePages:        0 kB
ShmemPmdMapped:        0 kB
FileHugePages:         0 kB
FilePmdMapped:         0 kB
HugePages_Total:       0
HugePages_Free:        0
HugePages_Rsvd:        0
HugePages_Surp:        0
Hugepagesize:       2048 kB
Hugetlb:               0 kB
DirectMap4k:     2706240 kB
DirectMap2M:     5269504 kB
DirectMap1G:    58720256 kB

