MemTotal:       65439348 kB
MemFree:        63696924 kB
MemAvailable:   63811612 kB
Buffers:           59088 kB
Cached:           622412 kB
SwapCached:            0 kB
Active:           211996 kB
Inactive:         530528 kB
Active(anon):       3236 kB
Inactive(anon):    73264 kB
Active(file):     208760 kB
Inactive(file):   457264 kB
Unevictable:       19496 kB
Mlocked:           19496 kB
SwapTotal:       1996796 kB
SwapFree:        1996796 kB
Dirty:               656 kB
Writeback:             0 kB
AnonPages:         80652 kB
Mapped:            88520 kB
Shmem:              6376 kB
KReclaimable:      89952 kB
Slab:             329516 kB
SReclaimable:      89952 kB
SUnreclaim:       239564 kB
KernelStack:       10000 kB
PageTables:         2544 kB
NFS_Unstable:          0 kB
Bounce:                0 kB
WritebackTmp:          0 kB
CommitLimit:    34716468 kB
Committed_AS:     807648 kB
VmallocTotal:   34359738367 kB
VmallocUsed:       44872 kB
VmallocChunk:          0 kB
Percpu:           253824 kB
HardwareCorrupted:     0 kB
AnonHugePages:         0 kB
ShmemHugePages:        0 kB
ShmemPmdMapped:        0 kB
FileHugePages:         0 kB
FilePmdMapped:         0 kB
HugePages_Total:       0
HugePages_Free:        0
HugePages_Rsvd:        0
HugePages_Surp:        0
Hugepagesize:       2048 kB
Hugetlb:               0 kB
DirectMap4k:     2835264 kB
DirectMap2M:     5140480 kB
DirectMap1G:    58720256 kB

