MemTotal:       65439348 kB
MemFree:        64169640 kB
MemAvailable:   63954936 kB
Buffers:           42588 kB
Cached:           318336 kB
SwapCached:            0 kB
Active:           138040 kB
Inactive:         290220 kB
Active(anon):       3264 kB
Inactive(anon):    79552 kB
Active(file):     134776 kB
Inactive(file):   210668 kB
Unevictable:       19496 kB
Mlocked:           19496 kB
SwapTotal:       1996796 kB
SwapFree:        1996796 kB
Dirty:               728 kB
Writeback:             0 kB
AnonPages:         87032 kB
Mapped:            88816 kB
Shmem:              6380 kB
KReclaimable:      72328 kB
Slab:             299220 kB
SReclaimable:      72328 kB
SUnreclaim:       226892 kB
KernelStack:       10256 kB
PageTables:         2792 kB
NFS_Unstable:          0 kB
Bounce:                0 kB
WritebackTmp:          0 kB
CommitLimit:    34716468 kB
Committed_AS:     837616 kB
VmallocTotal:   34359738367 kB
VmallocUsed:       40280 kB
VmallocChunk:          0 kB
Percpu:           134592 kB
HardwareCorrupted:     0 kB
AnonHugePages:         0 kB
ShmemHugePages:        0 kB
ShmemPmdMapped:        0 kB
FileHugePages:         0 kB
FilePmdMapped:         0 kB
HugePages_Total:       0
HugePages_Free:        0
HugePages_Rsvd:        0
HugePages_Surp:        0
Hugepagesize:       2048 kB
Hugetlb:               0 kB
DirectMap4k:     2691904 kB
DirectMap2M:     5283840 kB
DirectMap1G:    58720256 kB

