MemTotal:       65439348 kB
MemFree:        64313040 kB
MemAvailable:   64014540 kB
Buffers:           32088 kB
Cached:           252908 kB
SwapCached:            0 kB
Active:           123248 kB
Inactive:         221744 kB
Active(anon):       3216 kB
Inactive(anon):    72256 kB
Active(file):     120032 kB
Inactive(file):   149488 kB
Unevictable:       19496 kB
Mlocked:           19496 kB
SwapTotal:       1996796 kB
SwapFree:        1996796 kB
Dirty:                20 kB
Writeback:             0 kB
AnonPages:         79560 kB
Mapped:            74740 kB
Shmem:              6376 kB
KReclaimable:      56580 kB
Slab:             278132 kB
SReclaimable:      56580 kB
SUnreclaim:       221552 kB
KernelStack:       10016 kB
PageTables:         2396 kB
NFS_Unstable:          0 kB
Bounce:                0 kB
WritebackTmp:          0 kB
CommitLimit:    34716468 kB
Committed_AS:     790612 kB
VmallocTotal:   34359738367 kB
VmallocUsed:       38500 kB
VmallocChunk:          0 kB
Percpu:            96576 kB
HardwareCorrupted:     0 kB
AnonHugePages:         0 kB
ShmemHugePages:        0 kB
ShmemPmdMapped:        0 kB
FileHugePages:         0 kB
FilePmdMapped:         0 kB
HugePages_Total:       0
HugePages_Free:        0
HugePages_Rsvd:        0
HugePages_Surp:        0
Hugepagesize:       2048 kB
Hugetlb:               0 kB
DirectMap4k:     2188096 kB
DirectMap2M:     5787648 kB
DirectMap1G:    58720256 kB

