MemTotal:       65439348 kB
MemFree:        64326596 kB
MemAvailable:   64019968 kB
Buffers:           30272 kB
Cached:           242640 kB
SwapCached:            0 kB
Active:           121420 kB
Inactive:         211696 kB
Active(anon):       3212 kB
Inactive(anon):    72476 kB
Active(file):     118208 kB
Inactive(file):   139220 kB
Unevictable:       19496 kB
Mlocked:           19496 kB
SwapTotal:       1996796 kB
SwapFree:        1996796 kB
Dirty:               684 kB
Writeback:             0 kB
AnonPages:         79828 kB
Mapped:            73952 kB
Shmem:              6376 kB
KReclaimable:      56052 kB
Slab:             276768 kB
SReclaimable:      56052 kB
SUnreclaim:       220716 kB
KernelStack:        9920 kB
PageTables:         2432 kB
NFS_Unstable:          0 kB
Bounce:                0 kB
WritebackTmp:          0 kB
CommitLimit:    34716468 kB
Committed_AS:     790352 kB
VmallocTotal:   34359738367 kB
VmallocUsed:       38260 kB
VmallocChunk:          0 kB
Percpu:            96576 kB
HardwareCorrupted:     0 kB
AnonHugePages:         0 kB
ShmemHugePages:        0 kB
ShmemPmdMapped:        0 kB
FileHugePages:         0 kB
FilePmdMapped:         0 kB
HugePages_Total:       0
HugePages_Free:        0
HugePages_Rsvd:        0
HugePages_Surp:        0
Hugepagesize:       2048 kB
Hugetlb:               0 kB
DirectMap4k:     2034496 kB
DirectMap2M:     5941248 kB
DirectMap1G:    58720256 kB

