MemTotal:       65439348 kB
MemFree:        63710644 kB
MemAvailable:   63819860 kB
Buffers:           58448 kB
Cached:           617928 kB
SwapCached:            0 kB
Active:           211364 kB
Inactive:         526952 kB
Active(anon):       3244 kB
Inactive(anon):    74176 kB
Active(file):     208120 kB
Inactive(file):   452776 kB
Unevictable:       19496 kB
Mlocked:           19496 kB
SwapTotal:       1996796 kB
SwapFree:        1996796 kB
Dirty:               488 kB
Writeback:             0 kB
AnonPages:         81388 kB
Mapped:            88892 kB
Shmem:              6380 kB
KReclaimable:      89264 kB
Slab:             327584 kB
SReclaimable:      89264 kB
SUnreclaim:       238320 kB
KernelStack:        9920 kB
PageTables:         2536 kB
NFS_Unstable:          0 kB
Bounce:                0 kB
WritebackTmp:          0 kB
CommitLimit:    34716468 kB
Committed_AS:     807652 kB
VmallocTotal:   34359738367 kB
VmallocUsed:       44840 kB
VmallocChunk:          0 kB
Percpu:           249024 kB
HardwareCorrupted:     0 kB
AnonHugePages:         0 kB
ShmemHugePages:        0 kB
ShmemPmdMapped:        0 kB
FileHugePages:         0 kB
FilePmdMapped:         0 kB
HugePages_Total:       0
HugePages_Free:        0
HugePages_Rsvd:        0
HugePages_Surp:        0
Hugepagesize:       2048 kB
Hugetlb:               0 kB
DirectMap4k:     2829120 kB
DirectMap2M:     5146624 kB
DirectMap1G:    58720256 kB

