MemTotal:       65439348 kB
MemFree:        63719160 kB
MemAvailable:   63824312 kB
Buffers:           58012 kB
Cached:           614548 kB
SwapCached:            0 kB
Active:           210920 kB
Inactive:         522284 kB
Active(anon):       3244 kB
Inactive(anon):    72884 kB
Active(file):     207676 kB
Inactive(file):   449400 kB
Unevictable:       19496 kB
Mlocked:           19496 kB
SwapTotal:       1996796 kB
SwapFree:        1996796 kB
Dirty:                72 kB
Writeback:             0 kB
AnonPages:         80204 kB
Mapped:            87896 kB
Shmem:              6376 kB
KReclaimable:      88772 kB
Slab:             326664 kB
SReclaimable:      88772 kB
SUnreclaim:       237892 kB
KernelStack:       10016 kB
PageTables:         2456 kB
NFS_Unstable:          0 kB
Bounce:                0 kB
WritebackTmp:          0 kB
CommitLimit:    34716468 kB
Committed_AS:     808036 kB
VmallocTotal:   34359738367 kB
VmallocUsed:       44308 kB
VmallocChunk:          0 kB
Percpu:           244800 kB
HardwareCorrupted:     0 kB
AnonHugePages:         0 kB
ShmemHugePages:        0 kB
ShmemPmdMapped:        0 kB
FileHugePages:         0 kB
FilePmdMapped:         0 kB
HugePages_Total:       0
HugePages_Free:        0
HugePages_Rsvd:        0
HugePages_Surp:        0
Hugepagesize:       2048 kB
Hugetlb:               0 kB
DirectMap4k:     2822976 kB
DirectMap2M:     5152768 kB
DirectMap1G:    58720256 kB

