MemTotal:       65439348 kB
MemFree:        64132984 kB
MemAvailable:   63933152 kB
Buffers:           44512 kB
Cached:           330412 kB
SwapCached:            0 kB
Active:           140256 kB
Inactive:         300680 kB
Active(anon):       3244 kB
Inactive(anon):    78256 kB
Active(file):     137012 kB
Inactive(file):   222424 kB
Unevictable:       19496 kB
Mlocked:           19496 kB
SwapTotal:       1996796 kB
SwapFree:        1996796 kB
Dirty:               144 kB
Writeback:             0 kB
AnonPages:         85624 kB
Mapped:            89552 kB
Shmem:              6380 kB
KReclaimable:      74084 kB
Slab:             302472 kB
SReclaimable:      74084 kB
SUnreclaim:       228388 kB
KernelStack:       10160 kB
PageTables:         2576 kB
NFS_Unstable:          0 kB
Bounce:                0 kB
WritebackTmp:          0 kB
CommitLimit:    34716468 kB
Committed_AS:     838256 kB
VmallocTotal:   34359738367 kB
VmallocUsed:       40828 kB
VmallocChunk:          0 kB
Percpu:           147840 kB
HardwareCorrupted:     0 kB
AnonHugePages:         0 kB
ShmemHugePages:        0 kB
ShmemPmdMapped:        0 kB
FileHugePages:         0 kB
FilePmdMapped:         0 kB
HugePages_Total:       0
HugePages_Free:        0
HugePages_Rsvd:        0
HugePages_Surp:        0
Hugepagesize:       2048 kB
Hugetlb:               0 kB
DirectMap4k:     2708288 kB
DirectMap2M:     5267456 kB
DirectMap1G:    58720256 kB

