MemTotal:       65439348 kB
MemFree:        63758548 kB
MemAvailable:   63841664 kB
Buffers:           55220 kB
Cached:           596460 kB
SwapCached:            0 kB
Active:           203188 kB
Inactive:         514580 kB
Active(anon):       3248 kB
Inactive(anon):    78328 kB
Active(file):     199940 kB
Inactive(file):   436252 kB
Unevictable:       19496 kB
Mlocked:           19496 kB
SwapTotal:       1996796 kB
SwapFree:        1996796 kB
Dirty:               764 kB
Writeback:             0 kB
AnonPages:         85748 kB
Mapped:            95848 kB
Shmem:              6380 kB
KReclaimable:      86468 kB
Slab:             322200 kB
SReclaimable:      86468 kB
SUnreclaim:       235732 kB
KernelStack:       10112 kB
PageTables:         2616 kB
NFS_Unstable:          0 kB
Bounce:                0 kB
WritebackTmp:          0 kB
CommitLimit:    34716468 kB
Committed_AS:     854432 kB
VmallocTotal:   34359738367 kB
VmallocUsed:       44008 kB
VmallocChunk:          0 kB
Percpu:           225600 kB
HardwareCorrupted:     0 kB
AnonHugePages:         0 kB
ShmemHugePages:        0 kB
ShmemPmdMapped:        0 kB
FileHugePages:         0 kB
FilePmdMapped:         0 kB
HugePages_Total:       0
HugePages_Free:        0
HugePages_Rsvd:        0
HugePages_Surp:        0
Hugepagesize:       2048 kB
Hugetlb:               0 kB
DirectMap4k:     2800448 kB
DirectMap2M:     5175296 kB
DirectMap1G:    58720256 kB

