MemTotal:       65439348 kB
MemFree:        63920812 kB
MemAvailable:   63928372 kB
Buffers:           46084 kB
Cached:           534248 kB
SwapCached:            0 kB
Active:           154392 kB
Inactive:         486684 kB
Active(anon):       3240 kB
Inactive(anon):    72980 kB
Active(file):     151152 kB
Inactive(file):   413704 kB
Unevictable:       19496 kB
Mlocked:           19496 kB
SwapTotal:       1996796 kB
SwapFree:        1996796 kB
Dirty:               900 kB
Writeback:             0 kB
AnonPages:         80224 kB
Mapped:            81708 kB
Shmem:              6376 kB
KReclaimable:      78032 kB
Slab:             306564 kB
SReclaimable:      78032 kB
SUnreclaim:       228532 kB
KernelStack:       10048 kB
PageTables:         2376 kB
NFS_Unstable:          0 kB
Bounce:                0 kB
WritebackTmp:          0 kB
CommitLimit:    34716468 kB
Committed_AS:     799200 kB
VmallocTotal:   34359738367 kB
VmallocUsed:       41308 kB
VmallocChunk:          0 kB
Percpu:           159936 kB
HardwareCorrupted:     0 kB
AnonHugePages:         0 kB
ShmemHugePages:        0 kB
ShmemPmdMapped:        0 kB
FileHugePages:         0 kB
FilePmdMapped:         0 kB
HugePages_Total:       0
HugePages_Free:        0
HugePages_Rsvd:        0
HugePages_Surp:        0
Hugepagesize:       2048 kB
Hugetlb:               0 kB
DirectMap4k:     2720576 kB
DirectMap2M:     5255168 kB
DirectMap1G:    58720256 kB

