MemTotal:       65439348 kB
MemFree:        63928748 kB
MemAvailable:   63931424 kB
Buffers:           45520 kB
Cached:           530232 kB
SwapCached:            0 kB
Active:           153836 kB
Inactive:         482808 kB
Active(anon):       3248 kB
Inactive(anon):    73124 kB
Active(file):     150588 kB
Inactive(file):   409684 kB
Unevictable:       19496 kB
Mlocked:           19496 kB
SwapTotal:       1996796 kB
SwapFree:        1996796 kB
Dirty:               728 kB
Writeback:             0 kB
AnonPages:         80476 kB
Mapped:            81284 kB
Shmem:              6380 kB
KReclaimable:      77428 kB
Slab:             307216 kB
SReclaimable:      77428 kB
SUnreclaim:       229788 kB
KernelStack:       10224 kB
PageTables:         2480 kB
NFS_Unstable:          0 kB
Bounce:                0 kB
WritebackTmp:          0 kB
CommitLimit:    34716468 kB
Committed_AS:     799204 kB
VmallocTotal:   34359738367 kB
VmallocUsed:       40692 kB
VmallocChunk:          0 kB
Percpu:           154944 kB
HardwareCorrupted:     0 kB
AnonHugePages:         0 kB
ShmemHugePages:        0 kB
ShmemPmdMapped:        0 kB
FileHugePages:         0 kB
FilePmdMapped:         0 kB
HugePages_Total:       0
HugePages_Free:        0
HugePages_Rsvd:        0
HugePages_Surp:        0
Hugepagesize:       2048 kB
Hugetlb:               0 kB
DirectMap4k:     2716480 kB
DirectMap2M:     5259264 kB
DirectMap1G:    58720256 kB

