MemTotal:       65439348 kB
MemFree:        63868196 kB
MemAvailable:   63901612 kB
Buffers:           48988 kB
Cached:           555836 kB
SwapCached:            0 kB
Active:           157460 kB
Inactive:         508024 kB
Active(anon):       3244 kB
Inactive(anon):    72900 kB
Active(file):     154216 kB
Inactive(file):   435124 kB
Unevictable:       19496 kB
Mlocked:           19496 kB
SwapTotal:       1996796 kB
SwapFree:        1996796 kB
Dirty:               736 kB
Writeback:             0 kB
AnonPages:         80240 kB
Mapped:            83000 kB
Shmem:              6376 kB
KReclaimable:      80776 kB
Slab:             311628 kB
SReclaimable:      80776 kB
SUnreclaim:       230852 kB
KernelStack:       10000 kB
PageTables:         2376 kB
NFS_Unstable:          0 kB
Bounce:                0 kB
WritebackTmp:          0 kB
CommitLimit:    34716468 kB
Committed_AS:     799592 kB
VmallocTotal:   34359738367 kB
VmallocUsed:       41696 kB
VmallocChunk:          0 kB
Percpu:           180864 kB
HardwareCorrupted:     0 kB
AnonHugePages:         0 kB
ShmemHugePages:        0 kB
ShmemPmdMapped:        0 kB
FileHugePages:         0 kB
FilePmdMapped:         0 kB
HugePages_Total:       0
HugePages_Free:        0
HugePages_Rsvd:        0
HugePages_Surp:        0
Hugepagesize:       2048 kB
Hugetlb:               0 kB
DirectMap4k:     2747200 kB
DirectMap2M:     5228544 kB
DirectMap1G:    58720256 kB

