MemTotal:       65439348 kB
MemFree:        64141680 kB
MemAvailable:   63937748 kB
Buffers:           44012 kB
Cached:           327044 kB
SwapCached:            0 kB
Active:           139764 kB
Inactive:         299032 kB
Active(anon):       3252 kB
Inactive(anon):    79980 kB
Active(file):     136512 kB
Inactive(file):   219052 kB
Unevictable:       19496 kB
Mlocked:           19496 kB
SwapTotal:       1996796 kB
SwapFree:        1996796 kB
Dirty:               664 kB
Writeback:             0 kB
AnonPages:         87428 kB
Mapped:            89404 kB
Shmem:              6380 kB
KReclaimable:      73632 kB
Slab:             302648 kB
SReclaimable:      73632 kB
SUnreclaim:       229016 kB
KernelStack:       10288 kB
PageTables:         2852 kB
NFS_Unstable:          0 kB
Bounce:                0 kB
WritebackTmp:          0 kB
CommitLimit:    34716468 kB
Committed_AS:     837868 kB
VmallocTotal:   34359738367 kB
VmallocUsed:       40248 kB
VmallocChunk:          0 kB
Percpu:           144192 kB
HardwareCorrupted:     0 kB
AnonHugePages:         0 kB
ShmemHugePages:        0 kB
ShmemPmdMapped:        0 kB
FileHugePages:         0 kB
FilePmdMapped:         0 kB
HugePages_Total:       0
HugePages_Free:        0
HugePages_Rsvd:        0
HugePages_Surp:        0
Hugepagesize:       2048 kB
Hugetlb:               0 kB
DirectMap4k:     2704192 kB
DirectMap2M:     5271552 kB
DirectMap1G:    58720256 kB

