MemTotal:       65439348 kB
MemFree:        63710056 kB
MemAvailable:   63818800 kB
Buffers:           58412 kB
Cached:           617492 kB
SwapCached:            0 kB
Active:           211320 kB
Inactive:         525408 kB
Active(anon):       3244 kB
Inactive(anon):    73056 kB
Active(file):     208076 kB
Inactive(file):   452352 kB
Unevictable:       19496 kB
Mlocked:           19496 kB
SwapTotal:       1996796 kB
SwapFree:        1996796 kB
Dirty:               796 kB
Writeback:             0 kB
AnonPages:         80376 kB
Mapped:            88104 kB
Shmem:              6376 kB
KReclaimable:      89256 kB
Slab:             327328 kB
SReclaimable:      89256 kB
SUnreclaim:       238072 kB
KernelStack:        9968 kB
PageTables:         2460 kB
NFS_Unstable:          0 kB
Bounce:                0 kB
WritebackTmp:          0 kB
CommitLimit:    34716468 kB
Committed_AS:     808040 kB
VmallocTotal:   34359738367 kB
VmallocUsed:       44840 kB
VmallocChunk:          0 kB
Percpu:           248448 kB
HardwareCorrupted:     0 kB
AnonHugePages:         0 kB
ShmemHugePages:        0 kB
ShmemPmdMapped:        0 kB
FileHugePages:         0 kB
FilePmdMapped:         0 kB
HugePages_Total:       0
HugePages_Free:        0
HugePages_Rsvd:        0
HugePages_Surp:        0
Hugepagesize:       2048 kB
Hugetlb:               0 kB
DirectMap4k:     2825024 kB
DirectMap2M:     5150720 kB
DirectMap1G:    58720256 kB

