MemTotal:       65439348 kB
MemFree:        64232292 kB
MemAvailable:   63982160 kB
Buffers:           39544 kB
Cached:           287444 kB
SwapCached:            0 kB
Active:           133264 kB
Inactive:         253924 kB
Active(anon):       3220 kB
Inactive(anon):    72460 kB
Active(file):     130044 kB
Inactive(file):   181464 kB
Unevictable:       19496 kB
Mlocked:           19496 kB
SwapTotal:       1996796 kB
SwapFree:        1996796 kB
Dirty:                60 kB
Writeback:             0 kB
AnonPages:         79808 kB
Mapped:            77612 kB
Shmem:              6376 kB
KReclaimable:      69344 kB
Slab:             293244 kB
SReclaimable:      69344 kB
SUnreclaim:       223900 kB
KernelStack:       10064 kB
PageTables:         2404 kB
NFS_Unstable:          0 kB
Bounce:                0 kB
WritebackTmp:          0 kB
CommitLimit:    34716468 kB
Committed_AS:     790752 kB
VmallocTotal:   34359738367 kB
VmallocUsed:       39048 kB
VmallocChunk:          0 kB
Percpu:           115200 kB
HardwareCorrupted:     0 kB
AnonHugePages:         0 kB
ShmemHugePages:        0 kB
ShmemPmdMapped:        0 kB
FileHugePages:         0 kB
FilePmdMapped:         0 kB
HugePages_Total:       0
HugePages_Free:        0
HugePages_Rsvd:        0
HugePages_Surp:        0
Hugepagesize:       2048 kB
Hugetlb:               0 kB
DirectMap4k:     2659136 kB
DirectMap2M:     5316608 kB
DirectMap1G:    58720256 kB

