MemTotal:       65439348 kB
MemFree:        63902940 kB
MemAvailable:   63917524 kB
Buffers:           46988 kB
Cached:           540120 kB
SwapCached:            0 kB
Active:           155260 kB
Inactive:         493172 kB
Active(anon):       3240 kB
Inactive(anon):    73628 kB
Active(file):     152020 kB
Inactive(file):   419544 kB
Unevictable:       19496 kB
Mlocked:           19496 kB
SwapTotal:       1996796 kB
SwapFree:        1996796 kB
Dirty:               704 kB
Writeback:             0 kB
AnonPages:         81464 kB
Mapped:            82588 kB
Shmem:              6372 kB
KReclaimable:      78660 kB
Slab:             309260 kB
SReclaimable:      78660 kB
SUnreclaim:       230600 kB
KernelStack:       10176 kB
PageTables:         2912 kB
NFS_Unstable:          0 kB
Bounce:                0 kB
WritebackTmp:          0 kB
CommitLimit:    34716468 kB
Committed_AS:     799208 kB
VmallocTotal:   34359738367 kB
VmallocUsed:       41212 kB
VmallocChunk:          0 kB
Percpu:           165888 kB
HardwareCorrupted:     0 kB
AnonHugePages:         0 kB
ShmemHugePages:        0 kB
ShmemPmdMapped:        0 kB
FileHugePages:         0 kB
FilePmdMapped:         0 kB
HugePages_Total:       0
HugePages_Free:        0
HugePages_Rsvd:        0
HugePages_Surp:        0
Hugepagesize:       2048 kB
Hugetlb:               0 kB
DirectMap4k:     2730816 kB
DirectMap2M:     5244928 kB
DirectMap1G:    58720256 kB

