MemTotal:       65439348 kB
MemFree:        64286820 kB
MemAvailable:   64005324 kB
Buffers:           35808 kB
Cached:           261348 kB
SwapCached:            0 kB
Active:           128628 kB
Inactive:         230072 kB
Active(anon):       3216 kB
Inactive(anon):    73804 kB
Active(file):     125412 kB
Inactive(file):   156268 kB
Unevictable:       19496 kB
Mlocked:           19496 kB
SwapTotal:       1996796 kB
SwapFree:        1996796 kB
Dirty:               740 kB
Writeback:             0 kB
AnonPages:         81060 kB
Mapped:            75996 kB
Shmem:              6376 kB
KReclaimable:      66272 kB
Slab:             289200 kB
SReclaimable:      66272 kB
SUnreclaim:       222928 kB
KernelStack:       10032 kB
PageTables:         2248 kB
NFS_Unstable:          0 kB
Bounce:                0 kB
WritebackTmp:          0 kB
CommitLimit:    34716468 kB
Committed_AS:     790352 kB
VmallocTotal:   34359738367 kB
VmallocUsed:       38420 kB
VmallocChunk:          0 kB
Percpu:            96576 kB
HardwareCorrupted:     0 kB
AnonHugePages:         0 kB
ShmemHugePages:        0 kB
ShmemPmdMapped:        0 kB
FileHugePages:         0 kB
FilePmdMapped:         0 kB
HugePages_Total:       0
HugePages_Free:        0
HugePages_Rsvd:        0
HugePages_Surp:        0
Hugepagesize:       2048 kB
Hugetlb:               0 kB
DirectMap4k:     2282304 kB
DirectMap2M:     5693440 kB
DirectMap1G:    58720256 kB

