MemTotal:       65439348 kB
MemFree:        64317528 kB
MemAvailable:   64014328 kB
Buffers:           31272 kB
Cached:           248304 kB
SwapCached:            0 kB
Active:           122416 kB
Inactive:         219876 kB
Active(anon):       3216 kB
Inactive(anon):    75028 kB
Active(file):     119200 kB
Inactive(file):   144848 kB
Unevictable:       19496 kB
Mlocked:           19496 kB
SwapTotal:       1996796 kB
SwapFree:        1996796 kB
Dirty:               716 kB
Writeback:             0 kB
AnonPages:         81820 kB
Mapped:            74860 kB
Shmem:              6376 kB
KReclaimable:      56296 kB
Slab:             276380 kB
SReclaimable:      56296 kB
SUnreclaim:       220084 kB
KernelStack:       10048 kB
PageTables:         2760 kB
NFS_Unstable:          0 kB
Bounce:                0 kB
WritebackTmp:          0 kB
CommitLimit:    34716468 kB
Committed_AS:     790100 kB
VmallocTotal:   34359738367 kB
VmallocUsed:       38388 kB
VmallocChunk:          0 kB
Percpu:            96576 kB
HardwareCorrupted:     0 kB
AnonHugePages:         0 kB
ShmemHugePages:        0 kB
ShmemPmdMapped:        0 kB
FileHugePages:         0 kB
FilePmdMapped:         0 kB
HugePages_Total:       0
HugePages_Free:        0
HugePages_Rsvd:        0
HugePages_Surp:        0
Hugepagesize:       2048 kB
Hugetlb:               0 kB
DirectMap4k:     2114368 kB
DirectMap2M:     5861376 kB
DirectMap1G:    58720256 kB

