MemTotal:       65439348 kB
MemFree:        63721308 kB
MemAvailable:   63821804 kB
Buffers:           57452 kB
Cached:           610656 kB
SwapCached:            0 kB
Active:           205416 kB
Inactive:         528832 kB
Active(anon):       3244 kB
Inactive(anon):    78384 kB
Active(file):     202172 kB
Inactive(file):   450448 kB
Unevictable:       19496 kB
Mlocked:           19496 kB
SwapTotal:       1996796 kB
SwapFree:        1996796 kB
Dirty:               160 kB
Writeback:             0 kB
AnonPages:         85736 kB
Mapped:            97004 kB
Shmem:              6380 kB
KReclaimable:      88372 kB
Slab:             325524 kB
SReclaimable:      88372 kB
SUnreclaim:       237152 kB
KernelStack:       10128 kB
PageTables:         2620 kB
NFS_Unstable:          0 kB
Bounce:                0 kB
WritebackTmp:          0 kB
CommitLimit:    34716468 kB
Committed_AS:     854424 kB
VmallocTotal:   34359738367 kB
VmallocUsed:       44636 kB
VmallocChunk:          0 kB
Percpu:           240576 kB
HardwareCorrupted:     0 kB
AnonHugePages:         0 kB
ShmemHugePages:        0 kB
ShmemPmdMapped:        0 kB
FileHugePages:         0 kB
FilePmdMapped:         0 kB
HugePages_Total:       0
HugePages_Free:        0
HugePages_Rsvd:        0
HugePages_Surp:        0
Hugepagesize:       2048 kB
Hugetlb:               0 kB
DirectMap4k:     2818880 kB
DirectMap2M:     5156864 kB
DirectMap1G:    58720256 kB

