MemTotal:       65439348 kB
MemFree:        64232160 kB
MemAvailable:   63981128 kB
Buffers:           39460 kB
Cached:           286672 kB
SwapCached:            0 kB
Active:           133172 kB
Inactive:         255056 kB
Active(anon):       3224 kB
Inactive(anon):    74356 kB
Active(file):     129948 kB
Inactive(file):   180700 kB
Unevictable:       19496 kB
Mlocked:           19496 kB
SwapTotal:       1996796 kB
SwapFree:        1996796 kB
Dirty:               740 kB
Writeback:             0 kB
AnonPages:         81200 kB
Mapped:            78276 kB
Shmem:              6376 kB
KReclaimable:      69264 kB
Slab:             293640 kB
SReclaimable:      69264 kB
SUnreclaim:       224376 kB
KernelStack:       10080 kB
PageTables:         2604 kB
NFS_Unstable:          0 kB
Bounce:                0 kB
WritebackTmp:          0 kB
CommitLimit:    34716468 kB
Committed_AS:     790360 kB
VmallocTotal:   34359738367 kB
VmallocUsed:       38968 kB
VmallocChunk:          0 kB
Percpu:           114624 kB
HardwareCorrupted:     0 kB
AnonHugePages:         0 kB
ShmemHugePages:        0 kB
ShmemPmdMapped:        0 kB
FileHugePages:         0 kB
FilePmdMapped:         0 kB
HugePages_Total:       0
HugePages_Free:        0
HugePages_Rsvd:        0
HugePages_Surp:        0
Hugepagesize:       2048 kB
Hugetlb:               0 kB
DirectMap4k:     2659136 kB
DirectMap2M:     5316608 kB
DirectMap1G:    58720256 kB

