MemTotal:       65439348 kB
MemFree:        64324892 kB
MemAvailable:   64019404 kB
Buffers:           30696 kB
Cached:           244448 kB
SwapCached:            0 kB
Active:           121820 kB
Inactive:         213644 kB
Active(anon):       3212 kB
Inactive(anon):    72608 kB
Active(file):     118608 kB
Inactive(file):   141036 kB
Unevictable:       19496 kB
Mlocked:           19496 kB
SwapTotal:       1996796 kB
SwapFree:        1996796 kB
Dirty:               716 kB
Writeback:             0 kB
AnonPages:         79832 kB
Mapped:            73684 kB
Shmem:              6372 kB
KReclaimable:      56116 kB
Slab:             275748 kB
SReclaimable:      56116 kB
SUnreclaim:       219632 kB
KernelStack:        9968 kB
PageTables:         2248 kB
NFS_Unstable:          0 kB
Bounce:                0 kB
WritebackTmp:          0 kB
CommitLimit:    34716468 kB
Committed_AS:     790356 kB
VmallocTotal:   34359738367 kB
VmallocUsed:       38436 kB
VmallocChunk:          0 kB
Percpu:            96576 kB
HardwareCorrupted:     0 kB
AnonHugePages:         0 kB
ShmemHugePages:        0 kB
ShmemPmdMapped:        0 kB
FileHugePages:         0 kB
FilePmdMapped:         0 kB
HugePages_Total:       0
HugePages_Free:        0
HugePages_Rsvd:        0
HugePages_Surp:        0
Hugepagesize:       2048 kB
Hugetlb:               0 kB
DirectMap4k:     2063168 kB
DirectMap2M:     5912576 kB
DirectMap1G:    58720256 kB

