MemTotal:       65439348 kB
MemFree:        63824752 kB
MemAvailable:   63878284 kB
Buffers:           51600 kB
Cached:           572108 kB
SwapCached:            0 kB
Active:           198880 kB
Inactive:         485816 kB
Active(anon):       3248 kB
Inactive(anon):    73228 kB
Active(file):     195632 kB
Inactive(file):   412588 kB
Unevictable:       19496 kB
Mlocked:           19496 kB
SwapTotal:       1996796 kB
SwapFree:        1996796 kB
Dirty:               736 kB
Writeback:             0 kB
AnonPages:         80468 kB
Mapped:            84316 kB
Shmem:              6376 kB
KReclaimable:      83248 kB
Slab:             315956 kB
SReclaimable:      83248 kB
SUnreclaim:       232708 kB
KernelStack:       10048 kB
PageTables:         2496 kB
NFS_Unstable:          0 kB
Bounce:                0 kB
WritebackTmp:          0 kB
CommitLimit:    34716468 kB
Committed_AS:     808040 kB
VmallocTotal:   34359738367 kB
VmallocUsed:       42792 kB
VmallocChunk:          0 kB
Percpu:           198912 kB
HardwareCorrupted:     0 kB
AnonHugePages:         0 kB
ShmemHugePages:        0 kB
ShmemPmdMapped:        0 kB
FileHugePages:         0 kB
FilePmdMapped:         0 kB
HugePages_Total:       0
HugePages_Free:        0
HugePages_Rsvd:        0
HugePages_Surp:        0
Hugepagesize:       2048 kB
Hugetlb:               0 kB
DirectMap4k:     2769728 kB
DirectMap2M:     5206016 kB
DirectMap1G:    58720256 kB

