MemTotal:       65439348 kB
MemFree:        64135444 kB
MemAvailable:   63936492 kB
Buffers:           44620 kB
Cached:           331112 kB
SwapCached:            0 kB
Active:           140368 kB
Inactive:         301464 kB
Active(anon):       3248 kB
Inactive(anon):    78340 kB
Active(file):     137120 kB
Inactive(file):   223124 kB
Unevictable:       19496 kB
Mlocked:           19496 kB
SwapTotal:       1996796 kB
SwapFree:        1996796 kB
Dirty:               144 kB
Writeback:             0 kB
AnonPages:         85620 kB
Mapped:            89576 kB
Shmem:              6380 kB
KReclaimable:      74232 kB
Slab:             302900 kB
SReclaimable:      74232 kB
SUnreclaim:       228668 kB
KernelStack:       10096 kB
PageTables:         2572 kB
NFS_Unstable:          0 kB
Bounce:                0 kB
WritebackTmp:          0 kB
CommitLimit:    34716468 kB
Committed_AS:     838256 kB
VmallocTotal:   34359738367 kB
VmallocUsed:       40828 kB
VmallocChunk:          0 kB
Percpu:           148416 kB
HardwareCorrupted:     0 kB
AnonHugePages:         0 kB
ShmemHugePages:        0 kB
ShmemPmdMapped:        0 kB
FileHugePages:         0 kB
FilePmdMapped:         0 kB
HugePages_Total:       0
HugePages_Free:        0
HugePages_Rsvd:        0
HugePages_Surp:        0
Hugepagesize:       2048 kB
Hugetlb:               0 kB
DirectMap4k:     2710336 kB
DirectMap2M:     5265408 kB
DirectMap1G:    58720256 kB

