MemTotal:       65439348 kB
MemFree:        63819228 kB
MemAvailable:   63857172 kB
Buffers:           49596 kB
Cached:           559400 kB
SwapCached:            0 kB
Active:           196836 kB
Inactive:         511256 kB
Active(anon):       3264 kB
Inactive(anon):   111324 kB
Active(file):     193572 kB
Inactive(file):   399932 kB
Unevictable:       19496 kB
Mlocked:           19496 kB
SwapTotal:       1996796 kB
SwapFree:        1996796 kB
Dirty:               820 kB
Writeback:             0 kB
AnonPages:        118648 kB
Mapped:           124208 kB
Shmem:              6384 kB
KReclaimable:      81500 kB
Slab:             312716 kB
SReclaimable:      81500 kB
SUnreclaim:       231216 kB
KernelStack:       10176 kB
PageTables:         2908 kB
NFS_Unstable:          0 kB
Bounce:                0 kB
WritebackTmp:          0 kB
CommitLimit:    34716468 kB
Committed_AS:     897152 kB
VmallocTotal:   34359738367 kB
VmallocUsed:       42308 kB
VmallocChunk:          0 kB
Percpu:           185280 kB
HardwareCorrupted:     0 kB
AnonHugePages:         0 kB
ShmemHugePages:        0 kB
ShmemPmdMapped:        0 kB
FileHugePages:         0 kB
FilePmdMapped:         0 kB
HugePages_Total:       0
HugePages_Free:        0
HugePages_Rsvd:        0
HugePages_Surp:        0
Hugepagesize:       2048 kB
Hugetlb:               0 kB
DirectMap4k:     2753344 kB
DirectMap2M:     5222400 kB
DirectMap1G:    58720256 kB

