MemTotal:       65439348 kB
MemFree:        64278044 kB
MemAvailable:   64003420 kB
Buffers:           36632 kB
Cached:           266948 kB
SwapCached:            0 kB
Active:           129448 kB
Inactive:         234164 kB
Active(anon):       3216 kB
Inactive(anon):    72300 kB
Active(file):     126232 kB
Inactive(file):   161864 kB
Unevictable:       19496 kB
Mlocked:           19496 kB
SwapTotal:       1996796 kB
SwapFree:        1996796 kB
Dirty:               748 kB
Writeback:             0 kB
AnonPages:         79632 kB
Mapped:            75696 kB
Shmem:              6376 kB
KReclaimable:      67180 kB
Slab:             290108 kB
SReclaimable:      67180 kB
SUnreclaim:       222928 kB
KernelStack:       10032 kB
PageTables:         2388 kB
NFS_Unstable:          0 kB
Bounce:                0 kB
WritebackTmp:          0 kB
CommitLimit:    34716468 kB
Committed_AS:     790608 kB
VmallocTotal:   34359738367 kB
VmallocUsed:       38420 kB
VmallocChunk:          0 kB
Percpu:            96576 kB
HardwareCorrupted:     0 kB
AnonHugePages:         0 kB
ShmemHugePages:        0 kB
ShmemPmdMapped:        0 kB
FileHugePages:         0 kB
FilePmdMapped:         0 kB
HugePages_Total:       0
HugePages_Free:        0
HugePages_Rsvd:        0
HugePages_Surp:        0
Hugepagesize:       2048 kB
Hugetlb:               0 kB
DirectMap4k:     2372416 kB
DirectMap2M:     5603328 kB
DirectMap1G:    58720256 kB

