MemTotal:       65439348 kB
MemFree:        63897484 kB
MemAvailable:   63896948 kB
Buffers:           45124 kB
Cached:           527584 kB
SwapCached:            0 kB
Active:           152180 kB
Inactive:         519384 kB
Active(anon):       3264 kB
Inactive(anon):   111096 kB
Active(file):     148916 kB
Inactive(file):   408288 kB
Unevictable:       19496 kB
Mlocked:           19496 kB
SwapTotal:       1996796 kB
SwapFree:        1996796 kB
Dirty:               276 kB
Writeback:             0 kB
AnonPages:        118472 kB
Mapped:           121796 kB
Shmem:              6384 kB
KReclaimable:      77140 kB
Slab:             306480 kB
SReclaimable:      77140 kB
SUnreclaim:       229340 kB
KernelStack:       10224 kB
PageTables:         2888 kB
NFS_Unstable:          0 kB
Bounce:                0 kB
WritebackTmp:          0 kB
CommitLimit:    34716468 kB
Committed_AS:     888960 kB
VmallocTotal:   34359738367 kB
VmallocUsed:       40804 kB
VmallocChunk:          0 kB
Percpu:           152064 kB
HardwareCorrupted:     0 kB
AnonHugePages:         0 kB
ShmemHugePages:        0 kB
ShmemPmdMapped:        0 kB
FileHugePages:         0 kB
FilePmdMapped:         0 kB
HugePages_Total:       0
HugePages_Free:        0
HugePages_Rsvd:        0
HugePages_Surp:        0
Hugepagesize:       2048 kB
Hugetlb:               0 kB
DirectMap4k:     2712384 kB
DirectMap2M:     5263360 kB
DirectMap1G:    58720256 kB

