MemTotal:       65439348 kB
MemFree:        63719780 kB
MemAvailable:   63824040 kB
Buffers:           57928 kB
Cached:           613776 kB
SwapCached:            0 kB
Active:           210844 kB
Inactive:         522304 kB
Active(anon):       3244 kB
Inactive(anon):    73688 kB
Active(file):     207600 kB
Inactive(file):   448616 kB
Unevictable:       19496 kB
Mlocked:           19496 kB
SwapTotal:       1996796 kB
SwapFree:        1996796 kB
Dirty:               552 kB
Writeback:             0 kB
AnonPages:         81048 kB
Mapped:            88612 kB
Shmem:              6376 kB
KReclaimable:      88708 kB
Slab:             326140 kB
SReclaimable:      88708 kB
SUnreclaim:       237432 kB
KernelStack:       10016 kB
PageTables:         2696 kB
NFS_Unstable:          0 kB
Bounce:                0 kB
WritebackTmp:          0 kB
CommitLimit:    34716468 kB
Committed_AS:     807652 kB
VmallocTotal:   34359738367 kB
VmallocUsed:       44164 kB
VmallocChunk:          0 kB
Percpu:           244224 kB
HardwareCorrupted:     0 kB
AnonHugePages:         0 kB
ShmemHugePages:        0 kB
ShmemPmdMapped:        0 kB
FileHugePages:         0 kB
FilePmdMapped:         0 kB
HugePages_Total:       0
HugePages_Free:        0
HugePages_Rsvd:        0
HugePages_Surp:        0
Hugepagesize:       2048 kB
Hugetlb:               0 kB
DirectMap4k:     2820928 kB
DirectMap2M:     5154816 kB
DirectMap1G:    58720256 kB

