MemTotal:       65439348 kB
MemFree:        64217840 kB
MemAvailable:   63974988 kB
Buffers:           40444 kB
Cached:           293392 kB
SwapCached:            0 kB
Active:           134144 kB
Inactive:         259756 kB
Active(anon):       3220 kB
Inactive(anon):    72344 kB
Active(file):     130924 kB
Inactive(file):   187412 kB
Unevictable:       19496 kB
Mlocked:           19496 kB
SwapTotal:       1996796 kB
SwapFree:        1996796 kB
Dirty:               760 kB
Writeback:             0 kB
AnonPages:         79728 kB
Mapped:            78144 kB
Shmem:              6376 kB
KReclaimable:      70248 kB
Slab:             295128 kB
SReclaimable:      70248 kB
SUnreclaim:       224880 kB
KernelStack:       10064 kB
PageTables:         2408 kB
NFS_Unstable:          0 kB
Bounce:                0 kB
WritebackTmp:          0 kB
CommitLimit:    34716468 kB
Committed_AS:     791012 kB
VmallocTotal:   34359738367 kB
VmallocUsed:       39644 kB
VmallocChunk:          0 kB
Percpu:           121920 kB
HardwareCorrupted:     0 kB
AnonHugePages:         0 kB
ShmemHugePages:        0 kB
ShmemPmdMapped:        0 kB
FileHugePages:         0 kB
FilePmdMapped:         0 kB
HugePages_Total:       0
HugePages_Free:        0
HugePages_Rsvd:        0
HugePages_Surp:        0
Hugepagesize:       2048 kB
Hugetlb:               0 kB
DirectMap4k:     2671424 kB
DirectMap2M:     5304320 kB
DirectMap1G:    58720256 kB

