MemTotal:       65439348 kB
MemFree:        64312960 kB
MemAvailable:   64013740 kB
Buffers:           31976 kB
Cached:           252368 kB
SwapCached:            0 kB
Active:           123132 kB
Inactive:         222976 kB
Active(anon):       3212 kB
Inactive(anon):    74068 kB
Active(file):     119920 kB
Inactive(file):   148908 kB
Unevictable:       19496 kB
Mlocked:           19496 kB
SwapTotal:       1996796 kB
SwapFree:        1996796 kB
Dirty:               636 kB
Writeback:             0 kB
AnonPages:         80780 kB
Mapped:            74800 kB
Shmem:              6380 kB
KReclaimable:      56524 kB
Slab:             278112 kB
SReclaimable:      56524 kB
SUnreclaim:       221588 kB
KernelStack:       10080 kB
PageTables:         2680 kB
NFS_Unstable:          0 kB
Bounce:                0 kB
WritebackTmp:          0 kB
CommitLimit:    34716468 kB
Committed_AS:     790352 kB
VmallocTotal:   34359738367 kB
VmallocUsed:       38532 kB
VmallocChunk:          0 kB
Percpu:            96576 kB
HardwareCorrupted:     0 kB
AnonHugePages:         0 kB
ShmemHugePages:        0 kB
ShmemPmdMapped:        0 kB
FileHugePages:         0 kB
FilePmdMapped:         0 kB
HugePages_Total:       0
HugePages_Free:        0
HugePages_Rsvd:        0
HugePages_Surp:        0
Hugepagesize:       2048 kB
Hugetlb:               0 kB
DirectMap4k:     2173760 kB
DirectMap2M:     5801984 kB
DirectMap1G:    58720256 kB

