MemTotal:       65439348 kB
MemFree:        63876000 kB
MemAvailable:   63904816 kB
Buffers:           48616 kB
Cached:           551816 kB
SwapCached:            0 kB
Active:           156920 kB
Inactive:         504104 kB
Active(anon):       3244 kB
Inactive(anon):    72832 kB
Active(file):     153676 kB
Inactive(file):   431272 kB
Unevictable:       19496 kB
Mlocked:           19496 kB
SwapTotal:       1996796 kB
SwapFree:        1996796 kB
Dirty:               752 kB
Writeback:             0 kB
AnonPages:         80108 kB
Mapped:            82908 kB
Shmem:              6376 kB
KReclaimable:      80360 kB
Slab:             311808 kB
SReclaimable:      80360 kB
SUnreclaim:       231448 kB
KernelStack:        9984 kB
PageTables:         2432 kB
NFS_Unstable:          0 kB
Bounce:                0 kB
WritebackTmp:          0 kB
CommitLimit:    34716468 kB
Committed_AS:     799592 kB
VmallocTotal:   34359738367 kB
VmallocUsed:       41648 kB
VmallocChunk:          0 kB
Percpu:           178560 kB
HardwareCorrupted:     0 kB
AnonHugePages:         0 kB
ShmemHugePages:        0 kB
ShmemPmdMapped:        0 kB
FileHugePages:         0 kB
FilePmdMapped:         0 kB
HugePages_Total:       0
HugePages_Free:        0
HugePages_Rsvd:        0
HugePages_Surp:        0
Hugepagesize:       2048 kB
Hugetlb:               0 kB
DirectMap4k:     2747200 kB
DirectMap2M:     5228544 kB
DirectMap1G:    58720256 kB

