MemTotal:       65439348 kB
MemFree:        63726136 kB
MemAvailable:   63824892 kB
Buffers:           57256 kB
Cached:           609232 kB
SwapCached:            0 kB
Active:           205220 kB
Inactive:         527440 kB
Active(anon):       3248 kB
Inactive(anon):    78416 kB
Active(file):     201972 kB
Inactive(file):   449024 kB
Unevictable:       19496 kB
Mlocked:           19496 kB
SwapTotal:       1996796 kB
SwapFree:        1996796 kB
Dirty:               752 kB
Writeback:             0 kB
AnonPages:         85764 kB
Mapped:            96964 kB
Shmem:              6380 kB
KReclaimable:      88140 kB
Slab:             325328 kB
SReclaimable:      88140 kB
SUnreclaim:       237188 kB
KernelStack:       10144 kB
PageTables:         2616 kB
NFS_Unstable:          0 kB
Bounce:                0 kB
WritebackTmp:          0 kB
CommitLimit:    34716468 kB
Committed_AS:     854424 kB
VmallocTotal:   34359738367 kB
VmallocUsed:       44636 kB
VmallocChunk:          0 kB
Percpu:           239424 kB
HardwareCorrupted:     0 kB
AnonHugePages:         0 kB
ShmemHugePages:        0 kB
ShmemPmdMapped:        0 kB
FileHugePages:         0 kB
FilePmdMapped:         0 kB
HugePages_Total:       0
HugePages_Free:        0
HugePages_Rsvd:        0
HugePages_Surp:        0
Hugepagesize:       2048 kB
Hugetlb:               0 kB
DirectMap4k:     2818880 kB
DirectMap2M:     5156864 kB
DirectMap1G:    58720256 kB

