MemTotal:       65439348 kB
MemFree:        63844576 kB
MemAvailable:   63889308 kB
Buffers:           50536 kB
Cached:           564848 kB
SwapCached:            0 kB
Active:           197820 kB
Inactive:         478556 kB
Active(anon):       3248 kB
Inactive(anon):    73224 kB
Active(file):     194572 kB
Inactive(file):   405332 kB
Unevictable:       19496 kB
Mlocked:           19496 kB
SwapTotal:       1996796 kB
SwapFree:        1996796 kB
Dirty:               744 kB
Writeback:             0 kB
AnonPages:         80608 kB
Mapped:            84124 kB
Shmem:              6376 kB
KReclaimable:      82276 kB
Slab:             313640 kB
SReclaimable:      82276 kB
SUnreclaim:       231364 kB
KernelStack:        9952 kB
PageTables:         2504 kB
NFS_Unstable:          0 kB
Bounce:                0 kB
WritebackTmp:          0 kB
CommitLimit:    34716468 kB
Committed_AS:     807396 kB
VmallocTotal:   34359738367 kB
VmallocUsed:       42068 kB
VmallocChunk:          0 kB
Percpu:           191232 kB
HardwareCorrupted:     0 kB
AnonHugePages:         0 kB
ShmemHugePages:        0 kB
ShmemPmdMapped:        0 kB
FileHugePages:         0 kB
FilePmdMapped:         0 kB
HugePages_Total:       0
HugePages_Free:        0
HugePages_Rsvd:        0
HugePages_Surp:        0
Hugepagesize:       2048 kB
Hugetlb:               0 kB
DirectMap4k:     2755392 kB
DirectMap2M:     5220352 kB
DirectMap1G:    58720256 kB

