MemTotal:       65439348 kB
MemFree:        64155708 kB
MemAvailable:   63946712 kB
Buffers:           43396 kB
Cached:           322936 kB
SwapCached:            0 kB
Active:           139156 kB
Inactive:         292936 kB
Active(anon):       3252 kB
Inactive(anon):    77992 kB
Active(file):     135904 kB
Inactive(file):   214944 kB
Unevictable:       19496 kB
Mlocked:           19496 kB
SwapTotal:       1996796 kB
SwapFree:        1996796 kB
Dirty:               736 kB
Writeback:             0 kB
AnonPages:         85340 kB
Mapped:            88840 kB
Shmem:              6384 kB
KReclaimable:      72932 kB
Slab:             300368 kB
SReclaimable:      72932 kB
SUnreclaim:       227436 kB
KernelStack:       10160 kB
PageTables:         2724 kB
NFS_Unstable:          0 kB
Bounce:                0 kB
WritebackTmp:          0 kB
CommitLimit:    34716468 kB
Committed_AS:     837872 kB
VmallocTotal:   34359738367 kB
VmallocUsed:       40200 kB
VmallocChunk:          0 kB
Percpu:           139392 kB
HardwareCorrupted:     0 kB
AnonHugePages:         0 kB
ShmemHugePages:        0 kB
ShmemPmdMapped:        0 kB
FileHugePages:         0 kB
FilePmdMapped:         0 kB
HugePages_Total:       0
HugePages_Free:        0
HugePages_Rsvd:        0
HugePages_Surp:        0
Hugepagesize:       2048 kB
Hugetlb:               0 kB
DirectMap4k:     2698048 kB
DirectMap2M:     5277696 kB
DirectMap1G:    58720256 kB

