MemTotal:       65439348 kB
MemFree:        64238852 kB
MemAvailable:   63984896 kB
Buffers:           39096 kB
Cached:           284244 kB
SwapCached:            0 kB
Active:           132812 kB
Inactive:         250700 kB
Active(anon):       3220 kB
Inactive(anon):    72436 kB
Active(file):     129592 kB
Inactive(file):   178264 kB
Unevictable:       19496 kB
Mlocked:           19496 kB
SwapTotal:       1996796 kB
SwapFree:        1996796 kB
Dirty:               156 kB
Writeback:             0 kB
AnonPages:         79756 kB
Mapped:            77404 kB
Shmem:              6376 kB
KReclaimable:      68996 kB
Slab:             293092 kB
SReclaimable:      68996 kB
SUnreclaim:       224096 kB
KernelStack:       10032 kB
PageTables:         2408 kB
NFS_Unstable:          0 kB
Bounce:                0 kB
WritebackTmp:          0 kB
CommitLimit:    34716468 kB
Committed_AS:     790620 kB
VmallocTotal:   34359738367 kB
VmallocUsed:       39016 kB
VmallocChunk:          0 kB
Percpu:           112128 kB
HardwareCorrupted:     0 kB
AnonHugePages:         0 kB
ShmemHugePages:        0 kB
ShmemPmdMapped:        0 kB
FileHugePages:         0 kB
FilePmdMapped:         0 kB
HugePages_Total:       0
HugePages_Free:        0
HugePages_Rsvd:        0
HugePages_Surp:        0
Hugepagesize:       2048 kB
Hugetlb:               0 kB
DirectMap4k:     2642752 kB
DirectMap2M:     5332992 kB
DirectMap1G:    58720256 kB

