MemTotal:       65439348 kB
MemFree:        63732572 kB
MemAvailable:   63827184 kB
Buffers:           56748 kB
Cached:           605856 kB
SwapCached:            0 kB
Active:           204680 kB
Inactive:         523580 kB
Active(anon):       3248 kB
Inactive(anon):    77932 kB
Active(file):     201432 kB
Inactive(file):   445648 kB
Unevictable:       19496 kB
Mlocked:           19496 kB
SwapTotal:       1996796 kB
SwapFree:        1996796 kB
Dirty:               592 kB
Writeback:             0 kB
AnonPages:         85712 kB
Mapped:            96752 kB
Shmem:              6380 kB
KReclaimable:      87688 kB
Slab:             325060 kB
SReclaimable:      87688 kB
SUnreclaim:       237372 kB
KernelStack:       10080 kB
PageTables:         2632 kB
NFS_Unstable:          0 kB
Bounce:                0 kB
WritebackTmp:          0 kB
CommitLimit:    34716468 kB
Committed_AS:     854036 kB
VmallocTotal:   34359738367 kB
VmallocUsed:       44524 kB
VmallocChunk:          0 kB
Percpu:           235776 kB
HardwareCorrupted:     0 kB
AnonHugePages:         0 kB
ShmemHugePages:        0 kB
ShmemPmdMapped:        0 kB
FileHugePages:         0 kB
FilePmdMapped:         0 kB
HugePages_Total:       0
HugePages_Free:        0
HugePages_Rsvd:        0
HugePages_Surp:        0
Hugepagesize:       2048 kB
Hugetlb:               0 kB
DirectMap4k:     2812736 kB
DirectMap2M:     5163008 kB
DirectMap1G:    58720256 kB

