MemTotal:       65439348 kB
MemFree:        63750320 kB
MemAvailable:   63836088 kB
Buffers:           55668 kB
Cached:           598532 kB
SwapCached:            0 kB
Active:           203648 kB
Inactive:         518292 kB
Active(anon):       3260 kB
Inactive(anon):    79972 kB
Active(file):     200388 kB
Inactive(file):   438320 kB
Unevictable:       19496 kB
Mlocked:           19496 kB
SwapTotal:       1996796 kB
SwapFree:        1996796 kB
Dirty:               748 kB
Writeback:             0 kB
AnonPages:         87812 kB
Mapped:            96624 kB
Shmem:              6384 kB
KReclaimable:      86744 kB
Slab:             323408 kB
SReclaimable:      86744 kB
SUnreclaim:       236664 kB
KernelStack:       10192 kB
PageTables:         2952 kB
NFS_Unstable:          0 kB
Bounce:                0 kB
WritebackTmp:          0 kB
CommitLimit:    34716468 kB
Committed_AS:     854040 kB
VmallocTotal:   34359738367 kB
VmallocUsed:       44008 kB
VmallocChunk:          0 kB
Percpu:           227328 kB
HardwareCorrupted:     0 kB
AnonHugePages:         0 kB
ShmemHugePages:        0 kB
ShmemPmdMapped:        0 kB
FileHugePages:         0 kB
FilePmdMapped:         0 kB
HugePages_Total:       0
HugePages_Free:        0
HugePages_Rsvd:        0
HugePages_Surp:        0
Hugepagesize:       2048 kB
Hugetlb:               0 kB
DirectMap4k:     2802496 kB
DirectMap2M:     5173248 kB
DirectMap1G:    58720256 kB

