MemTotal:       65439348 kB
MemFree:        63845576 kB
MemAvailable:   63890216 kB
Buffers:           50532 kB
Cached:           564784 kB
SwapCached:            0 kB
Active:           197788 kB
Inactive:         478112 kB
Active(anon):       3244 kB
Inactive(anon):    72844 kB
Active(file):     194544 kB
Inactive(file):   405268 kB
Unevictable:       19496 kB
Mlocked:           19496 kB
SwapTotal:       1996796 kB
SwapFree:        1996796 kB
Dirty:               148 kB
Writeback:             0 kB
AnonPages:         80160 kB
Mapped:            83732 kB
Shmem:              6376 kB
KReclaimable:      82276 kB
Slab:             313488 kB
SReclaimable:      82276 kB
SUnreclaim:       231212 kB
KernelStack:        9968 kB
PageTables:         2440 kB
NFS_Unstable:          0 kB
Bounce:                0 kB
WritebackTmp:          0 kB
CommitLimit:    34716468 kB
Committed_AS:     807788 kB
VmallocTotal:   34359738367 kB
VmallocUsed:       42116 kB
VmallocChunk:          0 kB
Percpu:           190656 kB
HardwareCorrupted:     0 kB
AnonHugePages:         0 kB
ShmemHugePages:        0 kB
ShmemPmdMapped:        0 kB
FileHugePages:         0 kB
FilePmdMapped:         0 kB
HugePages_Total:       0
HugePages_Free:        0
HugePages_Rsvd:        0
HugePages_Surp:        0
Hugepagesize:       2048 kB
Hugetlb:               0 kB
DirectMap4k:     2755392 kB
DirectMap2M:     5220352 kB
DirectMap1G:    58720256 kB

