MemTotal:       65439348 kB
MemFree:        64278392 kB
MemAvailable:   64006916 kB
Buffers:           37040 kB
Cached:           269536 kB
SwapCached:            0 kB
Active:           129840 kB
Inactive:         236780 kB
Active(anon):       3216 kB
Inactive(anon):    72332 kB
Active(file):     126624 kB
Inactive(file):   164448 kB
Unevictable:       19496 kB
Mlocked:           19496 kB
SwapTotal:       1996796 kB
SwapFree:        1996796 kB
Dirty:               756 kB
Writeback:             0 kB
AnonPages:         79660 kB
Mapped:            75856 kB
Shmem:              6376 kB
KReclaimable:      67528 kB
Slab:             290868 kB
SReclaimable:      67528 kB
SUnreclaim:       223340 kB
KernelStack:       10096 kB
PageTables:         2384 kB
NFS_Unstable:          0 kB
Bounce:                0 kB
WritebackTmp:          0 kB
CommitLimit:    34716468 kB
Committed_AS:     790608 kB
VmallocTotal:   34359738367 kB
VmallocUsed:       38420 kB
VmallocChunk:          0 kB
Percpu:            97152 kB
HardwareCorrupted:     0 kB
AnonHugePages:         0 kB
ShmemHugePages:        0 kB
ShmemPmdMapped:        0 kB
FileHugePages:         0 kB
FilePmdMapped:         0 kB
HugePages_Total:       0
HugePages_Free:        0
HugePages_Rsvd:        0
HugePages_Surp:        0
Hugepagesize:       2048 kB
Hugetlb:               0 kB
DirectMap4k:     2415424 kB
DirectMap2M:     5560320 kB
DirectMap1G:    58720256 kB

