MemTotal:       65439348 kB
MemFree:        63713996 kB
MemAvailable:   63821356 kB
Buffers:           58244 kB
Cached:           616380 kB
SwapCached:            0 kB
Active:           211132 kB
Inactive:         525280 kB
Active(anon):       3216 kB
Inactive(anon):    74048 kB
Active(file):     207916 kB
Inactive(file):   451232 kB
Unevictable:       19496 kB
Mlocked:           19496 kB
SwapTotal:       1996796 kB
SwapFree:        1996796 kB
Dirty:               600 kB
Writeback:             0 kB
AnonPages:         81312 kB
Mapped:            88076 kB
Shmem:              6376 kB
KReclaimable:      89048 kB
Slab:             326920 kB
SReclaimable:      89048 kB
SUnreclaim:       237872 kB
KernelStack:       10112 kB
PageTables:         2784 kB
NFS_Unstable:          0 kB
Bounce:                0 kB
WritebackTmp:          0 kB
CommitLimit:    34716468 kB
Committed_AS:     807652 kB
VmallocTotal:   34359738367 kB
VmallocUsed:       44340 kB
VmallocChunk:          0 kB
Percpu:           247296 kB
HardwareCorrupted:     0 kB
AnonHugePages:         0 kB
ShmemHugePages:        0 kB
ShmemPmdMapped:        0 kB
FileHugePages:         0 kB
FilePmdMapped:         0 kB
HugePages_Total:       0
HugePages_Free:        0
HugePages_Rsvd:        0
HugePages_Surp:        0
Hugepagesize:       2048 kB
Hugetlb:               0 kB
DirectMap4k:     2825024 kB
DirectMap2M:     5150720 kB
DirectMap1G:    58720256 kB

