MemTotal:       65439348 kB
MemFree:        63836908 kB
MemAvailable:   63886108 kB
Buffers:           51100 kB
Cached:           568508 kB
SwapCached:            0 kB
Active:           198356 kB
Inactive:         483168 kB
Active(anon):       3228 kB
Inactive(anon):    74180 kB
Active(file):     195128 kB
Inactive(file):   408988 kB
Unevictable:       19496 kB
Mlocked:           19496 kB
SwapTotal:       1996796 kB
SwapFree:        1996796 kB
Dirty:               696 kB
Writeback:             0 kB
AnonPages:         81376 kB
Mapped:            84032 kB
Shmem:              6380 kB
KReclaimable:      82788 kB
Slab:             313752 kB
SReclaimable:      82788 kB
SUnreclaim:       230964 kB
KernelStack:       10112 kB
PageTables:         2720 kB
NFS_Unstable:          0 kB
Bounce:                0 kB
WritebackTmp:          0 kB
CommitLimit:    34716468 kB
Committed_AS:     807396 kB
VmallocTotal:   34359738367 kB
VmallocUsed:       42164 kB
VmallocChunk:          0 kB
Percpu:           194688 kB
HardwareCorrupted:     0 kB
AnonHugePages:         0 kB
ShmemHugePages:        0 kB
ShmemPmdMapped:        0 kB
FileHugePages:         0 kB
FilePmdMapped:         0 kB
HugePages_Total:       0
HugePages_Free:        0
HugePages_Rsvd:        0
HugePages_Surp:        0
Hugepagesize:       2048 kB
Hugetlb:               0 kB
DirectMap4k:     2759488 kB
DirectMap2M:     5216256 kB
DirectMap1G:    58720256 kB

