MemTotal:       65439348 kB
MemFree:        63813912 kB
MemAvailable:   63852736 kB
Buffers:           49692 kB
Cached:           560176 kB
SwapCached:            0 kB
Active:           196912 kB
Inactive:         514308 kB
Active(anon):       3260 kB
Inactive(anon):   113600 kB
Active(file):     193652 kB
Inactive(file):   400708 kB
Unevictable:       19496 kB
Mlocked:           19496 kB
SwapTotal:       1996796 kB
SwapFree:        1996796 kB
Dirty:               668 kB
Writeback:             0 kB
AnonPages:        120408 kB
Mapped:           124796 kB
Shmem:              6384 kB
KReclaimable:      81552 kB
Slab:             313220 kB
SReclaimable:      81552 kB
SUnreclaim:       231668 kB
KernelStack:       10192 kB
PageTables:         2612 kB
NFS_Unstable:          0 kB
Bounce:                0 kB
WritebackTmp:          0 kB
CommitLimit:    34716468 kB
Committed_AS:     896760 kB
VmallocTotal:   34359738367 kB
VmallocUsed:       42292 kB
VmallocChunk:          0 kB
Percpu:           186432 kB
HardwareCorrupted:     0 kB
AnonHugePages:         0 kB
ShmemHugePages:        0 kB
ShmemPmdMapped:        0 kB
FileHugePages:         0 kB
FilePmdMapped:         0 kB
HugePages_Total:       0
HugePages_Free:        0
HugePages_Rsvd:        0
HugePages_Surp:        0
Hugepagesize:       2048 kB
Hugetlb:               0 kB
DirectMap4k:     2753344 kB
DirectMap2M:     5222400 kB
DirectMap1G:    58720256 kB

