MemTotal:       65439348 kB
MemFree:        63760864 kB
MemAvailable:   63841736 kB
Buffers:           54952 kB
Cached:           594636 kB
SwapCached:            0 kB
Active:           202920 kB
Inactive:         512280 kB
Active(anon):       3248 kB
Inactive(anon):    77856 kB
Active(file):     199672 kB
Inactive(file):   434424 kB
Unevictable:       19496 kB
Mlocked:           19496 kB
SwapTotal:       1996796 kB
SwapFree:        1996796 kB
Dirty:               948 kB
Writeback:             0 kB
AnonPages:         85632 kB
Mapped:            95804 kB
Shmem:              6384 kB
KReclaimable:      86176 kB
Slab:             322056 kB
SReclaimable:      86176 kB
SUnreclaim:       235880 kB
KernelStack:       10000 kB
PageTables:         2288 kB
NFS_Unstable:          0 kB
Bounce:                0 kB
WritebackTmp:          0 kB
CommitLimit:    34716468 kB
Committed_AS:     854036 kB
VmallocTotal:   34359738367 kB
VmallocUsed:       43976 kB
VmallocChunk:          0 kB
Percpu:           223104 kB
HardwareCorrupted:     0 kB
AnonHugePages:         0 kB
ShmemHugePages:        0 kB
ShmemPmdMapped:        0 kB
FileHugePages:         0 kB
FilePmdMapped:         0 kB
HugePages_Total:       0
HugePages_Free:        0
HugePages_Rsvd:        0
HugePages_Surp:        0
Hugepagesize:       2048 kB
Hugetlb:               0 kB
DirectMap4k:     2796352 kB
DirectMap2M:     5179392 kB
DirectMap1G:    58720256 kB

