MemTotal:       65439348 kB
MemFree:        63925032 kB
MemAvailable:   63931044 kB
Buffers:           45900 kB
Cached:           533008 kB
SwapCached:            0 kB
Active:           154192 kB
Inactive:         485188 kB
Active(anon):       3244 kB
Inactive(anon):    72724 kB
Active(file):     150948 kB
Inactive(file):   412464 kB
Unevictable:       19496 kB
Mlocked:           19496 kB
SwapTotal:       1996796 kB
SwapFree:        1996796 kB
Dirty:                84 kB
Writeback:             0 kB
AnonPages:         80060 kB
Mapped:            81484 kB
Shmem:              6376 kB
KReclaimable:      77824 kB
Slab:             306552 kB
SReclaimable:      77824 kB
SUnreclaim:       228728 kB
KernelStack:       10032 kB
PageTables:         2432 kB
NFS_Unstable:          0 kB
Bounce:                0 kB
WritebackTmp:          0 kB
CommitLimit:    34716468 kB
Committed_AS:     799592 kB
VmallocTotal:   34359738367 kB
VmallocUsed:       40612 kB
VmallocChunk:          0 kB
Percpu:           158016 kB
HardwareCorrupted:     0 kB
AnonHugePages:         0 kB
ShmemHugePages:        0 kB
ShmemPmdMapped:        0 kB
FileHugePages:         0 kB
FilePmdMapped:         0 kB
HugePages_Total:       0
HugePages_Free:        0
HugePages_Rsvd:        0
HugePages_Surp:        0
Hugepagesize:       2048 kB
Hugetlb:               0 kB
DirectMap4k:     2720576 kB
DirectMap2M:     5255168 kB
DirectMap1G:    58720256 kB

