MemTotal:       65439348 kB
MemFree:        64270184 kB
MemAvailable:   64001568 kB
Buffers:           37464 kB
Cached:           271832 kB
SwapCached:            0 kB
Active:           130288 kB
Inactive:         240636 kB
Active(anon):       3216 kB
Inactive(anon):    73884 kB
Active(file):     127072 kB
Inactive(file):   166752 kB
Unevictable:       19496 kB
Mlocked:           19496 kB
SwapTotal:       1996796 kB
SwapFree:        1996796 kB
Dirty:               616 kB
Writeback:             0 kB
AnonPages:         80736 kB
Mapped:            77088 kB
Shmem:              6372 kB
KReclaimable:      67740 kB
Slab:             290472 kB
SReclaimable:      67740 kB
SUnreclaim:       222732 kB
KernelStack:        9824 kB
PageTables:         2340 kB
NFS_Unstable:          0 kB
Bounce:                0 kB
WritebackTmp:          0 kB
CommitLimit:    34716468 kB
Committed_AS:     790356 kB
VmallocTotal:   34359738367 kB
VmallocUsed:       38308 kB
VmallocChunk:          0 kB
Percpu:            99456 kB
HardwareCorrupted:     0 kB
AnonHugePages:         0 kB
ShmemHugePages:        0 kB
ShmemPmdMapped:        0 kB
FileHugePages:         0 kB
FilePmdMapped:         0 kB
HugePages_Total:       0
HugePages_Free:        0
HugePages_Rsvd:        0
HugePages_Surp:        0
Hugepagesize:       2048 kB
Hugetlb:               0 kB
DirectMap4k:     2454336 kB
DirectMap2M:     5521408 kB
DirectMap1G:    58720256 kB

