MemTotal:       65439348 kB
MemFree:        64159336 kB
MemAvailable:   63948132 kB
Buffers:           43120 kB
Cached:           321180 kB
SwapCached:            0 kB
Active:           138528 kB
Inactive:         293740 kB
Active(anon):       3240 kB
Inactive(anon):    80260 kB
Active(file):     135288 kB
Inactive(file):   213480 kB
Unevictable:       19496 kB
Mlocked:           19496 kB
SwapTotal:       1996796 kB
SwapFree:        1996796 kB
Dirty:               640 kB
Writeback:             0 kB
AnonPages:         87632 kB
Mapped:            89388 kB
Shmem:              6380 kB
KReclaimable:      72680 kB
Slab:             300152 kB
SReclaimable:      72680 kB
SUnreclaim:       227472 kB
KernelStack:       10128 kB
PageTables:         2976 kB
NFS_Unstable:          0 kB
Bounce:                0 kB
WritebackTmp:          0 kB
CommitLimit:    34716468 kB
Committed_AS:     838004 kB
VmallocTotal:   34359738367 kB
VmallocUsed:       40216 kB
VmallocChunk:          0 kB
Percpu:           137664 kB
HardwareCorrupted:     0 kB
AnonHugePages:         0 kB
ShmemHugePages:        0 kB
ShmemPmdMapped:        0 kB
FileHugePages:         0 kB
FilePmdMapped:         0 kB
HugePages_Total:       0
HugePages_Free:        0
HugePages_Rsvd:        0
HugePages_Surp:        0
Hugepagesize:       2048 kB
Hugetlb:               0 kB
DirectMap4k:     2696000 kB
DirectMap2M:     5279744 kB
DirectMap1G:    58720256 kB

