MemTotal:       65439348 kB
MemFree:        64265092 kB
MemAvailable:   63997636 kB
Buffers:           37648 kB
Cached:           272760 kB
SwapCached:            0 kB
Active:           130472 kB
Inactive:         242684 kB
Active(anon):       3224 kB
Inactive(anon):    75008 kB
Active(file):     127248 kB
Inactive(file):   167676 kB
Unevictable:       19496 kB
Mlocked:           19496 kB
SwapTotal:       1996796 kB
SwapFree:        1996796 kB
Dirty:               352 kB
Writeback:             0 kB
AnonPages:         82748 kB
Mapped:            76200 kB
Shmem:              6376 kB
KReclaimable:      67864 kB
Slab:             290908 kB
SReclaimable:      67864 kB
SUnreclaim:       223044 kB
KernelStack:       10080 kB
PageTables:         2560 kB
NFS_Unstable:          0 kB
Bounce:                0 kB
WritebackTmp:          0 kB
CommitLimit:    34716468 kB
Committed_AS:     790744 kB
VmallocTotal:   34359738367 kB
VmallocUsed:       38532 kB
VmallocChunk:          0 kB
Percpu:           100800 kB
HardwareCorrupted:     0 kB
AnonHugePages:         0 kB
ShmemHugePages:        0 kB
ShmemPmdMapped:        0 kB
FileHugePages:         0 kB
FilePmdMapped:         0 kB
HugePages_Total:       0
HugePages_Free:        0
HugePages_Rsvd:        0
HugePages_Surp:        0
Hugepagesize:       2048 kB
Hugetlb:               0 kB
DirectMap4k:     2470720 kB
DirectMap2M:     5505024 kB
DirectMap1G:    58720256 kB

