MemTotal:       65439348 kB
MemFree:        64291140 kB
MemAvailable:   64008828 kB
Buffers:           35696 kB
Cached:           260680 kB
SwapCached:            0 kB
Active:           128516 kB
Inactive:         229504 kB
Active(anon):       3224 kB
Inactive(anon):    73904 kB
Active(file):     125292 kB
Inactive(file):   155600 kB
Unevictable:       19496 kB
Mlocked:           19496 kB
SwapTotal:       1996796 kB
SwapFree:        1996796 kB
Dirty:               720 kB
Writeback:             0 kB
AnonPages:         81032 kB
Mapped:            75272 kB
Shmem:              6376 kB
KReclaimable:      66216 kB
Slab:             288600 kB
SReclaimable:      66216 kB
SUnreclaim:       222384 kB
KernelStack:       10048 kB
PageTables:         2624 kB
NFS_Unstable:          0 kB
Bounce:                0 kB
WritebackTmp:          0 kB
CommitLimit:    34716468 kB
Committed_AS:     790608 kB
VmallocTotal:   34359738367 kB
VmallocUsed:       38468 kB
VmallocChunk:          0 kB
Percpu:            96576 kB
HardwareCorrupted:     0 kB
AnonHugePages:         0 kB
ShmemHugePages:        0 kB
ShmemPmdMapped:        0 kB
FileHugePages:         0 kB
FilePmdMapped:         0 kB
HugePages_Total:       0
HugePages_Free:        0
HugePages_Rsvd:        0
HugePages_Surp:        0
Hugepagesize:       2048 kB
Hugetlb:               0 kB
DirectMap4k:     2274112 kB
DirectMap2M:     5701632 kB
DirectMap1G:    58720256 kB

