MemTotal:       65439348 kB
MemFree:        63860048 kB
MemAvailable:   63895716 kB
Buffers:           49328 kB
Cached:           557628 kB
SwapCached:            0 kB
Active:           157808 kB
Inactive:         509604 kB
Active(anon):       3244 kB
Inactive(anon):    72688 kB
Active(file):     154564 kB
Inactive(file):   436916 kB
Unevictable:       19496 kB
Mlocked:           19496 kB
SwapTotal:       1996796 kB
SwapFree:        1996796 kB
Dirty:               696 kB
Writeback:             0 kB
AnonPages:         80064 kB
Mapped:            83140 kB
Shmem:              6376 kB
KReclaimable:      80996 kB
Slab:             312636 kB
SReclaimable:      80996 kB
SUnreclaim:       231640 kB
KernelStack:        9904 kB
PageTables:         2432 kB
NFS_Unstable:          0 kB
Bounce:                0 kB
WritebackTmp:          0 kB
CommitLimit:    34716468 kB
Committed_AS:     799592 kB
VmallocTotal:   34359738367 kB
VmallocUsed:       41504 kB
VmallocChunk:          0 kB
Percpu:           183360 kB
HardwareCorrupted:     0 kB
AnonHugePages:         0 kB
ShmemHugePages:        0 kB
ShmemPmdMapped:        0 kB
FileHugePages:         0 kB
FilePmdMapped:         0 kB
HugePages_Total:       0
HugePages_Free:        0
HugePages_Rsvd:        0
HugePages_Surp:        0
Hugepagesize:       2048 kB
Hugetlb:               0 kB
DirectMap4k:     2749248 kB
DirectMap2M:     5226496 kB
DirectMap1G:    58720256 kB

