MemTotal:       65439348 kB
MemFree:        63824232 kB
MemAvailable:   63878188 kB
Buffers:           51652 kB
Cached:           572456 kB
SwapCached:            0 kB
Active:           198928 kB
Inactive:         485808 kB
Active(anon):       3244 kB
Inactive(anon):    72872 kB
Active(file):     195684 kB
Inactive(file):   412936 kB
Unevictable:       19496 kB
Mlocked:           19496 kB
SwapTotal:       1996796 kB
SwapFree:        1996796 kB
Dirty:               752 kB
Writeback:             0 kB
AnonPages:         80316 kB
Mapped:            84320 kB
Shmem:              6376 kB
KReclaimable:      83292 kB
Slab:             316564 kB
SReclaimable:      83292 kB
SUnreclaim:       233272 kB
KernelStack:       10064 kB
PageTables:         2444 kB
NFS_Unstable:          0 kB
Bounce:                0 kB
WritebackTmp:          0 kB
CommitLimit:    34716468 kB
Committed_AS:     808040 kB
VmallocTotal:   34359738367 kB
VmallocUsed:       42888 kB
VmallocChunk:          0 kB
Percpu:           199680 kB
HardwareCorrupted:     0 kB
AnonHugePages:         0 kB
ShmemHugePages:        0 kB
ShmemPmdMapped:        0 kB
FileHugePages:         0 kB
FilePmdMapped:         0 kB
HugePages_Total:       0
HugePages_Free:        0
HugePages_Rsvd:        0
HugePages_Surp:        0
Hugepagesize:       2048 kB
Hugetlb:               0 kB
DirectMap4k:     2769728 kB
DirectMap2M:     5206016 kB
DirectMap1G:    58720256 kB

