MemTotal:       65439348 kB
MemFree:        63820960 kB
MemAvailable:   63878508 kB
Buffers:           52072 kB
Cached:           575412 kB
SwapCached:            0 kB
Active:           199352 kB
Inactive:         489956 kB
Active(anon):       3240 kB
Inactive(anon):    74060 kB
Active(file):     196112 kB
Inactive(file):   415896 kB
Unevictable:       19496 kB
Mlocked:           19496 kB
SwapTotal:       1996796 kB
SwapFree:        1996796 kB
Dirty:               728 kB
Writeback:             0 kB
AnonPages:         81364 kB
Mapped:            84448 kB
Shmem:              6376 kB
KReclaimable:      83700 kB
Slab:             317728 kB
SReclaimable:      83700 kB
SUnreclaim:       234028 kB
KernelStack:       10096 kB
PageTables:         2676 kB
NFS_Unstable:          0 kB
Bounce:                0 kB
WritebackTmp:          0 kB
CommitLimit:    34716468 kB
Committed_AS:     807652 kB
VmallocTotal:   34359738367 kB
VmallocUsed:       42744 kB
VmallocChunk:          0 kB
Percpu:           202560 kB
HardwareCorrupted:     0 kB
AnonHugePages:         0 kB
ShmemHugePages:        0 kB
ShmemPmdMapped:        0 kB
FileHugePages:         0 kB
FilePmdMapped:         0 kB
HugePages_Total:       0
HugePages_Free:        0
HugePages_Rsvd:        0
HugePages_Surp:        0
Hugepagesize:       2048 kB
Hugetlb:               0 kB
DirectMap4k:     2769728 kB
DirectMap2M:     5206016 kB
DirectMap1G:    58720256 kB

