MemTotal:       65439348 kB
MemFree:        63916716 kB
MemAvailable:   63925644 kB
Buffers:           46256 kB
Cached:           535360 kB
SwapCached:            0 kB
Active:           154560 kB
Inactive:         487420 kB
Active(anon):       3244 kB
Inactive(anon):    72604 kB
Active(file):     151316 kB
Inactive(file):   414816 kB
Unevictable:       19496 kB
Mlocked:           19496 kB
SwapTotal:       1996796 kB
SwapFree:        1996796 kB
Dirty:               148 kB
Writeback:             0 kB
AnonPages:         79996 kB
Mapped:            81716 kB
Shmem:              6376 kB
KReclaimable:      78216 kB
Slab:             306680 kB
SReclaimable:      78216 kB
SUnreclaim:       228464 kB
KernelStack:       10048 kB
PageTables:         2420 kB
NFS_Unstable:          0 kB
Bounce:                0 kB
WritebackTmp:          0 kB
CommitLimit:    34716468 kB
Committed_AS:     799592 kB
VmallocTotal:   34359738367 kB
VmallocUsed:       41148 kB
VmallocChunk:          0 kB
Percpu:           161088 kB
HardwareCorrupted:     0 kB
AnonHugePages:         0 kB
ShmemHugePages:        0 kB
ShmemPmdMapped:        0 kB
FileHugePages:         0 kB
FilePmdMapped:         0 kB
HugePages_Total:       0
HugePages_Free:        0
HugePages_Rsvd:        0
HugePages_Surp:        0
Hugepagesize:       2048 kB
Hugetlb:               0 kB
DirectMap4k:     2722624 kB
DirectMap2M:     5253120 kB
DirectMap1G:    58720256 kB

