MemTotal:       65439348 kB
MemFree:        63874060 kB
MemAvailable:   63902116 kB
Buffers:           48508 kB
Cached:           551224 kB
SwapCached:            0 kB
Active:           156812 kB
Inactive:         503844 kB
Active(anon):       3244 kB
Inactive(anon):    73164 kB
Active(file):     153568 kB
Inactive(file):   430680 kB
Unevictable:       19496 kB
Mlocked:           19496 kB
SwapTotal:       1996796 kB
SwapFree:        1996796 kB
Dirty:               736 kB
Writeback:             0 kB
AnonPages:         80512 kB
Mapped:            82760 kB
Shmem:              6376 kB
KReclaimable:      80240 kB
Slab:             312660 kB
SReclaimable:      80240 kB
SUnreclaim:       232420 kB
KernelStack:       10048 kB
PageTables:         2488 kB
NFS_Unstable:          0 kB
Bounce:                0 kB
WritebackTmp:          0 kB
CommitLimit:    34716468 kB
Committed_AS:     799592 kB
VmallocTotal:   34359738367 kB
VmallocUsed:       41744 kB
VmallocChunk:          0 kB
Percpu:           177984 kB
HardwareCorrupted:     0 kB
AnonHugePages:         0 kB
ShmemHugePages:        0 kB
ShmemPmdMapped:        0 kB
FileHugePages:         0 kB
FilePmdMapped:         0 kB
HugePages_Total:       0
HugePages_Free:        0
HugePages_Rsvd:        0
HugePages_Surp:        0
Hugepagesize:       2048 kB
Hugetlb:               0 kB
DirectMap4k:     2747200 kB
DirectMap2M:     5228544 kB
DirectMap1G:    58720256 kB

