MemTotal:       65439348 kB
MemFree:        64170272 kB
MemAvailable:   63955432 kB
Buffers:           42572 kB
Cached:           318220 kB
SwapCached:            0 kB
Active:           138016 kB
Inactive:         288784 kB
Active(anon):       3256 kB
Inactive(anon):    78232 kB
Active(file):     134760 kB
Inactive(file):   210552 kB
Unevictable:       19496 kB
Mlocked:           19496 kB
SwapTotal:       1996796 kB
SwapFree:        1996796 kB
Dirty:               704 kB
Writeback:             0 kB
AnonPages:         85604 kB
Mapped:            88844 kB
Shmem:              6380 kB
KReclaimable:      72320 kB
Slab:             299436 kB
SReclaimable:      72320 kB
SUnreclaim:       227116 kB
KernelStack:       10080 kB
PageTables:         2624 kB
NFS_Unstable:          0 kB
Bounce:                0 kB
WritebackTmp:          0 kB
CommitLimit:    34716468 kB
Committed_AS:     837612 kB
VmallocTotal:   34359738367 kB
VmallocUsed:       40280 kB
VmallocChunk:          0 kB
Percpu:           134592 kB
HardwareCorrupted:     0 kB
AnonHugePages:         0 kB
ShmemHugePages:        0 kB
ShmemPmdMapped:        0 kB
FileHugePages:         0 kB
FilePmdMapped:         0 kB
HugePages_Total:       0
HugePages_Free:        0
HugePages_Rsvd:        0
HugePages_Surp:        0
Hugepagesize:       2048 kB
Hugetlb:               0 kB
DirectMap4k:     2691904 kB
DirectMap2M:     5283840 kB
DirectMap1G:    58720256 kB

