MemTotal:       65439348 kB
MemFree:        64244024 kB
MemAvailable:   63986676 kB
Buffers:           38672 kB
Cached:           281404 kB
SwapCached:            0 kB
Active:           132380 kB
Inactive:         247712 kB
Active(anon):       3220 kB
Inactive(anon):    72280 kB
Active(file):     129160 kB
Inactive(file):   175432 kB
Unevictable:       19496 kB
Mlocked:           19496 kB
SwapTotal:       1996796 kB
SwapFree:        1996796 kB
Dirty:               676 kB
Writeback:             0 kB
AnonPages:         79604 kB
Mapped:            77052 kB
Shmem:              6376 kB
KReclaimable:      68740 kB
Slab:             292948 kB
SReclaimable:      68740 kB
SUnreclaim:       224208 kB
KernelStack:       10016 kB
PageTables:         2408 kB
NFS_Unstable:          0 kB
Bounce:                0 kB
WritebackTmp:          0 kB
CommitLimit:    34716468 kB
Committed_AS:     790620 kB
VmallocTotal:   34359738367 kB
VmallocUsed:       39096 kB
VmallocChunk:          0 kB
Percpu:           109248 kB
HardwareCorrupted:     0 kB
AnonHugePages:         0 kB
ShmemHugePages:        0 kB
ShmemPmdMapped:        0 kB
FileHugePages:         0 kB
FilePmdMapped:         0 kB
HugePages_Total:       0
HugePages_Free:        0
HugePages_Rsvd:        0
HugePages_Surp:        0
Hugepagesize:       2048 kB
Hugetlb:               0 kB
DirectMap4k:     2595648 kB
DirectMap2M:     5380096 kB
DirectMap1G:    58720256 kB

