MemTotal:       65439348 kB
MemFree:        63765720 kB
MemAvailable:   63845536 kB
Buffers:           54812 kB
Cached:           593788 kB
SwapCached:            0 kB
Active:           202756 kB
Inactive:         511436 kB
Active(anon):       3248 kB
Inactive(anon):    77856 kB
Active(file):     199508 kB
Inactive(file):   433580 kB
Unevictable:       19496 kB
Mlocked:           19496 kB
SwapTotal:       1996796 kB
SwapFree:        1996796 kB
Dirty:               636 kB
Writeback:             0 kB
AnonPages:         85600 kB
Mapped:            95756 kB
Shmem:              6380 kB
KReclaimable:      86080 kB
Slab:             321512 kB
SReclaimable:      86080 kB
SUnreclaim:       235432 kB
KernelStack:        9936 kB
PageTables:         2516 kB
NFS_Unstable:          0 kB
Bounce:                0 kB
WritebackTmp:          0 kB
CommitLimit:    34716468 kB
Committed_AS:     854040 kB
VmallocTotal:   34359738367 kB
VmallocUsed:       43332 kB
VmallocChunk:          0 kB
Percpu:           222528 kB
HardwareCorrupted:     0 kB
AnonHugePages:         0 kB
ShmemHugePages:        0 kB
ShmemPmdMapped:        0 kB
FileHugePages:         0 kB
FilePmdMapped:         0 kB
HugePages_Total:       0
HugePages_Free:        0
HugePages_Rsvd:        0
HugePages_Surp:        0
Hugepagesize:       2048 kB
Hugetlb:               0 kB
DirectMap4k:     2796352 kB
DirectMap2M:     5179392 kB
DirectMap1G:    58720256 kB

