MemTotal:       65439348 kB
MemFree:        64276852 kB
MemAvailable:   64004184 kB
Buffers:           36872 kB
Cached:           268540 kB
SwapCached:            0 kB
Active:           129680 kB
Inactive:         235560 kB
Active(anon):       3216 kB
Inactive(anon):    72104 kB
Active(file):     126464 kB
Inactive(file):   163456 kB
Unevictable:       19496 kB
Mlocked:           19496 kB
SwapTotal:       1996796 kB
SwapFree:        1996796 kB
Dirty:               852 kB
Writeback:             0 kB
AnonPages:         79888 kB
Mapped:            75912 kB
Shmem:              6376 kB
KReclaimable:      67444 kB
Slab:             291244 kB
SReclaimable:      67444 kB
SUnreclaim:       223800 kB
KernelStack:       10048 kB
PageTables:         2456 kB
NFS_Unstable:          0 kB
Bounce:                0 kB
WritebackTmp:          0 kB
CommitLimit:    34716468 kB
Committed_AS:     790364 kB
VmallocTotal:   34359738367 kB
VmallocUsed:       38452 kB
VmallocChunk:          0 kB
Percpu:            96576 kB
HardwareCorrupted:     0 kB
AnonHugePages:         0 kB
ShmemHugePages:        0 kB
ShmemPmdMapped:        0 kB
FileHugePages:         0 kB
FilePmdMapped:         0 kB
HugePages_Total:       0
HugePages_Free:        0
HugePages_Rsvd:        0
HugePages_Surp:        0
Hugepagesize:       2048 kB
Hugetlb:               0 kB
DirectMap4k:     2396992 kB
DirectMap2M:     5578752 kB
DirectMap1G:    58720256 kB

