MemTotal:       65439348 kB
MemFree:        64255564 kB
MemAvailable:   63993812 kB
Buffers:           38236 kB
Cached:           277688 kB
SwapCached:            0 kB
Active:           131036 kB
Inactive:         244940 kB
Active(anon):       3216 kB
Inactive(anon):    72336 kB
Active(file):     127820 kB
Inactive(file):   172604 kB
Unevictable:       19496 kB
Mlocked:           19496 kB
SwapTotal:       1996796 kB
SwapFree:        1996796 kB
Dirty:               160 kB
Writeback:             0 kB
AnonPages:         79640 kB
Mapped:            76844 kB
Shmem:              6376 kB
KReclaimable:      68268 kB
Slab:             292020 kB
SReclaimable:      68268 kB
SUnreclaim:       223752 kB
KernelStack:       10032 kB
PageTables:         2412 kB
NFS_Unstable:          0 kB
Bounce:                0 kB
WritebackTmp:          0 kB
CommitLimit:    34716468 kB
Committed_AS:     790612 kB
VmallocTotal:   34359738367 kB
VmallocUsed:       38468 kB
VmallocChunk:          0 kB
Percpu:           105600 kB
HardwareCorrupted:     0 kB
AnonHugePages:         0 kB
ShmemHugePages:        0 kB
ShmemPmdMapped:        0 kB
FileHugePages:         0 kB
FilePmdMapped:         0 kB
HugePages_Total:       0
HugePages_Free:        0
HugePages_Rsvd:        0
HugePages_Surp:        0
Hugepagesize:       2048 kB
Hugetlb:               0 kB
DirectMap4k:     2546496 kB
DirectMap2M:     5429248 kB
DirectMap1G:    58720256 kB

