MemTotal:       65439348 kB
MemFree:        63852612 kB
MemAvailable:   63893832 kB
Buffers:           50056 kB
Cached:           562004 kB
SwapCached:            0 kB
Active:           197320 kB
Inactive:         476852 kB
Active(anon):       3240 kB
Inactive(anon):    74356 kB
Active(file):     194080 kB
Inactive(file):   402496 kB
Unevictable:       19496 kB
Mlocked:           19496 kB
SwapTotal:       1996796 kB
SwapFree:        1996796 kB
Dirty:               640 kB
Writeback:             0 kB
AnonPages:         81624 kB
Mapped:            83708 kB
Shmem:              6376 kB
KReclaimable:      81912 kB
Slab:             313384 kB
SReclaimable:      81912 kB
SUnreclaim:       231472 kB
KernelStack:       10000 kB
PageTables:         2280 kB
NFS_Unstable:          0 kB
Bounce:                0 kB
WritebackTmp:          0 kB
CommitLimit:    34716468 kB
Committed_AS:     799204 kB
VmallocTotal:   34359738367 kB
VmallocUsed:       42148 kB
VmallocChunk:          0 kB
Percpu:           188160 kB
HardwareCorrupted:     0 kB
AnonHugePages:         0 kB
ShmemHugePages:        0 kB
ShmemPmdMapped:        0 kB
FileHugePages:         0 kB
FilePmdMapped:         0 kB
HugePages_Total:       0
HugePages_Free:        0
HugePages_Rsvd:        0
HugePages_Surp:        0
Hugepagesize:       2048 kB
Hugetlb:               0 kB
DirectMap4k:     2753344 kB
DirectMap2M:     5222400 kB
DirectMap1G:    58720256 kB

