MemTotal:       65439348 kB
MemFree:        63824000 kB
MemAvailable:   63879092 kB
Buffers:           51780 kB
Cached:           573392 kB
SwapCached:            0 kB
Active:           199044 kB
Inactive:         486816 kB
Active(anon):       3244 kB
Inactive(anon):    72932 kB
Active(file):     195800 kB
Inactive(file):   413884 kB
Unevictable:       19496 kB
Mlocked:           19496 kB
SwapTotal:       1996796 kB
SwapFree:        1996796 kB
Dirty:               656 kB
Writeback:             0 kB
AnonPages:         80308 kB
Mapped:            84428 kB
Shmem:              6376 kB
KReclaimable:      83436 kB
Slab:             316796 kB
SReclaimable:      83436 kB
SUnreclaim:       233360 kB
KernelStack:       10000 kB
PageTables:         2444 kB
NFS_Unstable:          0 kB
Bounce:                0 kB
WritebackTmp:          0 kB
CommitLimit:    34716468 kB
Committed_AS:     808040 kB
VmallocTotal:   34359738367 kB
VmallocUsed:       42728 kB
VmallocChunk:          0 kB
Percpu:           200256 kB
HardwareCorrupted:     0 kB
AnonHugePages:         0 kB
ShmemHugePages:        0 kB
ShmemPmdMapped:        0 kB
FileHugePages:         0 kB
FilePmdMapped:         0 kB
HugePages_Total:       0
HugePages_Free:        0
HugePages_Rsvd:        0
HugePages_Surp:        0
Hugepagesize:       2048 kB
Hugetlb:               0 kB
DirectMap4k:     2769728 kB
DirectMap2M:     5206016 kB
DirectMap1G:    58720256 kB

