MemTotal:       65439348 kB
MemFree:        63749544 kB
MemAvailable:   63836464 kB
Buffers:           55824 kB
Cached:           599468 kB
SwapCached:            0 kB
Active:           203808 kB
Inactive:         518144 kB
Active(anon):       3260 kB
Inactive(anon):    78880 kB
Active(file):     200548 kB
Inactive(file):   439264 kB
Unevictable:       19496 kB
Mlocked:           19496 kB
SwapTotal:       1996796 kB
SwapFree:        1996796 kB
Dirty:               660 kB
Writeback:             0 kB
AnonPages:         86192 kB
Mapped:            96464 kB
Shmem:              6380 kB
KReclaimable:      86840 kB
Slab:             323324 kB
SReclaimable:      86840 kB
SUnreclaim:       236484 kB
KernelStack:       10144 kB
PageTables:         2684 kB
NFS_Unstable:          0 kB
Bounce:                0 kB
WritebackTmp:          0 kB
CommitLimit:    34716468 kB
Committed_AS:     854036 kB
VmallocTotal:   34359738367 kB
VmallocUsed:       43992 kB
VmallocChunk:          0 kB
Percpu:           228672 kB
HardwareCorrupted:     0 kB
AnonHugePages:         0 kB
ShmemHugePages:        0 kB
ShmemPmdMapped:        0 kB
FileHugePages:         0 kB
FilePmdMapped:         0 kB
HugePages_Total:       0
HugePages_Free:        0
HugePages_Rsvd:        0
HugePages_Surp:        0
Hugepagesize:       2048 kB
Hugetlb:               0 kB
DirectMap4k:     2804544 kB
DirectMap2M:     5171200 kB
DirectMap1G:    58720256 kB

