MemTotal:       65439348 kB
MemFree:        64315024 kB
MemAvailable:   64013308 kB
Buffers:           31696 kB
Cached:           250180 kB
SwapCached:            0 kB
Active:           122852 kB
Inactive:         219024 kB
Active(anon):       3212 kB
Inactive(anon):    72264 kB
Active(file):     119640 kB
Inactive(file):   146760 kB
Unevictable:       19496 kB
Mlocked:           19496 kB
SwapTotal:       1996796 kB
SwapFree:        1996796 kB
Dirty:               644 kB
Writeback:             0 kB
AnonPages:         79616 kB
Mapped:            74704 kB
Shmem:              6376 kB
KReclaimable:      56388 kB
Slab:             276964 kB
SReclaimable:      56388 kB
SUnreclaim:       220576 kB
KernelStack:        9968 kB
PageTables:         2424 kB
NFS_Unstable:          0 kB
Bounce:                0 kB
WritebackTmp:          0 kB
CommitLimit:    34716468 kB
Committed_AS:     790356 kB
VmallocTotal:   34359738367 kB
VmallocUsed:       38452 kB
VmallocChunk:          0 kB
Percpu:            96576 kB
HardwareCorrupted:     0 kB
AnonHugePages:         0 kB
ShmemHugePages:        0 kB
ShmemPmdMapped:        0 kB
FileHugePages:         0 kB
FilePmdMapped:         0 kB
HugePages_Total:       0
HugePages_Free:        0
HugePages_Rsvd:        0
HugePages_Surp:        0
Hugepagesize:       2048 kB
Hugetlb:               0 kB
DirectMap4k:     2143040 kB
DirectMap2M:     5832704 kB
DirectMap1G:    58720256 kB

