MemTotal:       65439348 kB
MemFree:        64276104 kB
MemAvailable:   64003192 kB
Buffers:           36856 kB
Cached:           268296 kB
SwapCached:            0 kB
Active:           129672 kB
Inactive:         236124 kB
Active(anon):       3208 kB
Inactive(anon):    72912 kB
Active(file):     126464 kB
Inactive(file):   163212 kB
Unevictable:       19496 kB
Mlocked:           19496 kB
SwapTotal:       1996796 kB
SwapFree:        1996796 kB
Dirty:               660 kB
Writeback:             0 kB
AnonPages:         80160 kB
Mapped:            75772 kB
Shmem:              6376 kB
KReclaimable:      67444 kB
Slab:             290980 kB
SReclaimable:      67444 kB
SUnreclaim:       223536 kB
KernelStack:       10032 kB
PageTables:         2424 kB
NFS_Unstable:          0 kB
Bounce:                0 kB
WritebackTmp:          0 kB
CommitLimit:    34716468 kB
Committed_AS:     790356 kB
VmallocTotal:   34359738367 kB
VmallocUsed:       38436 kB
VmallocChunk:          0 kB
Percpu:            96576 kB
HardwareCorrupted:     0 kB
AnonHugePages:         0 kB
ShmemHugePages:        0 kB
ShmemPmdMapped:        0 kB
FileHugePages:         0 kB
FilePmdMapped:         0 kB
HugePages_Total:       0
HugePages_Free:        0
HugePages_Rsvd:        0
HugePages_Surp:        0
Hugepagesize:       2048 kB
Hugetlb:               0 kB
DirectMap4k:     2394944 kB
DirectMap2M:     5580800 kB
DirectMap1G:    58720256 kB

