MemTotal:       65439348 kB
MemFree:        63827492 kB
MemAvailable:   63879956 kB
Buffers:           51492 kB
Cached:           571224 kB
SwapCached:            0 kB
Active:           198764 kB
Inactive:         485220 kB
Active(anon):       3248 kB
Inactive(anon):    73516 kB
Active(file):     195516 kB
Inactive(file):   411704 kB
Unevictable:       19496 kB
Mlocked:           19496 kB
SwapTotal:       1996796 kB
SwapFree:        1996796 kB
Dirty:               652 kB
Writeback:             0 kB
AnonPages:         80296 kB
Mapped:            84352 kB
Shmem:              6380 kB
KReclaimable:      83112 kB
Slab:             315900 kB
SReclaimable:      83112 kB
SUnreclaim:       232788 kB
KernelStack:       10016 kB
PageTables:         2500 kB
NFS_Unstable:          0 kB
Bounce:                0 kB
WritebackTmp:          0 kB
CommitLimit:    34716468 kB
Committed_AS:     807652 kB
VmallocTotal:   34359738367 kB
VmallocUsed:       42776 kB
VmallocChunk:          0 kB
Percpu:           198336 kB
HardwareCorrupted:     0 kB
AnonHugePages:         0 kB
ShmemHugePages:        0 kB
ShmemPmdMapped:        0 kB
FileHugePages:         0 kB
FilePmdMapped:         0 kB
HugePages_Total:       0
HugePages_Free:        0
HugePages_Rsvd:        0
HugePages_Surp:        0
Hugepagesize:       2048 kB
Hugetlb:               0 kB
DirectMap4k:     2767680 kB
DirectMap2M:     5208064 kB
DirectMap1G:    58720256 kB

