MemTotal:       65439348 kB
MemFree:        64233196 kB
MemAvailable:   63982300 kB
Buffers:           39468 kB
Cached:           286796 kB
SwapCached:            0 kB
Active:           133180 kB
Inactive:         253316 kB
Active(anon):       3216 kB
Inactive(anon):    72500 kB
Active(file):     129964 kB
Inactive(file):   180816 kB
Unevictable:       19496 kB
Mlocked:           19496 kB
SwapTotal:       1996796 kB
SwapFree:        1996796 kB
Dirty:               752 kB
Writeback:             0 kB
AnonPages:         79796 kB
Mapped:            77556 kB
Shmem:              6376 kB
KReclaimable:      69268 kB
Slab:             293796 kB
SReclaimable:      69268 kB
SUnreclaim:       224528 kB
KernelStack:       10048 kB
PageTables:         2404 kB
NFS_Unstable:          0 kB
Bounce:                0 kB
WritebackTmp:          0 kB
CommitLimit:    34716468 kB
Committed_AS:     790748 kB
VmallocTotal:   34359738367 kB
VmallocUsed:       38952 kB
VmallocChunk:          0 kB
Percpu:           114624 kB
HardwareCorrupted:     0 kB
AnonHugePages:         0 kB
ShmemHugePages:        0 kB
ShmemPmdMapped:        0 kB
FileHugePages:         0 kB
FilePmdMapped:         0 kB
HugePages_Total:       0
HugePages_Free:        0
HugePages_Rsvd:        0
HugePages_Surp:        0
Hugepagesize:       2048 kB
Hugetlb:               0 kB
DirectMap4k:     2659136 kB
DirectMap2M:     5316608 kB
DirectMap1G:    58720256 kB

