MemTotal:       65439348 kB
MemFree:        63769204 kB
MemAvailable:   63846180 kB
Buffers:           54468 kB
Cached:           591340 kB
SwapCached:            0 kB
Active:           202436 kB
Inactive:         511452 kB
Active(anon):       3240 kB
Inactive(anon):    80320 kB
Active(file):     199196 kB
Inactive(file):   431132 kB
Unevictable:       19496 kB
Mlocked:           19496 kB
SwapTotal:       1996796 kB
SwapFree:        1996796 kB
Dirty:               740 kB
Writeback:             0 kB
AnonPages:         87596 kB
Mapped:            95576 kB
Shmem:              6380 kB
KReclaimable:      85916 kB
Slab:             321928 kB
SReclaimable:      85916 kB
SUnreclaim:       236012 kB
KernelStack:       10112 kB
PageTables:         2448 kB
NFS_Unstable:          0 kB
Bounce:                0 kB
WritebackTmp:          0 kB
CommitLimit:    34716468 kB
Committed_AS:     854036 kB
VmallocTotal:   34359738367 kB
VmallocUsed:       43444 kB
VmallocChunk:          0 kB
Percpu:           220224 kB
HardwareCorrupted:     0 kB
AnonHugePages:         0 kB
ShmemHugePages:        0 kB
ShmemPmdMapped:        0 kB
FileHugePages:         0 kB
FilePmdMapped:         0 kB
HugePages_Total:       0
HugePages_Free:        0
HugePages_Rsvd:        0
HugePages_Surp:        0
Hugepagesize:       2048 kB
Hugetlb:               0 kB
DirectMap4k:     2794304 kB
DirectMap2M:     5181440 kB
DirectMap1G:    58720256 kB

