MemTotal:       65439348 kB
MemFree:        64245708 kB
MemAvailable:   63988100 kB
Buffers:           38644 kB
Cached:           281240 kB
SwapCached:            0 kB
Active:           132324 kB
Inactive:         248872 kB
Active(anon):       3224 kB
Inactive(anon):    73612 kB
Active(file):     129100 kB
Inactive(file):   175260 kB
Unevictable:       19496 kB
Mlocked:           19496 kB
SwapTotal:       1996796 kB
SwapFree:        1996796 kB
Dirty:                36 kB
Writeback:             0 kB
AnonPages:         80772 kB
Mapped:            77204 kB
Shmem:              6376 kB
KReclaimable:      68684 kB
Slab:             292792 kB
SReclaimable:      68684 kB
SUnreclaim:       224108 kB
KernelStack:       10000 kB
PageTables:         2024 kB
NFS_Unstable:          0 kB
Bounce:                0 kB
WritebackTmp:          0 kB
CommitLimit:    34716468 kB
Committed_AS:     790364 kB
VmallocTotal:   34359738367 kB
VmallocUsed:       39096 kB
VmallocChunk:          0 kB
Percpu:           108672 kB
HardwareCorrupted:     0 kB
AnonHugePages:         0 kB
ShmemHugePages:        0 kB
ShmemPmdMapped:        0 kB
FileHugePages:         0 kB
FilePmdMapped:         0 kB
HugePages_Total:       0
HugePages_Free:        0
HugePages_Rsvd:        0
HugePages_Surp:        0
Hugepagesize:       2048 kB
Hugetlb:               0 kB
DirectMap4k:     2591552 kB
DirectMap2M:     5384192 kB
DirectMap1G:    58720256 kB

