MemTotal:       65439348 kB
MemFree:        63889296 kB
MemAvailable:   63911120 kB
Buffers:           47792 kB
Cached:           546092 kB
SwapCached:            0 kB
Active:           156092 kB
Inactive:         498308 kB
Active(anon):       3236 kB
Inactive(anon):    72760 kB
Active(file):     152856 kB
Inactive(file):   425548 kB
Unevictable:       19496 kB
Mlocked:           19496 kB
SwapTotal:       1996796 kB
SwapFree:        1996796 kB
Dirty:               808 kB
Writeback:             0 kB
AnonPages:         80452 kB
Mapped:            82596 kB
Shmem:              6376 kB
KReclaimable:      79464 kB
Slab:             309420 kB
SReclaimable:      79464 kB
SUnreclaim:       229956 kB
KernelStack:       10000 kB
PageTables:         2228 kB
NFS_Unstable:          0 kB
Bounce:                0 kB
WritebackTmp:          0 kB
CommitLimit:    34716468 kB
Committed_AS:     799588 kB
VmallocTotal:   34359738367 kB
VmallocUsed:       41792 kB
VmallocChunk:          0 kB
Percpu:           172416 kB
HardwareCorrupted:     0 kB
AnonHugePages:         0 kB
ShmemHugePages:        0 kB
ShmemPmdMapped:        0 kB
FileHugePages:         0 kB
FilePmdMapped:         0 kB
HugePages_Total:       0
HugePages_Free:        0
HugePages_Rsvd:        0
HugePages_Surp:        0
Hugepagesize:       2048 kB
Hugetlb:               0 kB
DirectMap4k:     2736960 kB
DirectMap2M:     5238784 kB
DirectMap1G:    58720256 kB

