MemTotal:       65439348 kB
MemFree:        63866644 kB
MemAvailable:   63899492 kB
Buffers:           48920 kB
Cached:           555360 kB
SwapCached:            0 kB
Active:           157380 kB
Inactive:         507428 kB
Active(anon):       3244 kB
Inactive(anon):    72764 kB
Active(file):     154136 kB
Inactive(file):   434664 kB
Unevictable:       19496 kB
Mlocked:           19496 kB
SwapTotal:       1996796 kB
SwapFree:        1996796 kB
Dirty:               276 kB
Writeback:             0 kB
AnonPages:         80088 kB
Mapped:            83112 kB
Shmem:              6376 kB
KReclaimable:      80720 kB
Slab:             312032 kB
SReclaimable:      80720 kB
SUnreclaim:       231312 kB
KernelStack:       10016 kB
PageTables:         2440 kB
NFS_Unstable:          0 kB
Bounce:                0 kB
WritebackTmp:          0 kB
CommitLimit:    34716468 kB
Committed_AS:     799596 kB
VmallocTotal:   34359738367 kB
VmallocUsed:       41728 kB
VmallocChunk:          0 kB
Percpu:           180864 kB
HardwareCorrupted:     0 kB
AnonHugePages:         0 kB
ShmemHugePages:        0 kB
ShmemPmdMapped:        0 kB
FileHugePages:         0 kB
FilePmdMapped:         0 kB
HugePages_Total:       0
HugePages_Free:        0
HugePages_Rsvd:        0
HugePages_Surp:        0
Hugepagesize:       2048 kB
Hugetlb:               0 kB
DirectMap4k:     2747200 kB
DirectMap2M:     5228544 kB
DirectMap1G:    58720256 kB

