MemTotal:       65439348 kB
MemFree:        63819132 kB
MemAvailable:   63877100 kB
Buffers:           52104 kB
Cached:           575776 kB
SwapCached:            0 kB
Active:           199376 kB
Inactive:         491276 kB
Active(anon):       3232 kB
Inactive(anon):    75020 kB
Active(file):     196144 kB
Inactive(file):   416256 kB
Unevictable:       19496 kB
Mlocked:           19496 kB
SwapTotal:       1996796 kB
SwapFree:        1996796 kB
Dirty:               876 kB
Writeback:             0 kB
AnonPages:         82244 kB
Mapped:            84468 kB
Shmem:              6380 kB
KReclaimable:      83756 kB
Slab:             318188 kB
SReclaimable:      83756 kB
SUnreclaim:       234432 kB
KernelStack:        9968 kB
PageTables:         1860 kB
NFS_Unstable:          0 kB
Bounce:                0 kB
WritebackTmp:          0 kB
CommitLimit:    34716468 kB
Committed_AS:     807648 kB
VmallocTotal:   34359738367 kB
VmallocUsed:       42712 kB
VmallocChunk:          0 kB
Percpu:           203136 kB
HardwareCorrupted:     0 kB
AnonHugePages:         0 kB
ShmemHugePages:        0 kB
ShmemPmdMapped:        0 kB
FileHugePages:         0 kB
FilePmdMapped:         0 kB
HugePages_Total:       0
HugePages_Free:        0
HugePages_Rsvd:        0
HugePages_Surp:        0
Hugepagesize:       2048 kB
Hugetlb:               0 kB
DirectMap4k:     2769728 kB
DirectMap2M:     5206016 kB
DirectMap1G:    58720256 kB

