MemTotal:       65439348 kB
MemFree:        63698572 kB
MemAvailable:   63813904 kB
Buffers:           59180 kB
Cached:           622940 kB
SwapCached:            0 kB
Active:           212064 kB
Inactive:         530840 kB
Active(anon):       3240 kB
Inactive(anon):    73044 kB
Active(file):     208824 kB
Inactive(file):   457796 kB
Unevictable:       19496 kB
Mlocked:           19496 kB
SwapTotal:       1996796 kB
SwapFree:        1996796 kB
Dirty:               708 kB
Writeback:             0 kB
AnonPages:         80312 kB
Mapped:            88532 kB
Shmem:              6376 kB
KReclaimable:      90044 kB
Slab:             328928 kB
SReclaimable:      90044 kB
SUnreclaim:       238884 kB
KernelStack:       10000 kB
PageTables:         2456 kB
NFS_Unstable:          0 kB
Bounce:                0 kB
WritebackTmp:          0 kB
CommitLimit:    34716468 kB
Committed_AS:     808036 kB
VmallocTotal:   34359738367 kB
VmallocUsed:       44792 kB
VmallocChunk:          0 kB
Percpu:           254400 kB
HardwareCorrupted:     0 kB
AnonHugePages:         0 kB
ShmemHugePages:        0 kB
ShmemPmdMapped:        0 kB
FileHugePages:         0 kB
FilePmdMapped:         0 kB
HugePages_Total:       0
HugePages_Free:        0
HugePages_Rsvd:        0
HugePages_Surp:        0
Hugepagesize:       2048 kB
Hugetlb:               0 kB
DirectMap4k:     2835264 kB
DirectMap2M:     5140480 kB
DirectMap1G:    58720256 kB

