MemTotal:       65439348 kB
MemFree:        63761648 kB
MemAvailable:   63843200 kB
Buffers:           55040 kB
Cached:           595216 kB
SwapCached:            0 kB
Active:           202992 kB
Inactive:         513148 kB
Active(anon):       3244 kB
Inactive(anon):    78136 kB
Active(file):     199748 kB
Inactive(file):   435012 kB
Unevictable:       19496 kB
Mlocked:           19496 kB
SwapTotal:       1996796 kB
SwapFree:        1996796 kB
Dirty:               656 kB
Writeback:             0 kB
AnonPages:         85448 kB
Mapped:            95792 kB
Shmem:              6380 kB
KReclaimable:      86208 kB
Slab:             322136 kB
SReclaimable:      86208 kB
SUnreclaim:       235928 kB
KernelStack:       10064 kB
PageTables:         2496 kB
NFS_Unstable:          0 kB
Bounce:                0 kB
WritebackTmp:          0 kB
CommitLimit:    34716468 kB
Committed_AS:     854040 kB
VmallocTotal:   34359738367 kB
VmallocUsed:       43896 kB
VmallocChunk:          0 kB
Percpu:           223680 kB
HardwareCorrupted:     0 kB
AnonHugePages:         0 kB
ShmemHugePages:        0 kB
ShmemPmdMapped:        0 kB
FileHugePages:         0 kB
FilePmdMapped:         0 kB
HugePages_Total:       0
HugePages_Free:        0
HugePages_Rsvd:        0
HugePages_Surp:        0
Hugepagesize:       2048 kB
Hugetlb:               0 kB
DirectMap4k:     2800448 kB
DirectMap2M:     5175296 kB
DirectMap1G:    58720256 kB

