MemTotal:       65439348 kB
MemFree:        63789264 kB
MemAvailable:   63859792 kB
Buffers:           53512 kB
Cached:           586236 kB
SwapCached:            0 kB
Active:           200800 kB
Inactive:         500004 kB
Active(anon):       3244 kB
Inactive(anon):    73288 kB
Active(file):     197556 kB
Inactive(file):   426716 kB
Unevictable:       19496 kB
Mlocked:           19496 kB
SwapTotal:       1996796 kB
SwapFree:        1996796 kB
Dirty:               144 kB
Writeback:             0 kB
AnonPages:         80572 kB
Mapped:            85592 kB
Shmem:              6376 kB
KReclaimable:      85136 kB
Slab:             319524 kB
SReclaimable:      85136 kB
SUnreclaim:       234388 kB
KernelStack:       10112 kB
PageTables:         2508 kB
NFS_Unstable:          0 kB
Bounce:                0 kB
WritebackTmp:          0 kB
CommitLimit:    34716468 kB
Committed_AS:     808040 kB
VmallocTotal:   34359738367 kB
VmallocUsed:       43404 kB
VmallocChunk:          0 kB
Percpu:           214656 kB
HardwareCorrupted:     0 kB
AnonHugePages:         0 kB
ShmemHugePages:        0 kB
ShmemPmdMapped:        0 kB
FileHugePages:         0 kB
FilePmdMapped:         0 kB
HugePages_Total:       0
HugePages_Free:        0
HugePages_Rsvd:        0
HugePages_Surp:        0
Hugepagesize:       2048 kB
Hugetlb:               0 kB
DirectMap4k:     2788160 kB
DirectMap2M:     5187584 kB
DirectMap1G:    58720256 kB

