MemTotal:       65439348 kB
MemFree:        63702372 kB
MemAvailable:   63813692 kB
Buffers:           58660 kB
Cached:           619696 kB
SwapCached:            0 kB
Active:           211568 kB
Inactive:         528380 kB
Active(anon):       3236 kB
Inactive(anon):    73836 kB
Active(file):     208332 kB
Inactive(file):   454544 kB
Unevictable:       19496 kB
Mlocked:           19496 kB
SwapTotal:       1996796 kB
SwapFree:        1996796 kB
Dirty:               696 kB
Writeback:             0 kB
AnonPages:         81176 kB
Mapped:            88320 kB
Shmem:              6376 kB
KReclaimable:      89512 kB
Slab:             329040 kB
SReclaimable:      89512 kB
SUnreclaim:       239528 kB
KernelStack:       10096 kB
PageTables:         2540 kB
NFS_Unstable:          0 kB
Bounce:                0 kB
WritebackTmp:          0 kB
CommitLimit:    34716468 kB
Committed_AS:     807652 kB
VmallocTotal:   34359738367 kB
VmallocUsed:       44968 kB
VmallocChunk:          0 kB
Percpu:           250752 kB
HardwareCorrupted:     0 kB
AnonHugePages:         0 kB
ShmemHugePages:        0 kB
ShmemPmdMapped:        0 kB
FileHugePages:         0 kB
FilePmdMapped:         0 kB
HugePages_Total:       0
HugePages_Free:        0
HugePages_Rsvd:        0
HugePages_Surp:        0
Hugepagesize:       2048 kB
Hugetlb:               0 kB
DirectMap4k:     2831168 kB
DirectMap2M:     5144576 kB
DirectMap1G:    58720256 kB

