MemTotal:       65439348 kB
MemFree:        64271964 kB
MemAvailable:   64001560 kB
Buffers:           37168 kB
Cached:           270424 kB
SwapCached:            0 kB
Active:           129984 kB
Inactive:         238068 kB
Active(anon):       3224 kB
Inactive(anon):    72728 kB
Active(file):     126760 kB
Inactive(file):   165340 kB
Unevictable:       19496 kB
Mlocked:           19496 kB
SwapTotal:       1996796 kB
SwapFree:        1996796 kB
Dirty:               840 kB
Writeback:             0 kB
AnonPages:         80032 kB
Mapped:            76124 kB
Shmem:              6376 kB
KReclaimable:      67612 kB
Slab:             290500 kB
SReclaimable:      67612 kB
SUnreclaim:       222888 kB
KernelStack:       10080 kB
PageTables:         2324 kB
NFS_Unstable:          0 kB
Bounce:                0 kB
WritebackTmp:          0 kB
CommitLimit:    34716468 kB
Committed_AS:     790360 kB
VmallocTotal:   34359738367 kB
VmallocUsed:       38596 kB
VmallocChunk:          0 kB
Percpu:            98304 kB
HardwareCorrupted:     0 kB
AnonHugePages:         0 kB
ShmemHugePages:        0 kB
ShmemPmdMapped:        0 kB
FileHugePages:         0 kB
FilePmdMapped:         0 kB
HugePages_Total:       0
HugePages_Free:        0
HugePages_Rsvd:        0
HugePages_Surp:        0
Hugepagesize:       2048 kB
Hugetlb:               0 kB
DirectMap4k:     2425664 kB
DirectMap2M:     5550080 kB
DirectMap1G:    58720256 kB

