MemTotal:       65439348 kB
MemFree:        64281432 kB
MemAvailable:   64004188 kB
Buffers:           36312 kB
Cached:           264892 kB
SwapCached:            0 kB
Active:           129112 kB
Inactive:         232304 kB
Active(anon):       3212 kB
Inactive(anon):    72492 kB
Active(file):     125900 kB
Inactive(file):   159812 kB
Unevictable:       19496 kB
Mlocked:           19496 kB
SwapTotal:       1996796 kB
SwapFree:        1996796 kB
Dirty:               880 kB
Writeback:             0 kB
AnonPages:         79768 kB
Mapped:            75556 kB
Shmem:              6376 kB
KReclaimable:      66712 kB
Slab:             288832 kB
SReclaimable:      66712 kB
SUnreclaim:       222120 kB
KernelStack:        9984 kB
PageTables:         2400 kB
NFS_Unstable:          0 kB
Bounce:                0 kB
WritebackTmp:          0 kB
CommitLimit:    34716468 kB
Committed_AS:     790356 kB
VmallocTotal:   34359738367 kB
VmallocUsed:       38532 kB
VmallocChunk:          0 kB
Percpu:            96576 kB
HardwareCorrupted:     0 kB
AnonHugePages:         0 kB
ShmemHugePages:        0 kB
ShmemPmdMapped:        0 kB
FileHugePages:         0 kB
FilePmdMapped:         0 kB
HugePages_Total:       0
HugePages_Free:        0
HugePages_Rsvd:        0
HugePages_Surp:        0
Hugepagesize:       2048 kB
Hugetlb:               0 kB
DirectMap4k:     2339648 kB
DirectMap2M:     5636096 kB
DirectMap1G:    58720256 kB

