MemTotal:       65439348 kB
MemFree:        64313788 kB
MemAvailable:   64011624 kB
Buffers:           31600 kB
Cached:           249828 kB
SwapCached:            0 kB
Active:           122752 kB
Inactive:         219356 kB
Active(anon):       3208 kB
Inactive(anon):    72948 kB
Active(file):     119544 kB
Inactive(file):   146408 kB
Unevictable:       19496 kB
Mlocked:           19496 kB
SwapTotal:       1996796 kB
SwapFree:        1996796 kB
Dirty:               588 kB
Writeback:             0 kB
AnonPages:         80340 kB
Mapped:            74520 kB
Shmem:              6376 kB
KReclaimable:      56388 kB
Slab:             276988 kB
SReclaimable:      56388 kB
SUnreclaim:       220600 kB
KernelStack:        9904 kB
PageTables:         2436 kB
NFS_Unstable:          0 kB
Bounce:                0 kB
WritebackTmp:          0 kB
CommitLimit:    34716468 kB
Committed_AS:     790352 kB
VmallocTotal:   34359738367 kB
VmallocUsed:       38356 kB
VmallocChunk:          0 kB
Percpu:            96576 kB
HardwareCorrupted:     0 kB
AnonHugePages:         0 kB
ShmemHugePages:        0 kB
ShmemPmdMapped:        0 kB
FileHugePages:         0 kB
FilePmdMapped:         0 kB
HugePages_Total:       0
HugePages_Free:        0
HugePages_Rsvd:        0
HugePages_Surp:        0
Hugepagesize:       2048 kB
Hugetlb:               0 kB
DirectMap4k:     2136896 kB
DirectMap2M:     5838848 kB
DirectMap1G:    58720256 kB

