MemTotal:       65439348 kB
MemFree:        63758812 kB
MemAvailable:   63841164 kB
Buffers:           55148 kB
Cached:           595808 kB
SwapCached:            0 kB
Active:           203104 kB
Inactive:         513932 kB
Active(anon):       3240 kB
Inactive(anon):    78332 kB
Active(file):     199864 kB
Inactive(file):   435600 kB
Unevictable:       19496 kB
Mlocked:           19496 kB
SwapTotal:       1996796 kB
SwapFree:        1996796 kB
Dirty:               864 kB
Writeback:             0 kB
AnonPages:         85576 kB
Mapped:            96004 kB
Shmem:              6380 kB
KReclaimable:      86400 kB
Slab:             322324 kB
SReclaimable:      86400 kB
SUnreclaim:       235924 kB
KernelStack:       10064 kB
PageTables:         2256 kB
NFS_Unstable:          0 kB
Bounce:                0 kB
WritebackTmp:          0 kB
CommitLimit:    34716468 kB
Committed_AS:     854040 kB
VmallocTotal:   34359738367 kB
VmallocUsed:       43928 kB
VmallocChunk:          0 kB
Percpu:           225024 kB
HardwareCorrupted:     0 kB
AnonHugePages:         0 kB
ShmemHugePages:        0 kB
ShmemPmdMapped:        0 kB
FileHugePages:         0 kB
FilePmdMapped:         0 kB
HugePages_Total:       0
HugePages_Free:        0
HugePages_Rsvd:        0
HugePages_Surp:        0
Hugepagesize:       2048 kB
Hugetlb:               0 kB
DirectMap4k:     2800448 kB
DirectMap2M:     5175296 kB
DirectMap1G:    58720256 kB

