MemTotal:       65439348 kB
MemFree:        63912932 kB
MemAvailable:   63923656 kB
Buffers:           46484 kB
Cached:           536896 kB
SwapCached:            0 kB
Active:           154788 kB
Inactive:         489076 kB
Active(anon):       3240 kB
Inactive(anon):    72724 kB
Active(file):     151548 kB
Inactive(file):   416352 kB
Unevictable:       19496 kB
Mlocked:           19496 kB
SwapTotal:       1996796 kB
SwapFree:        1996796 kB
Dirty:               668 kB
Writeback:             0 kB
AnonPages:         80088 kB
Mapped:            81736 kB
Shmem:              6376 kB
KReclaimable:      78268 kB
Slab:             307600 kB
SReclaimable:      78268 kB
SUnreclaim:       229332 kB
KernelStack:       10048 kB
PageTables:         2424 kB
NFS_Unstable:          0 kB
Bounce:                0 kB
WritebackTmp:          0 kB
CommitLimit:    34716468 kB
Committed_AS:     799588 kB
VmallocTotal:   34359738367 kB
VmallocUsed:       41180 kB
VmallocChunk:          0 kB
Percpu:           162240 kB
HardwareCorrupted:     0 kB
AnonHugePages:         0 kB
ShmemHugePages:        0 kB
ShmemPmdMapped:        0 kB
FileHugePages:         0 kB
FilePmdMapped:         0 kB
HugePages_Total:       0
HugePages_Free:        0
HugePages_Rsvd:        0
HugePages_Surp:        0
Hugepagesize:       2048 kB
Hugetlb:               0 kB
DirectMap4k:     2726720 kB
DirectMap2M:     5249024 kB
DirectMap1G:    58720256 kB

