MemTotal:       65439348 kB
MemFree:        63850252 kB
MemAvailable:   63891196 kB
Buffers:           50020 kB
Cached:           561772 kB
SwapCached:            0 kB
Active:           197300 kB
Inactive:         476464 kB
Active(anon):       3240 kB
Inactive(anon):    74208 kB
Active(file):     194060 kB
Inactive(file):   402256 kB
Unevictable:       19496 kB
Mlocked:           19496 kB
SwapTotal:       1996796 kB
SwapFree:        1996796 kB
Dirty:               660 kB
Writeback:             0 kB
AnonPages:         81164 kB
Mapped:            83692 kB
Shmem:              6376 kB
KReclaimable:      81880 kB
Slab:             313576 kB
SReclaimable:      81880 kB
SUnreclaim:       231696 kB
KernelStack:       10064 kB
PageTables:         2492 kB
NFS_Unstable:          0 kB
Bounce:                0 kB
WritebackTmp:          0 kB
CommitLimit:    34716468 kB
Committed_AS:     799200 kB
VmallocTotal:   34359738367 kB
VmallocUsed:       42132 kB
VmallocChunk:          0 kB
Percpu:           187584 kB
HardwareCorrupted:     0 kB
AnonHugePages:         0 kB
ShmemHugePages:        0 kB
ShmemPmdMapped:        0 kB
FileHugePages:         0 kB
FilePmdMapped:         0 kB
HugePages_Total:       0
HugePages_Free:        0
HugePages_Rsvd:        0
HugePages_Surp:        0
Hugepagesize:       2048 kB
Hugetlb:               0 kB
DirectMap4k:     2753344 kB
DirectMap2M:     5222400 kB
DirectMap1G:    58720256 kB

