MemTotal:       65439348 kB
MemFree:        64245964 kB
MemAvailable:   63988292 kB
Buffers:           38636 kB
Cached:           281176 kB
SwapCached:            0 kB
Active:           132320 kB
Inactive:         247468 kB
Active(anon):       3220 kB
Inactive(anon):    72272 kB
Active(file):     129100 kB
Inactive(file):   175196 kB
Unevictable:       19496 kB
Mlocked:           19496 kB
SwapTotal:       1996796 kB
SwapFree:        1996796 kB
Dirty:               460 kB
Writeback:             0 kB
AnonPages:         79604 kB
Mapped:            77100 kB
Shmem:              6376 kB
KReclaimable:      68684 kB
Slab:             293132 kB
SReclaimable:      68684 kB
SUnreclaim:       224448 kB
KernelStack:       10000 kB
PageTables:         2408 kB
NFS_Unstable:          0 kB
Bounce:                0 kB
WritebackTmp:          0 kB
CommitLimit:    34716468 kB
Committed_AS:     790748 kB
VmallocTotal:   34359738367 kB
VmallocUsed:       39112 kB
VmallocChunk:          0 kB
Percpu:           108672 kB
HardwareCorrupted:     0 kB
AnonHugePages:         0 kB
ShmemHugePages:        0 kB
ShmemPmdMapped:        0 kB
FileHugePages:         0 kB
FilePmdMapped:         0 kB
HugePages_Total:       0
HugePages_Free:        0
HugePages_Rsvd:        0
HugePages_Surp:        0
Hugepagesize:       2048 kB
Hugetlb:               0 kB
DirectMap4k:     2591552 kB
DirectMap2M:     5384192 kB
DirectMap1G:    58720256 kB

