MemTotal:       65439348 kB
MemFree:        63839192 kB
MemAvailable:   63888316 kB
Buffers:           51096 kB
Cached:           568444 kB
SwapCached:            0 kB
Active:           198368 kB
Inactive:         481804 kB
Active(anon):       3240 kB
Inactive(anon):    72876 kB
Active(file):     195128 kB
Inactive(file):   408928 kB
Unevictable:       19496 kB
Mlocked:           19496 kB
SwapTotal:       1996796 kB
SwapFree:        1996796 kB
Dirty:               708 kB
Writeback:             0 kB
AnonPages:         80196 kB
Mapped:            84016 kB
Shmem:              6376 kB
KReclaimable:      82756 kB
Slab:             313700 kB
SReclaimable:      82756 kB
SUnreclaim:       230944 kB
KernelStack:       10032 kB
PageTables:         2440 kB
NFS_Unstable:          0 kB
Bounce:                0 kB
WritebackTmp:          0 kB
CommitLimit:    34716468 kB
Committed_AS:     807780 kB
VmallocTotal:   34359738367 kB
VmallocUsed:       42100 kB
VmallocChunk:          0 kB
Percpu:           194688 kB
HardwareCorrupted:     0 kB
AnonHugePages:         0 kB
ShmemHugePages:        0 kB
ShmemPmdMapped:        0 kB
FileHugePages:         0 kB
FilePmdMapped:         0 kB
HugePages_Total:       0
HugePages_Free:        0
HugePages_Rsvd:        0
HugePages_Surp:        0
Hugepagesize:       2048 kB
Hugetlb:               0 kB
DirectMap4k:     2759488 kB
DirectMap2M:     5216256 kB
DirectMap1G:    58720256 kB

