MemTotal:       65439348 kB
MemFree:        63840856 kB
MemAvailable:   63887680 kB
Buffers:           50796 kB
Cached:           566556 kB
SwapCached:            0 kB
Active:           198072 kB
Inactive:         479820 kB
Active(anon):       3244 kB
Inactive(anon):    72780 kB
Active(file):     194828 kB
Inactive(file):   407040 kB
Unevictable:       19496 kB
Mlocked:           19496 kB
SwapTotal:       1996796 kB
SwapFree:        1996796 kB
Dirty:               740 kB
Writeback:             0 kB
AnonPages:         80136 kB
Mapped:            83916 kB
Shmem:              6376 kB
KReclaimable:      82532 kB
Slab:             313540 kB
SReclaimable:      82532 kB
SUnreclaim:       231008 kB
KernelStack:       10096 kB
PageTables:         2440 kB
NFS_Unstable:          0 kB
Bounce:                0 kB
WritebackTmp:          0 kB
CommitLimit:    34716468 kB
Committed_AS:     807784 kB
VmallocTotal:   34359738367 kB
VmallocUsed:       42180 kB
VmallocChunk:          0 kB
Percpu:           192960 kB
HardwareCorrupted:     0 kB
AnonHugePages:         0 kB
ShmemHugePages:        0 kB
ShmemPmdMapped:        0 kB
FileHugePages:         0 kB
FilePmdMapped:         0 kB
HugePages_Total:       0
HugePages_Free:        0
HugePages_Rsvd:        0
HugePages_Surp:        0
Hugepagesize:       2048 kB
Hugetlb:               0 kB
DirectMap4k:     2759488 kB
DirectMap2M:     5216256 kB
DirectMap1G:    58720256 kB

