MemTotal:       65439348 kB
MemFree:        63768568 kB
MemAvailable:   63848776 kB
Buffers:           54868 kB
Cached:           594092 kB
SwapCached:            0 kB
Active:           202820 kB
Inactive:         512028 kB
Active(anon):       3248 kB
Inactive(anon):    78148 kB
Active(file):     199572 kB
Inactive(file):   433880 kB
Unevictable:       19496 kB
Mlocked:           19496 kB
SwapTotal:       1996796 kB
SwapFree:        1996796 kB
Dirty:                12 kB
Writeback:             0 kB
AnonPages:         85516 kB
Mapped:            95652 kB
Shmem:              6380 kB
KReclaimable:      86132 kB
Slab:             321560 kB
SReclaimable:      86132 kB
SUnreclaim:       235428 kB
KernelStack:       10032 kB
PageTables:         2612 kB
NFS_Unstable:          0 kB
Bounce:                0 kB
WritebackTmp:          0 kB
CommitLimit:    34716468 kB
Committed_AS:     854428 kB
VmallocTotal:   34359738367 kB
VmallocUsed:       43332 kB
VmallocChunk:          0 kB
Percpu:           222528 kB
HardwareCorrupted:     0 kB
AnonHugePages:         0 kB
ShmemHugePages:        0 kB
ShmemPmdMapped:        0 kB
FileHugePages:         0 kB
FilePmdMapped:         0 kB
HugePages_Total:       0
HugePages_Free:        0
HugePages_Rsvd:        0
HugePages_Surp:        0
Hugepagesize:       2048 kB
Hugetlb:               0 kB
DirectMap4k:     2796352 kB
DirectMap2M:     5179392 kB
DirectMap1G:    58720256 kB

