MemTotal:       65439348 kB
MemFree:        64164060 kB
MemAvailable:   63950852 kB
Buffers:           42880 kB
Cached:           319492 kB
SwapCached:            0 kB
Active:           138328 kB
Inactive:         292156 kB
Active(anon):       3264 kB
Inactive(anon):    80348 kB
Active(file):     135064 kB
Inactive(file):   211808 kB
Unevictable:       19496 kB
Mlocked:           19496 kB
SwapTotal:       1996796 kB
SwapFree:        1996796 kB
Dirty:               660 kB
Writeback:             0 kB
AnonPages:         87772 kB
Mapped:            89224 kB
Shmem:              6376 kB
KReclaimable:      72460 kB
Slab:             299640 kB
SReclaimable:      72460 kB
SUnreclaim:       227180 kB
KernelStack:       10176 kB
PageTables:         2500 kB
NFS_Unstable:          0 kB
Bounce:                0 kB
WritebackTmp:          0 kB
CommitLimit:    34716468 kB
Committed_AS:     838004 kB
VmallocTotal:   34359738367 kB
VmallocUsed:       40248 kB
VmallocChunk:          0 kB
Percpu:           135744 kB
HardwareCorrupted:     0 kB
AnonHugePages:         0 kB
ShmemHugePages:        0 kB
ShmemPmdMapped:        0 kB
FileHugePages:         0 kB
FilePmdMapped:         0 kB
HugePages_Total:       0
HugePages_Free:        0
HugePages_Rsvd:        0
HugePages_Surp:        0
Hugepagesize:       2048 kB
Hugetlb:               0 kB
DirectMap4k:     2693952 kB
DirectMap2M:     5281792 kB
DirectMap1G:    58720256 kB

