MemTotal:       65439348 kB
MemFree:        63721096 kB
MemAvailable:   63822424 kB
Buffers:           57556 kB
Cached:           611360 kB
SwapCached:            0 kB
Active:           205508 kB
Inactive:         529516 kB
Active(anon):       3248 kB
Inactive(anon):    78360 kB
Active(file):     202260 kB
Inactive(file):   451156 kB
Unevictable:       19496 kB
Mlocked:           19496 kB
SwapTotal:       1996796 kB
SwapFree:        1996796 kB
Dirty:               220 kB
Writeback:             0 kB
AnonPages:         85728 kB
Mapped:            97160 kB
Shmem:              6380 kB
KReclaimable:      88448 kB
Slab:             325008 kB
SReclaimable:      88448 kB
SUnreclaim:       236560 kB
KernelStack:       10160 kB
PageTables:         2616 kB
NFS_Unstable:          0 kB
Bounce:                0 kB
WritebackTmp:          0 kB
CommitLimit:    34716468 kB
Committed_AS:     854424 kB
VmallocTotal:   34359738367 kB
VmallocUsed:       44588 kB
VmallocChunk:          0 kB
Percpu:           241920 kB
HardwareCorrupted:     0 kB
AnonHugePages:         0 kB
ShmemHugePages:        0 kB
ShmemPmdMapped:        0 kB
FileHugePages:         0 kB
FilePmdMapped:         0 kB
HugePages_Total:       0
HugePages_Free:        0
HugePages_Rsvd:        0
HugePages_Surp:        0
Hugepagesize:       2048 kB
Hugetlb:               0 kB
DirectMap4k:     2818880 kB
DirectMap2M:     5156864 kB
DirectMap1G:    58720256 kB

