MemTotal:       65439348 kB
MemFree:        64297304 kB
MemAvailable:   64010444 kB
Buffers:           35136 kB
Cached:           256984 kB
SwapCached:            0 kB
Active:           127900 kB
Inactive:         226236 kB
Active(anon):       3216 kB
Inactive(anon):    74332 kB
Active(file):     124684 kB
Inactive(file):   151904 kB
Unevictable:       19496 kB
Mlocked:           19496 kB
SwapTotal:       1996796 kB
SwapFree:        1996796 kB
Dirty:               704 kB
Writeback:             0 kB
AnonPages:         81156 kB
Mapped:            75432 kB
Shmem:              6376 kB
KReclaimable:      65728 kB
Slab:             286792 kB
SReclaimable:      65728 kB
SUnreclaim:       221064 kB
KernelStack:       10112 kB
PageTables:         2292 kB
NFS_Unstable:          0 kB
Bounce:                0 kB
WritebackTmp:          0 kB
CommitLimit:    34716468 kB
Committed_AS:     790356 kB
VmallocTotal:   34359738367 kB
VmallocUsed:       38420 kB
VmallocChunk:          0 kB
Percpu:            96576 kB
HardwareCorrupted:     0 kB
AnonHugePages:         0 kB
ShmemHugePages:        0 kB
ShmemPmdMapped:        0 kB
FileHugePages:         0 kB
FilePmdMapped:         0 kB
HugePages_Total:       0
HugePages_Free:        0
HugePages_Rsvd:        0
HugePages_Surp:        0
Hugepagesize:       2048 kB
Hugetlb:               0 kB
DirectMap4k:     2208576 kB
DirectMap2M:     5767168 kB
DirectMap1G:    58720256 kB

