MemTotal:       65439348 kB
MemFree:        63895528 kB
MemAvailable:   63895908 kB
Buffers:           45228 kB
Cached:           528336 kB
SwapCached:            0 kB
Active:           152304 kB
Inactive:         521648 kB
Active(anon):       3264 kB
Inactive(anon):   112612 kB
Active(file):     149040 kB
Inactive(file):   409036 kB
Unevictable:       19496 kB
Mlocked:           19496 kB
SwapTotal:       1996796 kB
SwapFree:        1996796 kB
Dirty:               656 kB
Writeback:             0 kB
AnonPages:        120200 kB
Mapped:           122260 kB
Shmem:              6388 kB
KReclaimable:      77228 kB
Slab:             306364 kB
SReclaimable:      77228 kB
SUnreclaim:       229136 kB
KernelStack:       10368 kB
PageTables:         3516 kB
NFS_Unstable:          0 kB
Bounce:                0 kB
WritebackTmp:          0 kB
CommitLimit:    34716468 kB
Committed_AS:     888576 kB
VmallocTotal:   34359738367 kB
VmallocUsed:       40676 kB
VmallocChunk:          0 kB
Percpu:           153216 kB
HardwareCorrupted:     0 kB
AnonHugePages:         0 kB
ShmemHugePages:        0 kB
ShmemPmdMapped:        0 kB
FileHugePages:         0 kB
FilePmdMapped:         0 kB
HugePages_Total:       0
HugePages_Free:        0
HugePages_Rsvd:        0
HugePages_Surp:        0
Hugepagesize:       2048 kB
Hugetlb:               0 kB
DirectMap4k:     2714432 kB
DirectMap2M:     5261312 kB
DirectMap1G:    58720256 kB

