MemTotal:       65439348 kB
MemFree:        64242204 kB
MemAvailable:   63987252 kB
Buffers:           38968 kB
Cached:           283404 kB
SwapCached:            0 kB
Active:           132684 kB
Inactive:         249884 kB
Active(anon):       3220 kB
Inactive(anon):    72452 kB
Active(file):     129464 kB
Inactive(file):   177432 kB
Unevictable:       19496 kB
Mlocked:           19496 kB
SwapTotal:       1996796 kB
SwapFree:        1996796 kB
Dirty:               668 kB
Writeback:             0 kB
AnonPages:         79728 kB
Mapped:            77280 kB
Shmem:              6376 kB
KReclaimable:      68928 kB
Slab:             293176 kB
SReclaimable:      68928 kB
SUnreclaim:       224248 kB
KernelStack:       10032 kB
PageTables:         2408 kB
NFS_Unstable:          0 kB
Bounce:                0 kB
WritebackTmp:          0 kB
CommitLimit:    34716468 kB
Committed_AS:     790620 kB
VmallocTotal:   34359738367 kB
VmallocUsed:       39048 kB
VmallocChunk:          0 kB
Percpu:           110976 kB
HardwareCorrupted:     0 kB
AnonHugePages:         0 kB
ShmemHugePages:        0 kB
ShmemPmdMapped:        0 kB
FileHugePages:         0 kB
FilePmdMapped:         0 kB
HugePages_Total:       0
HugePages_Free:        0
HugePages_Rsvd:        0
HugePages_Surp:        0
Hugepagesize:       2048 kB
Hugetlb:               0 kB
DirectMap4k:     2630464 kB
DirectMap2M:     5345280 kB
DirectMap1G:    58720256 kB

