MemTotal:       65439348 kB
MemFree:        63818448 kB
MemAvailable:   63874484 kB
Buffers:           51884 kB
Cached:           574176 kB
SwapCached:            0 kB
Active:           199172 kB
Inactive:         489756 kB
Active(anon):       3248 kB
Inactive(anon):    75100 kB
Active(file):     195924 kB
Inactive(file):   414656 kB
Unevictable:       19496 kB
Mlocked:           19496 kB
SwapTotal:       1996796 kB
SwapFree:        1996796 kB
Dirty:               700 kB
Writeback:             0 kB
AnonPages:         82424 kB
Mapped:            84884 kB
Shmem:              6376 kB
KReclaimable:      83532 kB
Slab:             316820 kB
SReclaimable:      83532 kB
SUnreclaim:       233288 kB
KernelStack:       10112 kB
PageTables:         2308 kB
NFS_Unstable:          0 kB
Bounce:                0 kB
WritebackTmp:          0 kB
CommitLimit:    34716468 kB
Committed_AS:     807648 kB
VmallocTotal:   34359738367 kB
VmallocUsed:       42856 kB
VmallocChunk:          0 kB
Percpu:           201408 kB
HardwareCorrupted:     0 kB
AnonHugePages:         0 kB
ShmemHugePages:        0 kB
ShmemPmdMapped:        0 kB
FileHugePages:         0 kB
FilePmdMapped:         0 kB
HugePages_Total:       0
HugePages_Free:        0
HugePages_Rsvd:        0
HugePages_Surp:        0
Hugepagesize:       2048 kB
Hugetlb:               0 kB
DirectMap4k:     2769728 kB
DirectMap2M:     5206016 kB
DirectMap1G:    58720256 kB

