MemTotal:       65439348 kB
MemFree:        64171192 kB
MemAvailable:   63953216 kB
Buffers:           42220 kB
Cached:           315624 kB
SwapCached:            0 kB
Active:           137644 kB
Inactive:         288032 kB
Active(anon):       3260 kB
Inactive(anon):    80080 kB
Active(file):     134384 kB
Inactive(file):   207952 kB
Unevictable:       19496 kB
Mlocked:           19496 kB
SwapTotal:       1996796 kB
SwapFree:        1996796 kB
Dirty:               688 kB
Writeback:             0 kB
AnonPages:         86956 kB
Mapped:            88952 kB
Shmem:              6384 kB
KReclaimable:      72000 kB
Slab:             299220 kB
SReclaimable:      72000 kB
SUnreclaim:       227220 kB
KernelStack:       10144 kB
PageTables:         2700 kB
NFS_Unstable:          0 kB
Bounce:                0 kB
WritebackTmp:          0 kB
CommitLimit:    34716468 kB
Committed_AS:     837616 kB
VmallocTotal:   34359738367 kB
VmallocUsed:       39636 kB
VmallocChunk:          0 kB
Percpu:           131520 kB
HardwareCorrupted:     0 kB
AnonHugePages:         0 kB
ShmemHugePages:        0 kB
ShmemPmdMapped:        0 kB
FileHugePages:         0 kB
FilePmdMapped:         0 kB
HugePages_Total:       0
HugePages_Free:        0
HugePages_Rsvd:        0
HugePages_Surp:        0
Hugepagesize:       2048 kB
Hugetlb:               0 kB
DirectMap4k:     2687808 kB
DirectMap2M:     5287936 kB
DirectMap1G:    58720256 kB

