MemTotal:       65439348 kB
MemFree:        64168692 kB
MemAvailable:   63955304 kB
Buffers:           42852 kB
Cached:           319336 kB
SwapCached:            0 kB
Active:           138272 kB
Inactive:         290176 kB
Active(anon):       3244 kB
Inactive(anon):    78508 kB
Active(file):     135028 kB
Inactive(file):   211668 kB
Unevictable:       19496 kB
Mlocked:           19496 kB
SwapTotal:       1996796 kB
SwapFree:        1996796 kB
Dirty:               740 kB
Writeback:             0 kB
AnonPages:         85848 kB
Mapped:            88688 kB
Shmem:              6380 kB
KReclaimable:      72456 kB
Slab:             299352 kB
SReclaimable:      72456 kB
SUnreclaim:       226896 kB
KernelStack:       10064 kB
PageTables:         2628 kB
NFS_Unstable:          0 kB
Bounce:                0 kB
WritebackTmp:          0 kB
CommitLimit:    34716468 kB
Committed_AS:     838000 kB
VmallocTotal:   34359738367 kB
VmallocUsed:       40056 kB
VmallocChunk:          0 kB
Percpu:           135744 kB
HardwareCorrupted:     0 kB
AnonHugePages:         0 kB
ShmemHugePages:        0 kB
ShmemPmdMapped:        0 kB
FileHugePages:         0 kB
FilePmdMapped:         0 kB
HugePages_Total:       0
HugePages_Free:        0
HugePages_Rsvd:        0
HugePages_Surp:        0
Hugepagesize:       2048 kB
Hugetlb:               0 kB
DirectMap4k:     2693952 kB
DirectMap2M:     5281792 kB
DirectMap1G:    58720256 kB

