MemTotal:       65439348 kB
MemFree:        63708716 kB
MemAvailable:   63817124 kB
Buffers:           58380 kB
Cached:           617212 kB
SwapCached:            0 kB
Active:           211304 kB
Inactive:         526984 kB
Active(anon):       3252 kB
Inactive(anon):    74924 kB
Active(file):     208052 kB
Inactive(file):   452060 kB
Unevictable:       19496 kB
Mlocked:           19496 kB
SwapTotal:       1996796 kB
SwapFree:        1996796 kB
Dirty:               644 kB
Writeback:             0 kB
AnonPages:         82372 kB
Mapped:            88216 kB
Shmem:              6380 kB
KReclaimable:      89216 kB
Slab:             327080 kB
SReclaimable:      89216 kB
SUnreclaim:       237864 kB
KernelStack:       10160 kB
PageTables:         2464 kB
NFS_Unstable:          0 kB
Bounce:                0 kB
WritebackTmp:          0 kB
CommitLimit:    34716468 kB
Committed_AS:     807652 kB
VmallocTotal:   34359738367 kB
VmallocUsed:       44824 kB
VmallocChunk:          0 kB
Percpu:           248448 kB
HardwareCorrupted:     0 kB
AnonHugePages:         0 kB
ShmemHugePages:        0 kB
ShmemPmdMapped:        0 kB
FileHugePages:         0 kB
FilePmdMapped:         0 kB
HugePages_Total:       0
HugePages_Free:        0
HugePages_Rsvd:        0
HugePages_Surp:        0
Hugepagesize:       2048 kB
Hugetlb:               0 kB
DirectMap4k:     2825024 kB
DirectMap2M:     5150720 kB
DirectMap1G:    58720256 kB

