MemTotal:       65439348 kB
MemFree:        63790964 kB
MemAvailable:   63859712 kB
Buffers:           53296 kB
Cached:           584756 kB
SwapCached:            0 kB
Active:           200592 kB
Inactive:         499412 kB
Active(anon):       3252 kB
Inactive(anon):    74176 kB
Active(file):     197340 kB
Inactive(file):   425236 kB
Unevictable:       19496 kB
Mlocked:           19496 kB
SwapTotal:       1996796 kB
SwapFree:        1996796 kB
Dirty:               664 kB
Writeback:             0 kB
AnonPages:         81564 kB
Mapped:            86008 kB
Shmem:              6376 kB
KReclaimable:      84968 kB
Slab:             319192 kB
SReclaimable:      84968 kB
SUnreclaim:       234224 kB
KernelStack:       10128 kB
PageTables:         2328 kB
NFS_Unstable:          0 kB
Bounce:                0 kB
WritebackTmp:          0 kB
CommitLimit:    34716468 kB
Committed_AS:     807652 kB
VmallocTotal:   34359738367 kB
VmallocUsed:       43308 kB
VmallocChunk:          0 kB
Percpu:           212928 kB
HardwareCorrupted:     0 kB
AnonHugePages:         0 kB
ShmemHugePages:        0 kB
ShmemPmdMapped:        0 kB
FileHugePages:         0 kB
FilePmdMapped:         0 kB
HugePages_Total:       0
HugePages_Free:        0
HugePages_Rsvd:        0
HugePages_Surp:        0
Hugepagesize:       2048 kB
Hugetlb:               0 kB
DirectMap4k:     2784064 kB
DirectMap2M:     5191680 kB
DirectMap1G:    58720256 kB

