MemTotal:       65439348 kB
MemFree:        64154560 kB
MemAvailable:   63943808 kB
Buffers:           43188 kB
Cached:           321504 kB
SwapCached:            0 kB
Active:           138940 kB
Inactive:         293532 kB
Active(anon):       3252 kB
Inactive(anon):    80008 kB
Active(file):     135688 kB
Inactive(file):   213524 kB
Unevictable:       19496 kB
Mlocked:           19496 kB
SwapTotal:       1996796 kB
SwapFree:        1996796 kB
Dirty:               204 kB
Writeback:             0 kB
AnonPages:         86904 kB
Mapped:            89128 kB
Shmem:              6380 kB
KReclaimable:      72692 kB
Slab:             300268 kB
SReclaimable:      72692 kB
SUnreclaim:       227576 kB
KernelStack:       10224 kB
PageTables:         3088 kB
NFS_Unstable:          0 kB
Bounce:                0 kB
WritebackTmp:          0 kB
CommitLimit:    34716468 kB
Committed_AS:     838004 kB
VmallocTotal:   34359738367 kB
VmallocUsed:       40280 kB
VmallocChunk:          0 kB
Percpu:           138240 kB
HardwareCorrupted:     0 kB
AnonHugePages:         0 kB
ShmemHugePages:        0 kB
ShmemPmdMapped:        0 kB
FileHugePages:         0 kB
FilePmdMapped:         0 kB
HugePages_Total:       0
HugePages_Free:        0
HugePages_Rsvd:        0
HugePages_Surp:        0
Hugepagesize:       2048 kB
Hugetlb:               0 kB
DirectMap4k:     2696000 kB
DirectMap2M:     5279744 kB
DirectMap1G:    58720256 kB

