MemTotal:       65439348 kB
MemFree:        63897136 kB
MemAvailable:   63916276 kB
Buffers:           47476 kB
Cached:           543860 kB
SwapCached:            0 kB
Active:           155784 kB
Inactive:         496048 kB
Active(anon):       3244 kB
Inactive(anon):    72728 kB
Active(file):     152540 kB
Inactive(file):   423320 kB
Unevictable:       19496 kB
Mlocked:           19496 kB
SwapTotal:       1996796 kB
SwapFree:        1996796 kB
Dirty:               264 kB
Writeback:             0 kB
AnonPages:         80096 kB
Mapped:            82272 kB
Shmem:              6376 kB
KReclaimable:      79180 kB
Slab:             308716 kB
SReclaimable:      79180 kB
SUnreclaim:       229536 kB
KernelStack:       10080 kB
PageTables:         2428 kB
NFS_Unstable:          0 kB
Bounce:                0 kB
WritebackTmp:          0 kB
CommitLimit:    34716468 kB
Committed_AS:     799588 kB
VmallocTotal:   34359738367 kB
VmallocUsed:       41132 kB
VmallocChunk:          0 kB
Percpu:           170112 kB
HardwareCorrupted:     0 kB
AnonHugePages:         0 kB
ShmemHugePages:        0 kB
ShmemPmdMapped:        0 kB
FileHugePages:         0 kB
FilePmdMapped:         0 kB
HugePages_Total:       0
HugePages_Free:        0
HugePages_Rsvd:        0
HugePages_Surp:        0
Hugepagesize:       2048 kB
Hugetlb:               0 kB
DirectMap4k:     2734912 kB
DirectMap2M:     5240832 kB
DirectMap1G:    58720256 kB

