MemTotal:       65439348 kB
MemFree:        64132984 kB
MemAvailable:   63934264 kB
Buffers:           44644 kB
Cached:           331296 kB
SwapCached:            0 kB
Active:           140388 kB
Inactive:         303328 kB
Active(anon):       3236 kB
Inactive(anon):    80024 kB
Active(file):     137152 kB
Inactive(file):   223304 kB
Unevictable:       19496 kB
Mlocked:           19496 kB
SwapTotal:       1996796 kB
SwapFree:        1996796 kB
Dirty:               724 kB
Writeback:             0 kB
AnonPages:         87264 kB
Mapped:            89960 kB
Shmem:              6384 kB
KReclaimable:      74268 kB
Slab:             303052 kB
SReclaimable:      74268 kB
SUnreclaim:       228784 kB
KernelStack:       10048 kB
PageTables:         2404 kB
NFS_Unstable:          0 kB
Bounce:                0 kB
WritebackTmp:          0 kB
CommitLimit:    34716468 kB
Committed_AS:     837876 kB
VmallocTotal:   34359738367 kB
VmallocUsed:       40812 kB
VmallocChunk:          0 kB
Percpu:           148992 kB
HardwareCorrupted:     0 kB
AnonHugePages:         0 kB
ShmemHugePages:        0 kB
ShmemPmdMapped:        0 kB
FileHugePages:         0 kB
FilePmdMapped:         0 kB
HugePages_Total:       0
HugePages_Free:        0
HugePages_Rsvd:        0
HugePages_Surp:        0
Hugepagesize:       2048 kB
Hugetlb:               0 kB
DirectMap4k:     2710336 kB
DirectMap2M:     5265408 kB
DirectMap1G:    58720256 kB

