MemTotal:       65439348 kB
MemFree:        63726100 kB
MemAvailable:   63823872 kB
Buffers:           57152 kB
Cached:           608400 kB
SwapCached:            0 kB
Active:           205116 kB
Inactive:         526376 kB
Active(anon):       3248 kB
Inactive(anon):    78184 kB
Active(file):     201868 kB
Inactive(file):   448192 kB
Unevictable:       19496 kB
Mlocked:           19496 kB
SwapTotal:       1996796 kB
SwapFree:        1996796 kB
Dirty:               144 kB
Writeback:             0 kB
AnonPages:         85540 kB
Mapped:            96888 kB
Shmem:              6380 kB
KReclaimable:      88044 kB
Slab:             325464 kB
SReclaimable:      88044 kB
SUnreclaim:       237420 kB
KernelStack:       10176 kB
PageTables:         2616 kB
NFS_Unstable:          0 kB
Bounce:                0 kB
WritebackTmp:          0 kB
CommitLimit:    34716468 kB
Committed_AS:     854428 kB
VmallocTotal:   34359738367 kB
VmallocUsed:       44668 kB
VmallocChunk:          0 kB
Percpu:           238848 kB
HardwareCorrupted:     0 kB
AnonHugePages:         0 kB
ShmemHugePages:        0 kB
ShmemPmdMapped:        0 kB
FileHugePages:         0 kB
FilePmdMapped:         0 kB
HugePages_Total:       0
HugePages_Free:        0
HugePages_Rsvd:        0
HugePages_Surp:        0
Hugepagesize:       2048 kB
Hugetlb:               0 kB
DirectMap4k:     2816832 kB
DirectMap2M:     5158912 kB
DirectMap1G:    58720256 kB

