MemTotal:       65439348 kB
MemFree:        64184056 kB
MemAvailable:   63961380 kB
Buffers:           41672 kB
Cached:           311728 kB
SwapCached:            0 kB
Active:           137104 kB
Inactive:         282528 kB
Active(anon):       3244 kB
Inactive(anon):    78468 kB
Active(file):     133860 kB
Inactive(file):   204060 kB
Unevictable:       19496 kB
Mlocked:           19496 kB
SwapTotal:       1996796 kB
SwapFree:        1996796 kB
Dirty:               648 kB
Writeback:             0 kB
AnonPages:         85744 kB
Mapped:            88152 kB
Shmem:              6380 kB
KReclaimable:      71432 kB
Slab:             297296 kB
SReclaimable:      71432 kB
SUnreclaim:       225864 kB
KernelStack:       10144 kB
PageTables:         2420 kB
NFS_Unstable:          0 kB
Bounce:                0 kB
WritebackTmp:          0 kB
CommitLimit:    34716468 kB
Committed_AS:     837612 kB
VmallocTotal:   34359738367 kB
VmallocUsed:       39572 kB
VmallocChunk:          0 kB
Percpu:           127296 kB
HardwareCorrupted:     0 kB
AnonHugePages:         0 kB
ShmemHugePages:        0 kB
ShmemPmdMapped:        0 kB
FileHugePages:         0 kB
FilePmdMapped:         0 kB
HugePages_Total:       0
HugePages_Free:        0
HugePages_Rsvd:        0
HugePages_Surp:        0
Hugepagesize:       2048 kB
Hugetlb:               0 kB
DirectMap4k:     2675520 kB
DirectMap2M:     5300224 kB
DirectMap1G:    58720256 kB

