MemTotal:       65439348 kB
MemFree:        63904976 kB
MemAvailable:   63919956 kB
Buffers:           47020 kB
Cached:           540404 kB
SwapCached:            0 kB
Active:           155344 kB
Inactive:         495852 kB
Active(anon):       3264 kB
Inactive(anon):    75992 kB
Active(file):     152080 kB
Inactive(file):   419860 kB
Unevictable:       19496 kB
Mlocked:           19496 kB
SwapTotal:       1996796 kB
SwapFree:        1996796 kB
Dirty:               688 kB
Writeback:             0 kB
AnonPages:         84008 kB
Mapped:            82856 kB
Shmem:              6376 kB
KReclaimable:      78704 kB
Slab:             309532 kB
SReclaimable:      78704 kB
SUnreclaim:       230828 kB
KernelStack:       10096 kB
PageTables:         2816 kB
NFS_Unstable:          0 kB
Bounce:                0 kB
WritebackTmp:          0 kB
CommitLimit:    34716468 kB
Committed_AS:     799588 kB
VmallocTotal:   34359738367 kB
VmallocUsed:       41164 kB
VmallocChunk:          0 kB
Percpu:           166464 kB
HardwareCorrupted:     0 kB
AnonHugePages:         0 kB
ShmemHugePages:        0 kB
ShmemPmdMapped:        0 kB
FileHugePages:         0 kB
FilePmdMapped:         0 kB
HugePages_Total:       0
HugePages_Free:        0
HugePages_Rsvd:        0
HugePages_Surp:        0
Hugepagesize:       2048 kB
Hugetlb:               0 kB
DirectMap4k:     2730816 kB
DirectMap2M:     5244928 kB
DirectMap1G:    58720256 kB

