MemTotal:       65439348 kB
MemFree:        63919828 kB
MemAvailable:   63927456 kB
Buffers:           46092 kB
Cached:           534308 kB
SwapCached:            0 kB
Active:           154396 kB
Inactive:         486456 kB
Active(anon):       3240 kB
Inactive(anon):    72688 kB
Active(file):     151156 kB
Inactive(file):   413768 kB
Unevictable:       19496 kB
Mlocked:           19496 kB
SwapTotal:       1996796 kB
SwapFree:        1996796 kB
Dirty:               160 kB
Writeback:             0 kB
AnonPages:         80056 kB
Mapped:            81492 kB
Shmem:              6376 kB
KReclaimable:      78032 kB
Slab:             306572 kB
SReclaimable:      78032 kB
SUnreclaim:       228540 kB
KernelStack:       10080 kB
PageTables:         2428 kB
NFS_Unstable:          0 kB
Bounce:                0 kB
WritebackTmp:          0 kB
CommitLimit:    34716468 kB
Committed_AS:     799588 kB
VmallocTotal:   34359738367 kB
VmallocUsed:       41340 kB
VmallocChunk:          0 kB
Percpu:           159936 kB
HardwareCorrupted:     0 kB
AnonHugePages:         0 kB
ShmemHugePages:        0 kB
ShmemPmdMapped:        0 kB
FileHugePages:         0 kB
FilePmdMapped:         0 kB
HugePages_Total:       0
HugePages_Free:        0
HugePages_Rsvd:        0
HugePages_Surp:        0
Hugepagesize:       2048 kB
Hugetlb:               0 kB
DirectMap4k:     2720576 kB
DirectMap2M:     5255168 kB
DirectMap1G:    58720256 kB

