MemTotal:       65439348 kB
MemFree:        64268224 kB
MemAvailable:   64000220 kB
Buffers:           37576 kB
Cached:           272300 kB
SwapCached:            0 kB
Active:           130396 kB
Inactive:         240624 kB
Active(anon):       3212 kB
Inactive(anon):    73408 kB
Active(file):     127184 kB
Inactive(file):   167216 kB
Unevictable:       19496 kB
Mlocked:           19496 kB
SwapTotal:       1996796 kB
SwapFree:        1996796 kB
Dirty:               528 kB
Writeback:             0 kB
AnonPages:         80852 kB
Mapped:            77364 kB
Shmem:              6376 kB
KReclaimable:      67812 kB
Slab:             291112 kB
SReclaimable:      67812 kB
SUnreclaim:       223300 kB
KernelStack:       10096 kB
PageTables:         2368 kB
NFS_Unstable:          0 kB
Bounce:                0 kB
WritebackTmp:          0 kB
CommitLimit:    34716468 kB
Committed_AS:     790352 kB
VmallocTotal:   34359738367 kB
VmallocUsed:       38420 kB
VmallocChunk:          0 kB
Percpu:           100224 kB
HardwareCorrupted:     0 kB
AnonHugePages:         0 kB
ShmemHugePages:        0 kB
ShmemPmdMapped:        0 kB
FileHugePages:         0 kB
FilePmdMapped:         0 kB
HugePages_Total:       0
HugePages_Free:        0
HugePages_Rsvd:        0
HugePages_Surp:        0
Hugepagesize:       2048 kB
Hugetlb:               0 kB
DirectMap4k:     2458432 kB
DirectMap2M:     5517312 kB
DirectMap1G:    58720256 kB

