MemTotal:       65439348 kB
MemFree:        63927092 kB
MemAvailable:   63929280 kB
Buffers:           45460 kB
Cached:           529820 kB
SwapCached:            0 kB
Active:           153764 kB
Inactive:         482096 kB
Active(anon):       3240 kB
Inactive(anon):    72820 kB
Active(file):     150524 kB
Inactive(file):   409276 kB
Unevictable:       19496 kB
Mlocked:           19496 kB
SwapTotal:       1996796 kB
SwapFree:        1996796 kB
Dirty:               752 kB
Writeback:             0 kB
AnonPages:         80132 kB
Mapped:            81232 kB
Shmem:              6376 kB
KReclaimable:      77396 kB
Slab:             307188 kB
SReclaimable:      77396 kB
SUnreclaim:       229792 kB
KernelStack:       10048 kB
PageTables:         2420 kB
NFS_Unstable:          0 kB
Bounce:                0 kB
WritebackTmp:          0 kB
CommitLimit:    34716468 kB
Committed_AS:     791396 kB
VmallocTotal:   34359738367 kB
VmallocUsed:       40676 kB
VmallocChunk:          0 kB
Percpu:           154368 kB
HardwareCorrupted:     0 kB
AnonHugePages:         0 kB
ShmemHugePages:        0 kB
ShmemPmdMapped:        0 kB
FileHugePages:         0 kB
FilePmdMapped:         0 kB
HugePages_Total:       0
HugePages_Free:        0
HugePages_Rsvd:        0
HugePages_Surp:        0
Hugepagesize:       2048 kB
Hugetlb:               0 kB
DirectMap4k:     2716480 kB
DirectMap2M:     5259264 kB
DirectMap1G:    58720256 kB

