MemTotal:       65439348 kB
MemFree:        63827676 kB
MemAvailable:   63878476 kB
Buffers:           51284 kB
Cached:           569852 kB
SwapCached:            0 kB
Active:           198544 kB
Inactive:         483176 kB
Active(anon):       3244 kB
Inactive(anon):    72840 kB
Active(file):     195300 kB
Inactive(file):   410336 kB
Unevictable:       19496 kB
Mlocked:           19496 kB
SwapTotal:       1996796 kB
SwapFree:        1996796 kB
Dirty:               756 kB
Writeback:             0 kB
AnonPages:         80104 kB
Mapped:            84120 kB
Shmem:              6376 kB
KReclaimable:      82952 kB
Slab:             315820 kB
SReclaimable:      82952 kB
SUnreclaim:       232868 kB
KernelStack:       10112 kB
PageTables:         2448 kB
NFS_Unstable:          0 kB
Bounce:                0 kB
WritebackTmp:          0 kB
CommitLimit:    34716468 kB
Committed_AS:     807780 kB
VmallocTotal:   34359738367 kB
VmallocUsed:       42372 kB
VmallocChunk:          0 kB
Percpu:           196608 kB
HardwareCorrupted:     0 kB
AnonHugePages:         0 kB
ShmemHugePages:        0 kB
ShmemPmdMapped:        0 kB
FileHugePages:         0 kB
FilePmdMapped:         0 kB
HugePages_Total:       0
HugePages_Free:        0
HugePages_Rsvd:        0
HugePages_Surp:        0
Hugepagesize:       2048 kB
Hugetlb:               0 kB
DirectMap4k:     2767680 kB
DirectMap2M:     5208064 kB
DirectMap1G:    58720256 kB

