MemTotal:       65439348 kB
MemFree:        63891684 kB
MemAvailable:   63911924 kB
Buffers:           47604 kB
Cached:           544816 kB
SwapCached:            0 kB
Active:           155904 kB
Inactive:         497304 kB
Active(anon):       3240 kB
Inactive(anon):    73032 kB
Active(file):     152664 kB
Inactive(file):   424272 kB
Unevictable:       19496 kB
Mlocked:           19496 kB
SwapTotal:       1996796 kB
SwapFree:        1996796 kB
Dirty:               780 kB
Writeback:             0 kB
AnonPages:         80416 kB
Mapped:            82344 kB
Shmem:              6376 kB
KReclaimable:      79228 kB
Slab:             308520 kB
SReclaimable:      79228 kB
SUnreclaim:       229292 kB
KernelStack:       10080 kB
PageTables:         2484 kB
NFS_Unstable:          0 kB
Bounce:                0 kB
WritebackTmp:          0 kB
CommitLimit:    34716468 kB
Committed_AS:     799588 kB
VmallocTotal:   34359738367 kB
VmallocUsed:       41728 kB
VmallocChunk:          0 kB
Percpu:           171264 kB
HardwareCorrupted:     0 kB
AnonHugePages:         0 kB
ShmemHugePages:        0 kB
ShmemPmdMapped:        0 kB
FileHugePages:         0 kB
FilePmdMapped:         0 kB
HugePages_Total:       0
HugePages_Free:        0
HugePages_Rsvd:        0
HugePages_Surp:        0
Hugepagesize:       2048 kB
Hugetlb:               0 kB
DirectMap4k:     2734912 kB
DirectMap2M:     5240832 kB
DirectMap1G:    58720256 kB

