MemTotal:       65439348 kB
MemFree:        64176512 kB
MemAvailable:   63957396 kB
Buffers:           42092 kB
Cached:           314688 kB
SwapCached:            0 kB
Active:           137524 kB
Inactive:         285576 kB
Active(anon):       3244 kB
Inactive(anon):    78560 kB
Active(file):     134280 kB
Inactive(file):   207016 kB
Unevictable:       19496 kB
Mlocked:           19496 kB
SwapTotal:       1996796 kB
SwapFree:        1996796 kB
Dirty:               696 kB
Writeback:             0 kB
AnonPages:         85892 kB
Mapped:            88264 kB
Shmem:              6384 kB
KReclaimable:      71796 kB
Slab:             297696 kB
SReclaimable:      71796 kB
SUnreclaim:       225900 kB
KernelStack:       10032 kB
PageTables:         2476 kB
NFS_Unstable:          0 kB
Bounce:                0 kB
WritebackTmp:          0 kB
CommitLimit:    34716468 kB
Committed_AS:     837612 kB
VmallocTotal:   34359738367 kB
VmallocUsed:       39748 kB
VmallocChunk:          0 kB
Percpu:           130368 kB
HardwareCorrupted:     0 kB
AnonHugePages:         0 kB
ShmemHugePages:        0 kB
ShmemPmdMapped:        0 kB
FileHugePages:         0 kB
FilePmdMapped:         0 kB
HugePages_Total:       0
HugePages_Free:        0
HugePages_Rsvd:        0
HugePages_Surp:        0
Hugepagesize:       2048 kB
Hugetlb:               0 kB
DirectMap4k:     2683712 kB
DirectMap2M:     5292032 kB
DirectMap1G:    58720256 kB

