MemTotal:       65439348 kB
MemFree:        63733996 kB
MemAvailable:   63828988 kB
Buffers:           56828 kB
Cached:           606096 kB
SwapCached:            0 kB
Active:           204804 kB
Inactive:         525068 kB
Active(anon):       3248 kB
Inactive(anon):    79180 kB
Active(file):     201556 kB
Inactive(file):   445888 kB
Unevictable:       19496 kB
Mlocked:           19496 kB
SwapTotal:       1996796 kB
SwapFree:        1996796 kB
Dirty:               604 kB
Writeback:             0 kB
AnonPages:         86540 kB
Mapped:            96772 kB
Shmem:              6380 kB
KReclaimable:      87720 kB
Slab:             324688 kB
SReclaimable:      87720 kB
SUnreclaim:       236968 kB
KernelStack:       10208 kB
PageTables:         3152 kB
NFS_Unstable:          0 kB
Bounce:                0 kB
WritebackTmp:          0 kB
CommitLimit:    34716468 kB
Committed_AS:     854036 kB
VmallocTotal:   34359738367 kB
VmallocUsed:       44444 kB
VmallocChunk:          0 kB
Percpu:           235776 kB
HardwareCorrupted:     0 kB
AnonHugePages:         0 kB
ShmemHugePages:        0 kB
ShmemPmdMapped:        0 kB
FileHugePages:         0 kB
FilePmdMapped:         0 kB
HugePages_Total:       0
HugePages_Free:        0
HugePages_Rsvd:        0
HugePages_Surp:        0
Hugepagesize:       2048 kB
Hugetlb:               0 kB
DirectMap4k:     2812736 kB
DirectMap2M:     5163008 kB
DirectMap1G:    58720256 kB

