MemTotal:       65439348 kB
MemFree:        64174360 kB
MemAvailable:   63957332 kB
Buffers:           42320 kB
Cached:           316456 kB
SwapCached:            0 kB
Active:           137756 kB
Inactive:         288648 kB
Active(anon):       3248 kB
Inactive(anon):    79884 kB
Active(file):     134508 kB
Inactive(file):   208764 kB
Unevictable:       19496 kB
Mlocked:           19496 kB
SwapTotal:       1996796 kB
SwapFree:        1996796 kB
Dirty:               884 kB
Writeback:             0 kB
AnonPages:         87204 kB
Mapped:            89372 kB
Shmem:              6384 kB
KReclaimable:      72020 kB
Slab:             298356 kB
SReclaimable:      72020 kB
SUnreclaim:       226336 kB
KernelStack:       10192 kB
PageTables:         2948 kB
NFS_Unstable:          0 kB
Bounce:                0 kB
WritebackTmp:          0 kB
CommitLimit:    34716468 kB
Committed_AS:     837616 kB
VmallocTotal:   34359738367 kB
VmallocUsed:       39668 kB
VmallocChunk:          0 kB
Percpu:           132096 kB
HardwareCorrupted:     0 kB
AnonHugePages:         0 kB
ShmemHugePages:        0 kB
ShmemPmdMapped:        0 kB
FileHugePages:         0 kB
FilePmdMapped:         0 kB
HugePages_Total:       0
HugePages_Free:        0
HugePages_Rsvd:        0
HugePages_Surp:        0
Hugepagesize:       2048 kB
Hugetlb:               0 kB
DirectMap4k:     2687808 kB
DirectMap2M:     5287936 kB
DirectMap1G:    58720256 kB

