MemTotal:       65439348 kB
MemFree:        63710828 kB
MemAvailable:   63818576 kB
Buffers:           58296 kB
Cached:           616736 kB
SwapCached:            0 kB
Active:           211172 kB
Inactive:         524520 kB
Active(anon):       3240 kB
Inactive(anon):    72932 kB
Active(file):     207932 kB
Inactive(file):   451588 kB
Unevictable:       19496 kB
Mlocked:           19496 kB
SwapTotal:       1996796 kB
SwapFree:        1996796 kB
Dirty:               848 kB
Writeback:             0 kB
AnonPages:         80300 kB
Mapped:            88196 kB
Shmem:              6376 kB
KReclaimable:      89080 kB
Slab:             327020 kB
SReclaimable:      89080 kB
SUnreclaim:       237940 kB
KernelStack:       10048 kB
PageTables:         2348 kB
NFS_Unstable:          0 kB
Bounce:                0 kB
WritebackTmp:          0 kB
CommitLimit:    34716468 kB
Committed_AS:     807648 kB
VmallocTotal:   34359738367 kB
VmallocUsed:       44340 kB
VmallocChunk:          0 kB
Percpu:           247872 kB
HardwareCorrupted:     0 kB
AnonHugePages:         0 kB
ShmemHugePages:        0 kB
ShmemPmdMapped:        0 kB
FileHugePages:         0 kB
FilePmdMapped:         0 kB
HugePages_Total:       0
HugePages_Free:        0
HugePages_Rsvd:        0
HugePages_Surp:        0
Hugepagesize:       2048 kB
Hugetlb:               0 kB
DirectMap4k:     2825024 kB
DirectMap2M:     5150720 kB
DirectMap1G:    58720256 kB

