MemTotal:       65439348 kB
MemFree:        64177816 kB
MemAvailable:   63956628 kB
Buffers:           41824 kB
Cached:           312972 kB
SwapCached:            0 kB
Active:           137256 kB
Inactive:         283700 kB
Active(anon):       3248 kB
Inactive(anon):    78396 kB
Active(file):     134008 kB
Inactive(file):   205304 kB
Unevictable:       19496 kB
Mlocked:           19496 kB
SwapTotal:       1996796 kB
SwapFree:        1996796 kB
Dirty:               728 kB
Writeback:             0 kB
AnonPages:         85720 kB
Mapped:            88124 kB
Shmem:              6380 kB
KReclaimable:      71624 kB
Slab:             298088 kB
SReclaimable:      71624 kB
SUnreclaim:       226464 kB
KernelStack:       10128 kB
PageTables:         2580 kB
NFS_Unstable:          0 kB
Bounce:                0 kB
WritebackTmp:          0 kB
CommitLimit:    34716468 kB
Committed_AS:     837872 kB
VmallocTotal:   34359738367 kB
VmallocUsed:       39748 kB
VmallocChunk:          0 kB
Percpu:           128640 kB
HardwareCorrupted:     0 kB
AnonHugePages:         0 kB
ShmemHugePages:        0 kB
ShmemPmdMapped:        0 kB
FileHugePages:         0 kB
FilePmdMapped:         0 kB
HugePages_Total:       0
HugePages_Free:        0
HugePages_Rsvd:        0
HugePages_Surp:        0
Hugepagesize:       2048 kB
Hugetlb:               0 kB
DirectMap4k:     2681664 kB
DirectMap2M:     5294080 kB
DirectMap1G:    58720256 kB

