MemTotal:       65439348 kB
MemFree:        64174728 kB
MemAvailable:   63954588 kB
Buffers:           41964 kB
Cached:           313852 kB
SwapCached:            0 kB
Active:           137396 kB
Inactive:         287228 kB
Active(anon):       3244 kB
Inactive(anon):    81048 kB
Active(file):     134152 kB
Inactive(file):   206180 kB
Unevictable:       19496 kB
Mlocked:           19496 kB
SwapTotal:       1996796 kB
SwapFree:        1996796 kB
Dirty:               896 kB
Writeback:             0 kB
AnonPages:         88312 kB
Mapped:            89112 kB
Shmem:              6384 kB
KReclaimable:      71676 kB
Slab:             297936 kB
SReclaimable:      71676 kB
SUnreclaim:       226260 kB
KernelStack:       10096 kB
PageTables:         2408 kB
NFS_Unstable:          0 kB
Bounce:                0 kB
WritebackTmp:          0 kB
CommitLimit:    34716468 kB
Committed_AS:     837616 kB
VmallocTotal:   34359738367 kB
VmallocUsed:       39748 kB
VmallocChunk:          0 kB
Percpu:           129792 kB
HardwareCorrupted:     0 kB
AnonHugePages:         0 kB
ShmemHugePages:        0 kB
ShmemPmdMapped:        0 kB
FileHugePages:         0 kB
FilePmdMapped:         0 kB
HugePages_Total:       0
HugePages_Free:        0
HugePages_Rsvd:        0
HugePages_Surp:        0
Hugepagesize:       2048 kB
Hugetlb:               0 kB
DirectMap4k:     2681664 kB
DirectMap2M:     5294080 kB
DirectMap1G:    58720256 kB

