MemTotal:       65439348 kB
MemFree:        64139828 kB
MemAvailable:   63937512 kB
Buffers:           44188 kB
Cached:           328352 kB
SwapCached:            0 kB
Active:           139948 kB
Inactive:         298428 kB
Active(anon):       3252 kB
Inactive(anon):    78064 kB
Active(file):     136696 kB
Inactive(file):   220364 kB
Unevictable:       19496 kB
Mlocked:           19496 kB
SwapTotal:       1996796 kB
SwapFree:        1996796 kB
Dirty:               660 kB
Writeback:             0 kB
AnonPages:         85936 kB
Mapped:            89540 kB
Shmem:              6380 kB
KReclaimable:      73872 kB
Slab:             302080 kB
SReclaimable:      73872 kB
SUnreclaim:       228208 kB
KernelStack:       10112 kB
PageTables:         2604 kB
NFS_Unstable:          0 kB
Bounce:                0 kB
WritebackTmp:          0 kB
CommitLimit:    34716468 kB
Committed_AS:     837872 kB
VmallocTotal:   34359738367 kB
VmallocUsed:       40200 kB
VmallocChunk:          0 kB
Percpu:           145344 kB
HardwareCorrupted:     0 kB
AnonHugePages:         0 kB
ShmemHugePages:        0 kB
ShmemPmdMapped:        0 kB
FileHugePages:         0 kB
FilePmdMapped:         0 kB
HugePages_Total:       0
HugePages_Free:        0
HugePages_Rsvd:        0
HugePages_Surp:        0
Hugepagesize:       2048 kB
Hugetlb:               0 kB
DirectMap4k:     2706240 kB
DirectMap2M:     5269504 kB
DirectMap1G:    58720256 kB

