MemTotal:       65439348 kB
MemFree:        64279720 kB
MemAvailable:   64004060 kB
Buffers:           36512 kB
Cached:           266120 kB
SwapCached:            0 kB
Active:           129324 kB
Inactive:         233444 kB
Active(anon):       3216 kB
Inactive(anon):    72404 kB
Active(file):     126108 kB
Inactive(file):   161040 kB
Unevictable:       19496 kB
Mlocked:           19496 kB
SwapTotal:       1996796 kB
SwapFree:        1996796 kB
Dirty:               760 kB
Writeback:             0 kB
AnonPages:         79740 kB
Mapped:            75600 kB
Shmem:              6376 kB
KReclaimable:      67004 kB
Slab:             289864 kB
SReclaimable:      67004 kB
SUnreclaim:       222860 kB
KernelStack:        9984 kB
PageTables:         2396 kB
NFS_Unstable:          0 kB
Bounce:                0 kB
WritebackTmp:          0 kB
CommitLimit:    34716468 kB
Committed_AS:     790744 kB
VmallocTotal:   34359738367 kB
VmallocUsed:       38468 kB
VmallocChunk:          0 kB
Percpu:            96576 kB
HardwareCorrupted:     0 kB
AnonHugePages:         0 kB
ShmemHugePages:        0 kB
ShmemPmdMapped:        0 kB
FileHugePages:         0 kB
FilePmdMapped:         0 kB
HugePages_Total:       0
HugePages_Free:        0
HugePages_Rsvd:        0
HugePages_Surp:        0
Hugepagesize:       2048 kB
Hugetlb:               0 kB
DirectMap4k:     2360128 kB
DirectMap2M:     5615616 kB
DirectMap1G:    58720256 kB

