MemTotal:       65439348 kB
MemFree:        64247812 kB
MemAvailable:   63988880 kB
Buffers:           38552 kB
Cached:           280024 kB
SwapCached:            0 kB
Active:           131372 kB
Inactive:         249716 kB
Active(anon):       3216 kB
Inactive(anon):    74776 kB
Active(file):     128156 kB
Inactive(file):   174940 kB
Unevictable:       19496 kB
Mlocked:           19496 kB
SwapTotal:       1996796 kB
SwapFree:        1996796 kB
Dirty:               636 kB
Writeback:             0 kB
AnonPages:         82104 kB
Mapped:            77580 kB
Shmem:              6376 kB
KReclaimable:      68568 kB
Slab:             292376 kB
SReclaimable:      68568 kB
SUnreclaim:       223808 kB
KernelStack:       10080 kB
PageTables:         2632 kB
NFS_Unstable:          0 kB
Bounce:                0 kB
WritebackTmp:          0 kB
CommitLimit:    34716468 kB
Committed_AS:     790360 kB
VmallocTotal:   34359738367 kB
VmallocUsed:       39032 kB
VmallocChunk:          0 kB
Percpu:           107904 kB
HardwareCorrupted:     0 kB
AnonHugePages:         0 kB
ShmemHugePages:        0 kB
ShmemPmdMapped:        0 kB
FileHugePages:         0 kB
FilePmdMapped:         0 kB
HugePages_Total:       0
HugePages_Free:        0
HugePages_Rsvd:        0
HugePages_Surp:        0
Hugepagesize:       2048 kB
Hugetlb:               0 kB
DirectMap4k:     2581312 kB
DirectMap2M:     5394432 kB
DirectMap1G:    58720256 kB

