MemTotal:       65439348 kB
MemFree:        64187900 kB
MemAvailable:   63962232 kB
Buffers:           41308 kB
Cached:           309304 kB
SwapCached:            0 kB
Active:           136696 kB
Inactive:         280300 kB
Active(anon):       3248 kB
Inactive(anon):    78652 kB
Active(file):     133448 kB
Inactive(file):   201648 kB
Unevictable:       19496 kB
Mlocked:           19496 kB
SwapTotal:       1996796 kB
SwapFree:        1996796 kB
Dirty:               204 kB
Writeback:            72 kB
AnonPages:         85980 kB
Mapped:            87828 kB
Shmem:              6380 kB
KReclaimable:      71092 kB
Slab:             296336 kB
SReclaimable:      71092 kB
SUnreclaim:       225244 kB
KernelStack:       10128 kB
PageTables:         2640 kB
NFS_Unstable:          0 kB
Bounce:                0 kB
WritebackTmp:          0 kB
CommitLimit:    34716468 kB
Committed_AS:     838004 kB
VmallocTotal:   34359738367 kB
VmallocUsed:       39684 kB
VmallocChunk:          0 kB
Percpu:           124416 kB
HardwareCorrupted:     0 kB
AnonHugePages:         0 kB
ShmemHugePages:        0 kB
ShmemPmdMapped:        0 kB
FileHugePages:         0 kB
FilePmdMapped:         0 kB
HugePages_Total:       0
HugePages_Free:        0
HugePages_Rsvd:        0
HugePages_Surp:        0
Hugepagesize:       2048 kB
Hugetlb:               0 kB
DirectMap4k:     2673472 kB
DirectMap2M:     5302272 kB
DirectMap1G:    58720256 kB

