MemTotal:       65439348 kB
MemFree:        63814744 kB
MemAvailable:   63873104 kB
Buffers:           52168 kB
Cached:           576068 kB
SwapCached:            0 kB
Active:           199448 kB
Inactive:         489704 kB
Active(anon):       3244 kB
Inactive(anon):    73148 kB
Active(file):     196204 kB
Inactive(file):   416556 kB
Unevictable:       19496 kB
Mlocked:           19496 kB
SwapTotal:       1996796 kB
SwapFree:        1996796 kB
Dirty:               708 kB
Writeback:             0 kB
AnonPages:         80452 kB
Mapped:            84580 kB
Shmem:              6376 kB
KReclaimable:      83824 kB
Slab:             318288 kB
SReclaimable:      83824 kB
SUnreclaim:       234464 kB
KernelStack:       10064 kB
PageTables:         2440 kB
NFS_Unstable:          0 kB
Bounce:                0 kB
WritebackTmp:          0 kB
CommitLimit:    34716468 kB
Committed_AS:     808044 kB
VmallocTotal:   34359738367 kB
VmallocUsed:       42808 kB
VmallocChunk:          0 kB
Percpu:           203136 kB
HardwareCorrupted:     0 kB
AnonHugePages:         0 kB
ShmemHugePages:        0 kB
ShmemPmdMapped:        0 kB
FileHugePages:         0 kB
FilePmdMapped:         0 kB
HugePages_Total:       0
HugePages_Free:        0
HugePages_Rsvd:        0
HugePages_Surp:        0
Hugepagesize:       2048 kB
Hugetlb:               0 kB
DirectMap4k:     2771776 kB
DirectMap2M:     5203968 kB
DirectMap1G:    58720256 kB

