MemTotal:       65439348 kB
MemFree:        63791676 kB
MemAvailable:   63861768 kB
Buffers:           53448 kB
Cached:           585884 kB
SwapCached:            0 kB
Active:           200724 kB
Inactive:         499312 kB
Active(anon):       3240 kB
Inactive(anon):    72948 kB
Active(file):     197484 kB
Inactive(file):   426364 kB
Unevictable:       19496 kB
Mlocked:           19496 kB
SwapTotal:       1996796 kB
SwapFree:        1996796 kB
Dirty:               160 kB
Writeback:             0 kB
AnonPages:         80256 kB
Mapped:            85596 kB
Shmem:              6376 kB
KReclaimable:      85108 kB
Slab:             319852 kB
SReclaimable:      85108 kB
SUnreclaim:       234744 kB
KernelStack:       10080 kB
PageTables:         2460 kB
NFS_Unstable:          0 kB
Bounce:                0 kB
WritebackTmp:          0 kB
CommitLimit:    34716468 kB
Committed_AS:     808036 kB
VmallocTotal:   34359738367 kB
VmallocUsed:       43260 kB
VmallocChunk:          0 kB
Percpu:           214080 kB
HardwareCorrupted:     0 kB
AnonHugePages:         0 kB
ShmemHugePages:        0 kB
ShmemPmdMapped:        0 kB
FileHugePages:         0 kB
FilePmdMapped:         0 kB
HugePages_Total:       0
HugePages_Free:        0
HugePages_Rsvd:        0
HugePages_Surp:        0
Hugepagesize:       2048 kB
Hugetlb:               0 kB
DirectMap4k:     2786112 kB
DirectMap2M:     5189632 kB
DirectMap1G:    58720256 kB

