MemTotal:       65439348 kB
MemFree:        63810500 kB
MemAvailable:   63869756 kB
Buffers:           52244 kB
Cached:           576872 kB
SwapCached:            0 kB
Active:           199496 kB
Inactive:         491116 kB
Active(anon):       3256 kB
Inactive(anon):    73744 kB
Active(file):     196240 kB
Inactive(file):   417372 kB
Unevictable:       19496 kB
Mlocked:           19496 kB
SwapTotal:       1996796 kB
SwapFree:        1996796 kB
Dirty:               796 kB
Writeback:             0 kB
AnonPages:         81564 kB
Mapped:            85728 kB
Shmem:              6368 kB
KReclaimable:      83912 kB
Slab:             318468 kB
SReclaimable:      83912 kB
SUnreclaim:       234556 kB
KernelStack:       10112 kB
PageTables:         2464 kB
NFS_Unstable:          0 kB
Bounce:                0 kB
WritebackTmp:          0 kB
CommitLimit:    34716468 kB
Committed_AS:     808040 kB
VmallocTotal:   34359738367 kB
VmallocUsed:       42840 kB
VmallocChunk:          0 kB
Percpu:           203712 kB
HardwareCorrupted:     0 kB
AnonHugePages:         0 kB
ShmemHugePages:        0 kB
ShmemPmdMapped:        0 kB
FileHugePages:         0 kB
FilePmdMapped:         0 kB
HugePages_Total:       0
HugePages_Free:        0
HugePages_Rsvd:        0
HugePages_Surp:        0
Hugepagesize:       2048 kB
Hugetlb:               0 kB
DirectMap4k:     2773824 kB
DirectMap2M:     5201920 kB
DirectMap1G:    58720256 kB

