MemTotal:       65439348 kB
MemFree:        63844064 kB
MemAvailable:   63888260 kB
Buffers:           50492 kB
Cached:           564364 kB
SwapCached:            0 kB
Active:           197764 kB
Inactive:         477764 kB
Active(anon):       3240 kB
Inactive(anon):    72916 kB
Active(file):     194524 kB
Inactive(file):   404848 kB
Unevictable:       19496 kB
Mlocked:           19496 kB
SwapTotal:       1996796 kB
SwapFree:        1996796 kB
Dirty:               600 kB
Writeback:             0 kB
AnonPages:         80220 kB
Mapped:            83748 kB
Shmem:              6376 kB
KReclaimable:      82268 kB
Slab:             313444 kB
SReclaimable:      82268 kB
SUnreclaim:       231176 kB
KernelStack:        9920 kB
PageTables:         2428 kB
NFS_Unstable:          0 kB
Bounce:                0 kB
WritebackTmp:          0 kB
CommitLimit:    34716468 kB
Committed_AS:     807392 kB
VmallocTotal:   34359738367 kB
VmallocUsed:       42132 kB
VmallocChunk:          0 kB
Percpu:           190656 kB
HardwareCorrupted:     0 kB
AnonHugePages:         0 kB
ShmemHugePages:        0 kB
ShmemPmdMapped:        0 kB
FileHugePages:         0 kB
FilePmdMapped:         0 kB
HugePages_Total:       0
HugePages_Free:        0
HugePages_Rsvd:        0
HugePages_Surp:        0
Hugepagesize:       2048 kB
Hugetlb:               0 kB
DirectMap4k:     2755392 kB
DirectMap2M:     5220352 kB
DirectMap1G:    58720256 kB

