MemTotal:       65439348 kB
MemFree:        63713324 kB
MemAvailable:   63820316 kB
Buffers:           58208 kB
Cached:           616088 kB
SwapCached:            0 kB
Active:           211124 kB
Inactive:         523952 kB
Active(anon):       3248 kB
Inactive(anon):    73012 kB
Active(file):     207876 kB
Inactive(file):   450940 kB
Unevictable:       19496 kB
Mlocked:           19496 kB
SwapTotal:       1996796 kB
SwapFree:        1996796 kB
Dirty:               172 kB
Writeback:             0 kB
AnonPages:         80328 kB
Mapped:            87960 kB
Shmem:              6376 kB
KReclaimable:      88972 kB
Slab:             326660 kB
SReclaimable:      88972 kB
SUnreclaim:       237688 kB
KernelStack:       10032 kB
PageTables:         2488 kB
NFS_Unstable:          0 kB
Bounce:                0 kB
WritebackTmp:          0 kB
CommitLimit:    34716468 kB
Committed_AS:     808044 kB
VmallocTotal:   34359738367 kB
VmallocUsed:       44388 kB
VmallocChunk:          0 kB
Percpu:           246720 kB
HardwareCorrupted:     0 kB
AnonHugePages:         0 kB
ShmemHugePages:        0 kB
ShmemPmdMapped:        0 kB
FileHugePages:         0 kB
FilePmdMapped:         0 kB
HugePages_Total:       0
HugePages_Free:        0
HugePages_Rsvd:        0
HugePages_Surp:        0
Hugepagesize:       2048 kB
Hugetlb:               0 kB
DirectMap4k:     2825024 kB
DirectMap2M:     5150720 kB
DirectMap1G:    58720256 kB

