MemTotal:       65439348 kB
MemFree:        64257804 kB
MemAvailable:   63994972 kB
Buffers:           38144 kB
Cached:           276736 kB
SwapCached:            0 kB
Active:           130964 kB
Inactive:         244768 kB
Active(anon):       3224 kB
Inactive(anon):    73120 kB
Active(file):     127740 kB
Inactive(file):   171648 kB
Unevictable:       19496 kB
Mlocked:           19496 kB
SwapTotal:       1996796 kB
SwapFree:        1996796 kB
Dirty:               884 kB
Writeback:             0 kB
AnonPages:         80828 kB
Mapped:            76976 kB
Shmem:              6380 kB
KReclaimable:      68184 kB
Slab:             292392 kB
SReclaimable:      68184 kB
SUnreclaim:       224208 kB
KernelStack:        9968 kB
PageTables:         2220 kB
NFS_Unstable:          0 kB
Bounce:                0 kB
WritebackTmp:          0 kB
CommitLimit:    34716468 kB
Committed_AS:     790356 kB
VmallocTotal:   34359738367 kB
VmallocUsed:       38500 kB
VmallocChunk:          0 kB
Percpu:           105024 kB
HardwareCorrupted:     0 kB
AnonHugePages:         0 kB
ShmemHugePages:        0 kB
ShmemPmdMapped:        0 kB
FileHugePages:         0 kB
FilePmdMapped:         0 kB
HugePages_Total:       0
HugePages_Free:        0
HugePages_Rsvd:        0
HugePages_Surp:        0
Hugepagesize:       2048 kB
Hugetlb:               0 kB
DirectMap4k:     2530112 kB
DirectMap2M:     5445632 kB
DirectMap1G:    58720256 kB

