MemTotal:       65439348 kB
MemFree:        64323416 kB
MemAvailable:   64015800 kB
Buffers:           29912 kB
Cached:           241076 kB
SwapCached:            0 kB
Active:           120752 kB
Inactive:         217672 kB
Active(anon):       3216 kB
Inactive(anon):    79724 kB
Active(file):     117536 kB
Inactive(file):   137948 kB
Unevictable:       19496 kB
Mlocked:           19496 kB
SwapTotal:       1996796 kB
SwapFree:        1996796 kB
Dirty:              1836 kB
Writeback:             0 kB
AnonPages:         86992 kB
Mapped:            74960 kB
Shmem:              6380 kB
KReclaimable:      56020 kB
Slab:             276800 kB
SReclaimable:      56020 kB
SUnreclaim:       220780 kB
KernelStack:        9936 kB
PageTables:         2636 kB
NFS_Unstable:          0 kB
Bounce:                0 kB
WritebackTmp:          0 kB
CommitLimit:    34716468 kB
Committed_AS:     796296 kB
VmallocTotal:   34359738367 kB
VmallocUsed:       38308 kB
VmallocChunk:          0 kB
Percpu:            96576 kB
HardwareCorrupted:     0 kB
AnonHugePages:         0 kB
ShmemHugePages:        0 kB
ShmemPmdMapped:        0 kB
FileHugePages:         0 kB
FilePmdMapped:         0 kB
HugePages_Total:       0
HugePages_Free:        0
HugePages_Rsvd:        0
HugePages_Surp:        0
Hugepagesize:       2048 kB
Hugetlb:               0 kB
DirectMap4k:     2007872 kB
DirectMap2M:     5967872 kB
DirectMap1G:    58720256 kB

