MemTotal:       65439348 kB
MemFree:        63803892 kB
MemAvailable:   63867228 kB
Buffers:           52704 kB
Cached:           580200 kB
SwapCached:            0 kB
Active:           199980 kB
Inactive:         493640 kB
Active(anon):       3240 kB
Inactive(anon):    72956 kB
Active(file):     196740 kB
Inactive(file):   420684 kB
Unevictable:       19496 kB
Mlocked:           19496 kB
SwapTotal:       1996796 kB
SwapFree:        1996796 kB
Dirty:               588 kB
Writeback:             0 kB
AnonPages:         80668 kB
Mapped:            85092 kB
Shmem:              6376 kB
KReclaimable:      84448 kB
Slab:             318964 kB
SReclaimable:      84448 kB
SUnreclaim:       234516 kB
KernelStack:       10032 kB
PageTables:         2456 kB
NFS_Unstable:          0 kB
Bounce:                0 kB
WritebackTmp:          0 kB
CommitLimit:    34716468 kB
Committed_AS:     808036 kB
VmallocTotal:   34359738367 kB
VmallocUsed:       42904 kB
VmallocChunk:          0 kB
Percpu:           207936 kB
HardwareCorrupted:     0 kB
AnonHugePages:         0 kB
ShmemHugePages:        0 kB
ShmemPmdMapped:        0 kB
FileHugePages:         0 kB
FilePmdMapped:         0 kB
HugePages_Total:       0
HugePages_Free:        0
HugePages_Rsvd:        0
HugePages_Surp:        0
Hugepagesize:       2048 kB
Hugetlb:               0 kB
DirectMap4k:     2775872 kB
DirectMap2M:     5199872 kB
DirectMap1G:    58720256 kB

