MemTotal:       65439348 kB
MemFree:        64141296 kB
MemAvailable:   63939396 kB
Buffers:           44228 kB
Cached:           328688 kB
SwapCached:            0 kB
Active:           139980 kB
Inactive:         299392 kB
Active(anon):       3244 kB
Inactive(anon):    78692 kB
Active(file):     136736 kB
Inactive(file):   220700 kB
Unevictable:       19496 kB
Mlocked:           19496 kB
SwapTotal:       1996796 kB
SwapFree:        1996796 kB
Dirty:               656 kB
Writeback:             0 kB
AnonPages:         85988 kB
Mapped:            90184 kB
Shmem:              6380 kB
KReclaimable:      73948 kB
Slab:             301852 kB
SReclaimable:      73948 kB
SUnreclaim:       227904 kB
KernelStack:       10176 kB
PageTables:         2528 kB
NFS_Unstable:          0 kB
Bounce:                0 kB
WritebackTmp:          0 kB
CommitLimit:    34716468 kB
Committed_AS:     837868 kB
VmallocTotal:   34359738367 kB
VmallocUsed:       40844 kB
VmallocChunk:          0 kB
Percpu:           146112 kB
HardwareCorrupted:     0 kB
AnonHugePages:         0 kB
ShmemHugePages:        0 kB
ShmemPmdMapped:        0 kB
FileHugePages:         0 kB
FilePmdMapped:         0 kB
HugePages_Total:       0
HugePages_Free:        0
HugePages_Rsvd:        0
HugePages_Surp:        0
Hugepagesize:       2048 kB
Hugetlb:               0 kB
DirectMap4k:     2706240 kB
DirectMap2M:     5269504 kB
DirectMap1G:    58720256 kB

