MemTotal:       65439348 kB
MemFree:        63746972 kB
MemAvailable:   63834208 kB
Buffers:           55852 kB
Cached:           599764 kB
SwapCached:            0 kB
Active:           203804 kB
Inactive:         517676 kB
Active(anon):       3248 kB
Inactive(anon):    78120 kB
Active(file):     200556 kB
Inactive(file):   439556 kB
Unevictable:       19496 kB
Mlocked:           19496 kB
SwapTotal:       1996796 kB
SwapFree:        1996796 kB
Dirty:               768 kB
Writeback:             0 kB
AnonPages:         85460 kB
Mapped:            96204 kB
Shmem:              6380 kB
KReclaimable:      86868 kB
Slab:             323384 kB
SReclaimable:      86868 kB
SUnreclaim:       236516 kB
KernelStack:       10144 kB
PageTables:         2616 kB
NFS_Unstable:          0 kB
Bounce:                0 kB
WritebackTmp:          0 kB
CommitLimit:    34716468 kB
Committed_AS:     854432 kB
VmallocTotal:   34359738367 kB
VmallocUsed:       44024 kB
VmallocChunk:          0 kB
Percpu:           229248 kB
HardwareCorrupted:     0 kB
AnonHugePages:         0 kB
ShmemHugePages:        0 kB
ShmemPmdMapped:        0 kB
FileHugePages:         0 kB
FilePmdMapped:         0 kB
HugePages_Total:       0
HugePages_Free:        0
HugePages_Rsvd:        0
HugePages_Surp:        0
Hugepagesize:       2048 kB
Hugetlb:               0 kB
DirectMap4k:     2806592 kB
DirectMap2M:     5169152 kB
DirectMap1G:    58720256 kB

