MemTotal:       65439348 kB
MemFree:        63898512 kB
MemAvailable:   63916096 kB
Buffers:           47296 kB
Cached:           542560 kB
SwapCached:            0 kB
Active:           155588 kB
Inactive:         494828 kB
Active(anon):       3240 kB
Inactive(anon):    72812 kB
Active(file):     152348 kB
Inactive(file):   422016 kB
Unevictable:       19496 kB
Mlocked:           19496 kB
SwapTotal:       1996796 kB
SwapFree:        1996796 kB
Dirty:               148 kB
Writeback:             0 kB
AnonPages:         80196 kB
Mapped:            82208 kB
Shmem:              6376 kB
KReclaimable:      79064 kB
Slab:             308784 kB
SReclaimable:      79064 kB
SUnreclaim:       229720 kB
KernelStack:       10048 kB
PageTables:         2432 kB
NFS_Unstable:          0 kB
Bounce:                0 kB
WritebackTmp:          0 kB
CommitLimit:    34716468 kB
Committed_AS:     799588 kB
VmallocTotal:   34359738367 kB
VmallocUsed:       41196 kB
VmallocChunk:          0 kB
Percpu:           168768 kB
HardwareCorrupted:     0 kB
AnonHugePages:         0 kB
ShmemHugePages:        0 kB
ShmemPmdMapped:        0 kB
FileHugePages:         0 kB
FilePmdMapped:         0 kB
HugePages_Total:       0
HugePages_Free:        0
HugePages_Rsvd:        0
HugePages_Surp:        0
Hugepagesize:       2048 kB
Hugetlb:               0 kB
DirectMap4k:     2732864 kB
DirectMap2M:     5242880 kB
DirectMap1G:    58720256 kB

