MemTotal:       65439348 kB
MemFree:        63869028 kB
MemAvailable:   63900448 kB
Buffers:           48736 kB
Cached:           554192 kB
SwapCached:            0 kB
Active:           157196 kB
Inactive:         506404 kB
Active(anon):       3240 kB
Inactive(anon):    72912 kB
Active(file):     153956 kB
Inactive(file):   433492 kB
Unevictable:       19496 kB
Mlocked:           19496 kB
SwapTotal:       1996796 kB
SwapFree:        1996796 kB
Dirty:               280 kB
Writeback:           108 kB
AnonPages:         80260 kB
Mapped:            83024 kB
Shmem:              6376 kB
KReclaimable:      80568 kB
Slab:             312184 kB
SReclaimable:      80568 kB
SUnreclaim:       231616 kB
KernelStack:       10032 kB
PageTables:         2432 kB
NFS_Unstable:          0 kB
Bounce:                0 kB
WritebackTmp:          0 kB
CommitLimit:    34716468 kB
Committed_AS:     799588 kB
VmallocTotal:   34359738367 kB
VmallocUsed:       41680 kB
VmallocChunk:          0 kB
Percpu:           179136 kB
HardwareCorrupted:     0 kB
AnonHugePages:         0 kB
ShmemHugePages:        0 kB
ShmemPmdMapped:        0 kB
FileHugePages:         0 kB
FilePmdMapped:         0 kB
HugePages_Total:       0
HugePages_Free:        0
HugePages_Rsvd:        0
HugePages_Surp:        0
Hugepagesize:       2048 kB
Hugetlb:               0 kB
DirectMap4k:     2747200 kB
DirectMap2M:     5228544 kB
DirectMap1G:    58720256 kB

