MemTotal:       65439348 kB
MemFree:        63891532 kB
MemAvailable:   63892200 kB
Buffers:           45264 kB
Cached:           528568 kB
SwapCached:            0 kB
Active:           152348 kB
Inactive:         522148 kB
Active(anon):       3272 kB
Inactive(anon):   112876 kB
Active(file):     149076 kB
Inactive(file):   409272 kB
Unevictable:       19496 kB
Mlocked:           19496 kB
SwapTotal:       1996796 kB
SwapFree:        1996796 kB
Dirty:               604 kB
Writeback:             0 kB
AnonPages:        120260 kB
Mapped:           122304 kB
Shmem:              6384 kB
KReclaimable:      77260 kB
Slab:             306716 kB
SReclaimable:      77260 kB
SUnreclaim:       229456 kB
KernelStack:       10208 kB
PageTables:         3432 kB
NFS_Unstable:          0 kB
Bounce:                0 kB
WritebackTmp:          0 kB
CommitLimit:    34716468 kB
Committed_AS:     888576 kB
VmallocTotal:   34359738367 kB
VmallocUsed:       40772 kB
VmallocChunk:          0 kB
Percpu:           153216 kB
HardwareCorrupted:     0 kB
AnonHugePages:         0 kB
ShmemHugePages:        0 kB
ShmemPmdMapped:        0 kB
FileHugePages:         0 kB
FilePmdMapped:         0 kB
HugePages_Total:       0
HugePages_Free:        0
HugePages_Rsvd:        0
HugePages_Surp:        0
Hugepagesize:       2048 kB
Hugetlb:               0 kB
DirectMap4k:     2714432 kB
DirectMap2M:     5261312 kB
DirectMap1G:    58720256 kB

