MemTotal:       65439348 kB
MemFree:        64186008 kB
MemAvailable:   63962868 kB
Buffers:           41620 kB
Cached:           311320 kB
SwapCached:            0 kB
Active:           137056 kB
Inactive:         282136 kB
Active(anon):       3248 kB
Inactive(anon):    78484 kB
Active(file):     133808 kB
Inactive(file):   203652 kB
Unevictable:       19496 kB
Mlocked:           19496 kB
SwapTotal:       1996796 kB
SwapFree:        1996796 kB
Dirty:               668 kB
Writeback:             0 kB
AnonPages:         85792 kB
Mapped:            88008 kB
Shmem:              6380 kB
KReclaimable:      71424 kB
Slab:             297312 kB
SReclaimable:      71424 kB
SUnreclaim:       225888 kB
KernelStack:       10112 kB
PageTables:         2628 kB
NFS_Unstable:          0 kB
Bounce:                0 kB
WritebackTmp:          0 kB
CommitLimit:    34716468 kB
Committed_AS:     837872 kB
VmallocTotal:   34359738367 kB
VmallocUsed:       39700 kB
VmallocChunk:          0 kB
Percpu:           126720 kB
HardwareCorrupted:     0 kB
AnonHugePages:         0 kB
ShmemHugePages:        0 kB
ShmemPmdMapped:        0 kB
FileHugePages:         0 kB
FilePmdMapped:         0 kB
HugePages_Total:       0
HugePages_Free:        0
HugePages_Rsvd:        0
HugePages_Surp:        0
Hugepagesize:       2048 kB
Hugetlb:               0 kB
DirectMap4k:     2675520 kB
DirectMap2M:     5300224 kB
DirectMap1G:    58720256 kB

