MemTotal:       65439348 kB
MemFree:        64254416 kB
MemAvailable:   63992608 kB
Buffers:           38228 kB
Cached:           277632 kB
SwapCached:            0 kB
Active:           131044 kB
Inactive:         246356 kB
Active(anon):       3224 kB
Inactive(anon):    73808 kB
Active(file):     127820 kB
Inactive(file):   172548 kB
Unevictable:       19496 kB
Mlocked:           19496 kB
SwapTotal:       1996796 kB
SwapFree:        1996796 kB
Dirty:               836 kB
Writeback:             0 kB
AnonPages:         81608 kB
Mapped:            76932 kB
Shmem:              6376 kB
KReclaimable:      68268 kB
Slab:             291880 kB
SReclaimable:      68268 kB
SUnreclaim:       223612 kB
KernelStack:       10144 kB
PageTables:         2208 kB
NFS_Unstable:          0 kB
Bounce:                0 kB
WritebackTmp:          0 kB
CommitLimit:    34716468 kB
Committed_AS:     790356 kB
VmallocTotal:   34359738367 kB
VmallocUsed:       38500 kB
VmallocChunk:          0 kB
Percpu:           105600 kB
HardwareCorrupted:     0 kB
AnonHugePages:         0 kB
ShmemHugePages:        0 kB
ShmemPmdMapped:        0 kB
FileHugePages:         0 kB
FilePmdMapped:         0 kB
HugePages_Total:       0
HugePages_Free:        0
HugePages_Rsvd:        0
HugePages_Surp:        0
Hugepagesize:       2048 kB
Hugetlb:               0 kB
DirectMap4k:     2542400 kB
DirectMap2M:     5433344 kB
DirectMap1G:    58720256 kB

