MemTotal:       65439348 kB
MemFree:        64267632 kB
MemAvailable:   64000968 kB
Buffers:           37744 kB
Cached:           273416 kB
SwapCached:            0 kB
Active:           130552 kB
Inactive:         240940 kB
Active(anon):       3216 kB
Inactive(anon):    72600 kB
Active(file):     127336 kB
Inactive(file):   168340 kB
Unevictable:       19496 kB
Mlocked:           19496 kB
SwapTotal:       1996796 kB
SwapFree:        1996796 kB
Dirty:               144 kB
Writeback:             0 kB
AnonPages:         79916 kB
Mapped:            76264 kB
Shmem:              6376 kB
KReclaimable:      67940 kB
Slab:             290880 kB
SReclaimable:      67940 kB
SUnreclaim:       222940 kB
KernelStack:       10064 kB
PageTables:         2396 kB
NFS_Unstable:          0 kB
Bounce:                0 kB
WritebackTmp:          0 kB
CommitLimit:    34716468 kB
Committed_AS:     790744 kB
VmallocTotal:   34359738367 kB
VmallocUsed:       38436 kB
VmallocChunk:          0 kB
Percpu:           101376 kB
HardwareCorrupted:     0 kB
AnonHugePages:         0 kB
ShmemHugePages:        0 kB
ShmemPmdMapped:        0 kB
FileHugePages:         0 kB
FilePmdMapped:         0 kB
HugePages_Total:       0
HugePages_Free:        0
HugePages_Rsvd:        0
HugePages_Surp:        0
Hugepagesize:       2048 kB
Hugetlb:               0 kB
DirectMap4k:     2478912 kB
DirectMap2M:     5496832 kB
DirectMap1G:    58720256 kB

