MemTotal:       65439348 kB
MemFree:        63713572 kB
MemAvailable:   63820296 kB
Buffers:           58184 kB
Cached:           615852 kB
SwapCached:            0 kB
Active:           211100 kB
Inactive:         523708 kB
Active(anon):       3244 kB
Inactive(anon):    73004 kB
Active(file):     207856 kB
Inactive(file):   450704 kB
Unevictable:       19496 kB
Mlocked:           19496 kB
SwapTotal:       1996796 kB
SwapFree:        1996796 kB
Dirty:               148 kB
Writeback:             0 kB
AnonPages:         80368 kB
Mapped:            88000 kB
Shmem:              6376 kB
KReclaimable:      88952 kB
Slab:             326396 kB
SReclaimable:      88952 kB
SUnreclaim:       237444 kB
KernelStack:       10016 kB
PageTables:         2460 kB
NFS_Unstable:          0 kB
Bounce:                0 kB
WritebackTmp:          0 kB
CommitLimit:    34716468 kB
Committed_AS:     808040 kB
VmallocTotal:   34359738367 kB
VmallocUsed:       44420 kB
VmallocChunk:          0 kB
Percpu:           246720 kB
HardwareCorrupted:     0 kB
AnonHugePages:         0 kB
ShmemHugePages:        0 kB
ShmemPmdMapped:        0 kB
FileHugePages:         0 kB
FilePmdMapped:         0 kB
HugePages_Total:       0
HugePages_Free:        0
HugePages_Rsvd:        0
HugePages_Surp:        0
Hugepagesize:       2048 kB
Hugetlb:               0 kB
DirectMap4k:     2825024 kB
DirectMap2M:     5150720 kB
DirectMap1G:    58720256 kB

