MemTotal:       65439348 kB
MemFree:        63749968 kB
MemAvailable:   63836180 kB
Buffers:           55744 kB
Cached:           598888 kB
SwapCached:            0 kB
Active:           203712 kB
Inactive:         516200 kB
Active(anon):       3256 kB
Inactive(anon):    77520 kB
Active(file):     200456 kB
Inactive(file):   438680 kB
Unevictable:       19496 kB
Mlocked:           19496 kB
SwapTotal:       1996796 kB
SwapFree:        1996796 kB
Dirty:               704 kB
Writeback:             0 kB
AnonPages:         84872 kB
Mapped:            96156 kB
Shmem:              6380 kB
KReclaimable:      86772 kB
Slab:             323352 kB
SReclaimable:      86772 kB
SUnreclaim:       236580 kB
KernelStack:       10096 kB
PageTables:         2532 kB
NFS_Unstable:          0 kB
Bounce:                0 kB
WritebackTmp:          0 kB
CommitLimit:    34716468 kB
Committed_AS:     854428 kB
VmallocTotal:   34359738367 kB
VmallocUsed:       44008 kB
VmallocChunk:          0 kB
Percpu:           228096 kB
HardwareCorrupted:     0 kB
AnonHugePages:         0 kB
ShmemHugePages:        0 kB
ShmemPmdMapped:        0 kB
FileHugePages:         0 kB
FilePmdMapped:         0 kB
HugePages_Total:       0
HugePages_Free:        0
HugePages_Rsvd:        0
HugePages_Surp:        0
Hugepagesize:       2048 kB
Hugetlb:               0 kB
DirectMap4k:     2802496 kB
DirectMap2M:     5173248 kB
DirectMap1G:    58720256 kB

