MemTotal:       65439348 kB
MemFree:        64242248 kB
MemAvailable:   63986872 kB
Buffers:           38912 kB
Cached:           283056 kB
SwapCached:            0 kB
Active:           132628 kB
Inactive:         249428 kB
Active(anon):       3220 kB
Inactive(anon):    72348 kB
Active(file):     129408 kB
Inactive(file):   177080 kB
Unevictable:       19496 kB
Mlocked:           19496 kB
SwapTotal:       1996796 kB
SwapFree:        1996796 kB
Dirty:               692 kB
Writeback:             0 kB
AnonPages:         79700 kB
Mapped:            77248 kB
Shmem:              6376 kB
KReclaimable:      68892 kB
Slab:             293368 kB
SReclaimable:      68892 kB
SUnreclaim:       224476 kB
KernelStack:       10048 kB
PageTables:         2412 kB
NFS_Unstable:          0 kB
Bounce:                0 kB
WritebackTmp:          0 kB
CommitLimit:    34716468 kB
Committed_AS:     790620 kB
VmallocTotal:   34359738367 kB
VmallocUsed:       38936 kB
VmallocChunk:          0 kB
Percpu:           110976 kB
HardwareCorrupted:     0 kB
AnonHugePages:         0 kB
ShmemHugePages:        0 kB
ShmemPmdMapped:        0 kB
FileHugePages:         0 kB
FilePmdMapped:         0 kB
HugePages_Total:       0
HugePages_Free:        0
HugePages_Rsvd:        0
HugePages_Surp:        0
Hugepagesize:       2048 kB
Hugetlb:               0 kB
DirectMap4k:     2624320 kB
DirectMap2M:     5351424 kB
DirectMap1G:    58720256 kB

