MemTotal:       65439348 kB
MemFree:        64264744 kB
MemAvailable:   63999292 kB
Buffers:           37900 kB
Cached:           274428 kB
SwapCached:            0 kB
Active:           130732 kB
Inactive:         243948 kB
Active(anon):       3224 kB
Inactive(anon):    74604 kB
Active(file):     127508 kB
Inactive(file):   169344 kB
Unevictable:       19496 kB
Mlocked:           19496 kB
SwapTotal:       1996796 kB
SwapFree:        1996796 kB
Dirty:               764 kB
Writeback:             0 kB
AnonPages:         82336 kB
Mapped:            77508 kB
Shmem:              6376 kB
KReclaimable:      68016 kB
Slab:             291720 kB
SReclaimable:      68016 kB
SUnreclaim:       223704 kB
KernelStack:       10032 kB
PageTables:         2060 kB
NFS_Unstable:          0 kB
Bounce:                0 kB
WritebackTmp:          0 kB
CommitLimit:    34716468 kB
Committed_AS:     790356 kB
VmallocTotal:   34359738367 kB
VmallocUsed:       38404 kB
VmallocChunk:          0 kB
Percpu:           102528 kB
HardwareCorrupted:     0 kB
AnonHugePages:         0 kB
ShmemHugePages:        0 kB
ShmemPmdMapped:        0 kB
FileHugePages:         0 kB
FilePmdMapped:         0 kB
HugePages_Total:       0
HugePages_Free:        0
HugePages_Rsvd:        0
HugePages_Surp:        0
Hugepagesize:       2048 kB
Hugetlb:               0 kB
DirectMap4k:     2493248 kB
DirectMap2M:     5482496 kB
DirectMap1G:    58720256 kB

