MemTotal:       65439348 kB
MemFree:        64135836 kB
MemAvailable:   63934792 kB
Buffers:           44336 kB
Cached:           329420 kB
SwapCached:            0 kB
Active:           140096 kB
Inactive:         299368 kB
Active(anon):       3252 kB
Inactive(anon):    77940 kB
Active(file):     136844 kB
Inactive(file):   221428 kB
Unevictable:       19496 kB
Mlocked:           19496 kB
SwapTotal:       1996796 kB
SwapFree:        1996796 kB
Dirty:               692 kB
Writeback:             0 kB
AnonPages:         85672 kB
Mapped:            89492 kB
Shmem:              6384 kB
KReclaimable:      73988 kB
Slab:             301976 kB
SReclaimable:      73988 kB
SUnreclaim:       227988 kB
KernelStack:       10128 kB
PageTables:         2560 kB
NFS_Unstable:          0 kB
Bounce:                0 kB
WritebackTmp:          0 kB
CommitLimit:    34716468 kB
Committed_AS:     837872 kB
VmallocTotal:   34359738367 kB
VmallocUsed:       40796 kB
VmallocChunk:          0 kB
Percpu:           146688 kB
HardwareCorrupted:     0 kB
AnonHugePages:         0 kB
ShmemHugePages:        0 kB
ShmemPmdMapped:        0 kB
FileHugePages:         0 kB
FilePmdMapped:         0 kB
HugePages_Total:       0
HugePages_Free:        0
HugePages_Rsvd:        0
HugePages_Surp:        0
Hugepagesize:       2048 kB
Hugetlb:               0 kB
DirectMap4k:     2706240 kB
DirectMap2M:     5269504 kB
DirectMap1G:    58720256 kB

