MemTotal:       65439348 kB
MemFree:        64138216 kB
MemAvailable:   63937368 kB
Buffers:           44364 kB
Cached:           329588 kB
SwapCached:            0 kB
Active:           140108 kB
Inactive:         299936 kB
Active(anon):       3244 kB
Inactive(anon):    78336 kB
Active(file):     136864 kB
Inactive(file):   221600 kB
Unevictable:       19496 kB
Mlocked:           19496 kB
SwapTotal:       1996796 kB
SwapFree:        1996796 kB
Dirty:               156 kB
Writeback:             0 kB
AnonPages:         85640 kB
Mapped:            89560 kB
Shmem:              6380 kB
KReclaimable:      74000 kB
Slab:             302124 kB
SReclaimable:      74000 kB
SUnreclaim:       228124 kB
KernelStack:       10128 kB
PageTables:         2572 kB
NFS_Unstable:          0 kB
Bounce:                0 kB
WritebackTmp:          0 kB
CommitLimit:    34716468 kB
Committed_AS:     838256 kB
VmallocTotal:   34359738367 kB
VmallocUsed:       40828 kB
VmallocChunk:          0 kB
Percpu:           146688 kB
HardwareCorrupted:     0 kB
AnonHugePages:         0 kB
ShmemHugePages:        0 kB
ShmemPmdMapped:        0 kB
FileHugePages:         0 kB
FilePmdMapped:         0 kB
HugePages_Total:       0
HugePages_Free:        0
HugePages_Rsvd:        0
HugePages_Surp:        0
Hugepagesize:       2048 kB
Hugetlb:               0 kB
DirectMap4k:     2706240 kB
DirectMap2M:     5269504 kB
DirectMap1G:    58720256 kB

