MemTotal:       65439348 kB
MemFree:        63723356 kB
MemAvailable:   63822504 kB
Buffers:           57304 kB
Cached:           609584 kB
SwapCached:            0 kB
Active:           205244 kB
Inactive:         527772 kB
Active(anon):       3248 kB
Inactive(anon):    78396 kB
Active(file):     201996 kB
Inactive(file):   449376 kB
Unevictable:       19496 kB
Mlocked:           19496 kB
SwapTotal:       1996796 kB
SwapFree:        1996796 kB
Dirty:               172 kB
Writeback:             0 kB
AnonPages:         85772 kB
Mapped:            96944 kB
Shmem:              6380 kB
KReclaimable:      88176 kB
Slab:             325148 kB
SReclaimable:      88176 kB
SUnreclaim:       236972 kB
KernelStack:       10112 kB
PageTables:         2612 kB
NFS_Unstable:          0 kB
Bounce:                0 kB
WritebackTmp:          0 kB
CommitLimit:    34716468 kB
Committed_AS:     854428 kB
VmallocTotal:   34359738367 kB
VmallocUsed:       44524 kB
VmallocChunk:          0 kB
Percpu:           240000 kB
HardwareCorrupted:     0 kB
AnonHugePages:         0 kB
ShmemHugePages:        0 kB
ShmemPmdMapped:        0 kB
FileHugePages:         0 kB
FilePmdMapped:         0 kB
HugePages_Total:       0
HugePages_Free:        0
HugePages_Rsvd:        0
HugePages_Surp:        0
Hugepagesize:       2048 kB
Hugetlb:               0 kB
DirectMap4k:     2818880 kB
DirectMap2M:     5156864 kB
DirectMap1G:    58720256 kB

