MemTotal:       65439348 kB
MemFree:        64292148 kB
MemAvailable:   64009240 kB
Buffers:           35632 kB
Cached:           260232 kB
SwapCached:            0 kB
Active:           128404 kB
Inactive:         227584 kB
Active(anon):       3208 kB
Inactive(anon):    72432 kB
Active(file):     125196 kB
Inactive(file):   155152 kB
Unevictable:       19496 kB
Mlocked:           19496 kB
SwapTotal:       1996796 kB
SwapFree:        1996796 kB
Dirty:               840 kB
Writeback:             0 kB
AnonPages:         79788 kB
Mapped:            75156 kB
Shmem:              6376 kB
KReclaimable:      66108 kB
Slab:             288552 kB
SReclaimable:      66108 kB
SUnreclaim:       222444 kB
KernelStack:        9968 kB
PageTables:         2392 kB
NFS_Unstable:          0 kB
Bounce:                0 kB
WritebackTmp:          0 kB
CommitLimit:    34716468 kB
Committed_AS:     790612 kB
VmallocTotal:   34359738367 kB
VmallocUsed:       38340 kB
VmallocChunk:          0 kB
Percpu:            96576 kB
HardwareCorrupted:     0 kB
AnonHugePages:         0 kB
ShmemHugePages:        0 kB
ShmemPmdMapped:        0 kB
FileHugePages:         0 kB
FilePmdMapped:         0 kB
HugePages_Total:       0
HugePages_Free:        0
HugePages_Rsvd:        0
HugePages_Surp:        0
Hugepagesize:       2048 kB
Hugetlb:               0 kB
DirectMap4k:     2265920 kB
DirectMap2M:     5709824 kB
DirectMap1G:    58720256 kB

