MemTotal:       65439348 kB
MemFree:        63797228 kB
MemAvailable:   63862864 kB
Buffers:           52932 kB
Cached:           582160 kB
SwapCached:            0 kB
Active:           200212 kB
Inactive:         497500 kB
Active(anon):       3240 kB
Inactive(anon):    74852 kB
Active(file):     196972 kB
Inactive(file):   422648 kB
Unevictable:       19496 kB
Mlocked:           19496 kB
SwapTotal:       1996796 kB
SwapFree:        1996796 kB
Dirty:               952 kB
Writeback:             0 kB
AnonPages:         82224 kB
Mapped:            85596 kB
Shmem:              6372 kB
KReclaimable:      84652 kB
Slab:             318992 kB
SReclaimable:      84652 kB
SUnreclaim:       234340 kB
KernelStack:        9984 kB
PageTables:         2568 kB
NFS_Unstable:          0 kB
Bounce:                0 kB
WritebackTmp:          0 kB
CommitLimit:    34716468 kB
Committed_AS:     807648 kB
VmallocTotal:   34359738367 kB
VmallocUsed:       43324 kB
VmallocChunk:          0 kB
Percpu:           209856 kB
HardwareCorrupted:     0 kB
AnonHugePages:         0 kB
ShmemHugePages:        0 kB
ShmemPmdMapped:        0 kB
FileHugePages:         0 kB
FilePmdMapped:         0 kB
HugePages_Total:       0
HugePages_Free:        0
HugePages_Rsvd:        0
HugePages_Surp:        0
Hugepagesize:       2048 kB
Hugetlb:               0 kB
DirectMap4k:     2782016 kB
DirectMap2M:     5193728 kB
DirectMap1G:    58720256 kB

