MemTotal:       65439348 kB
MemFree:        64253652 kB
MemAvailable:   63993428 kB
Buffers:           38412 kB
Cached:           278960 kB
SwapCached:            0 kB
Active:           131232 kB
Inactive:         246480 kB
Active(anon):       3212 kB
Inactive(anon):    72604 kB
Active(file):     128020 kB
Inactive(file):   173876 kB
Unevictable:       19496 kB
Mlocked:           19496 kB
SwapTotal:       1996796 kB
SwapFree:        1996796 kB
Dirty:               392 kB
Writeback:             0 kB
AnonPages:         79872 kB
Mapped:            76856 kB
Shmem:              6376 kB
KReclaimable:      68384 kB
Slab:             291184 kB
SReclaimable:      68384 kB
SUnreclaim:       222800 kB
KernelStack:       10032 kB
PageTables:         2404 kB
NFS_Unstable:          0 kB
Bounce:                0 kB
WritebackTmp:          0 kB
CommitLimit:    34716468 kB
Committed_AS:     790360 kB
VmallocTotal:   34359738367 kB
VmallocUsed:       38548 kB
VmallocChunk:          0 kB
Percpu:           106752 kB
HardwareCorrupted:     0 kB
AnonHugePages:         0 kB
ShmemHugePages:        0 kB
ShmemPmdMapped:        0 kB
FileHugePages:         0 kB
FilePmdMapped:         0 kB
HugePages_Total:       0
HugePages_Free:        0
HugePages_Rsvd:        0
HugePages_Surp:        0
Hugepagesize:       2048 kB
Hugetlb:               0 kB
DirectMap4k:     2564928 kB
DirectMap2M:     5410816 kB
DirectMap1G:    58720256 kB

