MemTotal:       65439348 kB
MemFree:        63827132 kB
MemAvailable:   63877832 kB
Buffers:           51276 kB
Cached:           569772 kB
SwapCached:            0 kB
Active:           198548 kB
Inactive:         484712 kB
Active(anon):       3248 kB
Inactive(anon):    74456 kB
Active(file):     195300 kB
Inactive(file):   410256 kB
Unevictable:       19496 kB
Mlocked:           19496 kB
SwapTotal:       1996796 kB
SwapFree:        1996796 kB
Dirty:               588 kB
Writeback:             0 kB
AnonPages:         81752 kB
Mapped:            84624 kB
Shmem:              6376 kB
KReclaimable:      82908 kB
Slab:             315492 kB
SReclaimable:      82908 kB
SUnreclaim:       232584 kB
KernelStack:       10288 kB
PageTables:         2984 kB
NFS_Unstable:          0 kB
Bounce:                0 kB
WritebackTmp:          0 kB
CommitLimit:    34716468 kB
Committed_AS:     807392 kB
VmallocTotal:   34359738367 kB
VmallocUsed:       42420 kB
VmallocChunk:          0 kB
Percpu:           196608 kB
HardwareCorrupted:     0 kB
AnonHugePages:         0 kB
ShmemHugePages:        0 kB
ShmemPmdMapped:        0 kB
FileHugePages:         0 kB
FilePmdMapped:         0 kB
HugePages_Total:       0
HugePages_Free:        0
HugePages_Rsvd:        0
HugePages_Surp:        0
Hugepagesize:       2048 kB
Hugetlb:               0 kB
DirectMap4k:     2767680 kB
DirectMap2M:     5208064 kB
DirectMap1G:    58720256 kB

