MemTotal:       65439348 kB
MemFree:        64322232 kB
MemAvailable:   64018320 kB
Buffers:           31088 kB
Cached:           247080 kB
SwapCached:            0 kB
Active:           122232 kB
Inactive:         216008 kB
Active(anon):       3216 kB
Inactive(anon):    72348 kB
Active(file):     119016 kB
Inactive(file):   143660 kB
Unevictable:       19496 kB
Mlocked:           19496 kB
SwapTotal:       1996796 kB
SwapFree:        1996796 kB
Dirty:               736 kB
Writeback:             0 kB
AnonPages:         79668 kB
Mapped:            74288 kB
Shmem:              6376 kB
KReclaimable:      56236 kB
Slab:             276400 kB
SReclaimable:      56236 kB
SUnreclaim:       220164 kB
KernelStack:        9952 kB
PageTables:         2388 kB
NFS_Unstable:          0 kB
Bounce:                0 kB
WritebackTmp:          0 kB
CommitLimit:    34716468 kB
Committed_AS:     790360 kB
VmallocTotal:   34359738367 kB
VmallocUsed:       38388 kB
VmallocChunk:          0 kB
Percpu:            96576 kB
HardwareCorrupted:     0 kB
AnonHugePages:         0 kB
ShmemHugePages:        0 kB
ShmemPmdMapped:        0 kB
FileHugePages:         0 kB
FilePmdMapped:         0 kB
HugePages_Total:       0
HugePages_Free:        0
HugePages_Rsvd:        0
HugePages_Surp:        0
Hugepagesize:       2048 kB
Hugetlb:               0 kB
DirectMap4k:     2093888 kB
DirectMap2M:     5881856 kB
DirectMap1G:    58720256 kB

