MemTotal:       65439348 kB
MemFree:        64243540 kB
MemAvailable:   63989052 kB
Buffers:           39048 kB
Cached:           283812 kB
SwapCached:            0 kB
Active:           132780 kB
Inactive:         252940 kB
Active(anon):       3228 kB
Inactive(anon):    75144 kB
Active(file):     129552 kB
Inactive(file):   177796 kB
Unevictable:       19496 kB
Mlocked:           19496 kB
SwapTotal:       1996796 kB
SwapFree:        1996796 kB
Dirty:               536 kB
Writeback:             0 kB
AnonPages:         82368 kB
Mapped:            77752 kB
Shmem:              6376 kB
KReclaimable:      68952 kB
Slab:             293296 kB
SReclaimable:      68952 kB
SUnreclaim:       224344 kB
KernelStack:       10080 kB
PageTables:         2412 kB
NFS_Unstable:          0 kB
Bounce:                0 kB
WritebackTmp:          0 kB
CommitLimit:    34716468 kB
Committed_AS:     790364 kB
VmallocTotal:   34359738367 kB
VmallocUsed:       38984 kB
VmallocChunk:          0 kB
Percpu:           111552 kB
HardwareCorrupted:     0 kB
AnonHugePages:         0 kB
ShmemHugePages:        0 kB
ShmemPmdMapped:        0 kB
FileHugePages:         0 kB
FilePmdMapped:         0 kB
HugePages_Total:       0
HugePages_Free:        0
HugePages_Rsvd:        0
HugePages_Surp:        0
Hugepagesize:       2048 kB
Hugetlb:               0 kB
DirectMap4k:     2636608 kB
DirectMap2M:     5339136 kB
DirectMap1G:    58720256 kB

