MemTotal:       65439348 kB
MemFree:        63832116 kB
MemAvailable:   63882568 kB
Buffers:           51244 kB
Cached:           569560 kB
SwapCached:            0 kB
Active:           198528 kB
Inactive:         485272 kB
Active(anon):       3244 kB
Inactive(anon):    75228 kB
Active(file):     195284 kB
Inactive(file):   410044 kB
Unevictable:       19496 kB
Mlocked:           19496 kB
SwapTotal:       1996796 kB
SwapFree:        1996796 kB
Dirty:               612 kB
Writeback:             0 kB
AnonPages:         82412 kB
Mapped:            84260 kB
Shmem:              6376 kB
KReclaimable:      82872 kB
Slab:             314804 kB
SReclaimable:      82872 kB
SUnreclaim:       231932 kB
KernelStack:       10128 kB
PageTables:         2568 kB
NFS_Unstable:          0 kB
Bounce:                0 kB
WritebackTmp:          0 kB
CommitLimit:    34716468 kB
Committed_AS:     807392 kB
VmallocTotal:   34359738367 kB
VmallocUsed:       42292 kB
VmallocChunk:          0 kB
Percpu:           196032 kB
HardwareCorrupted:     0 kB
AnonHugePages:         0 kB
ShmemHugePages:        0 kB
ShmemPmdMapped:        0 kB
FileHugePages:         0 kB
FilePmdMapped:         0 kB
HugePages_Total:       0
HugePages_Free:        0
HugePages_Rsvd:        0
HugePages_Surp:        0
Hugepagesize:       2048 kB
Hugetlb:               0 kB
DirectMap4k:     2763584 kB
DirectMap2M:     5212160 kB
DirectMap1G:    58720256 kB

