MemTotal:       65439348 kB
MemFree:        63874640 kB
MemAvailable:   63902468 kB
Buffers:           48480 kB
Cached:           551052 kB
SwapCached:            0 kB
Active:           156792 kB
Inactive:         504972 kB
Active(anon):       3244 kB
Inactive(anon):    74476 kB
Active(file):     153548 kB
Inactive(file):   430496 kB
Unevictable:       19496 kB
Mlocked:           19496 kB
SwapTotal:       1996796 kB
SwapFree:        1996796 kB
Dirty:               260 kB
Writeback:             0 kB
AnonPages:         82276 kB
Mapped:            83552 kB
Shmem:              6380 kB
KReclaimable:      80188 kB
Slab:             312028 kB
SReclaimable:      80188 kB
SUnreclaim:       231840 kB
KernelStack:       10016 kB
PageTables:         2308 kB
NFS_Unstable:          0 kB
Bounce:                0 kB
WritebackTmp:          0 kB
CommitLimit:    34716468 kB
Committed_AS:     799204 kB
VmallocTotal:   34359738367 kB
VmallocUsed:       41712 kB
VmallocChunk:          0 kB
Percpu:           177216 kB
HardwareCorrupted:     0 kB
AnonHugePages:         0 kB
ShmemHugePages:        0 kB
ShmemPmdMapped:        0 kB
FileHugePages:         0 kB
FilePmdMapped:         0 kB
HugePages_Total:       0
HugePages_Free:        0
HugePages_Rsvd:        0
HugePages_Surp:        0
Hugepagesize:       2048 kB
Hugetlb:               0 kB
DirectMap4k:     2745152 kB
DirectMap2M:     5230592 kB
DirectMap1G:    58720256 kB

