MemTotal:       65439348 kB
MemFree:        64190748 kB
MemAvailable:   63964084 kB
Buffers:           41196 kB
Cached:           308484 kB
SwapCached:            0 kB
Active:           136612 kB
Inactive:         278916 kB
Active(anon):       3244 kB
Inactive(anon):    78100 kB
Active(file):     133368 kB
Inactive(file):   200816 kB
Unevictable:       19496 kB
Mlocked:           19496 kB
SwapTotal:       1996796 kB
SwapFree:        1996796 kB
Dirty:               796 kB
Writeback:             0 kB
AnonPages:         85436 kB
Mapped:            87920 kB
Shmem:              6380 kB
KReclaimable:      70928 kB
Slab:             296220 kB
SReclaimable:      70928 kB
SUnreclaim:       225292 kB
KernelStack:       10144 kB
PageTables:         2576 kB
NFS_Unstable:          0 kB
Bounce:                0 kB
WritebackTmp:          0 kB
CommitLimit:    34716468 kB
Committed_AS:     837868 kB
VmallocTotal:   34359738367 kB
VmallocUsed:       39716 kB
VmallocChunk:          0 kB
Percpu:           123840 kB
HardwareCorrupted:     0 kB
AnonHugePages:         0 kB
ShmemHugePages:        0 kB
ShmemPmdMapped:        0 kB
FileHugePages:         0 kB
FilePmdMapped:         0 kB
HugePages_Total:       0
HugePages_Free:        0
HugePages_Rsvd:        0
HugePages_Surp:        0
Hugepagesize:       2048 kB
Hugetlb:               0 kB
DirectMap4k:     2673472 kB
DirectMap2M:     5302272 kB
DirectMap1G:    58720256 kB

