MemTotal:       65439348 kB
MemFree:        63893600 kB
MemAvailable:   63894832 kB
Buffers:           45336 kB
Cached:           529060 kB
SwapCached:            0 kB
Active:           152416 kB
Inactive:         521952 kB
Active(anon):       3276 kB
Inactive(anon):   112188 kB
Active(file):     149140 kB
Inactive(file):   409764 kB
Unevictable:       19496 kB
Mlocked:           19496 kB
SwapTotal:       1996796 kB
SwapFree:        1996796 kB
Dirty:               436 kB
Writeback:             0 kB
AnonPages:        119964 kB
Mapped:           121920 kB
Shmem:              6384 kB
KReclaimable:      77276 kB
Slab:             306064 kB
SReclaimable:      77276 kB
SUnreclaim:       228788 kB
KernelStack:       10128 kB
PageTables:         3144 kB
NFS_Unstable:          0 kB
Bounce:                0 kB
WritebackTmp:          0 kB
CommitLimit:    34716468 kB
Committed_AS:     888572 kB
VmallocTotal:   34359738367 kB
VmallocUsed:       40628 kB
VmallocChunk:          0 kB
Percpu:           153792 kB
HardwareCorrupted:     0 kB
AnonHugePages:         0 kB
ShmemHugePages:        0 kB
ShmemPmdMapped:        0 kB
FileHugePages:         0 kB
FilePmdMapped:         0 kB
HugePages_Total:       0
HugePages_Free:        0
HugePages_Rsvd:        0
HugePages_Surp:        0
Hugepagesize:       2048 kB
Hugetlb:               0 kB
DirectMap4k:     2714432 kB
DirectMap2M:     5261312 kB
DirectMap1G:    58720256 kB

