MemTotal:       65439348 kB
MemFree:        64145840 kB
MemAvailable:   63941364 kB
Buffers:           43940 kB
Cached:           326588 kB
SwapCached:            0 kB
Active:           139708 kB
Inactive:         297188 kB
Active(anon):       3260 kB
Inactive(anon):    78592 kB
Active(file):     136448 kB
Inactive(file):   218596 kB
Unevictable:       19496 kB
Mlocked:           19496 kB
SwapTotal:       1996796 kB
SwapFree:        1996796 kB
Dirty:               236 kB
Writeback:             0 kB
AnonPages:         86412 kB
Mapped:            89344 kB
Shmem:              6384 kB
KReclaimable:      73580 kB
Slab:             302124 kB
SReclaimable:      73580 kB
SUnreclaim:       228544 kB
KernelStack:       10096 kB
PageTables:         2584 kB
NFS_Unstable:          0 kB
Bounce:                0 kB
WritebackTmp:          0 kB
CommitLimit:    34716468 kB
Committed_AS:     837876 kB
VmallocTotal:   34359738367 kB
VmallocUsed:       40296 kB
VmallocChunk:          0 kB
Percpu:           143616 kB
HardwareCorrupted:     0 kB
AnonHugePages:         0 kB
ShmemHugePages:        0 kB
ShmemPmdMapped:        0 kB
FileHugePages:         0 kB
FilePmdMapped:         0 kB
HugePages_Total:       0
HugePages_Free:        0
HugePages_Rsvd:        0
HugePages_Surp:        0
Hugepagesize:       2048 kB
Hugetlb:               0 kB
DirectMap4k:     2702144 kB
DirectMap2M:     5273600 kB
DirectMap1G:    58720256 kB

