MemTotal:       65439348 kB
MemFree:        63914432 kB
MemAvailable:   63923900 kB
Buffers:           46324 kB
Cached:           535832 kB
SwapCached:            0 kB
Active:           154620 kB
Inactive:         487928 kB
Active(anon):       3244 kB
Inactive(anon):    72640 kB
Active(file):     151376 kB
Inactive(file):   415288 kB
Unevictable:       19496 kB
Mlocked:           19496 kB
SwapTotal:       1996796 kB
SwapFree:        1996796 kB
Dirty:               144 kB
Writeback:             0 kB
AnonPages:         80016 kB
Mapped:            81672 kB
Shmem:              6376 kB
KReclaimable:      78228 kB
Slab:             307356 kB
SReclaimable:      78228 kB
SUnreclaim:       229128 kB
KernelStack:       10032 kB
PageTables:         2436 kB
NFS_Unstable:          0 kB
Bounce:                0 kB
WritebackTmp:          0 kB
CommitLimit:    34716468 kB
Committed_AS:     799588 kB
VmallocTotal:   34359738367 kB
VmallocUsed:       41148 kB
VmallocChunk:          0 kB
Percpu:           161664 kB
HardwareCorrupted:     0 kB
AnonHugePages:         0 kB
ShmemHugePages:        0 kB
ShmemPmdMapped:        0 kB
FileHugePages:         0 kB
FilePmdMapped:         0 kB
HugePages_Total:       0
HugePages_Free:        0
HugePages_Rsvd:        0
HugePages_Surp:        0
Hugepagesize:       2048 kB
Hugetlb:               0 kB
DirectMap4k:     2724672 kB
DirectMap2M:     5251072 kB
DirectMap1G:    58720256 kB

