MemTotal:       65439348 kB
MemFree:        64241300 kB
MemAvailable:   63986552 kB
Buffers:           38988 kB
Cached:           283588 kB
SwapCached:            0 kB
Active:           132708 kB
Inactive:         250456 kB
Active(anon):       3228 kB
Inactive(anon):    72848 kB
Active(file):     129480 kB
Inactive(file):   177608 kB
Unevictable:       19496 kB
Mlocked:           19496 kB
SwapTotal:       1996796 kB
SwapFree:        1996796 kB
Dirty:               676 kB
Writeback:             0 kB
AnonPages:         80256 kB
Mapped:            78396 kB
Shmem:              6376 kB
KReclaimable:      68952 kB
Slab:             293568 kB
SReclaimable:      68952 kB
SUnreclaim:       224616 kB
KernelStack:       10112 kB
PageTables:         2588 kB
NFS_Unstable:          0 kB
Bounce:                0 kB
WritebackTmp:          0 kB
CommitLimit:    34716468 kB
Committed_AS:     790364 kB
VmallocTotal:   34359738367 kB
VmallocUsed:       39000 kB
VmallocChunk:          0 kB
Percpu:           111552 kB
HardwareCorrupted:     0 kB
AnonHugePages:         0 kB
ShmemHugePages:        0 kB
ShmemPmdMapped:        0 kB
FileHugePages:         0 kB
FilePmdMapped:         0 kB
HugePages_Total:       0
HugePages_Free:        0
HugePages_Rsvd:        0
HugePages_Surp:        0
Hugepagesize:       2048 kB
Hugetlb:               0 kB
DirectMap4k:     2632512 kB
DirectMap2M:     5343232 kB
DirectMap1G:    58720256 kB

