MemTotal:       65439348 kB
MemFree:        63850680 kB
MemAvailable:   63893732 kB
Buffers:           50268 kB
Cached:           563544 kB
SwapCached:            0 kB
Active:           197552 kB
Inactive:         477100 kB
Active(anon):       3244 kB
Inactive(anon):    73072 kB
Active(file):     194308 kB
Inactive(file):   404028 kB
Unevictable:       19496 kB
Mlocked:           19496 kB
SwapTotal:       1996796 kB
SwapFree:        1996796 kB
Dirty:               700 kB
Writeback:             0 kB
AnonPages:         80432 kB
Mapped:            83808 kB
Shmem:              6376 kB
KReclaimable:      82052 kB
Slab:             312776 kB
SReclaimable:      82052 kB
SUnreclaim:       230724 kB
KernelStack:       10000 kB
PageTables:         2488 kB
NFS_Unstable:          0 kB
Bounce:                0 kB
WritebackTmp:          0 kB
CommitLimit:    34716468 kB
Committed_AS:     799200 kB
VmallocTotal:   34359738367 kB
VmallocUsed:       42148 kB
VmallocChunk:          0 kB
Percpu:           189312 kB
HardwareCorrupted:     0 kB
AnonHugePages:         0 kB
ShmemHugePages:        0 kB
ShmemPmdMapped:        0 kB
FileHugePages:         0 kB
FilePmdMapped:         0 kB
HugePages_Total:       0
HugePages_Free:        0
HugePages_Rsvd:        0
HugePages_Surp:        0
Hugepagesize:       2048 kB
Hugetlb:               0 kB
DirectMap4k:     2755392 kB
DirectMap2M:     5220352 kB
DirectMap1G:    58720256 kB

