MemTotal:       65439348 kB
MemFree:        64293440 kB
MemAvailable:   64007056 kB
Buffers:           35184 kB
Cached:           257340 kB
SwapCached:            0 kB
Active:           128012 kB
Inactive:         226552 kB
Active(anon):       3224 kB
Inactive(anon):    74292 kB
Active(file):     124788 kB
Inactive(file):   152260 kB
Unevictable:       19496 kB
Mlocked:           19496 kB
SwapTotal:       1996796 kB
SwapFree:        1996796 kB
Dirty:               604 kB
Writeback:             0 kB
AnonPages:         81672 kB
Mapped:            76376 kB
Shmem:              6376 kB
KReclaimable:      65760 kB
Slab:             286704 kB
SReclaimable:      65760 kB
SUnreclaim:       220944 kB
KernelStack:       10144 kB
PageTables:         2920 kB
NFS_Unstable:          0 kB
Bounce:                0 kB
WritebackTmp:          0 kB
CommitLimit:    34716468 kB
Committed_AS:     790356 kB
VmallocTotal:   34359738367 kB
VmallocUsed:       38516 kB
VmallocChunk:          0 kB
Percpu:            96576 kB
HardwareCorrupted:     0 kB
AnonHugePages:         0 kB
ShmemHugePages:        0 kB
ShmemPmdMapped:        0 kB
FileHugePages:         0 kB
FilePmdMapped:         0 kB
HugePages_Total:       0
HugePages_Free:        0
HugePages_Rsvd:        0
HugePages_Surp:        0
Hugepagesize:       2048 kB
Hugetlb:               0 kB
DirectMap4k:     2214720 kB
DirectMap2M:     5761024 kB
DirectMap1G:    58720256 kB

