MemTotal:       65439348 kB
MemFree:        63890988 kB
MemAvailable:   63911484 kB
Buffers:           47624 kB
Cached:           545048 kB
SwapCached:            0 kB
Active:           155932 kB
Inactive:         497256 kB
Active(anon):       3244 kB
Inactive(anon):    72752 kB
Active(file):     152688 kB
Inactive(file):   424504 kB
Unevictable:       19496 kB
Mlocked:           19496 kB
SwapTotal:       1996796 kB
SwapFree:        1996796 kB
Dirty:               684 kB
Writeback:             0 kB
AnonPages:         80108 kB
Mapped:            82388 kB
Shmem:              6376 kB
KReclaimable:      79232 kB
Slab:             308716 kB
SReclaimable:      79232 kB
SUnreclaim:       229484 kB
KernelStack:       10080 kB
PageTables:         2428 kB
NFS_Unstable:          0 kB
Bounce:                0 kB
WritebackTmp:          0 kB
CommitLimit:    34716468 kB
Committed_AS:     799592 kB
VmallocTotal:   34359738367 kB
VmallocUsed:       41744 kB
VmallocChunk:          0 kB
Percpu:           171264 kB
HardwareCorrupted:     0 kB
AnonHugePages:         0 kB
ShmemHugePages:        0 kB
ShmemPmdMapped:        0 kB
FileHugePages:         0 kB
FilePmdMapped:         0 kB
HugePages_Total:       0
HugePages_Free:        0
HugePages_Rsvd:        0
HugePages_Surp:        0
Hugepagesize:       2048 kB
Hugetlb:               0 kB
DirectMap4k:     2736960 kB
DirectMap2M:     5238784 kB
DirectMap1G:    58720256 kB

