MemTotal:       65439348 kB
MemFree:        63813888 kB
MemAvailable:   63872728 kB
Buffers:           52204 kB
Cached:           576492 kB
SwapCached:            0 kB
Active:           199476 kB
Inactive:         492028 kB
Active(anon):       3240 kB
Inactive(anon):    75056 kB
Active(file):     196236 kB
Inactive(file):   416972 kB
Unevictable:       19496 kB
Mlocked:           19496 kB
SwapTotal:       1996796 kB
SwapFree:        1996796 kB
Dirty:               644 kB
Writeback:             0 kB
AnonPages:         82448 kB
Mapped:            85320 kB
Shmem:              6380 kB
KReclaimable:      83884 kB
Slab:             318408 kB
SReclaimable:      83884 kB
SUnreclaim:       234524 kB
KernelStack:       10032 kB
PageTables:         2676 kB
NFS_Unstable:          0 kB
Bounce:                0 kB
WritebackTmp:          0 kB
CommitLimit:    34716468 kB
Committed_AS:     808036 kB
VmallocTotal:   34359738367 kB
VmallocUsed:       42696 kB
VmallocChunk:          0 kB
Percpu:           203712 kB
HardwareCorrupted:     0 kB
AnonHugePages:         0 kB
ShmemHugePages:        0 kB
ShmemPmdMapped:        0 kB
FileHugePages:         0 kB
FilePmdMapped:         0 kB
HugePages_Total:       0
HugePages_Free:        0
HugePages_Rsvd:        0
HugePages_Surp:        0
Hugepagesize:       2048 kB
Hugetlb:               0 kB
DirectMap4k:     2773824 kB
DirectMap2M:     5201920 kB
DirectMap1G:    58720256 kB

