MemTotal:       65439348 kB
MemFree:        64327372 kB
MemAvailable:   64020460 kB
Buffers:           30136 kB
Cached:           242236 kB
SwapCached:            0 kB
Active:           121312 kB
Inactive:         212456 kB
Active(anon):       3232 kB
Inactive(anon):    73644 kB
Active(file):     118080 kB
Inactive(file):   138812 kB
Unevictable:       19496 kB
Mlocked:           19496 kB
SwapTotal:       1996796 kB
SwapFree:        1996796 kB
Dirty:               588 kB
Writeback:             0 kB
AnonPages:         80904 kB
Mapped:            74164 kB
Shmem:              6380 kB
KReclaimable:      56020 kB
Slab:             276568 kB
SReclaimable:      56020 kB
SUnreclaim:       220548 kB
KernelStack:        9904 kB
PageTables:         2384 kB
NFS_Unstable:          0 kB
Bounce:                0 kB
WritebackTmp:          0 kB
CommitLimit:    34716468 kB
Committed_AS:     790100 kB
VmallocTotal:   34359738367 kB
VmallocUsed:       38308 kB
VmallocChunk:          0 kB
Percpu:            96576 kB
HardwareCorrupted:     0 kB
AnonHugePages:         0 kB
ShmemHugePages:        0 kB
ShmemPmdMapped:        0 kB
FileHugePages:         0 kB
FilePmdMapped:         0 kB
HugePages_Total:       0
HugePages_Free:        0
HugePages_Rsvd:        0
HugePages_Surp:        0
Hugepagesize:       2048 kB
Hugetlb:               0 kB
DirectMap4k:     2026304 kB
DirectMap2M:     5949440 kB
DirectMap1G:    58720256 kB

