MemTotal:       65439348 kB
MemFree:        63779884 kB
MemAvailable:   63854380 kB
Buffers:           54196 kB
Cached:           589320 kB
SwapCached:            0 kB
Active:           201492 kB
Inactive:         504848 kB
Active(anon):       3252 kB
Inactive(anon):    75048 kB
Active(file):     198240 kB
Inactive(file):   429800 kB
Unevictable:       19496 kB
Mlocked:           19496 kB
SwapTotal:       1996796 kB
SwapFree:        1996796 kB
Dirty:               800 kB
Writeback:             0 kB
AnonPages:         82380 kB
Mapped:            86320 kB
Shmem:              6376 kB
KReclaimable:      85536 kB
Slab:             319932 kB
SReclaimable:      85536 kB
SUnreclaim:       234396 kB
KernelStack:       10080 kB
PageTables:         2316 kB
NFS_Unstable:          0 kB
Bounce:                0 kB
WritebackTmp:          0 kB
CommitLimit:    34716468 kB
Committed_AS:     807652 kB
VmallocTotal:   34359738367 kB
VmallocUsed:       43340 kB
VmallocChunk:          0 kB
Percpu:           217728 kB
HardwareCorrupted:     0 kB
AnonHugePages:         0 kB
ShmemHugePages:        0 kB
ShmemPmdMapped:        0 kB
FileHugePages:         0 kB
FilePmdMapped:         0 kB
HugePages_Total:       0
HugePages_Free:        0
HugePages_Rsvd:        0
HugePages_Surp:        0
Hugepagesize:       2048 kB
Hugetlb:               0 kB
DirectMap4k:     2790208 kB
DirectMap2M:     5185536 kB
DirectMap1G:    58720256 kB

