MemTotal:       65439348 kB
MemFree:        63719352 kB
MemAvailable:   63824292 kB
Buffers:           57976 kB
Cached:           614376 kB
SwapCached:            0 kB
Active:           210884 kB
Inactive:         522288 kB
Active(anon):       3236 kB
Inactive(anon):    73060 kB
Active(file):     207648 kB
Inactive(file):   449228 kB
Unevictable:       19496 kB
Mlocked:           19496 kB
SwapTotal:       1996796 kB
SwapFree:        1996796 kB
Dirty:               660 kB
Writeback:             0 kB
AnonPages:         80280 kB
Mapped:            87980 kB
Shmem:              6376 kB
KReclaimable:      88752 kB
Slab:             326484 kB
SReclaimable:      88752 kB
SUnreclaim:       237732 kB
KernelStack:        9936 kB
PageTables:         2432 kB
NFS_Unstable:          0 kB
Bounce:                0 kB
WritebackTmp:          0 kB
CommitLimit:    34716468 kB
Committed_AS:     807648 kB
VmallocTotal:   34359738367 kB
VmallocUsed:       44212 kB
VmallocChunk:          0 kB
Percpu:           244800 kB
HardwareCorrupted:     0 kB
AnonHugePages:         0 kB
ShmemHugePages:        0 kB
ShmemPmdMapped:        0 kB
FileHugePages:         0 kB
FilePmdMapped:         0 kB
HugePages_Total:       0
HugePages_Free:        0
HugePages_Rsvd:        0
HugePages_Surp:        0
Hugepagesize:       2048 kB
Hugetlb:               0 kB
DirectMap4k:     2822976 kB
DirectMap2M:     5152768 kB
DirectMap1G:    58720256 kB

