MemTotal:       65439348 kB
MemFree:        63915396 kB
MemAvailable:   63923792 kB
Buffers:           46160 kB
Cached:           534952 kB
SwapCached:            0 kB
Active:           154468 kB
Inactive:         488972 kB
Active(anon):       3248 kB
Inactive(anon):    74564 kB
Active(file):     151220 kB
Inactive(file):   414408 kB
Unevictable:       19496 kB
Mlocked:           19496 kB
SwapTotal:       1996796 kB
SwapFree:        1996796 kB
Dirty:               668 kB
Writeback:             0 kB
AnonPages:         82280 kB
Mapped:            82288 kB
Shmem:              6376 kB
KReclaimable:      78156 kB
Slab:             306788 kB
SReclaimable:      78156 kB
SUnreclaim:       228632 kB
KernelStack:       10128 kB
PageTables:         2796 kB
NFS_Unstable:          0 kB
Bounce:                0 kB
WritebackTmp:          0 kB
CommitLimit:    34716468 kB
Committed_AS:     799204 kB
VmallocTotal:   34359738367 kB
VmallocUsed:       41244 kB
VmallocChunk:          0 kB
Percpu:           160512 kB
HardwareCorrupted:     0 kB
AnonHugePages:         0 kB
ShmemHugePages:        0 kB
ShmemPmdMapped:        0 kB
FileHugePages:         0 kB
FilePmdMapped:         0 kB
HugePages_Total:       0
HugePages_Free:        0
HugePages_Rsvd:        0
HugePages_Surp:        0
Hugepagesize:       2048 kB
Hugetlb:               0 kB
DirectMap4k:     2720576 kB
DirectMap2M:     5255168 kB
DirectMap1G:    58720256 kB

