MemTotal:       65439348 kB
MemFree:        63711528 kB
MemAvailable:   63819784 kB
Buffers:           58368 kB
Cached:           617072 kB
SwapCached:            0 kB
Active:           211292 kB
Inactive:         525360 kB
Active(anon):       3252 kB
Inactive(anon):    73436 kB
Active(file):     208040 kB
Inactive(file):   451924 kB
Unevictable:       19496 kB
Mlocked:           19496 kB
SwapTotal:       1996796 kB
SwapFree:        1996796 kB
Dirty:               616 kB
Writeback:             0 kB
AnonPages:         81224 kB
Mapped:            87940 kB
Shmem:              6376 kB
KReclaimable:      89208 kB
Slab:             326796 kB
SReclaimable:      89208 kB
SUnreclaim:       237588 kB
KernelStack:        9888 kB
PageTables:         2220 kB
NFS_Unstable:          0 kB
Bounce:                0 kB
WritebackTmp:          0 kB
CommitLimit:    34716468 kB
Committed_AS:     807648 kB
VmallocTotal:   34359738367 kB
VmallocUsed:       44292 kB
VmallocChunk:          0 kB
Percpu:           247872 kB
HardwareCorrupted:     0 kB
AnonHugePages:         0 kB
ShmemHugePages:        0 kB
ShmemPmdMapped:        0 kB
FileHugePages:         0 kB
FilePmdMapped:         0 kB
HugePages_Total:       0
HugePages_Free:        0
HugePages_Rsvd:        0
HugePages_Surp:        0
Hugepagesize:       2048 kB
Hugetlb:               0 kB
DirectMap4k:     2825024 kB
DirectMap2M:     5150720 kB
DirectMap1G:    58720256 kB

