MemTotal:       65439348 kB
MemFree:        63823424 kB
MemAvailable:   63860564 kB
Buffers:           49504 kB
Cached:           558816 kB
SwapCached:            0 kB
Active:           196716 kB
Inactive:         509668 kB
Active(anon):       3256 kB
Inactive(anon):   110304 kB
Active(file):     193460 kB
Inactive(file):   399364 kB
Unevictable:       19496 kB
Mlocked:           19496 kB
SwapTotal:       1996796 kB
SwapFree:        1996796 kB
Dirty:               532 kB
Writeback:             0 kB
AnonPages:        117792 kB
Mapped:           123616 kB
Shmem:              6384 kB
KReclaimable:      81252 kB
Slab:             313648 kB
SReclaimable:      81252 kB
SUnreclaim:       232396 kB
KernelStack:       10112 kB
PageTables:         2744 kB
NFS_Unstable:          0 kB
Bounce:                0 kB
WritebackTmp:          0 kB
CommitLimit:    34716468 kB
Committed_AS:     895868 kB
VmallocTotal:   34359738367 kB
VmallocUsed:       42292 kB
VmallocChunk:          0 kB
Percpu:           184512 kB
HardwareCorrupted:     0 kB
AnonHugePages:         0 kB
ShmemHugePages:        0 kB
ShmemPmdMapped:        0 kB
FileHugePages:         0 kB
FilePmdMapped:         0 kB
HugePages_Total:       0
HugePages_Free:        0
HugePages_Rsvd:        0
HugePages_Surp:        0
Hugepagesize:       2048 kB
Hugetlb:               0 kB
DirectMap4k:     2753344 kB
DirectMap2M:     5222400 kB
DirectMap1G:    58720256 kB

