MemTotal:       65439348 kB
MemFree:        64133392 kB
MemAvailable:   63933632 kB
Buffers:           44520 kB
Cached:           330468 kB
SwapCached:            0 kB
Active:           140296 kB
Inactive:         300712 kB
Active(anon):       3268 kB
Inactive(anon):    78232 kB
Active(file):     137028 kB
Inactive(file):   222480 kB
Unevictable:       19496 kB
Mlocked:           19496 kB
SwapTotal:       1996796 kB
SwapFree:        1996796 kB
Dirty:               736 kB
Writeback:             0 kB
AnonPages:         85544 kB
Mapped:            89608 kB
Shmem:              6380 kB
KReclaimable:      74084 kB
Slab:             302540 kB
SReclaimable:      74084 kB
SUnreclaim:       228456 kB
KernelStack:       10192 kB
PageTables:         2688 kB
NFS_Unstable:          0 kB
Bounce:                0 kB
WritebackTmp:          0 kB
CommitLimit:    34716468 kB
Committed_AS:     837868 kB
VmallocTotal:   34359738367 kB
VmallocUsed:       40780 kB
VmallocChunk:          0 kB
Percpu:           147840 kB
HardwareCorrupted:     0 kB
AnonHugePages:         0 kB
ShmemHugePages:        0 kB
ShmemPmdMapped:        0 kB
FileHugePages:         0 kB
FilePmdMapped:         0 kB
HugePages_Total:       0
HugePages_Free:        0
HugePages_Rsvd:        0
HugePages_Surp:        0
Hugepagesize:       2048 kB
Hugetlb:               0 kB
DirectMap4k:     2708288 kB
DirectMap2M:     5267456 kB
DirectMap1G:    58720256 kB

