MemTotal:       65439348 kB
MemFree:        64185420 kB
MemAvailable:   63962576 kB
Buffers:           41656 kB
Cached:           311600 kB
SwapCached:            0 kB
Active:           137060 kB
Inactive:         283532 kB
Active(anon):       3240 kB
Inactive(anon):    79600 kB
Active(file):     133820 kB
Inactive(file):   203932 kB
Unevictable:       19496 kB
Mlocked:           19496 kB
SwapTotal:       1996796 kB
SwapFree:        1996796 kB
Dirty:               552 kB
Writeback:            80 kB
AnonPages:         86916 kB
Mapped:            88272 kB
Shmem:              6380 kB
KReclaimable:      71432 kB
Slab:             297664 kB
SReclaimable:      71432 kB
SUnreclaim:       226232 kB
KernelStack:       10192 kB
PageTables:         2944 kB
NFS_Unstable:          0 kB
Bounce:                0 kB
WritebackTmp:          0 kB
CommitLimit:    34716468 kB
Committed_AS:     837616 kB
VmallocTotal:   34359738367 kB
VmallocUsed:       39572 kB
VmallocChunk:          0 kB
Percpu:           126720 kB
HardwareCorrupted:     0 kB
AnonHugePages:         0 kB
ShmemHugePages:        0 kB
ShmemPmdMapped:        0 kB
FileHugePages:         0 kB
FilePmdMapped:         0 kB
HugePages_Total:       0
HugePages_Free:        0
HugePages_Rsvd:        0
HugePages_Surp:        0
Hugepagesize:       2048 kB
Hugetlb:               0 kB
DirectMap4k:     2675520 kB
DirectMap2M:     5300224 kB
DirectMap1G:    58720256 kB

