MemTotal:       65439348 kB
MemFree:        63907464 kB
MemAvailable:   63919144 kB
Buffers:           46624 kB
Cached:           537652 kB
SwapCached:            0 kB
Active:           154944 kB
Inactive:         490988 kB
Active(anon):       3252 kB
Inactive(anon):    73880 kB
Active(file):     151692 kB
Inactive(file):   417108 kB
Unevictable:       19496 kB
Mlocked:           19496 kB
SwapTotal:       1996796 kB
SwapFree:        1996796 kB
Dirty:               608 kB
Writeback:             0 kB
AnonPages:         81152 kB
Mapped:            83148 kB
Shmem:              6376 kB
KReclaimable:      78380 kB
Slab:             307856 kB
SReclaimable:      78380 kB
SUnreclaim:       229476 kB
KernelStack:       10128 kB
PageTables:         2440 kB
NFS_Unstable:          0 kB
Bounce:                0 kB
WritebackTmp:          0 kB
CommitLimit:    34716468 kB
Committed_AS:     799200 kB
VmallocTotal:   34359738367 kB
VmallocUsed:       41228 kB
VmallocChunk:          0 kB
Percpu:           163392 kB
HardwareCorrupted:     0 kB
AnonHugePages:         0 kB
ShmemHugePages:        0 kB
ShmemPmdMapped:        0 kB
FileHugePages:         0 kB
FilePmdMapped:         0 kB
HugePages_Total:       0
HugePages_Free:        0
HugePages_Rsvd:        0
HugePages_Surp:        0
Hugepagesize:       2048 kB
Hugetlb:               0 kB
DirectMap4k:     2726720 kB
DirectMap2M:     5249024 kB
DirectMap1G:    58720256 kB

