MemTotal:       65439348 kB
MemFree:        63747532 kB
MemAvailable:   63834900 kB
Buffers:           55884 kB
Cached:           599884 kB
SwapCached:            0 kB
Active:           203800 kB
Inactive:         517832 kB
Active(anon):       3244 kB
Inactive(anon):    78156 kB
Active(file):     200556 kB
Inactive(file):   439676 kB
Unevictable:       19496 kB
Mlocked:           19496 kB
SwapTotal:       1996796 kB
SwapFree:        1996796 kB
Dirty:               288 kB
Writeback:             0 kB
AnonPages:         85452 kB
Mapped:            96220 kB
Shmem:              6380 kB
KReclaimable:      86892 kB
Slab:             323332 kB
SReclaimable:      86892 kB
SUnreclaim:       236440 kB
KernelStack:       10128 kB
PageTables:         2620 kB
NFS_Unstable:          0 kB
Bounce:                0 kB
WritebackTmp:          0 kB
CommitLimit:    34716468 kB
Committed_AS:     854424 kB
VmallocTotal:   34359738367 kB
VmallocUsed:       43960 kB
VmallocChunk:          0 kB
Percpu:           229248 kB
HardwareCorrupted:     0 kB
AnonHugePages:         0 kB
ShmemHugePages:        0 kB
ShmemPmdMapped:        0 kB
FileHugePages:         0 kB
FilePmdMapped:         0 kB
HugePages_Total:       0
HugePages_Free:        0
HugePages_Rsvd:        0
HugePages_Surp:        0
Hugepagesize:       2048 kB
Hugetlb:               0 kB
DirectMap4k:     2806592 kB
DirectMap2M:     5169152 kB
DirectMap1G:    58720256 kB

