MemTotal:       65439348 kB
MemFree:        63730860 kB
MemAvailable:   63827760 kB
Buffers:           57092 kB
Cached:           607636 kB
SwapCached:            0 kB
Active:           205068 kB
Inactive:         526752 kB
Active(anon):       3248 kB
Inactive(anon):    79324 kB
Active(file):     201820 kB
Inactive(file):   447428 kB
Unevictable:       19496 kB
Mlocked:           19496 kB
SwapTotal:       1996796 kB
SwapFree:        1996796 kB
Dirty:               656 kB
Writeback:             0 kB
AnonPages:         86572 kB
Mapped:            97572 kB
Shmem:              6380 kB
KReclaimable:      87924 kB
Slab:             324260 kB
SReclaimable:      87924 kB
SUnreclaim:       236336 kB
KernelStack:       10144 kB
PageTables:         2380 kB
NFS_Unstable:          0 kB
Bounce:                0 kB
WritebackTmp:          0 kB
CommitLimit:    34716468 kB
Committed_AS:     854040 kB
VmallocTotal:   34359738367 kB
VmallocUsed:       44620 kB
VmallocChunk:          0 kB
Percpu:           237696 kB
HardwareCorrupted:     0 kB
AnonHugePages:         0 kB
ShmemHugePages:        0 kB
ShmemPmdMapped:        0 kB
FileHugePages:         0 kB
FilePmdMapped:         0 kB
HugePages_Total:       0
HugePages_Free:        0
HugePages_Rsvd:        0
HugePages_Surp:        0
Hugepagesize:       2048 kB
Hugetlb:               0 kB
DirectMap4k:     2812736 kB
DirectMap2M:     5163008 kB
DirectMap1G:    58720256 kB

