MemTotal:       65439348 kB
MemFree:        64241548 kB
MemAvailable:   63984800 kB
Buffers:           38748 kB
Cached:           281920 kB
SwapCached:            0 kB
Active:           132456 kB
Inactive:         250972 kB
Active(anon):       3220 kB
Inactive(anon):    75060 kB
Active(file):     129236 kB
Inactive(file):   175912 kB
Unevictable:       19496 kB
Mlocked:           19496 kB
SwapTotal:       1996796 kB
SwapFree:        1996796 kB
Dirty:               656 kB
Writeback:             0 kB
AnonPages:         82444 kB
Mapped:            77516 kB
Shmem:              6376 kB
KReclaimable:      68832 kB
Slab:             293260 kB
SReclaimable:      68832 kB
SUnreclaim:       224428 kB
KernelStack:       10176 kB
PageTables:         3028 kB
NFS_Unstable:          0 kB
Bounce:                0 kB
WritebackTmp:          0 kB
CommitLimit:    34716468 kB
Committed_AS:     790368 kB
VmallocTotal:   34359738367 kB
VmallocUsed:       39096 kB
VmallocChunk:          0 kB
Percpu:           109824 kB
HardwareCorrupted:     0 kB
AnonHugePages:         0 kB
ShmemHugePages:        0 kB
ShmemPmdMapped:        0 kB
FileHugePages:         0 kB
FilePmdMapped:         0 kB
HugePages_Total:       0
HugePages_Free:        0
HugePages_Rsvd:        0
HugePages_Surp:        0
Hugepagesize:       2048 kB
Hugetlb:               0 kB
DirectMap4k:     2603840 kB
DirectMap2M:     5371904 kB
DirectMap1G:    58720256 kB

