MemTotal:       65439348 kB
MemFree:        63773604 kB
MemAvailable:   63849404 kB
Buffers:           54332 kB
Cached:           590380 kB
SwapCached:            0 kB
Active:           202308 kB
Inactive:         510248 kB
Active(anon):       3248 kB
Inactive(anon):    80076 kB
Active(file):     199060 kB
Inactive(file):   430172 kB
Unevictable:       19496 kB
Mlocked:           19496 kB
SwapTotal:       1996796 kB
SwapFree:        1996796 kB
Dirty:               688 kB
Writeback:             0 kB
AnonPages:         86904 kB
Mapped:            96340 kB
Shmem:              6380 kB
KReclaimable:      85756 kB
Slab:             320944 kB
SReclaimable:      85756 kB
SUnreclaim:       235188 kB
KernelStack:       10336 kB
PageTables:         3132 kB
NFS_Unstable:          0 kB
Bounce:                0 kB
WritebackTmp:          0 kB
CommitLimit:    34716468 kB
Committed_AS:     854036 kB
VmallocTotal:   34359738367 kB
VmallocUsed:       43588 kB
VmallocChunk:          0 kB
Percpu:           219072 kB
HardwareCorrupted:     0 kB
AnonHugePages:         0 kB
ShmemHugePages:        0 kB
ShmemPmdMapped:        0 kB
FileHugePages:         0 kB
FilePmdMapped:         0 kB
HugePages_Total:       0
HugePages_Free:        0
HugePages_Rsvd:        0
HugePages_Surp:        0
Hugepagesize:       2048 kB
Hugetlb:               0 kB
DirectMap4k:     2792256 kB
DirectMap2M:     5183488 kB
DirectMap1G:    58720256 kB

