MemTotal:       65439348 kB
MemFree:        64145812 kB
MemAvailable:   63940680 kB
Buffers:           43848 kB
Cached:           326080 kB
SwapCached:            0 kB
Active:           139596 kB
Inactive:         297500 kB
Active(anon):       3252 kB
Inactive(anon):    79432 kB
Active(file):     136344 kB
Inactive(file):   218068 kB
Unevictable:       19496 kB
Mlocked:           19496 kB
SwapTotal:       1996796 kB
SwapFree:        1996796 kB
Dirty:               776 kB
Writeback:             0 kB
AnonPages:         86360 kB
Mapped:            89800 kB
Shmem:              6376 kB
KReclaimable:      73536 kB
Slab:             301648 kB
SReclaimable:      73536 kB
SUnreclaim:       228112 kB
KernelStack:       10192 kB
PageTables:         2792 kB
NFS_Unstable:          0 kB
Bounce:                0 kB
WritebackTmp:          0 kB
CommitLimit:    34716468 kB
Committed_AS:     837868 kB
VmallocTotal:   34359738367 kB
VmallocUsed:       40184 kB
VmallocChunk:          0 kB
Percpu:           143040 kB
HardwareCorrupted:     0 kB
AnonHugePages:         0 kB
ShmemHugePages:        0 kB
ShmemPmdMapped:        0 kB
FileHugePages:         0 kB
FilePmdMapped:         0 kB
HugePages_Total:       0
HugePages_Free:        0
HugePages_Rsvd:        0
HugePages_Surp:        0
Hugepagesize:       2048 kB
Hugetlb:               0 kB
DirectMap4k:     2702144 kB
DirectMap2M:     5273600 kB
DirectMap1G:    58720256 kB

