MemTotal:       65439348 kB
MemFree:        63752464 kB
MemAvailable:   63839000 kB
Buffers:           55780 kB
Cached:           599180 kB
SwapCached:            0 kB
Active:           203732 kB
Inactive:         517416 kB
Active(anon):       3248 kB
Inactive(anon):    78440 kB
Active(file):     200484 kB
Inactive(file):   438976 kB
Unevictable:       19496 kB
Mlocked:           19496 kB
SwapTotal:       1996796 kB
SwapFree:        1996796 kB
Dirty:               160 kB
Writeback:             0 kB
AnonPages:         85760 kB
Mapped:            96228 kB
Shmem:              6380 kB
KReclaimable:      86776 kB
Slab:             323224 kB
SReclaimable:      86776 kB
SUnreclaim:       236448 kB
KernelStack:       10160 kB
PageTables:         2676 kB
NFS_Unstable:          0 kB
Bounce:                0 kB
WritebackTmp:          0 kB
CommitLimit:    34716468 kB
Committed_AS:     854424 kB
VmallocTotal:   34359738367 kB
VmallocUsed:       43992 kB
VmallocChunk:          0 kB
Percpu:           228672 kB
HardwareCorrupted:     0 kB
AnonHugePages:         0 kB
ShmemHugePages:        0 kB
ShmemPmdMapped:        0 kB
FileHugePages:         0 kB
FilePmdMapped:         0 kB
HugePages_Total:       0
HugePages_Free:        0
HugePages_Rsvd:        0
HugePages_Surp:        0
Hugepagesize:       2048 kB
Hugetlb:               0 kB
DirectMap4k:     2802496 kB
DirectMap2M:     5173248 kB
DirectMap1G:    58720256 kB

