MemTotal:       65439348 kB
MemFree:        63700904 kB
MemAvailable:   63813420 kB
Buffers:           58832 kB
Cached:           620640 kB
SwapCached:            0 kB
Active:           211736 kB
Inactive:         528616 kB
Active(anon):       3248 kB
Inactive(anon):    73128 kB
Active(file):     208488 kB
Inactive(file):   455488 kB
Unevictable:       19496 kB
Mlocked:           19496 kB
SwapTotal:       1996796 kB
SwapFree:        1996796 kB
Dirty:               612 kB
Writeback:             0 kB
AnonPages:         80424 kB
Mapped:            88604 kB
Shmem:              6380 kB
KReclaimable:      89704 kB
Slab:             328868 kB
SReclaimable:      89704 kB
SUnreclaim:       239164 kB
KernelStack:        9952 kB
PageTables:         2428 kB
NFS_Unstable:          0 kB
Bounce:                0 kB
WritebackTmp:          0 kB
CommitLimit:    34716468 kB
Committed_AS:     807648 kB
VmallocTotal:   34359738367 kB
VmallocUsed:       44776 kB
VmallocChunk:          0 kB
Percpu:           252096 kB
HardwareCorrupted:     0 kB
AnonHugePages:         0 kB
ShmemHugePages:        0 kB
ShmemPmdMapped:        0 kB
FileHugePages:         0 kB
FilePmdMapped:         0 kB
HugePages_Total:       0
HugePages_Free:        0
HugePages_Rsvd:        0
HugePages_Surp:        0
Hugepagesize:       2048 kB
Hugetlb:               0 kB
DirectMap4k:     2831168 kB
DirectMap2M:     5144576 kB
DirectMap1G:    58720256 kB

