MemTotal:       65439348 kB
MemFree:        63929768 kB
MemAvailable:   63931460 kB
Buffers:           45400 kB
Cached:           529408 kB
SwapCached:            0 kB
Active:           153720 kB
Inactive:         481928 kB
Active(anon):       3256 kB
Inactive(anon):    73060 kB
Active(file):     150464 kB
Inactive(file):   408868 kB
Unevictable:       19496 kB
Mlocked:           19496 kB
SwapTotal:       1996796 kB
SwapFree:        1996796 kB
Dirty:               936 kB
Writeback:             0 kB
AnonPages:         80492 kB
Mapped:            81452 kB
Shmem:              6376 kB
KReclaimable:      77344 kB
Slab:             306856 kB
SReclaimable:      77344 kB
SUnreclaim:       229512 kB
KernelStack:       10096 kB
PageTables:         2560 kB
NFS_Unstable:          0 kB
Bounce:                0 kB
WritebackTmp:          0 kB
CommitLimit:    34716468 kB
Committed_AS:     791012 kB
VmallocTotal:   34359738367 kB
VmallocUsed:       40548 kB
VmallocChunk:          0 kB
Percpu:           154368 kB
HardwareCorrupted:     0 kB
AnonHugePages:         0 kB
ShmemHugePages:        0 kB
ShmemPmdMapped:        0 kB
FileHugePages:         0 kB
FilePmdMapped:         0 kB
HugePages_Total:       0
HugePages_Free:        0
HugePages_Rsvd:        0
HugePages_Surp:        0
Hugepagesize:       2048 kB
Hugetlb:               0 kB
DirectMap4k:     2714432 kB
DirectMap2M:     5261312 kB
DirectMap1G:    58720256 kB

