MemTotal:       65439348 kB
MemFree:        63795900 kB
MemAvailable:   63863696 kB
Buffers:           53168 kB
Cached:           583992 kB
SwapCached:            0 kB
Active:           200444 kB
Inactive:         497880 kB
Active(anon):       3240 kB
Inactive(anon):    73404 kB
Active(file):     197204 kB
Inactive(file):   424476 kB
Unevictable:       19496 kB
Mlocked:           19496 kB
SwapTotal:       1996796 kB
SwapFree:        1996796 kB
Dirty:                72 kB
Writeback:             0 kB
AnonPages:         80724 kB
Mapped:            85440 kB
Shmem:              6376 kB
KReclaimable:      84852 kB
Slab:             319072 kB
SReclaimable:      84852 kB
SUnreclaim:       234220 kB
KernelStack:       10080 kB
PageTables:         2512 kB
NFS_Unstable:          0 kB
Bounce:                0 kB
WritebackTmp:          0 kB
CommitLimit:    34716468 kB
Committed_AS:     808036 kB
VmallocTotal:   34359738367 kB
VmallocUsed:       43388 kB
VmallocChunk:          0 kB
Percpu:           211584 kB
HardwareCorrupted:     0 kB
AnonHugePages:         0 kB
ShmemHugePages:        0 kB
ShmemPmdMapped:        0 kB
FileHugePages:         0 kB
FilePmdMapped:         0 kB
HugePages_Total:       0
HugePages_Free:        0
HugePages_Rsvd:        0
HugePages_Surp:        0
Hugepagesize:       2048 kB
Hugetlb:               0 kB
DirectMap4k:     2784064 kB
DirectMap2M:     5191680 kB
DirectMap1G:    58720256 kB

