MemTotal:       65439348 kB
MemFree:        64291196 kB
MemAvailable:   64006488 kB
Buffers:           35408 kB
Cached:           258756 kB
SwapCached:            0 kB
Active:           128156 kB
Inactive:         227512 kB
Active(anon):       3200 kB
Inactive(anon):    73828 kB
Active(file):     124956 kB
Inactive(file):   153684 kB
Unevictable:       19496 kB
Mlocked:           19496 kB
SwapTotal:       1996796 kB
SwapFree:        1996796 kB
Dirty:               668 kB
Writeback:             0 kB
AnonPages:         81056 kB
Mapped:            75056 kB
Shmem:              6376 kB
KReclaimable:      65924 kB
Slab:             287664 kB
SReclaimable:      65924 kB
SUnreclaim:       221740 kB
KernelStack:       10144 kB
PageTables:         2216 kB
NFS_Unstable:          0 kB
Bounce:                0 kB
WritebackTmp:          0 kB
CommitLimit:    34716468 kB
Committed_AS:     790356 kB
VmallocTotal:   34359738367 kB
VmallocUsed:       38452 kB
VmallocChunk:          0 kB
Percpu:            96576 kB
HardwareCorrupted:     0 kB
AnonHugePages:         0 kB
ShmemHugePages:        0 kB
ShmemPmdMapped:        0 kB
FileHugePages:         0 kB
FilePmdMapped:         0 kB
HugePages_Total:       0
HugePages_Free:        0
HugePages_Rsvd:        0
HugePages_Surp:        0
Hugepagesize:       2048 kB
Hugetlb:               0 kB
DirectMap4k:     2241344 kB
DirectMap2M:     5734400 kB
DirectMap1G:    58720256 kB

