MemTotal:       65439348 kB
MemFree:        63805252 kB
MemAvailable:   63868116 kB
Buffers:           52676 kB
Cached:           579788 kB
SwapCached:            0 kB
Active:           199964 kB
Inactive:         493312 kB
Active(anon):       3248 kB
Inactive(anon):    73040 kB
Active(file):     196716 kB
Inactive(file):   420272 kB
Unevictable:       19496 kB
Mlocked:           19496 kB
SwapTotal:       1996796 kB
SwapFree:        1996796 kB
Dirty:               712 kB
Writeback:             0 kB
AnonPages:         80360 kB
Mapped:            85184 kB
Shmem:              6376 kB
KReclaimable:      84372 kB
Slab:             318928 kB
SReclaimable:      84372 kB
SUnreclaim:       234556 kB
KernelStack:        9984 kB
PageTables:         2324 kB
NFS_Unstable:          0 kB
Bounce:                0 kB
WritebackTmp:          0 kB
CommitLimit:    34716468 kB
Committed_AS:     807648 kB
VmallocTotal:   34359738367 kB
VmallocUsed:       42792 kB
VmallocChunk:          0 kB
Percpu:           207360 kB
HardwareCorrupted:     0 kB
AnonHugePages:         0 kB
ShmemHugePages:        0 kB
ShmemPmdMapped:        0 kB
FileHugePages:         0 kB
FilePmdMapped:         0 kB
HugePages_Total:       0
HugePages_Free:        0
HugePages_Rsvd:        0
HugePages_Surp:        0
Hugepagesize:       2048 kB
Hugetlb:               0 kB
DirectMap4k:     2775872 kB
DirectMap2M:     5199872 kB
DirectMap1G:    58720256 kB

