MemTotal:       65439348 kB
MemFree:        63929884 kB
MemAvailable:   63932300 kB
Buffers:           45504 kB
Cached:           529996 kB
SwapCached:            0 kB
Active:           153824 kB
Inactive:         482188 kB
Active(anon):       3256 kB
Inactive(anon):    72736 kB
Active(file):     150568 kB
Inactive(file):   409452 kB
Unevictable:       19496 kB
Mlocked:           19496 kB
SwapTotal:       1996796 kB
SwapFree:        1996796 kB
Dirty:               680 kB
Writeback:             0 kB
AnonPages:         80060 kB
Mapped:            81268 kB
Shmem:              6376 kB
KReclaimable:      77412 kB
Slab:             307004 kB
SReclaimable:      77412 kB
SUnreclaim:       229592 kB
KernelStack:       10064 kB
PageTables:         2372 kB
NFS_Unstable:          0 kB
Bounce:                0 kB
WritebackTmp:          0 kB
CommitLimit:    34716468 kB
Committed_AS:     791008 kB
VmallocTotal:   34359738367 kB
VmallocUsed:       40580 kB
VmallocChunk:          0 kB
Percpu:           154944 kB
HardwareCorrupted:     0 kB
AnonHugePages:         0 kB
ShmemHugePages:        0 kB
ShmemPmdMapped:        0 kB
FileHugePages:         0 kB
FilePmdMapped:         0 kB
HugePages_Total:       0
HugePages_Free:        0
HugePages_Rsvd:        0
HugePages_Surp:        0
Hugepagesize:       2048 kB
Hugetlb:               0 kB
DirectMap4k:     2716480 kB
DirectMap2M:     5259264 kB
DirectMap1G:    58720256 kB

