MemTotal:       65439348 kB
MemFree:        63848380 kB
MemAvailable:   63890416 kB
Buffers:           50180 kB
Cached:           562684 kB
SwapCached:            0 kB
Active:           197464 kB
Inactive:         479212 kB
Active(anon):       3244 kB
Inactive(anon):    76080 kB
Active(file):     194220 kB
Inactive(file):   403132 kB
Unevictable:       19496 kB
Mlocked:           19496 kB
SwapTotal:       1996796 kB
SwapFree:        1996796 kB
Dirty:               648 kB
Writeback:             0 kB
AnonPages:         83840 kB
Mapped:            85448 kB
Shmem:              6376 kB
KReclaimable:      81988 kB
Slab:             313904 kB
SReclaimable:      81988 kB
SUnreclaim:       231916 kB
KernelStack:       10096 kB
PageTables:         2368 kB
NFS_Unstable:          0 kB
Bounce:                0 kB
WritebackTmp:          0 kB
CommitLimit:    34716468 kB
Committed_AS:     799204 kB
VmallocTotal:   34359738367 kB
VmallocUsed:       42212 kB
VmallocChunk:          0 kB
Percpu:           188736 kB
HardwareCorrupted:     0 kB
AnonHugePages:         0 kB
ShmemHugePages:        0 kB
ShmemPmdMapped:        0 kB
FileHugePages:         0 kB
FilePmdMapped:         0 kB
HugePages_Total:       0
HugePages_Free:        0
HugePages_Rsvd:        0
HugePages_Surp:        0
Hugepagesize:       2048 kB
Hugetlb:               0 kB
DirectMap4k:     2755392 kB
DirectMap2M:     5220352 kB
DirectMap1G:    58720256 kB

