MemTotal:       65439348 kB
MemFree:        63807084 kB
MemAvailable:   63867576 kB
Buffers:           52384 kB
Cached:           577844 kB
SwapCached:            0 kB
Active:           199660 kB
Inactive:         491200 kB
Active(anon):       3244 kB
Inactive(anon):    72872 kB
Active(file):     196416 kB
Inactive(file):   418328 kB
Unevictable:       19496 kB
Mlocked:           19496 kB
SwapTotal:       1996796 kB
SwapFree:        1996796 kB
Dirty:               768 kB
Writeback:             0 kB
AnonPages:         80192 kB
Mapped:            85008 kB
Shmem:              6376 kB
KReclaimable:      84116 kB
Slab:             318436 kB
SReclaimable:      84116 kB
SUnreclaim:       234320 kB
KernelStack:       10048 kB
PageTables:         2456 kB
NFS_Unstable:          0 kB
Bounce:                0 kB
WritebackTmp:          0 kB
CommitLimit:    34716468 kB
Committed_AS:     808036 kB
VmallocTotal:   34359738367 kB
VmallocUsed:       42728 kB
VmallocChunk:          0 kB
Percpu:           205056 kB
HardwareCorrupted:     0 kB
AnonHugePages:         0 kB
ShmemHugePages:        0 kB
ShmemPmdMapped:        0 kB
FileHugePages:         0 kB
FilePmdMapped:         0 kB
HugePages_Total:       0
HugePages_Free:        0
HugePages_Rsvd:        0
HugePages_Surp:        0
Hugepagesize:       2048 kB
Hugetlb:               0 kB
DirectMap4k:     2773824 kB
DirectMap2M:     5201920 kB
DirectMap1G:    58720256 kB

