MemTotal:       65439348 kB
MemFree:        63805296 kB
MemAvailable:   63868900 kB
Buffers:           52724 kB
Cached:           580444 kB
SwapCached:            0 kB
Active:           200004 kB
Inactive:         493692 kB
Active(anon):       3244 kB
Inactive(anon):    72764 kB
Active(file):     196760 kB
Inactive(file):   420928 kB
Unevictable:       19496 kB
Mlocked:           19496 kB
SwapTotal:       1996796 kB
SwapFree:        1996796 kB
Dirty:               160 kB
Writeback:             0 kB
AnonPages:         80132 kB
Mapped:            85068 kB
Shmem:              6376 kB
KReclaimable:      84456 kB
Slab:             319064 kB
SReclaimable:      84456 kB
SUnreclaim:       234608 kB
KernelStack:       10048 kB
PageTables:         2448 kB
NFS_Unstable:          0 kB
Bounce:                0 kB
WritebackTmp:          0 kB
CommitLimit:    34716468 kB
Committed_AS:     808040 kB
VmallocTotal:   34359738367 kB
VmallocUsed:       42792 kB
VmallocChunk:          0 kB
Percpu:           207936 kB
HardwareCorrupted:     0 kB
AnonHugePages:         0 kB
ShmemHugePages:        0 kB
ShmemPmdMapped:        0 kB
FileHugePages:         0 kB
FilePmdMapped:         0 kB
HugePages_Total:       0
HugePages_Free:        0
HugePages_Rsvd:        0
HugePages_Surp:        0
Hugepagesize:       2048 kB
Hugetlb:               0 kB
DirectMap4k:     2777920 kB
DirectMap2M:     5197824 kB
DirectMap1G:    58720256 kB

