MemTotal:       65439348 kB
MemFree:        64275732 kB
MemAvailable:   64001992 kB
Buffers:           36752 kB
Cached:           267648 kB
SwapCached:            0 kB
Active:           129556 kB
Inactive:         235184 kB
Active(anon):       3220 kB
Inactive(anon):    72620 kB
Active(file):     126336 kB
Inactive(file):   162564 kB
Unevictable:       19496 kB
Mlocked:           19496 kB
SwapTotal:       1996796 kB
SwapFree:        1996796 kB
Dirty:               176 kB
Writeback:             0 kB
AnonPages:         79972 kB
Mapped:            75712 kB
Shmem:              6376 kB
KReclaimable:      67340 kB
Slab:             290864 kB
SReclaimable:      67340 kB
SUnreclaim:       223524 kB
KernelStack:       10064 kB
PageTables:         2444 kB
NFS_Unstable:          0 kB
Bounce:                0 kB
WritebackTmp:          0 kB
CommitLimit:    34716468 kB
Committed_AS:     790748 kB
VmallocTotal:   34359738367 kB
VmallocUsed:       38484 kB
VmallocChunk:          0 kB
Percpu:            96576 kB
HardwareCorrupted:     0 kB
AnonHugePages:         0 kB
ShmemHugePages:        0 kB
ShmemPmdMapped:        0 kB
FileHugePages:         0 kB
FilePmdMapped:         0 kB
HugePages_Total:       0
HugePages_Free:        0
HugePages_Rsvd:        0
HugePages_Surp:        0
Hugepagesize:       2048 kB
Hugetlb:               0 kB
DirectMap4k:     2384704 kB
DirectMap2M:     5591040 kB
DirectMap1G:    58720256 kB

