MemTotal:       65439348 kB
MemFree:        64224624 kB
MemAvailable:   63977508 kB
Buffers:           39932 kB
Cached:           289864 kB
SwapCached:            0 kB
Active:           133652 kB
Inactive:         258516 kB
Active(anon):       3232 kB
Inactive(anon):    74624 kB
Active(file):     130420 kB
Inactive(file):   183892 kB
Unevictable:       19496 kB
Mlocked:           19496 kB
SwapTotal:       1996796 kB
SwapFree:        1996796 kB
Dirty:               636 kB
Writeback:             0 kB
AnonPages:         82028 kB
Mapped:            78940 kB
Shmem:              6376 kB
KReclaimable:      69768 kB
Slab:             294520 kB
SReclaimable:      69768 kB
SUnreclaim:       224752 kB
KernelStack:       10064 kB
PageTables:         1980 kB
NFS_Unstable:          0 kB
Bounce:                0 kB
WritebackTmp:          0 kB
CommitLimit:    34716468 kB
Committed_AS:     790620 kB
VmallocTotal:   34359738367 kB
VmallocUsed:       39016 kB
VmallocChunk:          0 kB
Percpu:           118272 kB
HardwareCorrupted:     0 kB
AnonHugePages:         0 kB
ShmemHugePages:        0 kB
ShmemPmdMapped:        0 kB
FileHugePages:         0 kB
FilePmdMapped:         0 kB
HugePages_Total:       0
HugePages_Free:        0
HugePages_Rsvd:        0
HugePages_Surp:        0
Hugepagesize:       2048 kB
Hugetlb:               0 kB
DirectMap4k:     2663232 kB
DirectMap2M:     5312512 kB
DirectMap1G:    58720256 kB

