MemTotal:       65439348 kB
MemFree:        63701240 kB
MemAvailable:   63812960 kB
Buffers:           58688 kB
Cached:           620048 kB
SwapCached:            0 kB
Active:           211596 kB
Inactive:         529000 kB
Active(anon):       3248 kB
Inactive(anon):    74100 kB
Active(file):     208348 kB
Inactive(file):   454900 kB
Unevictable:       19496 kB
Mlocked:           19496 kB
SwapTotal:       1996796 kB
SwapFree:        1996796 kB
Dirty:               740 kB
Writeback:             0 kB
AnonPages:         82100 kB
Mapped:            88904 kB
Shmem:              6376 kB
KReclaimable:      89568 kB
Slab:             328980 kB
SReclaimable:      89568 kB
SUnreclaim:       239412 kB
KernelStack:       10160 kB
PageTables:         2780 kB
NFS_Unstable:          0 kB
Bounce:                0 kB
WritebackTmp:          0 kB
CommitLimit:    34716468 kB
Committed_AS:     807648 kB
VmallocTotal:   34359738367 kB
VmallocUsed:       44904 kB
VmallocChunk:          0 kB
Percpu:           251520 kB
HardwareCorrupted:     0 kB
AnonHugePages:         0 kB
ShmemHugePages:        0 kB
ShmemPmdMapped:        0 kB
FileHugePages:         0 kB
FilePmdMapped:         0 kB
HugePages_Total:       0
HugePages_Free:        0
HugePages_Rsvd:        0
HugePages_Surp:        0
Hugepagesize:       2048 kB
Hugetlb:               0 kB
DirectMap4k:     2831168 kB
DirectMap2M:     5144576 kB
DirectMap1G:    58720256 kB

