MemTotal:       65439348 kB
MemFree:        64283308 kB
MemAvailable:   64006848 kB
Buffers:           36432 kB
Cached:           265536 kB
SwapCached:            0 kB
Active:           129204 kB
Inactive:         232852 kB
Active(anon):       3216 kB
Inactive(anon):    72396 kB
Active(file):     125988 kB
Inactive(file):   160456 kB
Unevictable:       19496 kB
Mlocked:           19496 kB
SwapTotal:       1996796 kB
SwapFree:        1996796 kB
Dirty:               584 kB
Writeback:             0 kB
AnonPages:         79732 kB
Mapped:            75628 kB
Shmem:              6376 kB
KReclaimable:      66816 kB
Slab:             289004 kB
SReclaimable:      66816 kB
SUnreclaim:       222188 kB
KernelStack:        9984 kB
PageTables:         2388 kB
NFS_Unstable:          0 kB
Bounce:                0 kB
WritebackTmp:          0 kB
CommitLimit:    34716468 kB
Committed_AS:     790748 kB
VmallocTotal:   34359738367 kB
VmallocUsed:       38436 kB
VmallocChunk:          0 kB
Percpu:            96576 kB
HardwareCorrupted:     0 kB
AnonHugePages:         0 kB
ShmemHugePages:        0 kB
ShmemPmdMapped:        0 kB
FileHugePages:         0 kB
FilePmdMapped:         0 kB
HugePages_Total:       0
HugePages_Free:        0
HugePages_Rsvd:        0
HugePages_Surp:        0
Hugepagesize:       2048 kB
Hugetlb:               0 kB
DirectMap4k:     2349888 kB
DirectMap2M:     5625856 kB
DirectMap1G:    58720256 kB

