MemTotal:       65439348 kB
MemFree:        63757784 kB
MemAvailable:   63841124 kB
Buffers:           55244 kB
Cached:           596640 kB
SwapCached:            0 kB
Active:           203212 kB
Inactive:         516700 kB
Active(anon):       3240 kB
Inactive(anon):    80268 kB
Active(file):     199972 kB
Inactive(file):   436432 kB
Unevictable:       19496 kB
Mlocked:           19496 kB
SwapTotal:       1996796 kB
SwapFree:        1996796 kB
Dirty:               708 kB
Writeback:             0 kB
AnonPages:         87452 kB
Mapped:            96284 kB
Shmem:              6380 kB
KReclaimable:      86492 kB
Slab:             322672 kB
SReclaimable:      86492 kB
SUnreclaim:       236180 kB
KernelStack:       10192 kB
PageTables:         2852 kB
NFS_Unstable:          0 kB
Bounce:                0 kB
WritebackTmp:          0 kB
CommitLimit:    34716468 kB
Committed_AS:     854036 kB
VmallocTotal:   34359738367 kB
VmallocUsed:       44056 kB
VmallocChunk:          0 kB
Percpu:           225600 kB
HardwareCorrupted:     0 kB
AnonHugePages:         0 kB
ShmemHugePages:        0 kB
ShmemPmdMapped:        0 kB
FileHugePages:         0 kB
FilePmdMapped:         0 kB
HugePages_Total:       0
HugePages_Free:        0
HugePages_Rsvd:        0
HugePages_Surp:        0
Hugepagesize:       2048 kB
Hugetlb:               0 kB
DirectMap4k:     2800448 kB
DirectMap2M:     5175296 kB
DirectMap1G:    58720256 kB

