MemTotal:       65439348 kB
MemFree:        63715368 kB
MemAvailable:   63821084 kB
Buffers:           58080 kB
Cached:           615020 kB
SwapCached:            0 kB
Active:           210988 kB
Inactive:         523180 kB
Active(anon):       3244 kB
Inactive(anon):    73308 kB
Active(file):     207744 kB
Inactive(file):   449872 kB
Unevictable:       19496 kB
Mlocked:           19496 kB
SwapTotal:       1996796 kB
SwapFree:        1996796 kB
Dirty:               688 kB
Writeback:             0 kB
AnonPages:         80676 kB
Mapped:            87992 kB
Shmem:              6376 kB
KReclaimable:      88824 kB
Slab:             326796 kB
SReclaimable:      88824 kB
SUnreclaim:       237972 kB
KernelStack:       10096 kB
PageTables:         2512 kB
NFS_Unstable:          0 kB
Bounce:                0 kB
WritebackTmp:          0 kB
CommitLimit:    34716468 kB
Committed_AS:     808036 kB
VmallocTotal:   34359738367 kB
VmallocUsed:       44388 kB
VmallocChunk:          0 kB
Percpu:           245376 kB
HardwareCorrupted:     0 kB
AnonHugePages:         0 kB
ShmemHugePages:        0 kB
ShmemPmdMapped:        0 kB
FileHugePages:         0 kB
FilePmdMapped:         0 kB
HugePages_Total:       0
HugePages_Free:        0
HugePages_Rsvd:        0
HugePages_Surp:        0
Hugepagesize:       2048 kB
Hugetlb:               0 kB
DirectMap4k:     2825024 kB
DirectMap2M:     5150720 kB
DirectMap1G:    58720256 kB

