MemTotal:       65439348 kB
MemFree:        63786356 kB
MemAvailable:   63859892 kB
Buffers:           54044 kB
Cached:           588596 kB
SwapCached:            0 kB
Active:           201312 kB
Inactive:         502252 kB
Active(anon):       3244 kB
Inactive(anon):    73176 kB
Active(file):     198068 kB
Inactive(file):   429076 kB
Unevictable:       19496 kB
Mlocked:           19496 kB
SwapTotal:       1996796 kB
SwapFree:        1996796 kB
Dirty:                40 kB
Writeback:             0 kB
AnonPages:         80540 kB
Mapped:            85792 kB
Shmem:              6376 kB
KReclaimable:      85404 kB
Slab:             320496 kB
SReclaimable:      85404 kB
SUnreclaim:       235092 kB
KernelStack:        9936 kB
PageTables:         2460 kB
NFS_Unstable:          0 kB
Bounce:                0 kB
WritebackTmp:          0 kB
CommitLimit:    34716468 kB
Committed_AS:     808044 kB
VmallocTotal:   34359738367 kB
VmallocUsed:       43148 kB
VmallocChunk:          0 kB
Percpu:           217152 kB
HardwareCorrupted:     0 kB
AnonHugePages:         0 kB
ShmemHugePages:        0 kB
ShmemPmdMapped:        0 kB
FileHugePages:         0 kB
FilePmdMapped:         0 kB
HugePages_Total:       0
HugePages_Free:        0
HugePages_Rsvd:        0
HugePages_Surp:        0
Hugepagesize:       2048 kB
Hugetlb:               0 kB
DirectMap4k:     2790208 kB
DirectMap2M:     5185536 kB
DirectMap1G:    58720256 kB

