MemTotal:       65439348 kB
MemFree:        63788700 kB
MemAvailable:   63858312 kB
Buffers:           53392 kB
Cached:           585472 kB
SwapCached:            0 kB
Active:           200676 kB
Inactive:         500636 kB
Active(anon):       3240 kB
Inactive(anon):    74684 kB
Active(file):     197436 kB
Inactive(file):   425952 kB
Unevictable:       19496 kB
Mlocked:           19496 kB
SwapTotal:       1996796 kB
SwapFree:        1996796 kB
Dirty:               684 kB
Writeback:             0 kB
AnonPages:         81972 kB
Mapped:            85668 kB
Shmem:              6376 kB
KReclaimable:      85072 kB
Slab:             319260 kB
SReclaimable:      85072 kB
SUnreclaim:       234188 kB
KernelStack:       10048 kB
PageTables:         2004 kB
NFS_Unstable:          0 kB
Bounce:                0 kB
WritebackTmp:          0 kB
CommitLimit:    34716468 kB
Committed_AS:     807652 kB
VmallocTotal:   34359738367 kB
VmallocUsed:       43372 kB
VmallocChunk:          0 kB
Percpu:           213504 kB
HardwareCorrupted:     0 kB
AnonHugePages:         0 kB
ShmemHugePages:        0 kB
ShmemPmdMapped:        0 kB
FileHugePages:         0 kB
FilePmdMapped:         0 kB
HugePages_Total:       0
HugePages_Free:        0
HugePages_Rsvd:        0
HugePages_Surp:        0
Hugepagesize:       2048 kB
Hugetlb:               0 kB
DirectMap4k:     2786112 kB
DirectMap2M:     5189632 kB
DirectMap1G:    58720256 kB

