MemTotal:       65439348 kB
MemFree:        64294268 kB
MemAvailable:   64008816 kB
Buffers:           35312 kB
Cached:           258100 kB
SwapCached:            0 kB
Active:           128124 kB
Inactive:         225592 kB
Active(anon):       3216 kB
Inactive(anon):    72564 kB
Active(file):     124908 kB
Inactive(file):   153028 kB
Unevictable:       19496 kB
Mlocked:           19496 kB
SwapTotal:       1996796 kB
SwapFree:        1996796 kB
Dirty:               708 kB
Writeback:             0 kB
AnonPages:         79880 kB
Mapped:            74992 kB
Shmem:              6376 kB
KReclaimable:      65844 kB
Slab:             287136 kB
SReclaimable:      65844 kB
SUnreclaim:       221292 kB
KernelStack:       10016 kB
PageTables:         2392 kB
NFS_Unstable:          0 kB
Bounce:                0 kB
WritebackTmp:          0 kB
CommitLimit:    34716468 kB
Committed_AS:     790608 kB
VmallocTotal:   34359738367 kB
VmallocUsed:       38500 kB
VmallocChunk:          0 kB
Percpu:            96576 kB
HardwareCorrupted:     0 kB
AnonHugePages:         0 kB
ShmemHugePages:        0 kB
ShmemPmdMapped:        0 kB
FileHugePages:         0 kB
FilePmdMapped:         0 kB
HugePages_Total:       0
HugePages_Free:        0
HugePages_Rsvd:        0
HugePages_Surp:        0
Hugepagesize:       2048 kB
Hugetlb:               0 kB
DirectMap4k:     2231104 kB
DirectMap2M:     5744640 kB
DirectMap1G:    58720256 kB

