MemTotal:       65439348 kB
MemFree:        64168480 kB
MemAvailable:   63953152 kB
Buffers:           42536 kB
Cached:           317828 kB
SwapCached:            0 kB
Active:           137956 kB
Inactive:         290604 kB
Active(anon):       3244 kB
Inactive(anon):    80472 kB
Active(file):     134712 kB
Inactive(file):   210132 kB
Unevictable:       19496 kB
Mlocked:           19496 kB
SwapTotal:       1996796 kB
SwapFree:        1996796 kB
Dirty:               688 kB
Writeback:             0 kB
AnonPages:         88300 kB
Mapped:            89524 kB
Shmem:              6380 kB
KReclaimable:      72280 kB
Slab:             299160 kB
SReclaimable:      72280 kB
SUnreclaim:       226880 kB
KernelStack:       10208 kB
PageTables:         2620 kB
NFS_Unstable:          0 kB
Bounce:                0 kB
WritebackTmp:          0 kB
CommitLimit:    34716468 kB
Committed_AS:     837616 kB
VmallocTotal:   34359738367 kB
VmallocUsed:       40248 kB
VmallocChunk:          0 kB
Percpu:           134016 kB
HardwareCorrupted:     0 kB
AnonHugePages:         0 kB
ShmemHugePages:        0 kB
ShmemPmdMapped:        0 kB
FileHugePages:         0 kB
FilePmdMapped:         0 kB
HugePages_Total:       0
HugePages_Free:        0
HugePages_Rsvd:        0
HugePages_Surp:        0
Hugepagesize:       2048 kB
Hugetlb:               0 kB
DirectMap4k:     2691904 kB
DirectMap2M:     5283840 kB
DirectMap1G:    58720256 kB

