MemTotal:       65439348 kB
MemFree:        64261144 kB
MemAvailable:   63996288 kB
Buffers:           37968 kB
Cached:           274952 kB
SwapCached:            0 kB
Active:           130752 kB
Inactive:         242856 kB
Active(anon):       3216 kB
Inactive(anon):    72988 kB
Active(file):     127536 kB
Inactive(file):   169868 kB
Unevictable:       19496 kB
Mlocked:           19496 kB
SwapTotal:       1996796 kB
SwapFree:        1996796 kB
Dirty:               748 kB
Writeback:             0 kB
AnonPages:         80308 kB
Mapped:            76292 kB
Shmem:              6376 kB
KReclaimable:      68100 kB
Slab:             291596 kB
SReclaimable:      68100 kB
SUnreclaim:       223496 kB
KernelStack:       10016 kB
PageTables:         2444 kB
NFS_Unstable:          0 kB
Bounce:                0 kB
WritebackTmp:          0 kB
CommitLimit:    34716468 kB
Committed_AS:     790616 kB
VmallocTotal:   34359738367 kB
VmallocUsed:       38452 kB
VmallocChunk:          0 kB
Percpu:           103104 kB
HardwareCorrupted:     0 kB
AnonHugePages:         0 kB
ShmemHugePages:        0 kB
ShmemPmdMapped:        0 kB
FileHugePages:         0 kB
FilePmdMapped:         0 kB
HugePages_Total:       0
HugePages_Free:        0
HugePages_Rsvd:        0
HugePages_Surp:        0
Hugepagesize:       2048 kB
Hugetlb:               0 kB
DirectMap4k:     2509632 kB
DirectMap2M:     5466112 kB
DirectMap1G:    58720256 kB

