MemTotal:       65439348 kB
MemFree:        64264516 kB
MemAvailable:   63998596 kB
Buffers:           37840 kB
Cached:           274056 kB
SwapCached:            0 kB
Active:           130644 kB
Inactive:         242900 kB
Active(anon):       3212 kB
Inactive(anon):    73928 kB
Active(file):     127432 kB
Inactive(file):   168972 kB
Unevictable:       19496 kB
Mlocked:           19496 kB
SwapTotal:       1996796 kB
SwapFree:        1996796 kB
Dirty:               600 kB
Writeback:             0 kB
AnonPages:         81232 kB
Mapped:            77540 kB
Shmem:              6376 kB
KReclaimable:      67976 kB
Slab:             291576 kB
SReclaimable:      67976 kB
SUnreclaim:       223600 kB
KernelStack:       10080 kB
PageTables:         2224 kB
NFS_Unstable:          0 kB
Bounce:                0 kB
WritebackTmp:          0 kB
CommitLimit:    34716468 kB
Committed_AS:     790360 kB
VmallocTotal:   34359738367 kB
VmallocUsed:       38436 kB
VmallocChunk:          0 kB
Percpu:           101952 kB
HardwareCorrupted:     0 kB
AnonHugePages:         0 kB
ShmemHugePages:        0 kB
ShmemPmdMapped:        0 kB
FileHugePages:         0 kB
FilePmdMapped:         0 kB
HugePages_Total:       0
HugePages_Free:        0
HugePages_Rsvd:        0
HugePages_Surp:        0
Hugepagesize:       2048 kB
Hugetlb:               0 kB
DirectMap4k:     2489152 kB
DirectMap2M:     5486592 kB
DirectMap1G:    58720256 kB

