MemTotal:       65439348 kB
MemFree:        63906448 kB
MemAvailable:   63919548 kB
Buffers:           46804 kB
Cached:           538844 kB
SwapCached:            0 kB
Active:           155128 kB
Inactive:         492304 kB
Active(anon):       3256 kB
Inactive(anon):    74004 kB
Active(file):     151872 kB
Inactive(file):   418300 kB
Unevictable:       19496 kB
Mlocked:           19496 kB
SwapTotal:       1996796 kB
SwapFree:        1996796 kB
Dirty:               788 kB
Writeback:             0 kB
AnonPages:         81376 kB
Mapped:            82028 kB
Shmem:              6376 kB
KReclaimable:      78476 kB
Slab:             308608 kB
SReclaimable:      78476 kB
SUnreclaim:       230132 kB
KernelStack:       10080 kB
PageTables:         2308 kB
NFS_Unstable:          0 kB
Bounce:                0 kB
WritebackTmp:          0 kB
CommitLimit:    34716468 kB
Committed_AS:     799200 kB
VmallocTotal:   34359738367 kB
VmallocUsed:       41100 kB
VmallocChunk:          0 kB
Percpu:           164736 kB
HardwareCorrupted:     0 kB
AnonHugePages:         0 kB
ShmemHugePages:        0 kB
ShmemPmdMapped:        0 kB
FileHugePages:         0 kB
FilePmdMapped:         0 kB
HugePages_Total:       0
HugePages_Free:        0
HugePages_Rsvd:        0
HugePages_Surp:        0
Hugepagesize:       2048 kB
Hugetlb:               0 kB
DirectMap4k:     2728768 kB
DirectMap2M:     5246976 kB
DirectMap1G:    58720256 kB

