MemTotal:       65439348 kB
MemFree:        63816740 kB
MemAvailable:   63873060 kB
Buffers:           51920 kB
Cached:           574408 kB
SwapCached:            0 kB
Active:           199180 kB
Inactive:         488656 kB
Active(anon):       3236 kB
Inactive(anon):    73764 kB
Active(file):     195944 kB
Inactive(file):   414892 kB
Unevictable:       19496 kB
Mlocked:           19496 kB
SwapTotal:       1996796 kB
SwapFree:        1996796 kB
Dirty:               676 kB
Writeback:             0 kB
AnonPages:         81072 kB
Mapped:            84584 kB
Shmem:              6376 kB
KReclaimable:      83588 kB
Slab:             317372 kB
SReclaimable:      83588 kB
SUnreclaim:       233784 kB
KernelStack:        9984 kB
PageTables:         2324 kB
NFS_Unstable:          0 kB
Bounce:                0 kB
WritebackTmp:          0 kB
CommitLimit:    34716468 kB
Committed_AS:     807652 kB
VmallocTotal:   34359738367 kB
VmallocUsed:       42808 kB
VmallocChunk:          0 kB
Percpu:           201408 kB
HardwareCorrupted:     0 kB
AnonHugePages:         0 kB
ShmemHugePages:        0 kB
ShmemPmdMapped:        0 kB
FileHugePages:         0 kB
FilePmdMapped:         0 kB
HugePages_Total:       0
HugePages_Free:        0
HugePages_Rsvd:        0
HugePages_Surp:        0
Hugepagesize:       2048 kB
Hugetlb:               0 kB
DirectMap4k:     2769728 kB
DirectMap2M:     5206016 kB
DirectMap1G:    58720256 kB

