MemTotal:       65439348 kB
MemFree:        63739836 kB
MemAvailable:   63831080 kB
Buffers:           56332 kB
Cached:           603020 kB
SwapCached:            0 kB
Active:           204316 kB
Inactive:         520724 kB
Active(anon):       3256 kB
Inactive(anon):    77912 kB
Active(file):     201060 kB
Inactive(file):   442812 kB
Unevictable:       19496 kB
Mlocked:           19496 kB
SwapTotal:       1996796 kB
SwapFree:        1996796 kB
Dirty:                68 kB
Writeback:             0 kB
AnonPages:         85756 kB
Mapped:            96544 kB
Shmem:              6380 kB
KReclaimable:      87368 kB
Slab:             324716 kB
SReclaimable:      87368 kB
SUnreclaim:       237348 kB
KernelStack:       10192 kB
PageTables:         2708 kB
NFS_Unstable:          0 kB
Bounce:                0 kB
WritebackTmp:          0 kB
CommitLimit:    34716468 kB
Committed_AS:     854040 kB
VmallocTotal:   34359738367 kB
VmallocUsed:       43944 kB
VmallocChunk:          0 kB
Percpu:           232896 kB
HardwareCorrupted:     0 kB
AnonHugePages:         0 kB
ShmemHugePages:        0 kB
ShmemPmdMapped:        0 kB
FileHugePages:         0 kB
FilePmdMapped:         0 kB
HugePages_Total:       0
HugePages_Free:        0
HugePages_Rsvd:        0
HugePages_Surp:        0
Hugepagesize:       2048 kB
Hugetlb:               0 kB
DirectMap4k:     2810688 kB
DirectMap2M:     5165056 kB
DirectMap1G:    58720256 kB

