MemTotal:       65439348 kB
MemFree:        64295828 kB
MemAvailable:   64009180 kB
Buffers:           35152 kB
Cached:           257120 kB
SwapCached:            0 kB
Active:           127968 kB
Inactive:         224832 kB
Active(anon):       3212 kB
Inactive(anon):    72796 kB
Active(file):     124756 kB
Inactive(file):   152036 kB
Unevictable:       19496 kB
Mlocked:           19496 kB
SwapTotal:       1996796 kB
SwapFree:        1996796 kB
Dirty:               740 kB
Writeback:             0 kB
AnonPages:         80004 kB
Mapped:            74852 kB
Shmem:              6380 kB
KReclaimable:      65744 kB
Slab:             286564 kB
SReclaimable:      65744 kB
SUnreclaim:       220820 kB
KernelStack:        9984 kB
PageTables:         2372 kB
NFS_Unstable:          0 kB
Bounce:                0 kB
WritebackTmp:          0 kB
CommitLimit:    34716468 kB
Committed_AS:     790360 kB
VmallocTotal:   34359738367 kB
VmallocUsed:       38340 kB
VmallocChunk:          0 kB
Percpu:            96576 kB
HardwareCorrupted:     0 kB
AnonHugePages:         0 kB
ShmemHugePages:        0 kB
ShmemPmdMapped:        0 kB
FileHugePages:         0 kB
FilePmdMapped:         0 kB
HugePages_Total:       0
HugePages_Free:        0
HugePages_Rsvd:        0
HugePages_Surp:        0
Hugepagesize:       2048 kB
Hugetlb:               0 kB
DirectMap4k:     2210624 kB
DirectMap2M:     5765120 kB
DirectMap1G:    58720256 kB

