MemTotal:       65439348 kB
MemFree:        63808308 kB
MemAvailable:   63868660 kB
Buffers:           52372 kB
Cached:           577720 kB
SwapCached:            0 kB
Active:           199648 kB
Inactive:         491388 kB
Active(anon):       3244 kB
Inactive(anon):    73184 kB
Active(file):     196404 kB
Inactive(file):   418204 kB
Unevictable:       19496 kB
Mlocked:           19496 kB
SwapTotal:       1996796 kB
SwapFree:        1996796 kB
Dirty:               160 kB
Writeback:             0 kB
AnonPages:         80500 kB
Mapped:            84888 kB
Shmem:              6376 kB
KReclaimable:      84112 kB
Slab:             318656 kB
SReclaimable:      84112 kB
SUnreclaim:       234544 kB
KernelStack:       10064 kB
PageTables:         2504 kB
NFS_Unstable:          0 kB
Bounce:                0 kB
WritebackTmp:          0 kB
CommitLimit:    34716468 kB
Committed_AS:     808040 kB
VmallocTotal:   34359738367 kB
VmallocUsed:       42744 kB
VmallocChunk:          0 kB
Percpu:           205056 kB
HardwareCorrupted:     0 kB
AnonHugePages:         0 kB
ShmemHugePages:        0 kB
ShmemPmdMapped:        0 kB
FileHugePages:         0 kB
FilePmdMapped:         0 kB
HugePages_Total:       0
HugePages_Free:        0
HugePages_Rsvd:        0
HugePages_Surp:        0
Hugepagesize:       2048 kB
Hugetlb:               0 kB
DirectMap4k:     2773824 kB
DirectMap2M:     5201920 kB
DirectMap1G:    58720256 kB

