MemTotal:       65439348 kB
MemFree:        63810132 kB
MemAvailable:   63871800 kB
Buffers:           52524 kB
Cached:           578828 kB
SwapCached:            0 kB
Active:           199804 kB
Inactive:         494148 kB
Active(anon):       3240 kB
Inactive(anon):    74836 kB
Active(file):     196564 kB
Inactive(file):   419312 kB
Unevictable:       19496 kB
Mlocked:           19496 kB
SwapTotal:       1996796 kB
SwapFree:        1996796 kB
Dirty:                 0 kB
Writeback:           136 kB
AnonPages:         82572 kB
Mapped:            85064 kB
Shmem:              6376 kB
KReclaimable:      84204 kB
Slab:             317756 kB
SReclaimable:      84204 kB
SUnreclaim:       233552 kB
KernelStack:        9968 kB
PageTables:         2660 kB
NFS_Unstable:          0 kB
Bounce:                0 kB
WritebackTmp:          0 kB
CommitLimit:    34716468 kB
Committed_AS:     807648 kB
VmallocTotal:   34359738367 kB
VmallocUsed:       42712 kB
VmallocChunk:          0 kB
Percpu:           206208 kB
HardwareCorrupted:     0 kB
AnonHugePages:         0 kB
ShmemHugePages:        0 kB
ShmemPmdMapped:        0 kB
FileHugePages:         0 kB
FilePmdMapped:         0 kB
HugePages_Total:       0
HugePages_Free:        0
HugePages_Rsvd:        0
HugePages_Surp:        0
Hugepagesize:       2048 kB
Hugetlb:               0 kB
DirectMap4k:     2773824 kB
DirectMap2M:     5201920 kB
DirectMap1G:    58720256 kB

