MemTotal:       65439348 kB
MemFree:        63836764 kB
MemAvailable:   63886440 kB
Buffers:           51144 kB
Cached:           568916 kB
SwapCached:            0 kB
Active:           198420 kB
Inactive:         482424 kB
Active(anon):       3244 kB
Inactive(anon):    73024 kB
Active(file):     195176 kB
Inactive(file):   409400 kB
Unevictable:       19496 kB
Mlocked:           19496 kB
SwapTotal:       1996796 kB
SwapFree:        1996796 kB
Dirty:               164 kB
Writeback:             0 kB
AnonPages:         80308 kB
Mapped:            84064 kB
Shmem:              6376 kB
KReclaimable:      82820 kB
Slab:             313904 kB
SReclaimable:      82820 kB
SUnreclaim:       231084 kB
KernelStack:       10048 kB
PageTables:         2448 kB
NFS_Unstable:          0 kB
Bounce:                0 kB
WritebackTmp:          0 kB
CommitLimit:    34716468 kB
Committed_AS:     807788 kB
VmallocTotal:   34359738367 kB
VmallocUsed:       42260 kB
VmallocChunk:          0 kB
Percpu:           195456 kB
HardwareCorrupted:     0 kB
AnonHugePages:         0 kB
ShmemHugePages:        0 kB
ShmemPmdMapped:        0 kB
FileHugePages:         0 kB
FilePmdMapped:         0 kB
HugePages_Total:       0
HugePages_Free:        0
HugePages_Rsvd:        0
HugePages_Surp:        0
Hugepagesize:       2048 kB
Hugetlb:               0 kB
DirectMap4k:     2759488 kB
DirectMap2M:     5216256 kB
DirectMap1G:    58720256 kB

