MemTotal:       65439348 kB
MemFree:        63789148 kB
MemAvailable:   63858480 kB
Buffers:           53372 kB
Cached:           585228 kB
SwapCached:            0 kB
Active:           200640 kB
Inactive:         500392 kB
Active(anon):       3224 kB
Inactive(anon):    74684 kB
Active(file):     197416 kB
Inactive(file):   425708 kB
Unevictable:       19496 kB
Mlocked:           19496 kB
SwapTotal:       1996796 kB
SwapFree:        1996796 kB
Dirty:               780 kB
Writeback:             0 kB
AnonPages:         81852 kB
Mapped:            86056 kB
Shmem:              6376 kB
KReclaimable:      85040 kB
Slab:             319232 kB
SReclaimable:      85040 kB
SUnreclaim:       234192 kB
KernelStack:       10176 kB
PageTables:         2204 kB
NFS_Unstable:          0 kB
Bounce:                0 kB
WritebackTmp:          0 kB
CommitLimit:    34716468 kB
Committed_AS:     807652 kB
VmallocTotal:   34359738367 kB
VmallocUsed:       43356 kB
VmallocChunk:          0 kB
Percpu:           213504 kB
HardwareCorrupted:     0 kB
AnonHugePages:         0 kB
ShmemHugePages:        0 kB
ShmemPmdMapped:        0 kB
FileHugePages:         0 kB
FilePmdMapped:         0 kB
HugePages_Total:       0
HugePages_Free:        0
HugePages_Rsvd:        0
HugePages_Surp:        0
Hugepagesize:       2048 kB
Hugetlb:               0 kB
DirectMap4k:     2784064 kB
DirectMap2M:     5191680 kB
DirectMap1G:    58720256 kB

