MemTotal:       65439348 kB
MemFree:        64186728 kB
MemAvailable:   63962236 kB
Buffers:           41448 kB
Cached:           310244 kB
SwapCached:            0 kB
Active:           136876 kB
Inactive:         280936 kB
Active(anon):       3248 kB
Inactive(anon):    78352 kB
Active(file):     133628 kB
Inactive(file):   202584 kB
Unevictable:       19496 kB
Mlocked:           19496 kB
SwapTotal:       1996796 kB
SwapFree:        1996796 kB
Dirty:               496 kB
Writeback:             0 kB
AnonPages:         85756 kB
Mapped:            87928 kB
Shmem:              6380 kB
KReclaimable:      71216 kB
Slab:             296512 kB
SReclaimable:      71216 kB
SUnreclaim:       225296 kB
KernelStack:       10048 kB
PageTables:         2588 kB
NFS_Unstable:          0 kB
Bounce:                0 kB
WritebackTmp:          0 kB
CommitLimit:    34716468 kB
Committed_AS:     837876 kB
VmallocTotal:   34359738367 kB
VmallocUsed:       39636 kB
VmallocChunk:          0 kB
Percpu:           125568 kB
HardwareCorrupted:     0 kB
AnonHugePages:         0 kB
ShmemHugePages:        0 kB
ShmemPmdMapped:        0 kB
FileHugePages:         0 kB
FilePmdMapped:         0 kB
HugePages_Total:       0
HugePages_Free:        0
HugePages_Rsvd:        0
HugePages_Surp:        0
Hugepagesize:       2048 kB
Hugetlb:               0 kB
DirectMap4k:     2675520 kB
DirectMap2M:     5300224 kB
DirectMap1G:    58720256 kB

