MemTotal:       65439348 kB
MemFree:        64221824 kB
MemAvailable:   63977192 kB
Buffers:           40216 kB
Cached:           291888 kB
SwapCached:            0 kB
Active:           133908 kB
Inactive:         258584 kB
Active(anon):       3212 kB
Inactive(anon):    72676 kB
Active(file):     130696 kB
Inactive(file):   185908 kB
Unevictable:       19496 kB
Mlocked:           19496 kB
SwapTotal:       1996796 kB
SwapFree:        1996796 kB
Dirty:               624 kB
Writeback:             0 kB
AnonPages:         79988 kB
Mapped:            78980 kB
Shmem:              6376 kB
KReclaimable:      70148 kB
Slab:             295244 kB
SReclaimable:      70148 kB
SUnreclaim:       225096 kB
KernelStack:       10208 kB
PageTables:         2692 kB
NFS_Unstable:          0 kB
Bounce:                0 kB
WritebackTmp:          0 kB
CommitLimit:    34716468 kB
Committed_AS:     790360 kB
VmallocTotal:   34359738367 kB
VmallocUsed:       39612 kB
VmallocChunk:          0 kB
Percpu:           120000 kB
HardwareCorrupted:     0 kB
AnonHugePages:         0 kB
ShmemHugePages:        0 kB
ShmemPmdMapped:        0 kB
FileHugePages:         0 kB
FilePmdMapped:         0 kB
HugePages_Total:       0
HugePages_Free:        0
HugePages_Rsvd:        0
HugePages_Surp:        0
Hugepagesize:       2048 kB
Hugetlb:               0 kB
DirectMap4k:     2669376 kB
DirectMap2M:     5306368 kB
DirectMap1G:    58720256 kB

