MemTotal:       65439348 kB
MemFree:        63922976 kB
MemAvailable:   63927516 kB
Buffers:           45736 kB
Cached:           531768 kB
SwapCached:            0 kB
Active:           154048 kB
Inactive:         484784 kB
Active(anon):       3244 kB
Inactive(anon):    73568 kB
Active(file):     150804 kB
Inactive(file):   411216 kB
Unevictable:       19496 kB
Mlocked:           19496 kB
SwapTotal:       1996796 kB
SwapFree:        1996796 kB
Dirty:               740 kB
Writeback:             0 kB
AnonPages:         80868 kB
Mapped:            81440 kB
Shmem:              6380 kB
KReclaimable:      77660 kB
Slab:             306924 kB
SReclaimable:      77660 kB
SUnreclaim:       229264 kB
KernelStack:       10048 kB
PageTables:         2428 kB
NFS_Unstable:          0 kB
Bounce:                0 kB
WritebackTmp:          0 kB
CommitLimit:    34716468 kB
Committed_AS:     799200 kB
VmallocTotal:   34359738367 kB
VmallocUsed:       40596 kB
VmallocChunk:          0 kB
Percpu:           156864 kB
HardwareCorrupted:     0 kB
AnonHugePages:         0 kB
ShmemHugePages:        0 kB
ShmemPmdMapped:        0 kB
FileHugePages:         0 kB
FilePmdMapped:         0 kB
HugePages_Total:       0
HugePages_Free:        0
HugePages_Rsvd:        0
HugePages_Surp:        0
Hugepagesize:       2048 kB
Hugetlb:               0 kB
DirectMap4k:     2718528 kB
DirectMap2M:     5257216 kB
DirectMap1G:    58720256 kB

