MemTotal:       65439348 kB
MemFree:        63886012 kB
MemAvailable:   63908288 kB
Buffers:           47820 kB
Cached:           546512 kB
SwapCached:            0 kB
Active:           156136 kB
Inactive:         500508 kB
Active(anon):       3248 kB
Inactive(anon):    74540 kB
Active(file):     152888 kB
Inactive(file):   425968 kB
Unevictable:       19496 kB
Mlocked:           19496 kB
SwapTotal:       1996796 kB
SwapFree:        1996796 kB
Dirty:               652 kB
Writeback:             0 kB
AnonPages:         81908 kB
Mapped:            82624 kB
Shmem:              6376 kB
KReclaimable:      79464 kB
Slab:             309444 kB
SReclaimable:      79464 kB
SUnreclaim:       229980 kB
KernelStack:       10144 kB
PageTables:         2484 kB
NFS_Unstable:          0 kB
Bounce:                0 kB
WritebackTmp:          0 kB
CommitLimit:    34716468 kB
Committed_AS:     799208 kB
VmallocTotal:   34359738367 kB
VmallocUsed:       41664 kB
VmallocChunk:          0 kB
Percpu:           172992 kB
HardwareCorrupted:     0 kB
AnonHugePages:         0 kB
ShmemHugePages:        0 kB
ShmemPmdMapped:        0 kB
FileHugePages:         0 kB
FilePmdMapped:         0 kB
HugePages_Total:       0
HugePages_Free:        0
HugePages_Rsvd:        0
HugePages_Surp:        0
Hugepagesize:       2048 kB
Hugetlb:               0 kB
DirectMap4k:     2739008 kB
DirectMap2M:     5236736 kB
DirectMap1G:    58720256 kB

