MemTotal:       65439348 kB
MemFree:        63894080 kB
MemAvailable:   63913720 kB
Buffers:           47544 kB
Cached:           544276 kB
SwapCached:            0 kB
Active:           155844 kB
Inactive:         497452 kB
Active(anon):       3232 kB
Inactive(anon):    73720 kB
Active(file):     152612 kB
Inactive(file):   423732 kB
Unevictable:       19496 kB
Mlocked:           19496 kB
SwapTotal:       1996796 kB
SwapFree:        1996796 kB
Dirty:               900 kB
Writeback:             0 kB
AnonPages:         81056 kB
Mapped:            83360 kB
Shmem:              6376 kB
KReclaimable:      79216 kB
Slab:             308940 kB
SReclaimable:      79216 kB
SUnreclaim:       229724 kB
KernelStack:       10176 kB
PageTables:         2476 kB
NFS_Unstable:          0 kB
Bounce:                0 kB
WritebackTmp:          0 kB
CommitLimit:    34716468 kB
Committed_AS:     799204 kB
VmallocTotal:   34359738367 kB
VmallocUsed:       41132 kB
VmallocChunk:          0 kB
Percpu:           170688 kB
HardwareCorrupted:     0 kB
AnonHugePages:         0 kB
ShmemHugePages:        0 kB
ShmemPmdMapped:        0 kB
FileHugePages:         0 kB
FilePmdMapped:         0 kB
HugePages_Total:       0
HugePages_Free:        0
HugePages_Rsvd:        0
HugePages_Surp:        0
Hugepagesize:       2048 kB
Hugetlb:               0 kB
DirectMap4k:     2734912 kB
DirectMap2M:     5240832 kB
DirectMap1G:    58720256 kB

