MemTotal:       65439348 kB
MemFree:        63917640 kB
MemAvailable:   63925576 kB
Buffers:           46128 kB
Cached:           534540 kB
SwapCached:            0 kB
Active:           154436 kB
Inactive:         489876 kB
Active(anon):       3244 kB
Inactive(anon):    75876 kB
Active(file):     151192 kB
Inactive(file):   414000 kB
Unevictable:       19496 kB
Mlocked:           19496 kB
SwapTotal:       1996796 kB
SwapFree:        1996796 kB
Dirty:               644 kB
Writeback:             0 kB
AnonPages:         82256 kB
Mapped:            83064 kB
Shmem:              6376 kB
KReclaimable:      78112 kB
Slab:             306500 kB
SReclaimable:      78112 kB
SUnreclaim:       228388 kB
KernelStack:       10368 kB
PageTables:         3024 kB
NFS_Unstable:          0 kB
Bounce:                0 kB
WritebackTmp:          0 kB
CommitLimit:    34716468 kB
Committed_AS:     799204 kB
VmallocTotal:   34359738367 kB
VmallocUsed:       41276 kB
VmallocChunk:          0 kB
Percpu:           159936 kB
HardwareCorrupted:     0 kB
AnonHugePages:         0 kB
ShmemHugePages:        0 kB
ShmemPmdMapped:        0 kB
FileHugePages:         0 kB
FilePmdMapped:         0 kB
HugePages_Total:       0
HugePages_Free:        0
HugePages_Rsvd:        0
HugePages_Surp:        0
Hugepagesize:       2048 kB
Hugetlb:               0 kB
DirectMap4k:     2720576 kB
DirectMap2M:     5255168 kB
DirectMap1G:    58720256 kB

