MemTotal:       65439348 kB
MemFree:        64312460 kB
MemAvailable:   64013380 kB
Buffers:           31992 kB
Cached:           252480 kB
SwapCached:            0 kB
Active:           123148 kB
Inactive:         222176 kB
Active(anon):       3228 kB
Inactive(anon):    73136 kB
Active(file):     119920 kB
Inactive(file):   149040 kB
Unevictable:       19496 kB
Mlocked:           19496 kB
SwapTotal:       1996796 kB
SwapFree:        1996796 kB
Dirty:               900 kB
Writeback:             0 kB
AnonPages:         80868 kB
Mapped:            75488 kB
Shmem:              6376 kB
KReclaimable:      56544 kB
Slab:             277956 kB
SReclaimable:      56544 kB
SUnreclaim:       221412 kB
KernelStack:       10192 kB
PageTables:         2628 kB
NFS_Unstable:          0 kB
Bounce:                0 kB
WritebackTmp:          0 kB
CommitLimit:    34716468 kB
Committed_AS:     790352 kB
VmallocTotal:   34359738367 kB
VmallocUsed:       38452 kB
VmallocChunk:          0 kB
Percpu:            96576 kB
HardwareCorrupted:     0 kB
AnonHugePages:         0 kB
ShmemHugePages:        0 kB
ShmemPmdMapped:        0 kB
FileHugePages:         0 kB
FilePmdMapped:         0 kB
HugePages_Total:       0
HugePages_Free:        0
HugePages_Rsvd:        0
HugePages_Surp:        0
Hugepagesize:       2048 kB
Hugetlb:               0 kB
DirectMap4k:     2175808 kB
DirectMap2M:     5799936 kB
DirectMap1G:    58720256 kB

