MemTotal:       65439348 kB
MemFree:        64256004 kB
MemAvailable:   63993520 kB
Buffers:           38168 kB
Cached:           277028 kB
SwapCached:            0 kB
Active:           130988 kB
Inactive:         244280 kB
Active(anon):       3216 kB
Inactive(anon):    72336 kB
Active(file):     127772 kB
Inactive(file):   171944 kB
Unevictable:       19496 kB
Mlocked:           19496 kB
SwapTotal:       1996796 kB
SwapFree:        1996796 kB
Dirty:               724 kB
Writeback:             0 kB
AnonPages:         79640 kB
Mapped:            76832 kB
Shmem:              6376 kB
KReclaimable:      68220 kB
Slab:             292512 kB
SReclaimable:      68220 kB
SUnreclaim:       224292 kB
KernelStack:       10064 kB
PageTables:         2408 kB
NFS_Unstable:          0 kB
Bounce:                0 kB
WritebackTmp:          0 kB
CommitLimit:    34716468 kB
Committed_AS:     790616 kB
VmallocTotal:   34359738367 kB
VmallocUsed:       38548 kB
VmallocChunk:          0 kB
Percpu:           105024 kB
HardwareCorrupted:     0 kB
AnonHugePages:         0 kB
ShmemHugePages:        0 kB
ShmemPmdMapped:        0 kB
FileHugePages:         0 kB
FilePmdMapped:         0 kB
HugePages_Total:       0
HugePages_Free:        0
HugePages_Rsvd:        0
HugePages_Surp:        0
Hugepagesize:       2048 kB
Hugetlb:               0 kB
DirectMap4k:     2536256 kB
DirectMap2M:     5439488 kB
DirectMap1G:    58720256 kB

