MemTotal:       65439348 kB
MemFree:        63821112 kB
MemAvailable:   63876904 kB
Buffers:           51856 kB
Cached:           573996 kB
SwapCached:            0 kB
Active:           199100 kB
Inactive:         487316 kB
Active(anon):       3240 kB
Inactive(anon):    72836 kB
Active(file):     195860 kB
Inactive(file):   414480 kB
Unevictable:       19496 kB
Mlocked:           19496 kB
SwapTotal:       1996796 kB
SwapFree:        1996796 kB
Dirty:               736 kB
Writeback:             0 kB
AnonPages:         80152 kB
Mapped:            84504 kB
Shmem:              6376 kB
KReclaimable:      83524 kB
Slab:             316540 kB
SReclaimable:      83524 kB
SUnreclaim:       233016 kB
KernelStack:       10032 kB
PageTables:         2440 kB
NFS_Unstable:          0 kB
Bounce:                0 kB
WritebackTmp:          0 kB
CommitLimit:    34716468 kB
Committed_AS:     808036 kB
VmallocTotal:   34359738367 kB
VmallocUsed:       42744 kB
VmallocChunk:          0 kB
Percpu:           200832 kB
HardwareCorrupted:     0 kB
AnonHugePages:         0 kB
ShmemHugePages:        0 kB
ShmemPmdMapped:        0 kB
FileHugePages:         0 kB
FilePmdMapped:         0 kB
HugePages_Total:       0
HugePages_Free:        0
HugePages_Rsvd:        0
HugePages_Surp:        0
Hugepagesize:       2048 kB
Hugetlb:               0 kB
DirectMap4k:     2769728 kB
DirectMap2M:     5206016 kB
DirectMap1G:    58720256 kB

