MemTotal:       65439348 kB
MemFree:        63744780 kB
MemAvailable:   63833380 kB
Buffers:           56032 kB
Cached:           600888 kB
SwapCached:            0 kB
Active:           203984 kB
Inactive:         520120 kB
Active(anon):       3248 kB
Inactive(anon):    79440 kB
Active(file):     200736 kB
Inactive(file):   440680 kB
Unevictable:       19496 kB
Mlocked:           19496 kB
SwapTotal:       1996796 kB
SwapFree:        1996796 kB
Dirty:               840 kB
Writeback:             0 kB
AnonPages:         86304 kB
Mapped:            96404 kB
Shmem:              6380 kB
KReclaimable:      86988 kB
Slab:             323584 kB
SReclaimable:      86988 kB
SUnreclaim:       236596 kB
KernelStack:       10256 kB
PageTables:         2932 kB
NFS_Unstable:          0 kB
Bounce:                0 kB
WritebackTmp:          0 kB
CommitLimit:    34716468 kB
Committed_AS:     854036 kB
VmallocTotal:   34359738367 kB
VmallocUsed:       44120 kB
VmallocChunk:          0 kB
Percpu:           230400 kB
HardwareCorrupted:     0 kB
AnonHugePages:         0 kB
ShmemHugePages:        0 kB
ShmemPmdMapped:        0 kB
FileHugePages:         0 kB
FilePmdMapped:         0 kB
HugePages_Total:       0
HugePages_Free:        0
HugePages_Rsvd:        0
HugePages_Surp:        0
Hugepagesize:       2048 kB
Hugetlb:               0 kB
DirectMap4k:     2806592 kB
DirectMap2M:     5169152 kB
DirectMap1G:    58720256 kB

