MemTotal:       65439348 kB
MemFree:        63856532 kB
MemAvailable:   63893240 kB
Buffers:           49444 kB
Cached:           558516 kB
SwapCached:            0 kB
Active:           157920 kB
Inactive:         512408 kB
Active(anon):       3252 kB
Inactive(anon):    74600 kB
Active(file):     154668 kB
Inactive(file):   437808 kB
Unevictable:       19496 kB
Mlocked:           19496 kB
SwapTotal:       1996796 kB
SwapFree:        1996796 kB
Dirty:               592 kB
Writeback:             0 kB
AnonPages:         81960 kB
Mapped:            83164 kB
Shmem:              6376 kB
KReclaimable:      81088 kB
Slab:             313668 kB
SReclaimable:      81088 kB
SUnreclaim:       232580 kB
KernelStack:       10160 kB
PageTables:         2896 kB
NFS_Unstable:          0 kB
Bounce:                0 kB
WritebackTmp:          0 kB
CommitLimit:    34716468 kB
Committed_AS:     799204 kB
VmallocTotal:   34359738367 kB
VmallocUsed:       41712 kB
VmallocChunk:          0 kB
Percpu:           183936 kB
HardwareCorrupted:     0 kB
AnonHugePages:         0 kB
ShmemHugePages:        0 kB
ShmemPmdMapped:        0 kB
FileHugePages:         0 kB
FilePmdMapped:         0 kB
HugePages_Total:       0
HugePages_Free:        0
HugePages_Rsvd:        0
HugePages_Surp:        0
Hugepagesize:       2048 kB
Hugetlb:               0 kB
DirectMap4k:     2751296 kB
DirectMap2M:     5224448 kB
DirectMap1G:    58720256 kB

