MemTotal:       65439348 kB
MemFree:        63799836 kB
MemAvailable:   63864824 kB
Buffers:           52880 kB
Cached:           581624 kB
SwapCached:            0 kB
Active:           200156 kB
Inactive:         494880 kB
Active(anon):       3244 kB
Inactive(anon):    72772 kB
Active(file):     196912 kB
Inactive(file):   422108 kB
Unevictable:       19496 kB
Mlocked:           19496 kB
SwapTotal:       1996796 kB
SwapFree:        1996796 kB
Dirty:               740 kB
Writeback:             0 kB
AnonPages:         80132 kB
Mapped:            85284 kB
Shmem:              6376 kB
KReclaimable:      84556 kB
Slab:             318964 kB
SReclaimable:      84556 kB
SUnreclaim:       234408 kB
KernelStack:       10032 kB
PageTables:         2448 kB
NFS_Unstable:          0 kB
Bounce:                0 kB
WritebackTmp:          0 kB
CommitLimit:    34716468 kB
Committed_AS:     808036 kB
VmallocTotal:   34359738367 kB
VmallocUsed:       42776 kB
VmallocChunk:          0 kB
Percpu:           209280 kB
HardwareCorrupted:     0 kB
AnonHugePages:         0 kB
ShmemHugePages:        0 kB
ShmemPmdMapped:        0 kB
FileHugePages:         0 kB
FilePmdMapped:         0 kB
HugePages_Total:       0
HugePages_Free:        0
HugePages_Rsvd:        0
HugePages_Surp:        0
Hugepagesize:       2048 kB
Hugetlb:               0 kB
DirectMap4k:     2782016 kB
DirectMap2M:     5193728 kB
DirectMap1G:    58720256 kB

