MemTotal:       65439348 kB
MemFree:        64280648 kB
MemAvailable:   64003536 kB
Buffers:           36328 kB
Cached:           265008 kB
SwapCached:            0 kB
Active:           129132 kB
Inactive:         234856 kB
Active(anon):       3216 kB
Inactive(anon):    74928 kB
Active(file):     125916 kB
Inactive(file):   159928 kB
Unevictable:       19496 kB
Mlocked:           19496 kB
SwapTotal:       1996796 kB
SwapFree:        1996796 kB
Dirty:               620 kB
Writeback:             0 kB
AnonPages:         81716 kB
Mapped:            76572 kB
Shmem:              6376 kB
KReclaimable:      66712 kB
Slab:             288908 kB
SReclaimable:      66712 kB
SUnreclaim:       222196 kB
KernelStack:       10160 kB
PageTables:         2876 kB
NFS_Unstable:          0 kB
Bounce:                0 kB
WritebackTmp:          0 kB
CommitLimit:    34716468 kB
Committed_AS:     790356 kB
VmallocTotal:   34359738367 kB
VmallocUsed:       38436 kB
VmallocChunk:          0 kB
Percpu:            96576 kB
HardwareCorrupted:     0 kB
AnonHugePages:         0 kB
ShmemHugePages:        0 kB
ShmemPmdMapped:        0 kB
FileHugePages:         0 kB
FilePmdMapped:         0 kB
HugePages_Total:       0
HugePages_Free:        0
HugePages_Rsvd:        0
HugePages_Surp:        0
Hugepagesize:       2048 kB
Hugetlb:               0 kB
DirectMap4k:     2341696 kB
DirectMap2M:     5634048 kB
DirectMap1G:    58720256 kB

