MemTotal:       65439348 kB
MemFree:        64224608 kB
MemAvailable:   63977216 kB
Buffers:           39892 kB
Cached:           289636 kB
SwapCached:            0 kB
Active:           133620 kB
Inactive:         256468 kB
Active(anon):       3224 kB
Inactive(anon):    72812 kB
Active(file):     130396 kB
Inactive(file):   183656 kB
Unevictable:       19496 kB
Mlocked:           19496 kB
SwapTotal:       1996796 kB
SwapFree:        1996796 kB
Dirty:               680 kB
Writeback:             0 kB
AnonPages:         79620 kB
Mapped:            78104 kB
Shmem:              6376 kB
KReclaimable:      69732 kB
Slab:             294684 kB
SReclaimable:      69732 kB
SUnreclaim:       224952 kB
KernelStack:        9984 kB
PageTables:         2336 kB
NFS_Unstable:          0 kB
Bounce:                0 kB
WritebackTmp:          0 kB
CommitLimit:    34716468 kB
Committed_AS:     790364 kB
VmallocTotal:   34359738367 kB
VmallocUsed:       38984 kB
VmallocChunk:          0 kB
Percpu:           117696 kB
HardwareCorrupted:     0 kB
AnonHugePages:         0 kB
ShmemHugePages:        0 kB
ShmemPmdMapped:        0 kB
FileHugePages:         0 kB
FilePmdMapped:         0 kB
HugePages_Total:       0
HugePages_Free:        0
HugePages_Rsvd:        0
HugePages_Surp:        0
Hugepagesize:       2048 kB
Hugetlb:               0 kB
DirectMap4k:     2663232 kB
DirectMap2M:     5312512 kB
DirectMap1G:    58720256 kB

