MemTotal:       65439348 kB
MemFree:        64277860 kB
MemAvailable:   64005316 kB
Buffers:           36888 kB
Cached:           268656 kB
SwapCached:            0 kB
Active:           129680 kB
Inactive:         235728 kB
Active(anon):       3216 kB
Inactive(anon):    72156 kB
Active(file):     126464 kB
Inactive(file):   163572 kB
Unevictable:       19496 kB
Mlocked:           19496 kB
SwapTotal:       1996796 kB
SwapFree:        1996796 kB
Dirty:               636 kB
Writeback:             0 kB
AnonPages:         79396 kB
Mapped:            75904 kB
Shmem:              6376 kB
KReclaimable:      67464 kB
Slab:             291432 kB
SReclaimable:      67464 kB
SUnreclaim:       223968 kB
KernelStack:        9984 kB
PageTables:         2312 kB
NFS_Unstable:          0 kB
Bounce:                0 kB
WritebackTmp:          0 kB
CommitLimit:    34716468 kB
Committed_AS:     790356 kB
VmallocTotal:   34359738367 kB
VmallocUsed:       38388 kB
VmallocChunk:          0 kB
Percpu:            96576 kB
HardwareCorrupted:     0 kB
AnonHugePages:         0 kB
ShmemHugePages:        0 kB
ShmemPmdMapped:        0 kB
FileHugePages:         0 kB
FilePmdMapped:         0 kB
HugePages_Total:       0
HugePages_Free:        0
HugePages_Rsvd:        0
HugePages_Surp:        0
Hugepagesize:       2048 kB
Hugetlb:               0 kB
DirectMap4k:     2399040 kB
DirectMap2M:     5576704 kB
DirectMap1G:    58720256 kB

