MemTotal:       65439348 kB
MemFree:        64285748 kB
MemAvailable:   64004412 kB
Buffers:           35824 kB
Cached:           261472 kB
SwapCached:            0 kB
Active:           128656 kB
Inactive:         229696 kB
Active(anon):       3228 kB
Inactive(anon):    73308 kB
Active(file):     125428 kB
Inactive(file):   156388 kB
Unevictable:       19496 kB
Mlocked:           19496 kB
SwapTotal:       1996796 kB
SwapFree:        1996796 kB
Dirty:               848 kB
Writeback:             0 kB
AnonPages:         80492 kB
Mapped:            75404 kB
Shmem:              6380 kB
KReclaimable:      66320 kB
Slab:             289132 kB
SReclaimable:      66320 kB
SUnreclaim:       222812 kB
KernelStack:       10000 kB
PageTables:         2396 kB
NFS_Unstable:          0 kB
Bounce:                0 kB
WritebackTmp:          0 kB
CommitLimit:    34716468 kB
Committed_AS:     790356 kB
VmallocTotal:   34359738367 kB
VmallocUsed:       38468 kB
VmallocChunk:          0 kB
Percpu:            96576 kB
HardwareCorrupted:     0 kB
AnonHugePages:         0 kB
ShmemHugePages:        0 kB
ShmemPmdMapped:        0 kB
FileHugePages:         0 kB
FilePmdMapped:         0 kB
HugePages_Total:       0
HugePages_Free:        0
HugePages_Rsvd:        0
HugePages_Surp:        0
Hugepagesize:       2048 kB
Hugetlb:               0 kB
DirectMap4k:     2284352 kB
DirectMap2M:     5691392 kB
DirectMap1G:    58720256 kB

