MemTotal:       65439348 kB
MemFree:        64174276 kB
MemAvailable:   63957340 kB
Buffers:           42328 kB
Cached:           316508 kB
SwapCached:            0 kB
Active:           137764 kB
Inactive:         287368 kB
Active(anon):       3248 kB
Inactive(anon):    78528 kB
Active(file):     134516 kB
Inactive(file):   208840 kB
Unevictable:       19496 kB
Mlocked:           19496 kB
SwapTotal:       1996796 kB
SwapFree:        1996796 kB
Dirty:               156 kB
Writeback:             0 kB
AnonPages:         85860 kB
Mapped:            88396 kB
Shmem:              6380 kB
KReclaimable:      72036 kB
Slab:             298556 kB
SReclaimable:      72036 kB
SUnreclaim:       226520 kB
KernelStack:       10128 kB
PageTables:         2628 kB
NFS_Unstable:          0 kB
Bounce:                0 kB
WritebackTmp:          0 kB
CommitLimit:    34716468 kB
Committed_AS:     838004 kB
VmallocTotal:   34359738367 kB
VmallocUsed:       39700 kB
VmallocChunk:          0 kB
Percpu:           132096 kB
HardwareCorrupted:     0 kB
AnonHugePages:         0 kB
ShmemHugePages:        0 kB
ShmemPmdMapped:        0 kB
FileHugePages:         0 kB
FilePmdMapped:         0 kB
HugePages_Total:       0
HugePages_Free:        0
HugePages_Rsvd:        0
HugePages_Surp:        0
Hugepagesize:       2048 kB
Hugetlb:               0 kB
DirectMap4k:     2687808 kB
DirectMap2M:     5287936 kB
DirectMap1G:    58720256 kB

