MemTotal:       65439348 kB
MemFree:        63883748 kB
MemAvailable:   63908316 kB
Buffers:           48084 kB
Cached:           548424 kB
SwapCached:            0 kB
Active:           156392 kB
Inactive:         502412 kB
Active(anon):       3240 kB
Inactive(anon):    74532 kB
Active(file):     153152 kB
Inactive(file):   427880 kB
Unevictable:       19496 kB
Mlocked:           19496 kB
SwapTotal:       1996796 kB
SwapFree:        1996796 kB
Dirty:               584 kB
Writeback:             0 kB
AnonPages:         81888 kB
Mapped:            83576 kB
Shmem:              6376 kB
KReclaimable:      79692 kB
Slab:             309884 kB
SReclaimable:      79692 kB
SUnreclaim:       230192 kB
KernelStack:       10064 kB
PageTables:         2708 kB
NFS_Unstable:          0 kB
Bounce:                0 kB
WritebackTmp:          0 kB
CommitLimit:    34716468 kB
Committed_AS:     799204 kB
VmallocTotal:   34359738367 kB
VmallocUsed:       41680 kB
VmallocChunk:          0 kB
Percpu:           174912 kB
HardwareCorrupted:     0 kB
AnonHugePages:         0 kB
ShmemHugePages:        0 kB
ShmemPmdMapped:        0 kB
FileHugePages:         0 kB
FilePmdMapped:         0 kB
HugePages_Total:       0
HugePages_Free:        0
HugePages_Rsvd:        0
HugePages_Surp:        0
Hugepagesize:       2048 kB
Hugetlb:               0 kB
DirectMap4k:     2739008 kB
DirectMap2M:     5236736 kB
DirectMap1G:    58720256 kB

