MemTotal:       65439348 kB
MemFree:        64224624 kB
MemAvailable:   63977448 kB
Buffers:           39920 kB
Cached:           289812 kB
SwapCached:            0 kB
Active:           133640 kB
Inactive:         256532 kB
Active(anon):       3220 kB
Inactive(anon):    72696 kB
Active(file):     130420 kB
Inactive(file):   183836 kB
Unevictable:       19496 kB
Mlocked:           19496 kB
SwapTotal:       1996796 kB
SwapFree:        1996796 kB
Dirty:               160 kB
Writeback:             0 kB
AnonPages:         80016 kB
Mapped:            77940 kB
Shmem:              6376 kB
KReclaimable:      69760 kB
Slab:             294628 kB
SReclaimable:      69760 kB
SUnreclaim:       224868 kB
KernelStack:       10048 kB
PageTables:         2464 kB
NFS_Unstable:          0 kB
Bounce:                0 kB
WritebackTmp:          0 kB
CommitLimit:    34716468 kB
Committed_AS:     790620 kB
VmallocTotal:   34359738367 kB
VmallocUsed:       39048 kB
VmallocChunk:          0 kB
Percpu:           117696 kB
HardwareCorrupted:     0 kB
AnonHugePages:         0 kB
ShmemHugePages:        0 kB
ShmemPmdMapped:        0 kB
FileHugePages:         0 kB
FilePmdMapped:         0 kB
HugePages_Total:       0
HugePages_Free:        0
HugePages_Rsvd:        0
HugePages_Surp:        0
Hugepagesize:       2048 kB
Hugetlb:               0 kB
DirectMap4k:     2663232 kB
DirectMap2M:     5312512 kB
DirectMap1G:    58720256 kB

