MemTotal:       65439348 kB
MemFree:        64231580 kB
MemAvailable:   63981032 kB
Buffers:           39504 kB
Cached:           287092 kB
SwapCached:            0 kB
Active:           133224 kB
Inactive:         253356 kB
Active(anon):       3224 kB
Inactive(anon):    72244 kB
Active(file):     130000 kB
Inactive(file):   181112 kB
Unevictable:       19496 kB
Mlocked:           19496 kB
SwapTotal:       1996796 kB
SwapFree:        1996796 kB
Dirty:               668 kB
Writeback:             0 kB
AnonPages:         79580 kB
Mapped:            77768 kB
Shmem:              6376 kB
KReclaimable:      69304 kB
Slab:             293756 kB
SReclaimable:      69304 kB
SUnreclaim:       224452 kB
KernelStack:       10096 kB
PageTables:         2396 kB
NFS_Unstable:          0 kB
Bounce:                0 kB
WritebackTmp:          0 kB
CommitLimit:    34716468 kB
Committed_AS:     790624 kB
VmallocTotal:   34359738367 kB
VmallocUsed:       39064 kB
VmallocChunk:          0 kB
Percpu:           115200 kB
HardwareCorrupted:     0 kB
AnonHugePages:         0 kB
ShmemHugePages:        0 kB
ShmemPmdMapped:        0 kB
FileHugePages:         0 kB
FilePmdMapped:         0 kB
HugePages_Total:       0
HugePages_Free:        0
HugePages_Rsvd:        0
HugePages_Surp:        0
Hugepagesize:       2048 kB
Hugetlb:               0 kB
DirectMap4k:     2659136 kB
DirectMap2M:     5316608 kB
DirectMap1G:    58720256 kB

