MemTotal:       65439348 kB
MemFree:        64261748 kB
MemAvailable:   63996516 kB
Buffers:           37924 kB
Cached:           274640 kB
SwapCached:            0 kB
Active:           130728 kB
Inactive:         243760 kB
Active(anon):       3212 kB
Inactive(anon):    74208 kB
Active(file):     127516 kB
Inactive(file):   169552 kB
Unevictable:       19496 kB
Mlocked:           19496 kB
SwapTotal:       1996796 kB
SwapFree:        1996796 kB
Dirty:               592 kB
Writeback:             0 kB
AnonPages:         81968 kB
Mapped:            77240 kB
Shmem:              6376 kB
KReclaimable:      68020 kB
Slab:             292140 kB
SReclaimable:      68020 kB
SUnreclaim:       224120 kB
KernelStack:       10144 kB
PageTables:         2912 kB
NFS_Unstable:          0 kB
Bounce:                0 kB
WritebackTmp:          0 kB
CommitLimit:    34716468 kB
Committed_AS:     790356 kB
VmallocTotal:   34359738367 kB
VmallocUsed:       38468 kB
VmallocChunk:          0 kB
Percpu:           103104 kB
HardwareCorrupted:     0 kB
AnonHugePages:         0 kB
ShmemHugePages:        0 kB
ShmemPmdMapped:        0 kB
FileHugePages:         0 kB
FilePmdMapped:         0 kB
HugePages_Total:       0
HugePages_Free:        0
HugePages_Rsvd:        0
HugePages_Surp:        0
Hugepagesize:       2048 kB
Hugetlb:               0 kB
DirectMap4k:     2495296 kB
DirectMap2M:     5480448 kB
DirectMap1G:    58720256 kB

