MemTotal:       65439348 kB
MemFree:        64313708 kB
MemAvailable:   64011144 kB
Buffers:           31432 kB
Cached:           249304 kB
SwapCached:            0 kB
Active:           122584 kB
Inactive:         218360 kB
Active(anon):       3216 kB
Inactive(anon):    72476 kB
Active(file):     119368 kB
Inactive(file):   145884 kB
Unevictable:       19496 kB
Mlocked:           19496 kB
SwapTotal:       1996796 kB
SwapFree:        1996796 kB
Dirty:               176 kB
Writeback:             0 kB
AnonPages:         79800 kB
Mapped:            74460 kB
Shmem:              6376 kB
KReclaimable:      56360 kB
Slab:             276644 kB
SReclaimable:      56360 kB
SUnreclaim:       220284 kB
KernelStack:        9984 kB
PageTables:         2392 kB
NFS_Unstable:          0 kB
Bounce:                0 kB
WritebackTmp:          0 kB
CommitLimit:    34716468 kB
Committed_AS:     790356 kB
VmallocTotal:   34359738367 kB
VmallocUsed:       38388 kB
VmallocChunk:          0 kB
Percpu:            96576 kB
HardwareCorrupted:     0 kB
AnonHugePages:         0 kB
ShmemHugePages:        0 kB
ShmemPmdMapped:        0 kB
FileHugePages:         0 kB
FilePmdMapped:         0 kB
HugePages_Total:       0
HugePages_Free:        0
HugePages_Rsvd:        0
HugePages_Surp:        0
Hugepagesize:       2048 kB
Hugetlb:               0 kB
DirectMap4k:     2130752 kB
DirectMap2M:     5844992 kB
DirectMap1G:    58720256 kB

