MemTotal:       65439348 kB
MemFree:        64265424 kB
MemAvailable:   63999116 kB
Buffers:           37804 kB
Cached:           273716 kB
SwapCached:            0 kB
Active:           130620 kB
Inactive:         242132 kB
Active(anon):       3224 kB
Inactive(anon):    73500 kB
Active(file):     127396 kB
Inactive(file):   168632 kB
Unevictable:       19496 kB
Mlocked:           19496 kB
SwapTotal:       1996796 kB
SwapFree:        1996796 kB
Dirty:               824 kB
Writeback:             0 kB
AnonPages:         80928 kB
Mapped:            76332 kB
Shmem:              6376 kB
KReclaimable:      67952 kB
Slab:             291432 kB
SReclaimable:      67952 kB
SUnreclaim:       223480 kB
KernelStack:       10144 kB
PageTables:         2576 kB
NFS_Unstable:          0 kB
Bounce:                0 kB
WritebackTmp:          0 kB
CommitLimit:    34716468 kB
Committed_AS:     790360 kB
VmallocTotal:   34359738367 kB
VmallocUsed:       38452 kB
VmallocChunk:          0 kB
Percpu:           101952 kB
HardwareCorrupted:     0 kB
AnonHugePages:         0 kB
ShmemHugePages:        0 kB
ShmemPmdMapped:        0 kB
FileHugePages:         0 kB
FilePmdMapped:         0 kB
HugePages_Total:       0
HugePages_Free:        0
HugePages_Rsvd:        0
HugePages_Surp:        0
Hugepagesize:       2048 kB
Hugetlb:               0 kB
DirectMap4k:     2483008 kB
DirectMap2M:     5492736 kB
DirectMap1G:    58720256 kB

