MemTotal:       65439348 kB
MemFree:        64322108 kB
MemAvailable:   64017512 kB
Buffers:           30896 kB
Cached:           245908 kB
SwapCached:            0 kB
Active:           122044 kB
Inactive:         215068 kB
Active(anon):       3212 kB
Inactive(anon):    72580 kB
Active(file):     118832 kB
Inactive(file):   142488 kB
Unevictable:       19496 kB
Mlocked:           19496 kB
SwapTotal:       1996796 kB
SwapFree:        1996796 kB
Dirty:               688 kB
Writeback:             0 kB
AnonPages:         79836 kB
Mapped:            74268 kB
Shmem:              6376 kB
KReclaimable:      56228 kB
Slab:             276160 kB
SReclaimable:      56228 kB
SUnreclaim:       219932 kB
KernelStack:       10048 kB
PageTables:         2392 kB
NFS_Unstable:          0 kB
Bounce:                0 kB
WritebackTmp:          0 kB
CommitLimit:    34716468 kB
Committed_AS:     790352 kB
VmallocTotal:   34359738367 kB
VmallocUsed:       38516 kB
VmallocChunk:          0 kB
Percpu:            96576 kB
HardwareCorrupted:     0 kB
AnonHugePages:         0 kB
ShmemHugePages:        0 kB
ShmemPmdMapped:        0 kB
FileHugePages:         0 kB
FilePmdMapped:         0 kB
HugePages_Total:       0
HugePages_Free:        0
HugePages_Rsvd:        0
HugePages_Surp:        0
Hugepagesize:       2048 kB
Hugetlb:               0 kB
DirectMap4k:     2083648 kB
DirectMap2M:     5892096 kB
DirectMap1G:    58720256 kB

