MemTotal:       65439348 kB
MemFree:        64153876 kB
MemAvailable:   63944000 kB
Buffers:           43280 kB
Cached:           322280 kB
SwapCached:            0 kB
Active:           139012 kB
Inactive:         292844 kB
Active(anon):       3248 kB
Inactive(anon):    78552 kB
Active(file):     135764 kB
Inactive(file):   214292 kB
Unevictable:       19496 kB
Mlocked:           19496 kB
SwapTotal:       1996796 kB
SwapFree:        1996796 kB
Dirty:               152 kB
Writeback:             0 kB
AnonPages:         85904 kB
Mapped:            88876 kB
Shmem:              6380 kB
KReclaimable:      72760 kB
Slab:             300116 kB
SReclaimable:      72760 kB
SUnreclaim:       227356 kB
KernelStack:       10112 kB
PageTables:         2632 kB
NFS_Unstable:          0 kB
Bounce:                0 kB
WritebackTmp:          0 kB
CommitLimit:    34716468 kB
Committed_AS:     838260 kB
VmallocTotal:   34359738367 kB
VmallocUsed:       40184 kB
VmallocChunk:          0 kB
Percpu:           138816 kB
HardwareCorrupted:     0 kB
AnonHugePages:         0 kB
ShmemHugePages:        0 kB
ShmemPmdMapped:        0 kB
FileHugePages:         0 kB
FilePmdMapped:         0 kB
HugePages_Total:       0
HugePages_Free:        0
HugePages_Rsvd:        0
HugePages_Surp:        0
Hugepagesize:       2048 kB
Hugetlb:               0 kB
DirectMap4k:     2696000 kB
DirectMap2M:     5279744 kB
DirectMap1G:    58720256 kB

