MemTotal:       65439348 kB
MemFree:        63697144 kB
MemAvailable:   63812252 kB
Buffers:           59148 kB
Cached:           622764 kB
SwapCached:            0 kB
Active:           212060 kB
Inactive:         532712 kB
Active(anon):       3252 kB
Inactive(anon):    75100 kB
Active(file):     208808 kB
Inactive(file):   457612 kB
Unevictable:       19496 kB
Mlocked:           19496 kB
SwapTotal:       1996796 kB
SwapFree:        1996796 kB
Dirty:               700 kB
Writeback:             0 kB
AnonPages:         81816 kB
Mapped:            89328 kB
Shmem:              6380 kB
KReclaimable:      89996 kB
Slab:             329648 kB
SReclaimable:      89996 kB
SUnreclaim:       239652 kB
KernelStack:       10112 kB
PageTables:         2264 kB
NFS_Unstable:          0 kB
Bounce:                0 kB
WritebackTmp:          0 kB
CommitLimit:    34716468 kB
Committed_AS:     807652 kB
VmallocTotal:   34359738367 kB
VmallocUsed:       44808 kB
VmallocChunk:          0 kB
Percpu:           254400 kB
HardwareCorrupted:     0 kB
AnonHugePages:         0 kB
ShmemHugePages:        0 kB
ShmemPmdMapped:        0 kB
FileHugePages:         0 kB
FilePmdMapped:         0 kB
HugePages_Total:       0
HugePages_Free:        0
HugePages_Rsvd:        0
HugePages_Surp:        0
Hugepagesize:       2048 kB
Hugetlb:               0 kB
DirectMap4k:     2835264 kB
DirectMap2M:     5140480 kB
DirectMap1G:    58720256 kB

