MemTotal:       65439348 kB
MemFree:        63837708 kB
MemAvailable:   63885480 kB
Buffers:           50928 kB
Cached:           567316 kB
SwapCached:            0 kB
Active:           198208 kB
Inactive:         481276 kB
Active(anon):       3240 kB
Inactive(anon):    73472 kB
Active(file):     194968 kB
Inactive(file):   407804 kB
Unevictable:       19496 kB
Mlocked:           19496 kB
SwapTotal:       1996796 kB
SwapFree:        1996796 kB
Dirty:               664 kB
Writeback:             0 kB
AnonPages:         80764 kB
Mapped:            83932 kB
Shmem:              6372 kB
KReclaimable:      82624 kB
Slab:             314160 kB
SReclaimable:      82624 kB
SUnreclaim:       231536 kB
KernelStack:       10160 kB
PageTables:         2348 kB
NFS_Unstable:          0 kB
Bounce:                0 kB
WritebackTmp:          0 kB
CommitLimit:    34716468 kB
Committed_AS:     807392 kB
VmallocTotal:   34359738367 kB
VmallocUsed:       42292 kB
VmallocChunk:          0 kB
Percpu:           193536 kB
HardwareCorrupted:     0 kB
AnonHugePages:         0 kB
ShmemHugePages:        0 kB
ShmemPmdMapped:        0 kB
FileHugePages:         0 kB
FilePmdMapped:         0 kB
HugePages_Total:       0
HugePages_Free:        0
HugePages_Rsvd:        0
HugePages_Surp:        0
Hugepagesize:       2048 kB
Hugetlb:               0 kB
DirectMap4k:     2759488 kB
DirectMap2M:     5216256 kB
DirectMap1G:    58720256 kB

