MemTotal:       65439348 kB
MemFree:        64162072 kB
MemAvailable:   63949776 kB
Buffers:           42980 kB
Cached:           320296 kB
SwapCached:            0 kB
Active:           138388 kB
Inactive:         292744 kB
Active(anon):       3248 kB
Inactive(anon):    80132 kB
Active(file):     135140 kB
Inactive(file):   212612 kB
Unevictable:       19496 kB
Mlocked:           19496 kB
SwapTotal:       1996796 kB
SwapFree:        1996796 kB
Dirty:               196 kB
Writeback:             0 kB
AnonPages:         88016 kB
Mapped:            89288 kB
Shmem:              6380 kB
KReclaimable:      72524 kB
Slab:             299228 kB
SReclaimable:      72524 kB
SUnreclaim:       226704 kB
KernelStack:       10288 kB
PageTables:         3060 kB
NFS_Unstable:          0 kB
Bounce:                0 kB
WritebackTmp:          0 kB
CommitLimit:    34716468 kB
Committed_AS:     837616 kB
VmallocTotal:   34359738367 kB
VmallocUsed:       40360 kB
VmallocChunk:          0 kB
Percpu:           136320 kB
HardwareCorrupted:     0 kB
AnonHugePages:         0 kB
ShmemHugePages:        0 kB
ShmemPmdMapped:        0 kB
FileHugePages:         0 kB
FilePmdMapped:         0 kB
HugePages_Total:       0
HugePages_Free:        0
HugePages_Rsvd:        0
HugePages_Surp:        0
Hugepagesize:       2048 kB
Hugetlb:               0 kB
DirectMap4k:     2693952 kB
DirectMap2M:     5281792 kB
DirectMap1G:    58720256 kB

