MemTotal:       65439348 kB
MemFree:        63833980 kB
MemAvailable:   63883984 kB
Buffers:           51184 kB
Cached:           569208 kB
SwapCached:            0 kB
Active:           198464 kB
Inactive:         482728 kB
Active(anon):       3252 kB
Inactive(anon):    73036 kB
Active(file):     195212 kB
Inactive(file):   409692 kB
Unevictable:       19496 kB
Mlocked:           19496 kB
SwapTotal:       1996796 kB
SwapFree:        1996796 kB
Dirty:               680 kB
Writeback:             0 kB
AnonPages:         80364 kB
Mapped:            84200 kB
Shmem:              6376 kB
KReclaimable:      82824 kB
Slab:             314396 kB
SReclaimable:      82824 kB
SUnreclaim:       231572 kB
KernelStack:       10064 kB
PageTables:         2476 kB
NFS_Unstable:          0 kB
Bounce:                0 kB
WritebackTmp:          0 kB
CommitLimit:    34716468 kB
Committed_AS:     807396 kB
VmallocTotal:   34359738367 kB
VmallocUsed:       42228 kB
VmallocChunk:          0 kB
Percpu:           196032 kB
HardwareCorrupted:     0 kB
AnonHugePages:         0 kB
ShmemHugePages:        0 kB
ShmemPmdMapped:        0 kB
FileHugePages:         0 kB
FilePmdMapped:         0 kB
HugePages_Total:       0
HugePages_Free:        0
HugePages_Rsvd:        0
HugePages_Surp:        0
Hugepagesize:       2048 kB
Hugetlb:               0 kB
DirectMap4k:     2761536 kB
DirectMap2M:     5214208 kB
DirectMap1G:    58720256 kB

