MemTotal:       65439348 kB
MemFree:        64166820 kB
MemAvailable:   63952964 kB
Buffers:           42780 kB
Cached:           318980 kB
SwapCached:            0 kB
Active:           138192 kB
Inactive:         289484 kB
Active(anon):       3248 kB
Inactive(anon):    78176 kB
Active(file):     134944 kB
Inactive(file):   211308 kB
Unevictable:       19496 kB
Mlocked:           19496 kB
SwapTotal:       1996796 kB
SwapFree:        1996796 kB
Dirty:                12 kB
Writeback:             0 kB
AnonPages:         85516 kB
Mapped:            88660 kB
Shmem:              6380 kB
KReclaimable:      72404 kB
Slab:             299472 kB
SReclaimable:      72404 kB
SUnreclaim:       227068 kB
KernelStack:        9968 kB
PageTables:         2576 kB
NFS_Unstable:          0 kB
Bounce:                0 kB
WritebackTmp:          0 kB
CommitLimit:    34716468 kB
Committed_AS:     838004 kB
VmallocTotal:   34359738367 kB
VmallocUsed:       40168 kB
VmallocChunk:          0 kB
Percpu:           135168 kB
HardwareCorrupted:     0 kB
AnonHugePages:         0 kB
ShmemHugePages:        0 kB
ShmemPmdMapped:        0 kB
FileHugePages:         0 kB
FilePmdMapped:         0 kB
HugePages_Total:       0
HugePages_Free:        0
HugePages_Rsvd:        0
HugePages_Surp:        0
Hugepagesize:       2048 kB
Hugetlb:               0 kB
DirectMap4k:     2693952 kB
DirectMap2M:     5281792 kB
DirectMap1G:    58720256 kB

