MemTotal:       65439348 kB
MemFree:        63744684 kB
MemAvailable:   63832872 kB
Buffers:           55972 kB
Cached:           600540 kB
SwapCached:            0 kB
Active:           203940 kB
Inactive:         518480 kB
Active(anon):       3244 kB
Inactive(anon):    78144 kB
Active(file):     200696 kB
Inactive(file):   440336 kB
Unevictable:       19496 kB
Mlocked:           19496 kB
SwapTotal:       1996796 kB
SwapFree:        1996796 kB
Dirty:                88 kB
Writeback:             0 kB
AnonPages:         85468 kB
Mapped:            96300 kB
Shmem:              6380 kB
KReclaimable:      86932 kB
Slab:             323572 kB
SReclaimable:      86932 kB
SUnreclaim:       236640 kB
KernelStack:       10192 kB
PageTables:         2728 kB
NFS_Unstable:          0 kB
Bounce:                0 kB
WritebackTmp:          0 kB
CommitLimit:    34716468 kB
Committed_AS:     854044 kB
VmallocTotal:   34359738367 kB
VmallocUsed:       44024 kB
VmallocChunk:          0 kB
Percpu:           229824 kB
HardwareCorrupted:     0 kB
AnonHugePages:         0 kB
ShmemHugePages:        0 kB
ShmemPmdMapped:        0 kB
FileHugePages:         0 kB
FilePmdMapped:         0 kB
HugePages_Total:       0
HugePages_Free:        0
HugePages_Rsvd:        0
HugePages_Surp:        0
Hugepagesize:       2048 kB
Hugetlb:               0 kB
DirectMap4k:     2806592 kB
DirectMap2M:     5169152 kB
DirectMap1G:    58720256 kB

