MemTotal:       65439348 kB
MemFree:        64241668 kB
MemAvailable:   63986432 kB
Buffers:           38932 kB
Cached:           283180 kB
SwapCached:            0 kB
Active:           132648 kB
Inactive:         249572 kB
Active(anon):       3220 kB
Inactive(anon):    72376 kB
Active(file):     129428 kB
Inactive(file):   177196 kB
Unevictable:       19496 kB
Mlocked:           19496 kB
SwapTotal:       1996796 kB
SwapFree:        1996796 kB
Dirty:               772 kB
Writeback:             0 kB
AnonPages:         79732 kB
Mapped:            77320 kB
Shmem:              6376 kB
KReclaimable:      68904 kB
Slab:             293440 kB
SReclaimable:      68904 kB
SUnreclaim:       224536 kB
KernelStack:       10048 kB
PageTables:         2404 kB
NFS_Unstable:          0 kB
Bounce:                0 kB
WritebackTmp:          0 kB
CommitLimit:    34716468 kB
Committed_AS:     790624 kB
VmallocTotal:   34359738367 kB
VmallocUsed:       38984 kB
VmallocChunk:          0 kB
Percpu:           110976 kB
HardwareCorrupted:     0 kB
AnonHugePages:         0 kB
ShmemHugePages:        0 kB
ShmemPmdMapped:        0 kB
FileHugePages:         0 kB
FilePmdMapped:         0 kB
HugePages_Total:       0
HugePages_Free:        0
HugePages_Rsvd:        0
HugePages_Surp:        0
Hugepagesize:       2048 kB
Hugetlb:               0 kB
DirectMap4k:     2626368 kB
DirectMap2M:     5349376 kB
DirectMap1G:    58720256 kB

