MemTotal:       65439348 kB
MemFree:        64289008 kB
MemAvailable:   64008780 kB
Buffers:           35944 kB
Cached:           262412 kB
SwapCached:            0 kB
Active:           128772 kB
Inactive:         231288 kB
Active(anon):       3224 kB
Inactive(anon):    73956 kB
Active(file):     125548 kB
Inactive(file):   157332 kB
Unevictable:       19496 kB
Mlocked:           19496 kB
SwapTotal:       1996796 kB
SwapFree:        1996796 kB
Dirty:               744 kB
Writeback:             0 kB
AnonPages:         81148 kB
Mapped:            75472 kB
Shmem:              6376 kB
KReclaimable:      66404 kB
Slab:             288348 kB
SReclaimable:      66404 kB
SUnreclaim:       221944 kB
KernelStack:       10080 kB
PageTables:         2376 kB
NFS_Unstable:          0 kB
Bounce:                0 kB
WritebackTmp:          0 kB
CommitLimit:    34716468 kB
Committed_AS:     790360 kB
VmallocTotal:   34359738367 kB
VmallocUsed:       38532 kB
VmallocChunk:          0 kB
Percpu:            96576 kB
HardwareCorrupted:     0 kB
AnonHugePages:         0 kB
ShmemHugePages:        0 kB
ShmemPmdMapped:        0 kB
FileHugePages:         0 kB
FilePmdMapped:         0 kB
HugePages_Total:       0
HugePages_Free:        0
HugePages_Rsvd:        0
HugePages_Surp:        0
Hugepagesize:       2048 kB
Hugetlb:               0 kB
DirectMap4k:     2300736 kB
DirectMap2M:     5675008 kB
DirectMap1G:    58720256 kB

