MemTotal:       65439348 kB
MemFree:        63809088 kB
MemAvailable:   63870260 kB
Buffers:           52464 kB
Cached:           578436 kB
SwapCached:            0 kB
Active:           199736 kB
Inactive:         491756 kB
Active(anon):       3244 kB
Inactive(anon):    72836 kB
Active(file):     196492 kB
Inactive(file):   418920 kB
Unevictable:       19496 kB
Mlocked:           19496 kB
SwapTotal:       1996796 kB
SwapFree:        1996796 kB
Dirty:               148 kB
Writeback:             0 kB
AnonPages:         80196 kB
Mapped:            85044 kB
Shmem:              6376 kB
KReclaimable:      84144 kB
Slab:             318808 kB
SReclaimable:      84144 kB
SUnreclaim:       234664 kB
KernelStack:       10016 kB
PageTables:         2460 kB
NFS_Unstable:          0 kB
Bounce:                0 kB
WritebackTmp:          0 kB
CommitLimit:    34716468 kB
Committed_AS:     808044 kB
VmallocTotal:   34359738367 kB
VmallocUsed:       42648 kB
VmallocChunk:          0 kB
Percpu:           205632 kB
HardwareCorrupted:     0 kB
AnonHugePages:         0 kB
ShmemHugePages:        0 kB
ShmemPmdMapped:        0 kB
FileHugePages:         0 kB
FilePmdMapped:         0 kB
HugePages_Total:       0
HugePages_Free:        0
HugePages_Rsvd:        0
HugePages_Surp:        0
Hugepagesize:       2048 kB
Hugetlb:               0 kB
DirectMap4k:     2773824 kB
DirectMap2M:     5201920 kB
DirectMap1G:    58720256 kB

