MemTotal:       65439348 kB
MemFree:        63848584 kB
MemAvailable:   63891404 kB
Buffers:           50248 kB
Cached:           563368 kB
SwapCached:            0 kB
Active:           197516 kB
Inactive:         476584 kB
Active(anon):       3248 kB
Inactive(anon):    72732 kB
Active(file):     194268 kB
Inactive(file):   403852 kB
Unevictable:       19496 kB
Mlocked:           19496 kB
SwapTotal:       1996796 kB
SwapFree:        1996796 kB
Dirty:               792 kB
Writeback:             0 kB
AnonPages:         80084 kB
Mapped:            83692 kB
Shmem:              6376 kB
KReclaimable:      82024 kB
Slab:             313016 kB
SReclaimable:      82024 kB
SUnreclaim:       230992 kB
KernelStack:       10000 kB
PageTables:         2436 kB
NFS_Unstable:          0 kB
Bounce:                0 kB
WritebackTmp:          0 kB
CommitLimit:    34716468 kB
Committed_AS:     799592 kB
VmallocTotal:   34359738367 kB
VmallocUsed:       42180 kB
VmallocChunk:          0 kB
Percpu:           189312 kB
HardwareCorrupted:     0 kB
AnonHugePages:         0 kB
ShmemHugePages:        0 kB
ShmemPmdMapped:        0 kB
FileHugePages:         0 kB
FilePmdMapped:         0 kB
HugePages_Total:       0
HugePages_Free:        0
HugePages_Rsvd:        0
HugePages_Surp:        0
Hugepagesize:       2048 kB
Hugetlb:               0 kB
DirectMap4k:     2755392 kB
DirectMap2M:     5220352 kB
DirectMap1G:    58720256 kB

