MemTotal:       65439348 kB
MemFree:        63724760 kB
MemAvailable:   63823772 kB
Buffers:           57288 kB
Cached:           609456 kB
SwapCached:            0 kB
Active:           205240 kB
Inactive:         528708 kB
Active(anon):       3248 kB
Inactive(anon):    79448 kB
Active(file):     201992 kB
Inactive(file):   449260 kB
Unevictable:       19496 kB
Mlocked:           19496 kB
SwapTotal:       1996796 kB
SwapFree:        1996796 kB
Dirty:               800 kB
Writeback:             0 kB
AnonPages:         87328 kB
Mapped:            96396 kB
Shmem:              6376 kB
KReclaimable:      88140 kB
Slab:             325512 kB
SReclaimable:      88140 kB
SUnreclaim:       237372 kB
KernelStack:       10144 kB
PageTables:         2872 kB
NFS_Unstable:          0 kB
Bounce:                0 kB
WritebackTmp:          0 kB
CommitLimit:    34716468 kB
Committed_AS:     854428 kB
VmallocTotal:   34359738367 kB
VmallocUsed:       44588 kB
VmallocChunk:          0 kB
Percpu:           239424 kB
HardwareCorrupted:     0 kB
AnonHugePages:         0 kB
ShmemHugePages:        0 kB
ShmemPmdMapped:        0 kB
FileHugePages:         0 kB
FilePmdMapped:         0 kB
HugePages_Total:       0
HugePages_Free:        0
HugePages_Rsvd:        0
HugePages_Surp:        0
Hugepagesize:       2048 kB
Hugetlb:               0 kB
DirectMap4k:     2818880 kB
DirectMap2M:     5156864 kB
DirectMap1G:    58720256 kB

