MemTotal:       65439348 kB
MemFree:        64149772 kB
MemAvailable:   63943284 kB
Buffers:           43688 kB
Cached:           324992 kB
SwapCached:            0 kB
Active:           139436 kB
Inactive:         295628 kB
Active(anon):       3248 kB
Inactive(anon):    78624 kB
Active(file):     136188 kB
Inactive(file):   217004 kB
Unevictable:       19496 kB
Mlocked:           19496 kB
SwapTotal:       1996796 kB
SwapFree:        1996796 kB
Dirty:               592 kB
Writeback:             0 kB
AnonPages:         85932 kB
Mapped:            89076 kB
Shmem:              6380 kB
KReclaimable:      73260 kB
Slab:             301804 kB
SReclaimable:      73260 kB
SUnreclaim:       228544 kB
KernelStack:       10096 kB
PageTables:         2624 kB
NFS_Unstable:          0 kB
Bounce:                0 kB
WritebackTmp:          0 kB
CommitLimit:    34716468 kB
Committed_AS:     838256 kB
VmallocTotal:   34359738367 kB
VmallocUsed:       40328 kB
VmallocChunk:          0 kB
Percpu:           141888 kB
HardwareCorrupted:     0 kB
AnonHugePages:         0 kB
ShmemHugePages:        0 kB
ShmemPmdMapped:        0 kB
FileHugePages:         0 kB
FilePmdMapped:         0 kB
HugePages_Total:       0
HugePages_Free:        0
HugePages_Rsvd:        0
HugePages_Surp:        0
Hugepagesize:       2048 kB
Hugetlb:               0 kB
DirectMap4k:     2700096 kB
DirectMap2M:     5275648 kB
DirectMap1G:    58720256 kB

