MemTotal:       65439348 kB
MemFree:        64312036 kB
MemAvailable:   64013776 kB
Buffers:           32144 kB
Cached:           253088 kB
SwapCached:            0 kB
Active:           123300 kB
Inactive:         222048 kB
Active(anon):       3212 kB
Inactive(anon):    72384 kB
Active(file):     120088 kB
Inactive(file):   149664 kB
Unevictable:       19496 kB
Mlocked:           19496 kB
SwapTotal:       1996796 kB
SwapFree:        1996796 kB
Dirty:               580 kB
Writeback:             0 kB
AnonPages:         79664 kB
Mapped:            74744 kB
Shmem:              6376 kB
KReclaimable:      56600 kB
Slab:             277924 kB
SReclaimable:      56600 kB
SUnreclaim:       221324 kB
KernelStack:        9888 kB
PageTables:         2384 kB
NFS_Unstable:          0 kB
Bounce:                0 kB
WritebackTmp:          0 kB
CommitLimit:    34716468 kB
Committed_AS:     790352 kB
VmallocTotal:   34359738367 kB
VmallocUsed:       38388 kB
VmallocChunk:          0 kB
Percpu:            96576 kB
HardwareCorrupted:     0 kB
AnonHugePages:         0 kB
ShmemHugePages:        0 kB
ShmemPmdMapped:        0 kB
FileHugePages:         0 kB
FilePmdMapped:         0 kB
HugePages_Total:       0
HugePages_Free:        0
HugePages_Rsvd:        0
HugePages_Surp:        0
Hugepagesize:       2048 kB
Hugetlb:               0 kB
DirectMap4k:     2190144 kB
DirectMap2M:     5785600 kB
DirectMap1G:    58720256 kB

