MemTotal:       65439348 kB
MemFree:        63886128 kB
MemAvailable:   63909572 kB
Buffers:           47928 kB
Cached:           547532 kB
SwapCached:            0 kB
Active:           156232 kB
Inactive:         499876 kB
Active(anon):       3244 kB
Inactive(anon):    72888 kB
Active(file):     152988 kB
Inactive(file):   426988 kB
Unevictable:       19496 kB
Mlocked:           19496 kB
SwapTotal:       1996796 kB
SwapFree:        1996796 kB
Dirty:               156 kB
Writeback:             0 kB
AnonPages:         80248 kB
Mapped:            82608 kB
Shmem:              6376 kB
KReclaimable:      79556 kB
Slab:             309720 kB
SReclaimable:      79556 kB
SUnreclaim:       230164 kB
KernelStack:       10032 kB
PageTables:         2428 kB
NFS_Unstable:          0 kB
Bounce:                0 kB
WritebackTmp:          0 kB
CommitLimit:    34716468 kB
Committed_AS:     799592 kB
VmallocTotal:   34359738367 kB
VmallocUsed:       41664 kB
VmallocChunk:          0 kB
Percpu:           174336 kB
HardwareCorrupted:     0 kB
AnonHugePages:         0 kB
ShmemHugePages:        0 kB
ShmemPmdMapped:        0 kB
FileHugePages:         0 kB
FilePmdMapped:         0 kB
HugePages_Total:       0
HugePages_Free:        0
HugePages_Rsvd:        0
HugePages_Surp:        0
Hugepagesize:       2048 kB
Hugetlb:               0 kB
DirectMap4k:     2739008 kB
DirectMap2M:     5236736 kB
DirectMap1G:    58720256 kB

