MemTotal:       65439348 kB
MemFree:        64254280 kB
MemAvailable:   63992592 kB
Buffers:           38244 kB
Cached:           277744 kB
SwapCached:            0 kB
Active:           131028 kB
Inactive:         246140 kB
Active(anon):       3208 kB
Inactive(anon):    73476 kB
Active(file):     127820 kB
Inactive(file):   172664 kB
Unevictable:       19496 kB
Mlocked:           19496 kB
SwapTotal:       1996796 kB
SwapFree:        1996796 kB
Dirty:               748 kB
Writeback:             0 kB
AnonPages:         80852 kB
Mapped:            77212 kB
Shmem:              6372 kB
KReclaimable:      68276 kB
Slab:             291860 kB
SReclaimable:      68276 kB
SUnreclaim:       223584 kB
KernelStack:       10128 kB
PageTables:         2564 kB
NFS_Unstable:          0 kB
Bounce:                0 kB
WritebackTmp:          0 kB
CommitLimit:    34716468 kB
Committed_AS:     790356 kB
VmallocTotal:   34359738367 kB
VmallocUsed:       38516 kB
VmallocChunk:          0 kB
Percpu:           105600 kB
HardwareCorrupted:     0 kB
AnonHugePages:         0 kB
ShmemHugePages:        0 kB
ShmemPmdMapped:        0 kB
FileHugePages:         0 kB
FilePmdMapped:         0 kB
HugePages_Total:       0
HugePages_Free:        0
HugePages_Rsvd:        0
HugePages_Surp:        0
Hugepagesize:       2048 kB
Hugetlb:               0 kB
DirectMap4k:     2546496 kB
DirectMap2M:     5429248 kB
DirectMap1G:    58720256 kB

