MemTotal:       65439348 kB
MemFree:        63749684 kB
MemAvailable:   63835888 kB
Buffers:           55736 kB
Cached:           598880 kB
SwapCached:            0 kB
Active:           203704 kB
Inactive:         517424 kB
Active(anon):       3248 kB
Inactive(anon):    78752 kB
Active(file):     200456 kB
Inactive(file):   438672 kB
Unevictable:       19496 kB
Mlocked:           19496 kB
SwapTotal:       1996796 kB
SwapFree:        1996796 kB
Dirty:               624 kB
Writeback:             0 kB
AnonPages:         86104 kB
Mapped:            96148 kB
Shmem:              6380 kB
KReclaimable:      86772 kB
Slab:             323328 kB
SReclaimable:      86772 kB
SUnreclaim:       236556 kB
KernelStack:       10112 kB
PageTables:         2600 kB
NFS_Unstable:          0 kB
Bounce:                0 kB
WritebackTmp:          0 kB
CommitLimit:    34716468 kB
Committed_AS:     854040 kB
VmallocTotal:   34359738367 kB
VmallocUsed:       44008 kB
VmallocChunk:          0 kB
Percpu:           228096 kB
HardwareCorrupted:     0 kB
AnonHugePages:         0 kB
ShmemHugePages:        0 kB
ShmemPmdMapped:        0 kB
FileHugePages:         0 kB
FilePmdMapped:         0 kB
HugePages_Total:       0
HugePages_Free:        0
HugePages_Rsvd:        0
HugePages_Surp:        0
Hugepagesize:       2048 kB
Hugetlb:               0 kB
DirectMap4k:     2802496 kB
DirectMap2M:     5173248 kB
DirectMap1G:    58720256 kB

