MemTotal:       65439348 kB
MemFree:        63691940 kB
MemAvailable:   63807972 kB
Buffers:           59256 kB
Cached:           623512 kB
SwapCached:            0 kB
Active:           212164 kB
Inactive:         532504 kB
Active(anon):       3236 kB
Inactive(anon):    74144 kB
Active(file):     208928 kB
Inactive(file):   458360 kB
Unevictable:       19496 kB
Mlocked:           19496 kB
SwapTotal:       1996796 kB
SwapFree:        1996796 kB
Dirty:               884 kB
Writeback:             0 kB
AnonPages:         81408 kB
Mapped:            88652 kB
Shmem:              6376 kB
KReclaimable:      90108 kB
Slab:             328800 kB
SReclaimable:      90108 kB
SUnreclaim:       238692 kB
KernelStack:        9984 kB
PageTables:         2376 kB
NFS_Unstable:          0 kB
Bounce:                0 kB
WritebackTmp:          0 kB
CommitLimit:    34716468 kB
Committed_AS:     807648 kB
VmallocTotal:   34359738367 kB
VmallocUsed:       44824 kB
VmallocChunk:          0 kB
Percpu:           254976 kB
HardwareCorrupted:     0 kB
AnonHugePages:         0 kB
ShmemHugePages:        0 kB
ShmemPmdMapped:        0 kB
FileHugePages:         0 kB
FilePmdMapped:         0 kB
HugePages_Total:       0
HugePages_Free:        0
HugePages_Rsvd:        0
HugePages_Surp:        0
Hugepagesize:       2048 kB
Hugetlb:               0 kB
DirectMap4k:     2835264 kB
DirectMap2M:     5140480 kB
DirectMap1G:    58720256 kB

