MemTotal:       65439348 kB
MemFree:        63884580 kB
MemAvailable:   63910312 kB
Buffers:           48284 kB
Cached:           549316 kB
SwapCached:            0 kB
Active:           156592 kB
Inactive:         501716 kB
Active(anon):       3244 kB
Inactive(anon):    72944 kB
Active(file):     153348 kB
Inactive(file):   428772 kB
Unevictable:       19496 kB
Mlocked:           19496 kB
SwapTotal:       1996796 kB
SwapFree:        1996796 kB
Dirty:               748 kB
Writeback:             0 kB
AnonPages:         80268 kB
Mapped:            82704 kB
Shmem:              6376 kB
KReclaimable:      79848 kB
Slab:             309972 kB
SReclaimable:      79848 kB
SUnreclaim:       230124 kB
KernelStack:        9920 kB
PageTables:         2436 kB
NFS_Unstable:          0 kB
Bounce:                0 kB
WritebackTmp:          0 kB
CommitLimit:    34716468 kB
Committed_AS:     799592 kB
VmallocTotal:   34359738367 kB
VmallocUsed:       41568 kB
VmallocChunk:          0 kB
Percpu:           176064 kB
HardwareCorrupted:     0 kB
AnonHugePages:         0 kB
ShmemHugePages:        0 kB
ShmemPmdMapped:        0 kB
FileHugePages:         0 kB
FilePmdMapped:         0 kB
HugePages_Total:       0
HugePages_Free:        0
HugePages_Rsvd:        0
HugePages_Surp:        0
Hugepagesize:       2048 kB
Hugetlb:               0 kB
DirectMap4k:     2741056 kB
DirectMap2M:     5234688 kB
DirectMap1G:    58720256 kB

