MemTotal:       65439348 kB
MemFree:        64129232 kB
MemAvailable:   63932104 kB
Buffers:           44828 kB
Cached:           332648 kB
SwapCached:            0 kB
Active:           140588 kB
Inactive:         302752 kB
Active(anon):       3252 kB
Inactive(anon):    78096 kB
Active(file):     137336 kB
Inactive(file):   224656 kB
Unevictable:       19496 kB
Mlocked:           19496 kB
SwapTotal:       1996796 kB
SwapFree:        1996796 kB
Dirty:               648 kB
Writeback:             0 kB
AnonPages:         85420 kB
Mapped:            90536 kB
Shmem:              6384 kB
KReclaimable:      74380 kB
Slab:             303164 kB
SReclaimable:      74380 kB
SUnreclaim:       228784 kB
KernelStack:       10160 kB
PageTables:         2696 kB
NFS_Unstable:          0 kB
Bounce:                0 kB
WritebackTmp:          0 kB
CommitLimit:    34716468 kB
Committed_AS:     837872 kB
VmallocTotal:   34359738367 kB
VmallocUsed:       40748 kB
VmallocChunk:          0 kB
Percpu:           150336 kB
HardwareCorrupted:     0 kB
AnonHugePages:         0 kB
ShmemHugePages:        0 kB
ShmemPmdMapped:        0 kB
FileHugePages:         0 kB
FilePmdMapped:         0 kB
HugePages_Total:       0
HugePages_Free:        0
HugePages_Rsvd:        0
HugePages_Surp:        0
Hugepagesize:       2048 kB
Hugetlb:               0 kB
DirectMap4k:     2712384 kB
DirectMap2M:     5263360 kB
DirectMap1G:    58720256 kB

