MemTotal:       65439348 kB
MemFree:        64227968 kB
MemAvailable:   63981808 kB
Buffers:           40028 kB
Cached:           290644 kB
SwapCached:            0 kB
Active:           133744 kB
Inactive:         257104 kB
Active(anon):       3220 kB
Inactive(anon):    72440 kB
Active(file):     130524 kB
Inactive(file):   184664 kB
Unevictable:       19496 kB
Mlocked:           19496 kB
SwapTotal:       1996796 kB
SwapFree:        1996796 kB
Dirty:               752 kB
Writeback:             0 kB
AnonPages:         79728 kB
Mapped:            77896 kB
Shmem:              6376 kB
KReclaimable:      69924 kB
Slab:             294608 kB
SReclaimable:      69924 kB
SUnreclaim:       224684 kB
KernelStack:       10064 kB
PageTables:         2408 kB
NFS_Unstable:          0 kB
Bounce:                0 kB
WritebackTmp:          0 kB
CommitLimit:    34716468 kB
Committed_AS:     790620 kB
VmallocTotal:   34359738367 kB
VmallocUsed:       39032 kB
VmallocChunk:          0 kB
Percpu:           118848 kB
HardwareCorrupted:     0 kB
AnonHugePages:         0 kB
ShmemHugePages:        0 kB
ShmemPmdMapped:        0 kB
FileHugePages:         0 kB
FilePmdMapped:         0 kB
HugePages_Total:       0
HugePages_Free:        0
HugePages_Rsvd:        0
HugePages_Surp:        0
Hugepagesize:       2048 kB
Hugetlb:               0 kB
DirectMap4k:     2665280 kB
DirectMap2M:     5310464 kB
DirectMap1G:    58720256 kB

