MemTotal:       65439348 kB
MemFree:        64179528 kB
MemAvailable:   63957848 kB
Buffers:           41784 kB
Cached:           312552 kB
SwapCached:            0 kB
Active:           137232 kB
Inactive:         284968 kB
Active(anon):       3260 kB
Inactive(anon):    80088 kB
Active(file):     133972 kB
Inactive(file):   204880 kB
Unevictable:       19496 kB
Mlocked:           19496 kB
SwapTotal:       1996796 kB
SwapFree:        1996796 kB
Dirty:               632 kB
Writeback:             0 kB
AnonPages:         87448 kB
Mapped:            88440 kB
Shmem:              6380 kB
KReclaimable:      71556 kB
Slab:             297908 kB
SReclaimable:      71556 kB
SUnreclaim:       226352 kB
KernelStack:       10096 kB
PageTables:         2720 kB
NFS_Unstable:          0 kB
Bounce:                0 kB
WritebackTmp:          0 kB
CommitLimit:    34716468 kB
Committed_AS:     837616 kB
VmallocTotal:   34359738367 kB
VmallocUsed:       39780 kB
VmallocChunk:          0 kB
Percpu:           128064 kB
HardwareCorrupted:     0 kB
AnonHugePages:         0 kB
ShmemHugePages:        0 kB
ShmemPmdMapped:        0 kB
FileHugePages:         0 kB
FilePmdMapped:         0 kB
HugePages_Total:       0
HugePages_Free:        0
HugePages_Rsvd:        0
HugePages_Surp:        0
Hugepagesize:       2048 kB
Hugetlb:               0 kB
DirectMap4k:     2681664 kB
DirectMap2M:     5294080 kB
DirectMap1G:    58720256 kB

