MemTotal:       65439348 kB
MemFree:        64232724 kB
MemAvailable:   63979932 kB
Buffers:           39232 kB
Cached:           285200 kB
SwapCached:            0 kB
Active:           132936 kB
Inactive:         253904 kB
Active(anon):       3204 kB
Inactive(anon):    74680 kB
Active(file):     129732 kB
Inactive(file):   179224 kB
Unevictable:       19496 kB
Mlocked:           19496 kB
SwapTotal:       1996796 kB
SwapFree:        1996796 kB
Dirty:               728 kB
Writeback:             0 kB
AnonPages:         82392 kB
Mapped:            77736 kB
Shmem:              6372 kB
KReclaimable:      69124 kB
Slab:             293772 kB
SReclaimable:      69124 kB
SUnreclaim:       224648 kB
KernelStack:       10096 kB
PageTables:         2716 kB
NFS_Unstable:          0 kB
Bounce:                0 kB
WritebackTmp:          0 kB
CommitLimit:    34716468 kB
Committed_AS:     790360 kB
VmallocTotal:   34359738367 kB
VmallocUsed:       38984 kB
VmallocChunk:          0 kB
Percpu:           112896 kB
HardwareCorrupted:     0 kB
AnonHugePages:         0 kB
ShmemHugePages:        0 kB
ShmemPmdMapped:        0 kB
FileHugePages:         0 kB
FilePmdMapped:         0 kB
HugePages_Total:       0
HugePages_Free:        0
HugePages_Rsvd:        0
HugePages_Surp:        0
Hugepagesize:       2048 kB
Hugetlb:               0 kB
DirectMap4k:     2655040 kB
DirectMap2M:     5320704 kB
DirectMap1G:    58720256 kB

