MemTotal:       65439348 kB
MemFree:        64127292 kB
MemAvailable:   63930332 kB
Buffers:           44868 kB
Cached:           332760 kB
SwapCached:            0 kB
Active:           140612 kB
Inactive:         302776 kB
Active(anon):       3244 kB
Inactive(anon):    78004 kB
Active(file):     137368 kB
Inactive(file):   224772 kB
Unevictable:       19496 kB
Mlocked:           19496 kB
SwapTotal:       1996796 kB
SwapFree:        1996796 kB
Dirty:               784 kB
Writeback:             0 kB
AnonPages:         85332 kB
Mapped:            90640 kB
Shmem:              6380 kB
KReclaimable:      74420 kB
Slab:             303360 kB
SReclaimable:      74420 kB
SUnreclaim:       228940 kB
KernelStack:       10160 kB
PageTables:         2628 kB
NFS_Unstable:          0 kB
Bounce:                0 kB
WritebackTmp:          0 kB
CommitLimit:    34716468 kB
Committed_AS:     837868 kB
VmallocTotal:   34359738367 kB
VmallocUsed:       40764 kB
VmallocChunk:          0 kB
Percpu:           150912 kB
HardwareCorrupted:     0 kB
AnonHugePages:         0 kB
ShmemHugePages:        0 kB
ShmemPmdMapped:        0 kB
FileHugePages:         0 kB
FilePmdMapped:         0 kB
HugePages_Total:       0
HugePages_Free:        0
HugePages_Rsvd:        0
HugePages_Surp:        0
Hugepagesize:       2048 kB
Hugetlb:               0 kB
DirectMap4k:     2712384 kB
DirectMap2M:     5263360 kB
DirectMap1G:    58720256 kB

