MemTotal:       65439348 kB
MemFree:        63831660 kB
MemAvailable:   63881604 kB
Buffers:           51180 kB
Cached:           569148 kB
SwapCached:            0 kB
Active:           198456 kB
Inactive:         482872 kB
Active(anon):       3244 kB
Inactive(anon):    73240 kB
Active(file):     195212 kB
Inactive(file):   409632 kB
Unevictable:       19496 kB
Mlocked:           19496 kB
SwapTotal:       1996796 kB
SwapFree:        1996796 kB
Dirty:                72 kB
Writeback:             0 kB
AnonPages:         80608 kB
Mapped:            84192 kB
Shmem:              6376 kB
KReclaimable:      82820 kB
Slab:             314204 kB
SReclaimable:      82820 kB
SUnreclaim:       231384 kB
KernelStack:       10064 kB
PageTables:         2496 kB
NFS_Unstable:          0 kB
Bounce:                0 kB
WritebackTmp:          0 kB
CommitLimit:    34716468 kB
Committed_AS:     807784 kB
VmallocTotal:   34359738367 kB
VmallocUsed:       42324 kB
VmallocChunk:          0 kB
Percpu:           196032 kB
HardwareCorrupted:     0 kB
AnonHugePages:         0 kB
ShmemHugePages:        0 kB
ShmemPmdMapped:        0 kB
FileHugePages:         0 kB
FilePmdMapped:         0 kB
HugePages_Total:       0
HugePages_Free:        0
HugePages_Rsvd:        0
HugePages_Surp:        0
Hugepagesize:       2048 kB
Hugetlb:               0 kB
DirectMap4k:     2761536 kB
DirectMap2M:     5214208 kB
DirectMap1G:    58720256 kB

