MemTotal:       65439348 kB
MemFree:        63901812 kB
MemAvailable:   63916996 kB
Buffers:           47036 kB
Cached:           540556 kB
SwapCached:            0 kB
Active:           155340 kB
Inactive:         492892 kB
Active(anon):       3244 kB
Inactive(anon):    72880 kB
Active(file):     152096 kB
Inactive(file):   420012 kB
Unevictable:       19496 kB
Mlocked:           19496 kB
SwapTotal:       1996796 kB
SwapFree:        1996796 kB
Dirty:               756 kB
Writeback:             0 kB
AnonPages:         80244 kB
Mapped:            81980 kB
Shmem:              6376 kB
KReclaimable:      78776 kB
Slab:             309184 kB
SReclaimable:      78776 kB
SUnreclaim:       230408 kB
KernelStack:       10080 kB
PageTables:         2424 kB
NFS_Unstable:          0 kB
Bounce:                0 kB
WritebackTmp:          0 kB
CommitLimit:    34716468 kB
Committed_AS:     799588 kB
VmallocTotal:   34359738367 kB
VmallocUsed:       41260 kB
VmallocChunk:          0 kB
Percpu:           166464 kB
HardwareCorrupted:     0 kB
AnonHugePages:         0 kB
ShmemHugePages:        0 kB
ShmemPmdMapped:        0 kB
FileHugePages:         0 kB
FilePmdMapped:         0 kB
HugePages_Total:       0
HugePages_Free:        0
HugePages_Rsvd:        0
HugePages_Surp:        0
Hugepagesize:       2048 kB
Hugetlb:               0 kB
DirectMap4k:     2730816 kB
DirectMap2M:     5244928 kB
DirectMap1G:    58720256 kB

