MemTotal:       65439348 kB
MemFree:        64312100 kB
MemAvailable:   64013896 kB
Buffers:           32160 kB
Cached:           253144 kB
SwapCached:            0 kB
Active:           123304 kB
Inactive:         221968 kB
Active(anon):       3216 kB
Inactive(anon):    72248 kB
Active(file):     120088 kB
Inactive(file):   149720 kB
Unevictable:       19496 kB
Mlocked:           19496 kB
SwapTotal:       1996796 kB
SwapFree:        1996796 kB
Dirty:                48 kB
Writeback:             0 kB
AnonPages:         79548 kB
Mapped:            74752 kB
Shmem:              6376 kB
KReclaimable:      56600 kB
Slab:             277924 kB
SReclaimable:      56600 kB
SUnreclaim:       221324 kB
KernelStack:        9904 kB
PageTables:         2388 kB
NFS_Unstable:          0 kB
Bounce:                0 kB
WritebackTmp:          0 kB
CommitLimit:    34716468 kB
Committed_AS:     790608 kB
VmallocTotal:   34359738367 kB
VmallocUsed:       38340 kB
VmallocChunk:          0 kB
Percpu:            96576 kB
HardwareCorrupted:     0 kB
AnonHugePages:         0 kB
ShmemHugePages:        0 kB
ShmemPmdMapped:        0 kB
FileHugePages:         0 kB
FilePmdMapped:         0 kB
HugePages_Total:       0
HugePages_Free:        0
HugePages_Rsvd:        0
HugePages_Surp:        0
Hugepagesize:       2048 kB
Hugetlb:               0 kB
DirectMap4k:     2192192 kB
DirectMap2M:     5783552 kB
DirectMap1G:    58720256 kB

