MemTotal:       65439348 kB
MemFree:        64189632 kB
MemAvailable:   63963200 kB
Buffers:           41220 kB
Cached:           308648 kB
SwapCached:            0 kB
Active:           136660 kB
Inactive:         281512 kB
Active(anon):       3252 kB
Inactive(anon):    80532 kB
Active(file):     133408 kB
Inactive(file):   200980 kB
Unevictable:       19496 kB
Mlocked:           19496 kB
SwapTotal:       1996796 kB
SwapFree:        1996796 kB
Dirty:               680 kB
Writeback:             0 kB
AnonPages:         87460 kB
Mapped:            88380 kB
Shmem:              6380 kB
KReclaimable:      70980 kB
Slab:             296308 kB
SReclaimable:      70980 kB
SUnreclaim:       225328 kB
KernelStack:       10272 kB
PageTables:         2568 kB
NFS_Unstable:          0 kB
Bounce:                0 kB
WritebackTmp:          0 kB
CommitLimit:    34716468 kB
Committed_AS:     837616 kB
VmallocTotal:   34359738367 kB
VmallocUsed:       39796 kB
VmallocChunk:          0 kB
Percpu:           123840 kB
HardwareCorrupted:     0 kB
AnonHugePages:         0 kB
ShmemHugePages:        0 kB
ShmemPmdMapped:        0 kB
FileHugePages:         0 kB
FilePmdMapped:         0 kB
HugePages_Total:       0
HugePages_Free:        0
HugePages_Rsvd:        0
HugePages_Surp:        0
Hugepagesize:       2048 kB
Hugetlb:               0 kB
DirectMap4k:     2673472 kB
DirectMap2M:     5302272 kB
DirectMap1G:    58720256 kB

