MemTotal:       65439348 kB
MemFree:        64169288 kB
MemAvailable:   63953088 kB
Buffers:           42424 kB
Cached:           317092 kB
SwapCached:            0 kB
Active:           137856 kB
Inactive:         287608 kB
Active(anon):       3248 kB
Inactive(anon):    78180 kB
Active(file):     134608 kB
Inactive(file):   209428 kB
Unevictable:       19496 kB
Mlocked:           19496 kB
SwapTotal:       1996796 kB
SwapFree:        1996796 kB
Dirty:                72 kB
Writeback:             0 kB
AnonPages:         85544 kB
Mapped:            88464 kB
Shmem:              6380 kB
KReclaimable:      72148 kB
Slab:             299272 kB
SReclaimable:      72148 kB
SUnreclaim:       227124 kB
KernelStack:       10128 kB
PageTables:         2576 kB
NFS_Unstable:          0 kB
Bounce:                0 kB
WritebackTmp:          0 kB
CommitLimit:    34716468 kB
Committed_AS:     838000 kB
VmallocTotal:   34359738367 kB
VmallocUsed:       40280 kB
VmallocChunk:          0 kB
Percpu:           132864 kB
HardwareCorrupted:     0 kB
AnonHugePages:         0 kB
ShmemHugePages:        0 kB
ShmemPmdMapped:        0 kB
FileHugePages:         0 kB
FilePmdMapped:         0 kB
HugePages_Total:       0
HugePages_Free:        0
HugePages_Rsvd:        0
HugePages_Surp:        0
Hugepagesize:       2048 kB
Hugetlb:               0 kB
DirectMap4k:     2691904 kB
DirectMap2M:     5283840 kB
DirectMap1G:    58720256 kB

