MemTotal:       65439348 kB
MemFree:        64258624 kB
MemAvailable:   63995580 kB
Buffers:           38116 kB
Cached:           276560 kB
SwapCached:            0 kB
Active:           130920 kB
Inactive:         243872 kB
Active(anon):       3216 kB
Inactive(anon):    72396 kB
Active(file):     127704 kB
Inactive(file):   171476 kB
Unevictable:       19496 kB
Mlocked:           19496 kB
SwapTotal:       1996796 kB
SwapFree:        1996796 kB
Dirty:               200 kB
Writeback:             0 kB
AnonPages:         79720 kB
Mapped:            76812 kB
Shmem:              6376 kB
KReclaimable:      68176 kB
Slab:             291972 kB
SReclaimable:      68176 kB
SUnreclaim:       223796 kB
KernelStack:       10016 kB
PageTables:         2412 kB
NFS_Unstable:          0 kB
Bounce:                0 kB
WritebackTmp:          0 kB
CommitLimit:    34716468 kB
Committed_AS:     790748 kB
VmallocTotal:   34359738367 kB
VmallocUsed:       38500 kB
VmallocChunk:          0 kB
Percpu:           104448 kB
HardwareCorrupted:     0 kB
AnonHugePages:         0 kB
ShmemHugePages:        0 kB
ShmemPmdMapped:        0 kB
FileHugePages:         0 kB
FilePmdMapped:         0 kB
HugePages_Total:       0
HugePages_Free:        0
HugePages_Rsvd:        0
HugePages_Surp:        0
Hugepagesize:       2048 kB
Hugetlb:               0 kB
DirectMap4k:     2528064 kB
DirectMap2M:     5447680 kB
DirectMap1G:    58720256 kB

