MemTotal:       65439348 kB
MemFree:        64277432 kB
MemAvailable:   64005700 kB
Buffers:           37008 kB
Cached:           269300 kB
SwapCached:            0 kB
Active:           129816 kB
Inactive:         236524 kB
Active(anon):       3216 kB
Inactive(anon):    72308 kB
Active(file):     126600 kB
Inactive(file):   164216 kB
Unevictable:       19496 kB
Mlocked:           19496 kB
SwapTotal:       1996796 kB
SwapFree:        1996796 kB
Dirty:               724 kB
Writeback:             0 kB
AnonPages:         79660 kB
Mapped:            75852 kB
Shmem:              6376 kB
KReclaimable:      67528 kB
Slab:             290852 kB
SReclaimable:      67528 kB
SUnreclaim:       223324 kB
KernelStack:       10080 kB
PageTables:         2388 kB
NFS_Unstable:          0 kB
Bounce:                0 kB
WritebackTmp:          0 kB
CommitLimit:    34716468 kB
Committed_AS:     790616 kB
VmallocTotal:   34359738367 kB
VmallocUsed:       38516 kB
VmallocChunk:          0 kB
Percpu:            97152 kB
HardwareCorrupted:     0 kB
AnonHugePages:         0 kB
ShmemHugePages:        0 kB
ShmemPmdMapped:        0 kB
FileHugePages:         0 kB
FilePmdMapped:         0 kB
HugePages_Total:       0
HugePages_Free:        0
HugePages_Rsvd:        0
HugePages_Surp:        0
Hugepagesize:       2048 kB
Hugetlb:               0 kB
DirectMap4k:     2411328 kB
DirectMap2M:     5564416 kB
DirectMap1G:    58720256 kB

