MemTotal:       65439348 kB
MemFree:        63876288 kB
MemAvailable:   63903980 kB
Buffers:           48464 kB
Cached:           550932 kB
SwapCached:            0 kB
Active:           156780 kB
Inactive:         503580 kB
Active(anon):       3248 kB
Inactive(anon):    73192 kB
Active(file):     153532 kB
Inactive(file):   430388 kB
Unevictable:       19496 kB
Mlocked:           19496 kB
SwapTotal:       1996796 kB
SwapFree:        1996796 kB
Dirty:               700 kB
Writeback:             0 kB
AnonPages:         80620 kB
Mapped:            83124 kB
Shmem:              6376 kB
KReclaimable:      80164 kB
Slab:             311924 kB
SReclaimable:      80164 kB
SUnreclaim:       231760 kB
KernelStack:       10096 kB
PageTables:         2416 kB
NFS_Unstable:          0 kB
Bounce:                0 kB
WritebackTmp:          0 kB
CommitLimit:    34716468 kB
Committed_AS:     799200 kB
VmallocTotal:   34359738367 kB
VmallocUsed:       41712 kB
VmallocChunk:          0 kB
Percpu:           177216 kB
HardwareCorrupted:     0 kB
AnonHugePages:         0 kB
ShmemHugePages:        0 kB
ShmemPmdMapped:        0 kB
FileHugePages:         0 kB
FilePmdMapped:         0 kB
HugePages_Total:       0
HugePages_Free:        0
HugePages_Rsvd:        0
HugePages_Surp:        0
Hugepagesize:       2048 kB
Hugetlb:               0 kB
DirectMap4k:     2745152 kB
DirectMap2M:     5230592 kB
DirectMap1G:    58720256 kB

