MemTotal:       65439348 kB
MemFree:        63921384 kB
MemAvailable:   63927952 kB
Buffers:           45972 kB
Cached:           533472 kB
SwapCached:            0 kB
Active:           154260 kB
Inactive:         485632 kB
Active(anon):       3244 kB
Inactive(anon):    72704 kB
Active(file):     151016 kB
Inactive(file):   412928 kB
Unevictable:       19496 kB
Mlocked:           19496 kB
SwapTotal:       1996796 kB
SwapFree:        1996796 kB
Dirty:               744 kB
Writeback:             0 kB
AnonPages:         80056 kB
Mapped:            81528 kB
Shmem:              6376 kB
KReclaimable:      77868 kB
Slab:             306220 kB
SReclaimable:      77868 kB
SUnreclaim:       228352 kB
KernelStack:       10080 kB
PageTables:         2432 kB
NFS_Unstable:          0 kB
Bounce:                0 kB
WritebackTmp:          0 kB
CommitLimit:    34716468 kB
Committed_AS:     799592 kB
VmallocTotal:   34359738367 kB
VmallocUsed:       41272 kB
VmallocChunk:          0 kB
Percpu:           158592 kB
HardwareCorrupted:     0 kB
AnonHugePages:         0 kB
ShmemHugePages:        0 kB
ShmemPmdMapped:        0 kB
FileHugePages:         0 kB
FilePmdMapped:         0 kB
HugePages_Total:       0
HugePages_Free:        0
HugePages_Rsvd:        0
HugePages_Surp:        0
Hugepagesize:       2048 kB
Hugetlb:               0 kB
DirectMap4k:     2720576 kB
DirectMap2M:     5255168 kB
DirectMap1G:    58720256 kB

