MemTotal:       65439348 kB
MemFree:        64167092 kB
MemAvailable:   63953780 kB
Buffers:           42860 kB
Cached:           319396 kB
SwapCached:            0 kB
Active:           138296 kB
Inactive:         290268 kB
Active(anon):       3248 kB
Inactive(anon):    78544 kB
Active(file):     135048 kB
Inactive(file):   211724 kB
Unevictable:       19496 kB
Mlocked:           19496 kB
SwapTotal:       1996796 kB
SwapFree:        1996796 kB
Dirty:               772 kB
Writeback:             0 kB
AnonPages:         85748 kB
Mapped:            89680 kB
Shmem:              6384 kB
KReclaimable:      72456 kB
Slab:             299364 kB
SReclaimable:      72456 kB
SUnreclaim:       226908 kB
KernelStack:       10096 kB
PageTables:         2756 kB
NFS_Unstable:          0 kB
Bounce:                0 kB
WritebackTmp:          0 kB
CommitLimit:    34716468 kB
Committed_AS:     837612 kB
VmallocTotal:   34359738367 kB
VmallocUsed:       40056 kB
VmallocChunk:          0 kB
Percpu:           135744 kB
HardwareCorrupted:     0 kB
AnonHugePages:         0 kB
ShmemHugePages:        0 kB
ShmemPmdMapped:        0 kB
FileHugePages:         0 kB
FilePmdMapped:         0 kB
HugePages_Total:       0
HugePages_Free:        0
HugePages_Rsvd:        0
HugePages_Surp:        0
Hugepagesize:       2048 kB
Hugetlb:               0 kB
DirectMap4k:     2693952 kB
DirectMap2M:     5281792 kB
DirectMap1G:    58720256 kB

