MemTotal:       65439348 kB
MemFree:        63764728 kB
MemAvailable:   63845392 kB
Buffers:           54944 kB
Cached:           594440 kB
SwapCached:            0 kB
Active:           202912 kB
Inactive:         512696 kB
Active(anon):       3244 kB
Inactive(anon):    78460 kB
Active(file):     199668 kB
Inactive(file):   434236 kB
Unevictable:       19496 kB
Mlocked:           19496 kB
SwapTotal:       1996796 kB
SwapFree:        1996796 kB
Dirty:               760 kB
Writeback:             0 kB
AnonPages:         85824 kB
Mapped:            95696 kB
Shmem:              6380 kB
KReclaimable:      86144 kB
Slab:             321736 kB
SReclaimable:      86144 kB
SUnreclaim:       235592 kB
KernelStack:       10064 kB
PageTables:         2664 kB
NFS_Unstable:          0 kB
Bounce:                0 kB
WritebackTmp:          0 kB
CommitLimit:    34716468 kB
Committed_AS:     854424 kB
VmallocTotal:   34359738367 kB
VmallocUsed:       43896 kB
VmallocChunk:          0 kB
Percpu:           223104 kB
HardwareCorrupted:     0 kB
AnonHugePages:         0 kB
ShmemHugePages:        0 kB
ShmemPmdMapped:        0 kB
FileHugePages:         0 kB
FilePmdMapped:         0 kB
HugePages_Total:       0
HugePages_Free:        0
HugePages_Rsvd:        0
HugePages_Surp:        0
Hugepagesize:       2048 kB
Hugetlb:               0 kB
DirectMap4k:     2796352 kB
DirectMap2M:     5179392 kB
DirectMap1G:    58720256 kB

