MemTotal:       65439348 kB
MemFree:        63851184 kB
MemAvailable:   63891228 kB
Buffers:           49888 kB
Cached:           561068 kB
SwapCached:            0 kB
Active:           197172 kB
Inactive:         474212 kB
Active(anon):       3244 kB
Inactive(anon):    72660 kB
Active(file):     193928 kB
Inactive(file):   401552 kB
Unevictable:       19496 kB
Mlocked:           19496 kB
SwapTotal:       1996796 kB
SwapFree:        1996796 kB
Dirty:               632 kB
Writeback:             0 kB
AnonPages:         80532 kB
Mapped:            83540 kB
Shmem:              6376 kB
KReclaimable:      81748 kB
Slab:             313304 kB
SReclaimable:      81748 kB
SUnreclaim:       231556 kB
KernelStack:        9968 kB
PageTables:         2612 kB
NFS_Unstable:          0 kB
Bounce:                0 kB
WritebackTmp:          0 kB
CommitLimit:    34716468 kB
Committed_AS:     799204 kB
VmallocTotal:   34359738367 kB
VmallocUsed:       42148 kB
VmallocChunk:          0 kB
Percpu:           187008 kB
HardwareCorrupted:     0 kB
AnonHugePages:         0 kB
ShmemHugePages:        0 kB
ShmemPmdMapped:        0 kB
FileHugePages:         0 kB
FilePmdMapped:         0 kB
HugePages_Total:       0
HugePages_Free:        0
HugePages_Rsvd:        0
HugePages_Surp:        0
Hugepagesize:       2048 kB
Hugetlb:               0 kB
DirectMap4k:     2753344 kB
DirectMap2M:     5222400 kB
DirectMap1G:    58720256 kB

