MemTotal:       65439348 kB
MemFree:        64169732 kB
MemAvailable:   63951916 kB
Buffers:           42244 kB
Cached:           315736 kB
SwapCached:            0 kB
Active:           137696 kB
Inactive:         287340 kB
Active(anon):       3272 kB
Inactive(anon):    79272 kB
Active(file):     134424 kB
Inactive(file):   208068 kB
Unevictable:       19496 kB
Mlocked:           19496 kB
SwapTotal:       1996796 kB
SwapFree:        1996796 kB
Dirty:               592 kB
Writeback:             0 kB
AnonPages:         86640 kB
Mapped:            88512 kB
Shmem:              6380 kB
KReclaimable:      72004 kB
Slab:             299444 kB
SReclaimable:      72004 kB
SUnreclaim:       227440 kB
KernelStack:        9952 kB
PageTables:         2316 kB
NFS_Unstable:          0 kB
Bounce:                0 kB
WritebackTmp:          0 kB
CommitLimit:    34716468 kB
Committed_AS:     837612 kB
VmallocTotal:   34359738367 kB
VmallocUsed:       39748 kB
VmallocChunk:          0 kB
Percpu:           131520 kB
HardwareCorrupted:     0 kB
AnonHugePages:         0 kB
ShmemHugePages:        0 kB
ShmemPmdMapped:        0 kB
FileHugePages:         0 kB
FilePmdMapped:         0 kB
HugePages_Total:       0
HugePages_Free:        0
HugePages_Rsvd:        0
HugePages_Surp:        0
Hugepagesize:       2048 kB
Hugetlb:               0 kB
DirectMap4k:     2687808 kB
DirectMap2M:     5287936 kB
DirectMap1G:    58720256 kB

