MemTotal:       65439348 kB
MemFree:        63835960 kB
MemAvailable:   63885572 kB
Buffers:           51136 kB
Cached:           568856 kB
SwapCached:            0 kB
Active:           198420 kB
Inactive:         482492 kB
Active(anon):       3244 kB
Inactive(anon):    73152 kB
Active(file):     195176 kB
Inactive(file):   409340 kB
Unevictable:       19496 kB
Mlocked:           19496 kB
SwapTotal:       1996796 kB
SwapFree:        1996796 kB
Dirty:               888 kB
Writeback:             0 kB
AnonPages:         80476 kB
Mapped:            84268 kB
Shmem:              6376 kB
KReclaimable:      82816 kB
Slab:             313892 kB
SReclaimable:      82816 kB
SUnreclaim:       231076 kB
KernelStack:       10112 kB
PageTables:         2504 kB
NFS_Unstable:          0 kB
Bounce:                0 kB
WritebackTmp:          0 kB
CommitLimit:    34716468 kB
Committed_AS:     807400 kB
VmallocTotal:   34359738367 kB
VmallocUsed:       42244 kB
VmallocChunk:          0 kB
Percpu:           195456 kB
HardwareCorrupted:     0 kB
AnonHugePages:         0 kB
ShmemHugePages:        0 kB
ShmemPmdMapped:        0 kB
FileHugePages:         0 kB
FilePmdMapped:         0 kB
HugePages_Total:       0
HugePages_Free:        0
HugePages_Rsvd:        0
HugePages_Surp:        0
Hugepagesize:       2048 kB
Hugetlb:               0 kB
DirectMap4k:     2759488 kB
DirectMap2M:     5216256 kB
DirectMap1G:    58720256 kB

