MemTotal:       65439348 kB
MemFree:        63698040 kB
MemAvailable:   63812208 kB
Buffers:           59032 kB
Cached:           621996 kB
SwapCached:            0 kB
Active:           211944 kB
Inactive:         529944 kB
Active(anon):       3244 kB
Inactive(anon):    73092 kB
Active(file):     208700 kB
Inactive(file):   456852 kB
Unevictable:       19496 kB
Mlocked:           19496 kB
SwapTotal:       1996796 kB
SwapFree:        1996796 kB
Dirty:               728 kB
Writeback:             0 kB
AnonPages:         80404 kB
Mapped:            88468 kB
Shmem:              6376 kB
KReclaimable:      89852 kB
Slab:             328884 kB
SReclaimable:      89852 kB
SUnreclaim:       239032 kB
KernelStack:       10032 kB
PageTables:         2464 kB
NFS_Unstable:          0 kB
Bounce:                0 kB
WritebackTmp:          0 kB
CommitLimit:    34716468 kB
Committed_AS:     808040 kB
VmallocTotal:   34359738367 kB
VmallocUsed:       44968 kB
VmallocChunk:          0 kB
Percpu:           253248 kB
HardwareCorrupted:     0 kB
AnonHugePages:         0 kB
ShmemHugePages:        0 kB
ShmemPmdMapped:        0 kB
FileHugePages:         0 kB
FilePmdMapped:         0 kB
HugePages_Total:       0
HugePages_Free:        0
HugePages_Rsvd:        0
HugePages_Surp:        0
Hugepagesize:       2048 kB
Hugetlb:               0 kB
DirectMap4k:     2835264 kB
DirectMap2M:     5140480 kB
DirectMap1G:    58720256 kB

