MemTotal:       65439348 kB
MemFree:        63843364 kB
MemAvailable:   63888640 kB
Buffers:           50604 kB
Cached:           565312 kB
SwapCached:            0 kB
Active:           197884 kB
Inactive:         478988 kB
Active(anon):       3240 kB
Inactive(anon):    73192 kB
Active(file):     194644 kB
Inactive(file):   405796 kB
Unevictable:       19496 kB
Mlocked:           19496 kB
SwapTotal:       1996796 kB
SwapFree:        1996796 kB
Dirty:               608 kB
Writeback:             0 kB
AnonPages:         80504 kB
Mapped:            84380 kB
Shmem:              6376 kB
KReclaimable:      82292 kB
Slab:             314316 kB
SReclaimable:      82292 kB
SUnreclaim:       232024 kB
KernelStack:       10160 kB
PageTables:         2788 kB
NFS_Unstable:          0 kB
Bounce:                0 kB
WritebackTmp:          0 kB
CommitLimit:    34716468 kB
Committed_AS:     807396 kB
VmallocTotal:   34359738367 kB
VmallocUsed:       42180 kB
VmallocChunk:          0 kB
Percpu:           191808 kB
HardwareCorrupted:     0 kB
AnonHugePages:         0 kB
ShmemHugePages:        0 kB
ShmemPmdMapped:        0 kB
FileHugePages:         0 kB
FilePmdMapped:         0 kB
HugePages_Total:       0
HugePages_Free:        0
HugePages_Rsvd:        0
HugePages_Surp:        0
Hugepagesize:       2048 kB
Hugetlb:               0 kB
DirectMap4k:     2757440 kB
DirectMap2M:     5218304 kB
DirectMap1G:    58720256 kB

