MemTotal:       65439348 kB
MemFree:        63738868 kB
MemAvailable:   63829952 kB
Buffers:           56320 kB
Cached:           602892 kB
SwapCached:            0 kB
Active:           204304 kB
Inactive:         522300 kB
Active(anon):       3256 kB
Inactive(anon):    79620 kB
Active(file):     201048 kB
Inactive(file):   442680 kB
Unevictable:       19496 kB
Mlocked:           19496 kB
SwapTotal:       1996796 kB
SwapFree:        1996796 kB
Dirty:               672 kB
Writeback:             0 kB
AnonPages:         86884 kB
Mapped:            97240 kB
Shmem:              6384 kB
KReclaimable:      87332 kB
Slab:             324676 kB
SReclaimable:      87332 kB
SUnreclaim:       237344 kB
KernelStack:       10272 kB
PageTables:         2960 kB
NFS_Unstable:          0 kB
Bounce:                0 kB
WritebackTmp:          0 kB
CommitLimit:    34716468 kB
Committed_AS:     854036 kB
VmallocTotal:   34359738367 kB
VmallocUsed:       44024 kB
VmallocChunk:          0 kB
Percpu:           232896 kB
HardwareCorrupted:     0 kB
AnonHugePages:         0 kB
ShmemHugePages:        0 kB
ShmemPmdMapped:        0 kB
FileHugePages:         0 kB
FilePmdMapped:         0 kB
HugePages_Total:       0
HugePages_Free:        0
HugePages_Rsvd:        0
HugePages_Surp:        0
Hugepagesize:       2048 kB
Hugetlb:               0 kB
DirectMap4k:     2810688 kB
DirectMap2M:     5165056 kB
DirectMap1G:    58720256 kB

