MemTotal:       65439348 kB
MemFree:        63879168 kB
MemAvailable:   63905692 kB
Buffers:           48364 kB
Cached:           549972 kB
SwapCached:            0 kB
Active:           156672 kB
Inactive:         502884 kB
Active(anon):       3240 kB
Inactive(anon):    73456 kB
Active(file):     153432 kB
Inactive(file):   429428 kB
Unevictable:       19496 kB
Mlocked:           19496 kB
SwapTotal:       1996796 kB
SwapFree:        1996796 kB
Dirty:               768 kB
Writeback:             0 kB
AnonPages:         80812 kB
Mapped:            82680 kB
Shmem:              6376 kB
KReclaimable:      79952 kB
Slab:             311172 kB
SReclaimable:      79952 kB
SUnreclaim:       231220 kB
KernelStack:       10080 kB
PageTables:         2508 kB
NFS_Unstable:          0 kB
Bounce:                0 kB
WritebackTmp:          0 kB
CommitLimit:    34716468 kB
Committed_AS:     799204 kB
VmallocTotal:   34359738367 kB
VmallocUsed:       41664 kB
VmallocChunk:          0 kB
Percpu:           176640 kB
HardwareCorrupted:     0 kB
AnonHugePages:         0 kB
ShmemHugePages:        0 kB
ShmemPmdMapped:        0 kB
FileHugePages:         0 kB
FilePmdMapped:         0 kB
HugePages_Total:       0
HugePages_Free:        0
HugePages_Rsvd:        0
HugePages_Surp:        0
Hugepagesize:       2048 kB
Hugetlb:               0 kB
DirectMap4k:     2743104 kB
DirectMap2M:     5232640 kB
DirectMap1G:    58720256 kB

