MemTotal:       65439348 kB
MemFree:        64296484 kB
MemAvailable:   64009520 kB
Buffers:           35112 kB
Cached:           256884 kB
SwapCached:            0 kB
Active:           127916 kB
Inactive:         223856 kB
Active(anon):       3232 kB
Inactive(anon):    72056 kB
Active(file):     124684 kB
Inactive(file):   151800 kB
Unevictable:       19496 kB
Mlocked:           19496 kB
SwapTotal:       1996796 kB
SwapFree:        1996796 kB
Dirty:               684 kB
Writeback:             0 kB
AnonPages:         79832 kB
Mapped:            75124 kB
Shmem:              6380 kB
KReclaimable:      65728 kB
Slab:             286904 kB
SReclaimable:      65728 kB
SUnreclaim:       221176 kB
KernelStack:       10096 kB
PageTables:         2520 kB
NFS_Unstable:          0 kB
Bounce:                0 kB
WritebackTmp:          0 kB
CommitLimit:    34716468 kB
Committed_AS:     790360 kB
VmallocTotal:   34359738367 kB
VmallocUsed:       38292 kB
VmallocChunk:          0 kB
Percpu:            96576 kB
HardwareCorrupted:     0 kB
AnonHugePages:         0 kB
ShmemHugePages:        0 kB
ShmemPmdMapped:        0 kB
FileHugePages:         0 kB
FilePmdMapped:         0 kB
HugePages_Total:       0
HugePages_Free:        0
HugePages_Rsvd:        0
HugePages_Surp:        0
Hugepagesize:       2048 kB
Hugetlb:               0 kB
DirectMap4k:     2206528 kB
DirectMap2M:     5769216 kB
DirectMap1G:    58720256 kB

