MemTotal:       65439348 kB
MemFree:        64177548 kB
MemAvailable:   63956292 kB
Buffers:           41820 kB
Cached:           312916 kB
SwapCached:            0 kB
Active:           137256 kB
Inactive:         283368 kB
Active(anon):       3248 kB
Inactive(anon):    78120 kB
Active(file):     134008 kB
Inactive(file):   205248 kB
Unevictable:       19496 kB
Mlocked:           19496 kB
SwapTotal:       1996796 kB
SwapFree:        1996796 kB
Dirty:               640 kB
Writeback:             0 kB
AnonPages:         85452 kB
Mapped:            88236 kB
Shmem:              6380 kB
KReclaimable:      71600 kB
Slab:             298064 kB
SReclaimable:      71600 kB
SUnreclaim:       226464 kB
KernelStack:       10128 kB
PageTables:         2572 kB
NFS_Unstable:          0 kB
Bounce:                0 kB
WritebackTmp:          0 kB
CommitLimit:    34716468 kB
Committed_AS:     837616 kB
VmallocTotal:   34359738367 kB
VmallocUsed:       39780 kB
VmallocChunk:          0 kB
Percpu:           128640 kB
HardwareCorrupted:     0 kB
AnonHugePages:         0 kB
ShmemHugePages:        0 kB
ShmemPmdMapped:        0 kB
FileHugePages:         0 kB
FilePmdMapped:         0 kB
HugePages_Total:       0
HugePages_Free:        0
HugePages_Rsvd:        0
HugePages_Surp:        0
Hugepagesize:       2048 kB
Hugetlb:               0 kB
DirectMap4k:     2681664 kB
DirectMap2M:     5294080 kB
DirectMap1G:    58720256 kB

