MemTotal:       65439348 kB
MemFree:        63720144 kB
MemAvailable:   63820968 kB
Buffers:           57488 kB
Cached:           610948 kB
SwapCached:            0 kB
Active:           205444 kB
Inactive:         529228 kB
Active(anon):       3244 kB
Inactive(anon):    78488 kB
Active(file):     202200 kB
Inactive(file):   450740 kB
Unevictable:       19496 kB
Mlocked:           19496 kB
SwapTotal:       1996796 kB
SwapFree:        1996796 kB
Dirty:               948 kB
Writeback:             0 kB
AnonPages:         85848 kB
Mapped:            97092 kB
Shmem:              6380 kB
KReclaimable:      88388 kB
Slab:             325112 kB
SReclaimable:      88388 kB
SUnreclaim:       236724 kB
KernelStack:       10144 kB
PageTables:         2612 kB
NFS_Unstable:          0 kB
Bounce:                0 kB
WritebackTmp:          0 kB
CommitLimit:    34716468 kB
Committed_AS:     854040 kB
VmallocTotal:   34359738367 kB
VmallocUsed:       44524 kB
VmallocChunk:          0 kB
Percpu:           241344 kB
HardwareCorrupted:     0 kB
AnonHugePages:         0 kB
ShmemHugePages:        0 kB
ShmemPmdMapped:        0 kB
FileHugePages:         0 kB
FilePmdMapped:         0 kB
HugePages_Total:       0
HugePages_Free:        0
HugePages_Rsvd:        0
HugePages_Surp:        0
Hugepagesize:       2048 kB
Hugetlb:               0 kB
DirectMap4k:     2818880 kB
DirectMap2M:     5156864 kB
DirectMap1G:    58720256 kB

