MemTotal:       65439348 kB
MemFree:        64228648 kB
MemAvailable:   63979520 kB
Buffers:           39664 kB
Cached:           288292 kB
SwapCached:            0 kB
Active:           133380 kB
Inactive:         254744 kB
Active(anon):       3220 kB
Inactive(anon):    72432 kB
Active(file):     130160 kB
Inactive(file):   182312 kB
Unevictable:       19496 kB
Mlocked:           19496 kB
SwapTotal:       1996796 kB
SwapFree:        1996796 kB
Dirty:                72 kB
Writeback:             0 kB
AnonPages:         79760 kB
Mapped:            77648 kB
Shmem:              6376 kB
KReclaimable:      69420 kB
Slab:             293368 kB
SReclaimable:      69420 kB
SUnreclaim:       223948 kB
KernelStack:       10048 kB
PageTables:         2408 kB
NFS_Unstable:          0 kB
Bounce:                0 kB
WritebackTmp:          0 kB
CommitLimit:    34716468 kB
Committed_AS:     790616 kB
VmallocTotal:   34359738367 kB
VmallocUsed:       39176 kB
VmallocChunk:          0 kB
Percpu:           115776 kB
HardwareCorrupted:     0 kB
AnonHugePages:         0 kB
ShmemHugePages:        0 kB
ShmemPmdMapped:        0 kB
FileHugePages:         0 kB
FilePmdMapped:         0 kB
HugePages_Total:       0
HugePages_Free:        0
HugePages_Rsvd:        0
HugePages_Surp:        0
Hugepagesize:       2048 kB
Hugetlb:               0 kB
DirectMap4k:     2661184 kB
DirectMap2M:     5314560 kB
DirectMap1G:    58720256 kB

