MemTotal:       65439348 kB
MemFree:        63857160 kB
MemAvailable:   63893932 kB
Buffers:           49448 kB
Cached:           558572 kB
SwapCached:            0 kB
Active:           157924 kB
Inactive:         510768 kB
Active(anon):       3244 kB
Inactive(anon):    72908 kB
Active(file):     154680 kB
Inactive(file):   437860 kB
Unevictable:       19496 kB
Mlocked:           19496 kB
SwapTotal:       1996796 kB
SwapFree:        1996796 kB
Dirty:               744 kB
Writeback:             0 kB
AnonPages:         80224 kB
Mapped:            83264 kB
Shmem:              6376 kB
KReclaimable:      81088 kB
Slab:             313604 kB
SReclaimable:      81088 kB
SUnreclaim:       232516 kB
KernelStack:       10016 kB
PageTables:         2436 kB
NFS_Unstable:          0 kB
Bounce:                0 kB
WritebackTmp:          0 kB
CommitLimit:    34716468 kB
Committed_AS:     799592 kB
VmallocTotal:   34359738367 kB
VmallocUsed:       41744 kB
VmallocChunk:          0 kB
Percpu:           183936 kB
HardwareCorrupted:     0 kB
AnonHugePages:         0 kB
ShmemHugePages:        0 kB
ShmemPmdMapped:        0 kB
FileHugePages:         0 kB
FilePmdMapped:         0 kB
HugePages_Total:       0
HugePages_Free:        0
HugePages_Rsvd:        0
HugePages_Surp:        0
Hugepagesize:       2048 kB
Hugetlb:               0 kB
DirectMap4k:     2753344 kB
DirectMap2M:     5222400 kB
DirectMap1G:    58720256 kB

