MemTotal:       65439348 kB
MemFree:        64192056 kB
MemAvailable:   63965852 kB
Buffers:           41248 kB
Cached:           308836 kB
SwapCached:            0 kB
Active:           136684 kB
Inactive:         279456 kB
Active(anon):       3248 kB
Inactive(anon):    78288 kB
Active(file):     133436 kB
Inactive(file):   201168 kB
Unevictable:       19496 kB
Mlocked:           19496 kB
SwapTotal:       1996796 kB
SwapFree:        1996796 kB
Dirty:               168 kB
Writeback:             0 kB
AnonPages:         85668 kB
Mapped:            87848 kB
Shmem:              6380 kB
KReclaimable:      71004 kB
Slab:             296212 kB
SReclaimable:      71004 kB
SUnreclaim:       225208 kB
KernelStack:       10096 kB
PageTables:         2576 kB
NFS_Unstable:          0 kB
Bounce:                0 kB
WritebackTmp:          0 kB
CommitLimit:    34716468 kB
Committed_AS:     838004 kB
VmallocTotal:   34359738367 kB
VmallocUsed:       39748 kB
VmallocChunk:          0 kB
Percpu:           123840 kB
HardwareCorrupted:     0 kB
AnonHugePages:         0 kB
ShmemHugePages:        0 kB
ShmemPmdMapped:        0 kB
FileHugePages:         0 kB
FilePmdMapped:         0 kB
HugePages_Total:       0
HugePages_Free:        0
HugePages_Rsvd:        0
HugePages_Surp:        0
Hugepagesize:       2048 kB
Hugetlb:               0 kB
DirectMap4k:     2673472 kB
DirectMap2M:     5302272 kB
DirectMap1G:    58720256 kB

