MemTotal:       65439348 kB
MemFree:        64312236 kB
MemAvailable:   64011760 kB
Buffers:           31840 kB
Cached:           251248 kB
SwapCached:            0 kB
Active:           122976 kB
Inactive:         224460 kB
Active(anon):       3216 kB
Inactive(anon):    76624 kB
Active(file):     119760 kB
Inactive(file):   147836 kB
Unevictable:       19496 kB
Mlocked:           19496 kB
SwapTotal:       1996796 kB
SwapFree:        1996796 kB
Dirty:               752 kB
Writeback:             0 kB
AnonPages:         83464 kB
Mapped:            75616 kB
Shmem:              6376 kB
KReclaimable:      56480 kB
Slab:             277256 kB
SReclaimable:      56480 kB
SUnreclaim:       220776 kB
KernelStack:       10112 kB
PageTables:         2872 kB
NFS_Unstable:          0 kB
Bounce:                0 kB
WritebackTmp:          0 kB
CommitLimit:    34716468 kB
Committed_AS:     790352 kB
VmallocTotal:   34359738367 kB
VmallocUsed:       38452 kB
VmallocChunk:          0 kB
Percpu:            96576 kB
HardwareCorrupted:     0 kB
AnonHugePages:         0 kB
ShmemHugePages:        0 kB
ShmemPmdMapped:        0 kB
FileHugePages:         0 kB
FilePmdMapped:         0 kB
HugePages_Total:       0
HugePages_Free:        0
HugePages_Rsvd:        0
HugePages_Surp:        0
Hugepagesize:       2048 kB
Hugetlb:               0 kB
DirectMap4k:     2161472 kB
DirectMap2M:     5814272 kB
DirectMap1G:    58720256 kB

