MemTotal:       65439348 kB
MemFree:        63898808 kB
MemAvailable:   63915108 kB
Buffers:           47160 kB
Cached:           541508 kB
SwapCached:            0 kB
Active:           155440 kB
Inactive:         493564 kB
Active(anon):       3244 kB
Inactive(anon):    72604 kB
Active(file):     152196 kB
Inactive(file):   420960 kB
Unevictable:       19496 kB
Mlocked:           19496 kB
SwapTotal:       1996796 kB
SwapFree:        1996796 kB
Dirty:               160 kB
Writeback:             0 kB
AnonPages:         79972 kB
Mapped:            82136 kB
Shmem:              6376 kB
KReclaimable:      78912 kB
Slab:             309628 kB
SReclaimable:      78912 kB
SUnreclaim:       230716 kB
KernelStack:       10080 kB
PageTables:         2432 kB
NFS_Unstable:          0 kB
Bounce:                0 kB
WritebackTmp:          0 kB
CommitLimit:    34716468 kB
Committed_AS:     799592 kB
VmallocTotal:   34359738367 kB
VmallocUsed:       41116 kB
VmallocChunk:          0 kB
Percpu:           167616 kB
HardwareCorrupted:     0 kB
AnonHugePages:         0 kB
ShmemHugePages:        0 kB
ShmemPmdMapped:        0 kB
FileHugePages:         0 kB
FilePmdMapped:         0 kB
HugePages_Total:       0
HugePages_Free:        0
HugePages_Rsvd:        0
HugePages_Surp:        0
Hugepagesize:       2048 kB
Hugetlb:               0 kB
DirectMap4k:     2732864 kB
DirectMap2M:     5242880 kB
DirectMap1G:    58720256 kB

