MemTotal:       65439348 kB
MemFree:        64271724 kB
MemAvailable:   64000700 kB
Buffers:           37088 kB
Cached:           269888 kB
SwapCached:            0 kB
Active:           129904 kB
Inactive:         237272 kB
Active(anon):       3216 kB
Inactive(anon):    72468 kB
Active(file):     126688 kB
Inactive(file):   164804 kB
Unevictable:       19496 kB
Mlocked:           19496 kB
SwapTotal:       1996796 kB
SwapFree:        1996796 kB
Dirty:               736 kB
Writeback:             0 kB
AnonPages:         79760 kB
Mapped:            75936 kB
Shmem:              6376 kB
KReclaimable:      67588 kB
Slab:             290584 kB
SReclaimable:      67588 kB
SUnreclaim:       222996 kB
KernelStack:       10016 kB
PageTables:         2388 kB
NFS_Unstable:          0 kB
Bounce:                0 kB
WritebackTmp:          0 kB
CommitLimit:    34716468 kB
Committed_AS:     790616 kB
VmallocTotal:   34359738367 kB
VmallocUsed:       38484 kB
VmallocChunk:          0 kB
Percpu:            97728 kB
HardwareCorrupted:     0 kB
AnonHugePages:         0 kB
ShmemHugePages:        0 kB
ShmemPmdMapped:        0 kB
FileHugePages:         0 kB
FilePmdMapped:         0 kB
HugePages_Total:       0
HugePages_Free:        0
HugePages_Rsvd:        0
HugePages_Surp:        0
Hugepagesize:       2048 kB
Hugetlb:               0 kB
DirectMap4k:     2421568 kB
DirectMap2M:     5554176 kB
DirectMap1G:    58720256 kB

