MemTotal:       65439348 kB
MemFree:        63810128 kB
MemAvailable:   63871384 kB
Buffers:           52488 kB
Cached:           578504 kB
SwapCached:            0 kB
Active:           199740 kB
Inactive:         493540 kB
Active(anon):       3248 kB
Inactive(anon):    74536 kB
Active(file):     196492 kB
Inactive(file):   419004 kB
Unevictable:       19496 kB
Mlocked:           19496 kB
SwapTotal:       1996796 kB
SwapFree:        1996796 kB
Dirty:               208 kB
Writeback:             0 kB
AnonPages:         81496 kB
Mapped:            86280 kB
Shmem:              6376 kB
KReclaimable:      84144 kB
Slab:             318584 kB
SReclaimable:      84144 kB
SUnreclaim:       234440 kB
KernelStack:       10000 kB
PageTables:         2592 kB
NFS_Unstable:          0 kB
Bounce:                0 kB
WritebackTmp:          0 kB
CommitLimit:    34716468 kB
Committed_AS:     808040 kB
VmallocTotal:   34359738367 kB
VmallocUsed:       42616 kB
VmallocChunk:          0 kB
Percpu:           205632 kB
HardwareCorrupted:     0 kB
AnonHugePages:         0 kB
ShmemHugePages:        0 kB
ShmemPmdMapped:        0 kB
FileHugePages:         0 kB
FilePmdMapped:         0 kB
HugePages_Total:       0
HugePages_Free:        0
HugePages_Rsvd:        0
HugePages_Surp:        0
Hugepagesize:       2048 kB
Hugetlb:               0 kB
DirectMap4k:     2773824 kB
DirectMap2M:     5201920 kB
DirectMap1G:    58720256 kB

