MemTotal:       65439348 kB
MemFree:        63742944 kB
MemAvailable:   63833248 kB
Buffers:           56208 kB
Cached:           602248 kB
SwapCached:            0 kB
Active:           204180 kB
Inactive:         520412 kB
Active(anon):       3248 kB
Inactive(anon):    78372 kB
Active(file):     200932 kB
Inactive(file):   442040 kB
Unevictable:       19496 kB
Mlocked:           19496 kB
SwapTotal:       1996796 kB
SwapFree:        1996796 kB
Dirty:               124 kB
Writeback:             0 kB
AnonPages:         85744 kB
Mapped:            96412 kB
Shmem:              6380 kB
KReclaimable:      87284 kB
Slab:             324228 kB
SReclaimable:      87284 kB
SUnreclaim:       236944 kB
KernelStack:       10176 kB
PageTables:         2660 kB
NFS_Unstable:          0 kB
Bounce:                0 kB
WritebackTmp:          0 kB
CommitLimit:    34716468 kB
Committed_AS:     854428 kB
VmallocTotal:   34359738367 kB
VmallocUsed:       44024 kB
VmallocChunk:          0 kB
Percpu:           231552 kB
HardwareCorrupted:     0 kB
AnonHugePages:         0 kB
ShmemHugePages:        0 kB
ShmemPmdMapped:        0 kB
FileHugePages:         0 kB
FilePmdMapped:         0 kB
HugePages_Total:       0
HugePages_Free:        0
HugePages_Rsvd:        0
HugePages_Surp:        0
Hugepagesize:       2048 kB
Hugetlb:               0 kB
DirectMap4k:     2808640 kB
DirectMap2M:     5167104 kB
DirectMap1G:    58720256 kB

