MemTotal:       65439348 kB
MemFree:        64296556 kB
MemAvailable:   64009192 kB
Buffers:           35064 kB
Cached:           256536 kB
SwapCached:            0 kB
Active:           127876 kB
Inactive:         224832 kB
Active(anon):       3208 kB
Inactive(anon):    73380 kB
Active(file):     124668 kB
Inactive(file):   151452 kB
Unevictable:       19496 kB
Mlocked:           19496 kB
SwapTotal:       1996796 kB
SwapFree:        1996796 kB
Dirty:               680 kB
Writeback:             0 kB
AnonPages:         80568 kB
Mapped:            74472 kB
Shmem:              6380 kB
KReclaimable:      65656 kB
Slab:             287156 kB
SReclaimable:      65656 kB
SUnreclaim:       221500 kB
KernelStack:        9904 kB
PageTables:         1904 kB
NFS_Unstable:          0 kB
Bounce:                0 kB
WritebackTmp:          0 kB
CommitLimit:    34716468 kB
Committed_AS:     790352 kB
VmallocTotal:   34359738367 kB
VmallocUsed:       38356 kB
VmallocChunk:          0 kB
Percpu:            96576 kB
HardwareCorrupted:     0 kB
AnonHugePages:         0 kB
ShmemHugePages:        0 kB
ShmemPmdMapped:        0 kB
FileHugePages:         0 kB
FilePmdMapped:         0 kB
HugePages_Total:       0
HugePages_Free:        0
HugePages_Rsvd:        0
HugePages_Surp:        0
Hugepagesize:       2048 kB
Hugetlb:               0 kB
DirectMap4k:     2200384 kB
DirectMap2M:     5775360 kB
DirectMap1G:    58720256 kB

