MemTotal:       65439348 kB
MemFree:        64241940 kB
MemAvailable:   63985456 kB
Buffers:           38784 kB
Cached:           282104 kB
SwapCached:            0 kB
Active:           132492 kB
Inactive:         251460 kB
Active(anon):       3220 kB
Inactive(anon):    75328 kB
Active(file):     129272 kB
Inactive(file):   176132 kB
Unevictable:       19496 kB
Mlocked:           19496 kB
SwapTotal:       1996796 kB
SwapFree:        1996796 kB
Dirty:               656 kB
Writeback:             0 kB
AnonPages:         82624 kB
Mapped:            78236 kB
Shmem:              6376 kB
KReclaimable:      68844 kB
Slab:             293456 kB
SReclaimable:      68844 kB
SUnreclaim:       224612 kB
KernelStack:       10160 kB
PageTables:         2872 kB
NFS_Unstable:          0 kB
Bounce:                0 kB
WritebackTmp:          0 kB
CommitLimit:    34716468 kB
Committed_AS:     790364 kB
VmallocTotal:   34359738367 kB
VmallocUsed:       39080 kB
VmallocChunk:          0 kB
Percpu:           109824 kB
HardwareCorrupted:     0 kB
AnonHugePages:         0 kB
ShmemHugePages:        0 kB
ShmemPmdMapped:        0 kB
FileHugePages:         0 kB
FilePmdMapped:         0 kB
HugePages_Total:       0
HugePages_Free:        0
HugePages_Rsvd:        0
HugePages_Surp:        0
Hugepagesize:       2048 kB
Hugetlb:               0 kB
DirectMap4k:     2607936 kB
DirectMap2M:     5367808 kB
DirectMap1G:    58720256 kB

