MemTotal:       65439348 kB
MemFree:        63888332 kB
MemAvailable:   63911572 kB
Buffers:           47904 kB
Cached:           547356 kB
SwapCached:            0 kB
Active:           156212 kB
Inactive:         500300 kB
Active(anon):       3240 kB
Inactive(anon):    73488 kB
Active(file):     152972 kB
Inactive(file):   426812 kB
Unevictable:       19496 kB
Mlocked:           19496 kB
SwapTotal:       1996796 kB
SwapFree:        1996796 kB
Dirty:               648 kB
Writeback:             0 kB
AnonPages:         80804 kB
Mapped:            82728 kB
Shmem:              6376 kB
KReclaimable:      79536 kB
Slab:             309468 kB
SReclaimable:      79536 kB
SUnreclaim:       229932 kB
KernelStack:       10048 kB
PageTables:         2408 kB
NFS_Unstable:          0 kB
Bounce:                0 kB
WritebackTmp:          0 kB
CommitLimit:    34716468 kB
Committed_AS:     799204 kB
VmallocTotal:   34359738367 kB
VmallocUsed:       41744 kB
VmallocChunk:          0 kB
Percpu:           173760 kB
HardwareCorrupted:     0 kB
AnonHugePages:         0 kB
ShmemHugePages:        0 kB
ShmemPmdMapped:        0 kB
FileHugePages:         0 kB
FilePmdMapped:         0 kB
HugePages_Total:       0
HugePages_Free:        0
HugePages_Rsvd:        0
HugePages_Surp:        0
Hugepagesize:       2048 kB
Hugetlb:               0 kB
DirectMap4k:     2739008 kB
DirectMap2M:     5236736 kB
DirectMap1G:    58720256 kB

