MemTotal:       65439348 kB
MemFree:        63718548 kB
MemAvailable:   63819080 kB
Buffers:           57456 kB
Cached:           610688 kB
SwapCached:            0 kB
Active:           205412 kB
Inactive:         531304 kB
Active(anon):       3240 kB
Inactive(anon):    80820 kB
Active(file):     202172 kB
Inactive(file):   450484 kB
Unevictable:       19496 kB
Mlocked:           19496 kB
SwapTotal:       1996796 kB
SwapFree:        1996796 kB
Dirty:               592 kB
Writeback:             0 kB
AnonPages:         88668 kB
Mapped:            97068 kB
Shmem:              6376 kB
KReclaimable:      88372 kB
Slab:             325572 kB
SReclaimable:      88372 kB
SUnreclaim:       237200 kB
KernelStack:       10272 kB
PageTables:         2664 kB
NFS_Unstable:          0 kB
Bounce:                0 kB
WritebackTmp:          0 kB
CommitLimit:    34716468 kB
Committed_AS:     854036 kB
VmallocTotal:   34359738367 kB
VmallocUsed:       44588 kB
VmallocChunk:          0 kB
Percpu:           241344 kB
HardwareCorrupted:     0 kB
AnonHugePages:         0 kB
ShmemHugePages:        0 kB
ShmemPmdMapped:        0 kB
FileHugePages:         0 kB
FilePmdMapped:         0 kB
HugePages_Total:       0
HugePages_Free:        0
HugePages_Rsvd:        0
HugePages_Surp:        0
Hugepagesize:       2048 kB
Hugetlb:               0 kB
DirectMap4k:     2818880 kB
DirectMap2M:     5156864 kB
DirectMap1G:    58720256 kB

