MemTotal:       65439348 kB
MemFree:        63738632 kB
MemAvailable:   63830204 kB
Buffers:           56380 kB
Cached:           603280 kB
SwapCached:            0 kB
Active:           204360 kB
Inactive:         521772 kB
Active(anon):       3268 kB
Inactive(anon):    78680 kB
Active(file):     201092 kB
Inactive(file):   443092 kB
Unevictable:       19496 kB
Mlocked:           19496 kB
SwapTotal:       1996796 kB
SwapFree:        1996796 kB
Dirty:               720 kB
Writeback:             0 kB
AnonPages:         87200 kB
Mapped:            97108 kB
Shmem:              6376 kB
KReclaimable:      87400 kB
Slab:             324900 kB
SReclaimable:      87400 kB
SUnreclaim:       237500 kB
KernelStack:       10288 kB
PageTables:         2788 kB
NFS_Unstable:          0 kB
Bounce:                0 kB
WritebackTmp:          0 kB
CommitLimit:    34716468 kB
Committed_AS:     854428 kB
VmallocTotal:   34359738367 kB
VmallocUsed:       44056 kB
VmallocChunk:          0 kB
Percpu:           232896 kB
HardwareCorrupted:     0 kB
AnonHugePages:         0 kB
ShmemHugePages:        0 kB
ShmemPmdMapped:        0 kB
FileHugePages:         0 kB
FilePmdMapped:         0 kB
HugePages_Total:       0
HugePages_Free:        0
HugePages_Rsvd:        0
HugePages_Surp:        0
Hugepagesize:       2048 kB
Hugetlb:               0 kB
DirectMap4k:     2810688 kB
DirectMap2M:     5165056 kB
DirectMap1G:    58720256 kB

