MemTotal:       65439348 kB
MemFree:        64272988 kB
MemAvailable:   64002040 kB
Buffers:           37096 kB
Cached:           269952 kB
SwapCached:            0 kB
Active:           129908 kB
Inactive:         238204 kB
Active(anon):       3204 kB
Inactive(anon):    73340 kB
Active(file):     126704 kB
Inactive(file):   164864 kB
Unevictable:       19496 kB
Mlocked:           19496 kB
SwapTotal:       1996796 kB
SwapFree:        1996796 kB
Dirty:               688 kB
Writeback:             0 kB
AnonPages:         80504 kB
Mapped:            75436 kB
Shmem:              6380 kB
KReclaimable:      67588 kB
Slab:             290592 kB
SReclaimable:      67588 kB
SUnreclaim:       223004 kB
KernelStack:       10032 kB
PageTables:         2552 kB
NFS_Unstable:          0 kB
Bounce:                0 kB
WritebackTmp:          0 kB
CommitLimit:    34716468 kB
Committed_AS:     790352 kB
VmallocTotal:   34359738367 kB
VmallocUsed:       38388 kB
VmallocChunk:          0 kB
Percpu:            97728 kB
HardwareCorrupted:     0 kB
AnonHugePages:         0 kB
ShmemHugePages:        0 kB
ShmemPmdMapped:        0 kB
FileHugePages:         0 kB
FilePmdMapped:         0 kB
HugePages_Total:       0
HugePages_Free:        0
HugePages_Rsvd:        0
HugePages_Surp:        0
Hugepagesize:       2048 kB
Hugetlb:               0 kB
DirectMap4k:     2421568 kB
DirectMap2M:     5554176 kB
DirectMap1G:    58720256 kB

