MemTotal:       65439348 kB
MemFree:        63809760 kB
MemAvailable:   63869692 kB
Buffers:           52328 kB
Cached:           577424 kB
SwapCached:            0 kB
Active:           199568 kB
Inactive:         492312 kB
Active(anon):       3252 kB
Inactive(anon):    74400 kB
Active(file):     196316 kB
Inactive(file):   417912 kB
Unevictable:       19496 kB
Mlocked:           19496 kB
SwapTotal:       1996796 kB
SwapFree:        1996796 kB
Dirty:               848 kB
Writeback:             0 kB
AnonPages:         81832 kB
Mapped:            86116 kB
Shmem:              6372 kB
KReclaimable:      84032 kB
Slab:             318820 kB
SReclaimable:      84032 kB
SUnreclaim:       234788 kB
KernelStack:       10064 kB
PageTables:         2416 kB
NFS_Unstable:          0 kB
Bounce:                0 kB
WritebackTmp:          0 kB
CommitLimit:    34716468 kB
Committed_AS:     807648 kB
VmallocTotal:   34359738367 kB
VmallocUsed:       42744 kB
VmallocChunk:          0 kB
Percpu:           205056 kB
HardwareCorrupted:     0 kB
AnonHugePages:         0 kB
ShmemHugePages:        0 kB
ShmemPmdMapped:        0 kB
FileHugePages:         0 kB
FilePmdMapped:         0 kB
HugePages_Total:       0
HugePages_Free:        0
HugePages_Rsvd:        0
HugePages_Surp:        0
Hugepagesize:       2048 kB
Hugetlb:               0 kB
DirectMap4k:     2773824 kB
DirectMap2M:     5201920 kB
DirectMap1G:    58720256 kB

