MemTotal:       65439348 kB
MemFree:        63697540 kB
MemAvailable:   63811928 kB
Buffers:           59052 kB
Cached:           622176 kB
SwapCached:            0 kB
Active:           211964 kB
Inactive:         530224 kB
Active(anon):       3240 kB
Inactive(anon):    73196 kB
Active(file):     208724 kB
Inactive(file):   457028 kB
Unevictable:       19496 kB
Mlocked:           19496 kB
SwapTotal:       1996796 kB
SwapFree:        1996796 kB
Dirty:               748 kB
Writeback:             0 kB
AnonPages:         80500 kB
Mapped:            88460 kB
Shmem:              6376 kB
KReclaimable:      89892 kB
Slab:             329176 kB
SReclaimable:      89892 kB
SUnreclaim:       239284 kB
KernelStack:        9984 kB
PageTables:         2448 kB
NFS_Unstable:          0 kB
Bounce:                0 kB
WritebackTmp:          0 kB
CommitLimit:    34716468 kB
Committed_AS:     807656 kB
VmallocTotal:   34359738367 kB
VmallocUsed:       44808 kB
VmallocChunk:          0 kB
Percpu:           253824 kB
HardwareCorrupted:     0 kB
AnonHugePages:         0 kB
ShmemHugePages:        0 kB
ShmemPmdMapped:        0 kB
FileHugePages:         0 kB
FilePmdMapped:         0 kB
HugePages_Total:       0
HugePages_Free:        0
HugePages_Rsvd:        0
HugePages_Surp:        0
Hugepagesize:       2048 kB
Hugetlb:               0 kB
DirectMap4k:     2835264 kB
DirectMap2M:     5140480 kB
DirectMap1G:    58720256 kB

