MemTotal:       65439348 kB
MemFree:        64316232 kB
MemAvailable:   64014676 kB
Buffers:           31720 kB
Cached:           250296 kB
SwapCached:            0 kB
Active:           122880 kB
Inactive:         219408 kB
Active(anon):       3216 kB
Inactive(anon):    72532 kB
Active(file):     119664 kB
Inactive(file):   146876 kB
Unevictable:       19496 kB
Mlocked:           19496 kB
SwapTotal:       1996796 kB
SwapFree:        1996796 kB
Dirty:               924 kB
Writeback:             0 kB
AnonPages:         79856 kB
Mapped:            74684 kB
Shmem:              6376 kB
KReclaimable:      56428 kB
Slab:             276796 kB
SReclaimable:      56428 kB
SUnreclaim:       220368 kB
KernelStack:        9952 kB
PageTables:         2472 kB
NFS_Unstable:          0 kB
Bounce:                0 kB
WritebackTmp:          0 kB
CommitLimit:    34716468 kB
Committed_AS:     790356 kB
VmallocTotal:   34359738367 kB
VmallocUsed:       38356 kB
VmallocChunk:          0 kB
Percpu:            96576 kB
HardwareCorrupted:     0 kB
AnonHugePages:         0 kB
ShmemHugePages:        0 kB
ShmemPmdMapped:        0 kB
FileHugePages:         0 kB
FilePmdMapped:         0 kB
HugePages_Total:       0
HugePages_Free:        0
HugePages_Rsvd:        0
HugePages_Surp:        0
Hugepagesize:       2048 kB
Hugetlb:               0 kB
DirectMap4k:     2145088 kB
DirectMap2M:     5830656 kB
DirectMap1G:    58720256 kB

