MemTotal:       65439348 kB
MemFree:        64136960 kB
MemAvailable:   63935836 kB
Buffers:           44328 kB
Cached:           329352 kB
SwapCached:            0 kB
Active:           140072 kB
Inactive:         299624 kB
Active(anon):       3244 kB
Inactive(anon):    78260 kB
Active(file):     136828 kB
Inactive(file):   221364 kB
Unevictable:       19496 kB
Mlocked:           19496 kB
SwapTotal:       1996796 kB
SwapFree:        1996796 kB
Dirty:               744 kB
Writeback:             0 kB
AnonPages:         85620 kB
Mapped:            89496 kB
Shmem:              6380 kB
KReclaimable:      73988 kB
Slab:             301932 kB
SReclaimable:      73988 kB
SUnreclaim:       227944 kB
KernelStack:       10112 kB
PageTables:         2588 kB
NFS_Unstable:          0 kB
Bounce:                0 kB
WritebackTmp:          0 kB
CommitLimit:    34716468 kB
Committed_AS:     838256 kB
VmallocTotal:   34359738367 kB
VmallocUsed:       40860 kB
VmallocChunk:          0 kB
Percpu:           146688 kB
HardwareCorrupted:     0 kB
AnonHugePages:         0 kB
ShmemHugePages:        0 kB
ShmemPmdMapped:        0 kB
FileHugePages:         0 kB
FilePmdMapped:         0 kB
HugePages_Total:       0
HugePages_Free:        0
HugePages_Rsvd:        0
HugePages_Surp:        0
Hugepagesize:       2048 kB
Hugetlb:               0 kB
DirectMap4k:     2706240 kB
DirectMap2M:     5269504 kB
DirectMap1G:    58720256 kB

