MemTotal:       65439348 kB
MemFree:        63894876 kB
MemAvailable:   63895328 kB
Buffers:           45236 kB
Cached:           528404 kB
SwapCached:            0 kB
Active:           152304 kB
Inactive:         520228 kB
Active(anon):       3264 kB
Inactive(anon):   111120 kB
Active(file):     149040 kB
Inactive(file):   409108 kB
Unevictable:       19496 kB
Mlocked:           19496 kB
SwapTotal:       1996796 kB
SwapFree:        1996796 kB
Dirty:               688 kB
Writeback:             0 kB
AnonPages:        118476 kB
Mapped:           121888 kB
Shmem:              6384 kB
KReclaimable:      77228 kB
Slab:             306276 kB
SReclaimable:      77228 kB
SUnreclaim:       229048 kB
KernelStack:       10128 kB
PageTables:         2892 kB
NFS_Unstable:          0 kB
Bounce:                0 kB
WritebackTmp:          0 kB
CommitLimit:    34716468 kB
Committed_AS:     888964 kB
VmallocTotal:   34359738367 kB
VmallocUsed:       40740 kB
VmallocChunk:          0 kB
Percpu:           153216 kB
HardwareCorrupted:     0 kB
AnonHugePages:         0 kB
ShmemHugePages:        0 kB
ShmemPmdMapped:        0 kB
FileHugePages:         0 kB
FilePmdMapped:         0 kB
HugePages_Total:       0
HugePages_Free:        0
HugePages_Rsvd:        0
HugePages_Surp:        0
Hugepagesize:       2048 kB
Hugetlb:               0 kB
DirectMap4k:     2714432 kB
DirectMap2M:     5261312 kB
DirectMap1G:    58720256 kB

