MemTotal:       65439348 kB
MemFree:        63915372 kB
MemAvailable:   63924508 kB
Buffers:           46280 kB
Cached:           535532 kB
SwapCached:            0 kB
Active:           154584 kB
Inactive:         488860 kB
Active(anon):       3236 kB
Inactive(anon):    73868 kB
Active(file):     151348 kB
Inactive(file):   414992 kB
Unevictable:       19496 kB
Mlocked:           19496 kB
SwapTotal:       1996796 kB
SwapFree:        1996796 kB
Dirty:               648 kB
Writeback:             0 kB
AnonPages:         81124 kB
Mapped:            81844 kB
Shmem:              6372 kB
KReclaimable:      78216 kB
Slab:             306908 kB
SReclaimable:      78216 kB
SUnreclaim:       228692 kB
KernelStack:       10096 kB
PageTables:         2736 kB
NFS_Unstable:          0 kB
Bounce:                0 kB
WritebackTmp:          0 kB
CommitLimit:    34716468 kB
Committed_AS:     799204 kB
VmallocTotal:   34359738367 kB
VmallocUsed:       41244 kB
VmallocChunk:          0 kB
Percpu:           161088 kB
HardwareCorrupted:     0 kB
AnonHugePages:         0 kB
ShmemHugePages:        0 kB
ShmemPmdMapped:        0 kB
FileHugePages:         0 kB
FilePmdMapped:         0 kB
HugePages_Total:       0
HugePages_Free:        0
HugePages_Rsvd:        0
HugePages_Surp:        0
Hugepagesize:       2048 kB
Hugetlb:               0 kB
DirectMap4k:     2722624 kB
DirectMap2M:     5253120 kB
DirectMap1G:    58720256 kB

