MemTotal:       65439348 kB
MemFree:        63880248 kB
MemAvailable:   63905380 kB
Buffers:           48220 kB
Cached:           548836 kB
SwapCached:            0 kB
Active:           156520 kB
Inactive:         501020 kB
Active(anon):       3244 kB
Inactive(anon):    72728 kB
Active(file):     153276 kB
Inactive(file):   428292 kB
Unevictable:       19496 kB
Mlocked:           19496 kB
SwapTotal:       1996796 kB
SwapFree:        1996796 kB
Dirty:                28 kB
Writeback:             0 kB
AnonPages:         80068 kB
Mapped:            82708 kB
Shmem:              6376 kB
KReclaimable:      79748 kB
Slab:             310160 kB
SReclaimable:      79748 kB
SUnreclaim:       230412 kB
KernelStack:        9904 kB
PageTables:         2432 kB
NFS_Unstable:          0 kB
Bounce:                0 kB
WritebackTmp:          0 kB
CommitLimit:    34716468 kB
Committed_AS:     799588 kB
VmallocTotal:   34359738367 kB
VmallocUsed:       41600 kB
VmallocChunk:          0 kB
Percpu:           175488 kB
HardwareCorrupted:     0 kB
AnonHugePages:         0 kB
ShmemHugePages:        0 kB
ShmemPmdMapped:        0 kB
FileHugePages:         0 kB
FilePmdMapped:         0 kB
HugePages_Total:       0
HugePages_Free:        0
HugePages_Rsvd:        0
HugePages_Surp:        0
Hugepagesize:       2048 kB
Hugetlb:               0 kB
DirectMap4k:     2741056 kB
DirectMap2M:     5234688 kB
DirectMap1G:    58720256 kB

