MemTotal:       65439348 kB
MemFree:        63839764 kB
MemAvailable:   63885648 kB
Buffers:           50700 kB
Cached:           565784 kB
SwapCached:            0 kB
Active:           197980 kB
Inactive:         479332 kB
Active(anon):       3256 kB
Inactive(anon):    73060 kB
Active(file):     194724 kB
Inactive(file):   406272 kB
Unevictable:       19496 kB
Mlocked:           19496 kB
SwapTotal:       1996796 kB
SwapFree:        1996796 kB
Dirty:               728 kB
Writeback:             0 kB
AnonPages:         80416 kB
Mapped:            83852 kB
Shmem:              6380 kB
KReclaimable:      82400 kB
Slab:             314240 kB
SReclaimable:      82400 kB
SUnreclaim:       231840 kB
KernelStack:       10112 kB
PageTables:         2500 kB
NFS_Unstable:          0 kB
Bounce:                0 kB
WritebackTmp:          0 kB
CommitLimit:    34716468 kB
Committed_AS:     807392 kB
VmallocTotal:   34359738367 kB
VmallocUsed:       42292 kB
VmallocChunk:          0 kB
Percpu:           192384 kB
HardwareCorrupted:     0 kB
AnonHugePages:         0 kB
ShmemHugePages:        0 kB
ShmemPmdMapped:        0 kB
FileHugePages:         0 kB
FilePmdMapped:         0 kB
HugePages_Total:       0
HugePages_Free:        0
HugePages_Rsvd:        0
HugePages_Surp:        0
Hugepagesize:       2048 kB
Hugetlb:               0 kB
DirectMap4k:     2757440 kB
DirectMap2M:     5218304 kB
DirectMap1G:    58720256 kB

