MemTotal:       65439348 kB
MemFree:        63788276 kB
MemAvailable:   63859164 kB
Buffers:           53560 kB
Cached:           586564 kB
SwapCached:            0 kB
Active:           200828 kB
Inactive:         500740 kB
Active(anon):       3248 kB
Inactive(anon):    73696 kB
Active(file):     197580 kB
Inactive(file):   427044 kB
Unevictable:       19496 kB
Mlocked:           19496 kB
SwapTotal:       1996796 kB
SwapFree:        1996796 kB
Dirty:               720 kB
Writeback:             0 kB
AnonPages:         80596 kB
Mapped:            85676 kB
Shmem:              6376 kB
KReclaimable:      85148 kB
Slab:             319568 kB
SReclaimable:      85148 kB
SUnreclaim:       234420 kB
KernelStack:       10064 kB
PageTables:         2560 kB
NFS_Unstable:          0 kB
Bounce:                0 kB
WritebackTmp:          0 kB
CommitLimit:    34716468 kB
Committed_AS:     808036 kB
VmallocTotal:   34359738367 kB
VmallocUsed:       43340 kB
VmallocChunk:          0 kB
Percpu:           214656 kB
HardwareCorrupted:     0 kB
AnonHugePages:         0 kB
ShmemHugePages:        0 kB
ShmemPmdMapped:        0 kB
FileHugePages:         0 kB
FilePmdMapped:         0 kB
HugePages_Total:       0
HugePages_Free:        0
HugePages_Rsvd:        0
HugePages_Surp:        0
Hugepagesize:       2048 kB
Hugetlb:               0 kB
DirectMap4k:     2788160 kB
DirectMap2M:     5187584 kB
DirectMap1G:    58720256 kB

