MemTotal:       65439348 kB
MemFree:        63850724 kB
MemAvailable:   63890920 kB
Buffers:           49924 kB
Cached:           561184 kB
SwapCached:            0 kB
Active:           197196 kB
Inactive:         476116 kB
Active(anon):       3232 kB
Inactive(anon):    74448 kB
Active(file):     193964 kB
Inactive(file):   401668 kB
Unevictable:       19496 kB
Mlocked:           19496 kB
SwapTotal:       1996796 kB
SwapFree:        1996796 kB
Dirty:               608 kB
Writeback:             0 kB
AnonPages:         81868 kB
Mapped:            83800 kB
Shmem:              6376 kB
KReclaimable:      81748 kB
Slab:             313272 kB
SReclaimable:      81748 kB
SUnreclaim:       231524 kB
KernelStack:       10160 kB
PageTables:         3016 kB
NFS_Unstable:          0 kB
Bounce:                0 kB
WritebackTmp:          0 kB
CommitLimit:    34716468 kB
Committed_AS:     799204 kB
VmallocTotal:   34359738367 kB
VmallocUsed:       42212 kB
VmallocChunk:          0 kB
Percpu:           187008 kB
HardwareCorrupted:     0 kB
AnonHugePages:         0 kB
ShmemHugePages:        0 kB
ShmemPmdMapped:        0 kB
FileHugePages:         0 kB
FilePmdMapped:         0 kB
HugePages_Total:       0
HugePages_Free:        0
HugePages_Rsvd:        0
HugePages_Surp:        0
Hugepagesize:       2048 kB
Hugetlb:               0 kB
DirectMap4k:     2753344 kB
DirectMap2M:     5222400 kB
DirectMap1G:    58720256 kB

