MemTotal:       65439348 kB
MemFree:        64295796 kB
MemAvailable:   64009204 kB
Buffers:           35160 kB
Cached:           257172 kB
SwapCached:            0 kB
Active:           127972 kB
Inactive:         224676 kB
Active(anon):       3216 kB
Inactive(anon):    72584 kB
Active(file):     124756 kB
Inactive(file):   152092 kB
Unevictable:       19496 kB
Mlocked:           19496 kB
SwapTotal:       1996796 kB
SwapFree:        1996796 kB
Dirty:               664 kB
Writeback:             0 kB
AnonPages:         79888 kB
Mapped:            74892 kB
Shmem:              6376 kB
KReclaimable:      65744 kB
Slab:             286472 kB
SReclaimable:      65744 kB
SUnreclaim:       220728 kB
KernelStack:       10016 kB
PageTables:         2388 kB
NFS_Unstable:          0 kB
Bounce:                0 kB
WritebackTmp:          0 kB
CommitLimit:    34716468 kB
Committed_AS:     790616 kB
VmallocTotal:   34359738367 kB
VmallocUsed:       38356 kB
VmallocChunk:          0 kB
Percpu:            96576 kB
HardwareCorrupted:     0 kB
AnonHugePages:         0 kB
ShmemHugePages:        0 kB
ShmemPmdMapped:        0 kB
FileHugePages:         0 kB
FilePmdMapped:         0 kB
HugePages_Total:       0
HugePages_Free:        0
HugePages_Rsvd:        0
HugePages_Surp:        0
Hugepagesize:       2048 kB
Hugetlb:               0 kB
DirectMap4k:     2212672 kB
DirectMap2M:     5763072 kB
DirectMap1G:    58720256 kB

