MemTotal:       65439348 kB
MemFree:        63806704 kB
MemAvailable:   63868824 kB
Buffers:           52576 kB
Cached:           579204 kB
SwapCached:            0 kB
Active:           199836 kB
Inactive:         493276 kB
Active(anon):       3236 kB
Inactive(anon):    73588 kB
Active(file):     196600 kB
Inactive(file):   419688 kB
Unevictable:       19496 kB
Mlocked:           19496 kB
SwapTotal:       1996796 kB
SwapFree:        1996796 kB
Dirty:               720 kB
Writeback:             0 kB
AnonPages:         80720 kB
Mapped:            86008 kB
Shmem:              6376 kB
KReclaimable:      84288 kB
Slab:             318188 kB
SReclaimable:      84288 kB
SUnreclaim:       233900 kB
KernelStack:        9952 kB
PageTables:         2320 kB
NFS_Unstable:          0 kB
Bounce:                0 kB
WritebackTmp:          0 kB
CommitLimit:    34716468 kB
Committed_AS:     807648 kB
VmallocTotal:   34359738367 kB
VmallocUsed:       42712 kB
VmallocChunk:          0 kB
Percpu:           206784 kB
HardwareCorrupted:     0 kB
AnonHugePages:         0 kB
ShmemHugePages:        0 kB
ShmemPmdMapped:        0 kB
FileHugePages:         0 kB
FilePmdMapped:         0 kB
HugePages_Total:       0
HugePages_Free:        0
HugePages_Rsvd:        0
HugePages_Surp:        0
Hugepagesize:       2048 kB
Hugetlb:               0 kB
DirectMap4k:     2773824 kB
DirectMap2M:     5201920 kB
DirectMap1G:    58720256 kB

