MemTotal:       65439348 kB
MemFree:        63730824 kB
MemAvailable:   63826992 kB
Buffers:           57020 kB
Cached:           607032 kB
SwapCached:            0 kB
Active:           204992 kB
Inactive:         525968 kB
Active(anon):       3256 kB
Inactive(anon):    79136 kB
Active(file):     201736 kB
Inactive(file):   446832 kB
Unevictable:       19496 kB
Mlocked:           19496 kB
SwapTotal:       1996796 kB
SwapFree:        1996796 kB
Dirty:               240 kB
Writeback:             0 kB
AnonPages:         86604 kB
Mapped:            97708 kB
Shmem:              6384 kB
KReclaimable:      87820 kB
Slab:             324328 kB
SReclaimable:      87820 kB
SUnreclaim:       236508 kB
KernelStack:       10224 kB
PageTables:         2624 kB
NFS_Unstable:          0 kB
Bounce:                0 kB
WritebackTmp:          0 kB
CommitLimit:    34716468 kB
Committed_AS:     854428 kB
VmallocTotal:   34359738367 kB
VmallocUsed:       44572 kB
VmallocChunk:          0 kB
Percpu:           237120 kB
HardwareCorrupted:     0 kB
AnonHugePages:         0 kB
ShmemHugePages:        0 kB
ShmemPmdMapped:        0 kB
FileHugePages:         0 kB
FilePmdMapped:         0 kB
HugePages_Total:       0
HugePages_Free:        0
HugePages_Rsvd:        0
HugePages_Surp:        0
Hugepagesize:       2048 kB
Hugetlb:               0 kB
DirectMap4k:     2812736 kB
DirectMap2M:     5163008 kB
DirectMap1G:    58720256 kB

