MemTotal:       65439348 kB
MemFree:        64186516 kB
MemAvailable:   63962720 kB
Buffers:           41552 kB
Cached:           310772 kB
SwapCached:            0 kB
Active:           136984 kB
Inactive:         282572 kB
Active(anon):       3244 kB
Inactive(anon):    79468 kB
Active(file):     133740 kB
Inactive(file):   203104 kB
Unevictable:       19496 kB
Mlocked:           19496 kB
SwapTotal:       1996796 kB
SwapFree:        1996796 kB
Dirty:               572 kB
Writeback:             0 kB
AnonPages:         86652 kB
Mapped:            89176 kB
Shmem:              6380 kB
KReclaimable:      71344 kB
Slab:             296792 kB
SReclaimable:      71344 kB
SUnreclaim:       225448 kB
KernelStack:       10064 kB
PageTables:         2512 kB
NFS_Unstable:          0 kB
Bounce:                0 kB
WritebackTmp:          0 kB
CommitLimit:    34716468 kB
Committed_AS:     837616 kB
VmallocTotal:   34359738367 kB
VmallocUsed:       39668 kB
VmallocChunk:          0 kB
Percpu:           126144 kB
HardwareCorrupted:     0 kB
AnonHugePages:         0 kB
ShmemHugePages:        0 kB
ShmemPmdMapped:        0 kB
FileHugePages:         0 kB
FilePmdMapped:         0 kB
HugePages_Total:       0
HugePages_Free:        0
HugePages_Rsvd:        0
HugePages_Surp:        0
Hugepagesize:       2048 kB
Hugetlb:               0 kB
DirectMap4k:     2675520 kB
DirectMap2M:     5300224 kB
DirectMap1G:    58720256 kB

