MemTotal:       65439348 kB
MemFree:        63804200 kB
MemAvailable:   63867728 kB
Buffers:           52720 kB
Cached:           580380 kB
SwapCached:            0 kB
Active:           199984 kB
Inactive:         495360 kB
Active(anon):       3240 kB
Inactive(anon):    74492 kB
Active(file):     196744 kB
Inactive(file):   420868 kB
Unevictable:       19496 kB
Mlocked:           19496 kB
SwapTotal:       1996796 kB
SwapFree:        1996796 kB
Dirty:               908 kB
Writeback:             0 kB
AnonPages:         81800 kB
Mapped:            85260 kB
Shmem:              6372 kB
KReclaimable:      84456 kB
Slab:             319168 kB
SReclaimable:      84456 kB
SUnreclaim:       234712 kB
KernelStack:       10016 kB
PageTables:         2264 kB
NFS_Unstable:          0 kB
Bounce:                0 kB
WritebackTmp:          0 kB
CommitLimit:    34716468 kB
Committed_AS:     807652 kB
VmallocTotal:   34359738367 kB
VmallocUsed:       42792 kB
VmallocChunk:          0 kB
Percpu:           207936 kB
HardwareCorrupted:     0 kB
AnonHugePages:         0 kB
ShmemHugePages:        0 kB
ShmemPmdMapped:        0 kB
FileHugePages:         0 kB
FilePmdMapped:         0 kB
HugePages_Total:       0
HugePages_Free:        0
HugePages_Rsvd:        0
HugePages_Surp:        0
Hugepagesize:       2048 kB
Hugetlb:               0 kB
DirectMap4k:     2777920 kB
DirectMap2M:     5197824 kB
DirectMap1G:    58720256 kB

