MemTotal:       65439348 kB
MemFree:        63826876 kB
MemAvailable:   63879568 kB
Buffers:           51508 kB
Cached:           571384 kB
SwapCached:            0 kB
Active:           198780 kB
Inactive:         484716 kB
Active(anon):       3240 kB
Inactive(anon):    72840 kB
Active(file):     195540 kB
Inactive(file):   411876 kB
Unevictable:       19496 kB
Mlocked:           19496 kB
SwapTotal:       1996796 kB
SwapFree:        1996796 kB
Dirty:               748 kB
Writeback:             0 kB
AnonPages:         80152 kB
Mapped:            84252 kB
Shmem:              6376 kB
KReclaimable:      83176 kB
Slab:             315448 kB
SReclaimable:      83176 kB
SUnreclaim:       232272 kB
KernelStack:        9968 kB
PageTables:         2444 kB
NFS_Unstable:          0 kB
Bounce:                0 kB
WritebackTmp:          0 kB
CommitLimit:    34716468 kB
Committed_AS:     808036 kB
VmallocTotal:   34359738367 kB
VmallocUsed:       42728 kB
VmallocChunk:          0 kB
Percpu:           198336 kB
HardwareCorrupted:     0 kB
AnonHugePages:         0 kB
ShmemHugePages:        0 kB
ShmemPmdMapped:        0 kB
FileHugePages:         0 kB
FilePmdMapped:         0 kB
HugePages_Total:       0
HugePages_Free:        0
HugePages_Rsvd:        0
HugePages_Surp:        0
Hugepagesize:       2048 kB
Hugetlb:               0 kB
DirectMap4k:     2767680 kB
DirectMap2M:     5208064 kB
DirectMap1G:    58720256 kB

