MemTotal:       65439348 kB
MemFree:        64218368 kB
MemAvailable:   63975236 kB
Buffers:           40408 kB
Cached:           293160 kB
SwapCached:            0 kB
Active:           134120 kB
Inactive:         259696 kB
Active(anon):       3216 kB
Inactive(anon):    72520 kB
Active(file):     130904 kB
Inactive(file):   187176 kB
Unevictable:       19496 kB
Mlocked:           19496 kB
SwapTotal:       1996796 kB
SwapFree:        1996796 kB
Dirty:               756 kB
Writeback:             0 kB
AnonPages:         79820 kB
Mapped:            78212 kB
Shmem:              6376 kB
KReclaimable:      70196 kB
Slab:             295112 kB
SReclaimable:      70196 kB
SUnreclaim:       224916 kB
KernelStack:       10032 kB
PageTables:         2416 kB
NFS_Unstable:          0 kB
Bounce:                0 kB
WritebackTmp:          0 kB
CommitLimit:    34716468 kB
Committed_AS:     790616 kB
VmallocTotal:   34359738367 kB
VmallocUsed:       39500 kB
VmallocChunk:          0 kB
Percpu:           121152 kB
HardwareCorrupted:     0 kB
AnonHugePages:         0 kB
ShmemHugePages:        0 kB
ShmemPmdMapped:        0 kB
FileHugePages:         0 kB
FilePmdMapped:         0 kB
HugePages_Total:       0
HugePages_Free:        0
HugePages_Rsvd:        0
HugePages_Surp:        0
Hugepagesize:       2048 kB
Hugetlb:               0 kB
DirectMap4k:     2671424 kB
DirectMap2M:     5304320 kB
DirectMap1G:    58720256 kB

