MemTotal:       65439348 kB
MemFree:        63842988 kB
MemAvailable:   63888052 kB
Buffers:           50576 kB
Cached:           565136 kB
SwapCached:            0 kB
Active:           197852 kB
Inactive:         478504 kB
Active(anon):       3240 kB
Inactive(anon):    72884 kB
Active(file):     194612 kB
Inactive(file):   405620 kB
Unevictable:       19496 kB
Mlocked:           19496 kB
SwapTotal:       1996796 kB
SwapFree:        1996796 kB
Dirty:               752 kB
Writeback:             0 kB
AnonPages:         80220 kB
Mapped:            83820 kB
Shmem:              6376 kB
KReclaimable:      82288 kB
Slab:             313948 kB
SReclaimable:      82288 kB
SUnreclaim:       231660 kB
KernelStack:        9984 kB
PageTables:         2440 kB
NFS_Unstable:          0 kB
Bounce:                0 kB
WritebackTmp:          0 kB
CommitLimit:    34716468 kB
Committed_AS:     807780 kB
VmallocTotal:   34359738367 kB
VmallocUsed:       42212 kB
VmallocChunk:          0 kB
Percpu:           191232 kB
HardwareCorrupted:     0 kB
AnonHugePages:         0 kB
ShmemHugePages:        0 kB
ShmemPmdMapped:        0 kB
FileHugePages:         0 kB
FilePmdMapped:         0 kB
HugePages_Total:       0
HugePages_Free:        0
HugePages_Rsvd:        0
HugePages_Surp:        0
Hugepagesize:       2048 kB
Hugetlb:               0 kB
DirectMap4k:     2757440 kB
DirectMap2M:     5218304 kB
DirectMap1G:    58720256 kB

