MemTotal:       65439348 kB
MemFree:        64145856 kB
MemAvailable:   63940208 kB
Buffers:           43792 kB
Cached:           325636 kB
SwapCached:            0 kB
Active:           139536 kB
Inactive:         297484 kB
Active(anon):       3244 kB
Inactive(anon):    79828 kB
Active(file):     136292 kB
Inactive(file):   217656 kB
Unevictable:       19496 kB
Mlocked:           19496 kB
SwapTotal:       1996796 kB
SwapFree:        1996796 kB
Dirty:               204 kB
Writeback:             0 kB
AnonPages:         86520 kB
Mapped:            90320 kB
Shmem:              6380 kB
KReclaimable:      73428 kB
Slab:             302084 kB
SReclaimable:      73428 kB
SUnreclaim:       228656 kB
KernelStack:       10176 kB
PageTables:         2536 kB
NFS_Unstable:          0 kB
Bounce:                0 kB
WritebackTmp:          0 kB
CommitLimit:    34716468 kB
Committed_AS:     838260 kB
VmallocTotal:   34359738367 kB
VmallocUsed:       40280 kB
VmallocChunk:          0 kB
Percpu:           142464 kB
HardwareCorrupted:     0 kB
AnonHugePages:         0 kB
ShmemHugePages:        0 kB
ShmemPmdMapped:        0 kB
FileHugePages:         0 kB
FilePmdMapped:         0 kB
HugePages_Total:       0
HugePages_Free:        0
HugePages_Rsvd:        0
HugePages_Surp:        0
Hugepagesize:       2048 kB
Hugetlb:               0 kB
DirectMap4k:     2702144 kB
DirectMap2M:     5273600 kB
DirectMap1G:    58720256 kB

