MemTotal:       65439348 kB
MemFree:        63923064 kB
MemAvailable:   63926752 kB
Buffers:           45624 kB
Cached:           531120 kB
SwapCached:            0 kB
Active:           153900 kB
Inactive:         483468 kB
Active(anon):       3244 kB
Inactive(anon):    72892 kB
Active(file):     150656 kB
Inactive(file):   410576 kB
Unevictable:       19496 kB
Mlocked:           19496 kB
SwapTotal:       1996796 kB
SwapFree:        1996796 kB
Dirty:               172 kB
Writeback:             0 kB
AnonPages:         80252 kB
Mapped:            81216 kB
Shmem:              6376 kB
KReclaimable:      77532 kB
Slab:             307528 kB
SReclaimable:      77532 kB
SUnreclaim:       229996 kB
KernelStack:       10016 kB
PageTables:         2428 kB
NFS_Unstable:          0 kB
Bounce:                0 kB
WritebackTmp:          0 kB
CommitLimit:    34716468 kB
Committed_AS:     799588 kB
VmallocTotal:   34359738367 kB
VmallocUsed:       40628 kB
VmallocChunk:          0 kB
Percpu:           156288 kB
HardwareCorrupted:     0 kB
AnonHugePages:         0 kB
ShmemHugePages:        0 kB
ShmemPmdMapped:        0 kB
FileHugePages:         0 kB
FilePmdMapped:         0 kB
HugePages_Total:       0
HugePages_Free:        0
HugePages_Rsvd:        0
HugePages_Surp:        0
Hugepagesize:       2048 kB
Hugetlb:               0 kB
DirectMap4k:     2718528 kB
DirectMap2M:     5257216 kB
DirectMap1G:    58720256 kB

