MemTotal:       65439348 kB
MemFree:        63732804 kB
MemAvailable:   63827356 kB
Buffers:           56732 kB
Cached:           605800 kB
SwapCached:            0 kB
Active:           204676 kB
Inactive:         523744 kB
Active(anon):       3248 kB
Inactive(anon):    78152 kB
Active(file):     201428 kB
Inactive(file):   445592 kB
Unevictable:       19496 kB
Mlocked:           19496 kB
SwapTotal:       1996796 kB
SwapFree:        1996796 kB
Dirty:                12 kB
Writeback:             0 kB
AnonPages:         85524 kB
Mapped:            96652 kB
Shmem:              6380 kB
KReclaimable:      87684 kB
Slab:             325204 kB
SReclaimable:      87684 kB
SUnreclaim:       237520 kB
KernelStack:       10112 kB
PageTables:         2616 kB
NFS_Unstable:          0 kB
Bounce:                0 kB
WritebackTmp:          0 kB
CommitLimit:    34716468 kB
Committed_AS:     854428 kB
VmallocTotal:   34359738367 kB
VmallocUsed:       44556 kB
VmallocChunk:          0 kB
Percpu:           235776 kB
HardwareCorrupted:     0 kB
AnonHugePages:         0 kB
ShmemHugePages:        0 kB
ShmemPmdMapped:        0 kB
FileHugePages:         0 kB
FilePmdMapped:         0 kB
HugePages_Total:       0
HugePages_Free:        0
HugePages_Rsvd:        0
HugePages_Surp:        0
Hugepagesize:       2048 kB
Hugetlb:               0 kB
DirectMap4k:     2812736 kB
DirectMap2M:     5163008 kB
DirectMap1G:    58720256 kB

