MemTotal:       65439348 kB
MemFree:        63894632 kB
MemAvailable:   63913364 kB
Buffers:           47428 kB
Cached:           543512 kB
SwapCached:            0 kB
Active:           155728 kB
Inactive:         496116 kB
Active(anon):       3244 kB
Inactive(anon):    73144 kB
Active(file):     152484 kB
Inactive(file):   422972 kB
Unevictable:       19496 kB
Mlocked:           19496 kB
SwapTotal:       1996796 kB
SwapFree:        1996796 kB
Dirty:               172 kB
Writeback:             0 kB
AnonPages:         80500 kB
Mapped:            82224 kB
Shmem:              6376 kB
KReclaimable:      79172 kB
Slab:             309184 kB
SReclaimable:      79172 kB
SUnreclaim:       230012 kB
KernelStack:       10064 kB
PageTables:         2480 kB
NFS_Unstable:          0 kB
Bounce:                0 kB
WritebackTmp:          0 kB
CommitLimit:    34716468 kB
Committed_AS:     799592 kB
VmallocTotal:   34359738367 kB
VmallocUsed:       41180 kB
VmallocChunk:          0 kB
Percpu:           169536 kB
HardwareCorrupted:     0 kB
AnonHugePages:         0 kB
ShmemHugePages:        0 kB
ShmemPmdMapped:        0 kB
FileHugePages:         0 kB
FilePmdMapped:         0 kB
HugePages_Total:       0
HugePages_Free:        0
HugePages_Rsvd:        0
HugePages_Surp:        0
Hugepagesize:       2048 kB
Hugetlb:               0 kB
DirectMap4k:     2734912 kB
DirectMap2M:     5240832 kB
DirectMap1G:    58720256 kB

