MemTotal:       65439348 kB
MemFree:        63761692 kB
MemAvailable:   63843908 kB
Buffers:           55136 kB
Cached:           595672 kB
SwapCached:            0 kB
Active:           203120 kB
Inactive:         515340 kB
Active(anon):       3256 kB
Inactive(anon):    79872 kB
Active(file):     199864 kB
Inactive(file):   435468 kB
Unevictable:       19496 kB
Mlocked:           19496 kB
SwapTotal:       1996796 kB
SwapFree:        1996796 kB
Dirty:               676 kB
Writeback:             0 kB
AnonPages:         86752 kB
Mapped:            96128 kB
Shmem:              6376 kB
KReclaimable:      86388 kB
Slab:             322328 kB
SReclaimable:      86388 kB
SUnreclaim:       235940 kB
KernelStack:       10208 kB
PageTables:         3276 kB
NFS_Unstable:          0 kB
Bounce:                0 kB
WritebackTmp:          0 kB
CommitLimit:    34716468 kB
Committed_AS:     854040 kB
VmallocTotal:   34359738367 kB
VmallocUsed:       43960 kB
VmallocChunk:          0 kB
Percpu:           224448 kB
HardwareCorrupted:     0 kB
AnonHugePages:         0 kB
ShmemHugePages:        0 kB
ShmemPmdMapped:        0 kB
FileHugePages:         0 kB
FilePmdMapped:         0 kB
HugePages_Total:       0
HugePages_Free:        0
HugePages_Rsvd:        0
HugePages_Surp:        0
Hugepagesize:       2048 kB
Hugetlb:               0 kB
DirectMap4k:     2800448 kB
DirectMap2M:     5175296 kB
DirectMap1G:    58720256 kB

