MemTotal:       65439348 kB
MemFree:        64198044 kB
MemAvailable:   63970348 kB
Buffers:           41044 kB
Cached:           307664 kB
SwapCached:            0 kB
Active:           136468 kB
Inactive:         278024 kB
Active(anon):       3248 kB
Inactive(anon):    78028 kB
Active(file):     133220 kB
Inactive(file):   199996 kB
Unevictable:       19496 kB
Mlocked:           19496 kB
SwapTotal:       1996796 kB
SwapFree:        1996796 kB
Dirty:               764 kB
Writeback:             0 kB
AnonPages:         85444 kB
Mapped:            87740 kB
Shmem:              6380 kB
KReclaimable:      70796 kB
Slab:             295688 kB
SReclaimable:      70796 kB
SUnreclaim:       224892 kB
KernelStack:       10224 kB
PageTables:         2568 kB
NFS_Unstable:          0 kB
Bounce:                0 kB
WritebackTmp:          0 kB
CommitLimit:    34716468 kB
Committed_AS:     838004 kB
VmallocTotal:   34359738367 kB
VmallocUsed:       39828 kB
VmallocChunk:          0 kB
Percpu:           122688 kB
HardwareCorrupted:     0 kB
AnonHugePages:         0 kB
ShmemHugePages:        0 kB
ShmemPmdMapped:        0 kB
FileHugePages:         0 kB
FilePmdMapped:         0 kB
HugePages_Total:       0
HugePages_Free:        0
HugePages_Rsvd:        0
HugePages_Surp:        0
Hugepagesize:       2048 kB
Hugetlb:               0 kB
DirectMap4k:     2673472 kB
DirectMap2M:     5302272 kB
DirectMap1G:    58720256 kB

