MemTotal:       65439348 kB
MemFree:        64220560 kB
MemAvailable:   63977288 kB
Buffers:           40392 kB
Cached:           293040 kB
SwapCached:            0 kB
Active:           134104 kB
Inactive:         259588 kB
Active(anon):       3220 kB
Inactive(anon):    72528 kB
Active(file):     130884 kB
Inactive(file):   187060 kB
Unevictable:       19496 kB
Mlocked:           19496 kB
SwapTotal:       1996796 kB
SwapFree:        1996796 kB
Dirty:               148 kB
Writeback:             0 kB
AnonPages:         79828 kB
Mapped:            78136 kB
Shmem:              6376 kB
KReclaimable:      70192 kB
Slab:             294852 kB
SReclaimable:      70192 kB
SUnreclaim:       224660 kB
KernelStack:       10064 kB
PageTables:         2412 kB
NFS_Unstable:          0 kB
Bounce:                0 kB
WritebackTmp:          0 kB
CommitLimit:    34716468 kB
Committed_AS:     790620 kB
VmallocTotal:   34359738367 kB
VmallocUsed:       39548 kB
VmallocChunk:          0 kB
Percpu:           121152 kB
HardwareCorrupted:     0 kB
AnonHugePages:         0 kB
ShmemHugePages:        0 kB
ShmemPmdMapped:        0 kB
FileHugePages:         0 kB
FilePmdMapped:         0 kB
HugePages_Total:       0
HugePages_Free:        0
HugePages_Rsvd:        0
HugePages_Surp:        0
Hugepagesize:       2048 kB
Hugetlb:               0 kB
DirectMap4k:     2671424 kB
DirectMap2M:     5304320 kB
DirectMap1G:    58720256 kB

