MemTotal:       65439348 kB
MemFree:        64191800 kB
MemAvailable:   63965936 kB
Buffers:           41276 kB
Cached:           309140 kB
SwapCached:            0 kB
Active:           136696 kB
Inactive:         280432 kB
Active(anon):       3248 kB
Inactive(anon):    78960 kB
Active(file):     133448 kB
Inactive(file):   201472 kB
Unevictable:       19496 kB
Mlocked:           19496 kB
SwapTotal:       1996796 kB
SwapFree:        1996796 kB
Dirty:               600 kB
Writeback:             0 kB
AnonPages:         86256 kB
Mapped:            88004 kB
Shmem:              6380 kB
KReclaimable:      71052 kB
Slab:             296140 kB
SReclaimable:      71052 kB
SUnreclaim:       225088 kB
KernelStack:       10080 kB
PageTables:         2524 kB
NFS_Unstable:          0 kB
Bounce:                0 kB
WritebackTmp:          0 kB
CommitLimit:    34716468 kB
Committed_AS:     837616 kB
VmallocTotal:   34359738367 kB
VmallocUsed:       39668 kB
VmallocChunk:          0 kB
Percpu:           124416 kB
HardwareCorrupted:     0 kB
AnonHugePages:         0 kB
ShmemHugePages:        0 kB
ShmemPmdMapped:        0 kB
FileHugePages:         0 kB
FilePmdMapped:         0 kB
HugePages_Total:       0
HugePages_Free:        0
HugePages_Rsvd:        0
HugePages_Surp:        0
Hugepagesize:       2048 kB
Hugetlb:               0 kB
DirectMap4k:     2673472 kB
DirectMap2M:     5302272 kB
DirectMap1G:    58720256 kB

