MemTotal:       65439348 kB
MemFree:        64327312 kB
MemAvailable:   64020656 kB
Buffers:           30264 kB
Cached:           242584 kB
SwapCached:            0 kB
Active:           121436 kB
Inactive:         212204 kB
Active(anon):       3228 kB
Inactive(anon):    73040 kB
Active(file):     118208 kB
Inactive(file):   139164 kB
Unevictable:       19496 kB
Mlocked:           19496 kB
SwapTotal:       1996796 kB
SwapFree:        1996796 kB
Dirty:               572 kB
Writeback:             0 kB
AnonPages:         80432 kB
Mapped:            74820 kB
Shmem:              6376 kB
KReclaimable:      56052 kB
Slab:             276868 kB
SReclaimable:      56052 kB
SUnreclaim:       220816 kB
KernelStack:        9904 kB
PageTables:         2528 kB
NFS_Unstable:          0 kB
Bounce:                0 kB
WritebackTmp:          0 kB
CommitLimit:    34716468 kB
Committed_AS:     790096 kB
VmallocTotal:   34359738367 kB
VmallocUsed:       38260 kB
VmallocChunk:          0 kB
Percpu:            96576 kB
HardwareCorrupted:     0 kB
AnonHugePages:         0 kB
ShmemHugePages:        0 kB
ShmemPmdMapped:        0 kB
FileHugePages:         0 kB
FilePmdMapped:         0 kB
HugePages_Total:       0
HugePages_Free:        0
HugePages_Rsvd:        0
HugePages_Surp:        0
Hugepagesize:       2048 kB
Hugetlb:               0 kB
DirectMap4k:     2032448 kB
DirectMap2M:     5943296 kB
DirectMap1G:    58720256 kB

