MemTotal:       65439348 kB
MemFree:        64169980 kB
MemAvailable:   63951888 kB
Buffers:           42212 kB
Cached:           315484 kB
SwapCached:            0 kB
Active:           137632 kB
Inactive:         286840 kB
Active(anon):       3248 kB
Inactive(anon):    79004 kB
Active(file):     134384 kB
Inactive(file):   207836 kB
Unevictable:       19496 kB
Mlocked:           19496 kB
SwapTotal:       1996796 kB
SwapFree:        1996796 kB
Dirty:                72 kB
Writeback:           112 kB
AnonPages:         85888 kB
Mapped:            88368 kB
Shmem:              6376 kB
KReclaimable:      71996 kB
Slab:             299012 kB
SReclaimable:      71996 kB
SUnreclaim:       227016 kB
KernelStack:       10112 kB
PageTables:         2760 kB
NFS_Unstable:          0 kB
Bounce:                0 kB
WritebackTmp:          0 kB
CommitLimit:    34716468 kB
Committed_AS:     838008 kB
VmallocTotal:   34359738367 kB
VmallocUsed:       39700 kB
VmallocChunk:          0 kB
Percpu:           131520 kB
HardwareCorrupted:     0 kB
AnonHugePages:         0 kB
ShmemHugePages:        0 kB
ShmemPmdMapped:        0 kB
FileHugePages:         0 kB
FilePmdMapped:         0 kB
HugePages_Total:       0
HugePages_Free:        0
HugePages_Rsvd:        0
HugePages_Surp:        0
Hugepagesize:       2048 kB
Hugetlb:               0 kB
DirectMap4k:     2687808 kB
DirectMap2M:     5287936 kB
DirectMap1G:    58720256 kB

