MemTotal:       65439348 kB
MemFree:        64275012 kB
MemAvailable:   64005480 kB
Buffers:           37272 kB
Cached:           271128 kB
SwapCached:            0 kB
Active:           130084 kB
Inactive:         241092 kB
Active(anon):       3204 kB
Inactive(anon):    75048 kB
Active(file):     126880 kB
Inactive(file):   166044 kB
Unevictable:       19496 kB
Mlocked:           19496 kB
SwapTotal:       1996796 kB
SwapFree:        1996796 kB
Dirty:               736 kB
Writeback:             0 kB
AnonPages:         82272 kB
Mapped:            77308 kB
Shmem:              6376 kB
KReclaimable:      67712 kB
Slab:             290100 kB
SReclaimable:      67712 kB
SUnreclaim:       222388 kB
KernelStack:       10128 kB
PageTables:         2672 kB
NFS_Unstable:          0 kB
Bounce:                0 kB
WritebackTmp:          0 kB
CommitLimit:    34716468 kB
Committed_AS:     790360 kB
VmallocTotal:   34359738367 kB
VmallocUsed:       38516 kB
VmallocChunk:          0 kB
Percpu:            98880 kB
HardwareCorrupted:     0 kB
AnonHugePages:         0 kB
ShmemHugePages:        0 kB
ShmemPmdMapped:        0 kB
FileHugePages:         0 kB
FilePmdMapped:         0 kB
HugePages_Total:       0
HugePages_Free:        0
HugePages_Rsvd:        0
HugePages_Surp:        0
Hugepagesize:       2048 kB
Hugetlb:               0 kB
DirectMap4k:     2435904 kB
DirectMap2M:     5539840 kB
DirectMap1G:    58720256 kB

