MemTotal:       65439348 kB
MemFree:        63874892 kB
MemAvailable:   63903348 kB
Buffers:           48572 kB
Cached:           551520 kB
SwapCached:            0 kB
Active:           156880 kB
Inactive:         504032 kB
Active(anon):       3240 kB
Inactive(anon):    73056 kB
Active(file):     153640 kB
Inactive(file):   430976 kB
Unevictable:       19496 kB
Mlocked:           19496 kB
SwapTotal:       1996796 kB
SwapFree:        1996796 kB
Dirty:               692 kB
Writeback:             0 kB
AnonPages:         80372 kB
Mapped:            82924 kB
Shmem:              6376 kB
KReclaimable:      80300 kB
Slab:             312060 kB
SReclaimable:      80300 kB
SUnreclaim:       231760 kB
KernelStack:       10016 kB
PageTables:         2488 kB
NFS_Unstable:          0 kB
Bounce:                0 kB
WritebackTmp:          0 kB
CommitLimit:    34716468 kB
Committed_AS:     799200 kB
VmallocTotal:   34359738367 kB
VmallocUsed:       41664 kB
VmallocChunk:          0 kB
Percpu:           177984 kB
HardwareCorrupted:     0 kB
AnonHugePages:         0 kB
ShmemHugePages:        0 kB
ShmemPmdMapped:        0 kB
FileHugePages:         0 kB
FilePmdMapped:         0 kB
HugePages_Total:       0
HugePages_Free:        0
HugePages_Rsvd:        0
HugePages_Surp:        0
Hugepagesize:       2048 kB
Hugetlb:               0 kB
DirectMap4k:     2747200 kB
DirectMap2M:     5228544 kB
DirectMap1G:    58720256 kB

