MemTotal:       65439348 kB
MemFree:        63756004 kB
MemAvailable:   63839212 kB
Buffers:           55224 kB
Cached:           596524 kB
SwapCached:            0 kB
Active:           203200 kB
Inactive:         514876 kB
Active(anon):       3248 kB
Inactive(anon):    78560 kB
Active(file):     199952 kB
Inactive(file):   436316 kB
Unevictable:       19496 kB
Mlocked:           19496 kB
SwapTotal:       1996796 kB
SwapFree:        1996796 kB
Dirty:               948 kB
Writeback:             0 kB
AnonPages:         85888 kB
Mapped:            95828 kB
Shmem:              6380 kB
KReclaimable:      86504 kB
Slab:             322424 kB
SReclaimable:      86504 kB
SUnreclaim:       235920 kB
KernelStack:       10032 kB
PageTables:         2512 kB
NFS_Unstable:          0 kB
Bounce:                0 kB
WritebackTmp:          0 kB
CommitLimit:    34716468 kB
Committed_AS:     854040 kB
VmallocTotal:   34359738367 kB
VmallocUsed:       43976 kB
VmallocChunk:          0 kB
Percpu:           225600 kB
HardwareCorrupted:     0 kB
AnonHugePages:         0 kB
ShmemHugePages:        0 kB
ShmemPmdMapped:        0 kB
FileHugePages:         0 kB
FilePmdMapped:         0 kB
HugePages_Total:       0
HugePages_Free:        0
HugePages_Rsvd:        0
HugePages_Surp:        0
Hugepagesize:       2048 kB
Hugetlb:               0 kB
DirectMap4k:     2800448 kB
DirectMap2M:     5175296 kB
DirectMap1G:    58720256 kB

