MemTotal:       65439348 kB
MemFree:        63701648 kB
MemAvailable:   63814024 kB
Buffers:           58796 kB
Cached:           620520 kB
SwapCached:            0 kB
Active:           211732 kB
Inactive:         530572 kB
Active(anon):       3264 kB
Inactive(anon):    75200 kB
Active(file):     208468 kB
Inactive(file):   455372 kB
Unevictable:       19496 kB
Mlocked:           19496 kB
SwapTotal:       1996796 kB
SwapFree:        1996796 kB
Dirty:               640 kB
Writeback:             0 kB
AnonPages:         82716 kB
Mapped:            88664 kB
Shmem:              6376 kB
KReclaimable:      89696 kB
Slab:             328516 kB
SReclaimable:      89696 kB
SUnreclaim:       238820 kB
KernelStack:       10080 kB
PageTables:         2856 kB
NFS_Unstable:          0 kB
Bounce:                0 kB
WritebackTmp:          0 kB
CommitLimit:    34716468 kB
Committed_AS:     807648 kB
VmallocTotal:   34359738367 kB
VmallocUsed:       44792 kB
VmallocChunk:          0 kB
Percpu:           252096 kB
HardwareCorrupted:     0 kB
AnonHugePages:         0 kB
ShmemHugePages:        0 kB
ShmemPmdMapped:        0 kB
FileHugePages:         0 kB
FilePmdMapped:         0 kB
HugePages_Total:       0
HugePages_Free:        0
HugePages_Rsvd:        0
HugePages_Surp:        0
Hugepagesize:       2048 kB
Hugetlb:               0 kB
DirectMap4k:     2831168 kB
DirectMap2M:     5144576 kB
DirectMap1G:    58720256 kB

