MemTotal:       65439348 kB
MemFree:        63851608 kB
MemAvailable:   63893348 kB
Buffers:           50136 kB
Cached:           562416 kB
SwapCached:            0 kB
Active:           197412 kB
Inactive:         476060 kB
Active(anon):       3244 kB
Inactive(anon):    73160 kB
Active(file):     194168 kB
Inactive(file):   402900 kB
Unevictable:       19496 kB
Mlocked:           19496 kB
SwapTotal:       1996796 kB
SwapFree:        1996796 kB
Dirty:               264 kB
Writeback:             0 kB
AnonPages:         80536 kB
Mapped:            83688 kB
Shmem:              6376 kB
KReclaimable:      81964 kB
Slab:             313488 kB
SReclaimable:      81964 kB
SUnreclaim:       231524 kB
KernelStack:       10032 kB
PageTables:         2428 kB
NFS_Unstable:          0 kB
Bounce:                0 kB
WritebackTmp:          0 kB
CommitLimit:    34716468 kB
Committed_AS:     799592 kB
VmallocTotal:   34359738367 kB
VmallocUsed:       42148 kB
VmallocChunk:          0 kB
Percpu:           188160 kB
HardwareCorrupted:     0 kB
AnonHugePages:         0 kB
ShmemHugePages:        0 kB
ShmemPmdMapped:        0 kB
FileHugePages:         0 kB
FilePmdMapped:         0 kB
HugePages_Total:       0
HugePages_Free:        0
HugePages_Rsvd:        0
HugePages_Surp:        0
Hugepagesize:       2048 kB
Hugetlb:               0 kB
DirectMap4k:     2753344 kB
DirectMap2M:     5222400 kB
DirectMap1G:    58720256 kB

