MemTotal:       65439348 kB
MemFree:        64322868 kB
MemAvailable:   64018312 kB
Buffers:           30904 kB
Cached:           245968 kB
SwapCached:            0 kB
Active:           122064 kB
Inactive:         215232 kB
Active(anon):       3216 kB
Inactive(anon):    72684 kB
Active(file):     118848 kB
Inactive(file):   142548 kB
Unevictable:       19496 kB
Mlocked:           19496 kB
SwapTotal:       1996796 kB
SwapFree:        1996796 kB
Dirty:               632 kB
Writeback:             0 kB
AnonPages:         79936 kB
Mapped:            74256 kB
Shmem:              6376 kB
KReclaimable:      56228 kB
Slab:             276344 kB
SReclaimable:      56228 kB
SUnreclaim:       220116 kB
KernelStack:       10016 kB
PageTables:         2400 kB
NFS_Unstable:          0 kB
Bounce:                0 kB
WritebackTmp:          0 kB
CommitLimit:    34716468 kB
Committed_AS:     790100 kB
VmallocTotal:   34359738367 kB
VmallocUsed:       38500 kB
VmallocChunk:          0 kB
Percpu:            96576 kB
HardwareCorrupted:     0 kB
AnonHugePages:         0 kB
ShmemHugePages:        0 kB
ShmemPmdMapped:        0 kB
FileHugePages:         0 kB
FilePmdMapped:         0 kB
HugePages_Total:       0
HugePages_Free:        0
HugePages_Rsvd:        0
HugePages_Surp:        0
Hugepagesize:       2048 kB
Hugetlb:               0 kB
DirectMap4k:     2083648 kB
DirectMap2M:     5892096 kB
DirectMap1G:    58720256 kB

