MemTotal:       65439348 kB
MemFree:        64320332 kB
MemAvailable:   64016656 kB
Buffers:           31144 kB
Cached:           247492 kB
SwapCached:            0 kB
Active:           122304 kB
Inactive:         216500 kB
Active(anon):       3232 kB
Inactive(anon):    72432 kB
Active(file):     119072 kB
Inactive(file):   144068 kB
Unevictable:       19496 kB
Mlocked:           19496 kB
SwapTotal:       1996796 kB
SwapFree:        1996796 kB
Dirty:               648 kB
Writeback:             0 kB
AnonPages:         80196 kB
Mapped:            74644 kB
Shmem:              6380 kB
KReclaimable:      56248 kB
Slab:             276752 kB
SReclaimable:      56248 kB
SUnreclaim:       220504 kB
KernelStack:        9968 kB
PageTables:         2436 kB
NFS_Unstable:          0 kB
Bounce:                0 kB
WritebackTmp:          0 kB
CommitLimit:    34716468 kB
Committed_AS:     790100 kB
VmallocTotal:   34359738367 kB
VmallocUsed:       38356 kB
VmallocChunk:          0 kB
Percpu:            96576 kB
HardwareCorrupted:     0 kB
AnonHugePages:         0 kB
ShmemHugePages:        0 kB
ShmemPmdMapped:        0 kB
FileHugePages:         0 kB
FilePmdMapped:         0 kB
HugePages_Total:       0
HugePages_Free:        0
HugePages_Rsvd:        0
HugePages_Surp:        0
Hugepagesize:       2048 kB
Hugetlb:               0 kB
DirectMap4k:     2100032 kB
DirectMap2M:     5875712 kB
DirectMap1G:    58720256 kB

