MemTotal:       65439348 kB
MemFree:        64322192 kB
MemAvailable:   64016148 kB
Buffers:           30520 kB
Cached:           243520 kB
SwapCached:            0 kB
Active:           121680 kB
Inactive:         212744 kB
Active(anon):       3216 kB
Inactive(anon):    72644 kB
Active(file):     118464 kB
Inactive(file):   140100 kB
Unevictable:       19496 kB
Mlocked:           19496 kB
SwapTotal:       1996796 kB
SwapFree:        1996796 kB
Dirty:               596 kB
Writeback:             0 kB
AnonPages:         79912 kB
Mapped:            74132 kB
Shmem:              6376 kB
KReclaimable:      56084 kB
Slab:             276828 kB
SReclaimable:      56084 kB
SUnreclaim:       220744 kB
KernelStack:        9872 kB
PageTables:         2404 kB
NFS_Unstable:          0 kB
Bounce:                0 kB
WritebackTmp:          0 kB
CommitLimit:    34716468 kB
Committed_AS:     790100 kB
VmallocTotal:   34359738367 kB
VmallocUsed:       38228 kB
VmallocChunk:          0 kB
Percpu:            96576 kB
HardwareCorrupted:     0 kB
AnonHugePages:         0 kB
ShmemHugePages:        0 kB
ShmemPmdMapped:        0 kB
FileHugePages:         0 kB
FilePmdMapped:         0 kB
HugePages_Total:       0
HugePages_Free:        0
HugePages_Rsvd:        0
HugePages_Surp:        0
Hugepagesize:       2048 kB
Hugetlb:               0 kB
DirectMap4k:     2046784 kB
DirectMap2M:     5928960 kB
DirectMap1G:    58720256 kB

