MemTotal:       65439348 kB
MemFree:        63913404 kB
MemAvailable:   63923420 kB
Buffers:           46392 kB
Cached:           536296 kB
SwapCached:            0 kB
Active:           154676 kB
Inactive:         488456 kB
Active(anon):       3240 kB
Inactive(anon):    72688 kB
Active(file):     151436 kB
Inactive(file):   415768 kB
Unevictable:       19496 kB
Mlocked:           19496 kB
SwapTotal:       1996796 kB
SwapFree:        1996796 kB
Dirty:               200 kB
Writeback:            72 kB
AnonPages:         80020 kB
Mapped:            81692 kB
Shmem:              6376 kB
KReclaimable:      78244 kB
Slab:             307752 kB
SReclaimable:      78244 kB
SUnreclaim:       229508 kB
KernelStack:       10048 kB
PageTables:         2432 kB
NFS_Unstable:          0 kB
Bounce:                0 kB
WritebackTmp:          0 kB
CommitLimit:    34716468 kB
Committed_AS:     799588 kB
VmallocTotal:   34359738367 kB
VmallocUsed:       41276 kB
VmallocChunk:          0 kB
Percpu:           161664 kB
HardwareCorrupted:     0 kB
AnonHugePages:         0 kB
ShmemHugePages:        0 kB
ShmemPmdMapped:        0 kB
FileHugePages:         0 kB
FilePmdMapped:         0 kB
HugePages_Total:       0
HugePages_Free:        0
HugePages_Rsvd:        0
HugePages_Surp:        0
Hugepagesize:       2048 kB
Hugetlb:               0 kB
DirectMap4k:     2726720 kB
DirectMap2M:     5249024 kB
DirectMap1G:    58720256 kB

