MemTotal:       65439348 kB
MemFree:        64177756 kB
MemAvailable:   63956356 kB
Buffers:           41800 kB
Cached:           312800 kB
SwapCached:            0 kB
Active:           137220 kB
Inactive:         283876 kB
Active(anon):       3232 kB
Inactive(anon):    78744 kB
Active(file):     133988 kB
Inactive(file):   205132 kB
Unevictable:       19496 kB
Mlocked:           19496 kB
SwapTotal:       1996796 kB
SwapFree:        1996796 kB
Dirty:               872 kB
Writeback:             0 kB
AnonPages:         85984 kB
Mapped:            88276 kB
Shmem:              6380 kB
KReclaimable:      71584 kB
Slab:             297856 kB
SReclaimable:      71584 kB
SUnreclaim:       226272 kB
KernelStack:       10048 kB
PageTables:         2028 kB
NFS_Unstable:          0 kB
Bounce:                0 kB
WritebackTmp:          0 kB
CommitLimit:    34716468 kB
Committed_AS:     837612 kB
VmallocTotal:   34359738367 kB
VmallocUsed:       39812 kB
VmallocChunk:          0 kB
Percpu:           128640 kB
HardwareCorrupted:     0 kB
AnonHugePages:         0 kB
ShmemHugePages:        0 kB
ShmemPmdMapped:        0 kB
FileHugePages:         0 kB
FilePmdMapped:         0 kB
HugePages_Total:       0
HugePages_Free:        0
HugePages_Rsvd:        0
HugePages_Surp:        0
Hugepagesize:       2048 kB
Hugetlb:               0 kB
DirectMap4k:     2681664 kB
DirectMap2M:     5294080 kB
DirectMap1G:    58720256 kB

