MemTotal:       65439348 kB
MemFree:        63814872 kB
MemAvailable:   63853436 kB
Buffers:           49660 kB
Cached:           559932 kB
SwapCached:            0 kB
Active:           196888 kB
Inactive:         513080 kB
Active(anon):       3252 kB
Inactive(anon):   112608 kB
Active(file):     193636 kB
Inactive(file):   400472 kB
Unevictable:       19496 kB
Mlocked:           19496 kB
SwapTotal:       1996796 kB
SwapFree:        1996796 kB
Dirty:               580 kB
Writeback:             0 kB
AnonPages:        120824 kB
Mapped:           124100 kB
Shmem:              6384 kB
KReclaimable:      81536 kB
Slab:             313196 kB
SReclaimable:      81536 kB
SUnreclaim:       231660 kB
KernelStack:       10096 kB
PageTables:         2976 kB
NFS_Unstable:          0 kB
Bounce:                0 kB
WritebackTmp:          0 kB
CommitLimit:    34716468 kB
Committed_AS:     897144 kB
VmallocTotal:   34359738367 kB
VmallocUsed:       42356 kB
VmallocChunk:          0 kB
Percpu:           185856 kB
HardwareCorrupted:     0 kB
AnonHugePages:         0 kB
ShmemHugePages:        0 kB
ShmemPmdMapped:        0 kB
FileHugePages:         0 kB
FilePmdMapped:         0 kB
HugePages_Total:       0
HugePages_Free:        0
HugePages_Rsvd:        0
HugePages_Surp:        0
Hugepagesize:       2048 kB
Hugetlb:               0 kB
DirectMap4k:     2753344 kB
DirectMap2M:     5222400 kB
DirectMap1G:    58720256 kB

