MemTotal:       65439348 kB
MemFree:        63740196 kB
MemAvailable:   63831564 kB
Buffers:           56348 kB
Cached:           603136 kB
SwapCached:            0 kB
Active:           204316 kB
Inactive:         523836 kB
Active(anon):       3252 kB
Inactive(anon):    80908 kB
Active(file):     201064 kB
Inactive(file):   442928 kB
Unevictable:       19496 kB
Mlocked:           19496 kB
SwapTotal:       1996796 kB
SwapFree:        1996796 kB
Dirty:               636 kB
Writeback:             0 kB
AnonPages:         88176 kB
Mapped:            97016 kB
Shmem:              6380 kB
KReclaimable:      87372 kB
Slab:             324768 kB
SReclaimable:      87372 kB
SUnreclaim:       237396 kB
KernelStack:       10032 kB
PageTables:         2544 kB
NFS_Unstable:          0 kB
Bounce:                0 kB
WritebackTmp:          0 kB
CommitLimit:    34716468 kB
Committed_AS:     854040 kB
VmallocTotal:   34359738367 kB
VmallocUsed:       43944 kB
VmallocChunk:          0 kB
Percpu:           232896 kB
HardwareCorrupted:     0 kB
AnonHugePages:         0 kB
ShmemHugePages:        0 kB
ShmemPmdMapped:        0 kB
FileHugePages:         0 kB
FilePmdMapped:         0 kB
HugePages_Total:       0
HugePages_Free:        0
HugePages_Rsvd:        0
HugePages_Surp:        0
Hugepagesize:       2048 kB
Hugetlb:               0 kB
DirectMap4k:     2810688 kB
DirectMap2M:     5165056 kB
DirectMap1G:    58720256 kB

