MemTotal:       65439348 kB
MemFree:        64228784 kB
MemAvailable:   63980512 kB
Buffers:           39768 kB
Cached:           288992 kB
SwapCached:            0 kB
Active:           133484 kB
Inactive:         255792 kB
Active(anon):       3220 kB
Inactive(anon):    72780 kB
Active(file):     130264 kB
Inactive(file):   183012 kB
Unevictable:       19496 kB
Mlocked:           19496 kB
SwapTotal:       1996796 kB
SwapFree:        1996796 kB
Dirty:               364 kB
Writeback:             0 kB
AnonPages:         80060 kB
Mapped:            77784 kB
Shmem:              6376 kB
KReclaimable:      69528 kB
Slab:             293992 kB
SReclaimable:      69528 kB
SUnreclaim:       224464 kB
KernelStack:       10016 kB
PageTables:         2456 kB
NFS_Unstable:          0 kB
Bounce:                0 kB
WritebackTmp:          0 kB
CommitLimit:    34716468 kB
Committed_AS:     790616 kB
VmallocTotal:   34359738367 kB
VmallocUsed:       38968 kB
VmallocChunk:          0 kB
Percpu:           116928 kB
HardwareCorrupted:     0 kB
AnonHugePages:         0 kB
ShmemHugePages:        0 kB
ShmemPmdMapped:        0 kB
FileHugePages:         0 kB
FilePmdMapped:         0 kB
HugePages_Total:       0
HugePages_Free:        0
HugePages_Rsvd:        0
HugePages_Surp:        0
Hugepagesize:       2048 kB
Hugetlb:               0 kB
DirectMap4k:     2661184 kB
DirectMap2M:     5314560 kB
DirectMap1G:    58720256 kB

