MemTotal:       65439348 kB
MemFree:        63828652 kB
MemAvailable:   63879740 kB
Buffers:           51304 kB
Cached:           570100 kB
SwapCached:            0 kB
Active:           198580 kB
Inactive:         483320 kB
Active(anon):       3244 kB
Inactive(anon):    72740 kB
Active(file):     195336 kB
Inactive(file):   410580 kB
Unevictable:       19496 kB
Mlocked:           19496 kB
SwapTotal:       1996796 kB
SwapFree:        1996796 kB
Dirty:               160 kB
Writeback:             0 kB
AnonPages:         80112 kB
Mapped:            84148 kB
Shmem:              6376 kB
KReclaimable:      82964 kB
Slab:             315712 kB
SReclaimable:      82964 kB
SUnreclaim:       232748 kB
KernelStack:       10096 kB
PageTables:         2436 kB
NFS_Unstable:          0 kB
Bounce:                0 kB
WritebackTmp:          0 kB
CommitLimit:    34716468 kB
Committed_AS:     808036 kB
VmallocTotal:   34359738367 kB
VmallocUsed:       42292 kB
VmallocChunk:          0 kB
Percpu:           196608 kB
HardwareCorrupted:     0 kB
AnonHugePages:         0 kB
ShmemHugePages:        0 kB
ShmemPmdMapped:        0 kB
FileHugePages:         0 kB
FilePmdMapped:         0 kB
HugePages_Total:       0
HugePages_Free:        0
HugePages_Rsvd:        0
HugePages_Surp:        0
Hugepagesize:       2048 kB
Hugetlb:               0 kB
DirectMap4k:     2767680 kB
DirectMap2M:     5208064 kB
DirectMap1G:    58720256 kB

