MemTotal:       65439348 kB
MemFree:        64290976 kB
MemAvailable:   64006612 kB
Buffers:           35448 kB
Cached:           259000 kB
SwapCached:            0 kB
Active:           128268 kB
Inactive:         227240 kB
Active(anon):       3216 kB
Inactive(anon):    73320 kB
Active(file):     125052 kB
Inactive(file):   153920 kB
Unevictable:       19496 kB
Mlocked:           19496 kB
SwapTotal:       1996796 kB
SwapFree:        1996796 kB
Dirty:               856 kB
Writeback:             0 kB
AnonPages:         80664 kB
Mapped:            75208 kB
Shmem:              6376 kB
KReclaimable:      65952 kB
Slab:             287976 kB
SReclaimable:      65952 kB
SUnreclaim:       222024 kB
KernelStack:       10064 kB
PageTables:         2420 kB
NFS_Unstable:          0 kB
Bounce:                0 kB
WritebackTmp:          0 kB
CommitLimit:    34716468 kB
Committed_AS:     790356 kB
VmallocTotal:   34359738367 kB
VmallocUsed:       38404 kB
VmallocChunk:          0 kB
Percpu:            96576 kB
HardwareCorrupted:     0 kB
AnonHugePages:         0 kB
ShmemHugePages:        0 kB
ShmemPmdMapped:        0 kB
FileHugePages:         0 kB
FilePmdMapped:         0 kB
HugePages_Total:       0
HugePages_Free:        0
HugePages_Rsvd:        0
HugePages_Surp:        0
Hugepagesize:       2048 kB
Hugetlb:               0 kB
DirectMap4k:     2245440 kB
DirectMap2M:     5730304 kB
DirectMap1G:    58720256 kB

