MemTotal:       65439348 kB
MemFree:        64289736 kB
MemAvailable:   64005408 kB
Buffers:           35456 kB
Cached:           259036 kB
SwapCached:            0 kB
Active:           128272 kB
Inactive:         227096 kB
Active(anon):       3220 kB
Inactive(anon):    73140 kB
Active(file):     125052 kB
Inactive(file):   153956 kB
Unevictable:       19496 kB
Mlocked:           19496 kB
SwapTotal:       1996796 kB
SwapFree:        1996796 kB
Dirty:               184 kB
Writeback:            12 kB
AnonPages:         80432 kB
Mapped:            75096 kB
Shmem:              6376 kB
KReclaimable:      65952 kB
Slab:             288000 kB
SReclaimable:      65952 kB
SUnreclaim:       222048 kB
KernelStack:       10000 kB
PageTables:         2384 kB
NFS_Unstable:          0 kB
Bounce:                0 kB
WritebackTmp:          0 kB
CommitLimit:    34716468 kB
Committed_AS:     790612 kB
VmallocTotal:   34359738367 kB
VmallocUsed:       38468 kB
VmallocChunk:          0 kB
Percpu:            96576 kB
HardwareCorrupted:     0 kB
AnonHugePages:         0 kB
ShmemHugePages:        0 kB
ShmemPmdMapped:        0 kB
FileHugePages:         0 kB
FilePmdMapped:         0 kB
HugePages_Total:       0
HugePages_Free:        0
HugePages_Rsvd:        0
HugePages_Surp:        0
Hugepagesize:       2048 kB
Hugetlb:               0 kB
DirectMap4k:     2247488 kB
DirectMap2M:     5728256 kB
DirectMap1G:    58720256 kB

