MemTotal:       65439348 kB
MemFree:        63906992 kB
MemAvailable:   63919384 kB
Buffers:           46696 kB
Cached:           538260 kB
SwapCached:            0 kB
Active:           155004 kB
Inactive:         490732 kB
Active(anon):       3240 kB
Inactive(anon):    73016 kB
Active(file):     151764 kB
Inactive(file):   417716 kB
Unevictable:       19496 kB
Mlocked:           19496 kB
SwapTotal:       1996796 kB
SwapFree:        1996796 kB
Dirty:               700 kB
Writeback:             0 kB
AnonPages:         80436 kB
Mapped:            81812 kB
Shmem:              6376 kB
KReclaimable:      78448 kB
Slab:             308888 kB
SReclaimable:      78448 kB
SUnreclaim:       230440 kB
KernelStack:       10016 kB
PageTables:         2452 kB
NFS_Unstable:          0 kB
Bounce:                0 kB
WritebackTmp:          0 kB
CommitLimit:    34716468 kB
Committed_AS:     799200 kB
VmallocTotal:   34359738367 kB
VmallocUsed:       41244 kB
VmallocChunk:          0 kB
Percpu:           163968 kB
HardwareCorrupted:     0 kB
AnonHugePages:         0 kB
ShmemHugePages:        0 kB
ShmemPmdMapped:        0 kB
FileHugePages:         0 kB
FilePmdMapped:         0 kB
HugePages_Total:       0
HugePages_Free:        0
HugePages_Rsvd:        0
HugePages_Surp:        0
Hugepagesize:       2048 kB
Hugetlb:               0 kB
DirectMap4k:     2726720 kB
DirectMap2M:     5249024 kB
DirectMap1G:    58720256 kB

