MemTotal:       65439348 kB
MemFree:        63732892 kB
MemAvailable:   63827952 kB
Buffers:           56848 kB
Cached:           606156 kB
SwapCached:            0 kB
Active:           204808 kB
Inactive:         524076 kB
Active(anon):       3244 kB
Inactive(anon):    78128 kB
Active(file):     201564 kB
Inactive(file):   445948 kB
Unevictable:       19496 kB
Mlocked:           19496 kB
SwapTotal:       1996796 kB
SwapFree:        1996796 kB
Dirty:                48 kB
Writeback:             0 kB
AnonPages:         85460 kB
Mapped:            96728 kB
Shmem:              6380 kB
KReclaimable:      87720 kB
Slab:             324688 kB
SReclaimable:      87720 kB
SUnreclaim:       236968 kB
KernelStack:       10016 kB
PageTables:         2616 kB
NFS_Unstable:          0 kB
Bounce:                0 kB
WritebackTmp:          0 kB
CommitLimit:    34716468 kB
Committed_AS:     854424 kB
VmallocTotal:   34359738367 kB
VmallocUsed:       44476 kB
VmallocChunk:          0 kB
Percpu:           235776 kB
HardwareCorrupted:     0 kB
AnonHugePages:         0 kB
ShmemHugePages:        0 kB
ShmemPmdMapped:        0 kB
FileHugePages:         0 kB
FilePmdMapped:         0 kB
HugePages_Total:       0
HugePages_Free:        0
HugePages_Rsvd:        0
HugePages_Surp:        0
Hugepagesize:       2048 kB
Hugetlb:               0 kB
DirectMap4k:     2812736 kB
DirectMap2M:     5163008 kB
DirectMap1G:    58720256 kB

