MemTotal:       65439348 kB
MemFree:        63899708 kB
MemAvailable:   63915112 kB
Buffers:           47064 kB
Cached:           540736 kB
SwapCached:            0 kB
Active:           155388 kB
Inactive:         494084 kB
Active(anon):       3256 kB
Inactive(anon):    73892 kB
Active(file):     152132 kB
Inactive(file):   420192 kB
Unevictable:       19496 kB
Mlocked:           19496 kB
SwapTotal:       1996796 kB
SwapFree:        1996796 kB
Dirty:               744 kB
Writeback:             0 kB
AnonPages:         81716 kB
Mapped:            82412 kB
Shmem:              6376 kB
KReclaimable:      78784 kB
Slab:             309508 kB
SReclaimable:      78784 kB
SUnreclaim:       230724 kB
KernelStack:       10096 kB
PageTables:         2516 kB
NFS_Unstable:          0 kB
Bounce:                0 kB
WritebackTmp:          0 kB
CommitLimit:    34716468 kB
Committed_AS:     799204 kB
VmallocTotal:   34359738367 kB
VmallocUsed:       41260 kB
VmallocChunk:          0 kB
Percpu:           167040 kB
HardwareCorrupted:     0 kB
AnonHugePages:         0 kB
ShmemHugePages:        0 kB
ShmemPmdMapped:        0 kB
FileHugePages:         0 kB
FilePmdMapped:         0 kB
HugePages_Total:       0
HugePages_Free:        0
HugePages_Rsvd:        0
HugePages_Surp:        0
Hugepagesize:       2048 kB
Hugetlb:               0 kB
DirectMap4k:     2730816 kB
DirectMap2M:     5244928 kB
DirectMap1G:    58720256 kB

