MemTotal:       65439348 kB
MemFree:        63742936 kB
MemAvailable:   63831248 kB
Buffers:           55988 kB
Cached:           600644 kB
SwapCached:            0 kB
Active:           203972 kB
Inactive:         519756 kB
Active(anon):       3256 kB
Inactive(anon):    79320 kB
Active(file):     200716 kB
Inactive(file):   440436 kB
Unevictable:       19496 kB
Mlocked:           19496 kB
SwapTotal:       1996796 kB
SwapFree:        1996796 kB
Dirty:                84 kB
Writeback:             0 kB
AnonPages:         86764 kB
Mapped:            96252 kB
Shmem:              6380 kB
KReclaimable:      86944 kB
Slab:             323480 kB
SReclaimable:      86944 kB
SUnreclaim:       236536 kB
KernelStack:       10304 kB
PageTables:         2900 kB
NFS_Unstable:          0 kB
Bounce:                0 kB
WritebackTmp:          0 kB
CommitLimit:    34716468 kB
Committed_AS:     854040 kB
VmallocTotal:   34359738367 kB
VmallocUsed:       43976 kB
VmallocChunk:          0 kB
Percpu:           229824 kB
HardwareCorrupted:     0 kB
AnonHugePages:         0 kB
ShmemHugePages:        0 kB
ShmemPmdMapped:        0 kB
FileHugePages:         0 kB
FilePmdMapped:         0 kB
HugePages_Total:       0
HugePages_Free:        0
HugePages_Rsvd:        0
HugePages_Surp:        0
Hugepagesize:       2048 kB
Hugetlb:               0 kB
DirectMap4k:     2806592 kB
DirectMap2M:     5169152 kB
DirectMap1G:    58720256 kB

