MemTotal:       65439348 kB
MemFree:        63765408 kB
MemAvailable:   63845832 kB
Buffers:           54912 kB
Cached:           594268 kB
SwapCached:            0 kB
Active:           202856 kB
Inactive:         512836 kB
Active(anon):       3244 kB
Inactive(anon):    78780 kB
Active(file):     199612 kB
Inactive(file):   434056 kB
Unevictable:       19496 kB
Mlocked:           19496 kB
SwapTotal:       1996796 kB
SwapFree:        1996796 kB
Dirty:               628 kB
Writeback:             0 kB
AnonPages:         86000 kB
Mapped:            95860 kB
Shmem:              6384 kB
KReclaimable:      86132 kB
Slab:             321596 kB
SReclaimable:      86132 kB
SUnreclaim:       235464 kB
KernelStack:        9984 kB
PageTables:         2400 kB
NFS_Unstable:          0 kB
Bounce:                0 kB
WritebackTmp:          0 kB
CommitLimit:    34716468 kB
Committed_AS:     854040 kB
VmallocTotal:   34359738367 kB
VmallocUsed:       43944 kB
VmallocChunk:          0 kB
Percpu:           223104 kB
HardwareCorrupted:     0 kB
AnonHugePages:         0 kB
ShmemHugePages:        0 kB
ShmemPmdMapped:        0 kB
FileHugePages:         0 kB
FilePmdMapped:         0 kB
HugePages_Total:       0
HugePages_Free:        0
HugePages_Rsvd:        0
HugePages_Surp:        0
Hugepagesize:       2048 kB
Hugetlb:               0 kB
DirectMap4k:     2796352 kB
DirectMap2M:     5179392 kB
DirectMap1G:    58720256 kB

