MemTotal:       65439348 kB
MemFree:        63791752 kB
MemAvailable:   63860112 kB
Buffers:           53240 kB
Cached:           584464 kB
SwapCached:            0 kB
Active:           200512 kB
Inactive:         498000 kB
Active(anon):       3240 kB
Inactive(anon):    73052 kB
Active(file):     197272 kB
Inactive(file):   424948 kB
Unevictable:       19496 kB
Mlocked:           19496 kB
SwapTotal:       1996796 kB
SwapFree:        1996796 kB
Dirty:               172 kB
Writeback:             0 kB
AnonPages:         80420 kB
Mapped:            85472 kB
Shmem:              6376 kB
KReclaimable:      84904 kB
Slab:             319336 kB
SReclaimable:      84904 kB
SUnreclaim:       234432 kB
KernelStack:       10064 kB
PageTables:         2452 kB
NFS_Unstable:          0 kB
Bounce:                0 kB
WritebackTmp:          0 kB
CommitLimit:    34716468 kB
Committed_AS:     808036 kB
VmallocTotal:   34359738367 kB
VmallocUsed:       43356 kB
VmallocChunk:          0 kB
Percpu:           212160 kB
HardwareCorrupted:     0 kB
AnonHugePages:         0 kB
ShmemHugePages:        0 kB
ShmemPmdMapped:        0 kB
FileHugePages:         0 kB
FilePmdMapped:         0 kB
HugePages_Total:       0
HugePages_Free:        0
HugePages_Rsvd:        0
HugePages_Surp:        0
Hugepagesize:       2048 kB
Hugetlb:               0 kB
DirectMap4k:     2784064 kB
DirectMap2M:     5191680 kB
DirectMap1G:    58720256 kB

