MemTotal:       65439348 kB
MemFree:        64312584 kB
MemAvailable:   64012452 kB
Buffers:           31872 kB
Cached:           251540 kB
SwapCached:            0 kB
Active:           123032 kB
Inactive:         222000 kB
Active(anon):       3224 kB
Inactive(anon):    73872 kB
Active(file):     119808 kB
Inactive(file):   148128 kB
Unevictable:       19496 kB
Mlocked:           19496 kB
SwapTotal:       1996796 kB
SwapFree:        1996796 kB
Dirty:               708 kB
Writeback:             0 kB
AnonPages:         80640 kB
Mapped:            75184 kB
Shmem:              6376 kB
KReclaimable:      56488 kB
Slab:             277528 kB
SReclaimable:      56488 kB
SUnreclaim:       221040 kB
KernelStack:       10160 kB
PageTables:         2552 kB
NFS_Unstable:          0 kB
Bounce:                0 kB
WritebackTmp:          0 kB
CommitLimit:    34716468 kB
Committed_AS:     790352 kB
VmallocTotal:   34359738367 kB
VmallocUsed:       38452 kB
VmallocChunk:          0 kB
Percpu:            96576 kB
HardwareCorrupted:     0 kB
AnonHugePages:         0 kB
ShmemHugePages:        0 kB
ShmemPmdMapped:        0 kB
FileHugePages:         0 kB
FilePmdMapped:         0 kB
HugePages_Total:       0
HugePages_Free:        0
HugePages_Rsvd:        0
HugePages_Surp:        0
Hugepagesize:       2048 kB
Hugetlb:               0 kB
DirectMap4k:     2161472 kB
DirectMap2M:     5814272 kB
DirectMap1G:    58720256 kB

