MemTotal:       65439348 kB
MemFree:        63829400 kB
MemAvailable:   63882300 kB
Buffers:           51532 kB
Cached:           571564 kB
SwapCached:            0 kB
Active:           198800 kB
Inactive:         486404 kB
Active(anon):       3236 kB
Inactive(anon):    74352 kB
Active(file):     195564 kB
Inactive(file):   412052 kB
Unevictable:       19496 kB
Mlocked:           19496 kB
SwapTotal:       1996796 kB
SwapFree:        1996796 kB
Dirty:               720 kB
Writeback:             0 kB
AnonPages:         81688 kB
Mapped:            84892 kB
Shmem:              6372 kB
KReclaimable:      83192 kB
Slab:             315652 kB
SReclaimable:      83192 kB
SUnreclaim:       232460 kB
KernelStack:       10016 kB
PageTables:         2464 kB
NFS_Unstable:          0 kB
Bounce:                0 kB
WritebackTmp:          0 kB
CommitLimit:    34716468 kB
Committed_AS:     807648 kB
VmallocTotal:   34359738367 kB
VmallocUsed:       42600 kB
VmallocChunk:          0 kB
Percpu:           198336 kB
HardwareCorrupted:     0 kB
AnonHugePages:         0 kB
ShmemHugePages:        0 kB
ShmemPmdMapped:        0 kB
FileHugePages:         0 kB
FilePmdMapped:         0 kB
HugePages_Total:       0
HugePages_Free:        0
HugePages_Rsvd:        0
HugePages_Surp:        0
Hugepagesize:       2048 kB
Hugetlb:               0 kB
DirectMap4k:     2767680 kB
DirectMap2M:     5208064 kB
DirectMap1G:    58720256 kB

