MemTotal:       65439348 kB
MemFree:        63894664 kB
MemAvailable:   63894920 kB
Buffers:           45220 kB
Cached:           528228 kB
SwapCached:            0 kB
Active:           152308 kB
Inactive:         521596 kB
Active(anon):       3276 kB
Inactive(anon):   112664 kB
Active(file):     149032 kB
Inactive(file):   408932 kB
Unevictable:       19496 kB
Mlocked:           19496 kB
SwapTotal:       1996796 kB
SwapFree:        1996796 kB
Dirty:               636 kB
Writeback:             0 kB
AnonPages:        119628 kB
Mapped:           121992 kB
Shmem:              6384 kB
KReclaimable:      77204 kB
Slab:             306572 kB
SReclaimable:      77204 kB
SUnreclaim:       229368 kB
KernelStack:       10320 kB
PageTables:         3464 kB
NFS_Unstable:          0 kB
Bounce:                0 kB
WritebackTmp:          0 kB
CommitLimit:    34716468 kB
Committed_AS:     888580 kB
VmallocTotal:   34359738367 kB
VmallocUsed:       40692 kB
VmallocChunk:          0 kB
Percpu:           153216 kB
HardwareCorrupted:     0 kB
AnonHugePages:         0 kB
ShmemHugePages:        0 kB
ShmemPmdMapped:        0 kB
FileHugePages:         0 kB
FilePmdMapped:         0 kB
HugePages_Total:       0
HugePages_Free:        0
HugePages_Rsvd:        0
HugePages_Surp:        0
Hugepagesize:       2048 kB
Hugetlb:               0 kB
DirectMap4k:     2714432 kB
DirectMap2M:     5261312 kB
DirectMap1G:    58720256 kB

