MemTotal:       65439348 kB
MemFree:        64237456 kB
MemAvailable:   63985576 kB
Buffers:           39324 kB
Cached:           285980 kB
SwapCached:            0 kB
Active:           133040 kB
Inactive:         252772 kB
Active(anon):       3220 kB
Inactive(anon):    72772 kB
Active(file):     129820 kB
Inactive(file):   180000 kB
Unevictable:       19496 kB
Mlocked:           19496 kB
SwapTotal:       1996796 kB
SwapFree:        1996796 kB
Dirty:               740 kB
Writeback:             0 kB
AnonPages:         80064 kB
Mapped:            77484 kB
Shmem:              6376 kB
KReclaimable:      69220 kB
Slab:             293904 kB
SReclaimable:      69220 kB
SUnreclaim:       224684 kB
KernelStack:       10048 kB
PageTables:         2460 kB
NFS_Unstable:          0 kB
Bounce:                0 kB
WritebackTmp:          0 kB
CommitLimit:    34716468 kB
Committed_AS:     790756 kB
VmallocTotal:   34359738367 kB
VmallocUsed:       39000 kB
VmallocChunk:          0 kB
Percpu:           113472 kB
HardwareCorrupted:     0 kB
AnonHugePages:         0 kB
ShmemHugePages:        0 kB
ShmemPmdMapped:        0 kB
FileHugePages:         0 kB
FilePmdMapped:         0 kB
HugePages_Total:       0
HugePages_Free:        0
HugePages_Rsvd:        0
HugePages_Surp:        0
Hugepagesize:       2048 kB
Hugetlb:               0 kB
DirectMap4k:     2659136 kB
DirectMap2M:     5316608 kB
DirectMap1G:    58720256 kB

