MemTotal:       65439348 kB
MemFree:        64312716 kB
MemAvailable:   64014356 kB
Buffers:           32128 kB
Cached:           253024 kB
SwapCached:            0 kB
Active:           123264 kB
Inactive:         221852 kB
Active(anon):       3216 kB
Inactive(anon):    72248 kB
Active(file):     120048 kB
Inactive(file):   149604 kB
Unevictable:       19496 kB
Mlocked:           19496 kB
SwapTotal:       1996796 kB
SwapFree:        1996796 kB
Dirty:                 0 kB
Writeback:             0 kB
AnonPages:         79556 kB
Mapped:            74852 kB
Shmem:              6376 kB
KReclaimable:      56600 kB
Slab:             278020 kB
SReclaimable:      56600 kB
SUnreclaim:       221420 kB
KernelStack:        9920 kB
PageTables:         2396 kB
NFS_Unstable:          0 kB
Bounce:                0 kB
WritebackTmp:          0 kB
CommitLimit:    34716468 kB
Committed_AS:     790612 kB
VmallocTotal:   34359738367 kB
VmallocUsed:       38436 kB
VmallocChunk:          0 kB
Percpu:            96576 kB
HardwareCorrupted:     0 kB
AnonHugePages:         0 kB
ShmemHugePages:        0 kB
ShmemPmdMapped:        0 kB
FileHugePages:         0 kB
FilePmdMapped:         0 kB
HugePages_Total:       0
HugePages_Free:        0
HugePages_Rsvd:        0
HugePages_Surp:        0
Hugepagesize:       2048 kB
Hugetlb:               0 kB
DirectMap4k:     2190144 kB
DirectMap2M:     5785600 kB
DirectMap1G:    58720256 kB

