MemTotal:       65439348 kB
MemFree:        63735096 kB
MemAvailable:   63828776 kB
Buffers:           56620 kB
Cached:           605080 kB
SwapCached:            0 kB
Active:           204572 kB
Inactive:         523280 kB
Active(anon):       3248 kB
Inactive(anon):    78392 kB
Active(file):     201324 kB
Inactive(file):   444888 kB
Unevictable:       19496 kB
Mlocked:           19496 kB
SwapTotal:       1996796 kB
SwapFree:        1996796 kB
Dirty:               300 kB
Writeback:             0 kB
AnonPages:         85748 kB
Mapped:            96636 kB
Shmem:              6380 kB
KReclaimable:      87560 kB
Slab:             325516 kB
SReclaimable:      87560 kB
SUnreclaim:       237956 kB
KernelStack:       10160 kB
PageTables:         2620 kB
NFS_Unstable:          0 kB
Bounce:                0 kB
WritebackTmp:          0 kB
CommitLimit:    34716468 kB
Committed_AS:     854428 kB
VmallocTotal:   34359738367 kB
VmallocUsed:       44056 kB
VmallocChunk:          0 kB
Percpu:           234624 kB
HardwareCorrupted:     0 kB
AnonHugePages:         0 kB
ShmemHugePages:        0 kB
ShmemPmdMapped:        0 kB
FileHugePages:         0 kB
FilePmdMapped:         0 kB
HugePages_Total:       0
HugePages_Free:        0
HugePages_Rsvd:        0
HugePages_Surp:        0
Hugepagesize:       2048 kB
Hugetlb:               0 kB
DirectMap4k:     2812736 kB
DirectMap2M:     5163008 kB
DirectMap1G:    58720256 kB

