MemTotal:       65439348 kB
MemFree:        63767484 kB
MemAvailable:   63844160 kB
Buffers:           54444 kB
Cached:           591104 kB
SwapCached:            0 kB
Active:           202396 kB
Inactive:         509664 kB
Active(anon):       3240 kB
Inactive(anon):    78768 kB
Active(file):     199156 kB
Inactive(file):   430896 kB
Unevictable:       19496 kB
Mlocked:           19496 kB
SwapTotal:       1996796 kB
SwapFree:        1996796 kB
Dirty:               704 kB
Writeback:             0 kB
AnonPages:         86304 kB
Mapped:            95672 kB
Shmem:              6380 kB
KReclaimable:      85868 kB
Slab:             321684 kB
SReclaimable:      85868 kB
SUnreclaim:       235816 kB
KernelStack:       10144 kB
PageTables:         2716 kB
NFS_Unstable:          0 kB
Bounce:                0 kB
WritebackTmp:          0 kB
CommitLimit:    34716468 kB
Committed_AS:     854040 kB
VmallocTotal:   34359738367 kB
VmallocUsed:       43572 kB
VmallocChunk:          0 kB
Percpu:           220224 kB
HardwareCorrupted:     0 kB
AnonHugePages:         0 kB
ShmemHugePages:        0 kB
ShmemPmdMapped:        0 kB
FileHugePages:         0 kB
FilePmdMapped:         0 kB
HugePages_Total:       0
HugePages_Free:        0
HugePages_Rsvd:        0
HugePages_Surp:        0
Hugepagesize:       2048 kB
Hugetlb:               0 kB
DirectMap4k:     2794304 kB
DirectMap2M:     5181440 kB
DirectMap1G:    58720256 kB

