MemTotal:       65439348 kB
MemFree:        63890896 kB
MemAvailable:   63910924 kB
Buffers:           47580 kB
Cached:           544640 kB
SwapCached:            0 kB
Active:           155876 kB
Inactive:         498496 kB
Active(anon):       3244 kB
Inactive(anon):    74404 kB
Active(file):     152632 kB
Inactive(file):   424092 kB
Unevictable:       19496 kB
Mlocked:           19496 kB
SwapTotal:       1996796 kB
SwapFree:        1996796 kB
Dirty:               644 kB
Writeback:             0 kB
AnonPages:         81684 kB
Mapped:            82328 kB
Shmem:              6380 kB
KReclaimable:      79228 kB
Slab:             308572 kB
SReclaimable:      79228 kB
SUnreclaim:       229344 kB
KernelStack:       10128 kB
PageTables:         2644 kB
NFS_Unstable:          0 kB
Bounce:                0 kB
WritebackTmp:          0 kB
CommitLimit:    34716468 kB
Committed_AS:     799204 kB
VmallocTotal:   34359738367 kB
VmallocUsed:       41696 kB
VmallocChunk:          0 kB
Percpu:           171264 kB
HardwareCorrupted:     0 kB
AnonHugePages:         0 kB
ShmemHugePages:        0 kB
ShmemPmdMapped:        0 kB
FileHugePages:         0 kB
FilePmdMapped:         0 kB
HugePages_Total:       0
HugePages_Free:        0
HugePages_Rsvd:        0
HugePages_Surp:        0
Hugepagesize:       2048 kB
Hugetlb:               0 kB
DirectMap4k:     2734912 kB
DirectMap2M:     5240832 kB
DirectMap1G:    58720256 kB

