MemTotal:       65439348 kB
MemFree:        63717188 kB
MemAvailable:   63820424 kB
Buffers:           57768 kB
Cached:           612960 kB
SwapCached:            0 kB
Active:           205720 kB
Inactive:         532120 kB
Active(anon):       3248 kB
Inactive(anon):    79372 kB
Active(file):     202472 kB
Inactive(file):   452748 kB
Unevictable:       19496 kB
Mlocked:           19496 kB
SwapTotal:       1996796 kB
SwapFree:        1996796 kB
Dirty:               912 kB
Writeback:             0 kB
AnonPages:         86548 kB
Mapped:            97440 kB
Shmem:              6384 kB
KReclaimable:      88652 kB
Slab:             326376 kB
SReclaimable:      88652 kB
SUnreclaim:       237724 kB
KernelStack:       10128 kB
PageTables:         2308 kB
NFS_Unstable:          0 kB
Bounce:                0 kB
WritebackTmp:          0 kB
CommitLimit:    34716468 kB
Committed_AS:     854036 kB
VmallocTotal:   34359738367 kB
VmallocUsed:       44476 kB
VmallocChunk:          0 kB
Percpu:           243648 kB
HardwareCorrupted:     0 kB
AnonHugePages:         0 kB
ShmemHugePages:        0 kB
ShmemPmdMapped:        0 kB
FileHugePages:         0 kB
FilePmdMapped:         0 kB
HugePages_Total:       0
HugePages_Free:        0
HugePages_Rsvd:        0
HugePages_Surp:        0
Hugepagesize:       2048 kB
Hugetlb:               0 kB
DirectMap4k:     2818880 kB
DirectMap2M:     5156864 kB
DirectMap1G:    58720256 kB

