MemTotal:       65439348 kB
MemFree:        64083968 kB
MemAvailable:   63928184 kB
Buffers:           44992 kB
Cached:           373716 kB
SwapCached:            0 kB
Active:           142672 kB
Inactive:         346188 kB
Active(anon):       3264 kB
Inactive(anon):    82380 kB
Active(file):     139408 kB
Inactive(file):   263808 kB
Unevictable:       19496 kB
Mlocked:           19496 kB
SwapTotal:       1996796 kB
SwapFree:        1996796 kB
Dirty:               848 kB
Writeback:             0 kB
AnonPages:         89716 kB
Mapped:            91740 kB
Shmem:              6384 kB
KReclaimable:      74620 kB
Slab:             303116 kB
SReclaimable:      74620 kB
SUnreclaim:       228496 kB
KernelStack:       10224 kB
PageTables:         2844 kB
NFS_Unstable:          0 kB
Bounce:                0 kB
WritebackTmp:          0 kB
CommitLimit:    34716468 kB
Committed_AS:     843460 kB
VmallocTotal:   34359738367 kB
VmallocUsed:       40860 kB
VmallocChunk:          0 kB
Percpu:           151488 kB
HardwareCorrupted:     0 kB
AnonHugePages:         0 kB
ShmemHugePages:        0 kB
ShmemPmdMapped:        0 kB
FileHugePages:         0 kB
FilePmdMapped:         0 kB
HugePages_Total:       0
HugePages_Free:        0
HugePages_Rsvd:        0
HugePages_Surp:        0
Hugepagesize:       2048 kB
Hugetlb:               0 kB
DirectMap4k:     2712384 kB
DirectMap2M:     5263360 kB
DirectMap1G:    58720256 kB

