MemTotal:       65439348 kB
MemFree:        63813672 kB
MemAvailable:   63872696 kB
Buffers:           52224 kB
Cached:           576700 kB
SwapCached:            0 kB
Active:           199488 kB
Inactive:         491244 kB
Active(anon):       3248 kB
Inactive(anon):    74092 kB
Active(file):     196240 kB
Inactive(file):   417152 kB
Unevictable:       19496 kB
Mlocked:           19496 kB
SwapTotal:       1996796 kB
SwapFree:        1996796 kB
Dirty:               828 kB
Writeback:             0 kB
AnonPages:         81928 kB
Mapped:            85376 kB
Shmem:              6376 kB
KReclaimable:      83888 kB
Slab:             318472 kB
SReclaimable:      83888 kB
SUnreclaim:       234584 kB
KernelStack:       10224 kB
PageTables:         2484 kB
NFS_Unstable:          0 kB
Bounce:                0 kB
WritebackTmp:          0 kB
CommitLimit:    34716468 kB
Committed_AS:     807648 kB
VmallocTotal:   34359738367 kB
VmallocUsed:       42792 kB
VmallocChunk:          0 kB
Percpu:           203712 kB
HardwareCorrupted:     0 kB
AnonHugePages:         0 kB
ShmemHugePages:        0 kB
ShmemPmdMapped:        0 kB
FileHugePages:         0 kB
FilePmdMapped:         0 kB
HugePages_Total:       0
HugePages_Free:        0
HugePages_Rsvd:        0
HugePages_Surp:        0
Hugepagesize:       2048 kB
Hugetlb:               0 kB
DirectMap4k:     2773824 kB
DirectMap2M:     5201920 kB
DirectMap1G:    58720256 kB

