MemTotal:       65439348 kB
MemFree:        63790848 kB
MemAvailable:   63860776 kB
Buffers:           53432 kB
Cached:           585760 kB
SwapCached:            0 kB
Active:           200700 kB
Inactive:         499092 kB
Active(anon):       3244 kB
Inactive(anon):    72848 kB
Active(file):     197456 kB
Inactive(file):   426244 kB
Unevictable:       19496 kB
Mlocked:           19496 kB
SwapTotal:       1996796 kB
SwapFree:        1996796 kB
Dirty:               760 kB
Writeback:             0 kB
AnonPages:         80204 kB
Mapped:            85560 kB
Shmem:              6376 kB
KReclaimable:      85076 kB
Slab:             319540 kB
SReclaimable:      85076 kB
SUnreclaim:       234464 kB
KernelStack:       10064 kB
PageTables:         2464 kB
NFS_Unstable:          0 kB
Bounce:                0 kB
WritebackTmp:          0 kB
CommitLimit:    34716468 kB
Committed_AS:     808044 kB
VmallocTotal:   34359738367 kB
VmallocUsed:       43276 kB
VmallocChunk:          0 kB
Percpu:           214080 kB
HardwareCorrupted:     0 kB
AnonHugePages:         0 kB
ShmemHugePages:        0 kB
ShmemPmdMapped:        0 kB
FileHugePages:         0 kB
FilePmdMapped:         0 kB
HugePages_Total:       0
HugePages_Free:        0
HugePages_Rsvd:        0
HugePages_Surp:        0
Hugepagesize:       2048 kB
Hugetlb:               0 kB
DirectMap4k:     2786112 kB
DirectMap2M:     5189632 kB
DirectMap1G:    58720256 kB

