MemTotal:       65439348 kB
MemFree:        64298076 kB
MemAvailable:   64010908 kB
Buffers:           35088 kB
Cached:           256704 kB
SwapCached:            0 kB
Active:           127900 kB
Inactive:         224208 kB
Active(anon):       3216 kB
Inactive(anon):    72584 kB
Active(file):     124684 kB
Inactive(file):   151624 kB
Unevictable:       19496 kB
Mlocked:           19496 kB
SwapTotal:       1996796 kB
SwapFree:        1996796 kB
Dirty:               180 kB
Writeback:             0 kB
AnonPages:         79880 kB
Mapped:            74884 kB
Shmem:              6376 kB
KReclaimable:      65672 kB
Slab:             287132 kB
SReclaimable:      65672 kB
SUnreclaim:       221460 kB
KernelStack:       10000 kB
PageTables:         2384 kB
NFS_Unstable:          0 kB
Bounce:                0 kB
WritebackTmp:          0 kB
CommitLimit:    34716468 kB
Committed_AS:     790608 kB
VmallocTotal:   34359738367 kB
VmallocUsed:       38436 kB
VmallocChunk:          0 kB
Percpu:            96576 kB
HardwareCorrupted:     0 kB
AnonHugePages:         0 kB
ShmemHugePages:        0 kB
ShmemPmdMapped:        0 kB
FileHugePages:         0 kB
FilePmdMapped:         0 kB
HugePages_Total:       0
HugePages_Free:        0
HugePages_Rsvd:        0
HugePages_Surp:        0
Hugepagesize:       2048 kB
Hugetlb:               0 kB
DirectMap4k:     2204480 kB
DirectMap2M:     5771264 kB
DirectMap1G:    58720256 kB

