MemTotal:       65439348 kB
MemFree:        63734116 kB
MemAvailable:   63828984 kB
Buffers:           56816 kB
Cached:           606036 kB
SwapCached:            0 kB
Active:           204736 kB
Inactive:         523944 kB
Active(anon):       3248 kB
Inactive(anon):    78112 kB
Active(file):     201488 kB
Inactive(file):   445832 kB
Unevictable:       19496 kB
Mlocked:           19496 kB
SwapTotal:       1996796 kB
SwapFree:        1996796 kB
Dirty:                 0 kB
Writeback:             0 kB
AnonPages:         85456 kB
Mapped:            96672 kB
Shmem:              6380 kB
KReclaimable:      87720 kB
Slab:             325008 kB
SReclaimable:      87720 kB
SUnreclaim:       237288 kB
KernelStack:       10016 kB
PageTables:         2612 kB
NFS_Unstable:          0 kB
Bounce:                0 kB
WritebackTmp:          0 kB
CommitLimit:    34716468 kB
Committed_AS:     854424 kB
VmallocTotal:   34359738367 kB
VmallocUsed:       44396 kB
VmallocChunk:          0 kB
Percpu:           235776 kB
HardwareCorrupted:     0 kB
AnonHugePages:         0 kB
ShmemHugePages:        0 kB
ShmemPmdMapped:        0 kB
FileHugePages:         0 kB
FilePmdMapped:         0 kB
HugePages_Total:       0
HugePages_Free:        0
HugePages_Rsvd:        0
HugePages_Surp:        0
Hugepagesize:       2048 kB
Hugetlb:               0 kB
DirectMap4k:     2812736 kB
DirectMap2M:     5163008 kB
DirectMap1G:    58720256 kB

