MemTotal:       65439348 kB
MemFree:        63805160 kB
MemAvailable:   63869048 kB
Buffers:           52752 kB
Cached:           580680 kB
SwapCached:            0 kB
Active:           200032 kB
Inactive:         493984 kB
Active(anon):       3244 kB
Inactive(anon):    72820 kB
Active(file):     196788 kB
Inactive(file):   421164 kB
Unevictable:       19496 kB
Mlocked:           19496 kB
SwapTotal:       1996796 kB
SwapFree:        1996796 kB
Dirty:               200 kB
Writeback:             0 kB
AnonPages:         80132 kB
Mapped:            85132 kB
Shmem:              6376 kB
KReclaimable:      84492 kB
Slab:             318988 kB
SReclaimable:      84492 kB
SUnreclaim:       234496 kB
KernelStack:       10096 kB
PageTables:         2448 kB
NFS_Unstable:          0 kB
Bounce:                0 kB
WritebackTmp:          0 kB
CommitLimit:    34716468 kB
Committed_AS:     808040 kB
VmallocTotal:   34359738367 kB
VmallocUsed:       42744 kB
VmallocChunk:          0 kB
Percpu:           207936 kB
HardwareCorrupted:     0 kB
AnonHugePages:         0 kB
ShmemHugePages:        0 kB
ShmemPmdMapped:        0 kB
FileHugePages:         0 kB
FilePmdMapped:         0 kB
HugePages_Total:       0
HugePages_Free:        0
HugePages_Rsvd:        0
HugePages_Surp:        0
Hugepagesize:       2048 kB
Hugetlb:               0 kB
DirectMap4k:     2777920 kB
DirectMap2M:     5197824 kB
DirectMap1G:    58720256 kB

