MemTotal:       65439348 kB
MemFree:        63718000 kB
MemAvailable:   63820540 kB
Buffers:           57684 kB
Cached:           612368 kB
SwapCached:            0 kB
Active:           205664 kB
Inactive:         533136 kB
Active(anon):       3252 kB
Inactive(anon):    80976 kB
Active(file):     202412 kB
Inactive(file):   452160 kB
Unevictable:       19496 kB
Mlocked:           19496 kB
SwapTotal:       1996796 kB
SwapFree:        1996796 kB
Dirty:               308 kB
Writeback:             0 kB
AnonPages:         88360 kB
Mapped:            97820 kB
Shmem:              6380 kB
KReclaimable:      88556 kB
Slab:             325776 kB
SReclaimable:      88556 kB
SUnreclaim:       237220 kB
KernelStack:       10192 kB
PageTables:         2928 kB
NFS_Unstable:          0 kB
Bounce:                0 kB
WritebackTmp:          0 kB
CommitLimit:    34716468 kB
Committed_AS:     854044 kB
VmallocTotal:   34359738367 kB
VmallocUsed:       44604 kB
VmallocChunk:          0 kB
Percpu:           243072 kB
HardwareCorrupted:     0 kB
AnonHugePages:         0 kB
ShmemHugePages:        0 kB
ShmemPmdMapped:        0 kB
FileHugePages:         0 kB
FilePmdMapped:         0 kB
HugePages_Total:       0
HugePages_Free:        0
HugePages_Rsvd:        0
HugePages_Surp:        0
Hugepagesize:       2048 kB
Hugetlb:               0 kB
DirectMap4k:     2818880 kB
DirectMap2M:     5156864 kB
DirectMap1G:    58720256 kB

