MemTotal:       65439348 kB
MemFree:        64232844 kB
MemAvailable:   63982568 kB
Buffers:           39532 kB
Cached:           287324 kB
SwapCached:            0 kB
Active:           133252 kB
Inactive:         253832 kB
Active(anon):       3220 kB
Inactive(anon):    72484 kB
Active(file):     130032 kB
Inactive(file):   181348 kB
Unevictable:       19496 kB
Mlocked:           19496 kB
SwapTotal:       1996796 kB
SwapFree:        1996796 kB
Dirty:               648 kB
Writeback:             0 kB
AnonPages:         79804 kB
Mapped:            77680 kB
Shmem:              6376 kB
KReclaimable:      69308 kB
Slab:             293432 kB
SReclaimable:      69308 kB
SUnreclaim:       224124 kB
KernelStack:       10080 kB
PageTables:         2408 kB
NFS_Unstable:          0 kB
Bounce:                0 kB
WritebackTmp:          0 kB
CommitLimit:    34716468 kB
Committed_AS:     790752 kB
VmallocTotal:   34359738367 kB
VmallocUsed:       39016 kB
VmallocChunk:          0 kB
Percpu:           115200 kB
HardwareCorrupted:     0 kB
AnonHugePages:         0 kB
ShmemHugePages:        0 kB
ShmemPmdMapped:        0 kB
FileHugePages:         0 kB
FilePmdMapped:         0 kB
HugePages_Total:       0
HugePages_Free:        0
HugePages_Rsvd:        0
HugePages_Surp:        0
Hugepagesize:       2048 kB
Hugetlb:               0 kB
DirectMap4k:     2659136 kB
DirectMap2M:     5316608 kB
DirectMap1G:    58720256 kB

