MemTotal:       65439348 kB
MemFree:        64273932 kB
MemAvailable:   63999876 kB
Buffers:           36704 kB
Cached:           267408 kB
SwapCached:            0 kB
Active:           129500 kB
Inactive:         236612 kB
Active(anon):       3220 kB
Inactive(anon):    74280 kB
Active(file):     126280 kB
Inactive(file):   162332 kB
Unevictable:       19496 kB
Mlocked:           19496 kB
SwapTotal:       1996796 kB
SwapFree:        1996796 kB
Dirty:               644 kB
Writeback:             0 kB
AnonPages:         81712 kB
Mapped:            76340 kB
Shmem:              6376 kB
KReclaimable:      67284 kB
Slab:             290980 kB
SReclaimable:      67284 kB
SUnreclaim:       223696 kB
KernelStack:       10208 kB
PageTables:         2428 kB
NFS_Unstable:          0 kB
Bounce:                0 kB
WritebackTmp:          0 kB
CommitLimit:    34716468 kB
Committed_AS:     790352 kB
VmallocTotal:   34359738367 kB
VmallocUsed:       38500 kB
VmallocChunk:          0 kB
Percpu:            96576 kB
HardwareCorrupted:     0 kB
AnonHugePages:         0 kB
ShmemHugePages:        0 kB
ShmemPmdMapped:        0 kB
FileHugePages:         0 kB
FilePmdMapped:         0 kB
HugePages_Total:       0
HugePages_Free:        0
HugePages_Rsvd:        0
HugePages_Surp:        0
Hugepagesize:       2048 kB
Hugetlb:               0 kB
DirectMap4k:     2380608 kB
DirectMap2M:     5595136 kB
DirectMap1G:    58720256 kB

