MemTotal:       65439348 kB
MemFree:        63763668 kB
MemAvailable:   63844744 kB
Buffers:           54980 kB
Cached:           594804 kB
SwapCached:            0 kB
Active:           202948 kB
Inactive:         512748 kB
Active(anon):       3248 kB
Inactive(anon):    78152 kB
Active(file):     199700 kB
Inactive(file):   434596 kB
Unevictable:       19496 kB
Mlocked:           19496 kB
SwapTotal:       1996796 kB
SwapFree:        1996796 kB
Dirty:               672 kB
Writeback:             0 kB
AnonPages:         85520 kB
Mapped:            95764 kB
Shmem:              6380 kB
KReclaimable:      86184 kB
Slab:             321820 kB
SReclaimable:      86184 kB
SUnreclaim:       235636 kB
KernelStack:       10064 kB
PageTables:         2616 kB
NFS_Unstable:          0 kB
Bounce:                0 kB
WritebackTmp:          0 kB
CommitLimit:    34716468 kB
Committed_AS:     854424 kB
VmallocTotal:   34359738367 kB
VmallocUsed:       43976 kB
VmallocChunk:          0 kB
Percpu:           223104 kB
HardwareCorrupted:     0 kB
AnonHugePages:         0 kB
ShmemHugePages:        0 kB
ShmemPmdMapped:        0 kB
FileHugePages:         0 kB
FilePmdMapped:         0 kB
HugePages_Total:       0
HugePages_Free:        0
HugePages_Rsvd:        0
HugePages_Surp:        0
Hugepagesize:       2048 kB
Hugetlb:               0 kB
DirectMap4k:     2800448 kB
DirectMap2M:     5175296 kB
DirectMap1G:    58720256 kB

