MemTotal:       65439348 kB
MemFree:        63802268 kB
MemAvailable:   63866232 kB
Buffers:           52756 kB
Cached:           580736 kB
SwapCached:            0 kB
Active:           200032 kB
Inactive:         495020 kB
Active(anon):       3244 kB
Inactive(anon):    73800 kB
Active(file):     196788 kB
Inactive(file):   421220 kB
Unevictable:       19496 kB
Mlocked:           19496 kB
SwapTotal:       1996796 kB
SwapFree:        1996796 kB
Dirty:               592 kB
Writeback:             0 kB
AnonPages:         80960 kB
Mapped:            86024 kB
Shmem:              6376 kB
KReclaimable:      84532 kB
Slab:             318520 kB
SReclaimable:      84532 kB
SUnreclaim:       233988 kB
KernelStack:        9936 kB
PageTables:         2168 kB
NFS_Unstable:          0 kB
Bounce:                0 kB
WritebackTmp:          0 kB
CommitLimit:    34716468 kB
Committed_AS:     807652 kB
VmallocTotal:   34359738367 kB
VmallocUsed:       42904 kB
VmallocChunk:          0 kB
Percpu:           208704 kB
HardwareCorrupted:     0 kB
AnonHugePages:         0 kB
ShmemHugePages:        0 kB
ShmemPmdMapped:        0 kB
FileHugePages:         0 kB
FilePmdMapped:         0 kB
HugePages_Total:       0
HugePages_Free:        0
HugePages_Rsvd:        0
HugePages_Surp:        0
Hugepagesize:       2048 kB
Hugetlb:               0 kB
DirectMap4k:     2777920 kB
DirectMap2M:     5197824 kB
DirectMap1G:    58720256 kB

