MemTotal:       65439348 kB
MemFree:        63806756 kB
MemAvailable:   63867300 kB
Buffers:           52396 kB
Cached:           577896 kB
SwapCached:            0 kB
Active:           199668 kB
Inactive:         493008 kB
Active(anon):       3248 kB
Inactive(anon):    74632 kB
Active(file):     196420 kB
Inactive(file):   418376 kB
Unevictable:       19496 kB
Mlocked:           19496 kB
SwapTotal:       1996796 kB
SwapFree:        1996796 kB
Dirty:               740 kB
Writeback:             0 kB
AnonPages:         82060 kB
Mapped:            85360 kB
Shmem:              6380 kB
KReclaimable:      84116 kB
Slab:             318444 kB
SReclaimable:      84116 kB
SUnreclaim:       234328 kB
KernelStack:       10064 kB
PageTables:         2432 kB
NFS_Unstable:          0 kB
Bounce:                0 kB
WritebackTmp:          0 kB
CommitLimit:    34716468 kB
Committed_AS:     807652 kB
VmallocTotal:   34359738367 kB
VmallocUsed:       42824 kB
VmallocChunk:          0 kB
Percpu:           205632 kB
HardwareCorrupted:     0 kB
AnonHugePages:         0 kB
ShmemHugePages:        0 kB
ShmemPmdMapped:        0 kB
FileHugePages:         0 kB
FilePmdMapped:         0 kB
HugePages_Total:       0
HugePages_Free:        0
HugePages_Rsvd:        0
HugePages_Surp:        0
Hugepagesize:       2048 kB
Hugetlb:               0 kB
DirectMap4k:     2773824 kB
DirectMap2M:     5201920 kB
DirectMap1G:    58720256 kB

