MemTotal:       65439348 kB
MemFree:        63810368 kB
MemAvailable:   63869968 kB
Buffers:           52288 kB
Cached:           577120 kB
SwapCached:            0 kB
Active:           199556 kB
Inactive:         490716 kB
Active(anon):       3244 kB
Inactive(anon):    73100 kB
Active(file):     196312 kB
Inactive(file):   417616 kB
Unevictable:       19496 kB
Mlocked:           19496 kB
SwapTotal:       1996796 kB
SwapFree:        1996796 kB
Dirty:               268 kB
Writeback:             0 kB
AnonPages:         80456 kB
Mapped:            84960 kB
Shmem:              6376 kB
KReclaimable:      83968 kB
Slab:             318816 kB
SReclaimable:      83968 kB
SUnreclaim:       234848 kB
KernelStack:       10096 kB
PageTables:         2508 kB
NFS_Unstable:          0 kB
Bounce:                0 kB
WritebackTmp:          0 kB
CommitLimit:    34716468 kB
Committed_AS:     808036 kB
VmallocTotal:   34359738367 kB
VmallocUsed:       42808 kB
VmallocChunk:          0 kB
Percpu:           204480 kB
HardwareCorrupted:     0 kB
AnonHugePages:         0 kB
ShmemHugePages:        0 kB
ShmemPmdMapped:        0 kB
FileHugePages:         0 kB
FilePmdMapped:         0 kB
HugePages_Total:       0
HugePages_Free:        0
HugePages_Rsvd:        0
HugePages_Surp:        0
Hugepagesize:       2048 kB
Hugetlb:               0 kB
DirectMap4k:     2773824 kB
DirectMap2M:     5201920 kB
DirectMap1G:    58720256 kB

