MemTotal:       65439348 kB
MemFree:        64134136 kB
MemAvailable:   63934812 kB
Buffers:           44572 kB
Cached:           330824 kB
SwapCached:            0 kB
Active:           140336 kB
Inactive:         301828 kB
Active(anon):       3256 kB
Inactive(anon):    78996 kB
Active(file):     137080 kB
Inactive(file):   222832 kB
Unevictable:       19496 kB
Mlocked:           19496 kB
SwapTotal:       1996796 kB
SwapFree:        1996796 kB
Dirty:               648 kB
Writeback:             0 kB
AnonPages:         86788 kB
Mapped:            89748 kB
Shmem:              6384 kB
KReclaimable:      74152 kB
Slab:             302892 kB
SReclaimable:      74152 kB
SUnreclaim:       228740 kB
KernelStack:       10144 kB
PageTables:         2256 kB
NFS_Unstable:          0 kB
Bounce:                0 kB
WritebackTmp:          0 kB
CommitLimit:    34716468 kB
Committed_AS:     837868 kB
VmallocTotal:   34359738367 kB
VmallocUsed:       40844 kB
VmallocChunk:          0 kB
Percpu:           148416 kB
HardwareCorrupted:     0 kB
AnonHugePages:         0 kB
ShmemHugePages:        0 kB
ShmemPmdMapped:        0 kB
FileHugePages:         0 kB
FilePmdMapped:         0 kB
HugePages_Total:       0
HugePages_Free:        0
HugePages_Rsvd:        0
HugePages_Surp:        0
Hugepagesize:       2048 kB
Hugetlb:               0 kB
DirectMap4k:     2710336 kB
DirectMap2M:     5265408 kB
DirectMap1G:    58720256 kB

