MemTotal:       65439348 kB
MemFree:        64130680 kB
MemAvailable:   63932456 kB
Buffers:           44712 kB
Cached:           331700 kB
SwapCached:            0 kB
Active:           140468 kB
Inactive:         302376 kB
Active(anon):       3248 kB
Inactive(anon):    78664 kB
Active(file):     137220 kB
Inactive(file):   223712 kB
Unevictable:       19496 kB
Mlocked:           19496 kB
SwapTotal:       1996796 kB
SwapFree:        1996796 kB
Dirty:               752 kB
Writeback:             0 kB
AnonPages:         85984 kB
Mapped:            89644 kB
Shmem:              6380 kB
KReclaimable:      74308 kB
Slab:             302728 kB
SReclaimable:      74308 kB
SUnreclaim:       228420 kB
KernelStack:       10096 kB
PageTables:         2624 kB
NFS_Unstable:          0 kB
Bounce:                0 kB
WritebackTmp:          0 kB
CommitLimit:    34716468 kB
Committed_AS:     838256 kB
VmallocTotal:   34359738367 kB
VmallocUsed:       40812 kB
VmallocChunk:          0 kB
Percpu:           149760 kB
HardwareCorrupted:     0 kB
AnonHugePages:         0 kB
ShmemHugePages:        0 kB
ShmemPmdMapped:        0 kB
FileHugePages:         0 kB
FilePmdMapped:         0 kB
HugePages_Total:       0
HugePages_Free:        0
HugePages_Rsvd:        0
HugePages_Surp:        0
Hugepagesize:       2048 kB
Hugetlb:               0 kB
DirectMap4k:     2710336 kB
DirectMap2M:     5265408 kB
DirectMap1G:    58720256 kB

