MemTotal:       65439348 kB
MemFree:        63767400 kB
MemAvailable:   63845240 kB
Buffers:           54552 kB
Cached:           592116 kB
SwapCached:            0 kB
Active:           202516 kB
Inactive:         510036 kB
Active(anon):       3248 kB
Inactive(anon):    78128 kB
Active(file):     199268 kB
Inactive(file):   431908 kB
Unevictable:       19496 kB
Mlocked:           19496 kB
SwapTotal:       1996796 kB
SwapFree:        1996796 kB
Dirty:                72 kB
Writeback:             0 kB
AnonPages:         85444 kB
Mapped:            95472 kB
Shmem:              6380 kB
KReclaimable:      85952 kB
Slab:             322640 kB
SReclaimable:      85952 kB
SUnreclaim:       236688 kB
KernelStack:       10112 kB
PageTables:         2604 kB
NFS_Unstable:          0 kB
Bounce:                0 kB
WritebackTmp:          0 kB
CommitLimit:    34716468 kB
Committed_AS:     854424 kB
VmallocTotal:   34359738367 kB
VmallocUsed:       43380 kB
VmallocChunk:          0 kB
Percpu:           220800 kB
HardwareCorrupted:     0 kB
AnonHugePages:         0 kB
ShmemHugePages:        0 kB
ShmemPmdMapped:        0 kB
FileHugePages:         0 kB
FilePmdMapped:         0 kB
HugePages_Total:       0
HugePages_Free:        0
HugePages_Rsvd:        0
HugePages_Surp:        0
Hugepagesize:       2048 kB
Hugetlb:               0 kB
DirectMap4k:     2796352 kB
DirectMap2M:     5179392 kB
DirectMap1G:    58720256 kB

