MemTotal:       65439348 kB
MemFree:        63718664 kB
MemAvailable:   63822856 kB
Buffers:           57920 kB
Cached:           613716 kB
SwapCached:            0 kB
Active:           210828 kB
Inactive:         521508 kB
Active(anon):       3244 kB
Inactive(anon):    72940 kB
Active(file):     207584 kB
Inactive(file):   448568 kB
Unevictable:       19496 kB
Mlocked:           19496 kB
SwapTotal:       1996796 kB
SwapFree:        1996796 kB
Dirty:               704 kB
Writeback:             0 kB
AnonPages:         80300 kB
Mapped:            87788 kB
Shmem:              6376 kB
KReclaimable:      88700 kB
Slab:             326216 kB
SReclaimable:      88700 kB
SUnreclaim:       237516 kB
KernelStack:        9920 kB
PageTables:         2456 kB
NFS_Unstable:          0 kB
Bounce:                0 kB
WritebackTmp:          0 kB
CommitLimit:    34716468 kB
Committed_AS:     808044 kB
VmallocTotal:   34359738367 kB
VmallocUsed:       44212 kB
VmallocChunk:          0 kB
Percpu:           244224 kB
HardwareCorrupted:     0 kB
AnonHugePages:         0 kB
ShmemHugePages:        0 kB
ShmemPmdMapped:        0 kB
FileHugePages:         0 kB
FilePmdMapped:         0 kB
HugePages_Total:       0
HugePages_Free:        0
HugePages_Rsvd:        0
HugePages_Surp:        0
Hugepagesize:       2048 kB
Hugetlb:               0 kB
DirectMap4k:     2820928 kB
DirectMap2M:     5154816 kB
DirectMap1G:    58720256 kB

