MemTotal:       65439348 kB
MemFree:        64329300 kB
MemAvailable:   64022208 kB
Buffers:           30052 kB
Cached:           241996 kB
SwapCached:            0 kB
Active:           121228 kB
Inactive:         212444 kB
Active(anon):       3232 kB
Inactive(anon):    73908 kB
Active(file):     117996 kB
Inactive(file):   138536 kB
Unevictable:       19496 kB
Mlocked:           19496 kB
SwapTotal:       1996796 kB
SwapFree:        1996796 kB
Dirty:               540 kB
Writeback:             0 kB
AnonPages:         81208 kB
Mapped:            74880 kB
Shmem:              6380 kB
KReclaimable:      56020 kB
Slab:             276348 kB
SReclaimable:      56020 kB
SUnreclaim:       220328 kB
KernelStack:       10160 kB
PageTables:         2824 kB
NFS_Unstable:          0 kB
Bounce:                0 kB
WritebackTmp:          0 kB
CommitLimit:    34716468 kB
Committed_AS:     790100 kB
VmallocTotal:   34359738367 kB
VmallocUsed:       38356 kB
VmallocChunk:          0 kB
Percpu:            96576 kB
HardwareCorrupted:     0 kB
AnonHugePages:         0 kB
ShmemHugePages:        0 kB
ShmemPmdMapped:        0 kB
FileHugePages:         0 kB
FilePmdMapped:         0 kB
HugePages_Total:       0
HugePages_Free:        0
HugePages_Rsvd:        0
HugePages_Surp:        0
Hugepagesize:       2048 kB
Hugetlb:               0 kB
DirectMap4k:     2022208 kB
DirectMap2M:     5953536 kB
DirectMap1G:    58720256 kB

