MemTotal:       65439348 kB
MemFree:        63701000 kB
MemAvailable:   63812508 kB
Buffers:           58672 kB
Cached:           619872 kB
SwapCached:            0 kB
Active:           211584 kB
Inactive:         527576 kB
Active(anon):       3244 kB
Inactive(anon):    72856 kB
Active(file):     208340 kB
Inactive(file):   454720 kB
Unevictable:       19496 kB
Mlocked:           19496 kB
SwapTotal:       1996796 kB
SwapFree:        1996796 kB
Dirty:               776 kB
Writeback:             0 kB
AnonPages:         80204 kB
Mapped:            88232 kB
Shmem:              6376 kB
KReclaimable:      89516 kB
Slab:             328504 kB
SReclaimable:      89516 kB
SUnreclaim:       238988 kB
KernelStack:       10096 kB
PageTables:         2472 kB
NFS_Unstable:          0 kB
Bounce:                0 kB
WritebackTmp:          0 kB
CommitLimit:    34716468 kB
Committed_AS:     808036 kB
VmallocTotal:   34359738367 kB
VmallocUsed:       44984 kB
VmallocChunk:          0 kB
Percpu:           250752 kB
HardwareCorrupted:     0 kB
AnonHugePages:         0 kB
ShmemHugePages:        0 kB
ShmemPmdMapped:        0 kB
FileHugePages:         0 kB
FilePmdMapped:         0 kB
HugePages_Total:       0
HugePages_Free:        0
HugePages_Rsvd:        0
HugePages_Surp:        0
Hugepagesize:       2048 kB
Hugetlb:               0 kB
DirectMap4k:     2831168 kB
DirectMap2M:     5144576 kB
DirectMap1G:    58720256 kB

