MemTotal:       65439348 kB
MemFree:        64290020 kB
MemAvailable:   64006864 kB
Buffers:           35616 kB
Cached:           259988 kB
SwapCached:            0 kB
Active:           128412 kB
Inactive:         227188 kB
Active(anon):       3216 kB
Inactive(anon):    72280 kB
Active(file):     125196 kB
Inactive(file):   154908 kB
Unevictable:       19496 kB
Mlocked:           19496 kB
SwapTotal:       1996796 kB
SwapFree:        1996796 kB
Dirty:               740 kB
Writeback:             0 kB
AnonPages:         79596 kB
Mapped:            75148 kB
Shmem:              6376 kB
KReclaimable:      66104 kB
Slab:             288616 kB
SReclaimable:      66104 kB
SUnreclaim:       222512 kB
KernelStack:        9952 kB
PageTables:         2396 kB
NFS_Unstable:          0 kB
Bounce:                0 kB
WritebackTmp:          0 kB
CommitLimit:    34716468 kB
Committed_AS:     790612 kB
VmallocTotal:   34359738367 kB
VmallocUsed:       38324 kB
VmallocChunk:          0 kB
Percpu:            96576 kB
HardwareCorrupted:     0 kB
AnonHugePages:         0 kB
ShmemHugePages:        0 kB
ShmemPmdMapped:        0 kB
FileHugePages:         0 kB
FilePmdMapped:         0 kB
HugePages_Total:       0
HugePages_Free:        0
HugePages_Rsvd:        0
HugePages_Surp:        0
Hugepagesize:       2048 kB
Hugetlb:               0 kB
DirectMap4k:     2263872 kB
DirectMap2M:     5711872 kB
DirectMap1G:    58720256 kB

