MemTotal:       65439348 kB
MemFree:        64169928 kB
MemAvailable:   63952256 kB
Buffers:           42264 kB
Cached:           315848 kB
SwapCached:            0 kB
Active:           137696 kB
Inactive:         288712 kB
Active(anon):       3244 kB
Inactive(anon):    80528 kB
Active(file):     134452 kB
Inactive(file):   208184 kB
Unevictable:       19496 kB
Mlocked:           19496 kB
SwapTotal:       1996796 kB
SwapFree:        1996796 kB
Dirty:               548 kB
Writeback:             0 kB
AnonPages:         87364 kB
Mapped:            88732 kB
Shmem:              6376 kB
KReclaimable:      72008 kB
Slab:             299604 kB
SReclaimable:      72008 kB
SUnreclaim:       227596 kB
KernelStack:       10208 kB
PageTables:         2624 kB
NFS_Unstable:          0 kB
Bounce:                0 kB
WritebackTmp:          0 kB
CommitLimit:    34716468 kB
Committed_AS:     837616 kB
VmallocTotal:   34359738367 kB
VmallocUsed:       39732 kB
VmallocChunk:          0 kB
Percpu:           131520 kB
HardwareCorrupted:     0 kB
AnonHugePages:         0 kB
ShmemHugePages:        0 kB
ShmemPmdMapped:        0 kB
FileHugePages:         0 kB
FilePmdMapped:         0 kB
HugePages_Total:       0
HugePages_Free:        0
HugePages_Rsvd:        0
HugePages_Surp:        0
Hugepagesize:       2048 kB
Hugetlb:               0 kB
DirectMap4k:     2687808 kB
DirectMap2M:     5287936 kB
DirectMap1G:    58720256 kB

