MemTotal:       65439348 kB
MemFree:        63891268 kB
MemAvailable:   63912264 kB
Buffers:           47696 kB
Cached:           545460 kB
SwapCached:            0 kB
Active:           156004 kB
Inactive:         499180 kB
Active(anon):       3256 kB
Inactive(anon):    74264 kB
Active(file):     152748 kB
Inactive(file):   424916 kB
Unevictable:       19496 kB
Mlocked:           19496 kB
SwapTotal:       1996796 kB
SwapFree:        1996796 kB
Dirty:               620 kB
Writeback:             0 kB
AnonPages:         81172 kB
Mapped:            82492 kB
Shmem:              6376 kB
KReclaimable:      79288 kB
Slab:             309180 kB
SReclaimable:      79288 kB
SUnreclaim:       229892 kB
KernelStack:       10224 kB
PageTables:         2480 kB
NFS_Unstable:          0 kB
Bounce:                0 kB
WritebackTmp:          0 kB
CommitLimit:    34716468 kB
Committed_AS:     799204 kB
VmallocTotal:   34359738367 kB
VmallocUsed:       41760 kB
VmallocChunk:          0 kB
Percpu:           171840 kB
HardwareCorrupted:     0 kB
AnonHugePages:         0 kB
ShmemHugePages:        0 kB
ShmemPmdMapped:        0 kB
FileHugePages:         0 kB
FilePmdMapped:         0 kB
HugePages_Total:       0
HugePages_Free:        0
HugePages_Rsvd:        0
HugePages_Surp:        0
Hugepagesize:       2048 kB
Hugetlb:               0 kB
DirectMap4k:     2736960 kB
DirectMap2M:     5238784 kB
DirectMap1G:    58720256 kB

