MemTotal:       65439348 kB
MemFree:        63760852 kB
MemAvailable:   63841784 kB
Buffers:           54960 kB
Cached:           594688 kB
SwapCached:            0 kB
Active:           202916 kB
Inactive:         512672 kB
Active(anon):       3244 kB
Inactive(anon):    78192 kB
Active(file):     199672 kB
Inactive(file):   434480 kB
Unevictable:       19496 kB
Mlocked:           19496 kB
SwapTotal:       1996796 kB
SwapFree:        1996796 kB
Dirty:               156 kB
Writeback:             0 kB
AnonPages:         85516 kB
Mapped:            95700 kB
Shmem:              6380 kB
KReclaimable:      86180 kB
Slab:             322052 kB
SReclaimable:      86180 kB
SUnreclaim:       235872 kB
KernelStack:       10064 kB
PageTables:         2620 kB
NFS_Unstable:          0 kB
Bounce:                0 kB
WritebackTmp:          0 kB
CommitLimit:    34716468 kB
Committed_AS:     854424 kB
VmallocTotal:   34359738367 kB
VmallocUsed:       43976 kB
VmallocChunk:          0 kB
Percpu:           223104 kB
HardwareCorrupted:     0 kB
AnonHugePages:         0 kB
ShmemHugePages:        0 kB
ShmemPmdMapped:        0 kB
FileHugePages:         0 kB
FilePmdMapped:         0 kB
HugePages_Total:       0
HugePages_Free:        0
HugePages_Rsvd:        0
HugePages_Surp:        0
Hugepagesize:       2048 kB
Hugetlb:               0 kB
DirectMap4k:     2798400 kB
DirectMap2M:     5177344 kB
DirectMap1G:    58720256 kB

