MemTotal:       65439348 kB
MemFree:        64153168 kB
MemAvailable:   63943092 kB
Buffers:           43252 kB
Cached:           322104 kB
SwapCached:            0 kB
Active:           139000 kB
Inactive:         293912 kB
Active(anon):       3240 kB
Inactive(anon):    79792 kB
Active(file):     135760 kB
Inactive(file):   214120 kB
Unevictable:       19496 kB
Mlocked:           19496 kB
SwapTotal:       1996796 kB
SwapFree:        1996796 kB
Dirty:               752 kB
Writeback:             0 kB
AnonPages:         87036 kB
Mapped:            88920 kB
Shmem:              6376 kB
KReclaimable:      72708 kB
Slab:             300652 kB
SReclaimable:      72708 kB
SUnreclaim:       227944 kB
KernelStack:       10016 kB
PageTables:         2792 kB
NFS_Unstable:          0 kB
Bounce:                0 kB
WritebackTmp:          0 kB
CommitLimit:    34716468 kB
Committed_AS:     837868 kB
VmallocTotal:   34359738367 kB
VmallocUsed:       40216 kB
VmallocChunk:          0 kB
Percpu:           138816 kB
HardwareCorrupted:     0 kB
AnonHugePages:         0 kB
ShmemHugePages:        0 kB
ShmemPmdMapped:        0 kB
FileHugePages:         0 kB
FilePmdMapped:         0 kB
HugePages_Total:       0
HugePages_Free:        0
HugePages_Rsvd:        0
HugePages_Surp:        0
Hugepagesize:       2048 kB
Hugetlb:               0 kB
DirectMap4k:     2696000 kB
DirectMap2M:     5279744 kB
DirectMap1G:    58720256 kB

