MemTotal:       65439348 kB
MemFree:        63912036 kB
MemAvailable:   63922416 kB
Buffers:           46436 kB
Cached:           536608 kB
SwapCached:            0 kB
Active:           154732 kB
Inactive:         491304 kB
Active(anon):       3228 kB
Inactive(anon):    75244 kB
Active(file):     151504 kB
Inactive(file):   416060 kB
Unevictable:       19496 kB
Mlocked:           19496 kB
SwapTotal:       1996796 kB
SwapFree:        1996796 kB
Dirty:               748 kB
Writeback:             0 kB
AnonPages:         82460 kB
Mapped:            81628 kB
Shmem:              6380 kB
KReclaimable:      78256 kB
Slab:             307904 kB
SReclaimable:      78256 kB
SUnreclaim:       229648 kB
KernelStack:        9936 kB
PageTables:         2356 kB
NFS_Unstable:          0 kB
Bounce:                0 kB
WritebackTmp:          0 kB
CommitLimit:    34716468 kB
Committed_AS:     799204 kB
VmallocTotal:   34359738367 kB
VmallocUsed:       41180 kB
VmallocChunk:          0 kB
Percpu:           162240 kB
HardwareCorrupted:     0 kB
AnonHugePages:         0 kB
ShmemHugePages:        0 kB
ShmemPmdMapped:        0 kB
FileHugePages:         0 kB
FilePmdMapped:         0 kB
HugePages_Total:       0
HugePages_Free:        0
HugePages_Rsvd:        0
HugePages_Surp:        0
Hugepagesize:       2048 kB
Hugetlb:               0 kB
DirectMap4k:     2726720 kB
DirectMap2M:     5249024 kB
DirectMap1G:    58720256 kB

