MemTotal:       65439348 kB
MemFree:        64192372 kB
MemAvailable:   63965488 kB
Buffers:           41160 kB
Cached:           308312 kB
SwapCached:            0 kB
Active:           136576 kB
Inactive:         281340 kB
Active(anon):       3244 kB
Inactive(anon):    80696 kB
Active(file):     133332 kB
Inactive(file):   200644 kB
Unevictable:       19496 kB
Mlocked:           19496 kB
SwapTotal:       1996796 kB
SwapFree:        1996796 kB
Dirty:               584 kB
Writeback:             0 kB
AnonPages:         87932 kB
Mapped:            87852 kB
Shmem:              6380 kB
KReclaimable:      70900 kB
Slab:             295976 kB
SReclaimable:      70900 kB
SUnreclaim:       225076 kB
KernelStack:       10208 kB
PageTables:         2768 kB
NFS_Unstable:          0 kB
Bounce:                0 kB
WritebackTmp:          0 kB
CommitLimit:    34716468 kB
Committed_AS:     837616 kB
VmallocTotal:   34359738367 kB
VmallocUsed:       39700 kB
VmallocChunk:          0 kB
Percpu:           123264 kB
HardwareCorrupted:     0 kB
AnonHugePages:         0 kB
ShmemHugePages:        0 kB
ShmemPmdMapped:        0 kB
FileHugePages:         0 kB
FilePmdMapped:         0 kB
HugePages_Total:       0
HugePages_Free:        0
HugePages_Rsvd:        0
HugePages_Surp:        0
Hugepagesize:       2048 kB
Hugetlb:               0 kB
DirectMap4k:     2673472 kB
DirectMap2M:     5302272 kB
DirectMap1G:    58720256 kB

