MemTotal:       65439348 kB
MemFree:        64271468 kB
MemAvailable:   64001528 kB
Buffers:           37216 kB
Cached:           270784 kB
SwapCached:            0 kB
Active:           130052 kB
Inactive:         238116 kB
Active(anon):       3228 kB
Inactive(anon):    72420 kB
Active(file):     126824 kB
Inactive(file):   165696 kB
Unevictable:       19496 kB
Mlocked:           19496 kB
SwapTotal:       1996796 kB
SwapFree:        1996796 kB
Dirty:               640 kB
Writeback:             0 kB
AnonPages:         79780 kB
Mapped:            76040 kB
Shmem:              6380 kB
KReclaimable:      67700 kB
Slab:             290480 kB
SReclaimable:      67700 kB
SUnreclaim:       222780 kB
KernelStack:       10080 kB
PageTables:         2552 kB
NFS_Unstable:          0 kB
Bounce:                0 kB
WritebackTmp:          0 kB
CommitLimit:    34716468 kB
Committed_AS:     790352 kB
VmallocTotal:   34359738367 kB
VmallocUsed:       38420 kB
VmallocChunk:          0 kB
Percpu:            98304 kB
HardwareCorrupted:     0 kB
AnonHugePages:         0 kB
ShmemHugePages:        0 kB
ShmemPmdMapped:        0 kB
FileHugePages:         0 kB
FilePmdMapped:         0 kB
HugePages_Total:       0
HugePages_Free:        0
HugePages_Rsvd:        0
HugePages_Surp:        0
Hugepagesize:       2048 kB
Hugetlb:               0 kB
DirectMap4k:     2429760 kB
DirectMap2M:     5545984 kB
DirectMap1G:    58720256 kB

