MemTotal:       65439348 kB
MemFree:        64221312 kB
MemAvailable:   63977168 kB
Buffers:           40276 kB
Cached:           292292 kB
SwapCached:            0 kB
Active:           133992 kB
Inactive:         258816 kB
Active(anon):       3220 kB
Inactive(anon):    72504 kB
Active(file):     130772 kB
Inactive(file):   186312 kB
Unevictable:       19496 kB
Mlocked:           19496 kB
SwapTotal:       1996796 kB
SwapFree:        1996796 kB
Dirty:               748 kB
Writeback:             0 kB
AnonPages:         79840 kB
Mapped:            78120 kB
Shmem:              6376 kB
KReclaimable:      70168 kB
Slab:             295328 kB
SReclaimable:      70168 kB
SUnreclaim:       225160 kB
KernelStack:       10016 kB
PageTables:         2408 kB
NFS_Unstable:          0 kB
Bounce:                0 kB
WritebackTmp:          0 kB
CommitLimit:    34716468 kB
Committed_AS:     790752 kB
VmallocTotal:   34359738367 kB
VmallocUsed:       39580 kB
VmallocChunk:          0 kB
Percpu:           120576 kB
HardwareCorrupted:     0 kB
AnonHugePages:         0 kB
ShmemHugePages:        0 kB
ShmemPmdMapped:        0 kB
FileHugePages:         0 kB
FilePmdMapped:         0 kB
HugePages_Total:       0
HugePages_Free:        0
HugePages_Rsvd:        0
HugePages_Surp:        0
Hugepagesize:       2048 kB
Hugetlb:               0 kB
DirectMap4k:     2669376 kB
DirectMap2M:     5306368 kB
DirectMap1G:    58720256 kB

