MemTotal:       65439348 kB
MemFree:        63740356 kB
MemAvailable:   63832584 kB
Buffers:           56452 kB
Cached:           603852 kB
SwapCached:            0 kB
Active:           204424 kB
Inactive:         521564 kB
Active(anon):       3252 kB
Inactive(anon):    77916 kB
Active(file):     201172 kB
Inactive(file):   443648 kB
Unevictable:       19496 kB
Mlocked:           19496 kB
SwapTotal:       1996796 kB
SwapFree:        1996796 kB
Dirty:               744 kB
Writeback:             0 kB
AnonPages:         85284 kB
Mapped:            96536 kB
Shmem:              6380 kB
KReclaimable:      87440 kB
Slab:             324524 kB
SReclaimable:      87440 kB
SUnreclaim:       237084 kB
KernelStack:       10032 kB
PageTables:         2516 kB
NFS_Unstable:          0 kB
Bounce:                0 kB
WritebackTmp:          0 kB
CommitLimit:    34716468 kB
Committed_AS:     854036 kB
VmallocTotal:   34359738367 kB
VmallocUsed:       43864 kB
VmallocChunk:          0 kB
Percpu:           233472 kB
HardwareCorrupted:     0 kB
AnonHugePages:         0 kB
ShmemHugePages:        0 kB
ShmemPmdMapped:        0 kB
FileHugePages:         0 kB
FilePmdMapped:         0 kB
HugePages_Total:       0
HugePages_Free:        0
HugePages_Rsvd:        0
HugePages_Surp:        0
Hugepagesize:       2048 kB
Hugetlb:               0 kB
DirectMap4k:     2810688 kB
DirectMap2M:     5165056 kB
DirectMap1G:    58720256 kB

