MemTotal:       65439348 kB
MemFree:        64297508 kB
MemAvailable:   64009920 kB
Buffers:           35056 kB
Cached:           256344 kB
SwapCached:            0 kB
Active:           127828 kB
Inactive:         223632 kB
Active(anon):       3216 kB
Inactive(anon):    72348 kB
Active(file):     124612 kB
Inactive(file):   151284 kB
Unevictable:       19496 kB
Mlocked:           19496 kB
SwapTotal:       1996796 kB
SwapFree:        1996796 kB
Dirty:               164 kB
Writeback:             0 kB
AnonPages:         79660 kB
Mapped:            74888 kB
Shmem:              6376 kB
KReclaimable:      65656 kB
Slab:             287112 kB
SReclaimable:      65656 kB
SUnreclaim:       221456 kB
KernelStack:       10000 kB
PageTables:         2392 kB
NFS_Unstable:          0 kB
Bounce:                0 kB
WritebackTmp:          0 kB
CommitLimit:    34716468 kB
Committed_AS:     790612 kB
VmallocTotal:   34359738367 kB
VmallocUsed:       38500 kB
VmallocChunk:          0 kB
Percpu:            96576 kB
HardwareCorrupted:     0 kB
AnonHugePages:         0 kB
ShmemHugePages:        0 kB
ShmemPmdMapped:        0 kB
FileHugePages:         0 kB
FilePmdMapped:         0 kB
HugePages_Total:       0
HugePages_Free:        0
HugePages_Rsvd:        0
HugePages_Surp:        0
Hugepagesize:       2048 kB
Hugetlb:               0 kB
DirectMap4k:     2200384 kB
DirectMap2M:     5775360 kB
DirectMap1G:    58720256 kB

