MemTotal:       65439348 kB
MemFree:        63906692 kB
MemAvailable:   63920560 kB
Buffers:           46896 kB
Cached:           539480 kB
SwapCached:            0 kB
Active:           155200 kB
Inactive:         492012 kB
Active(anon):       3244 kB
Inactive(anon):    73068 kB
Active(file):     151956 kB
Inactive(file):   418944 kB
Unevictable:       19496 kB
Mlocked:           19496 kB
SwapTotal:       1996796 kB
SwapFree:        1996796 kB
Dirty:               700 kB
Writeback:             0 kB
AnonPages:         80424 kB
Mapped:            81932 kB
Shmem:              6376 kB
KReclaimable:      78560 kB
Slab:             308756 kB
SReclaimable:      78560 kB
SUnreclaim:       230196 kB
KernelStack:       10000 kB
PageTables:         2440 kB
NFS_Unstable:          0 kB
Bounce:                0 kB
WritebackTmp:          0 kB
CommitLimit:    34716468 kB
Committed_AS:     799592 kB
VmallocTotal:   34359738367 kB
VmallocUsed:       41116 kB
VmallocChunk:          0 kB
Percpu:           165312 kB
HardwareCorrupted:     0 kB
AnonHugePages:         0 kB
ShmemHugePages:        0 kB
ShmemPmdMapped:        0 kB
FileHugePages:         0 kB
FilePmdMapped:         0 kB
HugePages_Total:       0
HugePages_Free:        0
HugePages_Rsvd:        0
HugePages_Surp:        0
Hugepagesize:       2048 kB
Hugetlb:               0 kB
DirectMap4k:     2730816 kB
DirectMap2M:     5244928 kB
DirectMap1G:    58720256 kB

