MemTotal:       65439348 kB
MemFree:        63731524 kB
MemAvailable:   63827012 kB
Buffers:           56940 kB
Cached:           606452 kB
SwapCached:            0 kB
Active:           204912 kB
Inactive:         524496 kB
Active(anon):       3244 kB
Inactive(anon):    78252 kB
Active(file):     201668 kB
Inactive(file):   446244 kB
Unevictable:       19496 kB
Mlocked:           19496 kB
SwapTotal:       1996796 kB
SwapFree:        1996796 kB
Dirty:               612 kB
Writeback:             0 kB
AnonPages:         85548 kB
Mapped:            96688 kB
Shmem:              6380 kB
KReclaimable:      87776 kB
Slab:             324436 kB
SReclaimable:      87776 kB
SUnreclaim:       236660 kB
KernelStack:       10016 kB
PageTables:         2612 kB
NFS_Unstable:          0 kB
Bounce:                0 kB
WritebackTmp:          0 kB
CommitLimit:    34716468 kB
Committed_AS:     854040 kB
VmallocTotal:   34359738367 kB
VmallocUsed:       44572 kB
VmallocChunk:          0 kB
Percpu:           236352 kB
HardwareCorrupted:     0 kB
AnonHugePages:         0 kB
ShmemHugePages:        0 kB
ShmemPmdMapped:        0 kB
FileHugePages:         0 kB
FilePmdMapped:         0 kB
HugePages_Total:       0
HugePages_Free:        0
HugePages_Rsvd:        0
HugePages_Surp:        0
Hugepagesize:       2048 kB
Hugetlb:               0 kB
DirectMap4k:     2812736 kB
DirectMap2M:     5163008 kB
DirectMap1G:    58720256 kB

