MemTotal:       65439348 kB
MemFree:        63716536 kB
MemAvailable:   63819332 kB
Buffers:           57720 kB
Cached:           612604 kB
SwapCached:            0 kB
Active:           205676 kB
Inactive:         530012 kB
Active(anon):       3244 kB
Inactive(anon):    77620 kB
Active(file):     202432 kB
Inactive(file):   452392 kB
Unevictable:       19496 kB
Mlocked:           19496 kB
SwapTotal:       1996796 kB
SwapFree:        1996796 kB
Dirty:               704 kB
Writeback:             0 kB
AnonPages:         84952 kB
Mapped:            97196 kB
Shmem:              6380 kB
KReclaimable:      88568 kB
Slab:             326412 kB
SReclaimable:      88568 kB
SUnreclaim:       237844 kB
KernelStack:       10080 kB
PageTables:         2572 kB
NFS_Unstable:          0 kB
Bounce:                0 kB
WritebackTmp:          0 kB
CommitLimit:    34716468 kB
Committed_AS:     854036 kB
VmallocTotal:   34359738367 kB
VmallocUsed:       44492 kB
VmallocChunk:          0 kB
Percpu:           243072 kB
HardwareCorrupted:     0 kB
AnonHugePages:         0 kB
ShmemHugePages:        0 kB
ShmemPmdMapped:        0 kB
FileHugePages:         0 kB
FilePmdMapped:         0 kB
HugePages_Total:       0
HugePages_Free:        0
HugePages_Rsvd:        0
HugePages_Surp:        0
Hugepagesize:       2048 kB
Hugetlb:               0 kB
DirectMap4k:     2818880 kB
DirectMap2M:     5156864 kB
DirectMap1G:    58720256 kB

