MemTotal:       65439348 kB
MemFree:        63760480 kB
MemAvailable:   63842212 kB
Buffers:           55060 kB
Cached:           595336 kB
SwapCached:            0 kB
Active:           203032 kB
Inactive:         513444 kB
Active(anon):       3244 kB
Inactive(anon):    78316 kB
Active(file):     199788 kB
Inactive(file):   435128 kB
Unevictable:       19496 kB
Mlocked:           19496 kB
SwapTotal:       1996796 kB
SwapFree:        1996796 kB
Dirty:               696 kB
Writeback:             0 kB
AnonPages:         85644 kB
Mapped:            95756 kB
Shmem:              6380 kB
KReclaimable:      86256 kB
Slab:             322140 kB
SReclaimable:      86256 kB
SUnreclaim:       235884 kB
KernelStack:       10064 kB
PageTables:         2544 kB
NFS_Unstable:          0 kB
Bounce:                0 kB
WritebackTmp:          0 kB
CommitLimit:    34716468 kB
Committed_AS:     854040 kB
VmallocTotal:   34359738367 kB
VmallocUsed:       43896 kB
VmallocChunk:          0 kB
Percpu:           224448 kB
HardwareCorrupted:     0 kB
AnonHugePages:         0 kB
ShmemHugePages:        0 kB
ShmemPmdMapped:        0 kB
FileHugePages:         0 kB
FilePmdMapped:         0 kB
HugePages_Total:       0
HugePages_Free:        0
HugePages_Rsvd:        0
HugePages_Surp:        0
Hugepagesize:       2048 kB
Hugetlb:               0 kB
DirectMap4k:     2800448 kB
DirectMap2M:     5175296 kB
DirectMap1G:    58720256 kB

