MemTotal:       65439348 kB
MemFree:        64314236 kB
MemAvailable:   64014856 kB
Buffers:           31952 kB
Cached:           252212 kB
SwapCached:            0 kB
Active:           123104 kB
Inactive:         221068 kB
Active(anon):       3216 kB
Inactive(anon):    72276 kB
Active(file):     119888 kB
Inactive(file):   148792 kB
Unevictable:       19496 kB
Mlocked:           19496 kB
SwapTotal:       1996796 kB
SwapFree:        1996796 kB
Dirty:               740 kB
Writeback:             0 kB
AnonPages:         79596 kB
Mapped:            74828 kB
Shmem:              6376 kB
KReclaimable:      56504 kB
Slab:             277740 kB
SReclaimable:      56504 kB
SUnreclaim:       221236 kB
KernelStack:       10064 kB
PageTables:         2392 kB
NFS_Unstable:          0 kB
Bounce:                0 kB
WritebackTmp:          0 kB
CommitLimit:    34716468 kB
Committed_AS:     790616 kB
VmallocTotal:   34359738367 kB
VmallocUsed:       38436 kB
VmallocChunk:          0 kB
Percpu:            96576 kB
HardwareCorrupted:     0 kB
AnonHugePages:         0 kB
ShmemHugePages:        0 kB
ShmemPmdMapped:        0 kB
FileHugePages:         0 kB
FilePmdMapped:         0 kB
HugePages_Total:       0
HugePages_Free:        0
HugePages_Rsvd:        0
HugePages_Surp:        0
Hugepagesize:       2048 kB
Hugetlb:               0 kB
DirectMap4k:     2171712 kB
DirectMap2M:     5804032 kB
DirectMap1G:    58720256 kB

