MemTotal:       65439348 kB
MemFree:        63773428 kB
MemAvailable:   63849484 kB
Buffers:           54364 kB
Cached:           590576 kB
SwapCached:            0 kB
Active:           202340 kB
Inactive:         508432 kB
Active(anon):       3248 kB
Inactive(anon):    78064 kB
Active(file):     199092 kB
Inactive(file):   430368 kB
Unevictable:       19496 kB
Mlocked:           19496 kB
SwapTotal:       1996796 kB
SwapFree:        1996796 kB
Dirty:               180 kB
Writeback:             0 kB
AnonPages:         85408 kB
Mapped:            95376 kB
Shmem:              6380 kB
KReclaimable:      85816 kB
Slab:             321116 kB
SReclaimable:      85816 kB
SUnreclaim:       235300 kB
KernelStack:       10208 kB
PageTables:         2608 kB
NFS_Unstable:          0 kB
Bounce:                0 kB
WritebackTmp:          0 kB
CommitLimit:    34716468 kB
Committed_AS:     854424 kB
VmallocTotal:   34359738367 kB
VmallocUsed:       43492 kB
VmallocChunk:          0 kB
Percpu:           219648 kB
HardwareCorrupted:     0 kB
AnonHugePages:         0 kB
ShmemHugePages:        0 kB
ShmemPmdMapped:        0 kB
FileHugePages:         0 kB
FilePmdMapped:         0 kB
HugePages_Total:       0
HugePages_Free:        0
HugePages_Rsvd:        0
HugePages_Surp:        0
Hugepagesize:       2048 kB
Hugetlb:               0 kB
DirectMap4k:     2794304 kB
DirectMap2M:     5181440 kB
DirectMap1G:    58720256 kB

