MemTotal:       65439348 kB
MemFree:        63817272 kB
MemAvailable:   63874220 kB
Buffers:           52008 kB
Cached:           574936 kB
SwapCached:            0 kB
Active:           199276 kB
Inactive:         488696 kB
Active(anon):       3244 kB
Inactive(anon):    73276 kB
Active(file):     196032 kB
Inactive(file):   415420 kB
Unevictable:       19496 kB
Mlocked:           19496 kB
SwapTotal:       1996796 kB
SwapFree:        1996796 kB
Dirty:               684 kB
Writeback:             0 kB
AnonPages:         80632 kB
Mapped:            84576 kB
Shmem:              6376 kB
KReclaimable:      83616 kB
Slab:             317616 kB
SReclaimable:      83616 kB
SUnreclaim:       234000 kB
KernelStack:       10080 kB
PageTables:         2480 kB
NFS_Unstable:          0 kB
Bounce:                0 kB
WritebackTmp:          0 kB
CommitLimit:    34716468 kB
Committed_AS:     808044 kB
VmallocTotal:   34359738367 kB
VmallocUsed:       42664 kB
VmallocChunk:          0 kB
Percpu:           201984 kB
HardwareCorrupted:     0 kB
AnonHugePages:         0 kB
ShmemHugePages:        0 kB
ShmemPmdMapped:        0 kB
FileHugePages:         0 kB
FilePmdMapped:         0 kB
HugePages_Total:       0
HugePages_Free:        0
HugePages_Rsvd:        0
HugePages_Surp:        0
Hugepagesize:       2048 kB
Hugetlb:               0 kB
DirectMap4k:     2769728 kB
DirectMap2M:     5206016 kB
DirectMap1G:    58720256 kB

