MemTotal:       65439348 kB
MemFree:        63839248 kB
MemAvailable:   63887228 kB
Buffers:           50952 kB
Cached:           567500 kB
SwapCached:            0 kB
Active:           198228 kB
Inactive:         481108 kB
Active(anon):       3244 kB
Inactive(anon):    73124 kB
Active(file):     194984 kB
Inactive(file):   407984 kB
Unevictable:       19496 kB
Mlocked:           19496 kB
SwapTotal:       1996796 kB
SwapFree:        1996796 kB
Dirty:                72 kB
Writeback:             0 kB
AnonPages:         80440 kB
Mapped:            83956 kB
Shmem:              6376 kB
KReclaimable:      82644 kB
Slab:             313964 kB
SReclaimable:      82644 kB
SUnreclaim:       231320 kB
KernelStack:       10096 kB
PageTables:         2508 kB
NFS_Unstable:          0 kB
Bounce:                0 kB
WritebackTmp:          0 kB
CommitLimit:    34716468 kB
Committed_AS:     807784 kB
VmallocTotal:   34359738367 kB
VmallocUsed:       42212 kB
VmallocChunk:          0 kB
Percpu:           194112 kB
HardwareCorrupted:     0 kB
AnonHugePages:         0 kB
ShmemHugePages:        0 kB
ShmemPmdMapped:        0 kB
FileHugePages:         0 kB
FilePmdMapped:         0 kB
HugePages_Total:       0
HugePages_Free:        0
HugePages_Rsvd:        0
HugePages_Surp:        0
Hugepagesize:       2048 kB
Hugetlb:               0 kB
DirectMap4k:     2759488 kB
DirectMap2M:     5216256 kB
DirectMap1G:    58720256 kB

