MemTotal:       65439348 kB
MemFree:        63744392 kB
MemAvailable:   63833888 kB
Buffers:           56132 kB
Cached:           601592 kB
SwapCached:            0 kB
Active:           204088 kB
Inactive:         520684 kB
Active(anon):       3244 kB
Inactive(anon):    79300 kB
Active(file):     200844 kB
Inactive(file):   441384 kB
Unevictable:       19496 kB
Mlocked:           19496 kB
SwapTotal:       1996796 kB
SwapFree:        1996796 kB
Dirty:               888 kB
Writeback:             0 kB
AnonPages:         86540 kB
Mapped:            96592 kB
Shmem:              6380 kB
KReclaimable:      87160 kB
Slab:             323824 kB
SReclaimable:      87160 kB
SUnreclaim:       236664 kB
KernelStack:       10032 kB
PageTables:         2700 kB
NFS_Unstable:          0 kB
Bounce:                0 kB
WritebackTmp:          0 kB
CommitLimit:    34716468 kB
Committed_AS:     854040 kB
VmallocTotal:   34359738367 kB
VmallocUsed:       43960 kB
VmallocChunk:          0 kB
Percpu:           230976 kB
HardwareCorrupted:     0 kB
AnonHugePages:         0 kB
ShmemHugePages:        0 kB
ShmemPmdMapped:        0 kB
FileHugePages:         0 kB
FilePmdMapped:         0 kB
HugePages_Total:       0
HugePages_Free:        0
HugePages_Rsvd:        0
HugePages_Surp:        0
Hugepagesize:       2048 kB
Hugetlb:               0 kB
DirectMap4k:     2808640 kB
DirectMap2M:     5167104 kB
DirectMap1G:    58720256 kB

