MemTotal:       65439348 kB
MemFree:        64168628 kB
MemAvailable:   63954136 kB
Buffers:           42632 kB
Cached:           318512 kB
SwapCached:            0 kB
Active:           138056 kB
Inactive:         289144 kB
Active(anon):       3248 kB
Inactive(anon):    78300 kB
Active(file):     134808 kB
Inactive(file):   210844 kB
Unevictable:       19496 kB
Mlocked:           19496 kB
SwapTotal:       1996796 kB
SwapFree:        1996796 kB
Dirty:                44 kB
Writeback:             0 kB
AnonPages:         85652 kB
Mapped:            88588 kB
Shmem:              6380 kB
KReclaimable:      72336 kB
Slab:             299044 kB
SReclaimable:      72336 kB
SUnreclaim:       226708 kB
KernelStack:       10080 kB
PageTables:         2580 kB
NFS_Unstable:          0 kB
Bounce:                0 kB
WritebackTmp:          0 kB
CommitLimit:    34716468 kB
Committed_AS:     838008 kB
VmallocTotal:   34359738367 kB
VmallocUsed:       40248 kB
VmallocChunk:          0 kB
Percpu:           134592 kB
HardwareCorrupted:     0 kB
AnonHugePages:         0 kB
ShmemHugePages:        0 kB
ShmemPmdMapped:        0 kB
FileHugePages:         0 kB
FilePmdMapped:         0 kB
HugePages_Total:       0
HugePages_Free:        0
HugePages_Rsvd:        0
HugePages_Surp:        0
Hugepagesize:       2048 kB
Hugetlb:               0 kB
DirectMap4k:     2693952 kB
DirectMap2M:     5281792 kB
DirectMap1G:    58720256 kB

