MemTotal:       65439348 kB
MemFree:        64151292 kB
MemAvailable:   63943392 kB
Buffers:           43508 kB
Cached:           323872 kB
SwapCached:            0 kB
Active:           139272 kB
Inactive:         295660 kB
Active(anon):       3256 kB
Inactive(anon):    79780 kB
Active(file):     136016 kB
Inactive(file):   215880 kB
Unevictable:       19496 kB
Mlocked:           19496 kB
SwapTotal:       1996796 kB
SwapFree:        1996796 kB
Dirty:               720 kB
Writeback:             0 kB
AnonPages:         86592 kB
Mapped:            89128 kB
Shmem:              6384 kB
KReclaimable:      73032 kB
Slab:             300496 kB
SReclaimable:      73032 kB
SUnreclaim:       227464 kB
KernelStack:       10256 kB
PageTables:         3184 kB
NFS_Unstable:          0 kB
Bounce:                0 kB
WritebackTmp:          0 kB
CommitLimit:    34716468 kB
Committed_AS:     837872 kB
VmallocTotal:   34359738367 kB
VmallocUsed:       40312 kB
VmallocChunk:          0 kB
Percpu:           140544 kB
HardwareCorrupted:     0 kB
AnonHugePages:         0 kB
ShmemHugePages:        0 kB
ShmemPmdMapped:        0 kB
FileHugePages:         0 kB
FilePmdMapped:         0 kB
HugePages_Total:       0
HugePages_Free:        0
HugePages_Rsvd:        0
HugePages_Surp:        0
Hugepagesize:       2048 kB
Hugetlb:               0 kB
DirectMap4k:     2700096 kB
DirectMap2M:     5275648 kB
DirectMap1G:    58720256 kB

