MemTotal:       65439348 kB
MemFree:        63701308 kB
MemAvailable:   63811888 kB
Buffers:           58584 kB
Cached:           619080 kB
SwapCached:            0 kB
Active:           211488 kB
Inactive:         528096 kB
Active(anon):       3248 kB
Inactive(anon):    74168 kB
Active(file):     208240 kB
Inactive(file):   453928 kB
Unevictable:       19496 kB
Mlocked:           19496 kB
SwapTotal:       1996796 kB
SwapFree:        1996796 kB
Dirty:               716 kB
Writeback:             0 kB
AnonPages:         81340 kB
Mapped:            88492 kB
Shmem:              6380 kB
KReclaimable:      89444 kB
Slab:             328732 kB
SReclaimable:      89444 kB
SUnreclaim:       239288 kB
KernelStack:       10016 kB
PageTables:         2644 kB
NFS_Unstable:          0 kB
Bounce:                0 kB
WritebackTmp:          0 kB
CommitLimit:    34716468 kB
Committed_AS:     807652 kB
VmallocTotal:   34359738367 kB
VmallocUsed:       44968 kB
VmallocChunk:          0 kB
Percpu:           250176 kB
HardwareCorrupted:     0 kB
AnonHugePages:         0 kB
ShmemHugePages:        0 kB
ShmemPmdMapped:        0 kB
FileHugePages:         0 kB
FilePmdMapped:         0 kB
HugePages_Total:       0
HugePages_Free:        0
HugePages_Rsvd:        0
HugePages_Surp:        0
Hugepagesize:       2048 kB
Hugetlb:               0 kB
DirectMap4k:     2831168 kB
DirectMap2M:     5144576 kB
DirectMap1G:    58720256 kB

