MemTotal:       65439348 kB
MemFree:        63816836 kB
MemAvailable:   63873932 kB
Buffers:           52024 kB
Cached:           575052 kB
SwapCached:            0 kB
Active:           199296 kB
Inactive:         488488 kB
Active(anon):       3240 kB
Inactive(anon):    72952 kB
Active(file):     196056 kB
Inactive(file):   415536 kB
Unevictable:       19496 kB
Mlocked:           19496 kB
SwapTotal:       1996796 kB
SwapFree:        1996796 kB
Dirty:               156 kB
Writeback:             0 kB
AnonPages:         80304 kB
Mapped:            84524 kB
Shmem:              6376 kB
KReclaimable:      83632 kB
Slab:             317512 kB
SReclaimable:      83632 kB
SUnreclaim:       233880 kB
KernelStack:       10080 kB
PageTables:         2444 kB
NFS_Unstable:          0 kB
Bounce:                0 kB
WritebackTmp:          0 kB
CommitLimit:    34716468 kB
Committed_AS:     808036 kB
VmallocTotal:   34359738367 kB
VmallocUsed:       42776 kB
VmallocChunk:          0 kB
Percpu:           201984 kB
HardwareCorrupted:     0 kB
AnonHugePages:         0 kB
ShmemHugePages:        0 kB
ShmemPmdMapped:        0 kB
FileHugePages:         0 kB
FilePmdMapped:         0 kB
HugePages_Total:       0
HugePages_Free:        0
HugePages_Rsvd:        0
HugePages_Surp:        0
Hugepagesize:       2048 kB
Hugetlb:               0 kB
DirectMap4k:     2769728 kB
DirectMap2M:     5206016 kB
DirectMap1G:    58720256 kB

