MemTotal:       65439348 kB
MemFree:        64282768 kB
MemAvailable:   64006116 kB
Buffers:           36400 kB
Cached:           265356 kB
SwapCached:            0 kB
Active:           129220 kB
Inactive:         232656 kB
Active(anon):       3232 kB
Inactive(anon):    72380 kB
Active(file):     125988 kB
Inactive(file):   160276 kB
Unevictable:       19496 kB
Mlocked:           19496 kB
SwapTotal:       1996796 kB
SwapFree:        1996796 kB
Dirty:               636 kB
Writeback:             0 kB
AnonPages:         80200 kB
Mapped:            75908 kB
Shmem:              6376 kB
KReclaimable:      66792 kB
Slab:             288972 kB
SReclaimable:      66792 kB
SUnreclaim:       222180 kB
KernelStack:       10016 kB
PageTables:         2628 kB
NFS_Unstable:          0 kB
Bounce:                0 kB
WritebackTmp:          0 kB
CommitLimit:    34716468 kB
Committed_AS:     790356 kB
VmallocTotal:   34359738367 kB
VmallocUsed:       38420 kB
VmallocChunk:          0 kB
Percpu:            96576 kB
HardwareCorrupted:     0 kB
AnonHugePages:         0 kB
ShmemHugePages:        0 kB
ShmemPmdMapped:        0 kB
FileHugePages:         0 kB
FilePmdMapped:         0 kB
HugePages_Total:       0
HugePages_Free:        0
HugePages_Rsvd:        0
HugePages_Surp:        0
Hugepagesize:       2048 kB
Hugetlb:               0 kB
DirectMap4k:     2345792 kB
DirectMap2M:     5629952 kB
DirectMap1G:    58720256 kB

