MemTotal:       65439348 kB
MemFree:        63810776 kB
MemAvailable:   63870900 kB
Buffers:           52348 kB
Cached:           577520 kB
SwapCached:            0 kB
Active:           199648 kB
Inactive:         493316 kB
Active(anon):       3260 kB
Inactive(anon):    75308 kB
Active(file):     196388 kB
Inactive(file):   418008 kB
Unevictable:       19496 kB
Mlocked:           19496 kB
SwapTotal:       1996796 kB
SwapFree:        1996796 kB
Dirty:               652 kB
Writeback:             0 kB
AnonPages:         82760 kB
Mapped:            85876 kB
Shmem:              6372 kB
KReclaimable:      84076 kB
Slab:             318740 kB
SReclaimable:      84076 kB
SUnreclaim:       234664 kB
KernelStack:       10192 kB
PageTables:         2436 kB
NFS_Unstable:          0 kB
Bounce:                0 kB
WritebackTmp:          0 kB
CommitLimit:    34716468 kB
Committed_AS:     807648 kB
VmallocTotal:   34359738367 kB
VmallocUsed:       42760 kB
VmallocChunk:          0 kB
Percpu:           205056 kB
HardwareCorrupted:     0 kB
AnonHugePages:         0 kB
ShmemHugePages:        0 kB
ShmemPmdMapped:        0 kB
FileHugePages:         0 kB
FilePmdMapped:         0 kB
HugePages_Total:       0
HugePages_Free:        0
HugePages_Rsvd:        0
HugePages_Surp:        0
Hugepagesize:       2048 kB
Hugetlb:               0 kB
DirectMap4k:     2773824 kB
DirectMap2M:     5201920 kB
DirectMap1G:    58720256 kB

