MemTotal:       65439348 kB
MemFree:        63743028 kB
MemAvailable:   63832172 kB
Buffers:           56108 kB
Cached:           601292 kB
SwapCached:            0 kB
Active:           204072 kB
Inactive:         519272 kB
Active(anon):       3252 kB
Inactive(anon):    78180 kB
Active(file):     200820 kB
Inactive(file):   441092 kB
Unevictable:       19496 kB
Mlocked:           19496 kB
SwapTotal:       1996796 kB
SwapFree:        1996796 kB
Dirty:               276 kB
Writeback:             0 kB
AnonPages:         85996 kB
Mapped:            96324 kB
Shmem:              6380 kB
KReclaimable:      87084 kB
Slab:             323876 kB
SReclaimable:      87084 kB
SUnreclaim:       236792 kB
KernelStack:       10176 kB
PageTables:         2584 kB
NFS_Unstable:          0 kB
Bounce:                0 kB
WritebackTmp:          0 kB
CommitLimit:    34716468 kB
Committed_AS:     854428 kB
VmallocTotal:   34359738367 kB
VmallocUsed:       44072 kB
VmallocChunk:          0 kB
Percpu:           230976 kB
HardwareCorrupted:     0 kB
AnonHugePages:         0 kB
ShmemHugePages:        0 kB
ShmemPmdMapped:        0 kB
FileHugePages:         0 kB
FilePmdMapped:         0 kB
HugePages_Total:       0
HugePages_Free:        0
HugePages_Rsvd:        0
HugePages_Surp:        0
Hugepagesize:       2048 kB
Hugetlb:               0 kB
DirectMap4k:     2808640 kB
DirectMap2M:     5167104 kB
DirectMap1G:    58720256 kB

