MemTotal:       65439348 kB
MemFree:        64265328 kB
MemAvailable:   63997872 kB
Buffers:           37640 kB
Cached:           272760 kB
SwapCached:            0 kB
Active:           130468 kB
Inactive:         242576 kB
Active(anon):       3220 kB
Inactive(anon):    74900 kB
Active(file):     127248 kB
Inactive(file):   167676 kB
Unevictable:       19496 kB
Mlocked:           19496 kB
SwapTotal:       1996796 kB
SwapFree:        1996796 kB
Dirty:               776 kB
Writeback:             0 kB
AnonPages:         82136 kB
Mapped:            76188 kB
Shmem:              6376 kB
KReclaimable:      67864 kB
Slab:             291108 kB
SReclaimable:      67864 kB
SUnreclaim:       223244 kB
KernelStack:       10096 kB
PageTables:         2512 kB
NFS_Unstable:          0 kB
Bounce:                0 kB
WritebackTmp:          0 kB
CommitLimit:    34716468 kB
Committed_AS:     790356 kB
VmallocTotal:   34359738367 kB
VmallocUsed:       38516 kB
VmallocChunk:          0 kB
Percpu:           100800 kB
HardwareCorrupted:     0 kB
AnonHugePages:         0 kB
ShmemHugePages:        0 kB
ShmemPmdMapped:        0 kB
FileHugePages:         0 kB
FilePmdMapped:         0 kB
HugePages_Total:       0
HugePages_Free:        0
HugePages_Rsvd:        0
HugePages_Surp:        0
Hugepagesize:       2048 kB
Hugetlb:               0 kB
DirectMap4k:     2466624 kB
DirectMap2M:     5509120 kB
DirectMap1G:    58720256 kB

