MemTotal:       65439348 kB
MemFree:        64243436 kB
MemAvailable:   63987864 kB
Buffers:           38888 kB
Cached:           282884 kB
SwapCached:            0 kB
Active:           132620 kB
Inactive:         249560 kB
Active(anon):       3228 kB
Inactive(anon):    72656 kB
Active(file):     129392 kB
Inactive(file):   176904 kB
Unevictable:       19496 kB
Mlocked:           19496 kB
SwapTotal:       1996796 kB
SwapFree:        1996796 kB
Dirty:               688 kB
Writeback:             0 kB
AnonPages:         79964 kB
Mapped:            77372 kB
Shmem:              6376 kB
KReclaimable:      68884 kB
Slab:             293224 kB
SReclaimable:      68884 kB
SUnreclaim:       224340 kB
KernelStack:       10128 kB
PageTables:         2196 kB
NFS_Unstable:          0 kB
Bounce:                0 kB
WritebackTmp:          0 kB
CommitLimit:    34716468 kB
Committed_AS:     790364 kB
VmallocTotal:   34359738367 kB
VmallocUsed:       38936 kB
VmallocChunk:          0 kB
Percpu:           110400 kB
HardwareCorrupted:     0 kB
AnonHugePages:         0 kB
ShmemHugePages:        0 kB
ShmemPmdMapped:        0 kB
FileHugePages:         0 kB
FilePmdMapped:         0 kB
HugePages_Total:       0
HugePages_Free:        0
HugePages_Rsvd:        0
HugePages_Surp:        0
Hugepagesize:       2048 kB
Hugetlb:               0 kB
DirectMap4k:     2620224 kB
DirectMap2M:     5355520 kB
DirectMap1G:    58720256 kB

