MemTotal:       65439348 kB
MemFree:        64289164 kB
MemAvailable:   64005856 kB
Buffers:           35592 kB
Cached:           259872 kB
SwapCached:            0 kB
Active:           128380 kB
Inactive:         227060 kB
Active(anon):       3216 kB
Inactive(anon):    72268 kB
Active(file):     125164 kB
Inactive(file):   154792 kB
Unevictable:       19496 kB
Mlocked:           19496 kB
SwapTotal:       1996796 kB
SwapFree:        1996796 kB
Dirty:               204 kB
Writeback:             0 kB
AnonPages:         79596 kB
Mapped:            75148 kB
Shmem:              6376 kB
KReclaimable:      66096 kB
Slab:             288432 kB
SReclaimable:      66096 kB
SUnreclaim:       222336 kB
KernelStack:        9952 kB
PageTables:         2400 kB
NFS_Unstable:          0 kB
Bounce:                0 kB
WritebackTmp:          0 kB
CommitLimit:    34716468 kB
Committed_AS:     790616 kB
VmallocTotal:   34359738367 kB
VmallocUsed:       38388 kB
VmallocChunk:          0 kB
Percpu:            96576 kB
HardwareCorrupted:     0 kB
AnonHugePages:         0 kB
ShmemHugePages:        0 kB
ShmemPmdMapped:        0 kB
FileHugePages:         0 kB
FilePmdMapped:         0 kB
HugePages_Total:       0
HugePages_Free:        0
HugePages_Rsvd:        0
HugePages_Surp:        0
Hugepagesize:       2048 kB
Hugetlb:               0 kB
DirectMap4k:     2261824 kB
DirectMap2M:     5713920 kB
DirectMap1G:    58720256 kB

