MemTotal:       65439348 kB
MemFree:        64283648 kB
MemAvailable:   64004616 kB
Buffers:           36096 kB
Cached:           263412 kB
SwapCached:            0 kB
Active:           128908 kB
Inactive:         230712 kB
Active(anon):       3216 kB
Inactive(anon):    72380 kB
Active(file):     125692 kB
Inactive(file):   158332 kB
Unevictable:       19496 kB
Mlocked:           19496 kB
SwapTotal:       1996796 kB
SwapFree:        1996796 kB
Dirty:               672 kB
Writeback:             0 kB
AnonPages:         79688 kB
Mapped:            75496 kB
Shmem:              6376 kB
KReclaimable:      66512 kB
Slab:             288920 kB
SReclaimable:      66512 kB
SUnreclaim:       222408 kB
KernelStack:       10064 kB
PageTables:         2400 kB
NFS_Unstable:          0 kB
Bounce:                0 kB
WritebackTmp:          0 kB
CommitLimit:    34716468 kB
Committed_AS:     790616 kB
VmallocTotal:   34359738367 kB
VmallocUsed:       38548 kB
VmallocChunk:          0 kB
Percpu:            96576 kB
HardwareCorrupted:     0 kB
AnonHugePages:         0 kB
ShmemHugePages:        0 kB
ShmemPmdMapped:        0 kB
FileHugePages:         0 kB
FilePmdMapped:         0 kB
HugePages_Total:       0
HugePages_Free:        0
HugePages_Rsvd:        0
HugePages_Surp:        0
Hugepagesize:       2048 kB
Hugetlb:               0 kB
DirectMap4k:     2317120 kB
DirectMap2M:     5658624 kB
DirectMap1G:    58720256 kB

