MemTotal:       65439348 kB
MemFree:        64320156 kB
MemAvailable:   64016448 kB
Buffers:           31136 kB
Cached:           247428 kB
SwapCached:            0 kB
Active:           122288 kB
Inactive:         216644 kB
Active(anon):       3216 kB
Inactive(anon):    72636 kB
Active(file):     119072 kB
Inactive(file):   144008 kB
Unevictable:       19496 kB
Mlocked:           19496 kB
SwapTotal:       1996796 kB
SwapFree:        1996796 kB
Dirty:               156 kB
Writeback:             0 kB
AnonPages:         79980 kB
Mapped:            74356 kB
Shmem:              6376 kB
KReclaimable:      56244 kB
Slab:             276656 kB
SReclaimable:      56244 kB
SUnreclaim:       220412 kB
KernelStack:        9936 kB
PageTables:         2440 kB
NFS_Unstable:          0 kB
Bounce:                0 kB
WritebackTmp:          0 kB
CommitLimit:    34716468 kB
Committed_AS:     790356 kB
VmallocTotal:   34359738367 kB
VmallocUsed:       38436 kB
VmallocChunk:          0 kB
Percpu:            96576 kB
HardwareCorrupted:     0 kB
AnonHugePages:         0 kB
ShmemHugePages:        0 kB
ShmemPmdMapped:        0 kB
FileHugePages:         0 kB
FilePmdMapped:         0 kB
HugePages_Total:       0
HugePages_Free:        0
HugePages_Rsvd:        0
HugePages_Surp:        0
Hugepagesize:       2048 kB
Hugetlb:               0 kB
DirectMap4k:     2100032 kB
DirectMap2M:     5875712 kB
DirectMap1G:    58720256 kB

