MemTotal:       65439348 kB
MemFree:        63900372 kB
MemAvailable:   63916112 kB
Buffers:           47100 kB
Cached:           541028 kB
SwapCached:            0 kB
Active:           155400 kB
Inactive:         493688 kB
Active(anon):       3240 kB
Inactive(anon):    73204 kB
Active(file):     152160 kB
Inactive(file):   420484 kB
Unevictable:       19496 kB
Mlocked:           19496 kB
SwapTotal:       1996796 kB
SwapFree:        1996796 kB
Dirty:               744 kB
Writeback:             0 kB
AnonPages:         80552 kB
Mapped:            82068 kB
Shmem:              6376 kB
KReclaimable:      78812 kB
Slab:             309204 kB
SReclaimable:      78812 kB
SUnreclaim:       230392 kB
KernelStack:       10096 kB
PageTables:         2468 kB
NFS_Unstable:          0 kB
Bounce:                0 kB
WritebackTmp:          0 kB
CommitLimit:    34716468 kB
Committed_AS:     799588 kB
VmallocTotal:   34359738367 kB
VmallocUsed:       41212 kB
VmallocChunk:          0 kB
Percpu:           167040 kB
HardwareCorrupted:     0 kB
AnonHugePages:         0 kB
ShmemHugePages:        0 kB
ShmemPmdMapped:        0 kB
FileHugePages:         0 kB
FilePmdMapped:         0 kB
HugePages_Total:       0
HugePages_Free:        0
HugePages_Rsvd:        0
HugePages_Surp:        0
Hugepagesize:       2048 kB
Hugetlb:               0 kB
DirectMap4k:     2730816 kB
DirectMap2M:     5244928 kB
DirectMap1G:    58720256 kB

