MemTotal:       65439348 kB
MemFree:        64196572 kB
MemAvailable:   63969444 kB
Buffers:           41136 kB
Cached:           308120 kB
SwapCached:            0 kB
Active:           136556 kB
Inactive:         278532 kB
Active(anon):       3248 kB
Inactive(anon):    78072 kB
Active(file):     133308 kB
Inactive(file):   200460 kB
Unevictable:       19496 kB
Mlocked:           19496 kB
SwapTotal:       1996796 kB
SwapFree:        1996796 kB
Dirty:               264 kB
Writeback:             0 kB
AnonPages:         85436 kB
Mapped:            87872 kB
Shmem:              6380 kB
KReclaimable:      70828 kB
Slab:             295724 kB
SReclaimable:      70828 kB
SUnreclaim:       224896 kB
KernelStack:       10128 kB
PageTables:         2576 kB
NFS_Unstable:          0 kB
Bounce:                0 kB
WritebackTmp:          0 kB
CommitLimit:    34716468 kB
Committed_AS:     837872 kB
VmallocTotal:   34359738367 kB
VmallocUsed:       39796 kB
VmallocChunk:          0 kB
Percpu:           123264 kB
HardwareCorrupted:     0 kB
AnonHugePages:         0 kB
ShmemHugePages:        0 kB
ShmemPmdMapped:        0 kB
FileHugePages:         0 kB
FilePmdMapped:         0 kB
HugePages_Total:       0
HugePages_Free:        0
HugePages_Rsvd:        0
HugePages_Surp:        0
Hugepagesize:       2048 kB
Hugetlb:               0 kB
DirectMap4k:     2673472 kB
DirectMap2M:     5302272 kB
DirectMap1G:    58720256 kB

