MemTotal:       65439348 kB
MemFree:        63798920 kB
MemAvailable:   63865324 kB
Buffers:           53032 kB
Cached:           582808 kB
SwapCached:            0 kB
Active:           200300 kB
Inactive:         496520 kB
Active(anon):       3244 kB
Inactive(anon):    73228 kB
Active(file):     197056 kB
Inactive(file):   423292 kB
Unevictable:       19496 kB
Mlocked:           19496 kB
SwapTotal:       1996796 kB
SwapFree:        1996796 kB
Dirty:               144 kB
Writeback:             0 kB
AnonPages:         80736 kB
Mapped:            85380 kB
Shmem:              6376 kB
KReclaimable:      84736 kB
Slab:             318908 kB
SReclaimable:      84736 kB
SUnreclaim:       234172 kB
KernelStack:       10048 kB
PageTables:         2504 kB
NFS_Unstable:          0 kB
Bounce:                0 kB
WritebackTmp:          0 kB
CommitLimit:    34716468 kB
Committed_AS:     808040 kB
VmallocTotal:   34359738367 kB
VmallocUsed:       43132 kB
VmallocChunk:          0 kB
Percpu:           210432 kB
HardwareCorrupted:     0 kB
AnonHugePages:         0 kB
ShmemHugePages:        0 kB
ShmemPmdMapped:        0 kB
FileHugePages:         0 kB
FilePmdMapped:         0 kB
HugePages_Total:       0
HugePages_Free:        0
HugePages_Rsvd:        0
HugePages_Surp:        0
Hugepagesize:       2048 kB
Hugetlb:               0 kB
DirectMap4k:     2782016 kB
DirectMap2M:     5193728 kB
DirectMap1G:    58720256 kB

