MemTotal:       65439348 kB
MemFree:        64171660 kB
MemAvailable:   63954324 kB
Buffers:           42308 kB
Cached:           316144 kB
SwapCached:            0 kB
Active:           137736 kB
Inactive:         288776 kB
Active(anon):       3248 kB
Inactive(anon):    80296 kB
Active(file):     134488 kB
Inactive(file):   208480 kB
Unevictable:       19496 kB
Mlocked:           19496 kB
SwapTotal:       1996796 kB
SwapFree:        1996796 kB
Dirty:               632 kB
Writeback:             0 kB
AnonPages:         87172 kB
Mapped:            89344 kB
Shmem:              6380 kB
KReclaimable:      72016 kB
Slab:             298848 kB
SReclaimable:      72016 kB
SUnreclaim:       226832 kB
KernelStack:       10208 kB
PageTables:         3004 kB
NFS_Unstable:          0 kB
Bounce:                0 kB
WritebackTmp:          0 kB
CommitLimit:    34716468 kB
Committed_AS:     837616 kB
VmallocTotal:   34359738367 kB
VmallocUsed:       39652 kB
VmallocChunk:          0 kB
Percpu:           132096 kB
HardwareCorrupted:     0 kB
AnonHugePages:         0 kB
ShmemHugePages:        0 kB
ShmemPmdMapped:        0 kB
FileHugePages:         0 kB
FilePmdMapped:         0 kB
HugePages_Total:       0
HugePages_Free:        0
HugePages_Rsvd:        0
HugePages_Surp:        0
Hugepagesize:       2048 kB
Hugetlb:               0 kB
DirectMap4k:     2687808 kB
DirectMap2M:     5287936 kB
DirectMap1G:    58720256 kB

