MemTotal:       65439348 kB
MemFree:        64271432 kB
MemAvailable:   64001308 kB
Buffers:           37200 kB
Cached:           270664 kB
SwapCached:            0 kB
Active:           129972 kB
Inactive:         237920 kB
Active(anon):       3212 kB
Inactive(anon):    72340 kB
Active(file):     126760 kB
Inactive(file):   165580 kB
Unevictable:       19496 kB
Mlocked:           19496 kB
SwapTotal:       1996796 kB
SwapFree:        1996796 kB
Dirty:                72 kB
Writeback:             0 kB
AnonPages:         79640 kB
Mapped:            75940 kB
Shmem:              6376 kB
KReclaimable:      67696 kB
Slab:             290708 kB
SReclaimable:      67696 kB
SUnreclaim:       223012 kB
KernelStack:        9872 kB
PageTables:         2228 kB
NFS_Unstable:          0 kB
Bounce:                0 kB
WritebackTmp:          0 kB
CommitLimit:    34716468 kB
Committed_AS:     790360 kB
VmallocTotal:   34359738367 kB
VmallocUsed:       38356 kB
VmallocChunk:          0 kB
Percpu:            98304 kB
HardwareCorrupted:     0 kB
AnonHugePages:         0 kB
ShmemHugePages:        0 kB
ShmemPmdMapped:        0 kB
FileHugePages:         0 kB
FilePmdMapped:         0 kB
HugePages_Total:       0
HugePages_Free:        0
HugePages_Rsvd:        0
HugePages_Surp:        0
Hugepagesize:       2048 kB
Hugetlb:               0 kB
DirectMap4k:     2427712 kB
DirectMap2M:     5548032 kB
DirectMap1G:    58720256 kB

