MemTotal:       65439348 kB
MemFree:        63758060 kB
MemAvailable:   63841112 kB
Buffers:           55216 kB
Cached:           596404 kB
SwapCached:            0 kB
Active:           203192 kB
Inactive:         514320 kB
Active(anon):       3252 kB
Inactive(anon):    78124 kB
Active(file):     199940 kB
Inactive(file):   436196 kB
Unevictable:       19496 kB
Mlocked:           19496 kB
SwapTotal:       1996796 kB
SwapFree:        1996796 kB
Dirty:               676 kB
Writeback:             0 kB
AnonPages:         85936 kB
Mapped:            95960 kB
Shmem:              6380 kB
KReclaimable:      86452 kB
Slab:             322188 kB
SReclaimable:      86452 kB
SUnreclaim:       235736 kB
KernelStack:       10096 kB
PageTables:         2604 kB
NFS_Unstable:          0 kB
Bounce:                0 kB
WritebackTmp:          0 kB
CommitLimit:    34716468 kB
Committed_AS:     854044 kB
VmallocTotal:   34359738367 kB
VmallocUsed:       43976 kB
VmallocChunk:          0 kB
Percpu:           225600 kB
HardwareCorrupted:     0 kB
AnonHugePages:         0 kB
ShmemHugePages:        0 kB
ShmemPmdMapped:        0 kB
FileHugePages:         0 kB
FilePmdMapped:         0 kB
HugePages_Total:       0
HugePages_Free:        0
HugePages_Rsvd:        0
HugePages_Surp:        0
Hugepagesize:       2048 kB
Hugetlb:               0 kB
DirectMap4k:     2800448 kB
DirectMap2M:     5175296 kB
DirectMap1G:    58720256 kB

