MemTotal:       65439348 kB
MemFree:        63720660 kB
MemAvailable:   63822748 kB
Buffers:           57632 kB
Cached:           612008 kB
SwapCached:            0 kB
Active:           205592 kB
Inactive:         530124 kB
Active(anon):       3248 kB
Inactive(anon):    78324 kB
Active(file):     202344 kB
Inactive(file):   451800 kB
Unevictable:       19496 kB
Mlocked:           19496 kB
SwapTotal:       1996796 kB
SwapFree:        1996796 kB
Dirty:               896 kB
Writeback:             0 kB
AnonPages:         85672 kB
Mapped:            97124 kB
Shmem:              6380 kB
KReclaimable:      88512 kB
Slab:             325460 kB
SReclaimable:      88512 kB
SUnreclaim:       236948 kB
KernelStack:       10144 kB
PageTables:         2724 kB
NFS_Unstable:          0 kB
Bounce:                0 kB
WritebackTmp:          0 kB
CommitLimit:    34716468 kB
Committed_AS:     854044 kB
VmallocTotal:   34359738367 kB
VmallocUsed:       44444 kB
VmallocChunk:          0 kB
Percpu:           242496 kB
HardwareCorrupted:     0 kB
AnonHugePages:         0 kB
ShmemHugePages:        0 kB
ShmemPmdMapped:        0 kB
FileHugePages:         0 kB
FilePmdMapped:         0 kB
HugePages_Total:       0
HugePages_Free:        0
HugePages_Rsvd:        0
HugePages_Surp:        0
Hugepagesize:       2048 kB
Hugetlb:               0 kB
DirectMap4k:     2818880 kB
DirectMap2M:     5156864 kB
DirectMap1G:    58720256 kB

