MemTotal:       65439348 kB
MemFree:        63900748 kB
MemAvailable:   63917288 kB
Buffers:           47184 kB
Cached:           541684 kB
SwapCached:            0 kB
Active:           155496 kB
Inactive:         493760 kB
Active(anon):       3244 kB
Inactive(anon):    72620 kB
Active(file):     152252 kB
Inactive(file):   421140 kB
Unevictable:       19496 kB
Mlocked:           19496 kB
SwapTotal:       1996796 kB
SwapFree:        1996796 kB
Dirty:               876 kB
Writeback:             0 kB
AnonPages:         80000 kB
Mapped:            82516 kB
Shmem:              6376 kB
KReclaimable:      78916 kB
Slab:             309196 kB
SReclaimable:      78916 kB
SUnreclaim:       230280 kB
KernelStack:       10016 kB
PageTables:         2500 kB
NFS_Unstable:          0 kB
Bounce:                0 kB
WritebackTmp:          0 kB
CommitLimit:    34716468 kB
Committed_AS:     799204 kB
VmallocTotal:   34359738367 kB
VmallocUsed:       41084 kB
VmallocChunk:          0 kB
Percpu:           167616 kB
HardwareCorrupted:     0 kB
AnonHugePages:         0 kB
ShmemHugePages:        0 kB
ShmemPmdMapped:        0 kB
FileHugePages:         0 kB
FilePmdMapped:         0 kB
HugePages_Total:       0
HugePages_Free:        0
HugePages_Rsvd:        0
HugePages_Surp:        0
Hugepagesize:       2048 kB
Hugetlb:               0 kB
DirectMap4k:     2732864 kB
DirectMap2M:     5242880 kB
DirectMap1G:    58720256 kB

