MemTotal:       65439348 kB
MemFree:        63747532 kB
MemAvailable:   63834832 kB
Buffers:           55856 kB
Cached:           599824 kB
SwapCached:            0 kB
Active:           203796 kB
Inactive:         517884 kB
Active(anon):       3240 kB
Inactive(anon):    78268 kB
Active(file):     200556 kB
Inactive(file):   439616 kB
Unevictable:       19496 kB
Mlocked:           19496 kB
SwapTotal:       1996796 kB
SwapFree:        1996796 kB
Dirty:               736 kB
Writeback:             0 kB
AnonPages:         85544 kB
Mapped:            96320 kB
Shmem:              6380 kB
KReclaimable:      86876 kB
Slab:             323312 kB
SReclaimable:      86876 kB
SUnreclaim:       236436 kB
KernelStack:       10128 kB
PageTables:         2656 kB
NFS_Unstable:          0 kB
Bounce:                0 kB
WritebackTmp:          0 kB
CommitLimit:    34716468 kB
Committed_AS:     854036 kB
VmallocTotal:   34359738367 kB
VmallocUsed:       43944 kB
VmallocChunk:          0 kB
Percpu:           229248 kB
HardwareCorrupted:     0 kB
AnonHugePages:         0 kB
ShmemHugePages:        0 kB
ShmemPmdMapped:        0 kB
FileHugePages:         0 kB
FilePmdMapped:         0 kB
HugePages_Total:       0
HugePages_Free:        0
HugePages_Rsvd:        0
HugePages_Surp:        0
Hugepagesize:       2048 kB
Hugetlb:               0 kB
DirectMap4k:     2806592 kB
DirectMap2M:     5169152 kB
DirectMap1G:    58720256 kB

