MemTotal:       65439348 kB
MemFree:        63717520 kB
MemAvailable:   63820692 kB
Buffers:           57756 kB
Cached:           612896 kB
SwapCached:            0 kB
Active:           205716 kB
Inactive:         531024 kB
Active(anon):       3248 kB
Inactive(anon):    78336 kB
Active(file):     202468 kB
Inactive(file):   452688 kB
Unevictable:       19496 kB
Mlocked:           19496 kB
SwapTotal:       1996796 kB
SwapFree:        1996796 kB
Dirty:               676 kB
Writeback:             0 kB
AnonPages:         85704 kB
Mapped:            97176 kB
Shmem:              6380 kB
KReclaimable:      88652 kB
Slab:             326360 kB
SReclaimable:      88652 kB
SUnreclaim:       237708 kB
KernelStack:       10128 kB
PageTables:         2616 kB
NFS_Unstable:          0 kB
Bounce:                0 kB
WritebackTmp:          0 kB
CommitLimit:    34716468 kB
Committed_AS:     854432 kB
VmallocTotal:   34359738367 kB
VmallocUsed:       44492 kB
VmallocChunk:          0 kB
Percpu:           243648 kB
HardwareCorrupted:     0 kB
AnonHugePages:         0 kB
ShmemHugePages:        0 kB
ShmemPmdMapped:        0 kB
FileHugePages:         0 kB
FilePmdMapped:         0 kB
HugePages_Total:       0
HugePages_Free:        0
HugePages_Rsvd:        0
HugePages_Surp:        0
Hugepagesize:       2048 kB
Hugetlb:               0 kB
DirectMap4k:     2818880 kB
DirectMap2M:     5156864 kB
DirectMap1G:    58720256 kB

