MemTotal:       65439348 kB
MemFree:        64162336 kB
MemAvailable:   63950640 kB
Buffers:           43040 kB
Cached:           320748 kB
SwapCached:            0 kB
Active:           138464 kB
Inactive:         291300 kB
Active(anon):       3244 kB
Inactive(anon):    78220 kB
Active(file):     135220 kB
Inactive(file):   213080 kB
Unevictable:       19496 kB
Mlocked:           19496 kB
SwapTotal:       1996796 kB
SwapFree:        1996796 kB
Dirty:               708 kB
Writeback:             0 kB
AnonPages:         85584 kB
Mapped:            88896 kB
Shmem:              6380 kB
KReclaimable:      72632 kB
Slab:             299588 kB
SReclaimable:      72632 kB
SUnreclaim:       226956 kB
KernelStack:       10080 kB
PageTables:         2588 kB
NFS_Unstable:          0 kB
Bounce:                0 kB
WritebackTmp:          0 kB
CommitLimit:    34716468 kB
Committed_AS:     838000 kB
VmallocTotal:   34359738367 kB
VmallocUsed:       40328 kB
VmallocChunk:          0 kB
Percpu:           137088 kB
HardwareCorrupted:     0 kB
AnonHugePages:         0 kB
ShmemHugePages:        0 kB
ShmemPmdMapped:        0 kB
FileHugePages:         0 kB
FilePmdMapped:         0 kB
HugePages_Total:       0
HugePages_Free:        0
HugePages_Rsvd:        0
HugePages_Surp:        0
Hugepagesize:       2048 kB
Hugetlb:               0 kB
DirectMap4k:     2696000 kB
DirectMap2M:     5279744 kB
DirectMap1G:    58720256 kB

