MemTotal:       65439348 kB
MemFree:        63719808 kB
MemAvailable:   63823860 kB
Buffers:           57900 kB
Cached:           613600 kB
SwapCached:            0 kB
Active:           210800 kB
Inactive:         521360 kB
Active(anon):       3240 kB
Inactive(anon):    72908 kB
Active(file):     207560 kB
Inactive(file):   448452 kB
Unevictable:       19496 kB
Mlocked:           19496 kB
SwapTotal:       1996796 kB
SwapFree:        1996796 kB
Dirty:                 0 kB
Writeback:             0 kB
AnonPages:         80300 kB
Mapped:            87800 kB
Shmem:              6376 kB
KReclaimable:      88700 kB
Slab:             326196 kB
SReclaimable:      88700 kB
SUnreclaim:       237496 kB
KernelStack:        9920 kB
PageTables:         2456 kB
NFS_Unstable:          0 kB
Bounce:                0 kB
WritebackTmp:          0 kB
CommitLimit:    34716468 kB
Committed_AS:     808036 kB
VmallocTotal:   34359738367 kB
VmallocUsed:       44292 kB
VmallocChunk:          0 kB
Percpu:           244224 kB
HardwareCorrupted:     0 kB
AnonHugePages:         0 kB
ShmemHugePages:        0 kB
ShmemPmdMapped:        0 kB
FileHugePages:         0 kB
FilePmdMapped:         0 kB
HugePages_Total:       0
HugePages_Free:        0
HugePages_Rsvd:        0
HugePages_Surp:        0
Hugepagesize:       2048 kB
Hugetlb:               0 kB
DirectMap4k:     2820928 kB
DirectMap2M:     5154816 kB
DirectMap1G:    58720256 kB

