MemTotal:       65439348 kB
MemFree:        63738420 kB
MemAvailable:   63829176 kB
Buffers:           56280 kB
Cached:           602604 kB
SwapCached:            0 kB
Active:           204248 kB
Inactive:         520812 kB
Active(anon):       3244 kB
Inactive(anon):    78412 kB
Active(file):     201004 kB
Inactive(file):   442400 kB
Unevictable:       19496 kB
Mlocked:           19496 kB
SwapTotal:       1996796 kB
SwapFree:        1996796 kB
Dirty:               144 kB
Writeback:             0 kB
AnonPages:         85728 kB
Mapped:            96444 kB
Shmem:              6380 kB
KReclaimable:      87324 kB
Slab:             324760 kB
SReclaimable:      87324 kB
SUnreclaim:       237436 kB
KernelStack:       10176 kB
PageTables:         2668 kB
NFS_Unstable:          0 kB
Bounce:                0 kB
WritebackTmp:          0 kB
CommitLimit:    34716468 kB
Committed_AS:     854424 kB
VmallocTotal:   34359738367 kB
VmallocUsed:       44088 kB
VmallocChunk:          0 kB
Percpu:           232320 kB
HardwareCorrupted:     0 kB
AnonHugePages:         0 kB
ShmemHugePages:        0 kB
ShmemPmdMapped:        0 kB
FileHugePages:         0 kB
FilePmdMapped:         0 kB
HugePages_Total:       0
HugePages_Free:        0
HugePages_Rsvd:        0
HugePages_Surp:        0
Hugepagesize:       2048 kB
Hugetlb:               0 kB
DirectMap4k:     2810688 kB
DirectMap2M:     5165056 kB
DirectMap1G:    58720256 kB

