MemTotal:       65439348 kB
MemFree:        63786256 kB
MemAvailable:   63859380 kB
Buffers:           53944 kB
Cached:           588300 kB
SwapCached:            0 kB
Active:           201236 kB
Inactive:         502108 kB
Active(anon):       3252 kB
Inactive(anon):    73328 kB
Active(file):     197984 kB
Inactive(file):   428780 kB
Unevictable:       19496 kB
Mlocked:           19496 kB
SwapTotal:       1996796 kB
SwapFree:        1996796 kB
Dirty:               676 kB
Writeback:             0 kB
AnonPages:         80780 kB
Mapped:            85948 kB
Shmem:              6376 kB
KReclaimable:      85340 kB
Slab:             320188 kB
SReclaimable:      85340 kB
SUnreclaim:       234848 kB
KernelStack:       10016 kB
PageTables:         2560 kB
NFS_Unstable:          0 kB
Bounce:                0 kB
WritebackTmp:          0 kB
CommitLimit:    34716468 kB
Committed_AS:     807652 kB
VmallocTotal:   34359738367 kB
VmallocUsed:       43164 kB
VmallocChunk:          0 kB
Percpu:           217152 kB
HardwareCorrupted:     0 kB
AnonHugePages:         0 kB
ShmemHugePages:        0 kB
ShmemPmdMapped:        0 kB
FileHugePages:         0 kB
FilePmdMapped:         0 kB
HugePages_Total:       0
HugePages_Free:        0
HugePages_Rsvd:        0
HugePages_Surp:        0
Hugepagesize:       2048 kB
Hugetlb:               0 kB
DirectMap4k:     2790208 kB
DirectMap2M:     5185536 kB
DirectMap1G:    58720256 kB

