MemTotal:       65439348 kB
MemFree:        63699776 kB
MemAvailable:   63812620 kB
Buffers:           58880 kB
Cached:           620876 kB
SwapCached:            0 kB
Active:           211796 kB
Inactive:         528536 kB
Active(anon):       3248 kB
Inactive(anon):    72804 kB
Active(file):     208548 kB
Inactive(file):   455732 kB
Unevictable:       19496 kB
Mlocked:           19496 kB
SwapTotal:       1996796 kB
SwapFree:        1996796 kB
Dirty:               756 kB
Writeback:             0 kB
AnonPages:         80692 kB
Mapped:            88560 kB
Shmem:              6376 kB
KReclaimable:      89748 kB
Slab:             328876 kB
SReclaimable:      89748 kB
SUnreclaim:       239128 kB
KernelStack:       10016 kB
PageTables:         2636 kB
NFS_Unstable:          0 kB
Bounce:                0 kB
WritebackTmp:          0 kB
CommitLimit:    34716468 kB
Committed_AS:     807648 kB
VmallocTotal:   34359738367 kB
VmallocUsed:       44744 kB
VmallocChunk:          0 kB
Percpu:           252096 kB
HardwareCorrupted:     0 kB
AnonHugePages:         0 kB
ShmemHugePages:        0 kB
ShmemPmdMapped:        0 kB
FileHugePages:         0 kB
FilePmdMapped:         0 kB
HugePages_Total:       0
HugePages_Free:        0
HugePages_Rsvd:        0
HugePages_Surp:        0
Hugepagesize:       2048 kB
Hugetlb:               0 kB
DirectMap4k:     2831168 kB
DirectMap2M:     5144576 kB
DirectMap1G:    58720256 kB

