MemTotal:       65439348 kB
MemFree:        64178432 kB
MemAvailable:   63958656 kB
Buffers:           42008 kB
Cached:           314144 kB
SwapCached:            0 kB
Active:           137436 kB
Inactive:         284640 kB
Active(anon):       3248 kB
Inactive(anon):    78168 kB
Active(file):     134188 kB
Inactive(file):   206472 kB
Unevictable:       19496 kB
Mlocked:           19496 kB
SwapTotal:       1996796 kB
SwapFree:        1996796 kB
Dirty:               184 kB
Writeback:             0 kB
AnonPages:         85548 kB
Mapped:            88224 kB
Shmem:              6380 kB
KReclaimable:      71748 kB
Slab:             297672 kB
SReclaimable:      71748 kB
SUnreclaim:       225924 kB
KernelStack:       10096 kB
PageTables:         2580 kB
NFS_Unstable:          0 kB
Bounce:                0 kB
WritebackTmp:          0 kB
CommitLimit:    34716468 kB
Committed_AS:     838008 kB
VmallocTotal:   34359738367 kB
VmallocUsed:       39732 kB
VmallocChunk:          0 kB
Percpu:           129792 kB
HardwareCorrupted:     0 kB
AnonHugePages:         0 kB
ShmemHugePages:        0 kB
ShmemPmdMapped:        0 kB
FileHugePages:         0 kB
FilePmdMapped:         0 kB
HugePages_Total:       0
HugePages_Free:        0
HugePages_Rsvd:        0
HugePages_Surp:        0
Hugepagesize:       2048 kB
Hugetlb:               0 kB
DirectMap4k:     2681664 kB
DirectMap2M:     5294080 kB
DirectMap1G:    58720256 kB

