MemTotal:       65439348 kB
MemFree:        64225816 kB
MemAvailable:   63978960 kB
Buffers:           39936 kB
Cached:           290120 kB
SwapCached:            0 kB
Active:           133640 kB
Inactive:         257052 kB
Active(anon):       3220 kB
Inactive(anon):    72912 kB
Active(file):     130420 kB
Inactive(file):   184140 kB
Unevictable:       19496 kB
Mlocked:           19496 kB
SwapTotal:       1996796 kB
SwapFree:        1996796 kB
Dirty:               884 kB
Writeback:             0 kB
AnonPages:         80176 kB
Mapped:            78508 kB
Shmem:              6380 kB
KReclaimable:      69792 kB
Slab:             294796 kB
SReclaimable:      69792 kB
SUnreclaim:       225004 kB
KernelStack:       10112 kB
PageTables:         2368 kB
NFS_Unstable:          0 kB
Bounce:                0 kB
WritebackTmp:          0 kB
CommitLimit:    34716468 kB
Committed_AS:     790360 kB
VmallocTotal:   34359738367 kB
VmallocUsed:       38936 kB
VmallocChunk:          0 kB
Percpu:           118272 kB
HardwareCorrupted:     0 kB
AnonHugePages:         0 kB
ShmemHugePages:        0 kB
ShmemPmdMapped:        0 kB
FileHugePages:         0 kB
FilePmdMapped:         0 kB
HugePages_Total:       0
HugePages_Free:        0
HugePages_Rsvd:        0
HugePages_Surp:        0
Hugepagesize:       2048 kB
Hugetlb:               0 kB
DirectMap4k:     2663232 kB
DirectMap2M:     5312512 kB
DirectMap1G:    58720256 kB

