MemTotal:       65439348 kB
MemFree:        64257412 kB
MemAvailable:   63993696 kB
Buffers:           38032 kB
Cached:           275972 kB
SwapCached:            0 kB
Active:           130848 kB
Inactive:         243268 kB
Active(anon):       3216 kB
Inactive(anon):    72380 kB
Active(file):     127632 kB
Inactive(file):   170888 kB
Unevictable:       19496 kB
Mlocked:           19496 kB
SwapTotal:       1996796 kB
SwapFree:        1996796 kB
Dirty:               156 kB
Writeback:             0 kB
AnonPages:         79712 kB
Mapped:            76728 kB
Shmem:              6376 kB
KReclaimable:      68152 kB
Slab:             291736 kB
SReclaimable:      68152 kB
SUnreclaim:       223584 kB
KernelStack:       10032 kB
PageTables:         2400 kB
NFS_Unstable:          0 kB
Bounce:                0 kB
WritebackTmp:          0 kB
CommitLimit:    34716468 kB
Committed_AS:     790616 kB
VmallocTotal:   34359738367 kB
VmallocUsed:       38420 kB
VmallocChunk:          0 kB
Percpu:           103680 kB
HardwareCorrupted:     0 kB
AnonHugePages:         0 kB
ShmemHugePages:        0 kB
ShmemPmdMapped:        0 kB
FileHugePages:         0 kB
FilePmdMapped:         0 kB
HugePages_Total:       0
HugePages_Free:        0
HugePages_Rsvd:        0
HugePages_Surp:        0
Hugepagesize:       2048 kB
Hugetlb:               0 kB
DirectMap4k:     2517824 kB
DirectMap2M:     5457920 kB
DirectMap1G:    58720256 kB

