MemTotal:       65439348 kB
MemFree:        64222796 kB
MemAvailable:   63979264 kB
Buffers:           40344 kB
Cached:           292824 kB
SwapCached:            0 kB
Active:           134088 kB
Inactive:         260852 kB
Active(anon):       3240 kB
Inactive(anon):    74012 kB
Active(file):     130848 kB
Inactive(file):   186840 kB
Unevictable:       19496 kB
Mlocked:           19496 kB
SwapTotal:       1996796 kB
SwapFree:        1996796 kB
Dirty:               600 kB
Writeback:             0 kB
AnonPages:         81296 kB
Mapped:            78332 kB
Shmem:              6380 kB
KReclaimable:      70184 kB
Slab:             294936 kB
SReclaimable:      70184 kB
SUnreclaim:       224752 kB
KernelStack:        9984 kB
PageTables:         2460 kB
NFS_Unstable:          0 kB
Bounce:                0 kB
WritebackTmp:          0 kB
CommitLimit:    34716468 kB
Committed_AS:     790364 kB
VmallocTotal:   34359738367 kB
VmallocUsed:       39516 kB
VmallocChunk:          0 kB
Percpu:           121152 kB
HardwareCorrupted:     0 kB
AnonHugePages:         0 kB
ShmemHugePages:        0 kB
ShmemPmdMapped:        0 kB
FileHugePages:         0 kB
FilePmdMapped:         0 kB
HugePages_Total:       0
HugePages_Free:        0
HugePages_Rsvd:        0
HugePages_Surp:        0
Hugepagesize:       2048 kB
Hugetlb:               0 kB
DirectMap4k:     2669376 kB
DirectMap2M:     5306368 kB
DirectMap1G:    58720256 kB

