MemTotal:       65439348 kB
MemFree:        64173556 kB
MemAvailable:   63953556 kB
Buffers:           41980 kB
Cached:           313952 kB
SwapCached:            0 kB
Active:           137408 kB
Inactive:         285312 kB
Active(anon):       3240 kB
Inactive(anon):    79028 kB
Active(file):     134168 kB
Inactive(file):   206284 kB
Unevictable:       19496 kB
Mlocked:           19496 kB
SwapTotal:       1996796 kB
SwapFree:        1996796 kB
Dirty:               600 kB
Writeback:             0 kB
AnonPages:         86220 kB
Mapped:            88680 kB
Shmem:              6380 kB
KReclaimable:      71720 kB
Slab:             298144 kB
SReclaimable:      71720 kB
SUnreclaim:       226424 kB
KernelStack:       10176 kB
PageTables:         2548 kB
NFS_Unstable:          0 kB
Bounce:                0 kB
WritebackTmp:          0 kB
CommitLimit:    34716468 kB
Committed_AS:     837616 kB
VmallocTotal:   34359738367 kB
VmallocUsed:       39764 kB
VmallocChunk:          0 kB
Percpu:           129792 kB
HardwareCorrupted:     0 kB
AnonHugePages:         0 kB
ShmemHugePages:        0 kB
ShmemPmdMapped:        0 kB
FileHugePages:         0 kB
FilePmdMapped:         0 kB
HugePages_Total:       0
HugePages_Free:        0
HugePages_Rsvd:        0
HugePages_Surp:        0
Hugepagesize:       2048 kB
Hugetlb:               0 kB
DirectMap4k:     2681664 kB
DirectMap2M:     5294080 kB
DirectMap1G:    58720256 kB

