MemTotal:       65439348 kB
MemFree:        64317988 kB
MemAvailable:   64014892 kB
Buffers:           31288 kB
Cached:           248428 kB
SwapCached:            0 kB
Active:           122436 kB
Inactive:         219340 kB
Active(anon):       3204 kB
Inactive(anon):    74332 kB
Active(file):     119232 kB
Inactive(file):   145008 kB
Unevictable:       19496 kB
Mlocked:           19496 kB
SwapTotal:       1996796 kB
SwapFree:        1996796 kB
Dirty:               684 kB
Writeback:             0 kB
AnonPages:         82596 kB
Mapped:            74320 kB
Shmem:              6372 kB
KReclaimable:      56312 kB
Slab:             276272 kB
SReclaimable:      56312 kB
SUnreclaim:       219960 kB
KernelStack:        9952 kB
PageTables:         2472 kB
NFS_Unstable:          0 kB
Bounce:                0 kB
WritebackTmp:          0 kB
CommitLimit:    34716468 kB
Committed_AS:     790100 kB
VmallocTotal:   34359738367 kB
VmallocUsed:       38420 kB
VmallocChunk:          0 kB
Percpu:            96576 kB
HardwareCorrupted:     0 kB
AnonHugePages:         0 kB
ShmemHugePages:        0 kB
ShmemPmdMapped:        0 kB
FileHugePages:         0 kB
FilePmdMapped:         0 kB
HugePages_Total:       0
HugePages_Free:        0
HugePages_Rsvd:        0
HugePages_Surp:        0
Hugepagesize:       2048 kB
Hugetlb:               0 kB
DirectMap4k:     2116416 kB
DirectMap2M:     5859328 kB
DirectMap1G:    58720256 kB

