MemTotal:       65439348 kB
MemFree:        63731716 kB
MemAvailable:   63828332 kB
Buffers:           57076 kB
Cached:           607388 kB
SwapCached:            0 kB
Active:           205048 kB
Inactive:         526564 kB
Active(anon):       3252 kB
Inactive(anon):    79384 kB
Active(file):     201796 kB
Inactive(file):   447180 kB
Unevictable:       19496 kB
Mlocked:           19496 kB
SwapTotal:       1996796 kB
SwapFree:        1996796 kB
Dirty:               584 kB
Writeback:             0 kB
AnonPages:         86324 kB
Mapped:            96888 kB
Shmem:              6380 kB
KReclaimable:      87904 kB
Slab:             323928 kB
SReclaimable:      87904 kB
SUnreclaim:       236024 kB
KernelStack:       10192 kB
PageTables:         2684 kB
NFS_Unstable:          0 kB
Bounce:                0 kB
WritebackTmp:          0 kB
CommitLimit:    34716468 kB
Committed_AS:     854040 kB
VmallocTotal:   34359738367 kB
VmallocUsed:       44540 kB
VmallocChunk:          0 kB
Percpu:           237696 kB
HardwareCorrupted:     0 kB
AnonHugePages:         0 kB
ShmemHugePages:        0 kB
ShmemPmdMapped:        0 kB
FileHugePages:         0 kB
FilePmdMapped:         0 kB
HugePages_Total:       0
HugePages_Free:        0
HugePages_Rsvd:        0
HugePages_Surp:        0
Hugepagesize:       2048 kB
Hugetlb:               0 kB
DirectMap4k:     2812736 kB
DirectMap2M:     5163008 kB
DirectMap1G:    58720256 kB

