MemTotal:       65439348 kB
MemFree:        63712336 kB
MemAvailable:   63820440 kB
Buffers:           58352 kB
Cached:           616956 kB
SwapCached:            0 kB
Active:           211284 kB
Inactive:         527120 kB
Active(anon):       3260 kB
Inactive(anon):    75312 kB
Active(file):     208024 kB
Inactive(file):   451808 kB
Unevictable:       19496 kB
Mlocked:           19496 kB
SwapTotal:       1996796 kB
SwapFree:        1996796 kB
Dirty:               624 kB
Writeback:             0 kB
AnonPages:         82124 kB
Mapped:            88476 kB
Shmem:              6376 kB
KReclaimable:      89164 kB
Slab:             327256 kB
SReclaimable:      89164 kB
SUnreclaim:       238092 kB
KernelStack:       10192 kB
PageTables:         3008 kB
NFS_Unstable:          0 kB
Bounce:                0 kB
WritebackTmp:          0 kB
CommitLimit:    34716468 kB
Committed_AS:     807652 kB
VmallocTotal:   34359738367 kB
VmallocUsed:       44340 kB
VmallocChunk:          0 kB
Percpu:           247872 kB
HardwareCorrupted:     0 kB
AnonHugePages:         0 kB
ShmemHugePages:        0 kB
ShmemPmdMapped:        0 kB
FileHugePages:         0 kB
FilePmdMapped:         0 kB
HugePages_Total:       0
HugePages_Free:        0
HugePages_Rsvd:        0
HugePages_Surp:        0
Hugepagesize:       2048 kB
Hugetlb:               0 kB
DirectMap4k:     2825024 kB
DirectMap2M:     5150720 kB
DirectMap1G:    58720256 kB

