MemTotal:       65439348 kB
MemFree:        63803612 kB
MemAvailable:   63868408 kB
Buffers:           52864 kB
Cached:           581452 kB
SwapCached:            0 kB
Active:           200156 kB
Inactive:         494720 kB
Active(anon):       3260 kB
Inactive(anon):    72788 kB
Active(file):     196896 kB
Inactive(file):   421932 kB
Unevictable:       19496 kB
Mlocked:           19496 kB
SwapTotal:       1996796 kB
SwapFree:        1996796 kB
Dirty:               712 kB
Writeback:             0 kB
AnonPages:         80100 kB
Mapped:            85408 kB
Shmem:              6380 kB
KReclaimable:      84556 kB
Slab:             318756 kB
SReclaimable:      84556 kB
SUnreclaim:       234200 kB
KernelStack:       10016 kB
PageTables:         2412 kB
NFS_Unstable:          0 kB
Bounce:                0 kB
WritebackTmp:          0 kB
CommitLimit:    34716468 kB
Committed_AS:     807648 kB
VmallocTotal:   34359738367 kB
VmallocUsed:       42712 kB
VmallocChunk:          0 kB
Percpu:           209280 kB
HardwareCorrupted:     0 kB
AnonHugePages:         0 kB
ShmemHugePages:        0 kB
ShmemPmdMapped:        0 kB
FileHugePages:         0 kB
FilePmdMapped:         0 kB
HugePages_Total:       0
HugePages_Free:        0
HugePages_Rsvd:        0
HugePages_Surp:        0
Hugepagesize:       2048 kB
Hugetlb:               0 kB
DirectMap4k:     2779968 kB
DirectMap2M:     5195776 kB
DirectMap1G:    58720256 kB

