MemTotal:       65439348 kB
MemFree:        63889484 kB
MemAvailable:   63910192 kB
Buffers:           47660 kB
Cached:           545216 kB
SwapCached:            0 kB
Active:           155940 kB
Inactive:         498568 kB
Active(anon):       3240 kB
Inactive(anon):    73888 kB
Active(file):     152700 kB
Inactive(file):   424680 kB
Unevictable:       19496 kB
Mlocked:           19496 kB
SwapTotal:       1996796 kB
SwapFree:        1996796 kB
Dirty:               732 kB
Writeback:             0 kB
AnonPages:         80696 kB
Mapped:            81964 kB
Shmem:              6376 kB
KReclaimable:      79280 kB
Slab:             309168 kB
SReclaimable:      79280 kB
SUnreclaim:       229888 kB
KernelStack:       10176 kB
PageTables:         2892 kB
NFS_Unstable:          0 kB
Bounce:                0 kB
WritebackTmp:          0 kB
CommitLimit:    34716468 kB
Committed_AS:     799200 kB
VmallocTotal:   34359738367 kB
VmallocUsed:       41760 kB
VmallocChunk:          0 kB
Percpu:           171840 kB
HardwareCorrupted:     0 kB
AnonHugePages:         0 kB
ShmemHugePages:        0 kB
ShmemPmdMapped:        0 kB
FileHugePages:         0 kB
FilePmdMapped:         0 kB
HugePages_Total:       0
HugePages_Free:        0
HugePages_Rsvd:        0
HugePages_Surp:        0
Hugepagesize:       2048 kB
Hugetlb:               0 kB
DirectMap4k:     2736960 kB
DirectMap2M:     5238784 kB
DirectMap1G:    58720256 kB

