MemTotal:       65439348 kB
MemFree:        64170372 kB
MemAvailable:   63954320 kB
Buffers:           42440 kB
Cached:           317216 kB
SwapCached:            0 kB
Active:           137860 kB
Inactive:         287564 kB
Active(anon):       3240 kB
Inactive(anon):    78016 kB
Active(file):     134620 kB
Inactive(file):   209548 kB
Unevictable:       19496 kB
Mlocked:           19496 kB
SwapTotal:       1996796 kB
SwapFree:        1996796 kB
Dirty:               900 kB
Writeback:             0 kB
AnonPages:         85760 kB
Mapped:            88536 kB
Shmem:              6380 kB
KReclaimable:      72184 kB
Slab:             299560 kB
SReclaimable:      72184 kB
SUnreclaim:       227376 kB
KernelStack:       10176 kB
PageTables:         2744 kB
NFS_Unstable:          0 kB
Bounce:                0 kB
WritebackTmp:          0 kB
CommitLimit:    34716468 kB
Committed_AS:     838004 kB
VmallocTotal:   34359738367 kB
VmallocUsed:       40232 kB
VmallocChunk:          0 kB
Percpu:           133440 kB
HardwareCorrupted:     0 kB
AnonHugePages:         0 kB
ShmemHugePages:        0 kB
ShmemPmdMapped:        0 kB
FileHugePages:         0 kB
FilePmdMapped:         0 kB
HugePages_Total:       0
HugePages_Free:        0
HugePages_Rsvd:        0
HugePages_Surp:        0
Hugepagesize:       2048 kB
Hugetlb:               0 kB
DirectMap4k:     2691904 kB
DirectMap2M:     5283840 kB
DirectMap1G:    58720256 kB

