MemTotal:       65439348 kB
MemFree:        63843620 kB
MemAvailable:   63887068 kB
Buffers:           50352 kB
Cached:           563836 kB
SwapCached:            0 kB
Active:           197616 kB
Inactive:         477128 kB
Active(anon):       3240 kB
Inactive(anon):    72808 kB
Active(file):     194376 kB
Inactive(file):   404320 kB
Unevictable:       19496 kB
Mlocked:           19496 kB
SwapTotal:       1996796 kB
SwapFree:        1996796 kB
Dirty:                12 kB
Writeback:             0 kB
AnonPages:         80160 kB
Mapped:            83784 kB
Shmem:              6376 kB
KReclaimable:      82124 kB
Slab:             312916 kB
SReclaimable:      82124 kB
SUnreclaim:       230792 kB
KernelStack:       10000 kB
PageTables:         2448 kB
NFS_Unstable:          0 kB
Bounce:                0 kB
WritebackTmp:          0 kB
CommitLimit:    34716468 kB
Committed_AS:     807780 kB
VmallocTotal:   34359738367 kB
VmallocUsed:       42212 kB
VmallocChunk:          0 kB
Percpu:           189888 kB
HardwareCorrupted:     0 kB
AnonHugePages:         0 kB
ShmemHugePages:        0 kB
ShmemPmdMapped:        0 kB
FileHugePages:         0 kB
FilePmdMapped:         0 kB
HugePages_Total:       0
HugePages_Free:        0
HugePages_Rsvd:        0
HugePages_Surp:        0
Hugepagesize:       2048 kB
Hugetlb:               0 kB
DirectMap4k:     2755392 kB
DirectMap2M:     5220352 kB
DirectMap1G:    58720256 kB

