MemTotal:       65439348 kB
MemFree:        64315676 kB
MemAvailable:   64013232 kB
Buffers:           31488 kB
Cached:           249476 kB
SwapCached:            0 kB
Active:           122644 kB
Inactive:         218640 kB
Active(anon):       3212 kB
Inactive(anon):    72584 kB
Active(file):     119432 kB
Inactive(file):   146056 kB
Unevictable:       19496 kB
Mlocked:           19496 kB
SwapTotal:       1996796 kB
SwapFree:        1996796 kB
Dirty:               600 kB
Writeback:             0 kB
AnonPages:         79908 kB
Mapped:            74504 kB
Shmem:              6376 kB
KReclaimable:      56368 kB
Slab:             276912 kB
SReclaimable:      56368 kB
SUnreclaim:       220544 kB
KernelStack:        9968 kB
PageTables:         2392 kB
NFS_Unstable:          0 kB
Bounce:                0 kB
WritebackTmp:          0 kB
CommitLimit:    34716468 kB
Committed_AS:     790100 kB
VmallocTotal:   34359738367 kB
VmallocUsed:       38356 kB
VmallocChunk:          0 kB
Percpu:            96576 kB
HardwareCorrupted:     0 kB
AnonHugePages:         0 kB
ShmemHugePages:        0 kB
ShmemPmdMapped:        0 kB
FileHugePages:         0 kB
FilePmdMapped:         0 kB
HugePages_Total:       0
HugePages_Free:        0
HugePages_Rsvd:        0
HugePages_Surp:        0
Hugepagesize:       2048 kB
Hugetlb:               0 kB
DirectMap4k:     2132800 kB
DirectMap2M:     5842944 kB
DirectMap1G:    58720256 kB

