MemTotal:       65439348 kB
MemFree:        64326860 kB
MemAvailable:   64020068 kB
Buffers:           30200 kB
Cached:           242408 kB
SwapCached:            0 kB
Active:           121356 kB
Inactive:         211216 kB
Active(anon):       3216 kB
Inactive(anon):    72224 kB
Active(file):     118140 kB
Inactive(file):   138992 kB
Unevictable:       19496 kB
Mlocked:           19496 kB
SwapTotal:       1996796 kB
SwapFree:        1996796 kB
Dirty:                 0 kB
Writeback:             0 kB
AnonPages:         79536 kB
Mapped:            73964 kB
Shmem:              6376 kB
KReclaimable:      56020 kB
Slab:             276556 kB
SReclaimable:      56020 kB
SUnreclaim:       220536 kB
KernelStack:        9904 kB
PageTables:         2388 kB
NFS_Unstable:          0 kB
Bounce:                0 kB
WritebackTmp:          0 kB
CommitLimit:    34716468 kB
Committed_AS:     790360 kB
VmallocTotal:   34359738367 kB
VmallocUsed:       38292 kB
VmallocChunk:          0 kB
Percpu:            96576 kB
HardwareCorrupted:     0 kB
AnonHugePages:         0 kB
ShmemHugePages:        0 kB
ShmemPmdMapped:        0 kB
FileHugePages:         0 kB
FilePmdMapped:         0 kB
HugePages_Total:       0
HugePages_Free:        0
HugePages_Rsvd:        0
HugePages_Surp:        0
Hugepagesize:       2048 kB
Hugetlb:               0 kB
DirectMap4k:     2030400 kB
DirectMap2M:     5945344 kB
DirectMap1G:    58720256 kB

