MemTotal:       65439348 kB
MemFree:        63697676 kB
MemAvailable:   63811120 kB
Buffers:           58944 kB
Cached:           621412 kB
SwapCached:            0 kB
Active:           211848 kB
Inactive:         529256 kB
Active(anon):       3244 kB
Inactive(anon):    72988 kB
Active(file):     208604 kB
Inactive(file):   456268 kB
Unevictable:       19496 kB
Mlocked:           19496 kB
SwapTotal:       1996796 kB
SwapFree:        1996796 kB
Dirty:               148 kB
Writeback:             0 kB
AnonPages:         80340 kB
Mapped:            88460 kB
Shmem:              6376 kB
KReclaimable:      89764 kB
Slab:             328772 kB
SReclaimable:      89764 kB
SUnreclaim:       239008 kB
KernelStack:        9984 kB
PageTables:         2452 kB
NFS_Unstable:          0 kB
Bounce:                0 kB
WritebackTmp:          0 kB
CommitLimit:    34716468 kB
Committed_AS:     808036 kB
VmallocTotal:   34359738367 kB
VmallocUsed:       44888 kB
VmallocChunk:          0 kB
Percpu:           252672 kB
HardwareCorrupted:     0 kB
AnonHugePages:         0 kB
ShmemHugePages:        0 kB
ShmemPmdMapped:        0 kB
FileHugePages:         0 kB
FilePmdMapped:         0 kB
HugePages_Total:       0
HugePages_Free:        0
HugePages_Rsvd:        0
HugePages_Surp:        0
Hugepagesize:       2048 kB
Hugetlb:               0 kB
DirectMap4k:     2835264 kB
DirectMap2M:     5140480 kB
DirectMap1G:    58720256 kB

