MemTotal:       65439348 kB
MemFree:        63785204 kB
MemAvailable:   63856688 kB
Buffers:           53688 kB
Cached:           587004 kB
SwapCached:            0 kB
Active:           200992 kB
Inactive:         501272 kB
Active(anon):       3260 kB
Inactive(anon):    73796 kB
Active(file):     197732 kB
Inactive(file):   427476 kB
Unevictable:       19496 kB
Mlocked:           19496 kB
SwapTotal:       1996796 kB
SwapFree:        1996796 kB
Dirty:               600 kB
Writeback:             0 kB
AnonPages:         81416 kB
Mapped:            86332 kB
Shmem:              6380 kB
KReclaimable:      85172 kB
Slab:             319832 kB
SReclaimable:      85172 kB
SUnreclaim:       234660 kB
KernelStack:        9936 kB
PageTables:         2420 kB
NFS_Unstable:          0 kB
Bounce:                0 kB
WritebackTmp:          0 kB
CommitLimit:    34716468 kB
Committed_AS:     807652 kB
VmallocTotal:   34359738367 kB
VmallocUsed:       43228 kB
VmallocChunk:          0 kB
Percpu:           215232 kB
HardwareCorrupted:     0 kB
AnonHugePages:         0 kB
ShmemHugePages:        0 kB
ShmemPmdMapped:        0 kB
FileHugePages:         0 kB
FilePmdMapped:         0 kB
HugePages_Total:       0
HugePages_Free:        0
HugePages_Rsvd:        0
HugePages_Surp:        0
Hugepagesize:       2048 kB
Hugetlb:               0 kB
DirectMap4k:     2788160 kB
DirectMap2M:     5187584 kB
DirectMap1G:    58720256 kB

