MemTotal:       65439348 kB
MemFree:        63925600 kB
MemAvailable:   63928968 kB
Buffers:           45584 kB
Cached:           530816 kB
SwapCached:            0 kB
Active:           153896 kB
Inactive:         484156 kB
Active(anon):       3244 kB
Inactive(anon):    73884 kB
Active(file):     150652 kB
Inactive(file):   410272 kB
Unevictable:       19496 kB
Mlocked:           19496 kB
SwapTotal:       1996796 kB
SwapFree:        1996796 kB
Dirty:               648 kB
Writeback:             0 kB
AnonPages:         81232 kB
Mapped:            82180 kB
Shmem:              6376 kB
KReclaimable:      77512 kB
Slab:             307564 kB
SReclaimable:      77512 kB
SUnreclaim:       230052 kB
KernelStack:       10112 kB
PageTables:         2336 kB
NFS_Unstable:          0 kB
Bounce:                0 kB
WritebackTmp:          0 kB
CommitLimit:    34716468 kB
Committed_AS:     799204 kB
VmallocTotal:   34359738367 kB
VmallocUsed:       40596 kB
VmallocChunk:          0 kB
Percpu:           155712 kB
HardwareCorrupted:     0 kB
AnonHugePages:         0 kB
ShmemHugePages:        0 kB
ShmemPmdMapped:        0 kB
FileHugePages:         0 kB
FilePmdMapped:         0 kB
HugePages_Total:       0
HugePages_Free:        0
HugePages_Rsvd:        0
HugePages_Surp:        0
Hugepagesize:       2048 kB
Hugetlb:               0 kB
DirectMap4k:     2718528 kB
DirectMap2M:     5257216 kB
DirectMap1G:    58720256 kB

