MemTotal:       65439348 kB
MemFree:        64150052 kB
MemAvailable:   63942524 kB
Buffers:           43576 kB
Cached:           324168 kB
SwapCached:            0 kB
Active:           139324 kB
Inactive:         294468 kB
Active(anon):       3248 kB
Inactive(anon):    78288 kB
Active(file):     136076 kB
Inactive(file):   216180 kB
Unevictable:       19496 kB
Mlocked:           19496 kB
SwapTotal:       1996796 kB
SwapFree:        1996796 kB
Dirty:               168 kB
Writeback:             0 kB
AnonPages:         85588 kB
Mapped:            89040 kB
Shmem:              6380 kB
KReclaimable:      73056 kB
Slab:             300512 kB
SReclaimable:      73056 kB
SUnreclaim:       227456 kB
KernelStack:       10080 kB
PageTables:         2572 kB
NFS_Unstable:          0 kB
Bounce:                0 kB
WritebackTmp:          0 kB
CommitLimit:    34716468 kB
Committed_AS:     838256 kB
VmallocTotal:   34359738367 kB
VmallocUsed:       40296 kB
VmallocChunk:          0 kB
Percpu:           140544 kB
HardwareCorrupted:     0 kB
AnonHugePages:         0 kB
ShmemHugePages:        0 kB
ShmemPmdMapped:        0 kB
FileHugePages:         0 kB
FilePmdMapped:         0 kB
HugePages_Total:       0
HugePages_Free:        0
HugePages_Rsvd:        0
HugePages_Surp:        0
Hugepagesize:       2048 kB
Hugetlb:               0 kB
DirectMap4k:     2700096 kB
DirectMap2M:     5275648 kB
DirectMap1G:    58720256 kB

