MemTotal:       65439348 kB
MemFree:        63911756 kB
MemAvailable:   63921568 kB
Buffers:           46352 kB
Cached:           536132 kB
SwapCached:            0 kB
Active:           154660 kB
Inactive:         489648 kB
Active(anon):       3248 kB
Inactive(anon):    74056 kB
Active(file):     151412 kB
Inactive(file):   415592 kB
Unevictable:       19496 kB
Mlocked:           19496 kB
SwapTotal:       1996796 kB
SwapFree:        1996796 kB
Dirty:               720 kB
Writeback:             0 kB
AnonPages:         81332 kB
Mapped:            81584 kB
Shmem:              6376 kB
KReclaimable:      78236 kB
Slab:             308012 kB
SReclaimable:      78236 kB
SUnreclaim:       229776 kB
KernelStack:       10144 kB
PageTables:         2352 kB
NFS_Unstable:          0 kB
Bounce:                0 kB
WritebackTmp:          0 kB
CommitLimit:    34716468 kB
Committed_AS:     799204 kB
VmallocTotal:   34359738367 kB
VmallocUsed:       41196 kB
VmallocChunk:          0 kB
Percpu:           161664 kB
HardwareCorrupted:     0 kB
AnonHugePages:         0 kB
ShmemHugePages:        0 kB
ShmemPmdMapped:        0 kB
FileHugePages:         0 kB
FilePmdMapped:         0 kB
HugePages_Total:       0
HugePages_Free:        0
HugePages_Rsvd:        0
HugePages_Surp:        0
Hugepagesize:       2048 kB
Hugetlb:               0 kB
DirectMap4k:     2726720 kB
DirectMap2M:     5249024 kB
DirectMap1G:    58720256 kB

