MemTotal:       65439348 kB
MemFree:        64168940 kB
MemAvailable:   63954604 kB
Buffers:           42688 kB
Cached:           318656 kB
SwapCached:            0 kB
Active:           138092 kB
Inactive:         291176 kB
Active(anon):       3248 kB
Inactive(anon):    80216 kB
Active(file):     134844 kB
Inactive(file):   210960 kB
Unevictable:       19496 kB
Mlocked:           19496 kB
SwapTotal:       1996796 kB
SwapFree:        1996796 kB
Dirty:               548 kB
Writeback:             0 kB
AnonPages:         88076 kB
Mapped:            89084 kB
Shmem:              6380 kB
KReclaimable:      72344 kB
Slab:             299328 kB
SReclaimable:      72344 kB
SUnreclaim:       226984 kB
KernelStack:       10256 kB
PageTables:         3072 kB
NFS_Unstable:          0 kB
Bounce:                0 kB
WritebackTmp:          0 kB
CommitLimit:    34716468 kB
Committed_AS:     837612 kB
VmallocTotal:   34359738367 kB
VmallocUsed:       40120 kB
VmallocChunk:          0 kB
Percpu:           134592 kB
HardwareCorrupted:     0 kB
AnonHugePages:         0 kB
ShmemHugePages:        0 kB
ShmemPmdMapped:        0 kB
FileHugePages:         0 kB
FilePmdMapped:         0 kB
HugePages_Total:       0
HugePages_Free:        0
HugePages_Rsvd:        0
HugePages_Surp:        0
Hugepagesize:       2048 kB
Hugetlb:               0 kB
DirectMap4k:     2693952 kB
DirectMap2M:     5281792 kB
DirectMap1G:    58720256 kB

