MemTotal:       65439348 kB
MemFree:        64139580 kB
MemAvailable:   63937996 kB
Buffers:           44268 kB
Cached:           328936 kB
SwapCached:            0 kB
Active:           140036 kB
Inactive:         300240 kB
Active(anon):       3260 kB
Inactive(anon):    79292 kB
Active(file):     136776 kB
Inactive(file):   220948 kB
Unevictable:       19496 kB
Mlocked:           19496 kB
SwapTotal:       1996796 kB
SwapFree:        1996796 kB
Dirty:               640 kB
Writeback:             0 kB
AnonPages:         86672 kB
Mapped:            89708 kB
Shmem:              6380 kB
KReclaimable:      74004 kB
Slab:             302016 kB
SReclaimable:      74004 kB
SUnreclaim:       228012 kB
KernelStack:       10192 kB
PageTables:         2820 kB
NFS_Unstable:          0 kB
Bounce:                0 kB
WritebackTmp:          0 kB
CommitLimit:    34716468 kB
Committed_AS:     837872 kB
VmallocTotal:   34359738367 kB
VmallocUsed:       40748 kB
VmallocChunk:          0 kB
Percpu:           146112 kB
HardwareCorrupted:     0 kB
AnonHugePages:         0 kB
ShmemHugePages:        0 kB
ShmemPmdMapped:        0 kB
FileHugePages:         0 kB
FilePmdMapped:         0 kB
HugePages_Total:       0
HugePages_Free:        0
HugePages_Rsvd:        0
HugePages_Surp:        0
Hugepagesize:       2048 kB
Hugetlb:               0 kB
DirectMap4k:     2706240 kB
DirectMap2M:     5269504 kB
DirectMap1G:    58720256 kB

