MemTotal:       65439348 kB
MemFree:        63923368 kB
MemAvailable:   63927396 kB
Buffers:           45684 kB
Cached:           531356 kB
SwapCached:            0 kB
Active:           153992 kB
Inactive:         483740 kB
Active(anon):       3244 kB
Inactive(anon):    72928 kB
Active(file):     150748 kB
Inactive(file):   410812 kB
Unevictable:       19496 kB
Mlocked:           19496 kB
SwapTotal:       1996796 kB
SwapFree:        1996796 kB
Dirty:               148 kB
Writeback:             0 kB
AnonPages:         80252 kB
Mapped:            81228 kB
Shmem:              6376 kB
KReclaimable:      77556 kB
Slab:             307088 kB
SReclaimable:      77556 kB
SUnreclaim:       229532 kB
KernelStack:       10016 kB
PageTables:         2432 kB
NFS_Unstable:          0 kB
Bounce:                0 kB
WritebackTmp:          0 kB
CommitLimit:    34716468 kB
Committed_AS:     799592 kB
VmallocTotal:   34359738367 kB
VmallocUsed:       40676 kB
VmallocChunk:          0 kB
Percpu:           156288 kB
HardwareCorrupted:     0 kB
AnonHugePages:         0 kB
ShmemHugePages:        0 kB
ShmemPmdMapped:        0 kB
FileHugePages:         0 kB
FilePmdMapped:         0 kB
HugePages_Total:       0
HugePages_Free:        0
HugePages_Rsvd:        0
HugePages_Surp:        0
Hugepagesize:       2048 kB
Hugetlb:               0 kB
DirectMap4k:     2718528 kB
DirectMap2M:     5257216 kB
DirectMap1G:    58720256 kB

