MemTotal:       65439348 kB
MemFree:        64279876 kB
MemAvailable:   64004296 kB
Buffers:           36520 kB
Cached:           266176 kB
SwapCached:            0 kB
Active:           129340 kB
Inactive:         233788 kB
Active(anon):       3212 kB
Inactive(anon):    72696 kB
Active(file):     126128 kB
Inactive(file):   161092 kB
Unevictable:       19496 kB
Mlocked:           19496 kB
SwapTotal:       1996796 kB
SwapFree:        1996796 kB
Dirty:               940 kB
Writeback:             0 kB
AnonPages:         80020 kB
Mapped:            75636 kB
Shmem:              6376 kB
KReclaimable:      67024 kB
Slab:             290056 kB
SReclaimable:      67024 kB
SUnreclaim:       223032 kB
KernelStack:       10032 kB
PageTables:         2512 kB
NFS_Unstable:          0 kB
Bounce:                0 kB
WritebackTmp:          0 kB
CommitLimit:    34716468 kB
Committed_AS:     790352 kB
VmallocTotal:   34359738367 kB
VmallocUsed:       38436 kB
VmallocChunk:          0 kB
Percpu:            96576 kB
HardwareCorrupted:     0 kB
AnonHugePages:         0 kB
ShmemHugePages:        0 kB
ShmemPmdMapped:        0 kB
FileHugePages:         0 kB
FilePmdMapped:         0 kB
HugePages_Total:       0
HugePages_Free:        0
HugePages_Rsvd:        0
HugePages_Surp:        0
Hugepagesize:       2048 kB
Hugetlb:               0 kB
DirectMap4k:     2360128 kB
DirectMap2M:     5615616 kB
DirectMap1G:    58720256 kB

