MemTotal:       65439348 kB
MemFree:        64141968 kB
MemAvailable:   63937824 kB
Buffers:           43988 kB
Cached:           326880 kB
SwapCached:            0 kB
Active:           139716 kB
Inactive:         297536 kB
Active(anon):       3248 kB
Inactive(anon):    78648 kB
Active(file):     136468 kB
Inactive(file):   218888 kB
Unevictable:       19496 kB
Mlocked:           19496 kB
SwapTotal:       1996796 kB
SwapFree:        1996796 kB
Dirty:               748 kB
Writeback:             0 kB
AnonPages:         85960 kB
Mapped:            89276 kB
Shmem:              6380 kB
KReclaimable:      73624 kB
Slab:             302596 kB
SReclaimable:      73624 kB
SUnreclaim:       228972 kB
KernelStack:       10080 kB
PageTables:         2632 kB
NFS_Unstable:          0 kB
Bounce:                0 kB
WritebackTmp:          0 kB
CommitLimit:    34716468 kB
Committed_AS:     838256 kB
VmallocTotal:   34359738367 kB
VmallocUsed:       40248 kB
VmallocChunk:          0 kB
Percpu:           144192 kB
HardwareCorrupted:     0 kB
AnonHugePages:         0 kB
ShmemHugePages:        0 kB
ShmemPmdMapped:        0 kB
FileHugePages:         0 kB
FilePmdMapped:         0 kB
HugePages_Total:       0
HugePages_Free:        0
HugePages_Rsvd:        0
HugePages_Surp:        0
Hugepagesize:       2048 kB
Hugetlb:               0 kB
DirectMap4k:     2702144 kB
DirectMap2M:     5273600 kB
DirectMap1G:    58720256 kB

