MemTotal:       65439348 kB
MemFree:        63907656 kB
MemAvailable:   63920660 kB
Buffers:           46792 kB
Cached:           538772 kB
SwapCached:            0 kB
Active:           155080 kB
Inactive:         491304 kB
Active(anon):       3244 kB
Inactive(anon):    73064 kB
Active(file):     151836 kB
Inactive(file):   418240 kB
Unevictable:       19496 kB
Mlocked:           19496 kB
SwapTotal:       1996796 kB
SwapFree:        1996796 kB
Dirty:               260 kB
Writeback:             0 kB
AnonPages:         80420 kB
Mapped:            81880 kB
Shmem:              6376 kB
KReclaimable:      78476 kB
Slab:             308660 kB
SReclaimable:      78476 kB
SUnreclaim:       230184 kB
KernelStack:       10000 kB
PageTables:         2436 kB
NFS_Unstable:          0 kB
Bounce:                0 kB
WritebackTmp:          0 kB
CommitLimit:    34716468 kB
Committed_AS:     799592 kB
VmallocTotal:   34359738367 kB
VmallocUsed:       41132 kB
VmallocChunk:          0 kB
Percpu:           164736 kB
HardwareCorrupted:     0 kB
AnonHugePages:         0 kB
ShmemHugePages:        0 kB
ShmemPmdMapped:        0 kB
FileHugePages:         0 kB
FilePmdMapped:         0 kB
HugePages_Total:       0
HugePages_Free:        0
HugePages_Rsvd:        0
HugePages_Surp:        0
Hugepagesize:       2048 kB
Hugetlb:               0 kB
DirectMap4k:     2728768 kB
DirectMap2M:     5246976 kB
DirectMap1G:    58720256 kB

