MemTotal:       65439348 kB
MemFree:        63842600 kB
MemAvailable:   63888260 kB
Buffers:           50660 kB
Cached:           565600 kB
SwapCached:            0 kB
Active:           197928 kB
Inactive:         479012 kB
Active(anon):       3244 kB
Inactive(anon):    72916 kB
Active(file):     194684 kB
Inactive(file):   406096 kB
Unevictable:       19496 kB
Mlocked:           19496 kB
SwapTotal:       1996796 kB
SwapFree:        1996796 kB
Dirty:               168 kB
Writeback:             0 kB
AnonPages:         80232 kB
Mapped:            83860 kB
Shmem:              6376 kB
KReclaimable:      82380 kB
Slab:             313860 kB
SReclaimable:      82380 kB
SUnreclaim:       231480 kB
KernelStack:       10064 kB
PageTables:         2436 kB
NFS_Unstable:          0 kB
Bounce:                0 kB
WritebackTmp:          0 kB
CommitLimit:    34716468 kB
Committed_AS:     807780 kB
VmallocTotal:   34359738367 kB
VmallocUsed:       42324 kB
VmallocChunk:          0 kB
Percpu:           191808 kB
HardwareCorrupted:     0 kB
AnonHugePages:         0 kB
ShmemHugePages:        0 kB
ShmemPmdMapped:        0 kB
FileHugePages:         0 kB
FilePmdMapped:         0 kB
HugePages_Total:       0
HugePages_Free:        0
HugePages_Rsvd:        0
HugePages_Surp:        0
Hugepagesize:       2048 kB
Hugetlb:               0 kB
DirectMap4k:     2757440 kB
DirectMap2M:     5218304 kB
DirectMap1G:    58720256 kB

