MemTotal:       65439348 kB
MemFree:        63700760 kB
MemAvailable:   63812668 kB
Buffers:           58736 kB
Cached:           620216 kB
SwapCached:            0 kB
Active:           211596 kB
Inactive:         528064 kB
Active(anon):       3244 kB
Inactive(anon):    72988 kB
Active(file):     208352 kB
Inactive(file):   455076 kB
Unevictable:       19496 kB
Mlocked:           19496 kB
SwapTotal:       1996796 kB
SwapFree:        1996796 kB
Dirty:                28 kB
Writeback:             0 kB
AnonPages:         80276 kB
Mapped:            88412 kB
Shmem:              6376 kB
KReclaimable:      89584 kB
Slab:             328888 kB
SReclaimable:      89584 kB
SUnreclaim:       239304 kB
KernelStack:       10000 kB
PageTables:         2452 kB
NFS_Unstable:          0 kB
Bounce:                0 kB
WritebackTmp:          0 kB
CommitLimit:    34716468 kB
Committed_AS:     808040 kB
VmallocTotal:   34359738367 kB
VmallocUsed:       44888 kB
VmallocChunk:          0 kB
Percpu:           251520 kB
HardwareCorrupted:     0 kB
AnonHugePages:         0 kB
ShmemHugePages:        0 kB
ShmemPmdMapped:        0 kB
FileHugePages:         0 kB
FilePmdMapped:         0 kB
HugePages_Total:       0
HugePages_Free:        0
HugePages_Rsvd:        0
HugePages_Surp:        0
Hugepagesize:       2048 kB
Hugetlb:               0 kB
DirectMap4k:     2831168 kB
DirectMap2M:     5144576 kB
DirectMap1G:    58720256 kB

