MemTotal:       65439348 kB
MemFree:        63714344 kB
MemAvailable:   63821196 kB
Buffers:           58192 kB
Cached:           615968 kB
SwapCached:            0 kB
Active:           211100 kB
Inactive:         523732 kB
Active(anon):       3244 kB
Inactive(anon):    72908 kB
Active(file):     207856 kB
Inactive(file):   450824 kB
Unevictable:       19496 kB
Mlocked:           19496 kB
SwapTotal:       1996796 kB
SwapFree:        1996796 kB
Dirty:               772 kB
Writeback:             0 kB
AnonPages:         80236 kB
Mapped:            88004 kB
Shmem:              6376 kB
KReclaimable:      88964 kB
Slab:             326376 kB
SReclaimable:      88964 kB
SUnreclaim:       237412 kB
KernelStack:       10032 kB
PageTables:         2460 kB
NFS_Unstable:          0 kB
Bounce:                0 kB
WritebackTmp:          0 kB
CommitLimit:    34716468 kB
Committed_AS:     808040 kB
VmallocTotal:   34359738367 kB
VmallocUsed:       44420 kB
VmallocChunk:          0 kB
Percpu:           246720 kB
HardwareCorrupted:     0 kB
AnonHugePages:         0 kB
ShmemHugePages:        0 kB
ShmemPmdMapped:        0 kB
FileHugePages:         0 kB
FilePmdMapped:         0 kB
HugePages_Total:       0
HugePages_Free:        0
HugePages_Rsvd:        0
HugePages_Surp:        0
Hugepagesize:       2048 kB
Hugetlb:               0 kB
DirectMap4k:     2825024 kB
DirectMap2M:     5150720 kB
DirectMap1G:    58720256 kB

