MemTotal:       65439348 kB
MemFree:        63841560 kB
MemAvailable:   63886488 kB
Buffers:           50564 kB
Cached:           565012 kB
SwapCached:            0 kB
Active:           197840 kB
Inactive:         478348 kB
Active(anon):       3244 kB
Inactive(anon):    72844 kB
Active(file):     194596 kB
Inactive(file):   405504 kB
Unevictable:       19496 kB
Mlocked:           19496 kB
SwapTotal:       1996796 kB
SwapFree:        1996796 kB
Dirty:               104 kB
Writeback:             0 kB
AnonPages:         80156 kB
Mapped:            83784 kB
Shmem:              6376 kB
KReclaimable:      82280 kB
Slab:             314016 kB
SReclaimable:      82280 kB
SUnreclaim:       231736 kB
KernelStack:        9984 kB
PageTables:         2440 kB
NFS_Unstable:          0 kB
Bounce:                0 kB
WritebackTmp:          0 kB
CommitLimit:    34716468 kB
Committed_AS:     807784 kB
VmallocTotal:   34359738367 kB
VmallocUsed:       42212 kB
VmallocChunk:          0 kB
Percpu:           191232 kB
HardwareCorrupted:     0 kB
AnonHugePages:         0 kB
ShmemHugePages:        0 kB
ShmemPmdMapped:        0 kB
FileHugePages:         0 kB
FilePmdMapped:         0 kB
HugePages_Total:       0
HugePages_Free:        0
HugePages_Rsvd:        0
HugePages_Surp:        0
Hugepagesize:       2048 kB
Hugetlb:               0 kB
DirectMap4k:     2757440 kB
DirectMap2M:     5218304 kB
DirectMap1G:    58720256 kB

