MemTotal:       65439348 kB
MemFree:        63701204 kB
MemAvailable:   63813192 kB
Buffers:           58752 kB
Cached:           620252 kB
SwapCached:            0 kB
Active:           211652 kB
Inactive:         530000 kB
Active(anon):       3244 kB
Inactive(anon):    74920 kB
Active(file):     208408 kB
Inactive(file):   455080 kB
Unevictable:       19496 kB
Mlocked:           19496 kB
SwapTotal:       1996796 kB
SwapFree:        1996796 kB
Dirty:               548 kB
Writeback:             0 kB
AnonPages:         82708 kB
Mapped:            89380 kB
Shmem:              6376 kB
KReclaimable:      89620 kB
Slab:             328924 kB
SReclaimable:      89620 kB
SUnreclaim:       239304 kB
KernelStack:        9968 kB
PageTables:         2936 kB
NFS_Unstable:          0 kB
Bounce:                0 kB
WritebackTmp:          0 kB
CommitLimit:    34716468 kB
Committed_AS:     807652 kB
VmallocTotal:   34359738367 kB
VmallocUsed:       44808 kB
VmallocChunk:          0 kB
Percpu:           251520 kB
HardwareCorrupted:     0 kB
AnonHugePages:         0 kB
ShmemHugePages:        0 kB
ShmemPmdMapped:        0 kB
FileHugePages:         0 kB
FilePmdMapped:         0 kB
HugePages_Total:       0
HugePages_Free:        0
HugePages_Rsvd:        0
HugePages_Surp:        0
Hugepagesize:       2048 kB
Hugetlb:               0 kB
DirectMap4k:     2831168 kB
DirectMap2M:     5144576 kB
DirectMap1G:    58720256 kB

