MemTotal:       65439348 kB
MemFree:        64170988 kB
MemAvailable:   63952896 kB
Buffers:           42196 kB
Cached:           315500 kB
SwapCached:            0 kB
Active:           137628 kB
Inactive:         287288 kB
Active(anon):       3244 kB
Inactive(anon):    79452 kB
Active(file):     134384 kB
Inactive(file):   207836 kB
Unevictable:       19496 kB
Mlocked:           19496 kB
SwapTotal:       1996796 kB
SwapFree:        1996796 kB
Dirty:               992 kB
Writeback:             0 kB
AnonPages:         86356 kB
Mapped:            88360 kB
Shmem:              6376 kB
KReclaimable:      71996 kB
Slab:             298984 kB
SReclaimable:      71996 kB
SUnreclaim:       226988 kB
KernelStack:       10096 kB
PageTables:         2796 kB
NFS_Unstable:          0 kB
Bounce:                0 kB
WritebackTmp:          0 kB
CommitLimit:    34716468 kB
Committed_AS:     837620 kB
VmallocTotal:   34359738367 kB
VmallocUsed:       39716 kB
VmallocChunk:          0 kB
Percpu:           131520 kB
HardwareCorrupted:     0 kB
AnonHugePages:         0 kB
ShmemHugePages:        0 kB
ShmemPmdMapped:        0 kB
FileHugePages:         0 kB
FilePmdMapped:         0 kB
HugePages_Total:       0
HugePages_Free:        0
HugePages_Rsvd:        0
HugePages_Surp:        0
Hugepagesize:       2048 kB
Hugetlb:               0 kB
DirectMap4k:     2685760 kB
DirectMap2M:     5289984 kB
DirectMap1G:    58720256 kB

