MemTotal:       65439348 kB
MemFree:        64318444 kB
MemAvailable:   64015416 kB
Buffers:           31304 kB
Cached:           248548 kB
SwapCached:            0 kB
Active:           122460 kB
Inactive:         217616 kB
Active(anon):       3212 kB
Inactive(anon):    72492 kB
Active(file):     119248 kB
Inactive(file):   145124 kB
Unevictable:       19496 kB
Mlocked:           19496 kB
SwapTotal:       1996796 kB
SwapFree:        1996796 kB
Dirty:               628 kB
Writeback:             0 kB
AnonPages:         79884 kB
Mapped:            74440 kB
Shmem:              6376 kB
KReclaimable:      56312 kB
Slab:             276068 kB
SReclaimable:      56312 kB
SUnreclaim:       219756 kB
KernelStack:        9984 kB
PageTables:         2432 kB
NFS_Unstable:          0 kB
Bounce:                0 kB
WritebackTmp:          0 kB
CommitLimit:    34716468 kB
Committed_AS:     790096 kB
VmallocTotal:   34359738367 kB
VmallocUsed:       38452 kB
VmallocChunk:          0 kB
Percpu:            96576 kB
HardwareCorrupted:     0 kB
AnonHugePages:         0 kB
ShmemHugePages:        0 kB
ShmemPmdMapped:        0 kB
FileHugePages:         0 kB
FilePmdMapped:         0 kB
HugePages_Total:       0
HugePages_Free:        0
HugePages_Rsvd:        0
HugePages_Surp:        0
Hugepagesize:       2048 kB
Hugetlb:               0 kB
DirectMap4k:     2116416 kB
DirectMap2M:     5859328 kB
DirectMap1G:    58720256 kB

