MemTotal:       65439348 kB
MemFree:        63765416 kB
MemAvailable:   63844020 kB
Buffers:           54644 kB
Cached:           592764 kB
SwapCached:            0 kB
Active:           202612 kB
Inactive:         510768 kB
Active(anon):       3240 kB
Inactive(anon):    78216 kB
Active(file):     199372 kB
Inactive(file):   432552 kB
Unevictable:       19496 kB
Mlocked:           19496 kB
SwapTotal:       1996796 kB
SwapFree:        1996796 kB
Dirty:               740 kB
Writeback:             0 kB
AnonPages:         85544 kB
Mapped:            95484 kB
Shmem:              6380 kB
KReclaimable:      85984 kB
Slab:             321860 kB
SReclaimable:      85984 kB
SUnreclaim:       235876 kB
KernelStack:       10128 kB
PageTables:         2608 kB
NFS_Unstable:          0 kB
Bounce:                0 kB
WritebackTmp:          0 kB
CommitLimit:    34716468 kB
Committed_AS:     854036 kB
VmallocTotal:   34359738367 kB
VmallocUsed:       43460 kB
VmallocChunk:          0 kB
Percpu:           221952 kB
HardwareCorrupted:     0 kB
AnonHugePages:         0 kB
ShmemHugePages:        0 kB
ShmemPmdMapped:        0 kB
FileHugePages:         0 kB
FilePmdMapped:         0 kB
HugePages_Total:       0
HugePages_Free:        0
HugePages_Rsvd:        0
HugePages_Surp:        0
Hugepagesize:       2048 kB
Hugetlb:               0 kB
DirectMap4k:     2796352 kB
DirectMap2M:     5179392 kB
DirectMap1G:    58720256 kB

