MemTotal:       65439348 kB
MemFree:        64185840 kB
MemAvailable:   63963092 kB
Buffers:           41664 kB
Cached:           311672 kB
SwapCached:            0 kB
Active:           137092 kB
Inactive:         282140 kB
Active(anon):       3248 kB
Inactive(anon):    78136 kB
Active(file):     133844 kB
Inactive(file):   204004 kB
Unevictable:       19496 kB
Mlocked:           19496 kB
SwapTotal:       1996796 kB
SwapFree:        1996796 kB
Dirty:               732 kB
Writeback:             0 kB
AnonPages:         85464 kB
Mapped:            88064 kB
Shmem:              6380 kB
KReclaimable:      71432 kB
Slab:             297524 kB
SReclaimable:      71432 kB
SUnreclaim:       226092 kB
KernelStack:       10112 kB
PageTables:         2580 kB
NFS_Unstable:          0 kB
Bounce:                0 kB
WritebackTmp:          0 kB
CommitLimit:    34716468 kB
Committed_AS:     837872 kB
VmallocTotal:   34359738367 kB
VmallocUsed:       39604 kB
VmallocChunk:          0 kB
Percpu:           126720 kB
HardwareCorrupted:     0 kB
AnonHugePages:         0 kB
ShmemHugePages:        0 kB
ShmemPmdMapped:        0 kB
FileHugePages:         0 kB
FilePmdMapped:         0 kB
HugePages_Total:       0
HugePages_Free:        0
HugePages_Rsvd:        0
HugePages_Surp:        0
Hugepagesize:       2048 kB
Hugetlb:               0 kB
DirectMap4k:     2675520 kB
DirectMap2M:     5300224 kB
DirectMap1G:    58720256 kB

