MemTotal:       65439348 kB
MemFree:        64274124 kB
MemAvailable:   64000832 kB
Buffers:           36816 kB
Cached:           268040 kB
SwapCached:            0 kB
Active:           129608 kB
Inactive:         237744 kB
Active(anon):       3216 kB
Inactive(anon):    74812 kB
Active(file):     126392 kB
Inactive(file):   162932 kB
Unevictable:       19496 kB
Mlocked:           19496 kB
SwapTotal:       1996796 kB
SwapFree:        1996796 kB
Dirty:               696 kB
Writeback:             0 kB
AnonPages:         82016 kB
Mapped:            75844 kB
Shmem:              6376 kB
KReclaimable:      67388 kB
Slab:             291312 kB
SReclaimable:      67388 kB
SUnreclaim:       223924 kB
KernelStack:       10064 kB
PageTables:         2752 kB
NFS_Unstable:          0 kB
Bounce:                0 kB
WritebackTmp:          0 kB
CommitLimit:    34716468 kB
Committed_AS:     790352 kB
VmallocTotal:   34359738367 kB
VmallocUsed:       38484 kB
VmallocChunk:          0 kB
Percpu:            96576 kB
HardwareCorrupted:     0 kB
AnonHugePages:         0 kB
ShmemHugePages:        0 kB
ShmemPmdMapped:        0 kB
FileHugePages:         0 kB
FilePmdMapped:         0 kB
HugePages_Total:       0
HugePages_Free:        0
HugePages_Rsvd:        0
HugePages_Surp:        0
Hugepagesize:       2048 kB
Hugetlb:               0 kB
DirectMap4k:     2390848 kB
DirectMap2M:     5584896 kB
DirectMap1G:    58720256 kB

