MemTotal:       65439348 kB
MemFree:        63809696 kB
MemAvailable:   63869908 kB
Buffers:           52356 kB
Cached:           577596 kB
SwapCached:            0 kB
Active:           199628 kB
Inactive:         491272 kB
Active(anon):       3240 kB
Inactive(anon):    73184 kB
Active(file):     196388 kB
Inactive(file):   418088 kB
Unevictable:       19496 kB
Mlocked:           19496 kB
SwapTotal:       1996796 kB
SwapFree:        1996796 kB
Dirty:               752 kB
Writeback:             0 kB
AnonPages:         80472 kB
Mapped:            84944 kB
Shmem:              6376 kB
KReclaimable:      84092 kB
Slab:             318792 kB
SReclaimable:      84092 kB
SUnreclaim:       234700 kB
KernelStack:       10080 kB
PageTables:         2516 kB
NFS_Unstable:          0 kB
Bounce:                0 kB
WritebackTmp:          0 kB
CommitLimit:    34716468 kB
Committed_AS:     808036 kB
VmallocTotal:   34359738367 kB
VmallocUsed:       42808 kB
VmallocChunk:          0 kB
Percpu:           205056 kB
HardwareCorrupted:     0 kB
AnonHugePages:         0 kB
ShmemHugePages:        0 kB
ShmemPmdMapped:        0 kB
FileHugePages:         0 kB
FilePmdMapped:         0 kB
HugePages_Total:       0
HugePages_Free:        0
HugePages_Rsvd:        0
HugePages_Surp:        0
Hugepagesize:       2048 kB
Hugetlb:               0 kB
DirectMap4k:     2773824 kB
DirectMap2M:     5201920 kB
DirectMap1G:    58720256 kB

