MemTotal:       65439348 kB
MemFree:        64188088 kB
MemAvailable:   63963016 kB
Buffers:           41380 kB
Cached:           309784 kB
SwapCached:            0 kB
Active:           136808 kB
Inactive:         280396 kB
Active(anon):       3248 kB
Inactive(anon):    78280 kB
Active(file):     133560 kB
Inactive(file):   202116 kB
Unevictable:       19496 kB
Mlocked:           19496 kB
SwapTotal:       1996796 kB
SwapFree:        1996796 kB
Dirty:               764 kB
Writeback:             0 kB
AnonPages:         85660 kB
Mapped:            87960 kB
Shmem:              6380 kB
KReclaimable:      71124 kB
Slab:             296180 kB
SReclaimable:      71124 kB
SUnreclaim:       225056 kB
KernelStack:       10096 kB
PageTables:         2584 kB
NFS_Unstable:          0 kB
Bounce:                0 kB
WritebackTmp:          0 kB
CommitLimit:    34716468 kB
Committed_AS:     837872 kB
VmallocTotal:   34359738367 kB
VmallocUsed:       39716 kB
VmallocChunk:          0 kB
Percpu:           124992 kB
HardwareCorrupted:     0 kB
AnonHugePages:         0 kB
ShmemHugePages:        0 kB
ShmemPmdMapped:        0 kB
FileHugePages:         0 kB
FilePmdMapped:         0 kB
HugePages_Total:       0
HugePages_Free:        0
HugePages_Rsvd:        0
HugePages_Surp:        0
Hugepagesize:       2048 kB
Hugetlb:               0 kB
DirectMap4k:     2673472 kB
DirectMap2M:     5302272 kB
DirectMap1G:    58720256 kB

