MemTotal:       65439348 kB
MemFree:        63735052 kB
MemAvailable:   63827620 kB
Buffers:           56488 kB
Cached:           604144 kB
SwapCached:            0 kB
Active:           204464 kB
Inactive:         522156 kB
Active(anon):       3252 kB
Inactive(anon):    78220 kB
Active(file):     201212 kB
Inactive(file):   443936 kB
Unevictable:       19496 kB
Mlocked:           19496 kB
SwapTotal:       1996796 kB
SwapFree:        1996796 kB
Dirty:               760 kB
Writeback:             0 kB
AnonPages:         85560 kB
Mapped:            96516 kB
Shmem:              6380 kB
KReclaimable:      87460 kB
Slab:             325144 kB
SReclaimable:      87460 kB
SUnreclaim:       237684 kB
KernelStack:       10096 kB
PageTables:         2620 kB
NFS_Unstable:          0 kB
Bounce:                0 kB
WritebackTmp:          0 kB
CommitLimit:    34716468 kB
Committed_AS:     854428 kB
VmallocTotal:   34359738367 kB
VmallocUsed:       44056 kB
VmallocChunk:          0 kB
Percpu:           234048 kB
HardwareCorrupted:     0 kB
AnonHugePages:         0 kB
ShmemHugePages:        0 kB
ShmemPmdMapped:        0 kB
FileHugePages:         0 kB
FilePmdMapped:         0 kB
HugePages_Total:       0
HugePages_Free:        0
HugePages_Rsvd:        0
HugePages_Surp:        0
Hugepagesize:       2048 kB
Hugetlb:               0 kB
DirectMap4k:     2810688 kB
DirectMap2M:     5165056 kB
DirectMap1G:    58720256 kB

