MemTotal:       65439348 kB
MemFree:        64242732 kB
MemAvailable:   63985972 kB
Buffers:           38740 kB
Cached:           281880 kB
SwapCached:            0 kB
Active:           132456 kB
Inactive:         248176 kB
Active(anon):       3220 kB
Inactive(anon):    72276 kB
Active(file):     129236 kB
Inactive(file):   175900 kB
Unevictable:       19496 kB
Mlocked:           19496 kB
SwapTotal:       1996796 kB
SwapFree:        1996796 kB
Dirty:               156 kB
Writeback:             0 kB
AnonPages:         79616 kB
Mapped:            77216 kB
Shmem:              6376 kB
KReclaimable:      68828 kB
Slab:             293244 kB
SReclaimable:      68828 kB
SUnreclaim:       224416 kB
KernelStack:       10016 kB
PageTables:         2408 kB
NFS_Unstable:          0 kB
Bounce:                0 kB
WritebackTmp:          0 kB
CommitLimit:    34716468 kB
Committed_AS:     790752 kB
VmallocTotal:   34359738367 kB
VmallocUsed:       39208 kB
VmallocChunk:          0 kB
Percpu:           109824 kB
HardwareCorrupted:     0 kB
AnonHugePages:         0 kB
ShmemHugePages:        0 kB
ShmemPmdMapped:        0 kB
FileHugePages:         0 kB
FilePmdMapped:         0 kB
HugePages_Total:       0
HugePages_Free:        0
HugePages_Rsvd:        0
HugePages_Surp:        0
Hugepagesize:       2048 kB
Hugetlb:               0 kB
DirectMap4k:     2603840 kB
DirectMap2M:     5371904 kB
DirectMap1G:    58720256 kB

