MemTotal:       65439348 kB
MemFree:        63769600 kB
MemAvailable:   63846780 kB
Buffers:           54492 kB
Cached:           591520 kB
SwapCached:            0 kB
Active:           202464 kB
Inactive:         509468 kB
Active(anon):       3248 kB
Inactive(anon):    78156 kB
Active(file):     199216 kB
Inactive(file):   431312 kB
Unevictable:       19496 kB
Mlocked:           19496 kB
SwapTotal:       1996796 kB
SwapFree:        1996796 kB
Dirty:               172 kB
Writeback:             0 kB
AnonPages:         85444 kB
Mapped:            95436 kB
Shmem:              6380 kB
KReclaimable:      85924 kB
Slab:             321952 kB
SReclaimable:      85924 kB
SUnreclaim:       236028 kB
KernelStack:       10080 kB
PageTables:         2612 kB
NFS_Unstable:          0 kB
Bounce:                0 kB
WritebackTmp:          0 kB
CommitLimit:    34716468 kB
Committed_AS:     854432 kB
VmallocTotal:   34359738367 kB
VmallocUsed:       43396 kB
VmallocChunk:          0 kB
Percpu:           220224 kB
HardwareCorrupted:     0 kB
AnonHugePages:         0 kB
ShmemHugePages:        0 kB
ShmemPmdMapped:        0 kB
FileHugePages:         0 kB
FilePmdMapped:         0 kB
HugePages_Total:       0
HugePages_Free:        0
HugePages_Rsvd:        0
HugePages_Surp:        0
Hugepagesize:       2048 kB
Hugetlb:               0 kB
DirectMap4k:     2794304 kB
DirectMap2M:     5181440 kB
DirectMap1G:    58720256 kB

