MemTotal:       65439348 kB
MemFree:        63692336 kB
MemAvailable:   63808116 kB
Buffers:           59216 kB
Cached:           623300 kB
SwapCached:            0 kB
Active:           212128 kB
Inactive:         532472 kB
Active(anon):       3240 kB
Inactive(anon):    74320 kB
Active(file):     208888 kB
Inactive(file):   458152 kB
Unevictable:       19496 kB
Mlocked:           19496 kB
SwapTotal:       1996796 kB
SwapFree:        1996796 kB
Dirty:               580 kB
Writeback:             0 kB
AnonPages:         81708 kB
Mapped:            89104 kB
Shmem:              6376 kB
KReclaimable:      90100 kB
Slab:             328880 kB
SReclaimable:      90100 kB
SUnreclaim:       238780 kB
KernelStack:       10096 kB
PageTables:         2720 kB
NFS_Unstable:          0 kB
Bounce:                0 kB
WritebackTmp:          0 kB
CommitLimit:    34716468 kB
Committed_AS:     807648 kB
VmallocTotal:   34359738367 kB
VmallocUsed:       44888 kB
VmallocChunk:          0 kB
Percpu:           254976 kB
HardwareCorrupted:     0 kB
AnonHugePages:         0 kB
ShmemHugePages:        0 kB
ShmemPmdMapped:        0 kB
FileHugePages:         0 kB
FilePmdMapped:         0 kB
HugePages_Total:       0
HugePages_Free:        0
HugePages_Rsvd:        0
HugePages_Surp:        0
Hugepagesize:       2048 kB
Hugetlb:               0 kB
DirectMap4k:     2835264 kB
DirectMap2M:     5140480 kB
DirectMap1G:    58720256 kB

