MemTotal:       65439348 kB
MemFree:        64323924 kB
MemAvailable:   64018112 kB
Buffers:           30584 kB
Cached:           243928 kB
SwapCached:            0 kB
Active:           121732 kB
Inactive:         212828 kB
Active(anon):       3216 kB
Inactive(anon):    72316 kB
Active(file):     118516 kB
Inactive(file):   140512 kB
Unevictable:       19496 kB
Mlocked:           19496 kB
SwapTotal:       1996796 kB
SwapFree:        1996796 kB
Dirty:               672 kB
Writeback:             0 kB
AnonPages:         79596 kB
Mapped:            74140 kB
Shmem:              6376 kB
KReclaimable:      56084 kB
Slab:             276260 kB
SReclaimable:      56084 kB
SUnreclaim:       220176 kB
KernelStack:        9920 kB
PageTables:         2392 kB
NFS_Unstable:          0 kB
Bounce:                0 kB
WritebackTmp:          0 kB
CommitLimit:    34716468 kB
Committed_AS:     790360 kB
VmallocTotal:   34359738367 kB
VmallocUsed:       38340 kB
VmallocChunk:          0 kB
Percpu:            96576 kB
HardwareCorrupted:     0 kB
AnonHugePages:         0 kB
ShmemHugePages:        0 kB
ShmemPmdMapped:        0 kB
FileHugePages:         0 kB
FilePmdMapped:         0 kB
HugePages_Total:       0
HugePages_Free:        0
HugePages_Rsvd:        0
HugePages_Surp:        0
Hugepagesize:       2048 kB
Hugetlb:               0 kB
DirectMap4k:     2054976 kB
DirectMap2M:     5920768 kB
DirectMap1G:    58720256 kB

