MemTotal:       65439348 kB
MemFree:        63700440 kB
MemAvailable:   63813104 kB
Buffers:           58864 kB
Cached:           620740 kB
SwapCached:            0 kB
Active:           211764 kB
Inactive:         530592 kB
Active(anon):       3256 kB
Inactive(anon):    74996 kB
Active(file):     208508 kB
Inactive(file):   455596 kB
Unevictable:       19496 kB
Mlocked:           19496 kB
SwapTotal:       1996796 kB
SwapFree:        1996796 kB
Dirty:               532 kB
Writeback:             0 kB
AnonPages:         81900 kB
Mapped:            89020 kB
Shmem:              6376 kB
KReclaimable:      89744 kB
Slab:             328892 kB
SReclaimable:      89744 kB
SUnreclaim:       239148 kB
KernelStack:       10224 kB
PageTables:         3208 kB
NFS_Unstable:          0 kB
Bounce:                0 kB
WritebackTmp:          0 kB
CommitLimit:    34716468 kB
Committed_AS:     807648 kB
VmallocTotal:   34359738367 kB
VmallocUsed:       44728 kB
VmallocChunk:          0 kB
Percpu:           252096 kB
HardwareCorrupted:     0 kB
AnonHugePages:         0 kB
ShmemHugePages:        0 kB
ShmemPmdMapped:        0 kB
FileHugePages:         0 kB
FilePmdMapped:         0 kB
HugePages_Total:       0
HugePages_Free:        0
HugePages_Rsvd:        0
HugePages_Surp:        0
Hugepagesize:       2048 kB
Hugetlb:               0 kB
DirectMap4k:     2831168 kB
DirectMap2M:     5144576 kB
DirectMap1G:    58720256 kB

