MemTotal:       65439348 kB
MemFree:        64153724 kB
MemAvailable:   63943768 kB
Buffers:           43272 kB
Cached:           322220 kB
SwapCached:            0 kB
Active:           139008 kB
Inactive:         293876 kB
Active(anon):       3244 kB
Inactive(anon):    79640 kB
Active(file):     135764 kB
Inactive(file):   214236 kB
Unevictable:       19496 kB
Mlocked:           19496 kB
SwapTotal:       1996796 kB
SwapFree:        1996796 kB
Dirty:               748 kB
Writeback:             0 kB
AnonPages:         87000 kB
Mapped:            89440 kB
Shmem:              6376 kB
KReclaimable:      72708 kB
Slab:             300148 kB
SReclaimable:      72708 kB
SUnreclaim:       227440 kB
KernelStack:       10144 kB
PageTables:         2816 kB
NFS_Unstable:          0 kB
Bounce:                0 kB
WritebackTmp:          0 kB
CommitLimit:    34716468 kB
Committed_AS:     837872 kB
VmallocTotal:   34359738367 kB
VmallocUsed:       40184 kB
VmallocChunk:          0 kB
Percpu:           138816 kB
HardwareCorrupted:     0 kB
AnonHugePages:         0 kB
ShmemHugePages:        0 kB
ShmemPmdMapped:        0 kB
FileHugePages:         0 kB
FilePmdMapped:         0 kB
HugePages_Total:       0
HugePages_Free:        0
HugePages_Rsvd:        0
HugePages_Surp:        0
Hugepagesize:       2048 kB
Hugetlb:               0 kB
DirectMap4k:     2696000 kB
DirectMap2M:     5279744 kB
DirectMap1G:    58720256 kB

