MemTotal:       65439348 kB
MemFree:        63788348 kB
MemAvailable:   63860428 kB
Buffers:           53788 kB
Cached:           587468 kB
SwapCached:            0 kB
Active:           201084 kB
Inactive:         501748 kB
Active(anon):       3252 kB
Inactive(anon):    73800 kB
Active(file):     197832 kB
Inactive(file):   427948 kB
Unevictable:       19496 kB
Mlocked:           19496 kB
SwapTotal:       1996796 kB
SwapFree:        1996796 kB
Dirty:               520 kB
Writeback:             0 kB
AnonPages:         81716 kB
Mapped:            86596 kB
Shmem:              6376 kB
KReclaimable:      85220 kB
Slab:             319600 kB
SReclaimable:      85220 kB
SUnreclaim:       234380 kB
KernelStack:       10192 kB
PageTables:         2824 kB
NFS_Unstable:          0 kB
Bounce:                0 kB
WritebackTmp:          0 kB
CommitLimit:    34716468 kB
Committed_AS:     807648 kB
VmallocTotal:   34359738367 kB
VmallocUsed:       43180 kB
VmallocChunk:          0 kB
Percpu:           215808 kB
HardwareCorrupted:     0 kB
AnonHugePages:         0 kB
ShmemHugePages:        0 kB
ShmemPmdMapped:        0 kB
FileHugePages:         0 kB
FilePmdMapped:         0 kB
HugePages_Total:       0
HugePages_Free:        0
HugePages_Rsvd:        0
HugePages_Surp:        0
Hugepagesize:       2048 kB
Hugetlb:               0 kB
DirectMap4k:     2788160 kB
DirectMap2M:     5187584 kB
DirectMap1G:    58720256 kB

