MemTotal:       65439348 kB
MemFree:        63886016 kB
MemAvailable:   63907908 kB
Buffers:           47796 kB
Cached:           546152 kB
SwapCached:            0 kB
Active:           156096 kB
Inactive:         500812 kB
Active(anon):       3232 kB
Inactive(anon):    75204 kB
Active(file):     152864 kB
Inactive(file):   425608 kB
Unevictable:       19496 kB
Mlocked:           19496 kB
SwapTotal:       1996796 kB
SwapFree:        1996796 kB
Dirty:                 0 kB
Writeback:             0 kB
AnonPages:         82388 kB
Mapped:            82992 kB
Shmem:              6376 kB
KReclaimable:      79464 kB
Slab:             309348 kB
SReclaimable:      79464 kB
SUnreclaim:       229884 kB
KernelStack:       10064 kB
PageTables:         2460 kB
NFS_Unstable:          0 kB
Bounce:                0 kB
WritebackTmp:          0 kB
CommitLimit:    34716468 kB
Committed_AS:     799204 kB
VmallocTotal:   34359738367 kB
VmallocUsed:       41760 kB
VmallocChunk:          0 kB
Percpu:           172992 kB
HardwareCorrupted:     0 kB
AnonHugePages:         0 kB
ShmemHugePages:        0 kB
ShmemPmdMapped:        0 kB
FileHugePages:         0 kB
FilePmdMapped:         0 kB
HugePages_Total:       0
HugePages_Free:        0
HugePages_Rsvd:        0
HugePages_Surp:        0
Hugepagesize:       2048 kB
Hugetlb:               0 kB
DirectMap4k:     2736960 kB
DirectMap2M:     5238784 kB
DirectMap1G:    58720256 kB

