MemTotal:       65439348 kB
MemFree:        64290420 kB
MemAvailable:   64006292 kB
Buffers:           35480 kB
Cached:           259232 kB
SwapCached:            0 kB
Active:           128256 kB
Inactive:         227136 kB
Active(anon):       3204 kB
Inactive(anon):    72984 kB
Active(file):     125052 kB
Inactive(file):   154152 kB
Unevictable:       19496 kB
Mlocked:           19496 kB
SwapTotal:       1996796 kB
SwapFree:        1996796 kB
Dirty:               616 kB
Writeback:             0 kB
AnonPages:         80324 kB
Mapped:            74872 kB
Shmem:              6376 kB
KReclaimable:      65956 kB
Slab:             288132 kB
SReclaimable:      65956 kB
SUnreclaim:       222176 kB
KernelStack:       10016 kB
PageTables:         2432 kB
NFS_Unstable:          0 kB
Bounce:                0 kB
WritebackTmp:          0 kB
CommitLimit:    34716468 kB
Committed_AS:     790352 kB
VmallocTotal:   34359738367 kB
VmallocUsed:       38340 kB
VmallocChunk:          0 kB
Percpu:            96576 kB
HardwareCorrupted:     0 kB
AnonHugePages:         0 kB
ShmemHugePages:        0 kB
ShmemPmdMapped:        0 kB
FileHugePages:         0 kB
FilePmdMapped:         0 kB
HugePages_Total:       0
HugePages_Free:        0
HugePages_Rsvd:        0
HugePages_Surp:        0
Hugepagesize:       2048 kB
Hugetlb:               0 kB
DirectMap4k:     2249536 kB
DirectMap2M:     5726208 kB
DirectMap1G:    58720256 kB

