MemTotal:       65439348 kB
MemFree:        63730792 kB
MemAvailable:   63827752 kB
Buffers:           57100 kB
Cached:           607696 kB
SwapCached:            0 kB
Active:           205068 kB
Inactive:         525596 kB
Active(anon):       3248 kB
Inactive(anon):    78108 kB
Active(file):     201820 kB
Inactive(file):   447488 kB
Unevictable:       19496 kB
Mlocked:           19496 kB
SwapTotal:       1996796 kB
SwapFree:        1996796 kB
Dirty:               744 kB
Writeback:             0 kB
AnonPages:         85472 kB
Mapped:            96764 kB
Shmem:              6380 kB
KReclaimable:      87928 kB
Slab:             324412 kB
SReclaimable:      87928 kB
SUnreclaim:       236484 kB
KernelStack:       10144 kB
PageTables:         2628 kB
NFS_Unstable:          0 kB
Bounce:                0 kB
WritebackTmp:          0 kB
CommitLimit:    34716468 kB
Committed_AS:     854428 kB
VmallocTotal:   34359738367 kB
VmallocUsed:       44604 kB
VmallocChunk:          0 kB
Percpu:           237696 kB
HardwareCorrupted:     0 kB
AnonHugePages:         0 kB
ShmemHugePages:        0 kB
ShmemPmdMapped:        0 kB
FileHugePages:         0 kB
FilePmdMapped:         0 kB
HugePages_Total:       0
HugePages_Free:        0
HugePages_Rsvd:        0
HugePages_Surp:        0
Hugepagesize:       2048 kB
Hugetlb:               0 kB
DirectMap4k:     2812736 kB
DirectMap2M:     5163008 kB
DirectMap1G:    58720256 kB

