MemTotal:       65439348 kB
MemFree:        64221352 kB
MemAvailable:   63976296 kB
Buffers:           40160 kB
Cached:           291524 kB
SwapCached:            0 kB
Active:           133892 kB
Inactive:         257452 kB
Active(anon):       3228 kB
Inactive(anon):    71912 kB
Active(file):     130664 kB
Inactive(file):   185540 kB
Unevictable:       19496 kB
Mlocked:           19496 kB
SwapTotal:       1996796 kB
SwapFree:        1996796 kB
Dirty:               900 kB
Writeback:             0 kB
AnonPages:         79256 kB
Mapped:            78300 kB
Shmem:              6380 kB
KReclaimable:      70104 kB
Slab:             295268 kB
SReclaimable:      70104 kB
SUnreclaim:       225164 kB
KernelStack:       10048 kB
PageTables:         2316 kB
NFS_Unstable:          0 kB
Bounce:                0 kB
WritebackTmp:          0 kB
CommitLimit:    34716468 kB
Committed_AS:     790364 kB
VmallocTotal:   34359738367 kB
VmallocUsed:       39548 kB
VmallocChunk:          0 kB
Percpu:           120000 kB
HardwareCorrupted:     0 kB
AnonHugePages:         0 kB
ShmemHugePages:        0 kB
ShmemPmdMapped:        0 kB
FileHugePages:         0 kB
FilePmdMapped:         0 kB
HugePages_Total:       0
HugePages_Free:        0
HugePages_Rsvd:        0
HugePages_Surp:        0
Hugepagesize:       2048 kB
Hugetlb:               0 kB
DirectMap4k:     2669376 kB
DirectMap2M:     5306368 kB
DirectMap1G:    58720256 kB

