MemTotal:       65439348 kB
MemFree:        63911972 kB
MemAvailable:   63922148 kB
Buffers:           46412 kB
Cached:           536428 kB
SwapCached:            0 kB
Active:           154720 kB
Inactive:         488544 kB
Active(anon):       3244 kB
Inactive(anon):    72660 kB
Active(file):     151476 kB
Inactive(file):   415884 kB
Unevictable:       19496 kB
Mlocked:           19496 kB
SwapTotal:       1996796 kB
SwapFree:        1996796 kB
Dirty:               268 kB
Writeback:             0 kB
AnonPages:         80028 kB
Mapped:            81740 kB
Shmem:              6376 kB
KReclaimable:      78252 kB
Slab:             307880 kB
SReclaimable:      78252 kB
SUnreclaim:       229628 kB
KernelStack:       10032 kB
PageTables:         2436 kB
NFS_Unstable:          0 kB
Bounce:                0 kB
WritebackTmp:          0 kB
CommitLimit:    34716468 kB
Committed_AS:     799592 kB
VmallocTotal:   34359738367 kB
VmallocUsed:       41244 kB
VmallocChunk:          0 kB
Percpu:           161664 kB
HardwareCorrupted:     0 kB
AnonHugePages:         0 kB
ShmemHugePages:        0 kB
ShmemPmdMapped:        0 kB
FileHugePages:         0 kB
FilePmdMapped:         0 kB
HugePages_Total:       0
HugePages_Free:        0
HugePages_Rsvd:        0
HugePages_Surp:        0
Hugepagesize:       2048 kB
Hugetlb:               0 kB
DirectMap4k:     2726720 kB
DirectMap2M:     5249024 kB
DirectMap1G:    58720256 kB

