MemTotal:       65439348 kB
MemFree:        64258792 kB
MemAvailable:   63994228 kB
Buffers:           37976 kB
Cached:           275188 kB
SwapCached:            0 kB
Active:           130808 kB
Inactive:         244340 kB
Active(anon):       3224 kB
Inactive(anon):    74232 kB
Active(file):     127584 kB
Inactive(file):   170108 kB
Unevictable:       19496 kB
Mlocked:           19496 kB
SwapTotal:       1996796 kB
SwapFree:        1996796 kB
Dirty:               676 kB
Writeback:             0 kB
AnonPages:         81552 kB
Mapped:            76556 kB
Shmem:              6372 kB
KReclaimable:      68108 kB
Slab:             291584 kB
SReclaimable:      68108 kB
SUnreclaim:       223476 kB
KernelStack:       10064 kB
PageTables:         2456 kB
NFS_Unstable:          0 kB
Bounce:                0 kB
WritebackTmp:          0 kB
CommitLimit:    34716468 kB
Committed_AS:     790356 kB
VmallocTotal:   34359738367 kB
VmallocUsed:       38468 kB
VmallocChunk:          0 kB
Percpu:           103104 kB
HardwareCorrupted:     0 kB
AnonHugePages:         0 kB
ShmemHugePages:        0 kB
ShmemPmdMapped:        0 kB
FileHugePages:         0 kB
FilePmdMapped:         0 kB
HugePages_Total:       0
HugePages_Free:        0
HugePages_Rsvd:        0
HugePages_Surp:        0
Hugepagesize:       2048 kB
Hugetlb:               0 kB
DirectMap4k:     2509632 kB
DirectMap2M:     5466112 kB
DirectMap1G:    58720256 kB

