MemTotal:       65439348 kB
MemFree:        63756680 kB
MemAvailable:   63839268 kB
Buffers:           55176 kB
Cached:           595984 kB
SwapCached:            0 kB
Active:           203144 kB
Inactive:         514008 kB
Active(anon):       3248 kB
Inactive(anon):    78232 kB
Active(file):     199896 kB
Inactive(file):   435776 kB
Unevictable:       19496 kB
Mlocked:           19496 kB
SwapTotal:       1996796 kB
SwapFree:        1996796 kB
Dirty:               772 kB
Writeback:             0 kB
AnonPages:         85552 kB
Mapped:            95848 kB
Shmem:              6380 kB
KReclaimable:      86452 kB
Slab:             322368 kB
SReclaimable:      86452 kB
SUnreclaim:       235916 kB
KernelStack:       10064 kB
PageTables:         2616 kB
NFS_Unstable:          0 kB
Bounce:                0 kB
WritebackTmp:          0 kB
CommitLimit:    34716468 kB
Committed_AS:     854424 kB
VmallocTotal:   34359738367 kB
VmallocUsed:       43960 kB
VmallocChunk:          0 kB
Percpu:           225024 kB
HardwareCorrupted:     0 kB
AnonHugePages:         0 kB
ShmemHugePages:        0 kB
ShmemPmdMapped:        0 kB
FileHugePages:         0 kB
FilePmdMapped:         0 kB
HugePages_Total:       0
HugePages_Free:        0
HugePages_Rsvd:        0
HugePages_Surp:        0
Hugepagesize:       2048 kB
Hugetlb:               0 kB
DirectMap4k:     2800448 kB
DirectMap2M:     5175296 kB
DirectMap1G:    58720256 kB

