MemTotal:       65439348 kB
MemFree:        64270712 kB
MemAvailable:   64000644 kB
Buffers:           37208 kB
Cached:           270720 kB
SwapCached:            0 kB
Active:           129976 kB
Inactive:         238080 kB
Active(anon):       3216 kB
Inactive(anon):    72444 kB
Active(file):     126760 kB
Inactive(file):   165636 kB
Unevictable:       19496 kB
Mlocked:           19496 kB
SwapTotal:       1996796 kB
SwapFree:        1996796 kB
Dirty:               196 kB
Writeback:             0 kB
AnonPages:         79760 kB
Mapped:            75932 kB
Shmem:              6376 kB
KReclaimable:      67696 kB
Slab:             290816 kB
SReclaimable:      67696 kB
SUnreclaim:       223120 kB
KernelStack:       10000 kB
PageTables:         2400 kB
NFS_Unstable:          0 kB
Bounce:                0 kB
WritebackTmp:          0 kB
CommitLimit:    34716468 kB
Committed_AS:     790616 kB
VmallocTotal:   34359738367 kB
VmallocUsed:       38388 kB
VmallocChunk:          0 kB
Percpu:            98304 kB
HardwareCorrupted:     0 kB
AnonHugePages:         0 kB
ShmemHugePages:        0 kB
ShmemPmdMapped:        0 kB
FileHugePages:         0 kB
FilePmdMapped:         0 kB
HugePages_Total:       0
HugePages_Free:        0
HugePages_Rsvd:        0
HugePages_Surp:        0
Hugepagesize:       2048 kB
Hugetlb:               0 kB
DirectMap4k:     2429760 kB
DirectMap2M:     5545984 kB
DirectMap1G:    58720256 kB

