MemTotal:       65439348 kB
MemFree:        63800860 kB
MemAvailable:   63866700 kB
Buffers:           52984 kB
Cached:           582352 kB
SwapCached:            0 kB
Active:           200216 kB
Inactive:         497396 kB
Active(anon):       3240 kB
Inactive(anon):    74560 kB
Active(file):     196976 kB
Inactive(file):   422836 kB
Unevictable:       19496 kB
Mlocked:           19496 kB
SwapTotal:       1996796 kB
SwapFree:        1996796 kB
Dirty:               832 kB
Writeback:             0 kB
AnonPages:         82260 kB
Mapped:            86280 kB
Shmem:              6376 kB
KReclaimable:      84676 kB
Slab:             318944 kB
SReclaimable:      84676 kB
SUnreclaim:       234268 kB
KernelStack:       10144 kB
PageTables:         2924 kB
NFS_Unstable:          0 kB
Bounce:                0 kB
WritebackTmp:          0 kB
CommitLimit:    34716468 kB
Committed_AS:     807648 kB
VmallocTotal:   34359738367 kB
VmallocUsed:       43276 kB
VmallocChunk:          0 kB
Percpu:           210432 kB
HardwareCorrupted:     0 kB
AnonHugePages:         0 kB
ShmemHugePages:        0 kB
ShmemPmdMapped:        0 kB
FileHugePages:         0 kB
FilePmdMapped:         0 kB
HugePages_Total:       0
HugePages_Free:        0
HugePages_Rsvd:        0
HugePages_Surp:        0
Hugepagesize:       2048 kB
Hugetlb:               0 kB
DirectMap4k:     2782016 kB
DirectMap2M:     5193728 kB
DirectMap1G:    58720256 kB

