MemTotal:       65439348 kB
MemFree:        64322624 kB
MemAvailable:   64017984 kB
Buffers:           30888 kB
Cached:           245852 kB
SwapCached:            0 kB
Active:           122044 kB
Inactive:         215732 kB
Active(anon):       3212 kB
Inactive(anon):    73300 kB
Active(file):     118832 kB
Inactive(file):   142432 kB
Unevictable:       19496 kB
Mlocked:           19496 kB
SwapTotal:       1996796 kB
SwapFree:        1996796 kB
Dirty:               720 kB
Writeback:             0 kB
AnonPages:         80532 kB
Mapped:            74708 kB
Shmem:              6376 kB
KReclaimable:      56196 kB
Slab:             276040 kB
SReclaimable:      56196 kB
SUnreclaim:       219844 kB
KernelStack:       10096 kB
PageTables:         2140 kB
NFS_Unstable:          0 kB
Bounce:                0 kB
WritebackTmp:          0 kB
CommitLimit:    34716468 kB
Committed_AS:     790096 kB
VmallocTotal:   34359738367 kB
VmallocUsed:       38532 kB
VmallocChunk:          0 kB
Percpu:            96576 kB
HardwareCorrupted:     0 kB
AnonHugePages:         0 kB
ShmemHugePages:        0 kB
ShmemPmdMapped:        0 kB
FileHugePages:         0 kB
FilePmdMapped:         0 kB
HugePages_Total:       0
HugePages_Free:        0
HugePages_Rsvd:        0
HugePages_Surp:        0
Hugepagesize:       2048 kB
Hugetlb:               0 kB
DirectMap4k:     2081600 kB
DirectMap2M:     5894144 kB
DirectMap1G:    58720256 kB

