MemTotal:       65439348 kB
MemFree:        64194856 kB
MemAvailable:   63967892 kB
Buffers:           41152 kB
Cached:           308244 kB
SwapCached:            0 kB
Active:           136576 kB
Inactive:         278988 kB
Active(anon):       3244 kB
Inactive(anon):    78404 kB
Active(file):     133332 kB
Inactive(file):   200584 kB
Unevictable:       19496 kB
Mlocked:           19496 kB
SwapTotal:       1996796 kB
SwapFree:        1996796 kB
Dirty:               668 kB
Writeback:             0 kB
AnonPages:         85752 kB
Mapped:            87804 kB
Shmem:              6380 kB
KReclaimable:      70864 kB
Slab:             295868 kB
SReclaimable:      70864 kB
SUnreclaim:       225004 kB
KernelStack:       10144 kB
PageTables:         2640 kB
NFS_Unstable:          0 kB
Bounce:                0 kB
WritebackTmp:          0 kB
CommitLimit:    34716468 kB
Committed_AS:     838000 kB
VmallocTotal:   34359738367 kB
VmallocUsed:       39764 kB
VmallocChunk:          0 kB
Percpu:           123264 kB
HardwareCorrupted:     0 kB
AnonHugePages:         0 kB
ShmemHugePages:        0 kB
ShmemPmdMapped:        0 kB
FileHugePages:         0 kB
FilePmdMapped:         0 kB
HugePages_Total:       0
HugePages_Free:        0
HugePages_Rsvd:        0
HugePages_Surp:        0
Hugepagesize:       2048 kB
Hugetlb:               0 kB
DirectMap4k:     2673472 kB
DirectMap2M:     5302272 kB
DirectMap1G:    58720256 kB

