MemTotal:       65439348 kB
MemFree:        64276652 kB
MemAvailable:   64004048 kB
Buffers:           36880 kB
Cached:           268596 kB
SwapCached:            0 kB
Active:           129680 kB
Inactive:         236152 kB
Active(anon):       3216 kB
Inactive(anon):    72640 kB
Active(file):     126464 kB
Inactive(file):   163512 kB
Unevictable:       19496 kB
Mlocked:           19496 kB
SwapTotal:       1996796 kB
SwapFree:        1996796 kB
Dirty:               156 kB
Writeback:             0 kB
AnonPages:         79968 kB
Mapped:            75800 kB
Shmem:              6376 kB
KReclaimable:      67460 kB
Slab:             291272 kB
SReclaimable:      67460 kB
SUnreclaim:       223812 kB
KernelStack:       10048 kB
PageTables:         2440 kB
NFS_Unstable:          0 kB
Bounce:                0 kB
WritebackTmp:          0 kB
CommitLimit:    34716468 kB
Committed_AS:     790620 kB
VmallocTotal:   34359738367 kB
VmallocUsed:       38468 kB
VmallocChunk:          0 kB
Percpu:            96576 kB
HardwareCorrupted:     0 kB
AnonHugePages:         0 kB
ShmemHugePages:        0 kB
ShmemPmdMapped:        0 kB
FileHugePages:         0 kB
FilePmdMapped:         0 kB
HugePages_Total:       0
HugePages_Free:        0
HugePages_Rsvd:        0
HugePages_Surp:        0
Hugepagesize:       2048 kB
Hugetlb:               0 kB
DirectMap4k:     2399040 kB
DirectMap2M:     5576704 kB
DirectMap1G:    58720256 kB

