MemTotal:       65439348 kB
MemFree:        64170688 kB
MemAvailable:   63952936 kB
Buffers:           42256 kB
Cached:           315796 kB
SwapCached:            0 kB
Active:           137672 kB
Inactive:         286300 kB
Active(anon):       3244 kB
Inactive(anon):    78172 kB
Active(file):     134428 kB
Inactive(file):   208128 kB
Unevictable:       19496 kB
Mlocked:           19496 kB
SwapTotal:       1996796 kB
SwapFree:        1996796 kB
Dirty:               708 kB
Writeback:             0 kB
AnonPages:         85516 kB
Mapped:            88324 kB
Shmem:              6380 kB
KReclaimable:      72008 kB
Slab:             299348 kB
SReclaimable:      72008 kB
SUnreclaim:       227340 kB
KernelStack:       10064 kB
PageTables:         2576 kB
NFS_Unstable:          0 kB
Bounce:                0 kB
WritebackTmp:          0 kB
CommitLimit:    34716468 kB
Committed_AS:     838000 kB
VmallocTotal:   34359738367 kB
VmallocUsed:       39764 kB
VmallocChunk:          0 kB
Percpu:           131520 kB
HardwareCorrupted:     0 kB
AnonHugePages:         0 kB
ShmemHugePages:        0 kB
ShmemPmdMapped:        0 kB
FileHugePages:         0 kB
FilePmdMapped:         0 kB
HugePages_Total:       0
HugePages_Free:        0
HugePages_Rsvd:        0
HugePages_Surp:        0
Hugepagesize:       2048 kB
Hugetlb:               0 kB
DirectMap4k:     2687808 kB
DirectMap2M:     5287936 kB
DirectMap1G:    58720256 kB

