MemTotal:       65439348 kB
MemFree:        63852056 kB
MemAvailable:   63892524 kB
Buffers:           49984 kB
Cached:           561412 kB
SwapCached:            0 kB
Active:           197228 kB
Inactive:         477472 kB
Active(anon):       3244 kB
Inactive(anon):    75572 kB
Active(file):     193984 kB
Inactive(file):   401900 kB
Unevictable:       19496 kB
Mlocked:           19496 kB
SwapTotal:       1996796 kB
SwapFree:        1996796 kB
Dirty:              1000 kB
Writeback:             0 kB
AnonPages:         82832 kB
Mapped:            84480 kB
Shmem:              6372 kB
KReclaimable:      81788 kB
Slab:             313168 kB
SReclaimable:      81788 kB
SUnreclaim:       231380 kB
KernelStack:        9968 kB
PageTables:         2700 kB
NFS_Unstable:          0 kB
Bounce:                0 kB
WritebackTmp:          0 kB
CommitLimit:    34716468 kB
Committed_AS:     799200 kB
VmallocTotal:   34359738367 kB
VmallocUsed:       42212 kB
VmallocChunk:          0 kB
Percpu:           187008 kB
HardwareCorrupted:     0 kB
AnonHugePages:         0 kB
ShmemHugePages:        0 kB
ShmemPmdMapped:        0 kB
FileHugePages:         0 kB
FilePmdMapped:         0 kB
HugePages_Total:       0
HugePages_Free:        0
HugePages_Rsvd:        0
HugePages_Surp:        0
Hugepagesize:       2048 kB
Hugetlb:               0 kB
DirectMap4k:     2753344 kB
DirectMap2M:     5222400 kB
DirectMap1G:    58720256 kB

