MemTotal:       65439348 kB
MemFree:        64324012 kB
MemAvailable:   64017996 kB
Buffers:           30536 kB
Cached:           243568 kB
SwapCached:            0 kB
Active:           121676 kB
Inactive:         215668 kB
Active(anon):       3212 kB
Inactive(anon):    75512 kB
Active(file):     118464 kB
Inactive(file):   140156 kB
Unevictable:       19496 kB
Mlocked:           19496 kB
SwapTotal:       1996796 kB
SwapFree:        1996796 kB
Dirty:               708 kB
Writeback:             0 kB
AnonPages:         82796 kB
Mapped:            74932 kB
Shmem:              6376 kB
KReclaimable:      56084 kB
Slab:             276832 kB
SReclaimable:      56084 kB
SUnreclaim:       220748 kB
KernelStack:       10128 kB
PageTables:         2888 kB
NFS_Unstable:          0 kB
Bounce:                0 kB
WritebackTmp:          0 kB
CommitLimit:    34716468 kB
Committed_AS:     790100 kB
VmallocTotal:   34359738367 kB
VmallocUsed:       38324 kB
VmallocChunk:          0 kB
Percpu:            96576 kB
HardwareCorrupted:     0 kB
AnonHugePages:         0 kB
ShmemHugePages:        0 kB
ShmemPmdMapped:        0 kB
FileHugePages:         0 kB
FilePmdMapped:         0 kB
HugePages_Total:       0
HugePages_Free:        0
HugePages_Rsvd:        0
HugePages_Surp:        0
Hugepagesize:       2048 kB
Hugetlb:               0 kB
DirectMap4k:     2048832 kB
DirectMap2M:     5926912 kB
DirectMap1G:    58720256 kB

