MemTotal:       65439348 kB
MemFree:        63813596 kB
MemAvailable:   63872016 kB
Buffers:           52176 kB
Cached:           576128 kB
SwapCached:            0 kB
Active:           199448 kB
Inactive:         490880 kB
Active(anon):       3244 kB
Inactive(anon):    74264 kB
Active(file):     196204 kB
Inactive(file):   416616 kB
Unevictable:       19496 kB
Mlocked:           19496 kB
SwapTotal:       1996796 kB
SwapFree:        1996796 kB
Dirty:               828 kB
Writeback:             0 kB
AnonPages:         81612 kB
Mapped:            85552 kB
Shmem:              6376 kB
KReclaimable:      83824 kB
Slab:             318180 kB
SReclaimable:      83824 kB
SUnreclaim:       234356 kB
KernelStack:       10144 kB
PageTables:         2480 kB
NFS_Unstable:          0 kB
Bounce:                0 kB
WritebackTmp:          0 kB
CommitLimit:    34716468 kB
Committed_AS:     807652 kB
VmallocTotal:   34359738367 kB
VmallocUsed:       42808 kB
VmallocChunk:          0 kB
Percpu:           203136 kB
HardwareCorrupted:     0 kB
AnonHugePages:         0 kB
ShmemHugePages:        0 kB
ShmemPmdMapped:        0 kB
FileHugePages:         0 kB
FilePmdMapped:         0 kB
HugePages_Total:       0
HugePages_Free:        0
HugePages_Rsvd:        0
HugePages_Surp:        0
Hugepagesize:       2048 kB
Hugetlb:               0 kB
DirectMap4k:     2771776 kB
DirectMap2M:     5203968 kB
DirectMap1G:    58720256 kB

