MemTotal:       65439348 kB
MemFree:        63838192 kB
MemAvailable:   63885872 kB
Buffers:           50916 kB
Cached:           567260 kB
SwapCached:            0 kB
Active:           198192 kB
Inactive:         480480 kB
Active(anon):       3244 kB
Inactive(anon):    72748 kB
Active(file):     194948 kB
Inactive(file):   407732 kB
Unevictable:       19496 kB
Mlocked:           19496 kB
SwapTotal:       1996796 kB
SwapFree:        1996796 kB
Dirty:               156 kB
Writeback:             0 kB
AnonPages:         80132 kB
Mapped:            83944 kB
Shmem:              6376 kB
KReclaimable:      82620 kB
Slab:             314204 kB
SReclaimable:      82620 kB
SUnreclaim:       231584 kB
KernelStack:       10096 kB
PageTables:         2444 kB
NFS_Unstable:          0 kB
Bounce:                0 kB
WritebackTmp:          0 kB
CommitLimit:    34716468 kB
Committed_AS:     807784 kB
VmallocTotal:   34359738367 kB
VmallocUsed:       42324 kB
VmallocChunk:          0 kB
Percpu:           193536 kB
HardwareCorrupted:     0 kB
AnonHugePages:         0 kB
ShmemHugePages:        0 kB
ShmemPmdMapped:        0 kB
FileHugePages:         0 kB
FilePmdMapped:         0 kB
HugePages_Total:       0
HugePages_Free:        0
HugePages_Rsvd:        0
HugePages_Surp:        0
Hugepagesize:       2048 kB
Hugetlb:               0 kB
DirectMap4k:     2759488 kB
DirectMap2M:     5216256 kB
DirectMap1G:    58720256 kB

