MemTotal:       65439348 kB
MemFree:        64225884 kB
MemAvailable:   63979892 kB
Buffers:           40044 kB
Cached:           290752 kB
SwapCached:            0 kB
Active:           133756 kB
Inactive:         257176 kB
Active(anon):       3216 kB
Inactive(anon):    72396 kB
Active(file):     130540 kB
Inactive(file):   184780 kB
Unevictable:       19496 kB
Mlocked:           19496 kB
SwapTotal:       1996796 kB
SwapFree:        1996796 kB
Dirty:                72 kB
Writeback:             0 kB
AnonPages:         79728 kB
Mapped:            77948 kB
Shmem:              6376 kB
KReclaimable:      69996 kB
Slab:             295020 kB
SReclaimable:      69996 kB
SUnreclaim:       225024 kB
KernelStack:       10064 kB
PageTables:         2404 kB
NFS_Unstable:          0 kB
Bounce:                0 kB
WritebackTmp:          0 kB
CommitLimit:    34716468 kB
Committed_AS:     790616 kB
VmallocTotal:   34359738367 kB
VmallocUsed:       39016 kB
VmallocChunk:          0 kB
Percpu:           118848 kB
HardwareCorrupted:     0 kB
AnonHugePages:         0 kB
ShmemHugePages:        0 kB
ShmemPmdMapped:        0 kB
FileHugePages:         0 kB
FilePmdMapped:         0 kB
HugePages_Total:       0
HugePages_Free:        0
HugePages_Rsvd:        0
HugePages_Surp:        0
Hugepagesize:       2048 kB
Hugetlb:               0 kB
DirectMap4k:     2665280 kB
DirectMap2M:     5310464 kB
DirectMap1G:    58720256 kB

