MemTotal:       65439348 kB
MemFree:        64244964 kB
MemAvailable:   63988820 kB
Buffers:           38800 kB
Cached:           282424 kB
SwapCached:            0 kB
Active:           132520 kB
Inactive:         250632 kB
Active(anon):       3216 kB
Inactive(anon):    74196 kB
Active(file):     129304 kB
Inactive(file):   176436 kB
Unevictable:       19496 kB
Mlocked:           19496 kB
SwapTotal:       1996796 kB
SwapFree:        1996796 kB
Dirty:               684 kB
Writeback:             0 kB
AnonPages:         81420 kB
Mapped:            77528 kB
Shmem:              6380 kB
KReclaimable:      68856 kB
Slab:             293264 kB
SReclaimable:      68856 kB
SUnreclaim:       224408 kB
KernelStack:       10064 kB
PageTables:         2628 kB
NFS_Unstable:          0 kB
Bounce:                0 kB
WritebackTmp:          0 kB
CommitLimit:    34716468 kB
Committed_AS:     790360 kB
VmallocTotal:   34359738367 kB
VmallocUsed:       39144 kB
VmallocChunk:          0 kB
Percpu:           109824 kB
HardwareCorrupted:     0 kB
AnonHugePages:         0 kB
ShmemHugePages:        0 kB
ShmemPmdMapped:        0 kB
FileHugePages:         0 kB
FilePmdMapped:         0 kB
HugePages_Total:       0
HugePages_Free:        0
HugePages_Rsvd:        0
HugePages_Surp:        0
Hugepagesize:       2048 kB
Hugetlb:               0 kB
DirectMap4k:     2609984 kB
DirectMap2M:     5365760 kB
DirectMap1G:    58720256 kB

