MemTotal:       65439348 kB
MemFree:        64172236 kB
MemAvailable:   63953556 kB
Buffers:           42136 kB
Cached:           315036 kB
SwapCached:            0 kB
Active:           137588 kB
Inactive:         286708 kB
Active(anon):       3264 kB
Inactive(anon):    79344 kB
Active(file):     134324 kB
Inactive(file):   207364 kB
Unevictable:       19496 kB
Mlocked:           19496 kB
SwapTotal:       1996796 kB
SwapFree:        1996796 kB
Dirty:               664 kB
Writeback:             0 kB
AnonPages:         86596 kB
Mapped:            89008 kB
Shmem:              6384 kB
KReclaimable:      71884 kB
Slab:             298092 kB
SReclaimable:      71884 kB
SUnreclaim:       226208 kB
KernelStack:       10288 kB
PageTables:         2820 kB
NFS_Unstable:          0 kB
Bounce:                0 kB
WritebackTmp:          0 kB
CommitLimit:    34716468 kB
Committed_AS:     837616 kB
VmallocTotal:   34359738367 kB
VmallocUsed:       39796 kB
VmallocChunk:          0 kB
Percpu:           130944 kB
HardwareCorrupted:     0 kB
AnonHugePages:         0 kB
ShmemHugePages:        0 kB
ShmemPmdMapped:        0 kB
FileHugePages:         0 kB
FilePmdMapped:         0 kB
HugePages_Total:       0
HugePages_Free:        0
HugePages_Rsvd:        0
HugePages_Surp:        0
Hugepagesize:       2048 kB
Hugetlb:               0 kB
DirectMap4k:     2685760 kB
DirectMap2M:     5289984 kB
DirectMap1G:    58720256 kB

