MemTotal:       65439348 kB
MemFree:        63791948 kB
MemAvailable:   63862336 kB
Buffers:           53500 kB
Cached:           586120 kB
SwapCached:            0 kB
Active:           200788 kB
Inactive:         499812 kB
Active(anon):       3248 kB
Inactive(anon):    73212 kB
Active(file):     197540 kB
Inactive(file):   426600 kB
Unevictable:       19496 kB
Mlocked:           19496 kB
SwapTotal:       1996796 kB
SwapFree:        1996796 kB
Dirty:               760 kB
Writeback:             0 kB
AnonPages:         80568 kB
Mapped:            85592 kB
Shmem:              6376 kB
KReclaimable:      85116 kB
Slab:             319616 kB
SReclaimable:      85116 kB
SUnreclaim:       234500 kB
KernelStack:       10112 kB
PageTables:         2496 kB
NFS_Unstable:          0 kB
Bounce:                0 kB
WritebackTmp:          0 kB
CommitLimit:    34716468 kB
Committed_AS:     808036 kB
VmallocTotal:   34359738367 kB
VmallocUsed:       43324 kB
VmallocChunk:          0 kB
Percpu:           214080 kB
HardwareCorrupted:     0 kB
AnonHugePages:         0 kB
ShmemHugePages:        0 kB
ShmemPmdMapped:        0 kB
FileHugePages:         0 kB
FilePmdMapped:         0 kB
HugePages_Total:       0
HugePages_Free:        0
HugePages_Rsvd:        0
HugePages_Surp:        0
Hugepagesize:       2048 kB
Hugetlb:               0 kB
DirectMap4k:     2786112 kB
DirectMap2M:     5189632 kB
DirectMap1G:    58720256 kB

