MemTotal:       65439348 kB
MemFree:        63917708 kB
MemAvailable:   63926572 kB
Buffers:           46244 kB
Cached:           535304 kB
SwapCached:            0 kB
Active:           154548 kB
Inactive:         488168 kB
Active(anon):       3236 kB
Inactive(anon):    73408 kB
Active(file):     151312 kB
Inactive(file):   414760 kB
Unevictable:       19496 kB
Mlocked:           19496 kB
SwapTotal:       1996796 kB
SwapFree:        1996796 kB
Dirty:               844 kB
Writeback:             0 kB
AnonPages:         80760 kB
Mapped:            81796 kB
Shmem:              6376 kB
KReclaimable:      78208 kB
Slab:             306608 kB
SReclaimable:      78208 kB
SUnreclaim:       228400 kB
KernelStack:       10144 kB
PageTables:         2580 kB
NFS_Unstable:          0 kB
Bounce:                0 kB
WritebackTmp:          0 kB
CommitLimit:    34716468 kB
Committed_AS:     799204 kB
VmallocTotal:   34359738367 kB
VmallocUsed:       41148 kB
VmallocChunk:          0 kB
Percpu:           161088 kB
HardwareCorrupted:     0 kB
AnonHugePages:         0 kB
ShmemHugePages:        0 kB
ShmemPmdMapped:        0 kB
FileHugePages:         0 kB
FilePmdMapped:         0 kB
HugePages_Total:       0
HugePages_Free:        0
HugePages_Rsvd:        0
HugePages_Surp:        0
Hugepagesize:       2048 kB
Hugetlb:               0 kB
DirectMap4k:     2720576 kB
DirectMap2M:     5255168 kB
DirectMap1G:    58720256 kB

