MemTotal:       65439348 kB
MemFree:        64150060 kB
MemAvailable:   63942312 kB
Buffers:           43528 kB
Cached:           323996 kB
SwapCached:            0 kB
Active:           139280 kB
Inactive:         295312 kB
Active(anon):       3244 kB
Inactive(anon):    79304 kB
Active(file):     136036 kB
Inactive(file):   216008 kB
Unevictable:       19496 kB
Mlocked:           19496 kB
SwapTotal:       1996796 kB
SwapFree:        1996796 kB
Dirty:               636 kB
Writeback:             0 kB
AnonPages:         86692 kB
Mapped:            89004 kB
Shmem:              6380 kB
KReclaimable:      73036 kB
Slab:             300568 kB
SReclaimable:      73036 kB
SUnreclaim:       227532 kB
KernelStack:       10096 kB
PageTables:         2804 kB
NFS_Unstable:          0 kB
Bounce:                0 kB
WritebackTmp:          0 kB
CommitLimit:    34716468 kB
Committed_AS:     837868 kB
VmallocTotal:   34359738367 kB
VmallocUsed:       40120 kB
VmallocChunk:          0 kB
Percpu:           140544 kB
HardwareCorrupted:     0 kB
AnonHugePages:         0 kB
ShmemHugePages:        0 kB
ShmemPmdMapped:        0 kB
FileHugePages:         0 kB
FilePmdMapped:         0 kB
HugePages_Total:       0
HugePages_Free:        0
HugePages_Rsvd:        0
HugePages_Surp:        0
Hugepagesize:       2048 kB
Hugetlb:               0 kB
DirectMap4k:     2700096 kB
DirectMap2M:     5275648 kB
DirectMap1G:    58720256 kB

