MemTotal:       65439348 kB
MemFree:        63902048 kB
MemAvailable:   63918780 kB
Buffers:           47208 kB
Cached:           541856 kB
SwapCached:            0 kB
Active:           155512 kB
Inactive:         493920 kB
Active(anon):       3240 kB
Inactive(anon):    72608 kB
Active(file):     152272 kB
Inactive(file):   421312 kB
Unevictable:       19496 kB
Mlocked:           19496 kB
SwapTotal:       1996796 kB
SwapFree:        1996796 kB
Dirty:               752 kB
Writeback:             0 kB
AnonPages:         79968 kB
Mapped:            82168 kB
Shmem:              6376 kB
KReclaimable:      78916 kB
Slab:             308648 kB
SReclaimable:      78916 kB
SUnreclaim:       229732 kB
KernelStack:       10048 kB
PageTables:         2428 kB
NFS_Unstable:          0 kB
Bounce:                0 kB
WritebackTmp:          0 kB
CommitLimit:    34716468 kB
Committed_AS:     799588 kB
VmallocTotal:   34359738367 kB
VmallocUsed:       41132 kB
VmallocChunk:          0 kB
Percpu:           167616 kB
HardwareCorrupted:     0 kB
AnonHugePages:         0 kB
ShmemHugePages:        0 kB
ShmemPmdMapped:        0 kB
FileHugePages:         0 kB
FilePmdMapped:         0 kB
HugePages_Total:       0
HugePages_Free:        0
HugePages_Rsvd:        0
HugePages_Surp:        0
Hugepagesize:       2048 kB
Hugetlb:               0 kB
DirectMap4k:     2732864 kB
DirectMap2M:     5242880 kB
DirectMap1G:    58720256 kB

