MemTotal:       65439348 kB
MemFree:        64271892 kB
MemAvailable:   64001620 kB
Buffers:           37184 kB
Cached:           270540 kB
SwapCached:            0 kB
Active:           129984 kB
Inactive:         239100 kB
Active(anon):       3224 kB
Inactive(anon):    73644 kB
Active(file):     126760 kB
Inactive(file):   165456 kB
Unevictable:       19496 kB
Mlocked:           19496 kB
SwapTotal:       1996796 kB
SwapFree:        1996796 kB
Dirty:               732 kB
Writeback:             0 kB
AnonPages:         80988 kB
Mapped:            76208 kB
Shmem:              6376 kB
KReclaimable:      67644 kB
Slab:             290480 kB
SReclaimable:      67644 kB
SUnreclaim:       222836 kB
KernelStack:       10144 kB
PageTables:         2676 kB
NFS_Unstable:          0 kB
Bounce:                0 kB
WritebackTmp:          0 kB
CommitLimit:    34716468 kB
Committed_AS:     790360 kB
VmallocTotal:   34359738367 kB
VmallocUsed:       38452 kB
VmallocChunk:          0 kB
Percpu:            98304 kB
HardwareCorrupted:     0 kB
AnonHugePages:         0 kB
ShmemHugePages:        0 kB
ShmemPmdMapped:        0 kB
FileHugePages:         0 kB
FilePmdMapped:         0 kB
HugePages_Total:       0
HugePages_Free:        0
HugePages_Rsvd:        0
HugePages_Surp:        0
Hugepagesize:       2048 kB
Hugetlb:               0 kB
DirectMap4k:     2427712 kB
DirectMap2M:     5548032 kB
DirectMap1G:    58720256 kB

