MemTotal:       65439348 kB
MemFree:        63924840 kB
MemAvailable:   63930780 kB
Buffers:           45896 kB
Cached:           532944 kB
SwapCached:            0 kB
Active:           154180 kB
Inactive:         486220 kB
Active(anon):       3232 kB
Inactive(anon):    73820 kB
Active(file):     150948 kB
Inactive(file):   412400 kB
Unevictable:       19496 kB
Mlocked:           19496 kB
SwapTotal:       1996796 kB
SwapFree:        1996796 kB
Dirty:               632 kB
Writeback:             0 kB
AnonPages:         81072 kB
Mapped:            82000 kB
Shmem:              6376 kB
KReclaimable:      77808 kB
Slab:             306932 kB
SReclaimable:      77808 kB
SUnreclaim:       229124 kB
KernelStack:       10096 kB
PageTables:         2684 kB
NFS_Unstable:          0 kB
Bounce:                0 kB
WritebackTmp:          0 kB
CommitLimit:    34716468 kB
Committed_AS:     799204 kB
VmallocTotal:   34359738367 kB
VmallocUsed:       40612 kB
VmallocChunk:          0 kB
Percpu:           158016 kB
HardwareCorrupted:     0 kB
AnonHugePages:         0 kB
ShmemHugePages:        0 kB
ShmemPmdMapped:        0 kB
FileHugePages:         0 kB
FilePmdMapped:         0 kB
HugePages_Total:       0
HugePages_Free:        0
HugePages_Rsvd:        0
HugePages_Surp:        0
Hugepagesize:       2048 kB
Hugetlb:               0 kB
DirectMap4k:     2720576 kB
DirectMap2M:     5255168 kB
DirectMap1G:    58720256 kB

