MemTotal:       65439348 kB
MemFree:        64238988 kB
MemAvailable:   63985168 kB
Buffers:           39112 kB
Cached:           284360 kB
SwapCached:            0 kB
Active:           132828 kB
Inactive:         250800 kB
Active(anon):       3220 kB
Inactive(anon):    72420 kB
Active(file):     129608 kB
Inactive(file):   178380 kB
Unevictable:       19496 kB
Mlocked:           19496 kB
SwapTotal:       1996796 kB
SwapFree:        1996796 kB
Dirty:               784 kB
Writeback:             0 kB
AnonPages:         79756 kB
Mapped:            77416 kB
Shmem:              6376 kB
KReclaimable:      69004 kB
Slab:             293080 kB
SReclaimable:      69004 kB
SUnreclaim:       224076 kB
KernelStack:       10064 kB
PageTables:         2404 kB
NFS_Unstable:          0 kB
Bounce:                0 kB
WritebackTmp:          0 kB
CommitLimit:    34716468 kB
Committed_AS:     790616 kB
VmallocTotal:   34359738367 kB
VmallocUsed:       38920 kB
VmallocChunk:          0 kB
Percpu:           112128 kB
HardwareCorrupted:     0 kB
AnonHugePages:         0 kB
ShmemHugePages:        0 kB
ShmemPmdMapped:        0 kB
FileHugePages:         0 kB
FilePmdMapped:         0 kB
HugePages_Total:       0
HugePages_Free:        0
HugePages_Rsvd:        0
HugePages_Surp:        0
Hugepagesize:       2048 kB
Hugetlb:               0 kB
DirectMap4k:     2644800 kB
DirectMap2M:     5330944 kB
DirectMap1G:    58720256 kB

