MemTotal:       65439348 kB
MemFree:        63883348 kB
MemAvailable:   63907976 kB
Buffers:           48100 kB
Cached:           548484 kB
SwapCached:            0 kB
Active:           156400 kB
Inactive:         500700 kB
Active(anon):       3248 kB
Inactive(anon):    72760 kB
Active(file):     153152 kB
Inactive(file):   427940 kB
Unevictable:       19496 kB
Mlocked:           19496 kB
SwapTotal:       1996796 kB
SwapFree:        1996796 kB
Dirty:                28 kB
Writeback:             0 kB
AnonPages:         80076 kB
Mapped:            82664 kB
Shmem:              6376 kB
KReclaimable:      79696 kB
Slab:             309780 kB
SReclaimable:      79696 kB
SUnreclaim:       230084 kB
KernelStack:        9984 kB
PageTables:         2424 kB
NFS_Unstable:          0 kB
Bounce:                0 kB
WritebackTmp:          0 kB
CommitLimit:    34716468 kB
Committed_AS:     799592 kB
VmallocTotal:   34359738367 kB
VmallocUsed:       41664 kB
VmallocChunk:          0 kB
Percpu:           174912 kB
HardwareCorrupted:     0 kB
AnonHugePages:         0 kB
ShmemHugePages:        0 kB
ShmemPmdMapped:        0 kB
FileHugePages:         0 kB
FilePmdMapped:         0 kB
HugePages_Total:       0
HugePages_Free:        0
HugePages_Rsvd:        0
HugePages_Surp:        0
Hugepagesize:       2048 kB
Hugetlb:               0 kB
DirectMap4k:     2739008 kB
DirectMap2M:     5236736 kB
DirectMap1G:    58720256 kB

