MemTotal:       65439348 kB
MemFree:        63817688 kB
MemAvailable:   63855768 kB
Buffers:           49612 kB
Cached:           559520 kB
SwapCached:            0 kB
Active:           196856 kB
Inactive:         511416 kB
Active(anon):       3268 kB
Inactive(anon):   111364 kB
Active(file):     193588 kB
Inactive(file):   400052 kB
Unevictable:       19496 kB
Mlocked:           19496 kB
SwapTotal:       1996796 kB
SwapFree:        1996796 kB
Dirty:               156 kB
Writeback:             0 kB
AnonPages:        118740 kB
Mapped:           124092 kB
Shmem:              6384 kB
KReclaimable:      81504 kB
Slab:             312960 kB
SReclaimable:      81504 kB
SUnreclaim:       231456 kB
KernelStack:       10192 kB
PageTables:         2940 kB
NFS_Unstable:          0 kB
Bounce:                0 kB
WritebackTmp:          0 kB
CommitLimit:    34716468 kB
Committed_AS:     897144 kB
VmallocTotal:   34359738367 kB
VmallocUsed:       42308 kB
VmallocChunk:          0 kB
Percpu:           185280 kB
HardwareCorrupted:     0 kB
AnonHugePages:         0 kB
ShmemHugePages:        0 kB
ShmemPmdMapped:        0 kB
FileHugePages:         0 kB
FilePmdMapped:         0 kB
HugePages_Total:       0
HugePages_Free:        0
HugePages_Rsvd:        0
HugePages_Surp:        0
Hugepagesize:       2048 kB
Hugetlb:               0 kB
DirectMap4k:     2753344 kB
DirectMap2M:     5222400 kB
DirectMap1G:    58720256 kB

