MemTotal:       65439348 kB
MemFree:        63918584 kB
MemAvailable:   63926268 kB
Buffers:           46108 kB
Cached:           534352 kB
SwapCached:            0 kB
Active:           154396 kB
Inactive:         487584 kB
Active(anon):       3232 kB
Inactive(anon):    73772 kB
Active(file):     151164 kB
Inactive(file):   413812 kB
Unevictable:       19496 kB
Mlocked:           19496 kB
SwapTotal:       1996796 kB
SwapFree:        1996796 kB
Dirty:               652 kB
Writeback:             0 kB
AnonPages:         81612 kB
Mapped:            81600 kB
Shmem:              6376 kB
KReclaimable:      78036 kB
Slab:             306620 kB
SReclaimable:      78036 kB
SUnreclaim:       228584 kB
KernelStack:       10192 kB
PageTables:         2284 kB
NFS_Unstable:          0 kB
Bounce:                0 kB
WritebackTmp:          0 kB
CommitLimit:    34716468 kB
Committed_AS:     799588 kB
VmallocTotal:   34359738367 kB
VmallocUsed:       41276 kB
VmallocChunk:          0 kB
Percpu:           159936 kB
HardwareCorrupted:     0 kB
AnonHugePages:         0 kB
ShmemHugePages:        0 kB
ShmemPmdMapped:        0 kB
FileHugePages:         0 kB
FilePmdMapped:         0 kB
HugePages_Total:       0
HugePages_Free:        0
HugePages_Rsvd:        0
HugePages_Surp:        0
Hugepagesize:       2048 kB
Hugetlb:               0 kB
DirectMap4k:     2720576 kB
DirectMap2M:     5255168 kB
DirectMap1G:    58720256 kB

