MemTotal:       65439348 kB
MemFree:        64168944 kB
MemAvailable:   63954396 kB
Buffers:           42620 kB
Cached:           318460 kB
SwapCached:            0 kB
Active:           138052 kB
Inactive:         289928 kB
Active(anon):       3244 kB
Inactive(anon):    79140 kB
Active(file):     134808 kB
Inactive(file):   210788 kB
Unevictable:       19496 kB
Mlocked:           19496 kB
SwapTotal:       1996796 kB
SwapFree:        1996796 kB
Dirty:               604 kB
Writeback:             0 kB
AnonPages:         86928 kB
Mapped:            89352 kB
Shmem:              6384 kB
KReclaimable:      72336 kB
Slab:             298924 kB
SReclaimable:      72336 kB
SUnreclaim:       226588 kB
KernelStack:       10144 kB
PageTables:         2740 kB
NFS_Unstable:          0 kB
Bounce:                0 kB
WritebackTmp:          0 kB
CommitLimit:    34716468 kB
Committed_AS:     837620 kB
VmallocTotal:   34359738367 kB
VmallocUsed:       40200 kB
VmallocChunk:          0 kB
Percpu:           134592 kB
HardwareCorrupted:     0 kB
AnonHugePages:         0 kB
ShmemHugePages:        0 kB
ShmemPmdMapped:        0 kB
FileHugePages:         0 kB
FilePmdMapped:         0 kB
HugePages_Total:       0
HugePages_Free:        0
HugePages_Rsvd:        0
HugePages_Surp:        0
Hugepagesize:       2048 kB
Hugetlb:               0 kB
DirectMap4k:     2693952 kB
DirectMap2M:     5281792 kB
DirectMap1G:    58720256 kB

