MemTotal:       65439348 kB
MemFree:        64320772 kB
MemAvailable:   64015596 kB
Buffers:           30744 kB
Cached:           244972 kB
SwapCached:            0 kB
Active:           121876 kB
Inactive:         213828 kB
Active(anon):       3216 kB
Inactive(anon):    72264 kB
Active(file):     118660 kB
Inactive(file):   141564 kB
Unevictable:       19496 kB
Mlocked:           19496 kB
SwapTotal:       1996796 kB
SwapFree:        1996796 kB
Dirty:                72 kB
Writeback:             0 kB
AnonPages:         79576 kB
Mapped:            74164 kB
Shmem:              6376 kB
KReclaimable:      56164 kB
Slab:             276332 kB
SReclaimable:      56164 kB
SUnreclaim:       220168 kB
KernelStack:       10016 kB
PageTables:         2392 kB
NFS_Unstable:          0 kB
Bounce:                0 kB
WritebackTmp:          0 kB
CommitLimit:    34716468 kB
Committed_AS:     790356 kB
VmallocTotal:   34359738367 kB
VmallocUsed:       38340 kB
VmallocChunk:          0 kB
Percpu:            96576 kB
HardwareCorrupted:     0 kB
AnonHugePages:         0 kB
ShmemHugePages:        0 kB
ShmemPmdMapped:        0 kB
FileHugePages:         0 kB
FilePmdMapped:         0 kB
HugePages_Total:       0
HugePages_Free:        0
HugePages_Rsvd:        0
HugePages_Surp:        0
Hugepagesize:       2048 kB
Hugetlb:               0 kB
DirectMap4k:     2069312 kB
DirectMap2M:     5906432 kB
DirectMap1G:    58720256 kB

