MemTotal:       65439348 kB
MemFree:        63854728 kB
MemAvailable:   63891588 kB
Buffers:           49476 kB
Cached:           558632 kB
SwapCached:            0 kB
Active:           157924 kB
Inactive:         511816 kB
Active(anon):       3232 kB
Inactive(anon):    73884 kB
Active(file):     154692 kB
Inactive(file):   437932 kB
Unevictable:       19496 kB
Mlocked:           19496 kB
SwapTotal:       1996796 kB
SwapFree:        1996796 kB
Dirty:               696 kB
Writeback:             0 kB
AnonPages:         81656 kB
Mapped:            83672 kB
Shmem:              6376 kB
KReclaimable:      81092 kB
Slab:             313600 kB
SReclaimable:      81092 kB
SUnreclaim:       232508 kB
KernelStack:       10016 kB
PageTables:         2492 kB
NFS_Unstable:          0 kB
Bounce:                0 kB
WritebackTmp:          0 kB
CommitLimit:    34716468 kB
Committed_AS:     799588 kB
VmallocTotal:   34359738367 kB
VmallocUsed:       42276 kB
VmallocChunk:          0 kB
Percpu:           184512 kB
HardwareCorrupted:     0 kB
AnonHugePages:         0 kB
ShmemHugePages:        0 kB
ShmemPmdMapped:        0 kB
FileHugePages:         0 kB
FilePmdMapped:         0 kB
HugePages_Total:       0
HugePages_Free:        0
HugePages_Rsvd:        0
HugePages_Surp:        0
Hugepagesize:       2048 kB
Hugetlb:               0 kB
DirectMap4k:     2753344 kB
DirectMap2M:     5222400 kB
DirectMap1G:    58720256 kB

