MemTotal:       65439348 kB
MemFree:        63827144 kB
MemAvailable:   63879780 kB
Buffers:           51500 kB
Cached:           571336 kB
SwapCached:            0 kB
Active:           198800 kB
Inactive:         484812 kB
Active(anon):       3260 kB
Inactive(anon):    72992 kB
Active(file):     195540 kB
Inactive(file):   411820 kB
Unevictable:       19496 kB
Mlocked:           19496 kB
SwapTotal:       1996796 kB
SwapFree:        1996796 kB
Dirty:               692 kB
Writeback:             0 kB
AnonPages:         80380 kB
Mapped:            84460 kB
Shmem:              6376 kB
KReclaimable:      83172 kB
Slab:             315432 kB
SReclaimable:      83172 kB
SUnreclaim:       232260 kB
KernelStack:        9984 kB
PageTables:         2556 kB
NFS_Unstable:          0 kB
Bounce:                0 kB
WritebackTmp:          0 kB
CommitLimit:    34716468 kB
Committed_AS:     807648 kB
VmallocTotal:   34359738367 kB
VmallocUsed:       42728 kB
VmallocChunk:          0 kB
Percpu:           198336 kB
HardwareCorrupted:     0 kB
AnonHugePages:         0 kB
ShmemHugePages:        0 kB
ShmemPmdMapped:        0 kB
FileHugePages:         0 kB
FilePmdMapped:         0 kB
HugePages_Total:       0
HugePages_Free:        0
HugePages_Rsvd:        0
HugePages_Surp:        0
Hugepagesize:       2048 kB
Hugetlb:               0 kB
DirectMap4k:     2767680 kB
DirectMap2M:     5208064 kB
DirectMap1G:    58720256 kB

