MemTotal:       65439348 kB
MemFree:        64172712 kB
MemAvailable:   63954288 kB
Buffers:           42164 kB
Cached:           315248 kB
SwapCached:            0 kB
Active:           137584 kB
Inactive:         287584 kB
Active(anon):       3236 kB
Inactive(anon):    80000 kB
Active(file):     134348 kB
Inactive(file):   207584 kB
Unevictable:       19496 kB
Mlocked:           19496 kB
SwapTotal:       1996796 kB
SwapFree:        1996796 kB
Dirty:               684 kB
Writeback:             0 kB
AnonPages:         87380 kB
Mapped:            88808 kB
Shmem:              6376 kB
KReclaimable:      71912 kB
Slab:             298416 kB
SReclaimable:      71912 kB
SUnreclaim:       226504 kB
KernelStack:       10160 kB
PageTables:         2436 kB
NFS_Unstable:          0 kB
Bounce:                0 kB
WritebackTmp:          0 kB
CommitLimit:    34716468 kB
Committed_AS:     837612 kB
VmallocTotal:   34359738367 kB
VmallocUsed:       39812 kB
VmallocChunk:          0 kB
Percpu:           130944 kB
HardwareCorrupted:     0 kB
AnonHugePages:         0 kB
ShmemHugePages:        0 kB
ShmemPmdMapped:        0 kB
FileHugePages:         0 kB
FilePmdMapped:         0 kB
HugePages_Total:       0
HugePages_Free:        0
HugePages_Rsvd:        0
HugePages_Surp:        0
Hugepagesize:       2048 kB
Hugetlb:               0 kB
DirectMap4k:     2685760 kB
DirectMap2M:     5289984 kB
DirectMap1G:    58720256 kB

