MemTotal:       65439348 kB
MemFree:        64314412 kB
MemAvailable:   64012972 kB
Buffers:           31736 kB
Cached:           250408 kB
SwapCached:            0 kB
Active:           122876 kB
Inactive:         220176 kB
Active(anon):       3212 kB
Inactive(anon):    73188 kB
Active(file):     119664 kB
Inactive(file):   146988 kB
Unevictable:       19496 kB
Mlocked:           19496 kB
SwapTotal:       1996796 kB
SwapFree:        1996796 kB
Dirty:               736 kB
Writeback:             0 kB
AnonPages:         80500 kB
Mapped:            74716 kB
Shmem:              6376 kB
KReclaimable:      56436 kB
Slab:             276916 kB
SReclaimable:      56436 kB
SUnreclaim:       220480 kB
KernelStack:        9952 kB
PageTables:         2248 kB
NFS_Unstable:          0 kB
Bounce:                0 kB
WritebackTmp:          0 kB
CommitLimit:    34716468 kB
Committed_AS:     790356 kB
VmallocTotal:   34359738367 kB
VmallocUsed:       38324 kB
VmallocChunk:          0 kB
Percpu:            96576 kB
HardwareCorrupted:     0 kB
AnonHugePages:         0 kB
ShmemHugePages:        0 kB
ShmemPmdMapped:        0 kB
FileHugePages:         0 kB
FilePmdMapped:         0 kB
HugePages_Total:       0
HugePages_Free:        0
HugePages_Rsvd:        0
HugePages_Surp:        0
Hugepagesize:       2048 kB
Hugetlb:               0 kB
DirectMap4k:     2147136 kB
DirectMap2M:     5828608 kB
DirectMap1G:    58720256 kB

