MemTotal:       65439348 kB
MemFree:        63720592 kB
MemAvailable:   63820280 kB
Buffers:           57376 kB
Cached:           610004 kB
SwapCached:            0 kB
Active:           205324 kB
Inactive:         528292 kB
Active(anon):       3244 kB
Inactive(anon):    78500 kB
Active(file):     202080 kB
Inactive(file):   449792 kB
Unevictable:       19496 kB
Mlocked:           19496 kB
SwapTotal:       1996796 kB
SwapFree:        1996796 kB
Dirty:               952 kB
Writeback:             0 kB
AnonPages:         86284 kB
Mapped:            97476 kB
Shmem:              6384 kB
KReclaimable:      88256 kB
Slab:             324776 kB
SReclaimable:      88256 kB
SUnreclaim:       236520 kB
KernelStack:       10080 kB
PageTables:         2492 kB
NFS_Unstable:          0 kB
Bounce:                0 kB
WritebackTmp:          0 kB
CommitLimit:    34716468 kB
Committed_AS:     854040 kB
VmallocTotal:   34359738367 kB
VmallocUsed:       44556 kB
VmallocChunk:          0 kB
Percpu:           240576 kB
HardwareCorrupted:     0 kB
AnonHugePages:         0 kB
ShmemHugePages:        0 kB
ShmemPmdMapped:        0 kB
FileHugePages:         0 kB
FilePmdMapped:         0 kB
HugePages_Total:       0
HugePages_Free:        0
HugePages_Rsvd:        0
HugePages_Surp:        0
Hugepagesize:       2048 kB
Hugetlb:               0 kB
DirectMap4k:     2818880 kB
DirectMap2M:     5156864 kB
DirectMap1G:    58720256 kB

