MemTotal:       65439348 kB
MemFree:        63795684 kB
MemAvailable:   63863192 kB
Buffers:           53144 kB
Cached:           583760 kB
SwapCached:            0 kB
Active:           200420 kB
Inactive:         497284 kB
Active(anon):       3244 kB
Inactive(anon):    73040 kB
Active(file):     197176 kB
Inactive(file):   424244 kB
Unevictable:       19496 kB
Mlocked:           19496 kB
SwapTotal:       1996796 kB
SwapFree:        1996796 kB
Dirty:               172 kB
Writeback:             0 kB
AnonPages:         80420 kB
Mapped:            85436 kB
Shmem:              6376 kB
KReclaimable:      84796 kB
Slab:             319528 kB
SReclaimable:      84796 kB
SUnreclaim:       234732 kB
KernelStack:       10048 kB
PageTables:         2452 kB
NFS_Unstable:          0 kB
Bounce:                0 kB
WritebackTmp:          0 kB
CommitLimit:    34716468 kB
Committed_AS:     808036 kB
VmallocTotal:   34359738367 kB
VmallocUsed:       43164 kB
VmallocChunk:          0 kB
Percpu:           211584 kB
HardwareCorrupted:     0 kB
AnonHugePages:         0 kB
ShmemHugePages:        0 kB
ShmemPmdMapped:        0 kB
FileHugePages:         0 kB
FilePmdMapped:         0 kB
HugePages_Total:       0
HugePages_Free:        0
HugePages_Rsvd:        0
HugePages_Surp:        0
Hugepagesize:       2048 kB
Hugetlb:               0 kB
DirectMap4k:     2784064 kB
DirectMap2M:     5191680 kB
DirectMap1G:    58720256 kB

