MemTotal:       65439348 kB
MemFree:        64235396 kB
MemAvailable:   63982816 kB
Buffers:           39264 kB
Cached:           285384 kB
SwapCached:            0 kB
Active:           132968 kB
Inactive:         251860 kB
Active(anon):       3224 kB
Inactive(anon):    72456 kB
Active(file):     129744 kB
Inactive(file):   179404 kB
Unevictable:       19496 kB
Mlocked:           19496 kB
SwapTotal:       1996796 kB
SwapFree:        1996796 kB
Dirty:               676 kB
Writeback:             0 kB
AnonPages:         79752 kB
Mapped:            77492 kB
Shmem:              6376 kB
KReclaimable:      69168 kB
Slab:             293764 kB
SReclaimable:      69168 kB
SUnreclaim:       224596 kB
KernelStack:       10000 kB
PageTables:         2404 kB
NFS_Unstable:          0 kB
Bounce:                0 kB
WritebackTmp:          0 kB
CommitLimit:    34716468 kB
Committed_AS:     790624 kB
VmallocTotal:   34359738367 kB
VmallocUsed:       38936 kB
VmallocChunk:          0 kB
Percpu:           113472 kB
HardwareCorrupted:     0 kB
AnonHugePages:         0 kB
ShmemHugePages:        0 kB
ShmemPmdMapped:        0 kB
FileHugePages:         0 kB
FilePmdMapped:         0 kB
HugePages_Total:       0
HugePages_Free:        0
HugePages_Rsvd:        0
HugePages_Surp:        0
Hugepagesize:       2048 kB
Hugetlb:               0 kB
DirectMap4k:     2655040 kB
DirectMap2M:     5320704 kB
DirectMap1G:    58720256 kB

