MemTotal:       65439348 kB
MemFree:        64253924 kB
MemAvailable:   63993424 kB
Buffers:           38376 kB
Cached:           278728 kB
SwapCached:            0 kB
Active:           131196 kB
Inactive:         247472 kB
Active(anon):       3212 kB
Inactive(anon):    73828 kB
Active(file):     127984 kB
Inactive(file):   173644 kB
Unevictable:       19496 kB
Mlocked:           19496 kB
SwapTotal:       1996796 kB
SwapFree:        1996796 kB
Dirty:               864 kB
Writeback:             0 kB
AnonPages:         81080 kB
Mapped:            77528 kB
Shmem:              6376 kB
KReclaimable:      68364 kB
Slab:             291684 kB
SReclaimable:      68364 kB
SUnreclaim:       223320 kB
KernelStack:       10048 kB
PageTables:         2532 kB
NFS_Unstable:          0 kB
Bounce:                0 kB
WritebackTmp:          0 kB
CommitLimit:    34716468 kB
Committed_AS:     790356 kB
VmallocTotal:   34359738367 kB
VmallocUsed:       38468 kB
VmallocChunk:          0 kB
Percpu:           106752 kB
HardwareCorrupted:     0 kB
AnonHugePages:         0 kB
ShmemHugePages:        0 kB
ShmemPmdMapped:        0 kB
FileHugePages:         0 kB
FilePmdMapped:         0 kB
HugePages_Total:       0
HugePages_Free:        0
HugePages_Rsvd:        0
HugePages_Surp:        0
Hugepagesize:       2048 kB
Hugetlb:               0 kB
DirectMap4k:     2560832 kB
DirectMap2M:     5414912 kB
DirectMap1G:    58720256 kB

