MemTotal:       65439348 kB
MemFree:        63787200 kB
MemAvailable:   63858600 kB
Buffers:           53672 kB
Cached:           586940 kB
SwapCached:            0 kB
Active:           200948 kB
Inactive:         500420 kB
Active(anon):       3240 kB
Inactive(anon):    73004 kB
Active(file):     197708 kB
Inactive(file):   427416 kB
Unevictable:       19496 kB
Mlocked:           19496 kB
SwapTotal:       1996796 kB
SwapFree:        1996796 kB
Dirty:                44 kB
Writeback:             0 kB
AnonPages:         80296 kB
Mapped:            85700 kB
Shmem:              6376 kB
KReclaimable:      85172 kB
Slab:             319580 kB
SReclaimable:      85172 kB
SUnreclaim:       234408 kB
KernelStack:       10000 kB
PageTables:         2452 kB
NFS_Unstable:          0 kB
Bounce:                0 kB
WritebackTmp:          0 kB
CommitLimit:    34716468 kB
Committed_AS:     808036 kB
VmallocTotal:   34359738367 kB
VmallocUsed:       43196 kB
VmallocChunk:          0 kB
Percpu:           215232 kB
HardwareCorrupted:     0 kB
AnonHugePages:         0 kB
ShmemHugePages:        0 kB
ShmemPmdMapped:        0 kB
FileHugePages:         0 kB
FilePmdMapped:         0 kB
HugePages_Total:       0
HugePages_Free:        0
HugePages_Rsvd:        0
HugePages_Surp:        0
Hugepagesize:       2048 kB
Hugetlb:               0 kB
DirectMap4k:     2788160 kB
DirectMap2M:     5187584 kB
DirectMap1G:    58720256 kB

