MemTotal:       65439348 kB
MemFree:        63805404 kB
MemAvailable:   63867664 kB
Buffers:           52596 kB
Cached:           579320 kB
SwapCached:            0 kB
Active:           199864 kB
Inactive:         493548 kB
Active(anon):       3244 kB
Inactive(anon):    73744 kB
Active(file):     196620 kB
Inactive(file):   419804 kB
Unevictable:       19496 kB
Mlocked:           19496 kB
SwapTotal:       1996796 kB
SwapFree:        1996796 kB
Dirty:               704 kB
Writeback:             0 kB
AnonPages:         81108 kB
Mapped:            85200 kB
Shmem:              6376 kB
KReclaimable:      84292 kB
Slab:             318340 kB
SReclaimable:      84292 kB
SUnreclaim:       234048 kB
KernelStack:       10064 kB
PageTables:         2220 kB
NFS_Unstable:          0 kB
Bounce:                0 kB
WritebackTmp:          0 kB
CommitLimit:    34716468 kB
Committed_AS:     807648 kB
VmallocTotal:   34359738367 kB
VmallocUsed:       42728 kB
VmallocChunk:          0 kB
Percpu:           206784 kB
HardwareCorrupted:     0 kB
AnonHugePages:         0 kB
ShmemHugePages:        0 kB
ShmemPmdMapped:        0 kB
FileHugePages:         0 kB
FilePmdMapped:         0 kB
HugePages_Total:       0
HugePages_Free:        0
HugePages_Rsvd:        0
HugePages_Surp:        0
Hugepagesize:       2048 kB
Hugetlb:               0 kB
DirectMap4k:     2773824 kB
DirectMap2M:     5201920 kB
DirectMap1G:    58720256 kB

