MemTotal:       65439348 kB
MemFree:        63786544 kB
MemAvailable:   63858532 kB
Buffers:           53780 kB
Cached:           587420 kB
SwapCached:            0 kB
Active:           201036 kB
Inactive:         500768 kB
Active(anon):       3244 kB
Inactive(anon):    72868 kB
Active(file):     197792 kB
Inactive(file):   427900 kB
Unevictable:       19496 kB
Mlocked:           19496 kB
SwapTotal:       1996796 kB
SwapFree:        1996796 kB
Dirty:                32 kB
Writeback:             0 kB
AnonPages:         80200 kB
Mapped:            85752 kB
Shmem:              6376 kB
KReclaimable:      85216 kB
Slab:             319508 kB
SReclaimable:      85216 kB
SUnreclaim:       234292 kB
KernelStack:        9968 kB
PageTables:         2456 kB
NFS_Unstable:          0 kB
Bounce:                0 kB
WritebackTmp:          0 kB
CommitLimit:    34716468 kB
Committed_AS:     808036 kB
VmallocTotal:   34359738367 kB
VmallocUsed:       43228 kB
VmallocChunk:          0 kB
Percpu:           215808 kB
HardwareCorrupted:     0 kB
AnonHugePages:         0 kB
ShmemHugePages:        0 kB
ShmemPmdMapped:        0 kB
FileHugePages:         0 kB
FilePmdMapped:         0 kB
HugePages_Total:       0
HugePages_Free:        0
HugePages_Rsvd:        0
HugePages_Surp:        0
Hugepagesize:       2048 kB
Hugetlb:               0 kB
DirectMap4k:     2788160 kB
DirectMap2M:     5187584 kB
DirectMap1G:    58720256 kB

