MemTotal:       65439348 kB
MemFree:        63773956 kB
MemAvailable:   63850224 kB
Buffers:           54400 kB
Cached:           590760 kB
SwapCached:            0 kB
Active:           202356 kB
Inactive:         508940 kB
Active(anon):       3252 kB
Inactive(anon):    78384 kB
Active(file):     199104 kB
Inactive(file):   430556 kB
Unevictable:       19496 kB
Mlocked:           19496 kB
SwapTotal:       1996796 kB
SwapFree:        1996796 kB
Dirty:               168 kB
Writeback:             0 kB
AnonPages:         85140 kB
Mapped:            95188 kB
Shmem:              6376 kB
KReclaimable:      85840 kB
Slab:             320988 kB
SReclaimable:      85840 kB
SUnreclaim:       235148 kB
KernelStack:       10112 kB
PageTables:         2236 kB
NFS_Unstable:          0 kB
Bounce:                0 kB
WritebackTmp:          0 kB
CommitLimit:    34716468 kB
Committed_AS:     854428 kB
VmallocTotal:   34359738367 kB
VmallocUsed:       43556 kB
VmallocChunk:          0 kB
Percpu:           219648 kB
HardwareCorrupted:     0 kB
AnonHugePages:         0 kB
ShmemHugePages:        0 kB
ShmemPmdMapped:        0 kB
FileHugePages:         0 kB
FilePmdMapped:         0 kB
HugePages_Total:       0
HugePages_Free:        0
HugePages_Rsvd:        0
HugePages_Surp:        0
Hugepagesize:       2048 kB
Hugetlb:               0 kB
DirectMap4k:     2794304 kB
DirectMap2M:     5181440 kB
DirectMap1G:    58720256 kB

