MemTotal:       65439348 kB
MemFree:        64226640 kB
MemAvailable:   63978860 kB
Buffers:           39852 kB
Cached:           289344 kB
SwapCached:            0 kB
Active:           133568 kB
Inactive:         255820 kB
Active(anon):       3220 kB
Inactive(anon):    72456 kB
Active(file):     130348 kB
Inactive(file):   183364 kB
Unevictable:       19496 kB
Mlocked:           19496 kB
SwapTotal:       1996796 kB
SwapFree:        1996796 kB
Dirty:               752 kB
Writeback:             0 kB
AnonPages:         79760 kB
Mapped:            77792 kB
Shmem:              6376 kB
KReclaimable:      69640 kB
Slab:             294012 kB
SReclaimable:      69640 kB
SUnreclaim:       224372 kB
KernelStack:       10016 kB
PageTables:         2404 kB
NFS_Unstable:          0 kB
Bounce:                0 kB
WritebackTmp:          0 kB
CommitLimit:    34716468 kB
Committed_AS:     790624 kB
VmallocTotal:   34359738367 kB
VmallocUsed:       39032 kB
VmallocChunk:          0 kB
Percpu:           116928 kB
HardwareCorrupted:     0 kB
AnonHugePages:         0 kB
ShmemHugePages:        0 kB
ShmemPmdMapped:        0 kB
FileHugePages:         0 kB
FilePmdMapped:         0 kB
HugePages_Total:       0
HugePages_Free:        0
HugePages_Rsvd:        0
HugePages_Surp:        0
Hugepagesize:       2048 kB
Hugetlb:               0 kB
DirectMap4k:     2661184 kB
DirectMap2M:     5314560 kB
DirectMap1G:    58720256 kB

