MemTotal:       65439348 kB
MemFree:        63884244 kB
MemAvailable:   63908560 kB
Buffers:           48032 kB
Cached:           548252 kB
SwapCached:            0 kB
Active:           156336 kB
Inactive:         500668 kB
Active(anon):       3244 kB
Inactive(anon):    72960 kB
Active(file):     153092 kB
Inactive(file):   427708 kB
Unevictable:       19496 kB
Mlocked:           19496 kB
SwapTotal:       1996796 kB
SwapFree:        1996796 kB
Dirty:               748 kB
Writeback:             0 kB
AnonPages:         80240 kB
Mapped:            82528 kB
Shmem:              6376 kB
KReclaimable:      79656 kB
Slab:             309724 kB
SReclaimable:      79656 kB
SUnreclaim:       230068 kB
KernelStack:       10032 kB
PageTables:         2432 kB
NFS_Unstable:          0 kB
Bounce:                0 kB
WritebackTmp:          0 kB
CommitLimit:    34716468 kB
Committed_AS:     799592 kB
VmallocTotal:   34359738367 kB
VmallocUsed:       41648 kB
VmallocChunk:          0 kB
Percpu:           174912 kB
HardwareCorrupted:     0 kB
AnonHugePages:         0 kB
ShmemHugePages:        0 kB
ShmemPmdMapped:        0 kB
FileHugePages:         0 kB
FilePmdMapped:         0 kB
HugePages_Total:       0
HugePages_Free:        0
HugePages_Rsvd:        0
HugePages_Surp:        0
Hugepagesize:       2048 kB
Hugetlb:               0 kB
DirectMap4k:     2739008 kB
DirectMap2M:     5236736 kB
DirectMap1G:    58720256 kB

