MemTotal:       65439348 kB
MemFree:        64281848 kB
MemAvailable:   64002444 kB
Buffers:           36056 kB
Cached:           263128 kB
SwapCached:            0 kB
Active:           128868 kB
Inactive:         232276 kB
Active(anon):       3240 kB
Inactive(anon):    74228 kB
Active(file):     125628 kB
Inactive(file):   158048 kB
Unevictable:       19496 kB
Mlocked:           19496 kB
SwapTotal:       1996796 kB
SwapFree:        1996796 kB
Dirty:               676 kB
Writeback:             0 kB
AnonPages:         81572 kB
Mapped:            76012 kB
Shmem:              6380 kB
KReclaimable:      66464 kB
Slab:             288684 kB
SReclaimable:      66464 kB
SUnreclaim:       222220 kB
KernelStack:       10064 kB
PageTables:         2164 kB
NFS_Unstable:          0 kB
Bounce:                0 kB
WritebackTmp:          0 kB
CommitLimit:    34716468 kB
Committed_AS:     790356 kB
VmallocTotal:   34359738367 kB
VmallocUsed:       38548 kB
VmallocChunk:          0 kB
Percpu:            96576 kB
HardwareCorrupted:     0 kB
AnonHugePages:         0 kB
ShmemHugePages:        0 kB
ShmemPmdMapped:        0 kB
FileHugePages:         0 kB
FilePmdMapped:         0 kB
HugePages_Total:       0
HugePages_Free:        0
HugePages_Rsvd:        0
HugePages_Surp:        0
Hugepagesize:       2048 kB
Hugetlb:               0 kB
DirectMap4k:     2310976 kB
DirectMap2M:     5664768 kB
DirectMap1G:    58720256 kB

