MemTotal:       65439348 kB
MemFree:        64290624 kB
MemAvailable:   64006692 kB
Buffers:           35496 kB
Cached:           259352 kB
SwapCached:            0 kB
Active:           128332 kB
Inactive:         228664 kB
Active(anon):       3232 kB
Inactive(anon):    74396 kB
Active(file):     125100 kB
Inactive(file):   154268 kB
Unevictable:       19496 kB
Mlocked:           19496 kB
SwapTotal:       1996796 kB
SwapFree:        1996796 kB
Dirty:               708 kB
Writeback:             0 kB
AnonPages:         81216 kB
Mapped:            75804 kB
Shmem:              6380 kB
KReclaimable:      66024 kB
Slab:             288192 kB
SReclaimable:      66024 kB
SUnreclaim:       222168 kB
KernelStack:       10064 kB
PageTables:         2332 kB
NFS_Unstable:          0 kB
Bounce:                0 kB
WritebackTmp:          0 kB
CommitLimit:    34716468 kB
Committed_AS:     790352 kB
VmallocTotal:   34359738367 kB
VmallocUsed:       38308 kB
VmallocChunk:          0 kB
Percpu:            96576 kB
HardwareCorrupted:     0 kB
AnonHugePages:         0 kB
ShmemHugePages:        0 kB
ShmemPmdMapped:        0 kB
FileHugePages:         0 kB
FilePmdMapped:         0 kB
HugePages_Total:       0
HugePages_Free:        0
HugePages_Rsvd:        0
HugePages_Surp:        0
Hugepagesize:       2048 kB
Hugetlb:               0 kB
DirectMap4k:     2251584 kB
DirectMap2M:     5724160 kB
DirectMap1G:    58720256 kB

