MemTotal:       65439348 kB
MemFree:        64219556 kB
MemAvailable:   63975616 kB
Buffers:           40296 kB
Cached:           292468 kB
SwapCached:            0 kB
Active:           134012 kB
Inactive:         260560 kB
Active(anon):       3212 kB
Inactive(anon):    74072 kB
Active(file):     130800 kB
Inactive(file):   186488 kB
Unevictable:       19496 kB
Mlocked:           19496 kB
SwapTotal:       1996796 kB
SwapFree:        1996796 kB
Dirty:               672 kB
Writeback:             0 kB
AnonPages:         81356 kB
Mapped:            78540 kB
Shmem:              6376 kB
KReclaimable:      70168 kB
Slab:             295604 kB
SReclaimable:      70168 kB
SUnreclaim:       225436 kB
KernelStack:       10080 kB
PageTables:         2732 kB
NFS_Unstable:          0 kB
Bounce:                0 kB
WritebackTmp:          0 kB
CommitLimit:    34716468 kB
Committed_AS:     790360 kB
VmallocTotal:   34359738367 kB
VmallocUsed:       39580 kB
VmallocChunk:          0 kB
Percpu:           120576 kB
HardwareCorrupted:     0 kB
AnonHugePages:         0 kB
ShmemHugePages:        0 kB
ShmemPmdMapped:        0 kB
FileHugePages:         0 kB
FilePmdMapped:         0 kB
HugePages_Total:       0
HugePages_Free:        0
HugePages_Rsvd:        0
HugePages_Surp:        0
Hugepagesize:       2048 kB
Hugetlb:               0 kB
DirectMap4k:     2669376 kB
DirectMap2M:     5306368 kB
DirectMap1G:    58720256 kB

