MemTotal:       65439348 kB
MemFree:        64137764 kB
MemAvailable:   63937492 kB
Buffers:           44432 kB
Cached:           330060 kB
SwapCached:            0 kB
Active:           140180 kB
Inactive:         300304 kB
Active(anon):       3248 kB
Inactive(anon):    78232 kB
Active(file):     136932 kB
Inactive(file):   222072 kB
Unevictable:       19496 kB
Mlocked:           19496 kB
SwapTotal:       1996796 kB
SwapFree:        1996796 kB
Dirty:               724 kB
Writeback:             0 kB
AnonPages:         85588 kB
Mapped:            89568 kB
Shmem:              6380 kB
KReclaimable:      74072 kB
Slab:             301892 kB
SReclaimable:      74072 kB
SUnreclaim:       227820 kB
KernelStack:       10176 kB
PageTables:         2576 kB
NFS_Unstable:          0 kB
Bounce:                0 kB
WritebackTmp:          0 kB
CommitLimit:    34716468 kB
Committed_AS:     838260 kB
VmallocTotal:   34359738367 kB
VmallocUsed:       40764 kB
VmallocChunk:          0 kB
Percpu:           147264 kB
HardwareCorrupted:     0 kB
AnonHugePages:         0 kB
ShmemHugePages:        0 kB
ShmemPmdMapped:        0 kB
FileHugePages:         0 kB
FilePmdMapped:         0 kB
HugePages_Total:       0
HugePages_Free:        0
HugePages_Rsvd:        0
HugePages_Surp:        0
Hugepagesize:       2048 kB
Hugetlb:               0 kB
DirectMap4k:     2706240 kB
DirectMap2M:     5269504 kB
DirectMap1G:    58720256 kB

