MemTotal:       65439348 kB
MemFree:        63864796 kB
MemAvailable:   63899696 kB
Buffers:           49188 kB
Cached:           557040 kB
SwapCached:            0 kB
Active:           157648 kB
Inactive:         509004 kB
Active(anon):       3240 kB
Inactive(anon):    72680 kB
Active(file):     154408 kB
Inactive(file):   436324 kB
Unevictable:       19496 kB
Mlocked:           19496 kB
SwapTotal:       1996796 kB
SwapFree:        1996796 kB
Dirty:                28 kB
Writeback:             0 kB
AnonPages:         80020 kB
Mapped:            83144 kB
Shmem:              6376 kB
KReclaimable:      80960 kB
Slab:             312504 kB
SReclaimable:      80960 kB
SUnreclaim:       231544 kB
KernelStack:        9920 kB
PageTables:         2436 kB
NFS_Unstable:          0 kB
Bounce:                0 kB
WritebackTmp:          0 kB
CommitLimit:    34716468 kB
Committed_AS:     799588 kB
VmallocTotal:   34359738367 kB
VmallocUsed:       41664 kB
VmallocChunk:          0 kB
Percpu:           182784 kB
HardwareCorrupted:     0 kB
AnonHugePages:         0 kB
ShmemHugePages:        0 kB
ShmemPmdMapped:        0 kB
FileHugePages:         0 kB
FilePmdMapped:         0 kB
HugePages_Total:       0
HugePages_Free:        0
HugePages_Rsvd:        0
HugePages_Surp:        0
Hugepagesize:       2048 kB
Hugetlb:               0 kB
DirectMap4k:     2747200 kB
DirectMap2M:     5228544 kB
DirectMap1G:    58720256 kB

