MemTotal:       65439348 kB
MemFree:        64129864 kB
MemAvailable:   63932040 kB
Buffers:           44756 kB
Cached:           332052 kB
SwapCached:            0 kB
Active:           140504 kB
Inactive:         302416 kB
Active(anon):       3248 kB
Inactive(anon):    78352 kB
Active(file):     137256 kB
Inactive(file):   224064 kB
Unevictable:       19496 kB
Mlocked:           19496 kB
SwapTotal:       1996796 kB
SwapFree:        1996796 kB
Dirty:               676 kB
Writeback:             0 kB
AnonPages:         85692 kB
Mapped:            89700 kB
Shmem:              6380 kB
KReclaimable:      74332 kB
Slab:             303060 kB
SReclaimable:      74332 kB
SUnreclaim:       228728 kB
KernelStack:       10096 kB
PageTables:         2576 kB
NFS_Unstable:          0 kB
Bounce:                0 kB
WritebackTmp:          0 kB
CommitLimit:    34716468 kB
Committed_AS:     838260 kB
VmallocTotal:   34359738367 kB
VmallocUsed:       40732 kB
VmallocChunk:          0 kB
Percpu:           149760 kB
HardwareCorrupted:     0 kB
AnonHugePages:         0 kB
ShmemHugePages:        0 kB
ShmemPmdMapped:        0 kB
FileHugePages:         0 kB
FilePmdMapped:         0 kB
HugePages_Total:       0
HugePages_Free:        0
HugePages_Rsvd:        0
HugePages_Surp:        0
Hugepagesize:       2048 kB
Hugetlb:               0 kB
DirectMap4k:     2710336 kB
DirectMap2M:     5265408 kB
DirectMap1G:    58720256 kB

