MemTotal:       65439348 kB
MemFree:        64172944 kB
MemAvailable:   63954612 kB
Buffers:           42168 kB
Cached:           315328 kB
SwapCached:            0 kB
Active:           137596 kB
Inactive:         285812 kB
Active(anon):       3244 kB
Inactive(anon):    78156 kB
Active(file):     134352 kB
Inactive(file):   207656 kB
Unevictable:       19496 kB
Mlocked:           19496 kB
SwapTotal:       1996796 kB
SwapFree:        1996796 kB
Dirty:               156 kB
Writeback:             0 kB
AnonPages:         85512 kB
Mapped:            88396 kB
Shmem:              6380 kB
KReclaimable:      71944 kB
Slab:             298384 kB
SReclaimable:      71944 kB
SUnreclaim:       226440 kB
KernelStack:       10112 kB
PageTables:         2588 kB
NFS_Unstable:          0 kB
Bounce:                0 kB
WritebackTmp:          0 kB
CommitLimit:    34716468 kB
Committed_AS:     838000 kB
VmallocTotal:   34359738367 kB
VmallocUsed:       39780 kB
VmallocChunk:          0 kB
Percpu:           130944 kB
HardwareCorrupted:     0 kB
AnonHugePages:         0 kB
ShmemHugePages:        0 kB
ShmemPmdMapped:        0 kB
FileHugePages:         0 kB
FilePmdMapped:         0 kB
HugePages_Total:       0
HugePages_Free:        0
HugePages_Rsvd:        0
HugePages_Surp:        0
Hugepagesize:       2048 kB
Hugetlb:               0 kB
DirectMap4k:     2685760 kB
DirectMap2M:     5289984 kB
DirectMap1G:    58720256 kB

