MemTotal:       65439348 kB
MemFree:        64234516 kB
MemAvailable:   63982316 kB
Buffers:           39292 kB
Cached:           285744 kB
SwapCached:            0 kB
Active:           132964 kB
Inactive:         252196 kB
Active(anon):       3216 kB
Inactive(anon):    72432 kB
Active(file):     129748 kB
Inactive(file):   179764 kB
Unevictable:       19496 kB
Mlocked:           19496 kB
SwapTotal:       1996796 kB
SwapFree:        1996796 kB
Dirty:               756 kB
Writeback:             0 kB
AnonPages:         79736 kB
Mapped:            77512 kB
Shmem:              6376 kB
KReclaimable:      69200 kB
Slab:             293904 kB
SReclaimable:      69200 kB
SUnreclaim:       224704 kB
KernelStack:       10000 kB
PageTables:         2404 kB
NFS_Unstable:          0 kB
Bounce:                0 kB
WritebackTmp:          0 kB
CommitLimit:    34716468 kB
Committed_AS:     790748 kB
VmallocTotal:   34359738367 kB
VmallocUsed:       38920 kB
VmallocChunk:          0 kB
Percpu:           113472 kB
HardwareCorrupted:     0 kB
AnonHugePages:         0 kB
ShmemHugePages:        0 kB
ShmemPmdMapped:        0 kB
FileHugePages:         0 kB
FilePmdMapped:         0 kB
HugePages_Total:       0
HugePages_Free:        0
HugePages_Rsvd:        0
HugePages_Surp:        0
Hugepagesize:       2048 kB
Hugetlb:               0 kB
DirectMap4k:     2657088 kB
DirectMap2M:     5318656 kB
DirectMap1G:    58720256 kB

