MemTotal:       65439348 kB
MemFree:        64244176 kB
MemAvailable:   63986764 kB
Buffers:           38660 kB
Cached:           281356 kB
SwapCached:            0 kB
Active:           132388 kB
Inactive:         248392 kB
Active(anon):       3232 kB
Inactive(anon):    73016 kB
Active(file):     129156 kB
Inactive(file):   175376 kB
Unevictable:       19496 kB
Mlocked:           19496 kB
SwapTotal:       1996796 kB
SwapFree:        1996796 kB
Dirty:               652 kB
Writeback:             0 kB
AnonPages:         80452 kB
Mapped:            78248 kB
Shmem:              6376 kB
KReclaimable:      68736 kB
Slab:             292788 kB
SReclaimable:      68736 kB
SUnreclaim:       224052 kB
KernelStack:       10208 kB
PageTables:         2400 kB
NFS_Unstable:          0 kB
Bounce:                0 kB
WritebackTmp:          0 kB
CommitLimit:    34716468 kB
Committed_AS:     790364 kB
VmallocTotal:   34359738367 kB
VmallocUsed:       39144 kB
VmallocChunk:          0 kB
Percpu:           109248 kB
HardwareCorrupted:     0 kB
AnonHugePages:         0 kB
ShmemHugePages:        0 kB
ShmemPmdMapped:        0 kB
FileHugePages:         0 kB
FilePmdMapped:         0 kB
HugePages_Total:       0
HugePages_Free:        0
HugePages_Rsvd:        0
HugePages_Surp:        0
Hugepagesize:       2048 kB
Hugetlb:               0 kB
DirectMap4k:     2593600 kB
DirectMap2M:     5382144 kB
DirectMap1G:    58720256 kB

