MemTotal:       65439348 kB
MemFree:        63706004 kB
MemAvailable:   63815552 kB
Buffers:           58504 kB
Cached:           618200 kB
SwapCached:            0 kB
Active:           211376 kB
Inactive:         526056 kB
Active(anon):       3240 kB
Inactive(anon):    72988 kB
Active(file):     208136 kB
Inactive(file):   453068 kB
Unevictable:       19496 kB
Mlocked:           19496 kB
SwapTotal:       1996796 kB
SwapFree:        1996796 kB
Dirty:               292 kB
Writeback:             0 kB
AnonPages:         80300 kB
Mapped:            88228 kB
Shmem:              6376 kB
KReclaimable:      89308 kB
Slab:             328252 kB
SReclaimable:      89308 kB
SUnreclaim:       238944 kB
KernelStack:       10032 kB
PageTables:         2456 kB
NFS_Unstable:          0 kB
Bounce:                0 kB
WritebackTmp:          0 kB
CommitLimit:    34716468 kB
Committed_AS:     808036 kB
VmallocTotal:   34359738367 kB
VmallocUsed:       44872 kB
VmallocChunk:          0 kB
Percpu:           249024 kB
HardwareCorrupted:     0 kB
AnonHugePages:         0 kB
ShmemHugePages:        0 kB
ShmemPmdMapped:        0 kB
FileHugePages:         0 kB
FilePmdMapped:         0 kB
HugePages_Total:       0
HugePages_Free:        0
HugePages_Rsvd:        0
HugePages_Surp:        0
Hugepagesize:       2048 kB
Hugetlb:               0 kB
DirectMap4k:     2829120 kB
DirectMap2M:     5146624 kB
DirectMap1G:    58720256 kB

