MemTotal:       65439348 kB
MemFree:        64321924 kB
MemAvailable:   64016640 kB
Buffers:           30720 kB
Cached:           244812 kB
SwapCached:            0 kB
Active:           121880 kB
Inactive:         213784 kB
Active(anon):       3220 kB
Inactive(anon):    72392 kB
Active(file):     118660 kB
Inactive(file):   141392 kB
Unevictable:       19496 kB
Mlocked:           19496 kB
SwapTotal:       1996796 kB
SwapFree:        1996796 kB
Dirty:               660 kB
Writeback:             0 kB
AnonPages:         79660 kB
Mapped:            74264 kB
Shmem:              6380 kB
KReclaimable:      56116 kB
Slab:             276172 kB
SReclaimable:      56116 kB
SUnreclaim:       220056 kB
KernelStack:        9984 kB
PageTables:         2332 kB
NFS_Unstable:          0 kB
Bounce:                0 kB
WritebackTmp:          0 kB
CommitLimit:    34716468 kB
Committed_AS:     790100 kB
VmallocTotal:   34359738367 kB
VmallocUsed:       38452 kB
VmallocChunk:          0 kB
Percpu:            96576 kB
HardwareCorrupted:     0 kB
AnonHugePages:         0 kB
ShmemHugePages:        0 kB
ShmemPmdMapped:        0 kB
FileHugePages:         0 kB
FilePmdMapped:         0 kB
HugePages_Total:       0
HugePages_Free:        0
HugePages_Rsvd:        0
HugePages_Surp:        0
Hugepagesize:       2048 kB
Hugetlb:               0 kB
DirectMap4k:     2065216 kB
DirectMap2M:     5910528 kB
DirectMap1G:    58720256 kB

