MemTotal:       65439348 kB
MemFree:        64251420 kB
MemAvailable:   63991664 kB
Buffers:           38492 kB
Cached:           279372 kB
SwapCached:            0 kB
Active:           131268 kB
Inactive:         247080 kB
Active(anon):       3216 kB
Inactive(anon):    72792 kB
Active(file):     128052 kB
Inactive(file):   174288 kB
Unevictable:       19496 kB
Mlocked:           19496 kB
SwapTotal:       1996796 kB
SwapFree:        1996796 kB
Dirty:               156 kB
Writeback:             0 kB
AnonPages:         80084 kB
Mapped:            77092 kB
Shmem:              6376 kB
KReclaimable:      68432 kB
Slab:             291588 kB
SReclaimable:      68432 kB
SUnreclaim:       223156 kB
KernelStack:       10048 kB
PageTables:         2460 kB
NFS_Unstable:          0 kB
Bounce:                0 kB
WritebackTmp:          0 kB
CommitLimit:    34716468 kB
Committed_AS:     790620 kB
VmallocTotal:   34359738367 kB
VmallocUsed:       39064 kB
VmallocChunk:          0 kB
Percpu:           107328 kB
HardwareCorrupted:     0 kB
AnonHugePages:         0 kB
ShmemHugePages:        0 kB
ShmemPmdMapped:        0 kB
FileHugePages:         0 kB
FilePmdMapped:         0 kB
HugePages_Total:       0
HugePages_Free:        0
HugePages_Rsvd:        0
HugePages_Surp:        0
Hugepagesize:       2048 kB
Hugetlb:               0 kB
DirectMap4k:     2573120 kB
DirectMap2M:     5402624 kB
DirectMap1G:    58720256 kB

