MemTotal:       65439348 kB
MemFree:        64165572 kB
MemAvailable:   63951828 kB
Buffers:           42804 kB
Cached:           319044 kB
SwapCached:            0 kB
Active:           138240 kB
Inactive:         291492 kB
Active(anon):       3248 kB
Inactive(anon):    80120 kB
Active(file):     134992 kB
Inactive(file):   211372 kB
Unevictable:       19496 kB
Mlocked:           19496 kB
SwapTotal:       1996796 kB
SwapFree:        1996796 kB
Dirty:               608 kB
Writeback:             0 kB
AnonPages:         87312 kB
Mapped:            88932 kB
Shmem:              6380 kB
KReclaimable:      72408 kB
Slab:             299496 kB
SReclaimable:      72408 kB
SUnreclaim:       227088 kB
KernelStack:        9920 kB
PageTables:         2160 kB
NFS_Unstable:          0 kB
Bounce:                0 kB
WritebackTmp:          0 kB
CommitLimit:    34716468 kB
Committed_AS:     837612 kB
VmallocTotal:   34359738367 kB
VmallocUsed:       40168 kB
VmallocChunk:          0 kB
Percpu:           135168 kB
HardwareCorrupted:     0 kB
AnonHugePages:         0 kB
ShmemHugePages:        0 kB
ShmemPmdMapped:        0 kB
FileHugePages:         0 kB
FilePmdMapped:         0 kB
HugePages_Total:       0
HugePages_Free:        0
HugePages_Rsvd:        0
HugePages_Surp:        0
Hugepagesize:       2048 kB
Hugetlb:               0 kB
DirectMap4k:     2693952 kB
DirectMap2M:     5281792 kB
DirectMap1G:    58720256 kB

