MemTotal:       65439348 kB
MemFree:        64312480 kB
MemAvailable:   64013532 kB
Buffers:           32008 kB
Cached:           252564 kB
SwapCached:            0 kB
Active:           123152 kB
Inactive:         224436 kB
Active(anon):       3216 kB
Inactive(anon):    75288 kB
Active(file):     119936 kB
Inactive(file):   149148 kB
Unevictable:       19496 kB
Mlocked:           19496 kB
SwapTotal:       1996796 kB
SwapFree:        1996796 kB
Dirty:               740 kB
Writeback:             0 kB
AnonPages:         82632 kB
Mapped:            75820 kB
Shmem:              6376 kB
KReclaimable:      56560 kB
Slab:             277708 kB
SReclaimable:      56560 kB
SUnreclaim:       221148 kB
KernelStack:       10192 kB
PageTables:         2932 kB
NFS_Unstable:          0 kB
Bounce:                0 kB
WritebackTmp:          0 kB
CommitLimit:    34716468 kB
Committed_AS:     790352 kB
VmallocTotal:   34359738367 kB
VmallocUsed:       38516 kB
VmallocChunk:          0 kB
Percpu:            96576 kB
HardwareCorrupted:     0 kB
AnonHugePages:         0 kB
ShmemHugePages:        0 kB
ShmemPmdMapped:        0 kB
FileHugePages:         0 kB
FilePmdMapped:         0 kB
HugePages_Total:       0
HugePages_Free:        0
HugePages_Rsvd:        0
HugePages_Surp:        0
Hugepagesize:       2048 kB
Hugetlb:               0 kB
DirectMap4k:     2177856 kB
DirectMap2M:     5797888 kB
DirectMap1G:    58720256 kB

