MemTotal:       65439348 kB
MemFree:        63915632 kB
MemAvailable:   63924696 kB
Buffers:           46276 kB
Cached:           535476 kB
SwapCached:            0 kB
Active:           154580 kB
Inactive:         487548 kB
Active(anon):       3244 kB
Inactive(anon):    72616 kB
Active(file):     151336 kB
Inactive(file):   414932 kB
Unevictable:       19496 kB
Mlocked:           19496 kB
SwapTotal:       1996796 kB
SwapFree:        1996796 kB
Dirty:               836 kB
Writeback:             0 kB
AnonPages:         80024 kB
Mapped:            81672 kB
Shmem:              6376 kB
KReclaimable:      78216 kB
Slab:             307080 kB
SReclaimable:      78216 kB
SUnreclaim:       228864 kB
KernelStack:       10032 kB
PageTables:         2432 kB
NFS_Unstable:          0 kB
Bounce:                0 kB
WritebackTmp:          0 kB
CommitLimit:    34716468 kB
Committed_AS:     799588 kB
VmallocTotal:   34359738367 kB
VmallocUsed:       41148 kB
VmallocChunk:          0 kB
Percpu:           161088 kB
HardwareCorrupted:     0 kB
AnonHugePages:         0 kB
ShmemHugePages:        0 kB
ShmemPmdMapped:        0 kB
FileHugePages:         0 kB
FilePmdMapped:         0 kB
HugePages_Total:       0
HugePages_Free:        0
HugePages_Rsvd:        0
HugePages_Surp:        0
Hugepagesize:       2048 kB
Hugetlb:               0 kB
DirectMap4k:     2722624 kB
DirectMap2M:     5253120 kB
DirectMap1G:    58720256 kB

