MemTotal:       65439348 kB
MemFree:        63800168 kB
MemAvailable:   63866512 kB
Buffers:           53024 kB
Cached:           582752 kB
SwapCached:            0 kB
Active:           200316 kB
Inactive:         496852 kB
Active(anon):       3260 kB
Inactive(anon):    73620 kB
Active(file):     197056 kB
Inactive(file):   423232 kB
Unevictable:       19496 kB
Mlocked:           19496 kB
SwapTotal:       1996796 kB
SwapFree:        1996796 kB
Dirty:               852 kB
Writeback:             0 kB
AnonPages:         80628 kB
Mapped:            85460 kB
Shmem:              6380 kB
KReclaimable:      84736 kB
Slab:             318864 kB
SReclaimable:      84736 kB
SUnreclaim:       234128 kB
KernelStack:       10160 kB
PageTables:         2620 kB
NFS_Unstable:          0 kB
Bounce:                0 kB
WritebackTmp:          0 kB
CommitLimit:    34716468 kB
Committed_AS:     807652 kB
VmallocTotal:   34359738367 kB
VmallocUsed:       43068 kB
VmallocChunk:          0 kB
Percpu:           210432 kB
HardwareCorrupted:     0 kB
AnonHugePages:         0 kB
ShmemHugePages:        0 kB
ShmemPmdMapped:        0 kB
FileHugePages:         0 kB
FilePmdMapped:         0 kB
HugePages_Total:       0
HugePages_Free:        0
HugePages_Rsvd:        0
HugePages_Surp:        0
Hugepagesize:       2048 kB
Hugetlb:               0 kB
DirectMap4k:     2782016 kB
DirectMap2M:     5193728 kB
DirectMap1G:    58720256 kB

