MemTotal:       65439348 kB
MemFree:        64140368 kB
MemAvailable:   63938128 kB
Buffers:           44192 kB
Cached:           328408 kB
SwapCached:            0 kB
Active:           139944 kB
Inactive:         298648 kB
Active(anon):       3248 kB
Inactive(anon):    78224 kB
Active(file):     136696 kB
Inactive(file):   220424 kB
Unevictable:       19496 kB
Mlocked:           19496 kB
SwapTotal:       1996796 kB
SwapFree:        1996796 kB
Dirty:               720 kB
Writeback:             0 kB
AnonPages:         85644 kB
Mapped:            89428 kB
Shmem:              6380 kB
KReclaimable:      73904 kB
Slab:             302124 kB
SReclaimable:      73904 kB
SUnreclaim:       228220 kB
KernelStack:       10112 kB
PageTables:         2572 kB
NFS_Unstable:          0 kB
Bounce:                0 kB
WritebackTmp:          0 kB
CommitLimit:    34716468 kB
Committed_AS:     838260 kB
VmallocTotal:   34359738367 kB
VmallocUsed:       40168 kB
VmallocChunk:          0 kB
Percpu:           145344 kB
HardwareCorrupted:     0 kB
AnonHugePages:         0 kB
ShmemHugePages:        0 kB
ShmemPmdMapped:        0 kB
FileHugePages:         0 kB
FilePmdMapped:         0 kB
HugePages_Total:       0
HugePages_Free:        0
HugePages_Rsvd:        0
HugePages_Surp:        0
Hugepagesize:       2048 kB
Hugetlb:               0 kB
DirectMap4k:     2706240 kB
DirectMap2M:     5269504 kB
DirectMap1G:    58720256 kB

