MemTotal:       65439348 kB
MemFree:        63722176 kB
MemAvailable:   63825708 kB
Buffers:           57824 kB
Cached:           613164 kB
SwapCached:            0 kB
Active:           210748 kB
Inactive:         522484 kB
Active(anon):       3252 kB
Inactive(anon):    74468 kB
Active(file):     207496 kB
Inactive(file):   448016 kB
Unevictable:       19496 kB
Mlocked:           19496 kB
SwapTotal:       1996796 kB
SwapFree:        1996796 kB
Dirty:               508 kB
Writeback:             0 kB
AnonPages:         81832 kB
Mapped:            88852 kB
Shmem:              6376 kB
KReclaimable:      88660 kB
Slab:             326276 kB
SReclaimable:      88660 kB
SUnreclaim:       237616 kB
KernelStack:       10144 kB
PageTables:         2716 kB
NFS_Unstable:          0 kB
Bounce:                0 kB
WritebackTmp:          0 kB
CommitLimit:    34716468 kB
Committed_AS:     807652 kB
VmallocTotal:   34359738367 kB
VmallocUsed:       44180 kB
VmallocChunk:          0 kB
Percpu:           243648 kB
HardwareCorrupted:     0 kB
AnonHugePages:         0 kB
ShmemHugePages:        0 kB
ShmemPmdMapped:        0 kB
FileHugePages:         0 kB
FilePmdMapped:         0 kB
HugePages_Total:       0
HugePages_Free:        0
HugePages_Rsvd:        0
HugePages_Surp:        0
Hugepagesize:       2048 kB
Hugetlb:               0 kB
DirectMap4k:     2820928 kB
DirectMap2M:     5154816 kB
DirectMap1G:    58720256 kB

