MemTotal:       65439348 kB
MemFree:        63713780 kB
MemAvailable:   63820444 kB
Buffers:           58184 kB
Cached:           615792 kB
SwapCached:            0 kB
Active:           211100 kB
Inactive:         523932 kB
Active(anon):       3244 kB
Inactive(anon):    73288 kB
Active(file):     207856 kB
Inactive(file):   450644 kB
Unevictable:       19496 kB
Mlocked:           19496 kB
SwapTotal:       1996796 kB
SwapFree:        1996796 kB
Dirty:               680 kB
Writeback:             0 kB
AnonPages:         80500 kB
Mapped:            88044 kB
Shmem:              6376 kB
KReclaimable:      88952 kB
Slab:             326404 kB
SReclaimable:      88952 kB
SUnreclaim:       237452 kB
KernelStack:        9968 kB
PageTables:         2364 kB
NFS_Unstable:          0 kB
Bounce:                0 kB
WritebackTmp:          0 kB
CommitLimit:    34716468 kB
Committed_AS:     807652 kB
VmallocTotal:   34359738367 kB
VmallocUsed:       44468 kB
VmallocChunk:          0 kB
Percpu:           246720 kB
HardwareCorrupted:     0 kB
AnonHugePages:         0 kB
ShmemHugePages:        0 kB
ShmemPmdMapped:        0 kB
FileHugePages:         0 kB
FilePmdMapped:         0 kB
HugePages_Total:       0
HugePages_Free:        0
HugePages_Rsvd:        0
HugePages_Surp:        0
Hugepagesize:       2048 kB
Hugetlb:               0 kB
DirectMap4k:     2825024 kB
DirectMap2M:     5150720 kB
DirectMap1G:    58720256 kB

