MemTotal:       65439348 kB
MemFree:        64293360 kB
MemAvailable:   64010392 kB
Buffers:           35624 kB
Cached:           260176 kB
SwapCached:            0 kB
Active:           128408 kB
Inactive:         228304 kB
Active(anon):       3212 kB
Inactive(anon):    73208 kB
Active(file):     125196 kB
Inactive(file):   155096 kB
Unevictable:       19496 kB
Mlocked:           19496 kB
SwapTotal:       1996796 kB
SwapFree:        1996796 kB
Dirty:               696 kB
Writeback:             0 kB
AnonPages:         80452 kB
Mapped:            75136 kB
Shmem:              6376 kB
KReclaimable:      66104 kB
Slab:             288688 kB
SReclaimable:      66104 kB
SUnreclaim:       222584 kB
KernelStack:       10000 kB
PageTables:         2572 kB
NFS_Unstable:          0 kB
Bounce:                0 kB
WritebackTmp:          0 kB
CommitLimit:    34716468 kB
Committed_AS:     790356 kB
VmallocTotal:   34359738367 kB
VmallocUsed:       38308 kB
VmallocChunk:          0 kB
Percpu:            96576 kB
HardwareCorrupted:     0 kB
AnonHugePages:         0 kB
ShmemHugePages:        0 kB
ShmemPmdMapped:        0 kB
FileHugePages:         0 kB
FilePmdMapped:         0 kB
HugePages_Total:       0
HugePages_Free:        0
HugePages_Rsvd:        0
HugePages_Surp:        0
Hugepagesize:       2048 kB
Hugetlb:               0 kB
DirectMap4k:     2263872 kB
DirectMap2M:     5711872 kB
DirectMap1G:    58720256 kB

