MemTotal:       65439348 kB
MemFree:        63698064 kB
MemAvailable:   63813628 kB
Buffers:           59196 kB
Cached:           623124 kB
SwapCached:            0 kB
Active:           212096 kB
Inactive:         530936 kB
Active(anon):       3244 kB
Inactive(anon):    72956 kB
Active(file):     208852 kB
Inactive(file):   457980 kB
Unevictable:       19496 kB
Mlocked:           19496 kB
SwapTotal:       1996796 kB
SwapFree:        1996796 kB
Dirty:               436 kB
Writeback:             0 kB
AnonPages:         80304 kB
Mapped:            88544 kB
Shmem:              6376 kB
KReclaimable:      90084 kB
Slab:             328872 kB
SReclaimable:      90084 kB
SUnreclaim:       238788 kB
KernelStack:       10000 kB
PageTables:         2460 kB
NFS_Unstable:          0 kB
Bounce:                0 kB
WritebackTmp:          0 kB
CommitLimit:    34716468 kB
Committed_AS:     808036 kB
VmallocTotal:   34359738367 kB
VmallocUsed:       44824 kB
VmallocChunk:          0 kB
Percpu:           254400 kB
HardwareCorrupted:     0 kB
AnonHugePages:         0 kB
ShmemHugePages:        0 kB
ShmemPmdMapped:        0 kB
FileHugePages:         0 kB
FilePmdMapped:         0 kB
HugePages_Total:       0
HugePages_Free:        0
HugePages_Rsvd:        0
HugePages_Surp:        0
Hugepagesize:       2048 kB
Hugetlb:               0 kB
DirectMap4k:     2835264 kB
DirectMap2M:     5140480 kB
DirectMap1G:    58720256 kB

