MemTotal:       65439348 kB
MemFree:        64228880 kB
MemAvailable:   63980544 kB
Buffers:           39760 kB
Cached:           288932 kB
SwapCached:            0 kB
Active:           133492 kB
Inactive:         255980 kB
Active(anon):       3228 kB
Inactive(anon):    73028 kB
Active(file):     130264 kB
Inactive(file):   182952 kB
Unevictable:       19496 kB
Mlocked:           19496 kB
SwapTotal:       1996796 kB
SwapFree:        1996796 kB
Dirty:               792 kB
Writeback:             0 kB
AnonPages:         80332 kB
Mapped:            77916 kB
Shmem:              6376 kB
KReclaimable:      69520 kB
Slab:             294048 kB
SReclaimable:      69520 kB
SUnreclaim:       224528 kB
KernelStack:       10080 kB
PageTables:         2592 kB
NFS_Unstable:          0 kB
Bounce:                0 kB
WritebackTmp:          0 kB
CommitLimit:    34716468 kB
Committed_AS:     790360 kB
VmallocTotal:   34359738367 kB
VmallocUsed:       38952 kB
VmallocChunk:          0 kB
Percpu:           116928 kB
HardwareCorrupted:     0 kB
AnonHugePages:         0 kB
ShmemHugePages:        0 kB
ShmemPmdMapped:        0 kB
FileHugePages:         0 kB
FilePmdMapped:         0 kB
HugePages_Total:       0
HugePages_Free:        0
HugePages_Rsvd:        0
HugePages_Surp:        0
Hugepagesize:       2048 kB
Hugetlb:               0 kB
DirectMap4k:     2661184 kB
DirectMap2M:     5314560 kB
DirectMap1G:    58720256 kB

