MemTotal:       65439348 kB
MemFree:        64282828 kB
MemAvailable:   64004448 kB
Buffers:           36192 kB
Cached:           263940 kB
SwapCached:            0 kB
Active:           128992 kB
Inactive:         231788 kB
Active(anon):       3220 kB
Inactive(anon):    72928 kB
Active(file):     125772 kB
Inactive(file):   158860 kB
Unevictable:       19496 kB
Mlocked:           19496 kB
SwapTotal:       1996796 kB
SwapFree:        1996796 kB
Dirty:               720 kB
Writeback:             0 kB
AnonPages:         81244 kB
Mapped:            75640 kB
Shmem:              6376 kB
KReclaimable:      66600 kB
Slab:             289048 kB
SReclaimable:      66600 kB
SUnreclaim:       222448 kB
KernelStack:       10192 kB
PageTables:         2360 kB
NFS_Unstable:          0 kB
Bounce:                0 kB
WritebackTmp:          0 kB
CommitLimit:    34716468 kB
Committed_AS:     790356 kB
VmallocTotal:   34359738367 kB
VmallocUsed:       38564 kB
VmallocChunk:          0 kB
Percpu:            96576 kB
HardwareCorrupted:     0 kB
AnonHugePages:         0 kB
ShmemHugePages:        0 kB
ShmemPmdMapped:        0 kB
FileHugePages:         0 kB
FilePmdMapped:         0 kB
HugePages_Total:       0
HugePages_Free:        0
HugePages_Rsvd:        0
HugePages_Surp:        0
Hugepagesize:       2048 kB
Hugetlb:               0 kB
DirectMap4k:     2325312 kB
DirectMap2M:     5650432 kB
DirectMap1G:    58720256 kB

