MemTotal:       65439348 kB
MemFree:        63792072 kB
MemAvailable:   63860708 kB
Buffers:           53288 kB
Cached:           584696 kB
SwapCached:            0 kB
Active:           200536 kB
Inactive:         498020 kB
Active(anon):       3244 kB
Inactive(anon):    72844 kB
Active(file):     197292 kB
Inactive(file):   425176 kB
Unevictable:       19496 kB
Mlocked:           19496 kB
SwapTotal:       1996796 kB
SwapFree:        1996796 kB
Dirty:               112 kB
Writeback:             0 kB
AnonPages:         80132 kB
Mapped:            85436 kB
Shmem:              6376 kB
KReclaimable:      84956 kB
Slab:             319496 kB
SReclaimable:      84956 kB
SUnreclaim:       234540 kB
KernelStack:       10080 kB
PageTables:         2452 kB
NFS_Unstable:          0 kB
Bounce:                0 kB
WritebackTmp:          0 kB
CommitLimit:    34716468 kB
Committed_AS:     808036 kB
VmallocTotal:   34359738367 kB
VmallocUsed:       43324 kB
VmallocChunk:          0 kB
Percpu:           212928 kB
HardwareCorrupted:     0 kB
AnonHugePages:         0 kB
ShmemHugePages:        0 kB
ShmemPmdMapped:        0 kB
FileHugePages:         0 kB
FilePmdMapped:         0 kB
HugePages_Total:       0
HugePages_Free:        0
HugePages_Rsvd:        0
HugePages_Surp:        0
Hugepagesize:       2048 kB
Hugetlb:               0 kB
DirectMap4k:     2784064 kB
DirectMap2M:     5191680 kB
DirectMap1G:    58720256 kB

