MemTotal:       65439348 kB
MemFree:        63927064 kB
MemAvailable:   63930376 kB
Buffers:           45576 kB
Cached:           530768 kB
SwapCached:            0 kB
Active:           153892 kB
Inactive:         482792 kB
Active(anon):       3248 kB
Inactive(anon):    72568 kB
Active(file):     150644 kB
Inactive(file):   410224 kB
Unevictable:       19496 kB
Mlocked:           19496 kB
SwapTotal:       1996796 kB
SwapFree:        1996796 kB
Dirty:               172 kB
Writeback:             0 kB
AnonPages:         79932 kB
Mapped:            81228 kB
Shmem:              6376 kB
KReclaimable:      77508 kB
Slab:             307520 kB
SReclaimable:      77508 kB
SUnreclaim:       230012 kB
KernelStack:       10000 kB
PageTables:         2400 kB
NFS_Unstable:          0 kB
Bounce:                0 kB
WritebackTmp:          0 kB
CommitLimit:    34716468 kB
Committed_AS:     799596 kB
VmallocTotal:   34359738367 kB
VmallocUsed:       40660 kB
VmallocChunk:          0 kB
Percpu:           155712 kB
HardwareCorrupted:     0 kB
AnonHugePages:         0 kB
ShmemHugePages:        0 kB
ShmemPmdMapped:        0 kB
FileHugePages:         0 kB
FilePmdMapped:         0 kB
HugePages_Total:       0
HugePages_Free:        0
HugePages_Rsvd:        0
HugePages_Surp:        0
Hugepagesize:       2048 kB
Hugetlb:               0 kB
DirectMap4k:     2718528 kB
DirectMap2M:     5257216 kB
DirectMap1G:    58720256 kB

