MemTotal:       65439348 kB
MemFree:        64292524 kB
MemAvailable:   64008276 kB
Buffers:           35464 kB
Cached:           259120 kB
SwapCached:            0 kB
Active:           128284 kB
Inactive:         227432 kB
Active(anon):       3232 kB
Inactive(anon):    73396 kB
Active(file):     125052 kB
Inactive(file):   154036 kB
Unevictable:       19496 kB
Mlocked:           19496 kB
SwapTotal:       1996796 kB
SwapFree:        1996796 kB
Dirty:               612 kB
Writeback:             0 kB
AnonPages:         80768 kB
Mapped:            75208 kB
Shmem:              6380 kB
KReclaimable:      65952 kB
Slab:             288068 kB
SReclaimable:      65952 kB
SUnreclaim:       222116 kB
KernelStack:        9952 kB
PageTables:         2260 kB
NFS_Unstable:          0 kB
Bounce:                0 kB
WritebackTmp:          0 kB
CommitLimit:    34716468 kB
Committed_AS:     790360 kB
VmallocTotal:   34359738367 kB
VmallocUsed:       38356 kB
VmallocChunk:          0 kB
Percpu:            96576 kB
HardwareCorrupted:     0 kB
AnonHugePages:         0 kB
ShmemHugePages:        0 kB
ShmemPmdMapped:        0 kB
FileHugePages:         0 kB
FilePmdMapped:         0 kB
HugePages_Total:       0
HugePages_Free:        0
HugePages_Rsvd:        0
HugePages_Surp:        0
Hugepagesize:       2048 kB
Hugetlb:               0 kB
DirectMap4k:     2247488 kB
DirectMap2M:     5728256 kB
DirectMap1G:    58720256 kB

