MemTotal:       65439348 kB
MemFree:        63730644 kB
MemAvailable:   63827468 kB
Buffers:           57088 kB
Cached:           607580 kB
SwapCached:            0 kB
Active:           205048 kB
Inactive:         525500 kB
Active(anon):       3248 kB
Inactive(anon):    78128 kB
Active(file):     201800 kB
Inactive(file):   447372 kB
Unevictable:       19496 kB
Mlocked:           19496 kB
SwapTotal:       1996796 kB
SwapFree:        1996796 kB
Dirty:               172 kB
Writeback:             0 kB
AnonPages:         85468 kB
Mapped:            96736 kB
Shmem:              6380 kB
KReclaimable:      87924 kB
Slab:             324288 kB
SReclaimable:      87924 kB
SUnreclaim:       236364 kB
KernelStack:       10112 kB
PageTables:         2608 kB
NFS_Unstable:          0 kB
Bounce:                0 kB
WritebackTmp:          0 kB
CommitLimit:    34716468 kB
Committed_AS:     854424 kB
VmallocTotal:   34359738367 kB
VmallocUsed:       44572 kB
VmallocChunk:          0 kB
Percpu:           237696 kB
HardwareCorrupted:     0 kB
AnonHugePages:         0 kB
ShmemHugePages:        0 kB
ShmemPmdMapped:        0 kB
FileHugePages:         0 kB
FilePmdMapped:         0 kB
HugePages_Total:       0
HugePages_Free:        0
HugePages_Rsvd:        0
HugePages_Surp:        0
Hugepagesize:       2048 kB
Hugetlb:               0 kB
DirectMap4k:     2812736 kB
DirectMap2M:     5163008 kB
DirectMap1G:    58720256 kB

