MemTotal:       65439348 kB
MemFree:        63799512 kB
MemAvailable:   63864984 kB
Buffers:           52924 kB
Cached:           582052 kB
SwapCached:            0 kB
Active:           200168 kB
Inactive:         496556 kB
Active(anon):       3236 kB
Inactive(anon):    74024 kB
Active(file):     196932 kB
Inactive(file):   422532 kB
Unevictable:       19496 kB
Mlocked:           19496 kB
SwapTotal:       1996796 kB
SwapFree:        1996796 kB
Dirty:               668 kB
Writeback:             0 kB
AnonPages:         81172 kB
Mapped:            85780 kB
Shmem:              6380 kB
KReclaimable:      84636 kB
Slab:             318944 kB
SReclaimable:      84636 kB
SUnreclaim:       234308 kB
KernelStack:       10032 kB
PageTables:         2676 kB
NFS_Unstable:          0 kB
Bounce:                0 kB
WritebackTmp:          0 kB
CommitLimit:    34716468 kB
Committed_AS:     807652 kB
VmallocTotal:   34359738367 kB
VmallocUsed:       43324 kB
VmallocChunk:          0 kB
Percpu:           209856 kB
HardwareCorrupted:     0 kB
AnonHugePages:         0 kB
ShmemHugePages:        0 kB
ShmemPmdMapped:        0 kB
FileHugePages:         0 kB
FilePmdMapped:         0 kB
HugePages_Total:       0
HugePages_Free:        0
HugePages_Rsvd:        0
HugePages_Surp:        0
Hugepagesize:       2048 kB
Hugetlb:               0 kB
DirectMap4k:     2782016 kB
DirectMap2M:     5193728 kB
DirectMap1G:    58720256 kB

