MemTotal:       65439348 kB
MemFree:        63849684 kB
MemAvailable:   63892800 kB
Buffers:           50284 kB
Cached:           563588 kB
SwapCached:            0 kB
Active:           197548 kB
Inactive:         476888 kB
Active(anon):       3240 kB
Inactive(anon):    72800 kB
Active(file):     194308 kB
Inactive(file):   404088 kB
Unevictable:       19496 kB
Mlocked:           19496 kB
SwapTotal:       1996796 kB
SwapFree:        1996796 kB
Dirty:               284 kB
Writeback:             0 kB
AnonPages:         80112 kB
Mapped:            83696 kB
Shmem:              6376 kB
KReclaimable:      82060 kB
Slab:             312804 kB
SReclaimable:      82060 kB
SUnreclaim:       230744 kB
KernelStack:        9984 kB
PageTables:         2428 kB
NFS_Unstable:          0 kB
Bounce:                0 kB
WritebackTmp:          0 kB
CommitLimit:    34716468 kB
Committed_AS:     799588 kB
VmallocTotal:   34359738367 kB
VmallocUsed:       42148 kB
VmallocChunk:          0 kB
Percpu:           189312 kB
HardwareCorrupted:     0 kB
AnonHugePages:         0 kB
ShmemHugePages:        0 kB
ShmemPmdMapped:        0 kB
FileHugePages:         0 kB
FilePmdMapped:         0 kB
HugePages_Total:       0
HugePages_Free:        0
HugePages_Rsvd:        0
HugePages_Surp:        0
Hugepagesize:       2048 kB
Hugetlb:               0 kB
DirectMap4k:     2755392 kB
DirectMap2M:     5220352 kB
DirectMap1G:    58720256 kB

