MemTotal:       65439348 kB
MemFree:        64260736 kB
MemAvailable:   63995804 kB
Buffers:           37956 kB
Cached:           274896 kB
SwapCached:            0 kB
Active:           130748 kB
Inactive:         243720 kB
Active(anon):       3216 kB
Inactive(anon):    73908 kB
Active(file):     127532 kB
Inactive(file):   169812 kB
Unevictable:       19496 kB
Mlocked:           19496 kB
SwapTotal:       1996796 kB
SwapFree:        1996796 kB
Dirty:               644 kB
Writeback:             0 kB
AnonPages:         81108 kB
Mapped:            77164 kB
Shmem:              6376 kB
KReclaimable:      68068 kB
Slab:             291476 kB
SReclaimable:      68068 kB
SUnreclaim:       223408 kB
KernelStack:       10000 kB
PageTables:         2464 kB
NFS_Unstable:          0 kB
Bounce:                0 kB
WritebackTmp:          0 kB
CommitLimit:    34716468 kB
Committed_AS:     790360 kB
VmallocTotal:   34359738367 kB
VmallocUsed:       38436 kB
VmallocChunk:          0 kB
Percpu:           103104 kB
HardwareCorrupted:     0 kB
AnonHugePages:         0 kB
ShmemHugePages:        0 kB
ShmemPmdMapped:        0 kB
FileHugePages:         0 kB
FilePmdMapped:         0 kB
HugePages_Total:       0
HugePages_Free:        0
HugePages_Rsvd:        0
HugePages_Surp:        0
Hugepagesize:       2048 kB
Hugetlb:               0 kB
DirectMap4k:     2505536 kB
DirectMap2M:     5470208 kB
DirectMap1G:    58720256 kB

