MemTotal:       65439348 kB
MemFree:        63711376 kB
MemAvailable:   63819060 kB
Buffers:           58288 kB
Cached:           616676 kB
SwapCached:            0 kB
Active:           211176 kB
Inactive:         524540 kB
Active(anon):       3244 kB
Inactive(anon):    73012 kB
Active(file):     207932 kB
Inactive(file):   451528 kB
Unevictable:       19496 kB
Mlocked:           19496 kB
SwapTotal:       1996796 kB
SwapFree:        1996796 kB
Dirty:               720 kB
Writeback:             0 kB
AnonPages:         80364 kB
Mapped:            87988 kB
Shmem:              6376 kB
KReclaimable:      89072 kB
Slab:             327300 kB
SReclaimable:      89072 kB
SUnreclaim:       238228 kB
KernelStack:       10032 kB
PageTables:         2452 kB
NFS_Unstable:          0 kB
Bounce:                0 kB
WritebackTmp:          0 kB
CommitLimit:    34716468 kB
Committed_AS:     808036 kB
VmallocTotal:   34359738367 kB
VmallocUsed:       44388 kB
VmallocChunk:          0 kB
Percpu:           247296 kB
HardwareCorrupted:     0 kB
AnonHugePages:         0 kB
ShmemHugePages:        0 kB
ShmemPmdMapped:        0 kB
FileHugePages:         0 kB
FilePmdMapped:         0 kB
HugePages_Total:       0
HugePages_Free:        0
HugePages_Rsvd:        0
HugePages_Surp:        0
Hugepagesize:       2048 kB
Hugetlb:               0 kB
DirectMap4k:     2825024 kB
DirectMap2M:     5150720 kB
DirectMap1G:    58720256 kB

