MemTotal:       65439348 kB
MemFree:        64155804 kB
MemAvailable:   63946412 kB
Buffers:           43332 kB
Cached:           322636 kB
SwapCached:            0 kB
Active:           139080 kB
Inactive:         292856 kB
Active(anon):       3248 kB
Inactive(anon):    78208 kB
Active(file):     135832 kB
Inactive(file):   214648 kB
Unevictable:       19496 kB
Mlocked:           19496 kB
SwapTotal:       1996796 kB
SwapFree:        1996796 kB
Dirty:               780 kB
Writeback:             0 kB
AnonPages:         85584 kB
Mapped:            88940 kB
Shmem:              6380 kB
KReclaimable:      72876 kB
Slab:             300164 kB
SReclaimable:      72876 kB
SUnreclaim:       227288 kB
KernelStack:       10128 kB
PageTables:         2580 kB
NFS_Unstable:          0 kB
Bounce:                0 kB
WritebackTmp:          0 kB
CommitLimit:    34716468 kB
Committed_AS:     838260 kB
VmallocTotal:   34359738367 kB
VmallocUsed:       40280 kB
VmallocChunk:          0 kB
Percpu:           139392 kB
HardwareCorrupted:     0 kB
AnonHugePages:         0 kB
ShmemHugePages:        0 kB
ShmemPmdMapped:        0 kB
FileHugePages:         0 kB
FilePmdMapped:         0 kB
HugePages_Total:       0
HugePages_Free:        0
HugePages_Rsvd:        0
HugePages_Surp:        0
Hugepagesize:       2048 kB
Hugetlb:               0 kB
DirectMap4k:     2698048 kB
DirectMap2M:     5277696 kB
DirectMap1G:    58720256 kB

