MemTotal:       65439348 kB
MemFree:        64320956 kB
MemAvailable:   64016760 kB
Buffers:           30992 kB
Cached:           246644 kB
SwapCached:            0 kB
Active:           122136 kB
Inactive:         218168 kB
Active(anon):       3216 kB
Inactive(anon):    74972 kB
Active(file):     118920 kB
Inactive(file):   143196 kB
Unevictable:       19496 kB
Mlocked:           19496 kB
SwapTotal:       1996796 kB
SwapFree:        1996796 kB
Dirty:               640 kB
Writeback:             0 kB
AnonPages:         82316 kB
Mapped:            74792 kB
Shmem:              6376 kB
KReclaimable:      56228 kB
Slab:             276328 kB
SReclaimable:      56228 kB
SUnreclaim:       220100 kB
KernelStack:       10112 kB
PageTables:         2488 kB
NFS_Unstable:          0 kB
Bounce:                0 kB
WritebackTmp:          0 kB
CommitLimit:    34716468 kB
Committed_AS:     790096 kB
VmallocTotal:   34359738367 kB
VmallocUsed:       38436 kB
VmallocChunk:          0 kB
Percpu:            96576 kB
HardwareCorrupted:     0 kB
AnonHugePages:         0 kB
ShmemHugePages:        0 kB
ShmemPmdMapped:        0 kB
FileHugePages:         0 kB
FilePmdMapped:         0 kB
HugePages_Total:       0
HugePages_Free:        0
HugePages_Rsvd:        0
HugePages_Surp:        0
Hugepagesize:       2048 kB
Hugetlb:               0 kB
DirectMap4k:     2089792 kB
DirectMap2M:     5885952 kB
DirectMap1G:    58720256 kB

