MemTotal:       65439348 kB
MemFree:        64174124 kB
MemAvailable:   63954008 kB
Buffers:           41972 kB
Cached:           313868 kB
SwapCached:            0 kB
Active:           137400 kB
Inactive:         285916 kB
Active(anon):       3248 kB
Inactive(anon):    79712 kB
Active(file):     134152 kB
Inactive(file):   206204 kB
Unevictable:       19496 kB
Mlocked:           19496 kB
SwapTotal:       1996796 kB
SwapFree:        1996796 kB
Dirty:               436 kB
Writeback:             0 kB
AnonPages:         87108 kB
Mapped:            89280 kB
Shmem:              6384 kB
KReclaimable:      71676 kB
Slab:             297960 kB
SReclaimable:      71676 kB
SUnreclaim:       226284 kB
KernelStack:       10112 kB
PageTables:         2632 kB
NFS_Unstable:          0 kB
Bounce:                0 kB
WritebackTmp:          0 kB
CommitLimit:    34716468 kB
Committed_AS:     838004 kB
VmallocTotal:   34359738367 kB
VmallocUsed:       39796 kB
VmallocChunk:          0 kB
Percpu:           129792 kB
HardwareCorrupted:     0 kB
AnonHugePages:         0 kB
ShmemHugePages:        0 kB
ShmemPmdMapped:        0 kB
FileHugePages:         0 kB
FilePmdMapped:         0 kB
HugePages_Total:       0
HugePages_Free:        0
HugePages_Rsvd:        0
HugePages_Surp:        0
Hugepagesize:       2048 kB
Hugetlb:               0 kB
DirectMap4k:     2681664 kB
DirectMap2M:     5294080 kB
DirectMap1G:    58720256 kB

