MemTotal:       65439348 kB
MemFree:        64325816 kB
MemAvailable:   64019904 kB
Buffers:           30560 kB
Cached:           243748 kB
SwapCached:            0 kB
Active:           121716 kB
Inactive:         213492 kB
Active(anon):       3220 kB
Inactive(anon):    73160 kB
Active(file):     118496 kB
Inactive(file):   140332 kB
Unevictable:       19496 kB
Mlocked:           19496 kB
SwapTotal:       1996796 kB
SwapFree:        1996796 kB
Dirty:               928 kB
Writeback:             0 kB
AnonPages:         80848 kB
Mapped:            73896 kB
Shmem:              6376 kB
KReclaimable:      56084 kB
Slab:             276256 kB
SReclaimable:      56084 kB
SUnreclaim:       220172 kB
KernelStack:        9920 kB
PageTables:         2060 kB
NFS_Unstable:          0 kB
Bounce:                0 kB
WritebackTmp:          0 kB
CommitLimit:    34716468 kB
Committed_AS:     790100 kB
VmallocTotal:   34359738367 kB
VmallocUsed:       38308 kB
VmallocChunk:          0 kB
Percpu:            96576 kB
HardwareCorrupted:     0 kB
AnonHugePages:         0 kB
ShmemHugePages:        0 kB
ShmemPmdMapped:        0 kB
FileHugePages:         0 kB
FilePmdMapped:         0 kB
HugePages_Total:       0
HugePages_Free:        0
HugePages_Rsvd:        0
HugePages_Surp:        0
Hugepagesize:       2048 kB
Hugetlb:               0 kB
DirectMap4k:     2050880 kB
DirectMap2M:     5924864 kB
DirectMap1G:    58720256 kB

