MemTotal:       65439348 kB
MemFree:        64293424 kB
MemAvailable:   64007596 kB
Buffers:           35272 kB
Cached:           257820 kB
SwapCached:            0 kB
Active:           128052 kB
Inactive:         226612 kB
Active(anon):       3216 kB
Inactive(anon):    73864 kB
Active(file):     124836 kB
Inactive(file):   152748 kB
Unevictable:       19496 kB
Mlocked:           19496 kB
SwapTotal:       1996796 kB
SwapFree:        1996796 kB
Dirty:               636 kB
Writeback:             0 kB
AnonPages:         81476 kB
Mapped:            75560 kB
Shmem:              6376 kB
KReclaimable:      65800 kB
Slab:             286848 kB
SReclaimable:      65800 kB
SUnreclaim:       221048 kB
KernelStack:       10016 kB
PageTables:         2216 kB
NFS_Unstable:          0 kB
Bounce:                0 kB
WritebackTmp:          0 kB
CommitLimit:    34716468 kB
Committed_AS:     790356 kB
VmallocTotal:   34359738367 kB
VmallocUsed:       38548 kB
VmallocChunk:          0 kB
Percpu:            96576 kB
HardwareCorrupted:     0 kB
AnonHugePages:         0 kB
ShmemHugePages:        0 kB
ShmemPmdMapped:        0 kB
FileHugePages:         0 kB
FilePmdMapped:         0 kB
HugePages_Total:       0
HugePages_Free:        0
HugePages_Rsvd:        0
HugePages_Surp:        0
Hugepagesize:       2048 kB
Hugetlb:               0 kB
DirectMap4k:     2222912 kB
DirectMap2M:     5752832 kB
DirectMap1G:    58720256 kB

