MemTotal:       65439348 kB
MemFree:        64082704 kB
MemAvailable:   63927132 kB
Buffers:           45028 kB
Cached:           373892 kB
SwapCached:            0 kB
Active:           142704 kB
Inactive:         346572 kB
Active(anon):       3272 kB
Inactive(anon):    82592 kB
Active(file):     139432 kB
Inactive(file):   263980 kB
Unevictable:       19496 kB
Mlocked:           19496 kB
SwapTotal:       1996796 kB
SwapFree:        1996796 kB
Dirty:               744 kB
Writeback:             0 kB
AnonPages:         89952 kB
Mapped:            91716 kB
Shmem:              6384 kB
KReclaimable:      74656 kB
Slab:             303620 kB
SReclaimable:      74656 kB
SUnreclaim:       228964 kB
KernelStack:       10240 kB
PageTables:         2872 kB
NFS_Unstable:          0 kB
Bounce:                0 kB
WritebackTmp:          0 kB
CommitLimit:    34716468 kB
Committed_AS:     843076 kB
VmallocTotal:   34359738367 kB
VmallocUsed:       40892 kB
VmallocChunk:          0 kB
Percpu:           152064 kB
HardwareCorrupted:     0 kB
AnonHugePages:         0 kB
ShmemHugePages:        0 kB
ShmemPmdMapped:        0 kB
FileHugePages:         0 kB
FilePmdMapped:         0 kB
HugePages_Total:       0
HugePages_Free:        0
HugePages_Rsvd:        0
HugePages_Surp:        0
Hugepagesize:       2048 kB
Hugetlb:               0 kB
DirectMap4k:     2712384 kB
DirectMap2M:     5263360 kB
DirectMap1G:    58720256 kB

