MemTotal:       65439348 kB
MemFree:        64242020 kB
MemAvailable:   63987448 kB
Buffers:           39032 kB
Cached:           283708 kB
SwapCached:            0 kB
Active:           132764 kB
Inactive:         250688 kB
Active(anon):       3228 kB
Inactive(anon):    72960 kB
Active(file):     129536 kB
Inactive(file):   177728 kB
Unevictable:       19496 kB
Mlocked:           19496 kB
SwapTotal:       1996796 kB
SwapFree:        1996796 kB
Dirty:               732 kB
Writeback:             0 kB
AnonPages:         80384 kB
Mapped:            77580 kB
Shmem:              6376 kB
KReclaimable:      68952 kB
Slab:             293300 kB
SReclaimable:      68952 kB
SUnreclaim:       224348 kB
KernelStack:       10064 kB
PageTables:         2424 kB
NFS_Unstable:          0 kB
Bounce:                0 kB
WritebackTmp:          0 kB
CommitLimit:    34716468 kB
Committed_AS:     790360 kB
VmallocTotal:   34359738367 kB
VmallocUsed:       38952 kB
VmallocChunk:          0 kB
Percpu:           111552 kB
HardwareCorrupted:     0 kB
AnonHugePages:         0 kB
ShmemHugePages:        0 kB
ShmemPmdMapped:        0 kB
FileHugePages:         0 kB
FilePmdMapped:         0 kB
HugePages_Total:       0
HugePages_Free:        0
HugePages_Rsvd:        0
HugePages_Surp:        0
Hugepagesize:       2048 kB
Hugetlb:               0 kB
DirectMap4k:     2634560 kB
DirectMap2M:     5341184 kB
DirectMap1G:    58720256 kB

