MemTotal:       65439348 kB
MemFree:        63803360 kB
MemAvailable:   63866828 kB
Buffers:           52720 kB
Cached:           580324 kB
SwapCached:            0 kB
Active:           199988 kB
Inactive:         493624 kB
Active(anon):       3244 kB
Inactive(anon):    72816 kB
Active(file):     196744 kB
Inactive(file):   420808 kB
Unevictable:       19496 kB
Mlocked:           19496 kB
SwapTotal:       1996796 kB
SwapFree:        1996796 kB
Dirty:               688 kB
Writeback:             0 kB
AnonPages:         80136 kB
Mapped:            85132 kB
Shmem:              6376 kB
KReclaimable:      84452 kB
Slab:             319104 kB
SReclaimable:      84452 kB
SUnreclaim:       234652 kB
KernelStack:       10048 kB
PageTables:         2448 kB
NFS_Unstable:          0 kB
Bounce:                0 kB
WritebackTmp:          0 kB
CommitLimit:    34716468 kB
Committed_AS:     808044 kB
VmallocTotal:   34359738367 kB
VmallocUsed:       42920 kB
VmallocChunk:          0 kB
Percpu:           207936 kB
HardwareCorrupted:     0 kB
AnonHugePages:         0 kB
ShmemHugePages:        0 kB
ShmemPmdMapped:        0 kB
FileHugePages:         0 kB
FilePmdMapped:         0 kB
HugePages_Total:       0
HugePages_Free:        0
HugePages_Rsvd:        0
HugePages_Surp:        0
Hugepagesize:       2048 kB
Hugetlb:               0 kB
DirectMap4k:     2777920 kB
DirectMap2M:     5197824 kB
DirectMap1G:    58720256 kB

