MemTotal:       65439348 kB
MemFree:        64175576 kB
MemAvailable:   63955660 kB
Buffers:           41988 kB
Cached:           314028 kB
SwapCached:            0 kB
Active:           137416 kB
Inactive:         284532 kB
Active(anon):       3248 kB
Inactive(anon):    78176 kB
Active(file):     134168 kB
Inactive(file):   206356 kB
Unevictable:       19496 kB
Mlocked:           19496 kB
SwapTotal:       1996796 kB
SwapFree:        1996796 kB
Dirty:               752 kB
Writeback:             0 kB
AnonPages:         85540 kB
Mapped:            88312 kB
Shmem:              6380 kB
KReclaimable:      71740 kB
Slab:             298052 kB
SReclaimable:      71740 kB
SUnreclaim:       226312 kB
KernelStack:       10064 kB
PageTables:         2576 kB
NFS_Unstable:          0 kB
Bounce:                0 kB
WritebackTmp:          0 kB
CommitLimit:    34716468 kB
Committed_AS:     838004 kB
VmallocTotal:   34359738367 kB
VmallocUsed:       39780 kB
VmallocChunk:          0 kB
Percpu:           129792 kB
HardwareCorrupted:     0 kB
AnonHugePages:         0 kB
ShmemHugePages:        0 kB
ShmemPmdMapped:        0 kB
FileHugePages:         0 kB
FilePmdMapped:         0 kB
HugePages_Total:       0
HugePages_Free:        0
HugePages_Rsvd:        0
HugePages_Surp:        0
Hugepagesize:       2048 kB
Hugetlb:               0 kB
DirectMap4k:     2681664 kB
DirectMap2M:     5294080 kB
DirectMap1G:    58720256 kB

