MemTotal:       65439348 kB
MemFree:        63906284 kB
MemAvailable:   63918804 kB
Buffers:           46736 kB
Cached:           538372 kB
SwapCached:            0 kB
Active:           155012 kB
Inactive:         491980 kB
Active(anon):       3248 kB
Inactive(anon):    74148 kB
Active(file):     151764 kB
Inactive(file):   417832 kB
Unevictable:       19496 kB
Mlocked:           19496 kB
SwapTotal:       1996796 kB
SwapFree:        1996796 kB
Dirty:               516 kB
Writeback:             0 kB
AnonPages:         80964 kB
Mapped:            82212 kB
Shmem:              6376 kB
KReclaimable:      78468 kB
Slab:             308988 kB
SReclaimable:      78468 kB
SUnreclaim:       230520 kB
KernelStack:       10032 kB
PageTables:         2572 kB
NFS_Unstable:          0 kB
Bounce:                0 kB
WritebackTmp:          0 kB
CommitLimit:    34716468 kB
Committed_AS:     799596 kB
VmallocTotal:   34359738367 kB
VmallocUsed:       41260 kB
VmallocChunk:          0 kB
Percpu:           163968 kB
HardwareCorrupted:     0 kB
AnonHugePages:         0 kB
ShmemHugePages:        0 kB
ShmemPmdMapped:        0 kB
FileHugePages:         0 kB
FilePmdMapped:         0 kB
HugePages_Total:       0
HugePages_Free:        0
HugePages_Rsvd:        0
HugePages_Surp:        0
Hugepagesize:       2048 kB
Hugetlb:               0 kB
DirectMap4k:     2728768 kB
DirectMap2M:     5246976 kB
DirectMap1G:    58720256 kB

