MemTotal:       65439348 kB
MemFree:        64245664 kB
MemAvailable:   63988512 kB
Buffers:           38696 kB
Cached:           281592 kB
SwapCached:            0 kB
Active:           132404 kB
Inactive:         248716 kB
Active(anon):       3228 kB
Inactive(anon):    73108 kB
Active(file):     129176 kB
Inactive(file):   175608 kB
Unevictable:       19496 kB
Mlocked:           19496 kB
SwapTotal:       1996796 kB
SwapFree:        1996796 kB
Dirty:               892 kB
Writeback:             0 kB
AnonPages:         80032 kB
Mapped:            77460 kB
Shmem:              6380 kB
KReclaimable:      68748 kB
Slab:             293104 kB
SReclaimable:      68748 kB
SUnreclaim:       224356 kB
KernelStack:       10128 kB
PageTables:         2296 kB
NFS_Unstable:          0 kB
Bounce:                0 kB
WritebackTmp:          0 kB
CommitLimit:    34716468 kB
Committed_AS:     790364 kB
VmallocTotal:   34359738367 kB
VmallocUsed:       39016 kB
VmallocChunk:          0 kB
Percpu:           109248 kB
HardwareCorrupted:     0 kB
AnonHugePages:         0 kB
ShmemHugePages:        0 kB
ShmemPmdMapped:        0 kB
FileHugePages:         0 kB
FilePmdMapped:         0 kB
HugePages_Total:       0
HugePages_Free:        0
HugePages_Rsvd:        0
HugePages_Surp:        0
Hugepagesize:       2048 kB
Hugetlb:               0 kB
DirectMap4k:     2597696 kB
DirectMap2M:     5378048 kB
DirectMap1G:    58720256 kB

