MemTotal:       65439348 kB
MemFree:        64285136 kB
MemAvailable:   64005180 kB
Buffers:           36000 kB
Cached:           262648 kB
SwapCached:            0 kB
Active:           128816 kB
Inactive:         230764 kB
Active(anon):       3228 kB
Inactive(anon):    73200 kB
Active(file):     125588 kB
Inactive(file):   157564 kB
Unevictable:       19496 kB
Mlocked:           19496 kB
SwapTotal:       1996796 kB
SwapFree:        1996796 kB
Dirty:               688 kB
Writeback:             0 kB
AnonPages:         80440 kB
Mapped:            75524 kB
Shmem:              6380 kB
KReclaimable:      66408 kB
Slab:             288740 kB
SReclaimable:      66408 kB
SUnreclaim:       222332 kB
KernelStack:       10160 kB
PageTables:         2528 kB
NFS_Unstable:          0 kB
Bounce:                0 kB
WritebackTmp:          0 kB
CommitLimit:    34716468 kB
Committed_AS:     790352 kB
VmallocTotal:   34359738367 kB
VmallocUsed:       38516 kB
VmallocChunk:          0 kB
Percpu:            96576 kB
HardwareCorrupted:     0 kB
AnonHugePages:         0 kB
ShmemHugePages:        0 kB
ShmemPmdMapped:        0 kB
FileHugePages:         0 kB
FilePmdMapped:         0 kB
HugePages_Total:       0
HugePages_Free:        0
HugePages_Rsvd:        0
HugePages_Surp:        0
Hugepagesize:       2048 kB
Hugetlb:               0 kB
DirectMap4k:     2304832 kB
DirectMap2M:     5670912 kB
DirectMap1G:    58720256 kB

