MemTotal:       65439348 kB
MemFree:        63929312 kB
MemAvailable:   63932052 kB
Buffers:           45532 kB
Cached:           530288 kB
SwapCached:            0 kB
Active:           153836 kB
Inactive:         482520 kB
Active(anon):       3244 kB
Inactive(anon):    72776 kB
Active(file):     150592 kB
Inactive(file):   409744 kB
Unevictable:       19496 kB
Mlocked:           19496 kB
SwapTotal:       1996796 kB
SwapFree:        1996796 kB
Dirty:               768 kB
Writeback:             0 kB
AnonPages:         80144 kB
Mapped:            81192 kB
Shmem:              6376 kB
KReclaimable:      77432 kB
Slab:             307312 kB
SReclaimable:      77432 kB
SUnreclaim:       229880 kB
KernelStack:       10032 kB
PageTables:         2428 kB
NFS_Unstable:          0 kB
Bounce:                0 kB
WritebackTmp:          0 kB
CommitLimit:    34716468 kB
Committed_AS:     799592 kB
VmallocTotal:   34359738367 kB
VmallocUsed:       40708 kB
VmallocChunk:          0 kB
Percpu:           154944 kB
HardwareCorrupted:     0 kB
AnonHugePages:         0 kB
ShmemHugePages:        0 kB
ShmemPmdMapped:        0 kB
FileHugePages:         0 kB
FilePmdMapped:         0 kB
HugePages_Total:       0
HugePages_Free:        0
HugePages_Rsvd:        0
HugePages_Surp:        0
Hugepagesize:       2048 kB
Hugetlb:               0 kB
DirectMap4k:     2716480 kB
DirectMap2M:     5259264 kB
DirectMap1G:    58720256 kB

