MemTotal:       65439348 kB
MemFree:        64278728 kB
MemAvailable:   64004000 kB
Buffers:           36624 kB
Cached:           266884 kB
SwapCached:            0 kB
Active:           129424 kB
Inactive:         236100 kB
Active(anon):       3224 kB
Inactive(anon):    74304 kB
Active(file):     126200 kB
Inactive(file):   161796 kB
Unevictable:       19496 kB
Mlocked:           19496 kB
SwapTotal:       1996796 kB
SwapFree:        1996796 kB
Dirty:               788 kB
Writeback:             0 kB
AnonPages:         81564 kB
Mapped:            75920 kB
Shmem:              6380 kB
KReclaimable:      67176 kB
Slab:             289936 kB
SReclaimable:      67176 kB
SUnreclaim:       222760 kB
KernelStack:       10112 kB
PageTables:         2216 kB
NFS_Unstable:          0 kB
Bounce:                0 kB
WritebackTmp:          0 kB
CommitLimit:    34716468 kB
Committed_AS:     790352 kB
VmallocTotal:   34359738367 kB
VmallocUsed:       38404 kB
VmallocChunk:          0 kB
Percpu:            96576 kB
HardwareCorrupted:     0 kB
AnonHugePages:         0 kB
ShmemHugePages:        0 kB
ShmemPmdMapped:        0 kB
FileHugePages:         0 kB
FilePmdMapped:         0 kB
HugePages_Total:       0
HugePages_Free:        0
HugePages_Rsvd:        0
HugePages_Surp:        0
Hugepagesize:       2048 kB
Hugetlb:               0 kB
DirectMap4k:     2370368 kB
DirectMap2M:     5605376 kB
DirectMap1G:    58720256 kB

