MemTotal:       65439348 kB
MemFree:        63905456 kB
MemAvailable:   63918884 kB
Buffers:           46844 kB
Cached:           539136 kB
SwapCached:            0 kB
Active:           155148 kB
Inactive:         491640 kB
Active(anon):       3244 kB
Inactive(anon):    73048 kB
Active(file):     151904 kB
Inactive(file):   418592 kB
Unevictable:       19496 kB
Mlocked:           19496 kB
SwapTotal:       1996796 kB
SwapFree:        1996796 kB
Dirty:               148 kB
Writeback:             0 kB
AnonPages:         80420 kB
Mapped:            81912 kB
Shmem:              6376 kB
KReclaimable:      78488 kB
Slab:             308760 kB
SReclaimable:      78488 kB
SUnreclaim:       230272 kB
KernelStack:       10000 kB
PageTables:         2432 kB
NFS_Unstable:          0 kB
Bounce:                0 kB
WritebackTmp:          0 kB
CommitLimit:    34716468 kB
Committed_AS:     799592 kB
VmallocTotal:   34359738367 kB
VmallocUsed:       41164 kB
VmallocChunk:          0 kB
Percpu:           165312 kB
HardwareCorrupted:     0 kB
AnonHugePages:         0 kB
ShmemHugePages:        0 kB
ShmemPmdMapped:        0 kB
FileHugePages:         0 kB
FilePmdMapped:         0 kB
HugePages_Total:       0
HugePages_Free:        0
HugePages_Rsvd:        0
HugePages_Surp:        0
Hugepagesize:       2048 kB
Hugetlb:               0 kB
DirectMap4k:     2728768 kB
DirectMap2M:     5246976 kB
DirectMap1G:    58720256 kB

