MemTotal:       65439348 kB
MemFree:        63852324 kB
MemAvailable:   63891820 kB
Buffers:           49804 kB
Cached:           560644 kB
SwapCached:            0 kB
Active:           197072 kB
Inactive:         473864 kB
Active(anon):       3244 kB
Inactive(anon):    72732 kB
Active(file):     193828 kB
Inactive(file):   401132 kB
Unevictable:       19496 kB
Mlocked:           19496 kB
SwapTotal:       1996796 kB
SwapFree:        1996796 kB
Dirty:                 0 kB
Writeback:             0 kB
AnonPages:         80040 kB
Mapped:            83356 kB
Shmem:              6376 kB
KReclaimable:      81692 kB
Slab:             313236 kB
SReclaimable:      81692 kB
SUnreclaim:       231544 kB
KernelStack:       10000 kB
PageTables:         2432 kB
NFS_Unstable:          0 kB
Bounce:                0 kB
WritebackTmp:          0 kB
CommitLimit:    34716468 kB
Committed_AS:     799592 kB
VmallocTotal:   34359738367 kB
VmallocUsed:       42132 kB
VmallocChunk:          0 kB
Percpu:           186432 kB
HardwareCorrupted:     0 kB
AnonHugePages:         0 kB
ShmemHugePages:        0 kB
ShmemPmdMapped:        0 kB
FileHugePages:         0 kB
FilePmdMapped:         0 kB
HugePages_Total:       0
HugePages_Free:        0
HugePages_Rsvd:        0
HugePages_Surp:        0
Hugepagesize:       2048 kB
Hugetlb:               0 kB
DirectMap4k:     2753344 kB
DirectMap2M:     5222400 kB
DirectMap1G:    58720256 kB

