MemTotal:       65439348 kB
MemFree:        63840708 kB
MemAvailable:   63888956 kB
Buffers:           50988 kB
Cached:           567724 kB
SwapCached:            0 kB
Active:           198264 kB
Inactive:         481024 kB
Active(anon):       3244 kB
Inactive(anon):    72808 kB
Active(file):     195020 kB
Inactive(file):   408216 kB
Unevictable:       19496 kB
Mlocked:           19496 kB
SwapTotal:       1996796 kB
SwapFree:        1996796 kB
Dirty:               136 kB
Writeback:             0 kB
AnonPages:         80196 kB
Mapped:            83952 kB
Shmem:              6376 kB
KReclaimable:      82644 kB
Slab:             313832 kB
SReclaimable:      82644 kB
SUnreclaim:       231188 kB
KernelStack:       10048 kB
PageTables:         2440 kB
NFS_Unstable:          0 kB
Bounce:                0 kB
WritebackTmp:          0 kB
CommitLimit:    34716468 kB
Committed_AS:     807780 kB
VmallocTotal:   34359738367 kB
VmallocUsed:       42196 kB
VmallocChunk:          0 kB
Percpu:           194112 kB
HardwareCorrupted:     0 kB
AnonHugePages:         0 kB
ShmemHugePages:        0 kB
ShmemPmdMapped:        0 kB
FileHugePages:         0 kB
FilePmdMapped:         0 kB
HugePages_Total:       0
HugePages_Free:        0
HugePages_Rsvd:        0
HugePages_Surp:        0
Hugepagesize:       2048 kB
Hugetlb:               0 kB
DirectMap4k:     2759488 kB
DirectMap2M:     5216256 kB
DirectMap1G:    58720256 kB

