MemTotal:       65439348 kB
MemFree:        63912052 kB
MemAvailable:   63923132 kB
Buffers:           46528 kB
Cached:           537192 kB
SwapCached:            0 kB
Active:           154836 kB
Inactive:         489748 kB
Active(anon):       3240 kB
Inactive(anon):    73100 kB
Active(file):     151596 kB
Inactive(file):   416648 kB
Unevictable:       19496 kB
Mlocked:           19496 kB
SwapTotal:       1996796 kB
SwapFree:        1996796 kB
Dirty:               132 kB
Writeback:             0 kB
AnonPages:         80460 kB
Mapped:            81844 kB
Shmem:              6376 kB
KReclaimable:      78292 kB
Slab:             308124 kB
SReclaimable:      78292 kB
SUnreclaim:       229832 kB
KernelStack:       10096 kB
PageTables:         2580 kB
NFS_Unstable:          0 kB
Bounce:                0 kB
WritebackTmp:          0 kB
CommitLimit:    34716468 kB
Committed_AS:     799204 kB
VmallocTotal:   34359738367 kB
VmallocUsed:       41148 kB
VmallocChunk:          0 kB
Percpu:           162816 kB
HardwareCorrupted:     0 kB
AnonHugePages:         0 kB
ShmemHugePages:        0 kB
ShmemPmdMapped:        0 kB
FileHugePages:         0 kB
FilePmdMapped:         0 kB
HugePages_Total:       0
HugePages_Free:        0
HugePages_Rsvd:        0
HugePages_Surp:        0
Hugepagesize:       2048 kB
Hugetlb:               0 kB
DirectMap4k:     2726720 kB
DirectMap2M:     5249024 kB
DirectMap1G:    58720256 kB

