MemTotal:       65439348 kB
MemFree:        64248740 kB
MemAvailable:   63989744 kB
Buffers:           38548 kB
Cached:           279968 kB
SwapCached:            0 kB
Active:           131372 kB
Inactive:         247208 kB
Active(anon):       3216 kB
Inactive(anon):    72324 kB
Active(file):     128156 kB
Inactive(file):   174884 kB
Unevictable:       19496 kB
Mlocked:           19496 kB
SwapTotal:       1996796 kB
SwapFree:        1996796 kB
Dirty:               752 kB
Writeback:             0 kB
AnonPages:         79640 kB
Mapped:            76972 kB
Shmem:              6376 kB
KReclaimable:      68548 kB
Slab:             292300 kB
SReclaimable:      68548 kB
SUnreclaim:       223752 kB
KernelStack:       10064 kB
PageTables:         2404 kB
NFS_Unstable:          0 kB
Bounce:                0 kB
WritebackTmp:          0 kB
CommitLimit:    34716468 kB
Committed_AS:     790612 kB
VmallocTotal:   34359738367 kB
VmallocUsed:       39048 kB
VmallocChunk:          0 kB
Percpu:           107904 kB
HardwareCorrupted:     0 kB
AnonHugePages:         0 kB
ShmemHugePages:        0 kB
ShmemPmdMapped:        0 kB
FileHugePages:         0 kB
FilePmdMapped:         0 kB
HugePages_Total:       0
HugePages_Free:        0
HugePages_Rsvd:        0
HugePages_Surp:        0
Hugepagesize:       2048 kB
Hugetlb:               0 kB
DirectMap4k:     2581312 kB
DirectMap2M:     5394432 kB
DirectMap1G:    58720256 kB

