MemTotal:       65439348 kB
MemFree:        64147372 kB
MemAvailable:   63941108 kB
Buffers:           43716 kB
Cached:           325152 kB
SwapCached:            0 kB
Active:           139476 kB
Inactive:         296028 kB
Active(anon):       3260 kB
Inactive(anon):    78864 kB
Active(file):     136216 kB
Inactive(file):   217164 kB
Unevictable:       19496 kB
Mlocked:           19496 kB
SwapTotal:       1996796 kB
SwapFree:        1996796 kB
Dirty:               676 kB
Writeback:             0 kB
AnonPages:         86832 kB
Mapped:            89872 kB
Shmem:              6380 kB
KReclaimable:      73332 kB
Slab:             301672 kB
SReclaimable:      73332 kB
SUnreclaim:       228340 kB
KernelStack:       10272 kB
PageTables:         2536 kB
NFS_Unstable:          0 kB
Bounce:                0 kB
WritebackTmp:          0 kB
CommitLimit:    34716468 kB
Committed_AS:     837872 kB
VmallocTotal:   34359738367 kB
VmallocUsed:       40248 kB
VmallocChunk:          0 kB
Percpu:           142464 kB
HardwareCorrupted:     0 kB
AnonHugePages:         0 kB
ShmemHugePages:        0 kB
ShmemPmdMapped:        0 kB
FileHugePages:         0 kB
FilePmdMapped:         0 kB
HugePages_Total:       0
HugePages_Free:        0
HugePages_Rsvd:        0
HugePages_Surp:        0
Hugepagesize:       2048 kB
Hugetlb:               0 kB
DirectMap4k:     2702144 kB
DirectMap2M:     5273600 kB
DirectMap1G:    58720256 kB

