MemTotal:       65439348 kB
MemFree:        64126740 kB
MemAvailable:   63928988 kB
Buffers:           44764 kB
Cached:           332108 kB
SwapCached:            0 kB
Active:           140528 kB
Inactive:         302424 kB
Active(anon):       3256 kB
Inactive(anon):    78304 kB
Active(file):     137272 kB
Inactive(file):   224120 kB
Unevictable:       19496 kB
Mlocked:           19496 kB
SwapTotal:       1996796 kB
SwapFree:        1996796 kB
Dirty:               896 kB
Writeback:             0 kB
AnonPages:         85620 kB
Mapped:            89804 kB
Shmem:              6380 kB
KReclaimable:      74332 kB
Slab:             303372 kB
SReclaimable:      74332 kB
SUnreclaim:       229040 kB
KernelStack:       10144 kB
PageTables:         2668 kB
NFS_Unstable:          0 kB
Bounce:                0 kB
WritebackTmp:          0 kB
CommitLimit:    34716468 kB
Committed_AS:     837872 kB
VmallocTotal:   34359738367 kB
VmallocUsed:       40780 kB
VmallocChunk:          0 kB
Percpu:           150336 kB
HardwareCorrupted:     0 kB
AnonHugePages:         0 kB
ShmemHugePages:        0 kB
ShmemPmdMapped:        0 kB
FileHugePages:         0 kB
FilePmdMapped:         0 kB
HugePages_Total:       0
HugePages_Free:        0
HugePages_Rsvd:        0
HugePages_Surp:        0
Hugepagesize:       2048 kB
Hugetlb:               0 kB
DirectMap4k:     2710336 kB
DirectMap2M:     5265408 kB
DirectMap1G:    58720256 kB

