MemTotal:       65439348 kB
MemFree:        64220756 kB
MemAvailable:   63975216 kB
Buffers:           40092 kB
Cached:           291104 kB
SwapCached:            0 kB
Active:           133808 kB
Inactive:         257568 kB
Active(anon):       3220 kB
Inactive(anon):    72436 kB
Active(file):     130588 kB
Inactive(file):   185132 kB
Unevictable:       19496 kB
Mlocked:           19496 kB
SwapTotal:       1996796 kB
SwapFree:        1996796 kB
Dirty:               700 kB
Writeback:             0 kB
AnonPages:         79728 kB
Mapped:            78024 kB
Shmem:              6376 kB
KReclaimable:      70100 kB
Slab:             295476 kB
SReclaimable:      70100 kB
SUnreclaim:       225376 kB
KernelStack:       10032 kB
PageTables:         2412 kB
NFS_Unstable:          0 kB
Bounce:                0 kB
WritebackTmp:          0 kB
CommitLimit:    34716468 kB
Committed_AS:     790620 kB
VmallocTotal:   34359738367 kB
VmallocUsed:       39032 kB
VmallocChunk:          0 kB
Percpu:           119424 kB
HardwareCorrupted:     0 kB
AnonHugePages:         0 kB
ShmemHugePages:        0 kB
ShmemPmdMapped:        0 kB
FileHugePages:         0 kB
FilePmdMapped:         0 kB
HugePages_Total:       0
HugePages_Free:        0
HugePages_Rsvd:        0
HugePages_Surp:        0
Hugepagesize:       2048 kB
Hugetlb:               0 kB
DirectMap4k:     2667328 kB
DirectMap2M:     5308416 kB
DirectMap1G:    58720256 kB

