MemTotal:       65439348 kB
MemFree:        63711888 kB
MemAvailable:   63820184 kB
Buffers:           58376 kB
Cached:           617108 kB
SwapCached:            0 kB
Active:           211292 kB
Inactive:         525560 kB
Active(anon):       3252 kB
Inactive(anon):    73600 kB
Active(file):     208040 kB
Inactive(file):   451960 kB
Unevictable:       19496 kB
Mlocked:           19496 kB
SwapTotal:       1996796 kB
SwapFree:        1996796 kB
Dirty:               700 kB
Writeback:             0 kB
AnonPages:         81420 kB
Mapped:            87820 kB
Shmem:              6376 kB
KReclaimable:      89212 kB
Slab:             326920 kB
SReclaimable:      89212 kB
SUnreclaim:       237708 kB
KernelStack:        9984 kB
PageTables:         2652 kB
NFS_Unstable:          0 kB
Bounce:                0 kB
WritebackTmp:          0 kB
CommitLimit:    34716468 kB
Committed_AS:     808036 kB
VmallocTotal:   34359738367 kB
VmallocUsed:       44356 kB
VmallocChunk:          0 kB
Percpu:           247872 kB
HardwareCorrupted:     0 kB
AnonHugePages:         0 kB
ShmemHugePages:        0 kB
ShmemPmdMapped:        0 kB
FileHugePages:         0 kB
FilePmdMapped:         0 kB
HugePages_Total:       0
HugePages_Free:        0
HugePages_Rsvd:        0
HugePages_Surp:        0
Hugepagesize:       2048 kB
Hugetlb:               0 kB
DirectMap4k:     2825024 kB
DirectMap2M:     5150720 kB
DirectMap1G:    58720256 kB

