MemTotal:       65439348 kB
MemFree:        64278568 kB
MemAvailable:   64007032 kB
Buffers:           37032 kB
Cached:           269476 kB
SwapCached:            0 kB
Active:           129840 kB
Inactive:         236568 kB
Active(anon):       3216 kB
Inactive(anon):    72180 kB
Active(file):     126624 kB
Inactive(file):   164388 kB
Unevictable:       19496 kB
Mlocked:           19496 kB
SwapTotal:       1996796 kB
SwapFree:        1996796 kB
Dirty:               728 kB
Writeback:             0 kB
AnonPages:         79964 kB
Mapped:            75968 kB
Shmem:              6376 kB
KReclaimable:      67524 kB
Slab:             290892 kB
SReclaimable:      67524 kB
SUnreclaim:       223368 kB
KernelStack:       10096 kB
PageTables:         2440 kB
NFS_Unstable:          0 kB
Bounce:                0 kB
WritebackTmp:          0 kB
CommitLimit:    34716468 kB
Committed_AS:     790352 kB
VmallocTotal:   34359738367 kB
VmallocUsed:       38468 kB
VmallocChunk:          0 kB
Percpu:            97152 kB
HardwareCorrupted:     0 kB
AnonHugePages:         0 kB
ShmemHugePages:        0 kB
ShmemPmdMapped:        0 kB
FileHugePages:         0 kB
FilePmdMapped:         0 kB
HugePages_Total:       0
HugePages_Free:        0
HugePages_Rsvd:        0
HugePages_Surp:        0
Hugepagesize:       2048 kB
Hugetlb:               0 kB
DirectMap4k:     2413376 kB
DirectMap2M:     5562368 kB
DirectMap1G:    58720256 kB

