MemTotal:       65439348 kB
MemFree:        63720524 kB
MemAvailable:   63822260 kB
Buffers:           57592 kB
Cached:           611712 kB
SwapCached:            0 kB
Active:           205544 kB
Inactive:         529656 kB
Active(anon):       3252 kB
Inactive(anon):    78152 kB
Active(file):     202292 kB
Inactive(file):   451504 kB
Unevictable:       19496 kB
Mlocked:           19496 kB
SwapTotal:       1996796 kB
SwapFree:        1996796 kB
Dirty:               772 kB
Writeback:             0 kB
AnonPages:         85476 kB
Mapped:            97068 kB
Shmem:              6380 kB
KReclaimable:      88504 kB
Slab:             324892 kB
SReclaimable:      88504 kB
SUnreclaim:       236388 kB
KernelStack:       10144 kB
PageTables:         2612 kB
NFS_Unstable:          0 kB
Bounce:                0 kB
WritebackTmp:          0 kB
CommitLimit:    34716468 kB
Committed_AS:     854424 kB
VmallocTotal:   34359738367 kB
VmallocUsed:       44604 kB
VmallocChunk:          0 kB
Percpu:           242496 kB
HardwareCorrupted:     0 kB
AnonHugePages:         0 kB
ShmemHugePages:        0 kB
ShmemPmdMapped:        0 kB
FileHugePages:         0 kB
FilePmdMapped:         0 kB
HugePages_Total:       0
HugePages_Free:        0
HugePages_Rsvd:        0
HugePages_Surp:        0
Hugepagesize:       2048 kB
Hugetlb:               0 kB
DirectMap4k:     2818880 kB
DirectMap2M:     5156864 kB
DirectMap1G:    58720256 kB

