MemTotal:       65439348 kB
MemFree:        64277028 kB
MemAvailable:   64005012 kB
Buffers:           36968 kB
Cached:           269068 kB
SwapCached:            0 kB
Active:           129784 kB
Inactive:         236356 kB
Active(anon):       3216 kB
Inactive(anon):    72372 kB
Active(file):     126568 kB
Inactive(file):   163984 kB
Unevictable:       19496 kB
Mlocked:           19496 kB
SwapTotal:       1996796 kB
SwapFree:        1996796 kB
Dirty:               744 kB
Writeback:             0 kB
AnonPages:         79660 kB
Mapped:            75932 kB
Shmem:              6376 kB
KReclaimable:      67484 kB
Slab:             291080 kB
SReclaimable:      67484 kB
SUnreclaim:       223596 kB
KernelStack:       10064 kB
PageTables:         2392 kB
NFS_Unstable:          0 kB
Bounce:                0 kB
WritebackTmp:          0 kB
CommitLimit:    34716468 kB
Committed_AS:     790608 kB
VmallocTotal:   34359738367 kB
VmallocUsed:       38564 kB
VmallocChunk:          0 kB
Percpu:            96576 kB
HardwareCorrupted:     0 kB
AnonHugePages:         0 kB
ShmemHugePages:        0 kB
ShmemPmdMapped:        0 kB
FileHugePages:         0 kB
FilePmdMapped:         0 kB
HugePages_Total:       0
HugePages_Free:        0
HugePages_Rsvd:        0
HugePages_Surp:        0
Hugepagesize:       2048 kB
Hugetlb:               0 kB
DirectMap4k:     2407232 kB
DirectMap2M:     5568512 kB
DirectMap1G:    58720256 kB

