MemTotal:       65439348 kB
MemFree:        64227804 kB
MemAvailable:   63979944 kB
Buffers:           39844 kB
Cached:           289292 kB
SwapCached:            0 kB
Active:           133548 kB
Inactive:         256536 kB
Active(anon):       3208 kB
Inactive(anon):    73228 kB
Active(file):     130340 kB
Inactive(file):   183308 kB
Unevictable:       19496 kB
Mlocked:           19496 kB
SwapTotal:       1996796 kB
SwapFree:        1996796 kB
Dirty:               648 kB
Writeback:             0 kB
AnonPages:         80272 kB
Mapped:            77540 kB
Shmem:              6380 kB
KReclaimable:      69608 kB
Slab:             293896 kB
SReclaimable:      69608 kB
SUnreclaim:       224288 kB
KernelStack:        9920 kB
PageTables:         2300 kB
NFS_Unstable:          0 kB
Bounce:                0 kB
WritebackTmp:          0 kB
CommitLimit:    34716468 kB
Committed_AS:     790368 kB
VmallocTotal:   34359738367 kB
VmallocUsed:       38952 kB
VmallocChunk:          0 kB
Percpu:           116928 kB
HardwareCorrupted:     0 kB
AnonHugePages:         0 kB
ShmemHugePages:        0 kB
ShmemPmdMapped:        0 kB
FileHugePages:         0 kB
FilePmdMapped:         0 kB
HugePages_Total:       0
HugePages_Free:        0
HugePages_Rsvd:        0
HugePages_Surp:        0
Hugepagesize:       2048 kB
Hugetlb:               0 kB
DirectMap4k:     2661184 kB
DirectMap2M:     5314560 kB
DirectMap1G:    58720256 kB

