MemTotal:       65439348 kB
MemFree:        63698992 kB
MemAvailable:   63812744 kB
Buffers:           58996 kB
Cached:           621640 kB
SwapCached:            0 kB
Active:           211916 kB
Inactive:         530864 kB
Active(anon):       3256 kB
Inactive(anon):    74368 kB
Active(file):     208660 kB
Inactive(file):   456496 kB
Unevictable:       19496 kB
Mlocked:           19496 kB
SwapTotal:       1996796 kB
SwapFree:        1996796 kB
Dirty:               724 kB
Writeback:             0 kB
AnonPages:         81744 kB
Mapped:            88472 kB
Shmem:              6376 kB
KReclaimable:      89816 kB
Slab:             329240 kB
SReclaimable:      89816 kB
SUnreclaim:       239424 kB
KernelStack:       10048 kB
PageTables:         2516 kB
NFS_Unstable:          0 kB
Bounce:                0 kB
WritebackTmp:          0 kB
CommitLimit:    34716468 kB
Committed_AS:     808036 kB
VmallocTotal:   34359738367 kB
VmallocUsed:       44904 kB
VmallocChunk:          0 kB
Percpu:           252672 kB
HardwareCorrupted:     0 kB
AnonHugePages:         0 kB
ShmemHugePages:        0 kB
ShmemPmdMapped:        0 kB
FileHugePages:         0 kB
FilePmdMapped:         0 kB
HugePages_Total:       0
HugePages_Free:        0
HugePages_Rsvd:        0
HugePages_Surp:        0
Hugepagesize:       2048 kB
Hugetlb:               0 kB
DirectMap4k:     2835264 kB
DirectMap2M:     5140480 kB
DirectMap1G:    58720256 kB

