MemTotal:       65439348 kB
MemFree:        63736680 kB
MemAvailable:   63830212 kB
Buffers:           56588 kB
Cached:           604976 kB
SwapCached:            0 kB
Active:           204544 kB
Inactive:         523124 kB
Active(anon):       3248 kB
Inactive(anon):    78356 kB
Active(file):     201296 kB
Inactive(file):   444768 kB
Unevictable:       19496 kB
Mlocked:           19496 kB
SwapTotal:       1996796 kB
SwapFree:        1996796 kB
Dirty:               756 kB
Writeback:             0 kB
AnonPages:         85748 kB
Mapped:            96616 kB
Shmem:              6380 kB
KReclaimable:      87556 kB
Slab:             325540 kB
SReclaimable:      87556 kB
SUnreclaim:       237984 kB
KernelStack:       10128 kB
PageTables:         2620 kB
NFS_Unstable:          0 kB
Bounce:                0 kB
WritebackTmp:          0 kB
CommitLimit:    34716468 kB
Committed_AS:     854424 kB
VmallocTotal:   34359738367 kB
VmallocUsed:       44104 kB
VmallocChunk:          0 kB
Percpu:           234624 kB
HardwareCorrupted:     0 kB
AnonHugePages:         0 kB
ShmemHugePages:        0 kB
ShmemPmdMapped:        0 kB
FileHugePages:         0 kB
FilePmdMapped:         0 kB
HugePages_Total:       0
HugePages_Free:        0
HugePages_Rsvd:        0
HugePages_Surp:        0
Hugepagesize:       2048 kB
Hugetlb:               0 kB
DirectMap4k:     2812736 kB
DirectMap2M:     5163008 kB
DirectMap1G:    58720256 kB

