MemTotal:       65439348 kB
MemFree:        63756184 kB
MemAvailable:   63841000 kB
Buffers:           55544 kB
Cached:           597756 kB
SwapCached:            0 kB
Active:           203500 kB
Inactive:         515632 kB
Active(anon):       3244 kB
Inactive(anon):    78084 kB
Active(file):     200256 kB
Inactive(file):   437548 kB
Unevictable:       19496 kB
Mlocked:           19496 kB
SwapTotal:       1996796 kB
SwapFree:        1996796 kB
Dirty:               260 kB
Writeback:             0 kB
AnonPages:         85448 kB
Mapped:            96048 kB
Shmem:              6380 kB
KReclaimable:      86644 kB
Slab:             322464 kB
SReclaimable:      86644 kB
SUnreclaim:       235820 kB
KernelStack:       10016 kB
PageTables:         2620 kB
NFS_Unstable:          0 kB
Bounce:                0 kB
WritebackTmp:          0 kB
CommitLimit:    34716468 kB
Committed_AS:     854424 kB
VmallocTotal:   34359738367 kB
VmallocUsed:       43928 kB
VmallocChunk:          0 kB
Percpu:           226752 kB
HardwareCorrupted:     0 kB
AnonHugePages:         0 kB
ShmemHugePages:        0 kB
ShmemPmdMapped:        0 kB
FileHugePages:         0 kB
FilePmdMapped:         0 kB
HugePages_Total:       0
HugePages_Free:        0
HugePages_Rsvd:        0
HugePages_Surp:        0
Hugepagesize:       2048 kB
Hugetlb:               0 kB
DirectMap4k:     2802496 kB
DirectMap2M:     5173248 kB
DirectMap1G:    58720256 kB

