MemTotal:       65439348 kB
MemFree:        64155456 kB
MemAvailable:   63945908 kB
Buffers:           43312 kB
Cached:           322520 kB
SwapCached:            0 kB
Active:           139056 kB
Inactive:         292764 kB
Active(anon):       3244 kB
Inactive(anon):    78232 kB
Active(file):     135812 kB
Inactive(file):   214532 kB
Unevictable:       19496 kB
Mlocked:           19496 kB
SwapTotal:       1996796 kB
SwapFree:        1996796 kB
Dirty:               768 kB
Writeback:             0 kB
AnonPages:         85584 kB
Mapped:            88884 kB
Shmem:              6380 kB
KReclaimable:      72840 kB
Slab:             300000 kB
SReclaimable:      72840 kB
SUnreclaim:       227160 kB
KernelStack:       10112 kB
PageTables:         2572 kB
NFS_Unstable:          0 kB
Bounce:                0 kB
WritebackTmp:          0 kB
CommitLimit:    34716468 kB
Committed_AS:     838256 kB
VmallocTotal:   34359738367 kB
VmallocUsed:       40216 kB
VmallocChunk:          0 kB
Percpu:           138816 kB
HardwareCorrupted:     0 kB
AnonHugePages:         0 kB
ShmemHugePages:        0 kB
ShmemPmdMapped:        0 kB
FileHugePages:         0 kB
FilePmdMapped:         0 kB
HugePages_Total:       0
HugePages_Free:        0
HugePages_Rsvd:        0
HugePages_Surp:        0
Hugepagesize:       2048 kB
Hugetlb:               0 kB
DirectMap4k:     2696000 kB
DirectMap2M:     5279744 kB
DirectMap1G:    58720256 kB

