MemTotal:       65439348 kB
MemFree:        63766128 kB
MemAvailable:   63843344 kB
Buffers:           54496 kB
Cached:           591552 kB
SwapCached:            0 kB
Active:           202448 kB
Inactive:         512108 kB
Active(anon):       3232 kB
Inactive(anon):    80760 kB
Active(file):     199216 kB
Inactive(file):   431348 kB
Unevictable:       19496 kB
Mlocked:           19496 kB
SwapTotal:       1996796 kB
SwapFree:        1996796 kB
Dirty:               556 kB
Writeback:             0 kB
AnonPages:         88044 kB
Mapped:            96540 kB
Shmem:              6380 kB
KReclaimable:      85928 kB
Slab:             321816 kB
SReclaimable:      85928 kB
SUnreclaim:       235888 kB
KernelStack:       10256 kB
PageTables:         2692 kB
NFS_Unstable:          0 kB
Bounce:                0 kB
WritebackTmp:          0 kB
CommitLimit:    34716468 kB
Committed_AS:     854040 kB
VmallocTotal:   34359738367 kB
VmallocUsed:       43412 kB
VmallocChunk:          0 kB
Percpu:           220800 kB
HardwareCorrupted:     0 kB
AnonHugePages:         0 kB
ShmemHugePages:        0 kB
ShmemPmdMapped:        0 kB
FileHugePages:         0 kB
FilePmdMapped:         0 kB
HugePages_Total:       0
HugePages_Free:        0
HugePages_Rsvd:        0
HugePages_Surp:        0
Hugepagesize:       2048 kB
Hugetlb:               0 kB
DirectMap4k:     2794304 kB
DirectMap2M:     5181440 kB
DirectMap1G:    58720256 kB

