MemTotal:       65439348 kB
MemFree:        63732036 kB
MemAvailable:   63826148 kB
Buffers:           56664 kB
Cached:           605444 kB
SwapCached:            0 kB
Active:           204620 kB
Inactive:         523716 kB
Active(anon):       3244 kB
Inactive(anon):    78480 kB
Active(file):     201376 kB
Inactive(file):   445236 kB
Unevictable:       19496 kB
Mlocked:           19496 kB
SwapTotal:       1996796 kB
SwapFree:        1996796 kB
Dirty:               144 kB
Writeback:             0 kB
AnonPages:         85748 kB
Mapped:            96624 kB
Shmem:              6380 kB
KReclaimable:      87620 kB
Slab:             325240 kB
SReclaimable:      87620 kB
SUnreclaim:       237620 kB
KernelStack:       10144 kB
PageTables:         2616 kB
NFS_Unstable:          0 kB
Bounce:                0 kB
WritebackTmp:          0 kB
CommitLimit:    34716468 kB
Committed_AS:     854424 kB
VmallocTotal:   34359738367 kB
VmallocUsed:       44056 kB
VmallocChunk:          0 kB
Percpu:           235200 kB
HardwareCorrupted:     0 kB
AnonHugePages:         0 kB
ShmemHugePages:        0 kB
ShmemPmdMapped:        0 kB
FileHugePages:         0 kB
FilePmdMapped:         0 kB
HugePages_Total:       0
HugePages_Free:        0
HugePages_Rsvd:        0
HugePages_Surp:        0
Hugepagesize:       2048 kB
Hugetlb:               0 kB
DirectMap4k:     2812736 kB
DirectMap2M:     5163008 kB
DirectMap1G:    58720256 kB

