MemTotal:       65439348 kB
MemFree:        64283464 kB
MemAvailable:   64007336 kB
Buffers:           36464 kB
Cached:           265768 kB
SwapCached:            0 kB
Active:           129276 kB
Inactive:         233412 kB
Active(anon):       3216 kB
Inactive(anon):    72724 kB
Active(file):     126060 kB
Inactive(file):   160688 kB
Unevictable:       19496 kB
Mlocked:           19496 kB
SwapTotal:       1996796 kB
SwapFree:        1996796 kB
Dirty:               256 kB
Writeback:             0 kB
AnonPages:         80044 kB
Mapped:            75604 kB
Shmem:              6376 kB
KReclaimable:      66872 kB
Slab:             289204 kB
SReclaimable:      66872 kB
SUnreclaim:       222332 kB
KernelStack:       10000 kB
PageTables:         2440 kB
NFS_Unstable:          0 kB
Bounce:                0 kB
WritebackTmp:          0 kB
CommitLimit:    34716468 kB
Committed_AS:     790740 kB
VmallocTotal:   34359738367 kB
VmallocUsed:       38436 kB
VmallocChunk:          0 kB
Percpu:            96576 kB
HardwareCorrupted:     0 kB
AnonHugePages:         0 kB
ShmemHugePages:        0 kB
ShmemPmdMapped:        0 kB
FileHugePages:         0 kB
FilePmdMapped:         0 kB
HugePages_Total:       0
HugePages_Free:        0
HugePages_Rsvd:        0
HugePages_Surp:        0
Hugepagesize:       2048 kB
Hugetlb:               0 kB
DirectMap4k:     2353984 kB
DirectMap2M:     5621760 kB
DirectMap1G:    58720256 kB

