MemTotal:       65439348 kB
MemFree:        64186408 kB
MemAvailable:   63963460 kB
Buffers:           41640 kB
Cached:           311496 kB
SwapCached:            0 kB
Active:           137068 kB
Inactive:         282200 kB
Active(anon):       3248 kB
Inactive(anon):    78372 kB
Active(file):     133820 kB
Inactive(file):   203828 kB
Unevictable:       19496 kB
Mlocked:           19496 kB
SwapTotal:       1996796 kB
SwapFree:        1996796 kB
Dirty:               676 kB
Writeback:             0 kB
AnonPages:         85744 kB
Mapped:            88180 kB
Shmem:              6380 kB
KReclaimable:      71428 kB
Slab:             297652 kB
SReclaimable:      71428 kB
SUnreclaim:       226224 kB
KernelStack:       10096 kB
PageTables:         2624 kB
NFS_Unstable:          0 kB
Bounce:                0 kB
WritebackTmp:          0 kB
CommitLimit:    34716468 kB
Committed_AS:     837616 kB
VmallocTotal:   34359738367 kB
VmallocUsed:       39668 kB
VmallocChunk:          0 kB
Percpu:           126720 kB
HardwareCorrupted:     0 kB
AnonHugePages:         0 kB
ShmemHugePages:        0 kB
ShmemPmdMapped:        0 kB
FileHugePages:         0 kB
FilePmdMapped:         0 kB
HugePages_Total:       0
HugePages_Free:        0
HugePages_Rsvd:        0
HugePages_Surp:        0
Hugepagesize:       2048 kB
Hugetlb:               0 kB
DirectMap4k:     2675520 kB
DirectMap2M:     5300224 kB
DirectMap1G:    58720256 kB

