MemTotal:       65439348 kB
MemFree:        63919600 kB
MemAvailable:   63926340 kB
Buffers:           45988 kB
Cached:           533592 kB
SwapCached:            0 kB
Active:           154292 kB
Inactive:         485776 kB
Active(anon):       3244 kB
Inactive(anon):    72732 kB
Active(file):     151048 kB
Inactive(file):   413044 kB
Unevictable:       19496 kB
Mlocked:           19496 kB
SwapTotal:       1996796 kB
SwapFree:        1996796 kB
Dirty:                72 kB
Writeback:             0 kB
AnonPages:         80060 kB
Mapped:            81448 kB
Shmem:              6376 kB
KReclaimable:      77916 kB
Slab:             306308 kB
SReclaimable:      77916 kB
SUnreclaim:       228392 kB
KernelStack:       10080 kB
PageTables:         2428 kB
NFS_Unstable:          0 kB
Bounce:                0 kB
WritebackTmp:          0 kB
CommitLimit:    34716468 kB
Committed_AS:     799588 kB
VmallocTotal:   34359738367 kB
VmallocUsed:       41208 kB
VmallocChunk:          0 kB
Percpu:           158592 kB
HardwareCorrupted:     0 kB
AnonHugePages:         0 kB
ShmemHugePages:        0 kB
ShmemPmdMapped:        0 kB
FileHugePages:         0 kB
FilePmdMapped:         0 kB
HugePages_Total:       0
HugePages_Free:        0
HugePages_Rsvd:        0
HugePages_Surp:        0
Hugepagesize:       2048 kB
Hugetlb:               0 kB
DirectMap4k:     2720576 kB
DirectMap2M:     5255168 kB
DirectMap1G:    58720256 kB

