MemTotal:       65439348 kB
MemFree:        64320824 kB
MemAvailable:   64016772 kB
Buffers:           31056 kB
Cached:           246828 kB
SwapCached:            0 kB
Active:           122188 kB
Inactive:         216836 kB
Active(anon):       3212 kB
Inactive(anon):    73412 kB
Active(file):     118976 kB
Inactive(file):   143424 kB
Unevictable:       19496 kB
Mlocked:           19496 kB
SwapTotal:       1996796 kB
SwapFree:        1996796 kB
Dirty:               836 kB
Writeback:             0 kB
AnonPages:         79832 kB
Mapped:            75372 kB
Shmem:              6376 kB
KReclaimable:      56236 kB
Slab:             276480 kB
SReclaimable:      56236 kB
SUnreclaim:       220244 kB
KernelStack:       10080 kB
PageTables:         2344 kB
NFS_Unstable:          0 kB
Bounce:                0 kB
WritebackTmp:          0 kB
CommitLimit:    34716468 kB
Committed_AS:     790100 kB
VmallocTotal:   34359738367 kB
VmallocUsed:       38436 kB
VmallocChunk:          0 kB
Percpu:            96576 kB
HardwareCorrupted:     0 kB
AnonHugePages:         0 kB
ShmemHugePages:        0 kB
ShmemPmdMapped:        0 kB
FileHugePages:         0 kB
FilePmdMapped:         0 kB
HugePages_Total:       0
HugePages_Free:        0
HugePages_Rsvd:        0
HugePages_Surp:        0
Hugepagesize:       2048 kB
Hugetlb:               0 kB
DirectMap4k:     2091840 kB
DirectMap2M:     5883904 kB
DirectMap1G:    58720256 kB

