MemTotal:       65439348 kB
MemFree:        63892568 kB
MemAvailable:   63893728 kB
Buffers:           45324 kB
Cached:           529000 kB
SwapCached:            0 kB
Active:           152396 kB
Inactive:         521160 kB
Active(anon):       3264 kB
Inactive(anon):   111456 kB
Active(file):     149132 kB
Inactive(file):   409704 kB
Unevictable:       19496 kB
Mlocked:           19496 kB
SwapTotal:       1996796 kB
SwapFree:        1996796 kB
Dirty:               728 kB
Writeback:             0 kB
AnonPages:        118784 kB
Mapped:           121876 kB
Shmem:              6384 kB
KReclaimable:      77268 kB
Slab:             306528 kB
SReclaimable:      77268 kB
SUnreclaim:       229260 kB
KernelStack:       10128 kB
PageTables:         2928 kB
NFS_Unstable:          0 kB
Bounce:                0 kB
WritebackTmp:          0 kB
CommitLimit:    34716468 kB
Committed_AS:     888968 kB
VmallocTotal:   34359738367 kB
VmallocUsed:       40628 kB
VmallocChunk:          0 kB
Percpu:           153792 kB
HardwareCorrupted:     0 kB
AnonHugePages:         0 kB
ShmemHugePages:        0 kB
ShmemPmdMapped:        0 kB
FileHugePages:         0 kB
FilePmdMapped:         0 kB
HugePages_Total:       0
HugePages_Free:        0
HugePages_Rsvd:        0
HugePages_Surp:        0
Hugepagesize:       2048 kB
Hugetlb:               0 kB
DirectMap4k:     2714432 kB
DirectMap2M:     5261312 kB
DirectMap1G:    58720256 kB

