MemTotal:       65439348 kB
MemFree:        63915588 kB
MemAvailable:   63923924 kB
Buffers:           46156 kB
Cached:           534892 kB
SwapCached:            0 kB
Active:           154460 kB
Inactive:         487040 kB
Active(anon):       3240 kB
Inactive(anon):    72692 kB
Active(file):     151220 kB
Inactive(file):   414348 kB
Unevictable:       19496 kB
Mlocked:           19496 kB
SwapTotal:       1996796 kB
SwapFree:        1996796 kB
Dirty:               724 kB
Writeback:             0 kB
AnonPages:         79988 kB
Mapped:            81576 kB
Shmem:              6376 kB
KReclaimable:      78156 kB
Slab:             306608 kB
SReclaimable:      78156 kB
SUnreclaim:       228452 kB
KernelStack:       10064 kB
PageTables:         2428 kB
NFS_Unstable:          0 kB
Bounce:                0 kB
WritebackTmp:          0 kB
CommitLimit:    34716468 kB
Committed_AS:     799588 kB
VmallocTotal:   34359738367 kB
VmallocUsed:       41164 kB
VmallocChunk:          0 kB
Percpu:           160512 kB
HardwareCorrupted:     0 kB
AnonHugePages:         0 kB
ShmemHugePages:        0 kB
ShmemPmdMapped:        0 kB
FileHugePages:         0 kB
FilePmdMapped:         0 kB
HugePages_Total:       0
HugePages_Free:        0
HugePages_Rsvd:        0
HugePages_Surp:        0
Hugepagesize:       2048 kB
Hugetlb:               0 kB
DirectMap4k:     2720576 kB
DirectMap2M:     5255168 kB
DirectMap1G:    58720256 kB

