MemTotal:       65439348 kB
MemFree:        63712228 kB
MemAvailable:   63820408 kB
Buffers:           58360 kB
Cached:           617028 kB
SwapCached:            0 kB
Active:           211268 kB
Inactive:         524880 kB
Active(anon):       3244 kB
Inactive(anon):    73000 kB
Active(file):     208024 kB
Inactive(file):   451880 kB
Unevictable:       19496 kB
Mlocked:           19496 kB
SwapTotal:       1996796 kB
SwapFree:        1996796 kB
Dirty:               212 kB
Writeback:             0 kB
AnonPages:         80368 kB
Mapped:            88080 kB
Shmem:              6376 kB
KReclaimable:      89172 kB
Slab:             327060 kB
SReclaimable:      89172 kB
SUnreclaim:       237888 kB
KernelStack:       10000 kB
PageTables:         2456 kB
NFS_Unstable:          0 kB
Bounce:                0 kB
WritebackTmp:          0 kB
CommitLimit:    34716468 kB
Committed_AS:     808040 kB
VmallocTotal:   34359738367 kB
VmallocUsed:       44308 kB
VmallocChunk:          0 kB
Percpu:           247872 kB
HardwareCorrupted:     0 kB
AnonHugePages:         0 kB
ShmemHugePages:        0 kB
ShmemPmdMapped:        0 kB
FileHugePages:         0 kB
FilePmdMapped:         0 kB
HugePages_Total:       0
HugePages_Free:        0
HugePages_Rsvd:        0
HugePages_Surp:        0
Hugepagesize:       2048 kB
Hugetlb:               0 kB
DirectMap4k:     2825024 kB
DirectMap2M:     5150720 kB
DirectMap1G:    58720256 kB

