MemTotal:       65439348 kB
MemFree:        64315136 kB
MemAvailable:   64012384 kB
Buffers:           31368 kB
Cached:           249012 kB
SwapCached:            0 kB
Active:           122552 kB
Inactive:         218920 kB
Active(anon):       3240 kB
Inactive(anon):    73332 kB
Active(file):     119312 kB
Inactive(file):   145588 kB
Unevictable:       19496 kB
Mlocked:           19496 kB
SwapTotal:       1996796 kB
SwapFree:        1996796 kB
Dirty:               872 kB
Writeback:             0 kB
AnonPages:         80652 kB
Mapped:            74788 kB
Shmem:              6376 kB
KReclaimable:      56336 kB
Slab:             276836 kB
SReclaimable:      56336 kB
SUnreclaim:       220500 kB
KernelStack:       10048 kB
PageTables:         2728 kB
NFS_Unstable:          0 kB
Bounce:                0 kB
WritebackTmp:          0 kB
CommitLimit:    34716468 kB
Committed_AS:     790096 kB
VmallocTotal:   34359738367 kB
VmallocUsed:       38516 kB
VmallocChunk:          0 kB
Percpu:            96576 kB
HardwareCorrupted:     0 kB
AnonHugePages:         0 kB
ShmemHugePages:        0 kB
ShmemPmdMapped:        0 kB
FileHugePages:         0 kB
FilePmdMapped:         0 kB
HugePages_Total:       0
HugePages_Free:        0
HugePages_Rsvd:        0
HugePages_Surp:        0
Hugepagesize:       2048 kB
Hugetlb:               0 kB
DirectMap4k:     2124608 kB
DirectMap2M:     5851136 kB
DirectMap1G:    58720256 kB

