MemTotal:       65439348 kB
MemFree:        64185276 kB
MemAvailable:   63962068 kB
Buffers:           41612 kB
Cached:           311260 kB
SwapCached:            0 kB
Active:           137036 kB
Inactive:         283556 kB
Active(anon):       3236 kB
Inactive(anon):    79964 kB
Active(file):     133800 kB
Inactive(file):   203592 kB
Unevictable:       19496 kB
Mlocked:           19496 kB
SwapTotal:       1996796 kB
SwapFree:        1996796 kB
Dirty:               732 kB
Writeback:             0 kB
AnonPages:         86724 kB
Mapped:            87852 kB
Shmem:              6380 kB
KReclaimable:      71424 kB
Slab:             297188 kB
SReclaimable:      71424 kB
SUnreclaim:       225764 kB
KernelStack:       10032 kB
PageTables:         2260 kB
NFS_Unstable:          0 kB
Bounce:                0 kB
WritebackTmp:          0 kB
CommitLimit:    34716468 kB
Committed_AS:     837616 kB
VmallocTotal:   34359738367 kB
VmallocUsed:       39636 kB
VmallocChunk:          0 kB
Percpu:           126720 kB
HardwareCorrupted:     0 kB
AnonHugePages:         0 kB
ShmemHugePages:        0 kB
ShmemPmdMapped:        0 kB
FileHugePages:         0 kB
FilePmdMapped:         0 kB
HugePages_Total:       0
HugePages_Free:        0
HugePages_Rsvd:        0
HugePages_Surp:        0
Hugepagesize:       2048 kB
Hugetlb:               0 kB
DirectMap4k:     2675520 kB
DirectMap2M:     5300224 kB
DirectMap1G:    58720256 kB

