MemTotal:       65439348 kB
MemFree:        64236056 kB
MemAvailable:   63982668 kB
Buffers:           39156 kB
Cached:           284724 kB
SwapCached:            0 kB
Active:           132888 kB
Inactive:         252212 kB
Active(anon):       3228 kB
Inactive(anon):    73464 kB
Active(file):     129660 kB
Inactive(file):   178748 kB
Unevictable:       19496 kB
Mlocked:           19496 kB
SwapTotal:       1996796 kB
SwapFree:        1996796 kB
Dirty:                68 kB
Writeback:             0 kB
AnonPages:         80364 kB
Mapped:            77480 kB
Shmem:              6372 kB
KReclaimable:      69028 kB
Slab:             292980 kB
SReclaimable:      69028 kB
SUnreclaim:       223952 kB
KernelStack:       10224 kB
PageTables:         2904 kB
NFS_Unstable:          0 kB
Bounce:                0 kB
WritebackTmp:          0 kB
CommitLimit:    34716468 kB
Committed_AS:     790364 kB
VmallocTotal:   34359738367 kB
VmallocUsed:       39128 kB
VmallocChunk:          0 kB
Percpu:           112896 kB
HardwareCorrupted:     0 kB
AnonHugePages:         0 kB
ShmemHugePages:        0 kB
ShmemPmdMapped:        0 kB
FileHugePages:         0 kB
FilePmdMapped:         0 kB
HugePages_Total:       0
HugePages_Free:        0
HugePages_Rsvd:        0
HugePages_Surp:        0
Hugepagesize:       2048 kB
Hugetlb:               0 kB
DirectMap4k:     2648896 kB
DirectMap2M:     5326848 kB
DirectMap1G:    58720256 kB

