MemTotal:       65439348 kB
MemFree:        63706984 kB
MemAvailable:   63816896 kB
Buffers:           58520 kB
Cached:           618512 kB
SwapCached:            0 kB
Active:           211428 kB
Inactive:         527868 kB
Active(anon):       3244 kB
Inactive(anon):    74504 kB
Active(file):     208184 kB
Inactive(file):   453364 kB
Unevictable:       19496 kB
Mlocked:           19496 kB
SwapTotal:       1996796 kB
SwapFree:        1996796 kB
Dirty:               904 kB
Writeback:             0 kB
AnonPages:         81660 kB
Mapped:            88436 kB
Shmem:              6376 kB
KReclaimable:      89348 kB
Slab:             328392 kB
SReclaimable:      89348 kB
SUnreclaim:       239044 kB
KernelStack:        9824 kB
PageTables:         1788 kB
NFS_Unstable:          0 kB
Bounce:                0 kB
WritebackTmp:          0 kB
CommitLimit:    34716468 kB
Committed_AS:     807652 kB
VmallocTotal:   34359738367 kB
VmallocUsed:       44952 kB
VmallocChunk:          0 kB
Percpu:           249600 kB
HardwareCorrupted:     0 kB
AnonHugePages:         0 kB
ShmemHugePages:        0 kB
ShmemPmdMapped:        0 kB
FileHugePages:         0 kB
FilePmdMapped:         0 kB
HugePages_Total:       0
HugePages_Free:        0
HugePages_Rsvd:        0
HugePages_Surp:        0
Hugepagesize:       2048 kB
Hugetlb:               0 kB
DirectMap4k:     2829120 kB
DirectMap2M:     5146624 kB
DirectMap1G:    58720256 kB

