MemTotal:       65439348 kB
MemFree:        64259060 kB
MemAvailable:   63994552 kB
Buffers:           37984 kB
Cached:           275248 kB
SwapCached:            0 kB
Active:           130800 kB
Inactive:         242820 kB
Active(anon):       3216 kB
Inactive(anon):    72656 kB
Active(file):     127584 kB
Inactive(file):   170164 kB
Unevictable:       19496 kB
Mlocked:           19496 kB
SwapTotal:       1996796 kB
SwapFree:        1996796 kB
Dirty:               772 kB
Writeback:             0 kB
AnonPages:         80000 kB
Mapped:            76472 kB
Shmem:              6376 kB
KReclaimable:      68108 kB
Slab:             291684 kB
SReclaimable:      68108 kB
SUnreclaim:       223576 kB
KernelStack:       10016 kB
PageTables:         2396 kB
NFS_Unstable:          0 kB
Bounce:                0 kB
WritebackTmp:          0 kB
CommitLimit:    34716468 kB
Committed_AS:     790744 kB
VmallocTotal:   34359738367 kB
VmallocUsed:       38468 kB
VmallocChunk:          0 kB
Percpu:           103104 kB
HardwareCorrupted:     0 kB
AnonHugePages:         0 kB
ShmemHugePages:        0 kB
ShmemPmdMapped:        0 kB
FileHugePages:         0 kB
FilePmdMapped:         0 kB
HugePages_Total:       0
HugePages_Free:        0
HugePages_Rsvd:        0
HugePages_Surp:        0
Hugepagesize:       2048 kB
Hugetlb:               0 kB
DirectMap4k:     2511680 kB
DirectMap2M:     5464064 kB
DirectMap1G:    58720256 kB

