MemTotal:       65439348 kB
MemFree:        64312136 kB
MemAvailable:   64011804 kB
Buffers:           31856 kB
Cached:           251364 kB
SwapCached:            0 kB
Active:           123000 kB
Inactive:         220268 kB
Active(anon):       3216 kB
Inactive(anon):    72316 kB
Active(file):     119784 kB
Inactive(file):   147952 kB
Unevictable:       19496 kB
Mlocked:           19496 kB
SwapTotal:       1996796 kB
SwapFree:        1996796 kB
Dirty:               156 kB
Writeback:             0 kB
AnonPages:         79580 kB
Mapped:            74744 kB
Shmem:              6376 kB
KReclaimable:      56488 kB
Slab:             277480 kB
SReclaimable:      56488 kB
SUnreclaim:       220992 kB
KernelStack:       10000 kB
PageTables:         2388 kB
NFS_Unstable:          0 kB
Bounce:                0 kB
WritebackTmp:          0 kB
CommitLimit:    34716468 kB
Committed_AS:     790608 kB
VmallocTotal:   34359738367 kB
VmallocUsed:       38484 kB
VmallocChunk:          0 kB
Percpu:            96576 kB
HardwareCorrupted:     0 kB
AnonHugePages:         0 kB
ShmemHugePages:        0 kB
ShmemPmdMapped:        0 kB
FileHugePages:         0 kB
FilePmdMapped:         0 kB
HugePages_Total:       0
HugePages_Free:        0
HugePages_Rsvd:        0
HugePages_Surp:        0
Hugepagesize:       2048 kB
Hugetlb:               0 kB
DirectMap4k:     2161472 kB
DirectMap2M:     5814272 kB
DirectMap1G:    58720256 kB

