MemTotal:       65439348 kB
MemFree:        63716496 kB
MemAvailable:   63821208 kB
Buffers:           57960 kB
Cached:           614200 kB
SwapCached:            0 kB
Active:           210852 kB
Inactive:         522392 kB
Active(anon):       3244 kB
Inactive(anon):    73340 kB
Active(file):     207608 kB
Inactive(file):   449052 kB
Unevictable:       19496 kB
Mlocked:           19496 kB
SwapTotal:       1996796 kB
SwapFree:        1996796 kB
Dirty:               692 kB
Writeback:             0 kB
AnonPages:         80612 kB
Mapped:            87880 kB
Shmem:              6376 kB
KReclaimable:      88724 kB
Slab:             326320 kB
SReclaimable:      88724 kB
SUnreclaim:       237596 kB
KernelStack:        9968 kB
PageTables:         2512 kB
NFS_Unstable:          0 kB
Bounce:                0 kB
WritebackTmp:          0 kB
CommitLimit:    34716468 kB
Committed_AS:     808040 kB
VmallocTotal:   34359738367 kB
VmallocUsed:       44308 kB
VmallocChunk:          0 kB
Percpu:           244800 kB
HardwareCorrupted:     0 kB
AnonHugePages:         0 kB
ShmemHugePages:        0 kB
ShmemPmdMapped:        0 kB
FileHugePages:         0 kB
FilePmdMapped:         0 kB
HugePages_Total:       0
HugePages_Free:        0
HugePages_Rsvd:        0
HugePages_Surp:        0
Hugepagesize:       2048 kB
Hugetlb:               0 kB
DirectMap4k:     2822976 kB
DirectMap2M:     5152768 kB
DirectMap1G:    58720256 kB

