MemTotal:       65439348 kB
MemFree:        63877816 kB
MemAvailable:   63906188 kB
Buffers:           48564 kB
Cached:           551456 kB
SwapCached:            0 kB
Active:           156864 kB
Inactive:         503796 kB
Active(anon):       3240 kB
Inactive(anon):    72884 kB
Active(file):     153624 kB
Inactive(file):   430912 kB
Unevictable:       19496 kB
Mlocked:           19496 kB
SwapTotal:       1996796 kB
SwapFree:        1996796 kB
Dirty:               160 kB
Writeback:             0 kB
AnonPages:         80204 kB
Mapped:            82840 kB
Shmem:              6376 kB
KReclaimable:      80292 kB
Slab:             312296 kB
SReclaimable:      80292 kB
SUnreclaim:       232004 kB
KernelStack:       10016 kB
PageTables:         2432 kB
NFS_Unstable:          0 kB
Bounce:                0 kB
WritebackTmp:          0 kB
CommitLimit:    34716468 kB
Committed_AS:     799588 kB
VmallocTotal:   34359738367 kB
VmallocUsed:       41664 kB
VmallocChunk:          0 kB
Percpu:           177984 kB
HardwareCorrupted:     0 kB
AnonHugePages:         0 kB
ShmemHugePages:        0 kB
ShmemPmdMapped:        0 kB
FileHugePages:         0 kB
FilePmdMapped:         0 kB
HugePages_Total:       0
HugePages_Free:        0
HugePages_Rsvd:        0
HugePages_Surp:        0
Hugepagesize:       2048 kB
Hugetlb:               0 kB
DirectMap4k:     2747200 kB
DirectMap2M:     5228544 kB
DirectMap1G:    58720256 kB

