MemTotal:       65439348 kB
MemFree:        63848620 kB
MemAvailable:   63891380 kB
Buffers:           50244 kB
Cached:           563312 kB
SwapCached:            0 kB
Active:           197520 kB
Inactive:         478080 kB
Active(anon):       3252 kB
Inactive(anon):    74288 kB
Active(file):     194268 kB
Inactive(file):   403792 kB
Unevictable:       19496 kB
Mlocked:           19496 kB
SwapTotal:       1996796 kB
SwapFree:        1996796 kB
Dirty:               684 kB
Writeback:             0 kB
AnonPages:         81580 kB
Mapped:            84848 kB
Shmem:              6380 kB
KReclaimable:      82024 kB
Slab:             312936 kB
SReclaimable:      82024 kB
SUnreclaim:       230912 kB
KernelStack:       10096 kB
PageTables:         2984 kB
NFS_Unstable:          0 kB
Bounce:                0 kB
WritebackTmp:          0 kB
CommitLimit:    34716468 kB
Committed_AS:     799204 kB
VmallocTotal:   34359738367 kB
VmallocUsed:       42116 kB
VmallocChunk:          0 kB
Percpu:           189312 kB
HardwareCorrupted:     0 kB
AnonHugePages:         0 kB
ShmemHugePages:        0 kB
ShmemPmdMapped:        0 kB
FileHugePages:         0 kB
FilePmdMapped:         0 kB
HugePages_Total:       0
HugePages_Free:        0
HugePages_Rsvd:        0
HugePages_Surp:        0
Hugepagesize:       2048 kB
Hugetlb:               0 kB
DirectMap4k:     2755392 kB
DirectMap2M:     5220352 kB
DirectMap1G:    58720256 kB

