MemTotal:       65439348 kB
MemFree:        64156756 kB
MemAvailable:   63945708 kB
Buffers:           43128 kB
Cached:           321276 kB
SwapCached:            0 kB
Active:           138892 kB
Inactive:         294124 kB
Active(anon):       3256 kB
Inactive(anon):    80840 kB
Active(file):     135636 kB
Inactive(file):   213284 kB
Unevictable:       19496 kB
Mlocked:           19496 kB
SwapTotal:       1996796 kB
SwapFree:        1996796 kB
Dirty:               896 kB
Writeback:             0 kB
AnonPages:         88200 kB
Mapped:            89184 kB
Shmem:              6380 kB
KReclaimable:      72688 kB
Slab:             300348 kB
SReclaimable:      72688 kB
SUnreclaim:       227660 kB
KernelStack:       10304 kB
PageTables:         3296 kB
NFS_Unstable:          0 kB
Bounce:                0 kB
WritebackTmp:          0 kB
CommitLimit:    34716468 kB
Committed_AS:     837616 kB
VmallocTotal:   34359738367 kB
VmallocUsed:       40248 kB
VmallocChunk:          0 kB
Percpu:           138240 kB
HardwareCorrupted:     0 kB
AnonHugePages:         0 kB
ShmemHugePages:        0 kB
ShmemPmdMapped:        0 kB
FileHugePages:         0 kB
FilePmdMapped:         0 kB
HugePages_Total:       0
HugePages_Free:        0
HugePages_Rsvd:        0
HugePages_Surp:        0
Hugepagesize:       2048 kB
Hugetlb:               0 kB
DirectMap4k:     2696000 kB
DirectMap2M:     5279744 kB
DirectMap1G:    58720256 kB

