MemTotal:       65439348 kB
MemFree:        64231968 kB
MemAvailable:   63981220 kB
Buffers:           39484 kB
Cached:           286912 kB
SwapCached:            0 kB
Active:           133200 kB
Inactive:         253740 kB
Active(anon):       3220 kB
Inactive(anon):    72808 kB
Active(file):     129980 kB
Inactive(file):   180932 kB
Unevictable:       19496 kB
Mlocked:           19496 kB
SwapTotal:       1996796 kB
SwapFree:        1996796 kB
Dirty:               144 kB
Writeback:             0 kB
AnonPages:         80116 kB
Mapped:            77592 kB
Shmem:              6376 kB
KReclaimable:      69304 kB
Slab:             293932 kB
SReclaimable:      69304 kB
SUnreclaim:       224628 kB
KernelStack:       10064 kB
PageTables:         2448 kB
NFS_Unstable:          0 kB
Bounce:                0 kB
WritebackTmp:          0 kB
CommitLimit:    34716468 kB
Committed_AS:     790748 kB
VmallocTotal:   34359738367 kB
VmallocUsed:       39080 kB
VmallocChunk:          0 kB
Percpu:           114624 kB
HardwareCorrupted:     0 kB
AnonHugePages:         0 kB
ShmemHugePages:        0 kB
ShmemPmdMapped:        0 kB
FileHugePages:         0 kB
FilePmdMapped:         0 kB
HugePages_Total:       0
HugePages_Free:        0
HugePages_Rsvd:        0
HugePages_Surp:        0
Hugepagesize:       2048 kB
Hugetlb:               0 kB
DirectMap4k:     2659136 kB
DirectMap2M:     5316608 kB
DirectMap1G:    58720256 kB

