MemTotal:       65439348 kB
MemFree:        64179568 kB
MemAvailable:   63957956 kB
Buffers:           41792 kB
Cached:           312608 kB
SwapCached:            0 kB
Active:           137220 kB
Inactive:         283272 kB
Active(anon):       3248 kB
Inactive(anon):    78336 kB
Active(file):     133972 kB
Inactive(file):   204936 kB
Unevictable:       19496 kB
Mlocked:           19496 kB
SwapTotal:       1996796 kB
SwapFree:        1996796 kB
Dirty:               756 kB
Writeback:             0 kB
AnonPages:         85716 kB
Mapped:            88160 kB
Shmem:              6380 kB
KReclaimable:      71580 kB
Slab:             297864 kB
SReclaimable:      71580 kB
SUnreclaim:       226284 kB
KernelStack:       10112 kB
PageTables:         2576 kB
NFS_Unstable:          0 kB
Bounce:                0 kB
WritebackTmp:          0 kB
CommitLimit:    34716468 kB
Committed_AS:     838004 kB
VmallocTotal:   34359738367 kB
VmallocUsed:       39780 kB
VmallocChunk:          0 kB
Percpu:           128064 kB
HardwareCorrupted:     0 kB
AnonHugePages:         0 kB
ShmemHugePages:        0 kB
ShmemPmdMapped:        0 kB
FileHugePages:         0 kB
FilePmdMapped:         0 kB
HugePages_Total:       0
HugePages_Free:        0
HugePages_Rsvd:        0
HugePages_Surp:        0
Hugepagesize:       2048 kB
Hugetlb:               0 kB
DirectMap4k:     2681664 kB
DirectMap2M:     5294080 kB
DirectMap1G:    58720256 kB

