MemTotal:       65439348 kB
MemFree:        64289992 kB
MemAvailable:   64008052 kB
Buffers:           35736 kB
Cached:           261004 kB
SwapCached:            0 kB
Active:           128544 kB
Inactive:         227716 kB
Active(anon):       3220 kB
Inactive(anon):    71796 kB
Active(file):     125324 kB
Inactive(file):   155920 kB
Unevictable:       19496 kB
Mlocked:           19496 kB
SwapTotal:       1996796 kB
SwapFree:        1996796 kB
Dirty:               652 kB
Writeback:             0 kB
AnonPages:         79596 kB
Mapped:            75692 kB
Shmem:              6380 kB
KReclaimable:      66252 kB
Slab:             288656 kB
SReclaimable:      66252 kB
SUnreclaim:       222404 kB
KernelStack:        9904 kB
PageTables:         1720 kB
NFS_Unstable:          0 kB
Bounce:                0 kB
WritebackTmp:          0 kB
CommitLimit:    34716468 kB
Committed_AS:     790356 kB
VmallocTotal:   34359738367 kB
VmallocUsed:       38340 kB
VmallocChunk:          0 kB
Percpu:            96576 kB
HardwareCorrupted:     0 kB
AnonHugePages:         0 kB
ShmemHugePages:        0 kB
ShmemPmdMapped:        0 kB
FileHugePages:         0 kB
FilePmdMapped:         0 kB
HugePages_Total:       0
HugePages_Free:        0
HugePages_Rsvd:        0
HugePages_Surp:        0
Hugepagesize:       2048 kB
Hugetlb:               0 kB
DirectMap4k:     2278208 kB
DirectMap2M:     5697536 kB
DirectMap1G:    58720256 kB

