MemTotal:       65439348 kB
MemFree:        64272056 kB
MemAvailable:   64002128 kB
Buffers:           37224 kB
Cached:           270792 kB
SwapCached:            0 kB
Active:           130048 kB
Inactive:         237852 kB
Active(anon):       3224 kB
Inactive(anon):    72144 kB
Active(file):     126824 kB
Inactive(file):   165708 kB
Unevictable:       19496 kB
Mlocked:           19496 kB
SwapTotal:       1996796 kB
SwapFree:        1996796 kB
Dirty:               700 kB
Writeback:             0 kB
AnonPages:         79468 kB
Mapped:            76152 kB
Shmem:              6376 kB
KReclaimable:      67700 kB
Slab:             290592 kB
SReclaimable:      67700 kB
SUnreclaim:       222892 kB
KernelStack:       10048 kB
PageTables:         2536 kB
NFS_Unstable:          0 kB
Bounce:                0 kB
WritebackTmp:          0 kB
CommitLimit:    34716468 kB
Committed_AS:     790608 kB
VmallocTotal:   34359738367 kB
VmallocUsed:       38404 kB
VmallocChunk:          0 kB
Percpu:            98304 kB
HardwareCorrupted:     0 kB
AnonHugePages:         0 kB
ShmemHugePages:        0 kB
ShmemPmdMapped:        0 kB
FileHugePages:         0 kB
FilePmdMapped:         0 kB
HugePages_Total:       0
HugePages_Free:        0
HugePages_Rsvd:        0
HugePages_Surp:        0
Hugepagesize:       2048 kB
Hugetlb:               0 kB
DirectMap4k:     2429760 kB
DirectMap2M:     5545984 kB
DirectMap1G:    58720256 kB

