MemTotal:       65439348 kB
MemFree:        64269184 kB
MemAvailable:   64000220 kB
Buffers:           37384 kB
Cached:           271572 kB
SwapCached:            0 kB
Active:           130208 kB
Inactive:         240228 kB
Active(anon):       3216 kB
Inactive(anon):    73740 kB
Active(file):     126992 kB
Inactive(file):   166488 kB
Unevictable:       19496 kB
Mlocked:           19496 kB
SwapTotal:       1996796 kB
SwapFree:        1996796 kB
Dirty:               496 kB
Writeback:             0 kB
AnonPages:         80576 kB
Mapped:            76380 kB
Shmem:              6376 kB
KReclaimable:      67736 kB
Slab:             290296 kB
SReclaimable:      67736 kB
SUnreclaim:       222560 kB
KernelStack:       10096 kB
PageTables:         2328 kB
NFS_Unstable:          0 kB
Bounce:                0 kB
WritebackTmp:          0 kB
CommitLimit:    34716468 kB
Committed_AS:     790356 kB
VmallocTotal:   34359738367 kB
VmallocUsed:       38388 kB
VmallocChunk:          0 kB
Percpu:            99456 kB
HardwareCorrupted:     0 kB
AnonHugePages:         0 kB
ShmemHugePages:        0 kB
ShmemPmdMapped:        0 kB
FileHugePages:         0 kB
FilePmdMapped:         0 kB
HugePages_Total:       0
HugePages_Free:        0
HugePages_Rsvd:        0
HugePages_Surp:        0
Hugepagesize:       2048 kB
Hugetlb:               0 kB
DirectMap4k:     2448192 kB
DirectMap2M:     5527552 kB
DirectMap1G:    58720256 kB

