MemTotal:       65439348 kB
MemFree:        64226024 kB
MemAvailable:   63978900 kB
Buffers:           39928 kB
Cached:           289860 kB
SwapCached:            0 kB
Active:           133636 kB
Inactive:         258792 kB
Active(anon):       3216 kB
Inactive(anon):    74908 kB
Active(file):     130420 kB
Inactive(file):   183884 kB
Unevictable:       19496 kB
Mlocked:           19496 kB
SwapTotal:       1996796 kB
SwapFree:        1996796 kB
Dirty:               664 kB
Writeback:             0 kB
AnonPages:         82220 kB
Mapped:            78720 kB
Shmem:              6376 kB
KReclaimable:      69768 kB
Slab:             294508 kB
SReclaimable:      69768 kB
SUnreclaim:       224740 kB
KernelStack:       10112 kB
PageTables:         2172 kB
NFS_Unstable:          0 kB
Bounce:                0 kB
WritebackTmp:          0 kB
CommitLimit:    34716468 kB
Committed_AS:     790364 kB
VmallocTotal:   34359738367 kB
VmallocUsed:       38984 kB
VmallocChunk:          0 kB
Percpu:           118272 kB
HardwareCorrupted:     0 kB
AnonHugePages:         0 kB
ShmemHugePages:        0 kB
ShmemPmdMapped:        0 kB
FileHugePages:         0 kB
FilePmdMapped:         0 kB
HugePages_Total:       0
HugePages_Free:        0
HugePages_Rsvd:        0
HugePages_Surp:        0
Hugepagesize:       2048 kB
Hugetlb:               0 kB
DirectMap4k:     2663232 kB
DirectMap2M:     5312512 kB
DirectMap1G:    58720256 kB

