MemTotal:       65439348 kB
MemFree:        63730580 kB
MemAvailable:   63826408 kB
Buffers:           56972 kB
Cached:           606756 kB
SwapCached:            0 kB
Active:           204932 kB
Inactive:         524668 kB
Active(anon):       3248 kB
Inactive(anon):    78120 kB
Active(file):     201684 kB
Inactive(file):   446548 kB
Unevictable:       19496 kB
Mlocked:           19496 kB
SwapTotal:       1996796 kB
SwapFree:        1996796 kB
Dirty:               676 kB
Writeback:             0 kB
AnonPages:         85464 kB
Mapped:            96804 kB
Shmem:              6380 kB
KReclaimable:      87812 kB
Slab:             324412 kB
SReclaimable:      87812 kB
SUnreclaim:       236600 kB
KernelStack:       10064 kB
PageTables:         2624 kB
NFS_Unstable:          0 kB
Bounce:                0 kB
WritebackTmp:          0 kB
CommitLimit:    34716468 kB
Committed_AS:     854424 kB
VmallocTotal:   34359738367 kB
VmallocUsed:       44556 kB
VmallocChunk:          0 kB
Percpu:           236352 kB
HardwareCorrupted:     0 kB
AnonHugePages:         0 kB
ShmemHugePages:        0 kB
ShmemPmdMapped:        0 kB
FileHugePages:         0 kB
FilePmdMapped:         0 kB
HugePages_Total:       0
HugePages_Free:        0
HugePages_Rsvd:        0
HugePages_Surp:        0
Hugepagesize:       2048 kB
Hugetlb:               0 kB
DirectMap4k:     2812736 kB
DirectMap2M:     5163008 kB
DirectMap1G:    58720256 kB

