MemTotal:       65439348 kB
MemFree:        64327524 kB
MemAvailable:   64020568 kB
Buffers:           30120 kB
Cached:           242176 kB
SwapCached:            0 kB
Active:           121264 kB
Inactive:         210972 kB
Active(anon):       3216 kB
Inactive(anon):    72216 kB
Active(file):     118048 kB
Inactive(file):   138756 kB
Unevictable:       19496 kB
Mlocked:           19496 kB
SwapTotal:       1996796 kB
SwapFree:        1996796 kB
Dirty:                28 kB
Writeback:             0 kB
AnonPages:         79536 kB
Mapped:            73984 kB
Shmem:              6376 kB
KReclaimable:      56020 kB
Slab:             276520 kB
SReclaimable:      56020 kB
SUnreclaim:       220500 kB
KernelStack:        9920 kB
PageTables:         2396 kB
NFS_Unstable:          0 kB
Bounce:                0 kB
WritebackTmp:          0 kB
CommitLimit:    34716468 kB
Committed_AS:     790356 kB
VmallocTotal:   34359738367 kB
VmallocUsed:       38356 kB
VmallocChunk:          0 kB
Percpu:            96576 kB
HardwareCorrupted:     0 kB
AnonHugePages:         0 kB
ShmemHugePages:        0 kB
ShmemPmdMapped:        0 kB
FileHugePages:         0 kB
FilePmdMapped:         0 kB
HugePages_Total:       0
HugePages_Free:        0
HugePages_Rsvd:        0
HugePages_Surp:        0
Hugepagesize:       2048 kB
Hugetlb:               0 kB
DirectMap4k:     2026304 kB
DirectMap2M:     5949440 kB
DirectMap1G:    58720256 kB

