MemTotal:       65439348 kB
MemFree:        64217592 kB
MemAvailable:   63974664 kB
Buffers:           40436 kB
Cached:           293332 kB
SwapCached:            0 kB
Active:           134144 kB
Inactive:         259544 kB
Active(anon):       3220 kB
Inactive(anon):    72192 kB
Active(file):     130924 kB
Inactive(file):   187352 kB
Unevictable:       19496 kB
Mlocked:           19496 kB
SwapTotal:       1996796 kB
SwapFree:        1996796 kB
Dirty:               692 kB
Writeback:             0 kB
AnonPages:         79996 kB
Mapped:            78256 kB
Shmem:              6376 kB
KReclaimable:      70216 kB
Slab:             295088 kB
SReclaimable:      70216 kB
SUnreclaim:       224872 kB
KernelStack:       10016 kB
PageTables:         2388 kB
NFS_Unstable:          0 kB
Bounce:                0 kB
WritebackTmp:          0 kB
CommitLimit:    34716468 kB
Committed_AS:     790624 kB
VmallocTotal:   34359738367 kB
VmallocUsed:       39580 kB
VmallocChunk:          0 kB
Percpu:           121920 kB
HardwareCorrupted:     0 kB
AnonHugePages:         0 kB
ShmemHugePages:        0 kB
ShmemPmdMapped:        0 kB
FileHugePages:         0 kB
FilePmdMapped:         0 kB
HugePages_Total:       0
HugePages_Free:        0
HugePages_Rsvd:        0
HugePages_Surp:        0
Hugepagesize:       2048 kB
Hugetlb:               0 kB
DirectMap4k:     2671424 kB
DirectMap2M:     5304320 kB
DirectMap1G:    58720256 kB

