MemTotal:       65439348 kB
MemFree:        63863972 kB
MemAvailable:   63900020 kB
Buffers:           49364 kB
Cached:           557984 kB
SwapCached:            0 kB
Active:           157816 kB
Inactive:         510076 kB
Active(anon):       3244 kB
Inactive(anon):    72800 kB
Active(file):     154572 kB
Inactive(file):   437276 kB
Unevictable:       19496 kB
Mlocked:           19496 kB
SwapTotal:       1996796 kB
SwapFree:        1996796 kB
Dirty:               600 kB
Writeback:             0 kB
AnonPages:         80332 kB
Mapped:            83380 kB
Shmem:              6372 kB
KReclaimable:      81020 kB
Slab:             313092 kB
SReclaimable:      81020 kB
SUnreclaim:       232072 kB
KernelStack:       10000 kB
PageTables:         2728 kB
NFS_Unstable:          0 kB
Bounce:                0 kB
WritebackTmp:          0 kB
CommitLimit:    34716468 kB
Committed_AS:     799588 kB
VmallocTotal:   34359738367 kB
VmallocUsed:       41600 kB
VmallocChunk:          0 kB
Percpu:           183360 kB
HardwareCorrupted:     0 kB
AnonHugePages:         0 kB
ShmemHugePages:        0 kB
ShmemPmdMapped:        0 kB
FileHugePages:         0 kB
FilePmdMapped:         0 kB
HugePages_Total:       0
HugePages_Free:        0
HugePages_Rsvd:        0
HugePages_Surp:        0
Hugepagesize:       2048 kB
Hugetlb:               0 kB
DirectMap4k:     2749248 kB
DirectMap2M:     5226496 kB
DirectMap1G:    58720256 kB

