MemTotal:       65439348 kB
MemFree:        63834492 kB
MemAvailable:   63884700 kB
Buffers:           51208 kB
Cached:           569368 kB
SwapCached:            0 kB
Active:           198472 kB
Inactive:         483212 kB
Active(anon):       3244 kB
Inactive(anon):    73344 kB
Active(file):     195228 kB
Inactive(file):   409868 kB
Unevictable:       19496 kB
Mlocked:           19496 kB
SwapTotal:       1996796 kB
SwapFree:        1996796 kB
Dirty:               108 kB
Writeback:             0 kB
AnonPages:         80624 kB
Mapped:            84052 kB
Shmem:              6376 kB
KReclaimable:      82848 kB
Slab:             314520 kB
SReclaimable:      82848 kB
SUnreclaim:       231672 kB
KernelStack:       10080 kB
PageTables:         2488 kB
NFS_Unstable:          0 kB
Bounce:                0 kB
WritebackTmp:          0 kB
CommitLimit:    34716468 kB
Committed_AS:     807784 kB
VmallocTotal:   34359738367 kB
VmallocUsed:       42212 kB
VmallocChunk:          0 kB
Percpu:           196032 kB
HardwareCorrupted:     0 kB
AnonHugePages:         0 kB
ShmemHugePages:        0 kB
ShmemPmdMapped:        0 kB
FileHugePages:         0 kB
FilePmdMapped:         0 kB
HugePages_Total:       0
HugePages_Free:        0
HugePages_Rsvd:        0
HugePages_Surp:        0
Hugepagesize:       2048 kB
Hugetlb:               0 kB
DirectMap4k:     2761536 kB
DirectMap2M:     5214208 kB
DirectMap1G:    58720256 kB

