MemTotal:       65439348 kB
MemFree:        64151860 kB
MemAvailable:   63944912 kB
Buffers:           43640 kB
Cached:           324636 kB
SwapCached:            0 kB
Active:           139392 kB
Inactive:         294848 kB
Active(anon):       3248 kB
Inactive(anon):    78200 kB
Active(file):     136144 kB
Inactive(file):   216648 kB
Unevictable:       19496 kB
Mlocked:           19496 kB
SwapTotal:       1996796 kB
SwapFree:        1996796 kB
Dirty:               680 kB
Writeback:             0 kB
AnonPages:         85556 kB
Mapped:            89088 kB
Shmem:              6380 kB
KReclaimable:      73144 kB
Slab:             301140 kB
SReclaimable:      73144 kB
SUnreclaim:       227996 kB
KernelStack:       10048 kB
PageTables:         2576 kB
NFS_Unstable:          0 kB
Bounce:                0 kB
WritebackTmp:          0 kB
CommitLimit:    34716468 kB
Committed_AS:     838256 kB
VmallocTotal:   34359738367 kB
VmallocUsed:       40232 kB
VmallocChunk:          0 kB
Percpu:           141312 kB
HardwareCorrupted:     0 kB
AnonHugePages:         0 kB
ShmemHugePages:        0 kB
ShmemPmdMapped:        0 kB
FileHugePages:         0 kB
FilePmdMapped:         0 kB
HugePages_Total:       0
HugePages_Free:        0
HugePages_Rsvd:        0
HugePages_Surp:        0
Hugepagesize:       2048 kB
Hugetlb:               0 kB
DirectMap4k:     2700096 kB
DirectMap2M:     5275648 kB
DirectMap1G:    58720256 kB

