MemTotal:       65439348 kB
MemFree:        63833280 kB
MemAvailable:   63883588 kB
Buffers:           51220 kB
Cached:           569444 kB
SwapCached:            0 kB
Active:           198496 kB
Inactive:         483720 kB
Active(anon):       3236 kB
Inactive(anon):    73792 kB
Active(file):     195260 kB
Inactive(file):   409928 kB
Unevictable:       19496 kB
Mlocked:           19496 kB
SwapTotal:       1996796 kB
SwapFree:        1996796 kB
Dirty:               656 kB
Writeback:             0 kB
AnonPages:         81116 kB
Mapped:            84284 kB
Shmem:              6376 kB
KReclaimable:      82864 kB
Slab:             314652 kB
SReclaimable:      82864 kB
SUnreclaim:       231788 kB
KernelStack:        9920 kB
PageTables:         2356 kB
NFS_Unstable:          0 kB
Bounce:                0 kB
WritebackTmp:          0 kB
CommitLimit:    34716468 kB
Committed_AS:     807392 kB
VmallocTotal:   34359738367 kB
VmallocUsed:       42308 kB
VmallocChunk:          0 kB
Percpu:           196032 kB
HardwareCorrupted:     0 kB
AnonHugePages:         0 kB
ShmemHugePages:        0 kB
ShmemPmdMapped:        0 kB
FileHugePages:         0 kB
FilePmdMapped:         0 kB
HugePages_Total:       0
HugePages_Free:        0
HugePages_Rsvd:        0
HugePages_Surp:        0
Hugepagesize:       2048 kB
Hugetlb:               0 kB
DirectMap4k:     2761536 kB
DirectMap2M:     5214208 kB
DirectMap1G:    58720256 kB

