MemTotal:       65439348 kB
MemFree:        64267832 kB
MemAvailable:   63999380 kB
Buffers:           37496 kB
Cached:           271952 kB
SwapCached:            0 kB
Active:           130320 kB
Inactive:         241260 kB
Active(anon):       3216 kB
Inactive(anon):    74392 kB
Active(file):     127104 kB
Inactive(file):   166868 kB
Unevictable:       19496 kB
Mlocked:           19496 kB
SwapTotal:       1996796 kB
SwapFree:        1996796 kB
Dirty:               576 kB
Writeback:             0 kB
AnonPages:         81636 kB
Mapped:            77404 kB
Shmem:              6376 kB
KReclaimable:      67776 kB
Slab:             290400 kB
SReclaimable:      67776 kB
SUnreclaim:       222624 kB
KernelStack:        9952 kB
PageTables:         2344 kB
NFS_Unstable:          0 kB
Bounce:                0 kB
WritebackTmp:          0 kB
CommitLimit:    34716468 kB
Committed_AS:     790356 kB
VmallocTotal:   34359738367 kB
VmallocUsed:       38404 kB
VmallocChunk:          0 kB
Percpu:           100224 kB
HardwareCorrupted:     0 kB
AnonHugePages:         0 kB
ShmemHugePages:        0 kB
ShmemPmdMapped:        0 kB
FileHugePages:         0 kB
FilePmdMapped:         0 kB
HugePages_Total:       0
HugePages_Free:        0
HugePages_Rsvd:        0
HugePages_Surp:        0
Hugepagesize:       2048 kB
Hugetlb:               0 kB
DirectMap4k:     2456384 kB
DirectMap2M:     5519360 kB
DirectMap1G:    58720256 kB

