MemTotal:       65439348 kB
MemFree:        64219768 kB
MemAvailable:   63975196 kB
Buffers:           40228 kB
Cached:           291944 kB
SwapCached:            0 kB
Active:           133920 kB
Inactive:         258472 kB
Active(anon):       3220 kB
Inactive(anon):    72508 kB
Active(file):     130700 kB
Inactive(file):   185964 kB
Unevictable:       19496 kB
Mlocked:           19496 kB
SwapTotal:       1996796 kB
SwapFree:        1996796 kB
Dirty:               756 kB
Writeback:             0 kB
AnonPages:         79836 kB
Mapped:            77968 kB
Shmem:              6376 kB
KReclaimable:      70148 kB
Slab:             295104 kB
SReclaimable:      70148 kB
SUnreclaim:       224956 kB
KernelStack:       10032 kB
PageTables:         2412 kB
NFS_Unstable:          0 kB
Bounce:                0 kB
WritebackTmp:          0 kB
CommitLimit:    34716468 kB
Committed_AS:     790748 kB
VmallocTotal:   34359738367 kB
VmallocUsed:       39644 kB
VmallocChunk:          0 kB
Percpu:           120000 kB
HardwareCorrupted:     0 kB
AnonHugePages:         0 kB
ShmemHugePages:        0 kB
ShmemPmdMapped:        0 kB
FileHugePages:         0 kB
FilePmdMapped:         0 kB
HugePages_Total:       0
HugePages_Free:        0
HugePages_Rsvd:        0
HugePages_Surp:        0
Hugepagesize:       2048 kB
Hugetlb:               0 kB
DirectMap4k:     2669376 kB
DirectMap2M:     5306368 kB
DirectMap1G:    58720256 kB

