MemTotal:       65439348 kB
MemFree:        64163952 kB
MemAvailable:   63951044 kB
Buffers:           42900 kB
Cached:           319744 kB
SwapCached:            0 kB
Active:           138352 kB
Inactive:         291112 kB
Active(anon):       3264 kB
Inactive(anon):    79036 kB
Active(file):     135088 kB
Inactive(file):   212076 kB
Unevictable:       19496 kB
Mlocked:           19496 kB
SwapTotal:       1996796 kB
SwapFree:        1996796 kB
Dirty:               672 kB
Writeback:             0 kB
AnonPages:         86420 kB
Mapped:            88972 kB
Shmem:              6380 kB
KReclaimable:      72480 kB
Slab:             299404 kB
SReclaimable:      72480 kB
SUnreclaim:       226924 kB
KernelStack:       10096 kB
PageTables:         2780 kB
NFS_Unstable:          0 kB
Bounce:                0 kB
WritebackTmp:          0 kB
CommitLimit:    34716468 kB
Committed_AS:     837616 kB
VmallocTotal:   34359738367 kB
VmallocUsed:       40232 kB
VmallocChunk:          0 kB
Percpu:           136320 kB
HardwareCorrupted:     0 kB
AnonHugePages:         0 kB
ShmemHugePages:        0 kB
ShmemPmdMapped:        0 kB
FileHugePages:         0 kB
FilePmdMapped:         0 kB
HugePages_Total:       0
HugePages_Free:        0
HugePages_Rsvd:        0
HugePages_Surp:        0
Hugepagesize:       2048 kB
Hugetlb:               0 kB
DirectMap4k:     2693952 kB
DirectMap2M:     5281792 kB
DirectMap1G:    58720256 kB

