MemTotal:       65439348 kB
MemFree:        64251852 kB
MemAvailable:   63991020 kB
Buffers:           38356 kB
Cached:           278420 kB
SwapCached:            0 kB
Active:           131176 kB
Inactive:         245788 kB
Active(anon):       3216 kB
Inactive(anon):    72448 kB
Active(file):     127960 kB
Inactive(file):   173340 kB
Unevictable:       19496 kB
Mlocked:           19496 kB
SwapTotal:       1996796 kB
SwapFree:        1996796 kB
Dirty:               164 kB
Writeback:             0 kB
AnonPages:         79776 kB
Mapped:            76824 kB
Shmem:              6376 kB
KReclaimable:      68360 kB
Slab:             291456 kB
SReclaimable:      68360 kB
SUnreclaim:       223096 kB
KernelStack:       10016 kB
PageTables:         2404 kB
NFS_Unstable:          0 kB
Bounce:                0 kB
WritebackTmp:          0 kB
CommitLimit:    34716468 kB
Committed_AS:     790748 kB
VmallocTotal:   34359738367 kB
VmallocUsed:       38548 kB
VmallocChunk:          0 kB
Percpu:           106176 kB
HardwareCorrupted:     0 kB
AnonHugePages:         0 kB
ShmemHugePages:        0 kB
ShmemPmdMapped:        0 kB
FileHugePages:         0 kB
FilePmdMapped:         0 kB
HugePages_Total:       0
HugePages_Free:        0
HugePages_Rsvd:        0
HugePages_Surp:        0
Hugepagesize:       2048 kB
Hugetlb:               0 kB
DirectMap4k:     2556736 kB
DirectMap2M:     5419008 kB
DirectMap1G:    58720256 kB

