MemTotal:       65439348 kB
MemFree:        64142248 kB
MemAvailable:   63938664 kB
Buffers:           44032 kB
Cached:           327340 kB
SwapCached:            0 kB
Active:           139780 kB
Inactive:         296928 kB
Active(anon):       3244 kB
Inactive(anon):    77572 kB
Active(file):     136536 kB
Inactive(file):   219356 kB
Unevictable:       19496 kB
Mlocked:           19496 kB
SwapTotal:       1996796 kB
SwapFree:        1996796 kB
Dirty:                96 kB
Writeback:             0 kB
AnonPages:         85280 kB
Mapped:            89368 kB
Shmem:              6380 kB
KReclaimable:      73668 kB
Slab:             302968 kB
SReclaimable:      73668 kB
SUnreclaim:       229300 kB
KernelStack:       10032 kB
PageTables:         2468 kB
NFS_Unstable:          0 kB
Bounce:                0 kB
WritebackTmp:          0 kB
CommitLimit:    34716468 kB
Committed_AS:     838256 kB
VmallocTotal:   34359738367 kB
VmallocUsed:       40248 kB
VmallocChunk:          0 kB
Percpu:           144192 kB
HardwareCorrupted:     0 kB
AnonHugePages:         0 kB
ShmemHugePages:        0 kB
ShmemPmdMapped:        0 kB
FileHugePages:         0 kB
FilePmdMapped:         0 kB
HugePages_Total:       0
HugePages_Free:        0
HugePages_Rsvd:        0
HugePages_Surp:        0
Hugepagesize:       2048 kB
Hugetlb:               0 kB
DirectMap4k:     2704192 kB
DirectMap2M:     5271552 kB
DirectMap1G:    58720256 kB

