MemTotal:       65439348 kB
MemFree:        64177788 kB
MemAvailable:   63958092 kB
Buffers:           42016 kB
Cached:           314204 kB
SwapCached:            0 kB
Active:           137452 kB
Inactive:         285372 kB
Active(anon):       3248 kB
Inactive(anon):    78836 kB
Active(file):     134204 kB
Inactive(file):   206536 kB
Unevictable:       19496 kB
Mlocked:           19496 kB
SwapTotal:       1996796 kB
SwapFree:        1996796 kB
Dirty:               704 kB
Writeback:             0 kB
AnonPages:         86168 kB
Mapped:            88828 kB
Shmem:              6380 kB
KReclaimable:      71748 kB
Slab:             297608 kB
SReclaimable:      71748 kB
SUnreclaim:       225860 kB
KernelStack:       10016 kB
PageTables:         2420 kB
NFS_Unstable:          0 kB
Bounce:                0 kB
WritebackTmp:          0 kB
CommitLimit:    34716468 kB
Committed_AS:     837612 kB
VmallocTotal:   34359738367 kB
VmallocUsed:       39620 kB
VmallocChunk:          0 kB
Percpu:           129792 kB
HardwareCorrupted:     0 kB
AnonHugePages:         0 kB
ShmemHugePages:        0 kB
ShmemPmdMapped:        0 kB
FileHugePages:         0 kB
FilePmdMapped:         0 kB
HugePages_Total:       0
HugePages_Free:        0
HugePages_Rsvd:        0
HugePages_Surp:        0
Hugepagesize:       2048 kB
Hugetlb:               0 kB
DirectMap4k:     2681664 kB
DirectMap2M:     5294080 kB
DirectMap1G:    58720256 kB

