MemTotal:       65439348 kB
MemFree:        63731044 kB
MemAvailable:   63828284 kB
Buffers:           57124 kB
Cached:           607928 kB
SwapCached:            0 kB
Active:           205096 kB
Inactive:         525812 kB
Active(anon):       3248 kB
Inactive(anon):    78092 kB
Active(file):     201848 kB
Inactive(file):   447720 kB
Unevictable:       19496 kB
Mlocked:           19496 kB
SwapTotal:       1996796 kB
SwapFree:        1996796 kB
Dirty:               772 kB
Writeback:             0 kB
AnonPages:         85468 kB
Mapped:            96828 kB
Shmem:              6380 kB
KReclaimable:      87968 kB
Slab:             324408 kB
SReclaimable:      87968 kB
SUnreclaim:       236440 kB
KernelStack:       10144 kB
PageTables:         2616 kB
NFS_Unstable:          0 kB
Bounce:                0 kB
WritebackTmp:          0 kB
CommitLimit:    34716468 kB
Committed_AS:     854424 kB
VmallocTotal:   34359738367 kB
VmallocUsed:       44556 kB
VmallocChunk:          0 kB
Percpu:           238272 kB
HardwareCorrupted:     0 kB
AnonHugePages:         0 kB
ShmemHugePages:        0 kB
ShmemPmdMapped:        0 kB
FileHugePages:         0 kB
FilePmdMapped:         0 kB
HugePages_Total:       0
HugePages_Free:        0
HugePages_Rsvd:        0
HugePages_Surp:        0
Hugepagesize:       2048 kB
Hugetlb:               0 kB
DirectMap4k:     2814784 kB
DirectMap2M:     5160960 kB
DirectMap1G:    58720256 kB

