MemTotal:       65439348 kB
MemFree:        63808956 kB
MemAvailable:   63868712 kB
Buffers:           52312 kB
Cached:           577244 kB
SwapCached:            0 kB
Active:           199560 kB
Inactive:         490572 kB
Active(anon):       3244 kB
Inactive(anon):    72836 kB
Active(file):     196316 kB
Inactive(file):   417736 kB
Unevictable:       19496 kB
Mlocked:           19496 kB
SwapTotal:       1996796 kB
SwapFree:        1996796 kB
Dirty:               528 kB
Writeback:             0 kB
AnonPages:         80160 kB
Mapped:            84872 kB
Shmem:              6376 kB
KReclaimable:      84028 kB
Slab:             318796 kB
SReclaimable:      84028 kB
SUnreclaim:       234768 kB
KernelStack:       10064 kB
PageTables:         2452 kB
NFS_Unstable:          0 kB
Bounce:                0 kB
WritebackTmp:          0 kB
CommitLimit:    34716468 kB
Committed_AS:     808040 kB
VmallocTotal:   34359738367 kB
VmallocUsed:       42872 kB
VmallocChunk:          0 kB
Percpu:           204480 kB
HardwareCorrupted:     0 kB
AnonHugePages:         0 kB
ShmemHugePages:        0 kB
ShmemPmdMapped:        0 kB
FileHugePages:         0 kB
FilePmdMapped:         0 kB
HugePages_Total:       0
HugePages_Free:        0
HugePages_Rsvd:        0
HugePages_Surp:        0
Hugepagesize:       2048 kB
Hugetlb:               0 kB
DirectMap4k:     2773824 kB
DirectMap2M:     5201920 kB
DirectMap1G:    58720256 kB

