MemTotal:       65439348 kB
MemFree:        63816804 kB
MemAvailable:   63873684 kB
Buffers:           52000 kB
Cached:           574876 kB
SwapCached:            0 kB
Active:           199280 kB
Inactive:         489556 kB
Active(anon):       3248 kB
Inactive(anon):    74196 kB
Active(file):     196032 kB
Inactive(file):   415360 kB
Unevictable:       19496 kB
Mlocked:           19496 kB
SwapTotal:       1996796 kB
SwapFree:        1996796 kB
Dirty:               744 kB
Writeback:             0 kB
AnonPages:         82028 kB
Mapped:            85176 kB
Shmem:              6376 kB
KReclaimable:      83596 kB
Slab:             317676 kB
SReclaimable:      83596 kB
SUnreclaim:       234080 kB
KernelStack:       10112 kB
PageTables:         2276 kB
NFS_Unstable:          0 kB
Bounce:                0 kB
WritebackTmp:          0 kB
CommitLimit:    34716468 kB
Committed_AS:     807656 kB
VmallocTotal:   34359738367 kB
VmallocUsed:       42680 kB
VmallocChunk:          0 kB
Percpu:           201984 kB
HardwareCorrupted:     0 kB
AnonHugePages:         0 kB
ShmemHugePages:        0 kB
ShmemPmdMapped:        0 kB
FileHugePages:         0 kB
FilePmdMapped:         0 kB
HugePages_Total:       0
HugePages_Free:        0
HugePages_Rsvd:        0
HugePages_Surp:        0
Hugepagesize:       2048 kB
Hugetlb:               0 kB
DirectMap4k:     2769728 kB
DirectMap2M:     5206016 kB
DirectMap1G:    58720256 kB

