MemTotal:       65439348 kB
MemFree:        63880224 kB
MemAvailable:   63906108 kB
Buffers:           48292 kB
Cached:           549436 kB
SwapCached:            0 kB
Active:           156600 kB
Inactive:         502140 kB
Active(anon):       3244 kB
Inactive(anon):    73252 kB
Active(file):     153356 kB
Inactive(file):   428888 kB
Unevictable:       19496 kB
Mlocked:           19496 kB
SwapTotal:       1996796 kB
SwapFree:        1996796 kB
Dirty:               156 kB
Writeback:             0 kB
AnonPages:         80572 kB
Mapped:            82808 kB
Shmem:              6376 kB
KReclaimable:      79904 kB
Slab:             310304 kB
SReclaimable:      79904 kB
SUnreclaim:       230400 kB
KernelStack:        9952 kB
PageTables:         2476 kB
NFS_Unstable:          0 kB
Bounce:                0 kB
WritebackTmp:          0 kB
CommitLimit:    34716468 kB
Committed_AS:     799588 kB
VmallocTotal:   34359738367 kB
VmallocUsed:       41680 kB
VmallocChunk:          0 kB
Percpu:           176064 kB
HardwareCorrupted:     0 kB
AnonHugePages:         0 kB
ShmemHugePages:        0 kB
ShmemPmdMapped:        0 kB
FileHugePages:         0 kB
FilePmdMapped:         0 kB
HugePages_Total:       0
HugePages_Free:        0
HugePages_Rsvd:        0
HugePages_Surp:        0
Hugepagesize:       2048 kB
Hugetlb:               0 kB
DirectMap4k:     2741056 kB
DirectMap2M:     5234688 kB
DirectMap1G:    58720256 kB

