MemTotal:       65439348 kB
MemFree:        63821536 kB
MemAvailable:   63876328 kB
Buffers:           51752 kB
Cached:           573156 kB
SwapCached:            0 kB
Active:           198996 kB
Inactive:         487664 kB
Active(anon):       3244 kB
Inactive(anon):    74020 kB
Active(file):     195752 kB
Inactive(file):   413644 kB
Unevictable:       19496 kB
Mlocked:           19496 kB
SwapTotal:       1996796 kB
SwapFree:        1996796 kB
Dirty:               644 kB
Writeback:             0 kB
AnonPages:         81308 kB
Mapped:            85824 kB
Shmem:              6376 kB
KReclaimable:      83416 kB
Slab:             316580 kB
SReclaimable:      83416 kB
SUnreclaim:       233164 kB
KernelStack:       10096 kB
PageTables:         2892 kB
NFS_Unstable:          0 kB
Bounce:                0 kB
WritebackTmp:          0 kB
CommitLimit:    34716468 kB
Committed_AS:     807648 kB
VmallocTotal:   34359738367 kB
VmallocUsed:       42792 kB
VmallocChunk:          0 kB
Percpu:           200256 kB
HardwareCorrupted:     0 kB
AnonHugePages:         0 kB
ShmemHugePages:        0 kB
ShmemPmdMapped:        0 kB
FileHugePages:         0 kB
FilePmdMapped:         0 kB
HugePages_Total:       0
HugePages_Free:        0
HugePages_Rsvd:        0
HugePages_Surp:        0
Hugepagesize:       2048 kB
Hugetlb:               0 kB
DirectMap4k:     2769728 kB
DirectMap2M:     5206016 kB
DirectMap1G:    58720256 kB

