MemTotal:       65439348 kB
MemFree:        63823256 kB
MemAvailable:   63877516 kB
Buffers:           51676 kB
Cached:           572696 kB
SwapCached:            0 kB
Active:           198960 kB
Inactive:         486440 kB
Active(anon):       3244 kB
Inactive(anon):    73260 kB
Active(file):     195716 kB
Inactive(file):   413180 kB
Unevictable:       19496 kB
Mlocked:           19496 kB
SwapTotal:       1996796 kB
SwapFree:        1996796 kB
Dirty:               680 kB
Writeback:             0 kB
AnonPages:         80620 kB
Mapped:            84408 kB
Shmem:              6376 kB
KReclaimable:      83348 kB
Slab:             316468 kB
SReclaimable:      83348 kB
SUnreclaim:       233120 kB
KernelStack:       10064 kB
PageTables:         2492 kB
NFS_Unstable:          0 kB
Bounce:                0 kB
WritebackTmp:          0 kB
CommitLimit:    34716468 kB
Committed_AS:     808040 kB
VmallocTotal:   34359738367 kB
VmallocUsed:       42760 kB
VmallocChunk:          0 kB
Percpu:           199680 kB
HardwareCorrupted:     0 kB
AnonHugePages:         0 kB
ShmemHugePages:        0 kB
ShmemPmdMapped:        0 kB
FileHugePages:         0 kB
FilePmdMapped:         0 kB
HugePages_Total:       0
HugePages_Free:        0
HugePages_Rsvd:        0
HugePages_Surp:        0
Hugepagesize:       2048 kB
Hugetlb:               0 kB
DirectMap4k:     2769728 kB
DirectMap2M:     5206016 kB
DirectMap1G:    58720256 kB

