MemTotal:       65439348 kB
MemFree:        63892804 kB
MemAvailable:   63893904 kB
Buffers:           45320 kB
Cached:           528940 kB
SwapCached:            0 kB
Active:           152392 kB
Inactive:         521372 kB
Active(anon):       3260 kB
Inactive(anon):   111728 kB
Active(file):     149132 kB
Inactive(file):   409644 kB
Unevictable:       19496 kB
Mlocked:           19496 kB
SwapTotal:       1996796 kB
SwapFree:        1996796 kB
Dirty:               724 kB
Writeback:             0 kB
AnonPages:        119520 kB
Mapped:           121936 kB
Shmem:              6384 kB
KReclaimable:      77268 kB
Slab:             306536 kB
SReclaimable:      77268 kB
SUnreclaim:       229268 kB
KernelStack:       10192 kB
PageTables:         2960 kB
NFS_Unstable:          0 kB
Bounce:                0 kB
WritebackTmp:          0 kB
CommitLimit:    34716468 kB
Committed_AS:     888580 kB
VmallocTotal:   34359738367 kB
VmallocUsed:       40692 kB
VmallocChunk:          0 kB
Percpu:           153792 kB
HardwareCorrupted:     0 kB
AnonHugePages:         0 kB
ShmemHugePages:        0 kB
ShmemPmdMapped:        0 kB
FileHugePages:         0 kB
FilePmdMapped:         0 kB
HugePages_Total:       0
HugePages_Free:        0
HugePages_Rsvd:        0
HugePages_Surp:        0
Hugepagesize:       2048 kB
Hugetlb:               0 kB
DirectMap4k:     2714432 kB
DirectMap2M:     5261312 kB
DirectMap1G:    58720256 kB

