MemTotal:       65439348 kB
MemFree:        64247636 kB
MemAvailable:   63988372 kB
Buffers:           38548 kB
Cached:           279712 kB
SwapCached:            0 kB
Active:           131356 kB
Inactive:         250092 kB
Active(anon):       3216 kB
Inactive(anon):    75456 kB
Active(file):     128140 kB
Inactive(file):   174636 kB
Unevictable:       19496 kB
Mlocked:           19496 kB
SwapTotal:       1996796 kB
SwapFree:        1996796 kB
Dirty:               748 kB
Writeback:             0 kB
AnonPages:         82312 kB
Mapped:            77512 kB
Shmem:              6376 kB
KReclaimable:      68540 kB
Slab:             292176 kB
SReclaimable:      68540 kB
SUnreclaim:       223636 kB
KernelStack:       10320 kB
PageTables:         3176 kB
NFS_Unstable:          0 kB
Bounce:                0 kB
WritebackTmp:          0 kB
CommitLimit:    34716468 kB
Committed_AS:     790356 kB
VmallocTotal:   34359738367 kB
VmallocUsed:       39064 kB
VmallocChunk:          0 kB
Percpu:           107904 kB
HardwareCorrupted:     0 kB
AnonHugePages:         0 kB
ShmemHugePages:        0 kB
ShmemPmdMapped:        0 kB
FileHugePages:         0 kB
FilePmdMapped:         0 kB
HugePages_Total:       0
HugePages_Free:        0
HugePages_Rsvd:        0
HugePages_Surp:        0
Hugepagesize:       2048 kB
Hugetlb:               0 kB
DirectMap4k:     2579264 kB
DirectMap2M:     5396480 kB
DirectMap1G:    58720256 kB

