MemTotal:       65439348 kB
MemFree:        64286636 kB
MemAvailable:   64005356 kB
Buffers:           35832 kB
Cached:           261524 kB
SwapCached:            0 kB
Active:           128648 kB
Inactive:         228956 kB
Active(anon):       3220 kB
Inactive(anon):    72512 kB
Active(file):     125428 kB
Inactive(file):   156444 kB
Unevictable:       19496 kB
Mlocked:           19496 kB
SwapTotal:       1996796 kB
SwapFree:        1996796 kB
Dirty:               240 kB
Writeback:             0 kB
AnonPages:         79784 kB
Mapped:            75284 kB
Shmem:              6376 kB
KReclaimable:      66320 kB
Slab:             288928 kB
SReclaimable:      66320 kB
SUnreclaim:       222608 kB
KernelStack:       10016 kB
PageTables:         2396 kB
NFS_Unstable:          0 kB
Bounce:                0 kB
WritebackTmp:          0 kB
CommitLimit:    34716468 kB
Committed_AS:     790612 kB
VmallocTotal:   34359738367 kB
VmallocUsed:       38484 kB
VmallocChunk:          0 kB
Percpu:            96576 kB
HardwareCorrupted:     0 kB
AnonHugePages:         0 kB
ShmemHugePages:        0 kB
ShmemPmdMapped:        0 kB
FileHugePages:         0 kB
FilePmdMapped:         0 kB
HugePages_Total:       0
HugePages_Free:        0
HugePages_Rsvd:        0
HugePages_Surp:        0
Hugepagesize:       2048 kB
Hugetlb:               0 kB
DirectMap4k:     2286400 kB
DirectMap2M:     5689344 kB
DirectMap1G:    58720256 kB

