MemTotal:       65439348 kB
MemFree:        63719376 kB
MemAvailable:   63824468 kB
Buffers:           58008 kB
Cached:           614496 kB
SwapCached:            0 kB
Active:           210936 kB
Inactive:         522400 kB
Active(anon):       3260 kB
Inactive(anon):    73056 kB
Active(file):     207676 kB
Inactive(file):   449344 kB
Unevictable:       19496 kB
Mlocked:           19496 kB
SwapTotal:       1996796 kB
SwapFree:        1996796 kB
Dirty:               800 kB
Writeback:             0 kB
AnonPages:         80408 kB
Mapped:            88044 kB
Shmem:              6380 kB
KReclaimable:      88764 kB
Slab:             326648 kB
SReclaimable:      88764 kB
SUnreclaim:       237884 kB
KernelStack:       10064 kB
PageTables:         2584 kB
NFS_Unstable:          0 kB
Bounce:                0 kB
WritebackTmp:          0 kB
CommitLimit:    34716468 kB
Committed_AS:     807648 kB
VmallocTotal:   34359738367 kB
VmallocUsed:       44260 kB
VmallocChunk:          0 kB
Percpu:           244800 kB
HardwareCorrupted:     0 kB
AnonHugePages:         0 kB
ShmemHugePages:        0 kB
ShmemPmdMapped:        0 kB
FileHugePages:         0 kB
FilePmdMapped:         0 kB
HugePages_Total:       0
HugePages_Free:        0
HugePages_Rsvd:        0
HugePages_Surp:        0
Hugepagesize:       2048 kB
Hugetlb:               0 kB
DirectMap4k:     2822976 kB
DirectMap2M:     5152768 kB
DirectMap1G:    58720256 kB

