MemTotal:       65439348 kB
MemFree:        63720228 kB
MemAvailable:   63821280 kB
Buffers:           57528 kB
Cached:           611160 kB
SwapCached:            0 kB
Active:           205444 kB
Inactive:         530756 kB
Active(anon):       3244 kB
Inactive(anon):    79804 kB
Active(file):     202200 kB
Inactive(file):   450952 kB
Unevictable:       19496 kB
Mlocked:           19496 kB
SwapTotal:       1996796 kB
SwapFree:        1996796 kB
Dirty:               656 kB
Writeback:             0 kB
AnonPages:         88068 kB
Mapped:            97492 kB
Shmem:              6380 kB
KReclaimable:      88424 kB
Slab:             324876 kB
SReclaimable:      88424 kB
SUnreclaim:       236452 kB
KernelStack:       10384 kB
PageTables:         3300 kB
NFS_Unstable:          0 kB
Bounce:                0 kB
WritebackTmp:          0 kB
CommitLimit:    34716468 kB
Committed_AS:     854040 kB
VmallocTotal:   34359738367 kB
VmallocUsed:       44588 kB
VmallocChunk:          0 kB
Percpu:           241920 kB
HardwareCorrupted:     0 kB
AnonHugePages:         0 kB
ShmemHugePages:        0 kB
ShmemPmdMapped:        0 kB
FileHugePages:         0 kB
FilePmdMapped:         0 kB
HugePages_Total:       0
HugePages_Free:        0
HugePages_Rsvd:        0
HugePages_Surp:        0
Hugepagesize:       2048 kB
Hugetlb:               0 kB
DirectMap4k:     2818880 kB
DirectMap2M:     5156864 kB
DirectMap1G:    58720256 kB

