MemTotal:       65439348 kB
MemFree:        63698324 kB
MemAvailable:   63811828 kB
Buffers:           58952 kB
Cached:           621476 kB
SwapCached:            0 kB
Active:           211852 kB
Inactive:         530708 kB
Active(anon):       3248 kB
Inactive(anon):    74380 kB
Active(file):     208604 kB
Inactive(file):   456328 kB
Unevictable:       19496 kB
Mlocked:           19496 kB
SwapTotal:       1996796 kB
SwapFree:        1996796 kB
Dirty:               684 kB
Writeback:             0 kB
AnonPages:         81820 kB
Mapped:            89256 kB
Shmem:              6380 kB
KReclaimable:      89768 kB
Slab:             328728 kB
SReclaimable:      89768 kB
SUnreclaim:       238960 kB
KernelStack:       10176 kB
PageTables:         2804 kB
NFS_Unstable:          0 kB
Bounce:                0 kB
WritebackTmp:          0 kB
CommitLimit:    34716468 kB
Committed_AS:     807648 kB
VmallocTotal:   34359738367 kB
VmallocUsed:       44840 kB
VmallocChunk:          0 kB
Percpu:           252672 kB
HardwareCorrupted:     0 kB
AnonHugePages:         0 kB
ShmemHugePages:        0 kB
ShmemPmdMapped:        0 kB
FileHugePages:         0 kB
FilePmdMapped:         0 kB
HugePages_Total:       0
HugePages_Free:        0
HugePages_Rsvd:        0
HugePages_Surp:        0
Hugepagesize:       2048 kB
Hugetlb:               0 kB
DirectMap4k:     2835264 kB
DirectMap2M:     5140480 kB
DirectMap1G:    58720256 kB

