MemTotal:       65439348 kB
MemFree:        64153448 kB
MemAvailable:   63945068 kB
Buffers:           43468 kB
Cached:           323456 kB
SwapCached:            0 kB
Active:           139220 kB
Inactive:         293780 kB
Active(anon):       3248 kB
Inactive(anon):    78312 kB
Active(file):     135972 kB
Inactive(file):   215468 kB
Unevictable:       19496 kB
Mlocked:           19496 kB
SwapTotal:       1996796 kB
SwapFree:        1996796 kB
Dirty:               744 kB
Writeback:             0 kB
AnonPages:         85592 kB
Mapped:            89056 kB
Shmem:              6380 kB
KReclaimable:      72980 kB
Slab:             300768 kB
SReclaimable:      72980 kB
SUnreclaim:       227788 kB
KernelStack:       10144 kB
PageTables:         2588 kB
NFS_Unstable:          0 kB
Bounce:                0 kB
WritebackTmp:          0 kB
CommitLimit:    34716468 kB
Committed_AS:     838260 kB
VmallocTotal:   34359738367 kB
VmallocUsed:       40264 kB
VmallocChunk:          0 kB
Percpu:           139968 kB
HardwareCorrupted:     0 kB
AnonHugePages:         0 kB
ShmemHugePages:        0 kB
ShmemPmdMapped:        0 kB
FileHugePages:         0 kB
FilePmdMapped:         0 kB
HugePages_Total:       0
HugePages_Free:        0
HugePages_Rsvd:        0
HugePages_Surp:        0
Hugepagesize:       2048 kB
Hugetlb:               0 kB
DirectMap4k:     2698048 kB
DirectMap2M:     5277696 kB
DirectMap1G:    58720256 kB

