MemTotal:       65439348 kB
MemFree:        63868800 kB
MemAvailable:   63900848 kB
Buffers:           48816 kB
Cached:           554724 kB
SwapCached:            0 kB
Active:           157288 kB
Inactive:         509632 kB
Active(anon):       3252 kB
Inactive(anon):    75620 kB
Active(file):     154036 kB
Inactive(file):   434012 kB
Unevictable:       19496 kB
Mlocked:           19496 kB
SwapTotal:       1996796 kB
SwapFree:        1996796 kB
Dirty:               660 kB
Writeback:             0 kB
AnonPages:         83464 kB
Mapped:            84776 kB
Shmem:              6376 kB
KReclaimable:      80624 kB
Slab:             311648 kB
SReclaimable:      80624 kB
SUnreclaim:       231024 kB
KernelStack:        9984 kB
PageTables:         2156 kB
NFS_Unstable:          0 kB
Bounce:                0 kB
WritebackTmp:          0 kB
CommitLimit:    34716468 kB
Committed_AS:     799204 kB
VmallocTotal:   34359738367 kB
VmallocUsed:       41712 kB
VmallocChunk:          0 kB
Percpu:           179712 kB
HardwareCorrupted:     0 kB
AnonHugePages:         0 kB
ShmemHugePages:        0 kB
ShmemPmdMapped:        0 kB
FileHugePages:         0 kB
FilePmdMapped:         0 kB
HugePages_Total:       0
HugePages_Free:        0
HugePages_Rsvd:        0
HugePages_Surp:        0
Hugepagesize:       2048 kB
Hugetlb:               0 kB
DirectMap4k:     2747200 kB
DirectMap2M:     5228544 kB
DirectMap1G:    58720256 kB

