MemTotal:       65439348 kB
MemFree:        64279620 kB
MemAvailable:   64003896 kB
Buffers:           36504 kB
Cached:           266060 kB
SwapCached:            0 kB
Active:           129324 kB
Inactive:         233600 kB
Active(anon):       3216 kB
Inactive(anon):    72620 kB
Active(file):     126108 kB
Inactive(file):   160980 kB
Unevictable:       19496 kB
Mlocked:           19496 kB
SwapTotal:       1996796 kB
SwapFree:        1996796 kB
Dirty:               628 kB
Writeback:             0 kB
AnonPages:         79972 kB
Mapped:            75592 kB
Shmem:              6376 kB
KReclaimable:      67000 kB
Slab:             289856 kB
SReclaimable:      67000 kB
SUnreclaim:       222856 kB
KernelStack:        9984 kB
PageTables:         2484 kB
NFS_Unstable:          0 kB
Bounce:                0 kB
WritebackTmp:          0 kB
CommitLimit:    34716468 kB
Committed_AS:     790356 kB
VmallocTotal:   34359738367 kB
VmallocUsed:       38452 kB
VmallocChunk:          0 kB
Percpu:            96576 kB
HardwareCorrupted:     0 kB
AnonHugePages:         0 kB
ShmemHugePages:        0 kB
ShmemPmdMapped:        0 kB
FileHugePages:         0 kB
FilePmdMapped:         0 kB
HugePages_Total:       0
HugePages_Free:        0
HugePages_Rsvd:        0
HugePages_Surp:        0
Hugepagesize:       2048 kB
Hugetlb:               0 kB
DirectMap4k:     2358080 kB
DirectMap2M:     5617664 kB
DirectMap1G:    58720256 kB

