MemTotal:       65439348 kB
MemFree:        63734028 kB
MemAvailable:   63828348 kB
Buffers:           56692 kB
Cached:           605620 kB
SwapCached:            0 kB
Active:           204628 kB
Inactive:         524748 kB
Active(anon):       3248 kB
Inactive(anon):    79336 kB
Active(file):     201380 kB
Inactive(file):   445412 kB
Unevictable:       19496 kB
Mlocked:           19496 kB
SwapTotal:       1996796 kB
SwapFree:        1996796 kB
Dirty:               412 kB
Writeback:             0 kB
AnonPages:         86776 kB
Mapped:            97180 kB
Shmem:              6376 kB
KReclaimable:      87676 kB
Slab:             325312 kB
SReclaimable:      87676 kB
SUnreclaim:       237636 kB
KernelStack:       10352 kB
PageTables:         3196 kB
NFS_Unstable:          0 kB
Bounce:                0 kB
WritebackTmp:          0 kB
CommitLimit:    34716468 kB
Committed_AS:     854036 kB
VmallocTotal:   34359738367 kB
VmallocUsed:       43880 kB
VmallocChunk:          0 kB
Percpu:           235200 kB
HardwareCorrupted:     0 kB
AnonHugePages:         0 kB
ShmemHugePages:        0 kB
ShmemPmdMapped:        0 kB
FileHugePages:         0 kB
FilePmdMapped:         0 kB
HugePages_Total:       0
HugePages_Free:        0
HugePages_Rsvd:        0
HugePages_Surp:        0
Hugepagesize:       2048 kB
Hugetlb:               0 kB
DirectMap4k:     2812736 kB
DirectMap2M:     5163008 kB
DirectMap1G:    58720256 kB

