MemTotal:       65439348 kB
MemFree:        64158840 kB
MemAvailable:   63947580 kB
Buffers:           43100 kB
Cached:           321096 kB
SwapCached:            0 kB
Active:           138524 kB
Inactive:         291620 kB
Active(anon):       3244 kB
Inactive(anon):    78188 kB
Active(file):     135280 kB
Inactive(file):   213432 kB
Unevictable:       19496 kB
Mlocked:           19496 kB
SwapTotal:       1996796 kB
SwapFree:        1996796 kB
Dirty:               108 kB
Writeback:             0 kB
AnonPages:         85584 kB
Mapped:            88904 kB
Shmem:              6380 kB
KReclaimable:      72676 kB
Slab:             300156 kB
SReclaimable:      72676 kB
SUnreclaim:       227480 kB
KernelStack:       10080 kB
PageTables:         2584 kB
NFS_Unstable:          0 kB
Bounce:                0 kB
WritebackTmp:          0 kB
CommitLimit:    34716468 kB
Committed_AS:     838000 kB
VmallocTotal:   34359738367 kB
VmallocUsed:       40296 kB
VmallocChunk:          0 kB
Percpu:           137664 kB
HardwareCorrupted:     0 kB
AnonHugePages:         0 kB
ShmemHugePages:        0 kB
ShmemPmdMapped:        0 kB
FileHugePages:         0 kB
FilePmdMapped:         0 kB
HugePages_Total:       0
HugePages_Free:        0
HugePages_Rsvd:        0
HugePages_Surp:        0
Hugepagesize:       2048 kB
Hugetlb:               0 kB
DirectMap4k:     2696000 kB
DirectMap2M:     5279744 kB
DirectMap1G:    58720256 kB

