MemTotal:       65439348 kB
MemFree:        63875556 kB
MemAvailable:   63904152 kB
Buffers:           48588 kB
Cached:           551640 kB
SwapCached:            0 kB
Active:           156904 kB
Inactive:         504324 kB
Active(anon):       3248 kB
Inactive(anon):    73228 kB
Active(file):     153656 kB
Inactive(file):   431096 kB
Unevictable:       19496 kB
Mlocked:           19496 kB
SwapTotal:       1996796 kB
SwapFree:        1996796 kB
Dirty:               892 kB
Writeback:             0 kB
AnonPages:         80564 kB
Mapped:            83324 kB
Shmem:              6376 kB
KReclaimable:      80308 kB
Slab:             311900 kB
SReclaimable:      80308 kB
SUnreclaim:       231592 kB
KernelStack:       10144 kB
PageTables:         2312 kB
NFS_Unstable:          0 kB
Bounce:                0 kB
WritebackTmp:          0 kB
CommitLimit:    34716468 kB
Committed_AS:     799204 kB
VmallocTotal:   34359738367 kB
VmallocUsed:       41664 kB
VmallocChunk:          0 kB
Percpu:           178560 kB
HardwareCorrupted:     0 kB
AnonHugePages:         0 kB
ShmemHugePages:        0 kB
ShmemPmdMapped:        0 kB
FileHugePages:         0 kB
FilePmdMapped:         0 kB
HugePages_Total:       0
HugePages_Free:        0
HugePages_Rsvd:        0
HugePages_Surp:        0
Hugepagesize:       2048 kB
Hugetlb:               0 kB
DirectMap4k:     2747200 kB
DirectMap2M:     5228544 kB
DirectMap1G:    58720256 kB

