MemTotal:       65439348 kB
MemFree:        63788332 kB
MemAvailable:   63859184 kB
Buffers:           53552 kB
Cached:           586528 kB
SwapCached:            0 kB
Active:           200828 kB
Inactive:         500896 kB
Active(anon):       3248 kB
Inactive(anon):    73888 kB
Active(file):     197580 kB
Inactive(file):   427008 kB
Unevictable:       19496 kB
Mlocked:           19496 kB
SwapTotal:       1996796 kB
SwapFree:        1996796 kB
Dirty:               680 kB
Writeback:             0 kB
AnonPages:         80800 kB
Mapped:            85800 kB
Shmem:              6376 kB
KReclaimable:      85148 kB
Slab:             319588 kB
SReclaimable:      85148 kB
SUnreclaim:       234440 kB
KernelStack:       10160 kB
PageTables:         2680 kB
NFS_Unstable:          0 kB
Bounce:                0 kB
WritebackTmp:          0 kB
CommitLimit:    34716468 kB
Committed_AS:     807648 kB
VmallocTotal:   34359738367 kB
VmallocUsed:       43372 kB
VmallocChunk:          0 kB
Percpu:           214656 kB
HardwareCorrupted:     0 kB
AnonHugePages:         0 kB
ShmemHugePages:        0 kB
ShmemPmdMapped:        0 kB
FileHugePages:         0 kB
FilePmdMapped:         0 kB
HugePages_Total:       0
HugePages_Free:        0
HugePages_Rsvd:        0
HugePages_Surp:        0
Hugepagesize:       2048 kB
Hugetlb:               0 kB
DirectMap4k:     2788160 kB
DirectMap2M:     5187584 kB
DirectMap1G:    58720256 kB

