MemTotal:       65439348 kB
MemFree:        63697880 kB
MemAvailable:   63811852 kB
Buffers:           59020 kB
Cached:           621820 kB
SwapCached:            0 kB
Active:           211920 kB
Inactive:         531552 kB
Active(anon):       3228 kB
Inactive(anon):    74880 kB
Active(file):     208692 kB
Inactive(file):   456672 kB
Unevictable:       19496 kB
Mlocked:           19496 kB
SwapTotal:       1996796 kB
SwapFree:        1996796 kB
Dirty:               980 kB
Writeback:             0 kB
AnonPages:         82324 kB
Mapped:            89036 kB
Shmem:              6372 kB
KReclaimable:      89840 kB
Slab:             328804 kB
SReclaimable:      89840 kB
SUnreclaim:       238964 kB
KernelStack:       10064 kB
PageTables:         2472 kB
NFS_Unstable:          0 kB
Bounce:                0 kB
WritebackTmp:          0 kB
CommitLimit:    34716468 kB
Committed_AS:     807648 kB
VmallocTotal:   34359738367 kB
VmallocUsed:       44888 kB
VmallocChunk:          0 kB
Percpu:           253248 kB
HardwareCorrupted:     0 kB
AnonHugePages:         0 kB
ShmemHugePages:        0 kB
ShmemPmdMapped:        0 kB
FileHugePages:         0 kB
FilePmdMapped:         0 kB
HugePages_Total:       0
HugePages_Free:        0
HugePages_Rsvd:        0
HugePages_Surp:        0
Hugepagesize:       2048 kB
Hugetlb:               0 kB
DirectMap4k:     2835264 kB
DirectMap2M:     5140480 kB
DirectMap1G:    58720256 kB

