MemTotal:       65439348 kB
MemFree:        63893492 kB
MemAvailable:   63912984 kB
Buffers:           47528 kB
Cached:           544160 kB
SwapCached:            0 kB
Active:           155832 kB
Inactive:         495852 kB
Active(anon):       3252 kB
Inactive(anon):    72236 kB
Active(file):     152580 kB
Inactive(file):   423616 kB
Unevictable:       19496 kB
Mlocked:           19496 kB
SwapTotal:       1996796 kB
SwapFree:        1996796 kB
Dirty:               768 kB
Writeback:             0 kB
AnonPages:         80068 kB
Mapped:            82508 kB
Shmem:              6376 kB
KReclaimable:      79212 kB
Slab:             308960 kB
SReclaimable:      79212 kB
SUnreclaim:       229748 kB
KernelStack:       10080 kB
PageTables:         2540 kB
NFS_Unstable:          0 kB
Bounce:                0 kB
WritebackTmp:          0 kB
CommitLimit:    34716468 kB
Committed_AS:     799200 kB
VmallocTotal:   34359738367 kB
VmallocUsed:       41132 kB
VmallocChunk:          0 kB
Percpu:           170688 kB
HardwareCorrupted:     0 kB
AnonHugePages:         0 kB
ShmemHugePages:        0 kB
ShmemPmdMapped:        0 kB
FileHugePages:         0 kB
FilePmdMapped:         0 kB
HugePages_Total:       0
HugePages_Free:        0
HugePages_Rsvd:        0
HugePages_Surp:        0
Hugepagesize:       2048 kB
Hugetlb:               0 kB
DirectMap4k:     2734912 kB
DirectMap2M:     5240832 kB
DirectMap1G:    58720256 kB

