MemTotal:       65439348 kB
MemFree:        63738648 kB
MemAvailable:   63829284 kB
Buffers:           56272 kB
Cached:           602544 kB
SwapCached:            0 kB
Active:           204188 kB
Inactive:         521000 kB
Active(anon):       3240 kB
Inactive(anon):    78664 kB
Active(file):     200948 kB
Inactive(file):   442336 kB
Unevictable:       19496 kB
Mlocked:           19496 kB
SwapTotal:       1996796 kB
SwapFree:        1996796 kB
Dirty:               796 kB
Writeback:             0 kB
AnonPages:         85988 kB
Mapped:            96396 kB
Shmem:              6380 kB
KReclaimable:      87324 kB
Slab:             324740 kB
SReclaimable:      87324 kB
SUnreclaim:       237416 kB
KernelStack:       10144 kB
PageTables:         2600 kB
NFS_Unstable:          0 kB
Bounce:                0 kB
WritebackTmp:          0 kB
CommitLimit:    34716468 kB
Committed_AS:     854036 kB
VmallocTotal:   34359738367 kB
VmallocUsed:       44120 kB
VmallocChunk:          0 kB
Percpu:           232320 kB
HardwareCorrupted:     0 kB
AnonHugePages:         0 kB
ShmemHugePages:        0 kB
ShmemPmdMapped:        0 kB
FileHugePages:         0 kB
FilePmdMapped:         0 kB
HugePages_Total:       0
HugePages_Free:        0
HugePages_Rsvd:        0
HugePages_Surp:        0
Hugepagesize:       2048 kB
Hugetlb:               0 kB
DirectMap4k:     2810688 kB
DirectMap2M:     5165056 kB
DirectMap1G:    58720256 kB

