MemTotal:       65439348 kB
MemFree:        63930868 kB
MemAvailable:   63933188 kB
Buffers:           45488 kB
Cached:           529940 kB
SwapCached:            0 kB
Active:           153776 kB
Inactive:         482436 kB
Active(anon):       3244 kB
Inactive(anon):    73040 kB
Active(file):     150532 kB
Inactive(file):   409396 kB
Unevictable:       19496 kB
Mlocked:           19496 kB
SwapTotal:       1996796 kB
SwapFree:        1996796 kB
Dirty:               196 kB
Writeback:             0 kB
AnonPages:         80440 kB
Mapped:            81156 kB
Shmem:              6376 kB
KReclaimable:      77404 kB
Slab:             307032 kB
SReclaimable:      77404 kB
SUnreclaim:       229628 kB
KernelStack:       10096 kB
PageTables:         2476 kB
NFS_Unstable:          0 kB
Bounce:                0 kB
WritebackTmp:          0 kB
CommitLimit:    34716468 kB
Committed_AS:     791396 kB
VmallocTotal:   34359738367 kB
VmallocUsed:       40548 kB
VmallocChunk:          0 kB
Percpu:           154944 kB
HardwareCorrupted:     0 kB
AnonHugePages:         0 kB
ShmemHugePages:        0 kB
ShmemPmdMapped:        0 kB
FileHugePages:         0 kB
FilePmdMapped:         0 kB
HugePages_Total:       0
HugePages_Free:        0
HugePages_Rsvd:        0
HugePages_Surp:        0
Hugepagesize:       2048 kB
Hugetlb:               0 kB
DirectMap4k:     2716480 kB
DirectMap2M:     5259264 kB
DirectMap1G:    58720256 kB

