MemTotal:       65439348 kB
MemFree:        63699024 kB
MemAvailable:   63813060 kB
Buffers:           59024 kB
Cached:           621884 kB
SwapCached:            0 kB
Active:           211936 kB
Inactive:         529804 kB
Active(anon):       3244 kB
Inactive(anon):    73072 kB
Active(file):     208692 kB
Inactive(file):   456732 kB
Unevictable:       19496 kB
Mlocked:           19496 kB
SwapTotal:       1996796 kB
SwapFree:        1996796 kB
Dirty:                72 kB
Writeback:             0 kB
AnonPages:         80400 kB
Mapped:            88460 kB
Shmem:              6376 kB
KReclaimable:      89844 kB
Slab:             328900 kB
SReclaimable:      89844 kB
SUnreclaim:       239056 kB
KernelStack:       10032 kB
PageTables:         2452 kB
NFS_Unstable:          0 kB
Bounce:                0 kB
WritebackTmp:          0 kB
CommitLimit:    34716468 kB
Committed_AS:     808036 kB
VmallocTotal:   34359738367 kB
VmallocUsed:       44904 kB
VmallocChunk:          0 kB
Percpu:           253248 kB
HardwareCorrupted:     0 kB
AnonHugePages:         0 kB
ShmemHugePages:        0 kB
ShmemPmdMapped:        0 kB
FileHugePages:         0 kB
FilePmdMapped:         0 kB
HugePages_Total:       0
HugePages_Free:        0
HugePages_Rsvd:        0
HugePages_Surp:        0
Hugepagesize:       2048 kB
Hugetlb:               0 kB
DirectMap4k:     2835264 kB
DirectMap2M:     5140480 kB
DirectMap1G:    58720256 kB

