MemTotal:       65439348 kB
MemFree:        63827064 kB
MemAvailable:   63877592 kB
Buffers:           51260 kB
Cached:           569652 kB
SwapCached:            0 kB
Active:           198528 kB
Inactive:         485668 kB
Active(anon):       3244 kB
Inactive(anon):    75564 kB
Active(file):     195284 kB
Inactive(file):   410104 kB
Unevictable:       19496 kB
Mlocked:           19496 kB
SwapTotal:       1996796 kB
SwapFree:        1996796 kB
Dirty:               776 kB
Writeback:             0 kB
AnonPages:         83384 kB
Mapped:            86052 kB
Shmem:              6376 kB
KReclaimable:      82904 kB
Slab:             314956 kB
SReclaimable:      82904 kB
SUnreclaim:       232052 kB
KernelStack:       10224 kB
PageTables:         2396 kB
NFS_Unstable:          0 kB
Bounce:                0 kB
WritebackTmp:          0 kB
CommitLimit:    34716468 kB
Committed_AS:     807392 kB
VmallocTotal:   34359738367 kB
VmallocUsed:       42340 kB
VmallocChunk:          0 kB
Percpu:           196608 kB
HardwareCorrupted:     0 kB
AnonHugePages:         0 kB
ShmemHugePages:        0 kB
ShmemPmdMapped:        0 kB
FileHugePages:         0 kB
FilePmdMapped:         0 kB
HugePages_Total:       0
HugePages_Free:        0
HugePages_Rsvd:        0
HugePages_Surp:        0
Hugepagesize:       2048 kB
Hugetlb:               0 kB
DirectMap4k:     2765632 kB
DirectMap2M:     5210112 kB
DirectMap1G:    58720256 kB

