MemTotal:       65439348 kB
MemFree:        64275516 kB
MemAvailable:   64000964 kB
Buffers:           36640 kB
Cached:           267008 kB
SwapCached:            0 kB
Active:           129464 kB
Inactive:         236044 kB
Active(anon):       3232 kB
Inactive(anon):    74120 kB
Active(file):     126232 kB
Inactive(file):   161924 kB
Unevictable:       19496 kB
Mlocked:           19496 kB
SwapTotal:       1996796 kB
SwapFree:        1996796 kB
Dirty:               604 kB
Writeback:             0 kB
AnonPages:         81592 kB
Mapped:            75892 kB
Shmem:              6376 kB
KReclaimable:      67204 kB
Slab:             290012 kB
SReclaimable:      67204 kB
SUnreclaim:       222808 kB
KernelStack:       10240 kB
PageTables:         2896 kB
NFS_Unstable:          0 kB
Bounce:                0 kB
WritebackTmp:          0 kB
CommitLimit:    34716468 kB
Committed_AS:     790356 kB
VmallocTotal:   34359738367 kB
VmallocUsed:       38500 kB
VmallocChunk:          0 kB
Percpu:            96576 kB
HardwareCorrupted:     0 kB
AnonHugePages:         0 kB
ShmemHugePages:        0 kB
ShmemPmdMapped:        0 kB
FileHugePages:         0 kB
FilePmdMapped:         0 kB
HugePages_Total:       0
HugePages_Free:        0
HugePages_Rsvd:        0
HugePages_Surp:        0
Hugepagesize:       2048 kB
Hugetlb:               0 kB
DirectMap4k:     2372416 kB
DirectMap2M:     5603328 kB
DirectMap1G:    58720256 kB

