MemTotal:       65439348 kB
MemFree:        63767868 kB
MemAvailable:   63844604 kB
Buffers:           54456 kB
Cached:           591164 kB
SwapCached:            0 kB
Active:           202404 kB
Inactive:         509028 kB
Active(anon):       3248 kB
Inactive(anon):    78072 kB
Active(file):     199156 kB
Inactive(file):   430956 kB
Unevictable:       19496 kB
Mlocked:           19496 kB
SwapTotal:       1996796 kB
SwapFree:        1996796 kB
Dirty:               780 kB
Writeback:             0 kB
AnonPages:         85448 kB
Mapped:            95428 kB
Shmem:              6380 kB
KReclaimable:      85868 kB
Slab:             321844 kB
SReclaimable:      85868 kB
SUnreclaim:       235976 kB
KernelStack:       10176 kB
PageTables:         2608 kB
NFS_Unstable:          0 kB
Bounce:                0 kB
WritebackTmp:          0 kB
CommitLimit:    34716468 kB
Committed_AS:     854428 kB
VmallocTotal:   34359738367 kB
VmallocUsed:       43476 kB
VmallocChunk:          0 kB
Percpu:           220224 kB
HardwareCorrupted:     0 kB
AnonHugePages:         0 kB
ShmemHugePages:        0 kB
ShmemPmdMapped:        0 kB
FileHugePages:         0 kB
FilePmdMapped:         0 kB
HugePages_Total:       0
HugePages_Free:        0
HugePages_Rsvd:        0
HugePages_Surp:        0
Hugepagesize:       2048 kB
Hugetlb:               0 kB
DirectMap4k:     2794304 kB
DirectMap2M:     5181440 kB
DirectMap1G:    58720256 kB

