MemTotal:       65439348 kB
MemFree:        63783908 kB
MemAvailable:   63857508 kB
Buffers:           54064 kB
Cached:           588656 kB
SwapCached:            0 kB
Active:           201328 kB
Inactive:         502820 kB
Active(anon):       3256 kB
Inactive(anon):    73684 kB
Active(file):     198072 kB
Inactive(file):   429136 kB
Unevictable:       19496 kB
Mlocked:           19496 kB
SwapTotal:       1996796 kB
SwapFree:        1996796 kB
Dirty:               632 kB
Writeback:             0 kB
AnonPages:         81020 kB
Mapped:            85936 kB
Shmem:              6376 kB
KReclaimable:      85408 kB
Slab:             320316 kB
SReclaimable:      85408 kB
SUnreclaim:       234908 kB
KernelStack:        9984 kB
PageTables:         2612 kB
NFS_Unstable:          0 kB
Bounce:                0 kB
WritebackTmp:          0 kB
CommitLimit:    34716468 kB
Committed_AS:     807652 kB
VmallocTotal:   34359738367 kB
VmallocUsed:       43164 kB
VmallocChunk:          0 kB
Percpu:           217152 kB
HardwareCorrupted:     0 kB
AnonHugePages:         0 kB
ShmemHugePages:        0 kB
ShmemPmdMapped:        0 kB
FileHugePages:         0 kB
FilePmdMapped:         0 kB
HugePages_Total:       0
HugePages_Free:        0
HugePages_Rsvd:        0
HugePages_Surp:        0
Hugepagesize:       2048 kB
Hugetlb:               0 kB
DirectMap4k:     2790208 kB
DirectMap2M:     5185536 kB
DirectMap1G:    58720256 kB

