MemTotal:       65439348 kB
MemFree:        63796068 kB
MemAvailable:   63862756 kB
Buffers:           53064 kB
Cached:           583044 kB
SwapCached:            0 kB
Active:           200340 kB
Inactive:         496596 kB
Active(anon):       3240 kB
Inactive(anon):    73068 kB
Active(file):     197100 kB
Inactive(file):   423528 kB
Unevictable:       19496 kB
Mlocked:           19496 kB
SwapTotal:       1996796 kB
SwapFree:        1996796 kB
Dirty:               168 kB
Writeback:             0 kB
AnonPages:         80420 kB
Mapped:            85400 kB
Shmem:              6376 kB
KReclaimable:      84740 kB
Slab:             318952 kB
SReclaimable:      84740 kB
SUnreclaim:       234212 kB
KernelStack:       10080 kB
PageTables:         2460 kB
NFS_Unstable:          0 kB
Bounce:                0 kB
WritebackTmp:          0 kB
CommitLimit:    34716468 kB
Committed_AS:     808036 kB
VmallocTotal:   34359738367 kB
VmallocUsed:       43308 kB
VmallocChunk:          0 kB
Percpu:           211008 kB
HardwareCorrupted:     0 kB
AnonHugePages:         0 kB
ShmemHugePages:        0 kB
ShmemPmdMapped:        0 kB
FileHugePages:         0 kB
FilePmdMapped:         0 kB
HugePages_Total:       0
HugePages_Free:        0
HugePages_Rsvd:        0
HugePages_Surp:        0
Hugepagesize:       2048 kB
Hugetlb:               0 kB
DirectMap4k:     2782016 kB
DirectMap2M:     5193728 kB
DirectMap1G:    58720256 kB

