MemTotal:       65439348 kB
MemFree:        63900688 kB
MemAvailable:   63918056 kB
Buffers:           47268 kB
Cached:           542380 kB
SwapCached:            0 kB
Active:           155552 kB
Inactive:         495900 kB
Active(anon):       3216 kB
Inactive(anon):    74060 kB
Active(file):     152336 kB
Inactive(file):   421840 kB
Unevictable:       19496 kB
Mlocked:           19496 kB
SwapTotal:       1996796 kB
SwapFree:        1996796 kB
Dirty:               692 kB
Writeback:             0 kB
AnonPages:         81428 kB
Mapped:            82180 kB
Shmem:              6372 kB
KReclaimable:      79008 kB
Slab:             308648 kB
SReclaimable:      79008 kB
SUnreclaim:       229640 kB
KernelStack:       10000 kB
PageTables:         2136 kB
NFS_Unstable:          0 kB
Bounce:                0 kB
WritebackTmp:          0 kB
CommitLimit:    34716468 kB
Committed_AS:     799200 kB
VmallocTotal:   34359738367 kB
VmallocUsed:       41164 kB
VmallocChunk:          0 kB
Percpu:           168768 kB
HardwareCorrupted:     0 kB
AnonHugePages:         0 kB
ShmemHugePages:        0 kB
ShmemPmdMapped:        0 kB
FileHugePages:         0 kB
FilePmdMapped:         0 kB
HugePages_Total:       0
HugePages_Free:        0
HugePages_Rsvd:        0
HugePages_Surp:        0
Hugepagesize:       2048 kB
Hugetlb:               0 kB
DirectMap4k:     2732864 kB
DirectMap2M:     5242880 kB
DirectMap1G:    58720256 kB

