MemTotal:       65439348 kB
MemFree:        64277612 kB
MemAvailable:   64005124 kB
Buffers:           36896 kB
Cached:           268712 kB
SwapCached:            0 kB
Active:           129680 kB
Inactive:         236024 kB
Active(anon):       3216 kB
Inactive(anon):    72396 kB
Active(file):     126464 kB
Inactive(file):   163628 kB
Unevictable:       19496 kB
Mlocked:           19496 kB
SwapTotal:       1996796 kB
SwapFree:        1996796 kB
Dirty:               724 kB
Writeback:             0 kB
AnonPages:         79660 kB
Mapped:            75772 kB
Shmem:              6376 kB
KReclaimable:      67464 kB
Slab:             291436 kB
SReclaimable:      67464 kB
SUnreclaim:       223972 kB
KernelStack:       10032 kB
PageTables:         2396 kB
NFS_Unstable:          0 kB
Bounce:                0 kB
WritebackTmp:          0 kB
CommitLimit:    34716468 kB
Committed_AS:     790612 kB
VmallocTotal:   34359738367 kB
VmallocUsed:       38452 kB
VmallocChunk:          0 kB
Percpu:            96576 kB
HardwareCorrupted:     0 kB
AnonHugePages:         0 kB
ShmemHugePages:        0 kB
ShmemPmdMapped:        0 kB
FileHugePages:         0 kB
FilePmdMapped:         0 kB
HugePages_Total:       0
HugePages_Free:        0
HugePages_Rsvd:        0
HugePages_Surp:        0
Hugepagesize:       2048 kB
Hugetlb:               0 kB
DirectMap4k:     2401088 kB
DirectMap2M:     5574656 kB
DirectMap1G:    58720256 kB

