MemTotal:       65439348 kB
MemFree:        64283216 kB
MemAvailable:   64004716 kB
Buffers:           36168 kB
Cached:           263824 kB
SwapCached:            0 kB
Active:           128976 kB
Inactive:         232140 kB
Active(anon):       3204 kB
Inactive(anon):    73396 kB
Active(file):     125772 kB
Inactive(file):   158744 kB
Unevictable:       19496 kB
Mlocked:           19496 kB
SwapTotal:       1996796 kB
SwapFree:        1996796 kB
Dirty:               628 kB
Writeback:             0 kB
AnonPages:         80652 kB
Mapped:            76016 kB
Shmem:              6376 kB
KReclaimable:      66588 kB
Slab:             289256 kB
SReclaimable:      66588 kB
SUnreclaim:       222668 kB
KernelStack:       10064 kB
PageTables:         2456 kB
NFS_Unstable:          0 kB
Bounce:                0 kB
WritebackTmp:          0 kB
CommitLimit:    34716468 kB
Committed_AS:     790352 kB
VmallocTotal:   34359738367 kB
VmallocUsed:       38500 kB
VmallocChunk:          0 kB
Percpu:            96576 kB
HardwareCorrupted:     0 kB
AnonHugePages:         0 kB
ShmemHugePages:        0 kB
ShmemPmdMapped:        0 kB
FileHugePages:         0 kB
FilePmdMapped:         0 kB
HugePages_Total:       0
HugePages_Free:        0
HugePages_Rsvd:        0
HugePages_Surp:        0
Hugepagesize:       2048 kB
Hugetlb:               0 kB
DirectMap4k:     2323264 kB
DirectMap2M:     5652480 kB
DirectMap1G:    58720256 kB

