MemTotal:       65439348 kB
MemFree:        63784300 kB
MemAvailable:   63858396 kB
Buffers:           54148 kB
Cached:           589028 kB
SwapCached:            0 kB
Active:           201420 kB
Inactive:         502352 kB
Active(anon):       3244 kB
Inactive(anon):    72868 kB
Active(file):     198176 kB
Inactive(file):   429484 kB
Unevictable:       19496 kB
Mlocked:           19496 kB
SwapTotal:       1996796 kB
SwapFree:        1996796 kB
Dirty:                28 kB
Writeback:             0 kB
AnonPages:         80188 kB
Mapped:            85916 kB
Shmem:              6376 kB
KReclaimable:      85496 kB
Slab:             319688 kB
SReclaimable:      85496 kB
SUnreclaim:       234192 kB
KernelStack:        9920 kB
PageTables:         2448 kB
NFS_Unstable:          0 kB
Bounce:                0 kB
WritebackTmp:          0 kB
CommitLimit:    34716468 kB
Committed_AS:     808044 kB
VmallocTotal:   34359738367 kB
VmallocUsed:       43164 kB
VmallocChunk:          0 kB
Percpu:           217728 kB
HardwareCorrupted:     0 kB
AnonHugePages:         0 kB
ShmemHugePages:        0 kB
ShmemPmdMapped:        0 kB
FileHugePages:         0 kB
FilePmdMapped:         0 kB
HugePages_Total:       0
HugePages_Free:        0
HugePages_Rsvd:        0
HugePages_Surp:        0
Hugepagesize:       2048 kB
Hugetlb:               0 kB
DirectMap4k:     2790208 kB
DirectMap2M:     5185536 kB
DirectMap1G:    58720256 kB

