MemTotal:       65439348 kB
MemFree:        63917444 kB
MemAvailable:   63925564 kB
Buffers:           46144 kB
Cached:           534720 kB
SwapCached:            0 kB
Active:           154472 kB
Inactive:         487416 kB
Active(anon):       3272 kB
Inactive(anon):    73244 kB
Active(file):     151200 kB
Inactive(file):   414172 kB
Unevictable:       19496 kB
Mlocked:           19496 kB
SwapTotal:       1996796 kB
SwapFree:        1996796 kB
Dirty:                72 kB
Writeback:             0 kB
AnonPages:         80592 kB
Mapped:            81868 kB
Shmem:              6380 kB
KReclaimable:      78120 kB
Slab:             306636 kB
SReclaimable:      78120 kB
SUnreclaim:       228516 kB
KernelStack:       10304 kB
PageTables:         2448 kB
NFS_Unstable:          0 kB
Bounce:                0 kB
WritebackTmp:          0 kB
CommitLimit:    34716468 kB
Committed_AS:     799204 kB
VmallocTotal:   34359738367 kB
VmallocUsed:       41196 kB
VmallocChunk:          0 kB
Percpu:           159936 kB
HardwareCorrupted:     0 kB
AnonHugePages:         0 kB
ShmemHugePages:        0 kB
ShmemPmdMapped:        0 kB
FileHugePages:         0 kB
FilePmdMapped:         0 kB
HugePages_Total:       0
HugePages_Free:        0
HugePages_Rsvd:        0
HugePages_Surp:        0
Hugepagesize:       2048 kB
Hugetlb:               0 kB
DirectMap4k:     2720576 kB
DirectMap2M:     5255168 kB
DirectMap1G:    58720256 kB

