MemTotal:       65439348 kB
MemFree:        63886296 kB
MemAvailable:   63908444 kB
Buffers:           47796 kB
Cached:           546408 kB
SwapCached:            0 kB
Active:           156096 kB
Inactive:         498944 kB
Active(anon):       3232 kB
Inactive(anon):    73080 kB
Active(file):     152864 kB
Inactive(file):   425864 kB
Unevictable:       19496 kB
Mlocked:           19496 kB
SwapTotal:       1996796 kB
SwapFree:        1996796 kB
Dirty:               716 kB
Writeback:             0 kB
AnonPages:         80288 kB
Mapped:            82944 kB
Shmem:              6376 kB
KReclaimable:      79464 kB
Slab:             309372 kB
SReclaimable:      79464 kB
SUnreclaim:       229908 kB
KernelStack:       10016 kB
PageTables:         2368 kB
NFS_Unstable:          0 kB
Bounce:                0 kB
WritebackTmp:          0 kB
CommitLimit:    34716468 kB
Committed_AS:     799200 kB
VmallocTotal:   34359738367 kB
VmallocUsed:       41744 kB
VmallocChunk:          0 kB
Percpu:           172992 kB
HardwareCorrupted:     0 kB
AnonHugePages:         0 kB
ShmemHugePages:        0 kB
ShmemPmdMapped:        0 kB
FileHugePages:         0 kB
FilePmdMapped:         0 kB
HugePages_Total:       0
HugePages_Free:        0
HugePages_Rsvd:        0
HugePages_Surp:        0
Hugepagesize:       2048 kB
Hugetlb:               0 kB
DirectMap4k:     2739008 kB
DirectMap2M:     5236736 kB
DirectMap1G:    58720256 kB

