MemTotal:       65439348 kB
MemFree:        63897248 kB
MemAvailable:   63916312 kB
Buffers:           47460 kB
Cached:           543804 kB
SwapCached:            0 kB
Active:           155780 kB
Inactive:         496232 kB
Active(anon):       3252 kB
Inactive(anon):    72976 kB
Active(file):     152528 kB
Inactive(file):   423256 kB
Unevictable:       19496 kB
Mlocked:           19496 kB
SwapTotal:       1996796 kB
SwapFree:        1996796 kB
Dirty:               640 kB
Writeback:             0 kB
AnonPages:         80236 kB
Mapped:            82356 kB
Shmem:              6380 kB
KReclaimable:      79180 kB
Slab:             308656 kB
SReclaimable:      79180 kB
SUnreclaim:       229476 kB
KernelStack:       10016 kB
PageTables:         2380 kB
NFS_Unstable:          0 kB
Bounce:                0 kB
WritebackTmp:          0 kB
CommitLimit:    34716468 kB
Committed_AS:     799200 kB
VmallocTotal:   34359738367 kB
VmallocUsed:       41100 kB
VmallocChunk:          0 kB
Percpu:           170112 kB
HardwareCorrupted:     0 kB
AnonHugePages:         0 kB
ShmemHugePages:        0 kB
ShmemPmdMapped:        0 kB
FileHugePages:         0 kB
FilePmdMapped:         0 kB
HugePages_Total:       0
HugePages_Free:        0
HugePages_Rsvd:        0
HugePages_Surp:        0
Hugepagesize:       2048 kB
Hugetlb:               0 kB
DirectMap4k:     2734912 kB
DirectMap2M:     5240832 kB
DirectMap1G:    58720256 kB

