MemTotal:       65439348 kB
MemFree:        64317536 kB
MemAvailable:   64014048 kB
Buffers:           31184 kB
Cached:           247772 kB
SwapCached:            0 kB
Active:           122336 kB
Inactive:         216696 kB
Active(anon):       3216 kB
Inactive(anon):    72336 kB
Active(file):     119120 kB
Inactive(file):   144360 kB
Unevictable:       19496 kB
Mlocked:           19496 kB
SwapTotal:       1996796 kB
SwapFree:        1996796 kB
Dirty:               728 kB
Writeback:             0 kB
AnonPages:         79668 kB
Mapped:            74380 kB
Shmem:              6376 kB
KReclaimable:      56288 kB
Slab:             276452 kB
SReclaimable:      56288 kB
SUnreclaim:       220164 kB
KernelStack:        9952 kB
PageTables:         2392 kB
NFS_Unstable:          0 kB
Bounce:                0 kB
WritebackTmp:          0 kB
CommitLimit:    34716468 kB
Committed_AS:     790356 kB
VmallocTotal:   34359738367 kB
VmallocUsed:       38484 kB
VmallocChunk:          0 kB
Percpu:            96576 kB
HardwareCorrupted:     0 kB
AnonHugePages:         0 kB
ShmemHugePages:        0 kB
ShmemPmdMapped:        0 kB
FileHugePages:         0 kB
FilePmdMapped:         0 kB
HugePages_Total:       0
HugePages_Free:        0
HugePages_Rsvd:        0
HugePages_Surp:        0
Hugepagesize:       2048 kB
Hugetlb:               0 kB
DirectMap4k:     2106176 kB
DirectMap2M:     5869568 kB
DirectMap1G:    58720256 kB

