MemTotal:       65439348 kB
MemFree:        63882444 kB
MemAvailable:   63908092 kB
Buffers:           48280 kB
Cached:           549256 kB
SwapCached:            0 kB
Active:           156580 kB
Inactive:         502600 kB
Active(anon):       3236 kB
Inactive(anon):    73888 kB
Active(file):     153344 kB
Inactive(file):   428712 kB
Unevictable:       19496 kB
Mlocked:           19496 kB
SwapTotal:       1996796 kB
SwapFree:        1996796 kB
Dirty:               560 kB
Writeback:             0 kB
AnonPages:         81188 kB
Mapped:            82980 kB
Shmem:              6376 kB
KReclaimable:      79808 kB
Slab:             309856 kB
SReclaimable:      79808 kB
SUnreclaim:       230048 kB
KernelStack:       10032 kB
PageTables:         2200 kB
NFS_Unstable:          0 kB
Bounce:                0 kB
WritebackTmp:          0 kB
CommitLimit:    34716468 kB
Committed_AS:     799204 kB
VmallocTotal:   34359738367 kB
VmallocUsed:       41520 kB
VmallocChunk:          0 kB
Percpu:           176064 kB
HardwareCorrupted:     0 kB
AnonHugePages:         0 kB
ShmemHugePages:        0 kB
ShmemPmdMapped:        0 kB
FileHugePages:         0 kB
FilePmdMapped:         0 kB
HugePages_Total:       0
HugePages_Free:        0
HugePages_Rsvd:        0
HugePages_Surp:        0
Hugepagesize:       2048 kB
Hugetlb:               0 kB
DirectMap4k:     2741056 kB
DirectMap2M:     5234688 kB
DirectMap1G:    58720256 kB

