MemTotal:       65439348 kB
MemFree:        63791284 kB
MemAvailable:   63859704 kB
Buffers:           53244 kB
Cached:           584520 kB
SwapCached:            0 kB
Active:           200496 kB
Inactive:         499700 kB
Active(anon):       3224 kB
Inactive(anon):    74696 kB
Active(file):     197272 kB
Inactive(file):   425004 kB
Unevictable:       19496 kB
Mlocked:           19496 kB
SwapTotal:       1996796 kB
SwapFree:        1996796 kB
Dirty:               660 kB
Writeback:             0 kB
AnonPages:         81916 kB
Mapped:            85104 kB
Shmem:              6376 kB
KReclaimable:      84908 kB
Slab:             319320 kB
SReclaimable:      84908 kB
SUnreclaim:       234412 kB
KernelStack:       10160 kB
PageTables:         2480 kB
NFS_Unstable:          0 kB
Bounce:                0 kB
WritebackTmp:          0 kB
CommitLimit:    34716468 kB
Committed_AS:     807648 kB
VmallocTotal:   34359738367 kB
VmallocUsed:       43388 kB
VmallocChunk:          0 kB
Percpu:           212928 kB
HardwareCorrupted:     0 kB
AnonHugePages:         0 kB
ShmemHugePages:        0 kB
ShmemPmdMapped:        0 kB
FileHugePages:         0 kB
FilePmdMapped:         0 kB
HugePages_Total:       0
HugePages_Free:        0
HugePages_Rsvd:        0
HugePages_Surp:        0
Hugepagesize:       2048 kB
Hugetlb:               0 kB
DirectMap4k:     2784064 kB
DirectMap2M:     5191680 kB
DirectMap1G:    58720256 kB

