MemTotal:       65439348 kB
MemFree:        63894696 kB
MemAvailable:   63894664 kB
Buffers:           45184 kB
Cached:           528000 kB
SwapCached:            0 kB
Active:           152248 kB
Inactive:         521036 kB
Active(anon):       3252 kB
Inactive(anon):   112336 kB
Active(file):     148996 kB
Inactive(file):   408700 kB
Unevictable:       19496 kB
Mlocked:           19496 kB
SwapTotal:       1996796 kB
SwapFree:        1996796 kB
Dirty:               784 kB
Writeback:             0 kB
AnonPages:        119200 kB
Mapped:           122800 kB
Shmem:              6388 kB
KReclaimable:      77164 kB
Slab:             306688 kB
SReclaimable:      77164 kB
SUnreclaim:       229524 kB
KernelStack:       10304 kB
PageTables:         3168 kB
NFS_Unstable:          0 kB
Bounce:                0 kB
WritebackTmp:          0 kB
CommitLimit:    34716468 kB
Committed_AS:     888576 kB
VmallocTotal:   34359738367 kB
VmallocUsed:       40804 kB
VmallocChunk:          0 kB
Percpu:           152640 kB
HardwareCorrupted:     0 kB
AnonHugePages:         0 kB
ShmemHugePages:        0 kB
ShmemPmdMapped:        0 kB
FileHugePages:         0 kB
FilePmdMapped:         0 kB
HugePages_Total:       0
HugePages_Free:        0
HugePages_Rsvd:        0
HugePages_Surp:        0
Hugepagesize:       2048 kB
Hugetlb:               0 kB
DirectMap4k:     2712384 kB
DirectMap2M:     5263360 kB
DirectMap1G:    58720256 kB

