MemTotal:       65439348 kB
MemFree:        63836700 kB
MemAvailable:   63886232 kB
Buffers:           51128 kB
Cached:           568800 kB
SwapCached:            0 kB
Active:           198396 kB
Inactive:         482252 kB
Active(anon):       3244 kB
Inactive(anon):    72968 kB
Active(file):     195152 kB
Inactive(file):   409284 kB
Unevictable:       19496 kB
Mlocked:           19496 kB
SwapTotal:       1996796 kB
SwapFree:        1996796 kB
Dirty:               776 kB
Writeback:             0 kB
AnonPages:         80288 kB
Mapped:            84004 kB
Shmem:              6376 kB
KReclaimable:      82812 kB
Slab:             313632 kB
SReclaimable:      82812 kB
SUnreclaim:       230820 kB
KernelStack:       10048 kB
PageTables:         2444 kB
NFS_Unstable:          0 kB
Bounce:                0 kB
WritebackTmp:          0 kB
CommitLimit:    34716468 kB
Committed_AS:     807780 kB
VmallocTotal:   34359738367 kB
VmallocUsed:       42292 kB
VmallocChunk:          0 kB
Percpu:           195456 kB
HardwareCorrupted:     0 kB
AnonHugePages:         0 kB
ShmemHugePages:        0 kB
ShmemPmdMapped:        0 kB
FileHugePages:         0 kB
FilePmdMapped:         0 kB
HugePages_Total:       0
HugePages_Free:        0
HugePages_Rsvd:        0
HugePages_Surp:        0
Hugepagesize:       2048 kB
Hugetlb:               0 kB
DirectMap4k:     2759488 kB
DirectMap2M:     5216256 kB
DirectMap1G:    58720256 kB

