MemTotal:       65439348 kB
MemFree:        64323112 kB
MemAvailable:   64018096 kB
Buffers:           30784 kB
Cached:           245272 kB
SwapCached:            0 kB
Active:           121920 kB
Inactive:         214900 kB
Active(anon):       3224 kB
Inactive(anon):    73052 kB
Active(file):     118696 kB
Inactive(file):   141848 kB
Unevictable:       19496 kB
Mlocked:           19496 kB
SwapTotal:       1996796 kB
SwapFree:        1996796 kB
Dirty:               648 kB
Writeback:             0 kB
AnonPages:         80316 kB
Mapped:            74288 kB
Shmem:              6376 kB
KReclaimable:      56164 kB
Slab:             276076 kB
SReclaimable:      56164 kB
SUnreclaim:       219912 kB
KernelStack:        9968 kB
PageTables:         1976 kB
NFS_Unstable:          0 kB
Bounce:                0 kB
WritebackTmp:          0 kB
CommitLimit:    34716468 kB
Committed_AS:     790100 kB
VmallocTotal:   34359738367 kB
VmallocUsed:       38372 kB
VmallocChunk:          0 kB
Percpu:            96576 kB
HardwareCorrupted:     0 kB
AnonHugePages:         0 kB
ShmemHugePages:        0 kB
ShmemPmdMapped:        0 kB
FileHugePages:         0 kB
FilePmdMapped:         0 kB
HugePages_Total:       0
HugePages_Free:        0
HugePages_Rsvd:        0
HugePages_Surp:        0
Hugepagesize:       2048 kB
Hugetlb:               0 kB
DirectMap4k:     2073408 kB
DirectMap2M:     5902336 kB
DirectMap1G:    58720256 kB

