MemTotal:       65439348 kB
MemFree:        63709400 kB
MemAvailable:   63818828 kB
Buffers:           58468 kB
Cached:           618100 kB
SwapCached:            0 kB
Active:           211380 kB
Inactive:         526204 kB
Active(anon):       3244 kB
Inactive(anon):    73252 kB
Active(file):     208136 kB
Inactive(file):   452952 kB
Unevictable:       19496 kB
Mlocked:           19496 kB
SwapTotal:       1996796 kB
SwapFree:        1996796 kB
Dirty:               768 kB
Writeback:             0 kB
AnonPages:         80616 kB
Mapped:            88164 kB
Shmem:              6376 kB
KReclaimable:      89300 kB
Slab:             328132 kB
SReclaimable:      89300 kB
SUnreclaim:       238832 kB
KernelStack:       10064 kB
PageTables:         2508 kB
NFS_Unstable:          0 kB
Bounce:                0 kB
WritebackTmp:          0 kB
CommitLimit:    34716468 kB
Committed_AS:     808040 kB
VmallocTotal:   34359738367 kB
VmallocUsed:       44840 kB
VmallocChunk:          0 kB
Percpu:           249024 kB
HardwareCorrupted:     0 kB
AnonHugePages:         0 kB
ShmemHugePages:        0 kB
ShmemPmdMapped:        0 kB
FileHugePages:         0 kB
FilePmdMapped:         0 kB
HugePages_Total:       0
HugePages_Free:        0
HugePages_Rsvd:        0
HugePages_Surp:        0
Hugepagesize:       2048 kB
Hugetlb:               0 kB
DirectMap4k:     2829120 kB
DirectMap2M:     5146624 kB
DirectMap1G:    58720256 kB

