MemTotal:       65439348 kB
MemFree:        63712684 kB
MemAvailable:   63820176 kB
Buffers:           58256 kB
Cached:           616500 kB
SwapCached:            0 kB
Active:           211156 kB
Inactive:         524448 kB
Active(anon):       3236 kB
Inactive(anon):    73096 kB
Active(file):     207920 kB
Inactive(file):   451352 kB
Unevictable:       19496 kB
Mlocked:           19496 kB
SwapTotal:       1996796 kB
SwapFree:        1996796 kB
Dirty:               884 kB
Writeback:             0 kB
AnonPages:         80420 kB
Mapped:            88060 kB
Shmem:              6376 kB
KReclaimable:      89064 kB
Slab:             327244 kB
SReclaimable:      89064 kB
SUnreclaim:       238180 kB
KernelStack:        9984 kB
PageTables:         2352 kB
NFS_Unstable:          0 kB
Bounce:                0 kB
WritebackTmp:          0 kB
CommitLimit:    34716468 kB
Committed_AS:     807648 kB
VmallocTotal:   34359738367 kB
VmallocUsed:       44404 kB
VmallocChunk:          0 kB
Percpu:           247296 kB
HardwareCorrupted:     0 kB
AnonHugePages:         0 kB
ShmemHugePages:        0 kB
ShmemPmdMapped:        0 kB
FileHugePages:         0 kB
FilePmdMapped:         0 kB
HugePages_Total:       0
HugePages_Free:        0
HugePages_Rsvd:        0
HugePages_Surp:        0
Hugepagesize:       2048 kB
Hugetlb:               0 kB
DirectMap4k:     2825024 kB
DirectMap2M:     5150720 kB
DirectMap1G:    58720256 kB

