MemTotal:       65439348 kB
MemFree:        63802108 kB
MemAvailable:   63865500 kB
Buffers:           52708 kB
Cached:           580260 kB
SwapCached:            0 kB
Active:           199964 kB
Inactive:         494712 kB
Active(anon):       3224 kB
Inactive(anon):    73972 kB
Active(file):     196740 kB
Inactive(file):   420740 kB
Unevictable:       19496 kB
Mlocked:           19496 kB
SwapTotal:       1996796 kB
SwapFree:        1996796 kB
Dirty:               656 kB
Writeback:             0 kB
AnonPages:         81240 kB
Mapped:            85424 kB
Shmem:              6380 kB
KReclaimable:      84448 kB
Slab:             318916 kB
SReclaimable:      84448 kB
SUnreclaim:       234468 kB
KernelStack:       10080 kB
PageTables:         2424 kB
NFS_Unstable:          0 kB
Bounce:                0 kB
WritebackTmp:          0 kB
CommitLimit:    34716468 kB
Committed_AS:     807656 kB
VmallocTotal:   34359738367 kB
VmallocUsed:       42936 kB
VmallocChunk:          0 kB
Percpu:           207936 kB
HardwareCorrupted:     0 kB
AnonHugePages:         0 kB
ShmemHugePages:        0 kB
ShmemPmdMapped:        0 kB
FileHugePages:         0 kB
FilePmdMapped:         0 kB
HugePages_Total:       0
HugePages_Free:        0
HugePages_Rsvd:        0
HugePages_Surp:        0
Hugepagesize:       2048 kB
Hugetlb:               0 kB
DirectMap4k:     2775872 kB
DirectMap2M:     5199872 kB
DirectMap1G:    58720256 kB

