MemTotal:       65439348 kB
MemFree:        63731504 kB
MemAvailable:   63827448 kB
Buffers:           56988 kB
Cached:           606876 kB
SwapCached:            0 kB
Active:           204932 kB
Inactive:         525092 kB
Active(anon):       3248 kB
Inactive(anon):    78428 kB
Active(file):     201684 kB
Inactive(file):   446664 kB
Unevictable:       19496 kB
Mlocked:           19496 kB
SwapTotal:       1996796 kB
SwapFree:        1996796 kB
Dirty:                72 kB
Writeback:             0 kB
AnonPages:         85776 kB
Mapped:            96708 kB
Shmem:              6380 kB
KReclaimable:      87812 kB
Slab:             324556 kB
SReclaimable:      87812 kB
SUnreclaim:       236744 kB
KernelStack:       10080 kB
PageTables:         2672 kB
NFS_Unstable:          0 kB
Bounce:                0 kB
WritebackTmp:          0 kB
CommitLimit:    34716468 kB
Committed_AS:     854432 kB
VmallocTotal:   34359738367 kB
VmallocUsed:       44524 kB
VmallocChunk:          0 kB
Percpu:           237120 kB
HardwareCorrupted:     0 kB
AnonHugePages:         0 kB
ShmemHugePages:        0 kB
ShmemPmdMapped:        0 kB
FileHugePages:         0 kB
FilePmdMapped:         0 kB
HugePages_Total:       0
HugePages_Free:        0
HugePages_Rsvd:        0
HugePages_Surp:        0
Hugepagesize:       2048 kB
Hugetlb:               0 kB
DirectMap4k:     2812736 kB
DirectMap2M:     5163008 kB
DirectMap1G:    58720256 kB

