MemTotal:       65439348 kB
MemFree:        63788424 kB
MemAvailable:   63859220 kB
Buffers:           53544 kB
Cached:           586472 kB
SwapCached:            0 kB
Active:           200824 kB
Inactive:         500172 kB
Active(anon):       3244 kB
Inactive(anon):    73220 kB
Active(file):     197580 kB
Inactive(file):   426952 kB
Unevictable:       19496 kB
Mlocked:           19496 kB
SwapTotal:       1996796 kB
SwapFree:        1996796 kB
Dirty:               172 kB
Writeback:             0 kB
AnonPages:         80604 kB
Mapped:            85656 kB
Shmem:              6376 kB
KReclaimable:      85148 kB
Slab:             319524 kB
SReclaimable:      85148 kB
SUnreclaim:       234376 kB
KernelStack:       10080 kB
PageTables:         2504 kB
NFS_Unstable:          0 kB
Bounce:                0 kB
WritebackTmp:          0 kB
CommitLimit:    34716468 kB
Committed_AS:     808040 kB
VmallocTotal:   34359738367 kB
VmallocUsed:       43292 kB
VmallocChunk:          0 kB
Percpu:           214656 kB
HardwareCorrupted:     0 kB
AnonHugePages:         0 kB
ShmemHugePages:        0 kB
ShmemPmdMapped:        0 kB
FileHugePages:         0 kB
FilePmdMapped:         0 kB
HugePages_Total:       0
HugePages_Free:        0
HugePages_Rsvd:        0
HugePages_Surp:        0
Hugepagesize:       2048 kB
Hugetlb:               0 kB
DirectMap4k:     2788160 kB
DirectMap2M:     5187584 kB
DirectMap1G:    58720256 kB

