MemTotal:       65439348 kB
MemFree:        64327032 kB
MemAvailable:   64020312 kB
Buffers:           30248 kB
Cached:           242528 kB
SwapCached:            0 kB
Active:           121380 kB
Inactive:         211348 kB
Active(anon):       3212 kB
Inactive(anon):    72240 kB
Active(file):     118168 kB
Inactive(file):   139108 kB
Unevictable:       19496 kB
Mlocked:           19496 kB
SwapTotal:       1996796 kB
SwapFree:        1996796 kB
Dirty:                44 kB
Writeback:             0 kB
AnonPages:         79524 kB
Mapped:            73916 kB
Shmem:              6376 kB
KReclaimable:      56020 kB
Slab:             276584 kB
SReclaimable:      56020 kB
SUnreclaim:       220564 kB
KernelStack:        9888 kB
PageTables:         2388 kB
NFS_Unstable:          0 kB
Bounce:                0 kB
WritebackTmp:          0 kB
CommitLimit:    34716468 kB
Committed_AS:     790352 kB
VmallocTotal:   34359738367 kB
VmallocUsed:       38308 kB
VmallocChunk:          0 kB
Percpu:            96576 kB
HardwareCorrupted:     0 kB
AnonHugePages:         0 kB
ShmemHugePages:        0 kB
ShmemPmdMapped:        0 kB
FileHugePages:         0 kB
FilePmdMapped:         0 kB
HugePages_Total:       0
HugePages_Free:        0
HugePages_Rsvd:        0
HugePages_Surp:        0
Hugepagesize:       2048 kB
Hugetlb:               0 kB
DirectMap4k:     2032448 kB
DirectMap2M:     5943296 kB
DirectMap1G:    58720256 kB

