MemTotal:       65439348 kB
MemFree:        63918936 kB
MemAvailable:   63926996 kB
Buffers:           46132 kB
Cached:           534660 kB
SwapCached:            0 kB
Active:           154444 kB
Inactive:         486492 kB
Active(anon):       3248 kB
Inactive(anon):    72376 kB
Active(file):     151196 kB
Inactive(file):   414116 kB
Unevictable:       19496 kB
Mlocked:           19496 kB
SwapTotal:       1996796 kB
SwapFree:        1996796 kB
Dirty:               656 kB
Writeback:             0 kB
AnonPages:         79696 kB
Mapped:            81620 kB
Shmem:              6376 kB
KReclaimable:      78120 kB
Slab:             306564 kB
SReclaimable:      78120 kB
SUnreclaim:       228444 kB
KernelStack:       10080 kB
PageTables:         2400 kB
NFS_Unstable:          0 kB
Bounce:                0 kB
WritebackTmp:          0 kB
CommitLimit:    34716468 kB
Committed_AS:     799592 kB
VmallocTotal:   34359738367 kB
VmallocUsed:       41228 kB
VmallocChunk:          0 kB
Percpu:           159936 kB
HardwareCorrupted:     0 kB
AnonHugePages:         0 kB
ShmemHugePages:        0 kB
ShmemPmdMapped:        0 kB
FileHugePages:         0 kB
FilePmdMapped:         0 kB
HugePages_Total:       0
HugePages_Free:        0
HugePages_Rsvd:        0
HugePages_Surp:        0
Hugepagesize:       2048 kB
Hugetlb:               0 kB
DirectMap4k:     2720576 kB
DirectMap2M:     5255168 kB
DirectMap1G:    58720256 kB

