MemTotal:       65439348 kB
MemFree:        64156024 kB
MemAvailable:   63945396 kB
Buffers:           43192 kB
Cached:           321632 kB
SwapCached:            0 kB
Active:           138956 kB
Inactive:         291804 kB
Active(anon):       3256 kB
Inactive(anon):    78168 kB
Active(file):     135700 kB
Inactive(file):   213636 kB
Unevictable:       19496 kB
Mlocked:           19496 kB
SwapTotal:       1996796 kB
SwapFree:        1996796 kB
Dirty:               644 kB
Writeback:             0 kB
AnonPages:         85740 kB
Mapped:            89404 kB
Shmem:              6384 kB
KReclaimable:      72696 kB
Slab:             300432 kB
SReclaimable:      72696 kB
SUnreclaim:       227736 kB
KernelStack:       10048 kB
PageTables:         2592 kB
NFS_Unstable:          0 kB
Bounce:                0 kB
WritebackTmp:          0 kB
CommitLimit:    34716468 kB
Committed_AS:     837616 kB
VmallocTotal:   34359738367 kB
VmallocUsed:       40168 kB
VmallocChunk:          0 kB
Percpu:           138240 kB
HardwareCorrupted:     0 kB
AnonHugePages:         0 kB
ShmemHugePages:        0 kB
ShmemPmdMapped:        0 kB
FileHugePages:         0 kB
FilePmdMapped:         0 kB
HugePages_Total:       0
HugePages_Free:        0
HugePages_Rsvd:        0
HugePages_Surp:        0
Hugepagesize:       2048 kB
Hugetlb:               0 kB
DirectMap4k:     2696000 kB
DirectMap2M:     5279744 kB
DirectMap1G:    58720256 kB

