MemTotal:       65439348 kB
MemFree:        63928152 kB
MemAvailable:   63930264 kB
Buffers:           45456 kB
Cached:           529756 kB
SwapCached:            0 kB
Active:           153760 kB
Inactive:         483584 kB
Active(anon):       3236 kB
Inactive(anon):    74368 kB
Active(file):     150524 kB
Inactive(file):   409216 kB
Unevictable:       19496 kB
Mlocked:           19496 kB
SwapTotal:       1996796 kB
SwapFree:        1996796 kB
Dirty:               684 kB
Writeback:             0 kB
AnonPages:         81652 kB
Mapped:            81660 kB
Shmem:              6372 kB
KReclaimable:      77364 kB
Slab:             307200 kB
SReclaimable:      77364 kB
SUnreclaim:       229836 kB
KernelStack:       10128 kB
PageTables:         2300 kB
NFS_Unstable:          0 kB
Bounce:                0 kB
WritebackTmp:          0 kB
CommitLimit:    34716468 kB
Committed_AS:     791008 kB
VmallocTotal:   34359738367 kB
VmallocUsed:       40676 kB
VmallocChunk:          0 kB
Percpu:           154368 kB
HardwareCorrupted:     0 kB
AnonHugePages:         0 kB
ShmemHugePages:        0 kB
ShmemPmdMapped:        0 kB
FileHugePages:         0 kB
FilePmdMapped:         0 kB
HugePages_Total:       0
HugePages_Free:        0
HugePages_Rsvd:        0
HugePages_Surp:        0
Hugepagesize:       2048 kB
Hugetlb:               0 kB
DirectMap4k:     2716480 kB
DirectMap2M:     5259264 kB
DirectMap1G:    58720256 kB

