MemTotal:       65439348 kB
MemFree:        64177716 kB
MemAvailable:   63956384 kB
Buffers:           41812 kB
Cached:           312856 kB
SwapCached:            0 kB
Active:           137240 kB
Inactive:         283572 kB
Active(anon):       3248 kB
Inactive(anon):    78384 kB
Active(file):     133992 kB
Inactive(file):   205188 kB
Unevictable:       19496 kB
Mlocked:           19496 kB
SwapTotal:       1996796 kB
SwapFree:        1996796 kB
Dirty:               172 kB
Writeback:             0 kB
AnonPages:         85708 kB
Mapped:            88144 kB
Shmem:              6380 kB
KReclaimable:      71600 kB
Slab:             298024 kB
SReclaimable:      71600 kB
SUnreclaim:       226424 kB
KernelStack:       10144 kB
PageTables:         2576 kB
NFS_Unstable:          0 kB
Bounce:                0 kB
WritebackTmp:          0 kB
CommitLimit:    34716468 kB
Committed_AS:     837868 kB
VmallocTotal:   34359738367 kB
VmallocUsed:       39796 kB
VmallocChunk:          0 kB
Percpu:           128640 kB
HardwareCorrupted:     0 kB
AnonHugePages:         0 kB
ShmemHugePages:        0 kB
ShmemPmdMapped:        0 kB
FileHugePages:         0 kB
FilePmdMapped:         0 kB
HugePages_Total:       0
HugePages_Free:        0
HugePages_Rsvd:        0
HugePages_Surp:        0
Hugepagesize:       2048 kB
Hugetlb:               0 kB
DirectMap4k:     2681664 kB
DirectMap2M:     5294080 kB
DirectMap1G:    58720256 kB

