MemTotal:       65439348 kB
MemFree:        63804072 kB
MemAvailable:   63867012 kB
Buffers:           52680 kB
Cached:           579848 kB
SwapCached:            0 kB
Active:           199960 kB
Inactive:         493424 kB
Active(anon):       3244 kB
Inactive(anon):    73092 kB
Active(file):     196716 kB
Inactive(file):   420332 kB
Unevictable:       19496 kB
Mlocked:           19496 kB
SwapTotal:       1996796 kB
SwapFree:        1996796 kB
Dirty:               748 kB
Writeback:             0 kB
AnonPages:         80444 kB
Mapped:            85064 kB
Shmem:              6376 kB
KReclaimable:      84404 kB
Slab:             319000 kB
SReclaimable:      84404 kB
SUnreclaim:       234596 kB
KernelStack:       10064 kB
PageTables:         2508 kB
NFS_Unstable:          0 kB
Bounce:                0 kB
WritebackTmp:          0 kB
CommitLimit:    34716468 kB
Committed_AS:     808036 kB
VmallocTotal:   34359738367 kB
VmallocUsed:       42808 kB
VmallocChunk:          0 kB
Percpu:           207360 kB
HardwareCorrupted:     0 kB
AnonHugePages:         0 kB
ShmemHugePages:        0 kB
ShmemPmdMapped:        0 kB
FileHugePages:         0 kB
FilePmdMapped:         0 kB
HugePages_Total:       0
HugePages_Free:        0
HugePages_Rsvd:        0
HugePages_Surp:        0
Hugepagesize:       2048 kB
Hugetlb:               0 kB
DirectMap4k:     2775872 kB
DirectMap2M:     5199872 kB
DirectMap1G:    58720256 kB

