MemTotal:       65439348 kB
MemFree:        63704560 kB
MemAvailable:   63814880 kB
Buffers:           58552 kB
Cached:           618860 kB
SwapCached:            0 kB
Active:           211452 kB
Inactive:         527672 kB
Active(anon):       3228 kB
Inactive(anon):    73960 kB
Active(file):     208224 kB
Inactive(file):   453712 kB
Unevictable:       19496 kB
Mlocked:           19496 kB
SwapTotal:       1996796 kB
SwapFree:        1996796 kB
Dirty:               548 kB
Writeback:             0 kB
AnonPages:         81140 kB
Mapped:            88340 kB
Shmem:              6376 kB
KReclaimable:      89392 kB
Slab:             328312 kB
SReclaimable:      89392 kB
SUnreclaim:       238920 kB
KernelStack:       10032 kB
PageTables:         2280 kB
NFS_Unstable:          0 kB
Bounce:                0 kB
WritebackTmp:          0 kB
CommitLimit:    34716468 kB
Committed_AS:     807652 kB
VmallocTotal:   34359738367 kB
VmallocUsed:       44920 kB
VmallocChunk:          0 kB
Percpu:           250176 kB
HardwareCorrupted:     0 kB
AnonHugePages:         0 kB
ShmemHugePages:        0 kB
ShmemPmdMapped:        0 kB
FileHugePages:         0 kB
FilePmdMapped:         0 kB
HugePages_Total:       0
HugePages_Free:        0
HugePages_Rsvd:        0
HugePages_Surp:        0
Hugepagesize:       2048 kB
Hugetlb:               0 kB
DirectMap4k:     2829120 kB
DirectMap2M:     5146624 kB
DirectMap1G:    58720256 kB

