MemTotal:       65439348 kB
MemFree:        64138428 kB
MemAvailable:   63936316 kB
Buffers:           44204 kB
Cached:           328528 kB
SwapCached:            0 kB
Active:           139948 kB
Inactive:         298840 kB
Active(anon):       3244 kB
Inactive(anon):    78300 kB
Active(file):     136704 kB
Inactive(file):   220540 kB
Unevictable:       19496 kB
Mlocked:           19496 kB
SwapTotal:       1996796 kB
SwapFree:        1996796 kB
Dirty:               756 kB
Writeback:             0 kB
AnonPages:         85632 kB
Mapped:            89468 kB
Shmem:              6380 kB
KReclaimable:      73912 kB
Slab:             302228 kB
SReclaimable:      73912 kB
SUnreclaim:       228316 kB
KernelStack:       10128 kB
PageTables:         2572 kB
NFS_Unstable:          0 kB
Bounce:                0 kB
WritebackTmp:          0 kB
CommitLimit:    34716468 kB
Committed_AS:     838256 kB
VmallocTotal:   34359738367 kB
VmallocUsed:       40812 kB
VmallocChunk:          0 kB
Percpu:           146112 kB
HardwareCorrupted:     0 kB
AnonHugePages:         0 kB
ShmemHugePages:        0 kB
ShmemPmdMapped:        0 kB
FileHugePages:         0 kB
FilePmdMapped:         0 kB
HugePages_Total:       0
HugePages_Free:        0
HugePages_Rsvd:        0
HugePages_Surp:        0
Hugepagesize:       2048 kB
Hugetlb:               0 kB
DirectMap4k:     2706240 kB
DirectMap2M:     5269504 kB
DirectMap1G:    58720256 kB

