MemTotal:       65439348 kB
MemFree:        63924876 kB
MemAvailable:   63928836 kB
Buffers:           45676 kB
Cached:           531300 kB
SwapCached:            0 kB
Active:           153996 kB
Inactive:         485008 kB
Active(anon):       3252 kB
Inactive(anon):    74256 kB
Active(file):     150744 kB
Inactive(file):   410752 kB
Unevictable:       19496 kB
Mlocked:           19496 kB
SwapTotal:       1996796 kB
SwapFree:        1996796 kB
Dirty:               712 kB
Writeback:             0 kB
AnonPages:         81588 kB
Mapped:            81360 kB
Shmem:              6380 kB
KReclaimable:      77552 kB
Slab:             306996 kB
SReclaimable:      77552 kB
SUnreclaim:       229444 kB
KernelStack:       10000 kB
PageTables:         2440 kB
NFS_Unstable:          0 kB
Bounce:                0 kB
WritebackTmp:          0 kB
CommitLimit:    34716468 kB
Committed_AS:     799204 kB
VmallocTotal:   34359738367 kB
VmallocUsed:       40660 kB
VmallocChunk:          0 kB
Percpu:           156288 kB
HardwareCorrupted:     0 kB
AnonHugePages:         0 kB
ShmemHugePages:        0 kB
ShmemPmdMapped:        0 kB
FileHugePages:         0 kB
FilePmdMapped:         0 kB
HugePages_Total:       0
HugePages_Free:        0
HugePages_Rsvd:        0
HugePages_Surp:        0
Hugepagesize:       2048 kB
Hugetlb:               0 kB
DirectMap4k:     2718528 kB
DirectMap2M:     5257216 kB
DirectMap1G:    58720256 kB

