MemTotal:       65439348 kB
MemFree:        64321968 kB
MemAvailable:   64016624 kB
Buffers:           30712 kB
Cached:           244752 kB
SwapCached:            0 kB
Active:           121824 kB
Inactive:         213600 kB
Active(anon):       3216 kB
Inactive(anon):    72272 kB
Active(file):     118608 kB
Inactive(file):   141328 kB
Unevictable:       19496 kB
Mlocked:           19496 kB
SwapTotal:       1996796 kB
SwapFree:        1996796 kB
Dirty:                72 kB
Writeback:             0 kB
AnonPages:         79600 kB
Mapped:            74176 kB
Shmem:              6376 kB
KReclaimable:      56116 kB
Slab:             275952 kB
SReclaimable:      56116 kB
SUnreclaim:       219836 kB
KernelStack:       10000 kB
PageTables:         2392 kB
NFS_Unstable:          0 kB
Bounce:                0 kB
WritebackTmp:          0 kB
CommitLimit:    34716468 kB
Committed_AS:     790352 kB
VmallocTotal:   34359738367 kB
VmallocUsed:       38484 kB
VmallocChunk:          0 kB
Percpu:            96576 kB
HardwareCorrupted:     0 kB
AnonHugePages:         0 kB
ShmemHugePages:        0 kB
ShmemPmdMapped:        0 kB
FileHugePages:         0 kB
FilePmdMapped:         0 kB
HugePages_Total:       0
HugePages_Free:        0
HugePages_Rsvd:        0
HugePages_Surp:        0
Hugepagesize:       2048 kB
Hugetlb:               0 kB
DirectMap4k:     2065216 kB
DirectMap2M:     5910528 kB
DirectMap1G:    58720256 kB

