MemTotal:       65439348 kB
MemFree:        64159700 kB
MemAvailable:   63948848 kB
Buffers:           43160 kB
Cached:           321440 kB
SwapCached:            0 kB
Active:           138896 kB
Inactive:         291676 kB
Active(anon):       3248 kB
Inactive(anon):    78212 kB
Active(file):     135648 kB
Inactive(file):   213464 kB
Unevictable:       19496 kB
Mlocked:           19496 kB
SwapTotal:       1996796 kB
SwapFree:        1996796 kB
Dirty:               180 kB
Writeback:             0 kB
AnonPages:         85576 kB
Mapped:            88876 kB
Shmem:              6380 kB
KReclaimable:      72692 kB
Slab:             300200 kB
SReclaimable:      72692 kB
SUnreclaim:       227508 kB
KernelStack:       10064 kB
PageTables:         2572 kB
NFS_Unstable:          0 kB
Bounce:                0 kB
WritebackTmp:          0 kB
CommitLimit:    34716468 kB
Committed_AS:     838004 kB
VmallocTotal:   34359738367 kB
VmallocUsed:       40280 kB
VmallocChunk:          0 kB
Percpu:           138240 kB
HardwareCorrupted:     0 kB
AnonHugePages:         0 kB
ShmemHugePages:        0 kB
ShmemPmdMapped:        0 kB
FileHugePages:         0 kB
FilePmdMapped:         0 kB
HugePages_Total:       0
HugePages_Free:        0
HugePages_Rsvd:        0
HugePages_Surp:        0
Hugepagesize:       2048 kB
Hugetlb:               0 kB
DirectMap4k:     2696000 kB
DirectMap2M:     5279744 kB
DirectMap1G:    58720256 kB

