MemTotal:       65439348 kB
MemFree:        64191416 kB
MemAvailable:   63965344 kB
Buffers:           41264 kB
Cached:           308956 kB
SwapCached:            0 kB
Active:           136692 kB
Inactive:         279628 kB
Active(anon):       3248 kB
Inactive(anon):    78340 kB
Active(file):     133444 kB
Inactive(file):   201288 kB
Unevictable:       19496 kB
Mlocked:           19496 kB
SwapTotal:       1996796 kB
SwapFree:        1996796 kB
Dirty:               744 kB
Writeback:             0 kB
AnonPages:         85664 kB
Mapped:            87904 kB
Shmem:              6380 kB
KReclaimable:      71012 kB
Slab:             296360 kB
SReclaimable:      71012 kB
SUnreclaim:       225348 kB
KernelStack:       10112 kB
PageTables:         2572 kB
NFS_Unstable:          0 kB
Bounce:                0 kB
WritebackTmp:          0 kB
CommitLimit:    34716468 kB
Committed_AS:     837876 kB
VmallocTotal:   34359738367 kB
VmallocUsed:       39668 kB
VmallocChunk:          0 kB
Percpu:           124416 kB
HardwareCorrupted:     0 kB
AnonHugePages:         0 kB
ShmemHugePages:        0 kB
ShmemPmdMapped:        0 kB
FileHugePages:         0 kB
FilePmdMapped:         0 kB
HugePages_Total:       0
HugePages_Free:        0
HugePages_Rsvd:        0
HugePages_Surp:        0
Hugepagesize:       2048 kB
Hugetlb:               0 kB
DirectMap4k:     2673472 kB
DirectMap2M:     5302272 kB
DirectMap1G:    58720256 kB

