MemTotal:       65439348 kB
MemFree:        64272720 kB
MemAvailable:   64001620 kB
Buffers:           37080 kB
Cached:           269832 kB
SwapCached:            0 kB
Active:           129900 kB
Inactive:         238492 kB
Active(anon):       3212 kB
Inactive(anon):    73748 kB
Active(file):     126688 kB
Inactive(file):   164744 kB
Unevictable:       19496 kB
Mlocked:           19496 kB
SwapTotal:       1996796 kB
SwapFree:        1996796 kB
Dirty:               600 kB
Writeback:             0 kB
AnonPages:         80516 kB
Mapped:            76788 kB
Shmem:              6380 kB
KReclaimable:      67556 kB
Slab:             290400 kB
SReclaimable:      67556 kB
SUnreclaim:       222844 kB
KernelStack:        9984 kB
PageTables:         2228 kB
NFS_Unstable:          0 kB
Bounce:                0 kB
WritebackTmp:          0 kB
CommitLimit:    34716468 kB
Committed_AS:     790360 kB
VmallocTotal:   34359738367 kB
VmallocUsed:       38532 kB
VmallocChunk:          0 kB
Percpu:            97728 kB
HardwareCorrupted:     0 kB
AnonHugePages:         0 kB
ShmemHugePages:        0 kB
ShmemPmdMapped:        0 kB
FileHugePages:         0 kB
FilePmdMapped:         0 kB
HugePages_Total:       0
HugePages_Free:        0
HugePages_Rsvd:        0
HugePages_Surp:        0
Hugepagesize:       2048 kB
Hugetlb:               0 kB
DirectMap4k:     2419520 kB
DirectMap2M:     5556224 kB
DirectMap1G:    58720256 kB

