MemTotal:       65439348 kB
MemFree:        64146144 kB
MemAvailable:   63941556 kB
Buffers:           43920 kB
Cached:           326524 kB
SwapCached:            0 kB
Active:           139660 kB
Inactive:         296800 kB
Active(anon):       3248 kB
Inactive(anon):    78264 kB
Active(file):     136412 kB
Inactive(file):   218536 kB
Unevictable:       19496 kB
Mlocked:           19496 kB
SwapTotal:       1996796 kB
SwapFree:        1996796 kB
Dirty:               532 kB
Writeback:             0 kB
AnonPages:         85636 kB
Mapped:            89204 kB
Shmem:              6380 kB
KReclaimable:      73548 kB
Slab:             301820 kB
SReclaimable:      73548 kB
SUnreclaim:       228272 kB
KernelStack:       10096 kB
PageTables:         2588 kB
NFS_Unstable:          0 kB
Bounce:                0 kB
WritebackTmp:          0 kB
CommitLimit:    34716468 kB
Committed_AS:     838260 kB
VmallocTotal:   34359738367 kB
VmallocUsed:       40168 kB
VmallocChunk:          0 kB
Percpu:           143616 kB
HardwareCorrupted:     0 kB
AnonHugePages:         0 kB
ShmemHugePages:        0 kB
ShmemPmdMapped:        0 kB
FileHugePages:         0 kB
FilePmdMapped:         0 kB
HugePages_Total:       0
HugePages_Free:        0
HugePages_Rsvd:        0
HugePages_Surp:        0
Hugepagesize:       2048 kB
Hugetlb:               0 kB
DirectMap4k:     2702144 kB
DirectMap2M:     5273600 kB
DirectMap1G:    58720256 kB

