MemTotal:       65439348 kB
MemFree:        64314700 kB
MemAvailable:   64015248 kB
Buffers:           31944 kB
Cached:           252148 kB
SwapCached:            0 kB
Active:           123120 kB
Inactive:         221968 kB
Active(anon):       3232 kB
Inactive(anon):    73248 kB
Active(file):     119888 kB
Inactive(file):   148720 kB
Unevictable:       19496 kB
Mlocked:           19496 kB
SwapTotal:       1996796 kB
SwapFree:        1996796 kB
Dirty:               600 kB
Writeback:             0 kB
AnonPages:         80656 kB
Mapped:            75016 kB
Shmem:              6376 kB
KReclaimable:      56504 kB
Slab:             277724 kB
SReclaimable:      56504 kB
SUnreclaim:       221220 kB
KernelStack:       10112 kB
PageTables:         2496 kB
NFS_Unstable:          0 kB
Bounce:                0 kB
WritebackTmp:          0 kB
CommitLimit:    34716468 kB
Committed_AS:     790360 kB
VmallocTotal:   34359738367 kB
VmallocUsed:       38500 kB
VmallocChunk:          0 kB
Percpu:            96576 kB
HardwareCorrupted:     0 kB
AnonHugePages:         0 kB
ShmemHugePages:        0 kB
ShmemPmdMapped:        0 kB
FileHugePages:         0 kB
FilePmdMapped:         0 kB
HugePages_Total:       0
HugePages_Free:        0
HugePages_Rsvd:        0
HugePages_Surp:        0
Hugepagesize:       2048 kB
Hugetlb:               0 kB
DirectMap4k:     2169664 kB
DirectMap2M:     5806080 kB
DirectMap1G:    58720256 kB

