MemTotal:       65439348 kB
MemFree:        64313164 kB
MemAvailable:   64014568 kB
Buffers:           32056 kB
Cached:           252852 kB
SwapCached:            0 kB
Active:           123208 kB
Inactive:         222804 kB
Active(anon):       3208 kB
Inactive(anon):    73372 kB
Active(file):     120000 kB
Inactive(file):   149432 kB
Unevictable:       19496 kB
Mlocked:           19496 kB
SwapTotal:       1996796 kB
SwapFree:        1996796 kB
Dirty:               648 kB
Writeback:             0 kB
AnonPages:         80636 kB
Mapped:            74864 kB
Shmem:              6376 kB
KReclaimable:      56564 kB
Slab:             278084 kB
SReclaimable:      56564 kB
SUnreclaim:       221520 kB
KernelStack:       10016 kB
PageTables:         2296 kB
NFS_Unstable:          0 kB
Bounce:                0 kB
WritebackTmp:          0 kB
CommitLimit:    34716468 kB
Committed_AS:     790356 kB
VmallocTotal:   34359738367 kB
VmallocUsed:       38516 kB
VmallocChunk:          0 kB
Percpu:            96576 kB
HardwareCorrupted:     0 kB
AnonHugePages:         0 kB
ShmemHugePages:        0 kB
ShmemPmdMapped:        0 kB
FileHugePages:         0 kB
FilePmdMapped:         0 kB
HugePages_Total:       0
HugePages_Free:        0
HugePages_Rsvd:        0
HugePages_Surp:        0
Hugepagesize:       2048 kB
Hugetlb:               0 kB
DirectMap4k:     2186048 kB
DirectMap2M:     5789696 kB
DirectMap1G:    58720256 kB

