MemTotal:       65439348 kB
MemFree:        63906644 kB
MemAvailable:   63919348 kB
Buffers:           46744 kB
Cached:           538552 kB
SwapCached:            0 kB
Active:           155012 kB
Inactive:         491000 kB
Active(anon):       3244 kB
Inactive(anon):    72992 kB
Active(file):     151768 kB
Inactive(file):   418008 kB
Unevictable:       19496 kB
Mlocked:           19496 kB
SwapTotal:       1996796 kB
SwapFree:        1996796 kB
Dirty:               748 kB
Writeback:             0 kB
AnonPages:         80420 kB
Mapped:            81812 kB
Shmem:              6376 kB
KReclaimable:      78476 kB
Slab:             308924 kB
SReclaimable:      78476 kB
SUnreclaim:       230448 kB
KernelStack:       10000 kB
PageTables:         2432 kB
NFS_Unstable:          0 kB
Bounce:                0 kB
WritebackTmp:          0 kB
CommitLimit:    34716468 kB
Committed_AS:     799592 kB
VmallocTotal:   34359738367 kB
VmallocUsed:       41180 kB
VmallocChunk:          0 kB
Percpu:           163968 kB
HardwareCorrupted:     0 kB
AnonHugePages:         0 kB
ShmemHugePages:        0 kB
ShmemPmdMapped:        0 kB
FileHugePages:         0 kB
FilePmdMapped:         0 kB
HugePages_Total:       0
HugePages_Free:        0
HugePages_Rsvd:        0
HugePages_Surp:        0
Hugepagesize:       2048 kB
Hugetlb:               0 kB
DirectMap4k:     2728768 kB
DirectMap2M:     5246976 kB
DirectMap1G:    58720256 kB

