MemTotal:       65439348 kB
MemFree:        63878484 kB
MemAvailable:   63906796 kB
Buffers:           48556 kB
Cached:           551400 kB
SwapCached:            0 kB
Active:           156860 kB
Inactive:         505500 kB
Active(anon):       3236 kB
Inactive(anon):    74644 kB
Active(file):     153624 kB
Inactive(file):   430856 kB
Unevictable:       19496 kB
Mlocked:           19496 kB
SwapTotal:       1996796 kB
SwapFree:        1996796 kB
Dirty:               740 kB
Writeback:             0 kB
AnonPages:         82056 kB
Mapped:            84520 kB
Shmem:              6376 kB
KReclaimable:      80284 kB
Slab:             312520 kB
SReclaimable:      80284 kB
SUnreclaim:       232236 kB
KernelStack:       10160 kB
PageTables:         2848 kB
NFS_Unstable:          0 kB
Bounce:                0 kB
WritebackTmp:          0 kB
CommitLimit:    34716468 kB
Committed_AS:     799200 kB
VmallocTotal:   34359738367 kB
VmallocUsed:       41632 kB
VmallocChunk:          0 kB
Percpu:           177984 kB
HardwareCorrupted:     0 kB
AnonHugePages:         0 kB
ShmemHugePages:        0 kB
ShmemPmdMapped:        0 kB
FileHugePages:         0 kB
FilePmdMapped:         0 kB
HugePages_Total:       0
HugePages_Free:        0
HugePages_Rsvd:        0
HugePages_Surp:        0
Hugepagesize:       2048 kB
Hugetlb:               0 kB
DirectMap4k:     2747200 kB
DirectMap2M:     5228544 kB
DirectMap1G:    58720256 kB

