MemTotal:       65439348 kB
MemFree:        64281012 kB
MemAvailable:   64005216 kB
Buffers:           36496 kB
Cached:           266000 kB
SwapCached:            0 kB
Active:           129308 kB
Inactive:         233600 kB
Active(anon):       3216 kB
Inactive(anon):    72676 kB
Active(file):     126092 kB
Inactive(file):   160924 kB
Unevictable:       19496 kB
Mlocked:           19496 kB
SwapTotal:       1996796 kB
SwapFree:        1996796 kB
Dirty:               720 kB
Writeback:             0 kB
AnonPages:         80032 kB
Mapped:            75588 kB
Shmem:              6376 kB
KReclaimable:      67000 kB
Slab:             289756 kB
SReclaimable:      67000 kB
SUnreclaim:       222756 kB
KernelStack:        9984 kB
PageTables:         2440 kB
NFS_Unstable:          0 kB
Bounce:                0 kB
WritebackTmp:          0 kB
CommitLimit:    34716468 kB
Committed_AS:     790612 kB
VmallocTotal:   34359738367 kB
VmallocUsed:       38452 kB
VmallocChunk:          0 kB
Percpu:            96576 kB
HardwareCorrupted:     0 kB
AnonHugePages:         0 kB
ShmemHugePages:        0 kB
ShmemPmdMapped:        0 kB
FileHugePages:         0 kB
FilePmdMapped:         0 kB
HugePages_Total:       0
HugePages_Free:        0
HugePages_Rsvd:        0
HugePages_Surp:        0
Hugepagesize:       2048 kB
Hugetlb:               0 kB
DirectMap4k:     2358080 kB
DirectMap2M:     5617664 kB
DirectMap1G:    58720256 kB

