MemTotal:       65439348 kB
MemFree:        63748976 kB
MemAvailable:   63834948 kB
Buffers:           55692 kB
Cached:           598704 kB
SwapCached:            0 kB
Active:           203660 kB
Inactive:         516928 kB
Active(anon):       3248 kB
Inactive(anon):    78432 kB
Active(file):     200412 kB
Inactive(file):   438496 kB
Unevictable:       19496 kB
Mlocked:           19496 kB
SwapTotal:       1996796 kB
SwapFree:        1996796 kB
Dirty:               152 kB
Writeback:             0 kB
AnonPages:         85764 kB
Mapped:            96056 kB
Shmem:              6380 kB
KReclaimable:      86752 kB
Slab:             323012 kB
SReclaimable:      86752 kB
SUnreclaim:       236260 kB
KernelStack:       10112 kB
PageTables:         2664 kB
NFS_Unstable:          0 kB
Bounce:                0 kB
WritebackTmp:          0 kB
CommitLimit:    34716468 kB
Committed_AS:     854424 kB
VmallocTotal:   34359738367 kB
VmallocUsed:       43944 kB
VmallocChunk:          0 kB
Percpu:           228096 kB
HardwareCorrupted:     0 kB
AnonHugePages:         0 kB
ShmemHugePages:        0 kB
ShmemPmdMapped:        0 kB
FileHugePages:         0 kB
FilePmdMapped:         0 kB
HugePages_Total:       0
HugePages_Free:        0
HugePages_Rsvd:        0
HugePages_Surp:        0
Hugepagesize:       2048 kB
Hugetlb:               0 kB
DirectMap4k:     2802496 kB
DirectMap2M:     5173248 kB
DirectMap1G:    58720256 kB

