MemTotal:       65439348 kB
MemFree:        64178120 kB
MemAvailable:   63957564 kB
Buffers:           41908 kB
Cached:           313504 kB
SwapCached:            0 kB
Active:           137336 kB
Inactive:         284420 kB
Active(anon):       3240 kB
Inactive(anon):    78588 kB
Active(file):     134096 kB
Inactive(file):   205832 kB
Unevictable:       19496 kB
Mlocked:           19496 kB
SwapTotal:       1996796 kB
SwapFree:        1996796 kB
Dirty:               680 kB
Writeback:             0 kB
AnonPages:         85892 kB
Mapped:            88284 kB
Shmem:              6384 kB
KReclaimable:      71656 kB
Slab:             297664 kB
SReclaimable:      71656 kB
SUnreclaim:       226008 kB
KernelStack:       10096 kB
PageTables:         2524 kB
NFS_Unstable:          0 kB
Bounce:                0 kB
WritebackTmp:          0 kB
CommitLimit:    34716468 kB
Committed_AS:     837612 kB
VmallocTotal:   34359738367 kB
VmallocUsed:       39796 kB
VmallocChunk:          0 kB
Percpu:           129216 kB
HardwareCorrupted:     0 kB
AnonHugePages:         0 kB
ShmemHugePages:        0 kB
ShmemPmdMapped:        0 kB
FileHugePages:         0 kB
FilePmdMapped:         0 kB
HugePages_Total:       0
HugePages_Free:        0
HugePages_Rsvd:        0
HugePages_Surp:        0
Hugepagesize:       2048 kB
Hugetlb:               0 kB
DirectMap4k:     2681664 kB
DirectMap2M:     5294080 kB
DirectMap1G:    58720256 kB

