MemTotal:       65439348 kB
MemFree:        63905624 kB
MemAvailable:   63918996 kB
Buffers:           46836 kB
Cached:           539076 kB
SwapCached:            0 kB
Active:           155152 kB
Inactive:         492408 kB
Active(anon):       3248 kB
Inactive(anon):    73872 kB
Active(file):     151904 kB
Inactive(file):   418536 kB
Unevictable:       19496 kB
Mlocked:           19496 kB
SwapTotal:       1996796 kB
SwapFree:        1996796 kB
Dirty:               860 kB
Writeback:             0 kB
AnonPages:         81300 kB
Mapped:            81872 kB
Shmem:              6372 kB
KReclaimable:      78488 kB
Slab:             308760 kB
SReclaimable:      78488 kB
SUnreclaim:       230272 kB
KernelStack:       10096 kB
PageTables:         2664 kB
NFS_Unstable:          0 kB
Bounce:                0 kB
WritebackTmp:          0 kB
CommitLimit:    34716468 kB
Committed_AS:     799204 kB
VmallocTotal:   34359738367 kB
VmallocUsed:       41132 kB
VmallocChunk:          0 kB
Percpu:           165312 kB
HardwareCorrupted:     0 kB
AnonHugePages:         0 kB
ShmemHugePages:        0 kB
ShmemPmdMapped:        0 kB
FileHugePages:         0 kB
FilePmdMapped:         0 kB
HugePages_Total:       0
HugePages_Free:        0
HugePages_Rsvd:        0
HugePages_Surp:        0
Hugepagesize:       2048 kB
Hugetlb:               0 kB
DirectMap4k:     2728768 kB
DirectMap2M:     5246976 kB
DirectMap1G:    58720256 kB

