MemTotal:       65439348 kB
MemFree:        63886804 kB
MemAvailable:   63910612 kB
Buffers:           47980 kB
Cached:           547828 kB
SwapCached:            0 kB
Active:           156272 kB
Inactive:         500660 kB
Active(anon):       3248 kB
Inactive(anon):    73376 kB
Active(file):     153024 kB
Inactive(file):   427284 kB
Unevictable:       19496 kB
Mlocked:           19496 kB
SwapTotal:       1996796 kB
SwapFree:        1996796 kB
Dirty:               664 kB
Writeback:             0 kB
AnonPages:         80780 kB
Mapped:            82856 kB
Shmem:              6376 kB
KReclaimable:      79624 kB
Slab:             309480 kB
SReclaimable:      79624 kB
SUnreclaim:       229856 kB
KernelStack:       10112 kB
PageTables:         2572 kB
NFS_Unstable:          0 kB
Bounce:                0 kB
WritebackTmp:          0 kB
CommitLimit:    34716468 kB
Committed_AS:     799204 kB
VmallocTotal:   34359738367 kB
VmallocUsed:       41664 kB
VmallocChunk:          0 kB
Percpu:           174336 kB
HardwareCorrupted:     0 kB
AnonHugePages:         0 kB
ShmemHugePages:        0 kB
ShmemPmdMapped:        0 kB
FileHugePages:         0 kB
FilePmdMapped:         0 kB
HugePages_Total:       0
HugePages_Free:        0
HugePages_Rsvd:        0
HugePages_Surp:        0
Hugepagesize:       2048 kB
Hugetlb:               0 kB
DirectMap4k:     2739008 kB
DirectMap2M:     5236736 kB
DirectMap1G:    58720256 kB

