MemTotal:       65439348 kB
MemFree:        64223852 kB
MemAvailable:   63977920 kB
Buffers:           40048 kB
Cached:           290816 kB
SwapCached:            0 kB
Active:           133764 kB
Inactive:         258196 kB
Active(anon):       3224 kB
Inactive(anon):    73360 kB
Active(file):     130540 kB
Inactive(file):   184836 kB
Unevictable:       19496 kB
Mlocked:           19496 kB
SwapTotal:       1996796 kB
SwapFree:        1996796 kB
Dirty:               712 kB
Writeback:             0 kB
AnonPages:         81248 kB
Mapped:            78484 kB
Shmem:              6376 kB
KReclaimable:      70004 kB
Slab:             295036 kB
SReclaimable:      70004 kB
SUnreclaim:       225032 kB
KernelStack:       10400 kB
PageTables:         2912 kB
NFS_Unstable:          0 kB
Bounce:                0 kB
WritebackTmp:          0 kB
CommitLimit:    34716468 kB
Committed_AS:     790368 kB
VmallocTotal:   34359738367 kB
VmallocUsed:       39048 kB
VmallocChunk:          0 kB
Percpu:           118848 kB
HardwareCorrupted:     0 kB
AnonHugePages:         0 kB
ShmemHugePages:        0 kB
ShmemPmdMapped:        0 kB
FileHugePages:         0 kB
FilePmdMapped:         0 kB
HugePages_Total:       0
HugePages_Free:        0
HugePages_Rsvd:        0
HugePages_Surp:        0
Hugepagesize:       2048 kB
Hugetlb:               0 kB
DirectMap4k:     2665280 kB
DirectMap2M:     5310464 kB
DirectMap1G:    58720256 kB

