MemTotal:       65439348 kB
MemFree:        63837812 kB
MemAvailable:   63886484 kB
Buffers:           51052 kB
Cached:           568080 kB
SwapCached:            0 kB
Active:           198320 kB
Inactive:         481492 kB
Active(anon):       3240 kB
Inactive(anon):    72924 kB
Active(file):     195080 kB
Inactive(file):   408568 kB
Unevictable:       19496 kB
Mlocked:           19496 kB
SwapTotal:       1996796 kB
SwapFree:        1996796 kB
Dirty:               172 kB
Writeback:             0 kB
AnonPages:         80200 kB
Mapped:            84000 kB
Shmem:              6376 kB
KReclaimable:      82672 kB
Slab:             313424 kB
SReclaimable:      82672 kB
SUnreclaim:       230752 kB
KernelStack:       10080 kB
PageTables:         2436 kB
NFS_Unstable:          0 kB
Bounce:                0 kB
WritebackTmp:          0 kB
CommitLimit:    34716468 kB
Committed_AS:     807780 kB
VmallocTotal:   34359738367 kB
VmallocUsed:       42212 kB
VmallocChunk:          0 kB
Percpu:           194688 kB
HardwareCorrupted:     0 kB
AnonHugePages:         0 kB
ShmemHugePages:        0 kB
ShmemPmdMapped:        0 kB
FileHugePages:         0 kB
FilePmdMapped:         0 kB
HugePages_Total:       0
HugePages_Free:        0
HugePages_Rsvd:        0
HugePages_Surp:        0
Hugepagesize:       2048 kB
Hugetlb:               0 kB
DirectMap4k:     2759488 kB
DirectMap2M:     5216256 kB
DirectMap1G:    58720256 kB

