MemTotal:       65439348 kB
MemFree:        63838792 kB
MemAvailable:   63887320 kB
Buffers:           51032 kB
Cached:           567964 kB
SwapCached:            0 kB
Active:           198300 kB
Inactive:         481344 kB
Active(anon):       3244 kB
Inactive(anon):    72896 kB
Active(file):     195056 kB
Inactive(file):   408448 kB
Unevictable:       19496 kB
Mlocked:           19496 kB
SwapTotal:       1996796 kB
SwapFree:        1996796 kB
Dirty:               676 kB
Writeback:             0 kB
AnonPages:         80204 kB
Mapped:            84092 kB
Shmem:              6376 kB
KReclaimable:      82672 kB
Slab:             313552 kB
SReclaimable:      82672 kB
SUnreclaim:       230880 kB
KernelStack:       10064 kB
PageTables:         2444 kB
NFS_Unstable:          0 kB
Bounce:                0 kB
WritebackTmp:          0 kB
CommitLimit:    34716468 kB
Committed_AS:     807788 kB
VmallocTotal:   34359738367 kB
VmallocUsed:       42164 kB
VmallocChunk:          0 kB
Percpu:           194112 kB
HardwareCorrupted:     0 kB
AnonHugePages:         0 kB
ShmemHugePages:        0 kB
ShmemPmdMapped:        0 kB
FileHugePages:         0 kB
FilePmdMapped:         0 kB
HugePages_Total:       0
HugePages_Free:        0
HugePages_Rsvd:        0
HugePages_Surp:        0
Hugepagesize:       2048 kB
Hugetlb:               0 kB
DirectMap4k:     2759488 kB
DirectMap2M:     5216256 kB
DirectMap1G:    58720256 kB

