MemTotal:       65439348 kB
MemFree:        64167840 kB
MemAvailable:   63953444 kB
Buffers:           42652 kB
Cached:           318572 kB
SwapCached:            0 kB
Active:           138096 kB
Inactive:         289276 kB
Active(anon):       3256 kB
Inactive(anon):    78372 kB
Active(file):     134840 kB
Inactive(file):   210904 kB
Unevictable:       19496 kB
Mlocked:           19496 kB
SwapTotal:       1996796 kB
SwapFree:        1996796 kB
Dirty:                48 kB
Writeback:             0 kB
AnonPages:         85772 kB
Mapped:            89092 kB
Shmem:              6380 kB
KReclaimable:      72344 kB
Slab:             299124 kB
SReclaimable:      72344 kB
SUnreclaim:       226780 kB
KernelStack:       10096 kB
PageTables:         2336 kB
NFS_Unstable:          0 kB
Bounce:                0 kB
WritebackTmp:          0 kB
CommitLimit:    34716468 kB
Committed_AS:     837612 kB
VmallocTotal:   34359738367 kB
VmallocUsed:       40184 kB
VmallocChunk:          0 kB
Percpu:           134592 kB
HardwareCorrupted:     0 kB
AnonHugePages:         0 kB
ShmemHugePages:        0 kB
ShmemPmdMapped:        0 kB
FileHugePages:         0 kB
FilePmdMapped:         0 kB
HugePages_Total:       0
HugePages_Free:        0
HugePages_Rsvd:        0
HugePages_Surp:        0
Hugepagesize:       2048 kB
Hugetlb:               0 kB
DirectMap4k:     2693952 kB
DirectMap2M:     5281792 kB
DirectMap1G:    58720256 kB

