MemTotal:       65439348 kB
MemFree:        64244236 kB
MemAvailable:   63987236 kB
Buffers:           38716 kB
Cached:           281708 kB
SwapCached:            0 kB
Active:           132436 kB
Inactive:         249624 kB
Active(anon):       3224 kB
Inactive(anon):    73900 kB
Active(file):     129212 kB
Inactive(file):   175724 kB
Unevictable:       19496 kB
Mlocked:           19496 kB
SwapTotal:       1996796 kB
SwapFree:        1996796 kB
Dirty:               696 kB
Writeback:             0 kB
AnonPages:         81284 kB
Mapped:            77864 kB
Shmem:              6376 kB
KReclaimable:      68748 kB
Slab:             293204 kB
SReclaimable:      68748 kB
SUnreclaim:       224456 kB
KernelStack:       10112 kB
PageTables:         2816 kB
NFS_Unstable:          0 kB
Bounce:                0 kB
WritebackTmp:          0 kB
CommitLimit:    34716468 kB
Committed_AS:     790360 kB
VmallocTotal:   34359738367 kB
VmallocUsed:       39048 kB
VmallocChunk:          0 kB
Percpu:           109248 kB
HardwareCorrupted:     0 kB
AnonHugePages:         0 kB
ShmemHugePages:        0 kB
ShmemPmdMapped:        0 kB
FileHugePages:         0 kB
FilePmdMapped:         0 kB
HugePages_Total:       0
HugePages_Free:        0
HugePages_Rsvd:        0
HugePages_Surp:        0
Hugepagesize:       2048 kB
Hugetlb:               0 kB
DirectMap4k:     2599744 kB
DirectMap2M:     5376000 kB
DirectMap1G:    58720256 kB

