MemTotal:       65439348 kB
MemFree:        64168984 kB
MemAvailable:   63954648 kB
Buffers:           42672 kB
Cached:           318628 kB
SwapCached:            0 kB
Active:           138092 kB
Inactive:         289240 kB
Active(anon):       3248 kB
Inactive(anon):    78280 kB
Active(file):     134844 kB
Inactive(file):   210960 kB
Unevictable:       19496 kB
Mlocked:           19496 kB
SwapTotal:       1996796 kB
SwapFree:        1996796 kB
Dirty:                 0 kB
Writeback:             0 kB
AnonPages:         85644 kB
Mapped:            88600 kB
Shmem:              6380 kB
KReclaimable:      72344 kB
Slab:             299308 kB
SReclaimable:      72344 kB
SUnreclaim:       226964 kB
KernelStack:       10032 kB
PageTables:         2588 kB
NFS_Unstable:          0 kB
Bounce:                0 kB
WritebackTmp:          0 kB
CommitLimit:    34716468 kB
Committed_AS:     838000 kB
VmallocTotal:   34359738367 kB
VmallocUsed:       40152 kB
VmallocChunk:          0 kB
Percpu:           134592 kB
HardwareCorrupted:     0 kB
AnonHugePages:         0 kB
ShmemHugePages:        0 kB
ShmemPmdMapped:        0 kB
FileHugePages:         0 kB
FilePmdMapped:         0 kB
HugePages_Total:       0
HugePages_Free:        0
HugePages_Rsvd:        0
HugePages_Surp:        0
Hugepagesize:       2048 kB
Hugetlb:               0 kB
DirectMap4k:     2693952 kB
DirectMap2M:     5281792 kB
DirectMap1G:    58720256 kB

