MemTotal:       65439348 kB
MemFree:        63725992 kB
MemAvailable:   63824036 kB
Buffers:           57176 kB
Cached:           608644 kB
SwapCached:            0 kB
Active:           205144 kB
Inactive:         526588 kB
Active(anon):       3248 kB
Inactive(anon):    78152 kB
Active(file):     201896 kB
Inactive(file):   448436 kB
Unevictable:       19496 kB
Mlocked:           19496 kB
SwapTotal:       1996796 kB
SwapFree:        1996796 kB
Dirty:               200 kB
Writeback:             0 kB
AnonPages:         85768 kB
Mapped:            96832 kB
Shmem:              6380 kB
KReclaimable:      88048 kB
Slab:             325544 kB
SReclaimable:      88048 kB
SUnreclaim:       237496 kB
KernelStack:       10128 kB
PageTables:         2616 kB
NFS_Unstable:          0 kB
Bounce:                0 kB
WritebackTmp:          0 kB
CommitLimit:    34716468 kB
Committed_AS:     854428 kB
VmallocTotal:   34359738367 kB
VmallocUsed:       44652 kB
VmallocChunk:          0 kB
Percpu:           238848 kB
HardwareCorrupted:     0 kB
AnonHugePages:         0 kB
ShmemHugePages:        0 kB
ShmemPmdMapped:        0 kB
FileHugePages:         0 kB
FilePmdMapped:         0 kB
HugePages_Total:       0
HugePages_Free:        0
HugePages_Rsvd:        0
HugePages_Surp:        0
Hugepagesize:       2048 kB
Hugetlb:               0 kB
DirectMap4k:     2816832 kB
DirectMap2M:     5158912 kB
DirectMap1G:    58720256 kB

