MemTotal:       65439348 kB
MemFree:        63829236 kB
MemAvailable:   63880904 kB
Buffers:           51372 kB
Cached:           570564 kB
SwapCached:            0 kB
Active:           198644 kB
Inactive:         484160 kB
Active(anon):       3248 kB
Inactive(anon):    73104 kB
Active(file):     195396 kB
Inactive(file):   411056 kB
Unevictable:       19496 kB
Mlocked:           19496 kB
SwapTotal:       1996796 kB
SwapFree:        1996796 kB
Dirty:               752 kB
Writeback:             0 kB
AnonPages:         80460 kB
Mapped:            84104 kB
Shmem:              6376 kB
KReclaimable:      83056 kB
Slab:             315640 kB
SReclaimable:      83056 kB
SUnreclaim:       232584 kB
KernelStack:       10064 kB
PageTables:         2524 kB
NFS_Unstable:          0 kB
Bounce:                0 kB
WritebackTmp:          0 kB
CommitLimit:    34716468 kB
Committed_AS:     808036 kB
VmallocTotal:   34359738367 kB
VmallocUsed:       42744 kB
VmallocChunk:          0 kB
Percpu:           197184 kB
HardwareCorrupted:     0 kB
AnonHugePages:         0 kB
ShmemHugePages:        0 kB
ShmemPmdMapped:        0 kB
FileHugePages:         0 kB
FilePmdMapped:         0 kB
HugePages_Total:       0
HugePages_Free:        0
HugePages_Rsvd:        0
HugePages_Surp:        0
Hugepagesize:       2048 kB
Hugetlb:               0 kB
DirectMap4k:     2767680 kB
DirectMap2M:     5208064 kB
DirectMap1G:    58720256 kB

