MemTotal:       65439348 kB
MemFree:        63728260 kB
MemAvailable:   63825752 kB
Buffers:           57132 kB
Cached:           608168 kB
SwapCached:            0 kB
Active:           205104 kB
Inactive:         526180 kB
Active(anon):       3248 kB
Inactive(anon):    78220 kB
Active(file):     201856 kB
Inactive(file):   447960 kB
Unevictable:       19496 kB
Mlocked:           19496 kB
SwapTotal:       1996796 kB
SwapFree:        1996796 kB
Dirty:               708 kB
Writeback:             0 kB
AnonPages:         85544 kB
Mapped:            96844 kB
Shmem:              6380 kB
KReclaimable:      87976 kB
Slab:             324684 kB
SReclaimable:      87976 kB
SUnreclaim:       236708 kB
KernelStack:       10128 kB
PageTables:         2612 kB
NFS_Unstable:          0 kB
Bounce:                0 kB
WritebackTmp:          0 kB
CommitLimit:    34716468 kB
Committed_AS:     854428 kB
VmallocTotal:   34359738367 kB
VmallocUsed:       44636 kB
VmallocChunk:          0 kB
Percpu:           238272 kB
HardwareCorrupted:     0 kB
AnonHugePages:         0 kB
ShmemHugePages:        0 kB
ShmemPmdMapped:        0 kB
FileHugePages:         0 kB
FilePmdMapped:         0 kB
HugePages_Total:       0
HugePages_Free:        0
HugePages_Rsvd:        0
HugePages_Surp:        0
Hugepagesize:       2048 kB
Hugetlb:               0 kB
DirectMap4k:     2814784 kB
DirectMap2M:     5160960 kB
DirectMap1G:    58720256 kB

