MemTotal:       65439348 kB
MemFree:        64325500 kB
MemAvailable:   64019072 kB
Buffers:           30376 kB
Cached:           242928 kB
SwapCached:            0 kB
Active:           121544 kB
Inactive:         212412 kB
Active(anon):       3224 kB
Inactive(anon):    72904 kB
Active(file):     118320 kB
Inactive(file):   139508 kB
Unevictable:       19496 kB
Mlocked:           19496 kB
SwapTotal:       1996796 kB
SwapFree:        1996796 kB
Dirty:               588 kB
Writeback:             0 kB
AnonPages:         80240 kB
Mapped:            74136 kB
Shmem:              6376 kB
KReclaimable:      56052 kB
Slab:             276340 kB
SReclaimable:      56052 kB
SUnreclaim:       220288 kB
KernelStack:       10112 kB
PageTables:         2368 kB
NFS_Unstable:          0 kB
Bounce:                0 kB
WritebackTmp:          0 kB
CommitLimit:    34716468 kB
Committed_AS:     790096 kB
VmallocTotal:   34359738367 kB
VmallocUsed:       38340 kB
VmallocChunk:          0 kB
Percpu:            96576 kB
HardwareCorrupted:     0 kB
AnonHugePages:         0 kB
ShmemHugePages:        0 kB
ShmemPmdMapped:        0 kB
FileHugePages:         0 kB
FilePmdMapped:         0 kB
HugePages_Total:       0
HugePages_Free:        0
HugePages_Rsvd:        0
HugePages_Surp:        0
Hugepagesize:       2048 kB
Hugetlb:               0 kB
DirectMap4k:     2038592 kB
DirectMap2M:     5937152 kB
DirectMap1G:    58720256 kB

