MemTotal:       65439348 kB
MemFree:        64322816 kB
MemAvailable:   64017560 kB
Buffers:           30728 kB
Cached:           244864 kB
SwapCached:            0 kB
Active:           121876 kB
Inactive:         213700 kB
Active(anon):       3216 kB
Inactive(anon):    72252 kB
Active(file):     118660 kB
Inactive(file):   141448 kB
Unevictable:       19496 kB
Mlocked:           19496 kB
SwapTotal:       1996796 kB
SwapFree:        1996796 kB
Dirty:               712 kB
Writeback:             0 kB
AnonPages:         79568 kB
Mapped:            74152 kB
Shmem:              6376 kB
KReclaimable:      56116 kB
Slab:             276092 kB
SReclaimable:      56116 kB
SUnreclaim:       219976 kB
KernelStack:       10032 kB
PageTables:         2396 kB
NFS_Unstable:          0 kB
Bounce:                0 kB
WritebackTmp:          0 kB
CommitLimit:    34716468 kB
Committed_AS:     790356 kB
VmallocTotal:   34359738367 kB
VmallocUsed:       38436 kB
VmallocChunk:          0 kB
Percpu:            96576 kB
HardwareCorrupted:     0 kB
AnonHugePages:         0 kB
ShmemHugePages:        0 kB
ShmemPmdMapped:        0 kB
FileHugePages:         0 kB
FilePmdMapped:         0 kB
HugePages_Total:       0
HugePages_Free:        0
HugePages_Rsvd:        0
HugePages_Surp:        0
Hugepagesize:       2048 kB
Hugetlb:               0 kB
DirectMap4k:     2067264 kB
DirectMap2M:     5908480 kB
DirectMap1G:    58720256 kB

