MemTotal:       65439348 kB
MemFree:        64256648 kB
MemAvailable:   63992600 kB
Buffers:           38024 kB
Cached:           275648 kB
SwapCached:            0 kB
Active:           130832 kB
Inactive:         244604 kB
Active(anon):       3216 kB
Inactive(anon):    74032 kB
Active(file):     127616 kB
Inactive(file):   170572 kB
Unevictable:       19496 kB
Mlocked:           19496 kB
SwapTotal:       1996796 kB
SwapFree:        1996796 kB
Dirty:               676 kB
Writeback:             0 kB
AnonPages:         81312 kB
Mapped:            77220 kB
Shmem:              6376 kB
KReclaimable:      68148 kB
Slab:             291836 kB
SReclaimable:      68148 kB
SUnreclaim:       223688 kB
KernelStack:       10224 kB
PageTables:         2768 kB
NFS_Unstable:          0 kB
Bounce:                0 kB
WritebackTmp:          0 kB
CommitLimit:    34716468 kB
Committed_AS:     790360 kB
VmallocTotal:   34359738367 kB
VmallocUsed:       38468 kB
VmallocChunk:          0 kB
Percpu:           103680 kB
HardwareCorrupted:     0 kB
AnonHugePages:         0 kB
ShmemHugePages:        0 kB
ShmemPmdMapped:        0 kB
FileHugePages:         0 kB
FilePmdMapped:         0 kB
HugePages_Total:       0
HugePages_Free:        0
HugePages_Rsvd:        0
HugePages_Surp:        0
Hugepagesize:       2048 kB
Hugetlb:               0 kB
DirectMap4k:     2515776 kB
DirectMap2M:     5459968 kB
DirectMap1G:    58720256 kB

