MemTotal:       65439348 kB
MemFree:        63889652 kB
MemAvailable:   63888140 kB
Buffers:           45064 kB
Cached:           526948 kB
SwapCached:            0 kB
Active:           145868 kB
Inactive:         532820 kB
Active(anon):       3256 kB
Inactive(anon):   118936 kB
Active(file):     142612 kB
Inactive(file):   413884 kB
Unevictable:       19496 kB
Mlocked:           19496 kB
SwapTotal:       1996796 kB
SwapFree:        1996796 kB
Dirty:             39180 kB
Writeback:           484 kB
AnonPages:        125220 kB
Mapped:           130892 kB
Shmem:              6388 kB
KReclaimable:      76604 kB
Slab:             305664 kB
SReclaimable:      76604 kB
SUnreclaim:       229060 kB
KernelStack:       10368 kB
PageTables:         3284 kB
NFS_Unstable:          0 kB
Bounce:                0 kB
WritebackTmp:          0 kB
CommitLimit:    34716468 kB
Committed_AS:     934160 kB
VmallocTotal:   34359738367 kB
VmallocUsed:       40924 kB
VmallocChunk:          0 kB
Percpu:           152064 kB
HardwareCorrupted:     0 kB
AnonHugePages:         0 kB
ShmemHugePages:        0 kB
ShmemPmdMapped:        0 kB
FileHugePages:         0 kB
FilePmdMapped:         0 kB
HugePages_Total:       0
HugePages_Free:        0
HugePages_Rsvd:        0
HugePages_Surp:        0
Hugepagesize:       2048 kB
Hugetlb:               0 kB
DirectMap4k:     2712384 kB
DirectMap2M:     5263360 kB
DirectMap1G:    58720256 kB

