MemTotal:       65439348 kB
MemFree:        64288252 kB
MemAvailable:   64006596 kB
Buffers:           35784 kB
Cached:           261232 kB
SwapCached:            0 kB
Active:           128580 kB
Inactive:         228680 kB
Active(anon):       3208 kB
Inactive(anon):    72528 kB
Active(file):     125372 kB
Inactive(file):   156152 kB
Unevictable:       19496 kB
Mlocked:           19496 kB
SwapTotal:       1996796 kB
SwapFree:        1996796 kB
Dirty:               736 kB
Writeback:             0 kB
AnonPages:         79800 kB
Mapped:            75288 kB
Shmem:              6376 kB
KReclaimable:      66264 kB
Slab:             289052 kB
SReclaimable:      66264 kB
SUnreclaim:       222788 kB
KernelStack:        9984 kB
PageTables:         2332 kB
NFS_Unstable:          0 kB
Bounce:                0 kB
WritebackTmp:          0 kB
CommitLimit:    34716468 kB
Committed_AS:     790352 kB
VmallocTotal:   34359738367 kB
VmallocUsed:       38516 kB
VmallocChunk:          0 kB
Percpu:            96576 kB
HardwareCorrupted:     0 kB
AnonHugePages:         0 kB
ShmemHugePages:        0 kB
ShmemPmdMapped:        0 kB
FileHugePages:         0 kB
FilePmdMapped:         0 kB
HugePages_Total:       0
HugePages_Free:        0
HugePages_Rsvd:        0
HugePages_Surp:        0
Hugepagesize:       2048 kB
Hugetlb:               0 kB
DirectMap4k:     2280256 kB
DirectMap2M:     5695488 kB
DirectMap1G:    58720256 kB

