MemTotal:       65439348 kB
MemFree:        64266496 kB
MemAvailable:   63999920 kB
Buffers:           37760 kB
Cached:           273480 kB
SwapCached:            0 kB
Active:           130592 kB
Inactive:         241584 kB
Active(anon):       3224 kB
Inactive(anon):    73188 kB
Active(file):     127368 kB
Inactive(file):   168396 kB
Unevictable:       19496 kB
Mlocked:           19496 kB
SwapTotal:       1996796 kB
SwapFree:        1996796 kB
Dirty:               712 kB
Writeback:             0 kB
AnonPages:         81008 kB
Mapped:            76396 kB
Shmem:              6376 kB
KReclaimable:      67940 kB
Slab:             291192 kB
SReclaimable:      67940 kB
SUnreclaim:       223252 kB
KernelStack:       10112 kB
PageTables:         2680 kB
NFS_Unstable:          0 kB
Bounce:                0 kB
WritebackTmp:          0 kB
CommitLimit:    34716468 kB
Committed_AS:     790360 kB
VmallocTotal:   34359738367 kB
VmallocUsed:       38468 kB
VmallocChunk:          0 kB
Percpu:           101952 kB
HardwareCorrupted:     0 kB
AnonHugePages:         0 kB
ShmemHugePages:        0 kB
ShmemPmdMapped:        0 kB
FileHugePages:         0 kB
FilePmdMapped:         0 kB
HugePages_Total:       0
HugePages_Free:        0
HugePages_Rsvd:        0
HugePages_Surp:        0
Hugepagesize:       2048 kB
Hugetlb:               0 kB
DirectMap4k:     2478912 kB
DirectMap2M:     5496832 kB
DirectMap1G:    58720256 kB

