MemTotal:       65439348 kB
MemFree:        64225600 kB
MemAvailable:   63979276 kB
Buffers:           40008 kB
Cached:           290528 kB
SwapCached:            0 kB
Active:           133720 kB
Inactive:         256964 kB
Active(anon):       3216 kB
Inactive(anon):    72416 kB
Active(file):     130504 kB
Inactive(file):   184548 kB
Unevictable:       19496 kB
Mlocked:           19496 kB
SwapTotal:       1996796 kB
SwapFree:        1996796 kB
Dirty:                72 kB
Writeback:             0 kB
AnonPages:         79732 kB
Mapped:            77920 kB
Shmem:              6376 kB
KReclaimable:      69868 kB
Slab:             294808 kB
SReclaimable:      69868 kB
SUnreclaim:       224940 kB
KernelStack:       10048 kB
PageTables:         2416 kB
NFS_Unstable:          0 kB
Bounce:                0 kB
WritebackTmp:          0 kB
CommitLimit:    34716468 kB
Committed_AS:     790748 kB
VmallocTotal:   34359738367 kB
VmallocUsed:       39144 kB
VmallocChunk:          0 kB
Percpu:           118848 kB
HardwareCorrupted:     0 kB
AnonHugePages:         0 kB
ShmemHugePages:        0 kB
ShmemPmdMapped:        0 kB
FileHugePages:         0 kB
FilePmdMapped:         0 kB
HugePages_Total:       0
HugePages_Free:        0
HugePages_Rsvd:        0
HugePages_Surp:        0
Hugepagesize:       2048 kB
Hugetlb:               0 kB
DirectMap4k:     2665280 kB
DirectMap2M:     5310464 kB
DirectMap1G:    58720256 kB

