MemTotal:       65439348 kB
MemFree:        63739700 kB
MemAvailable:   63831344 kB
Buffers:           56388 kB
Cached:           603368 kB
SwapCached:            0 kB
Active:           204340 kB
Inactive:         521616 kB
Active(anon):       3244 kB
Inactive(anon):    78456 kB
Active(file):     201096 kB
Inactive(file):   443160 kB
Unevictable:       19496 kB
Mlocked:           19496 kB
SwapTotal:       1996796 kB
SwapFree:        1996796 kB
Dirty:               892 kB
Writeback:             0 kB
AnonPages:         85776 kB
Mapped:            96656 kB
Shmem:              6380 kB
KReclaimable:      87400 kB
Slab:             324756 kB
SReclaimable:      87400 kB
SUnreclaim:       237356 kB
KernelStack:       10096 kB
PageTables:         2704 kB
NFS_Unstable:          0 kB
Bounce:                0 kB
WritebackTmp:          0 kB
CommitLimit:    34716468 kB
Committed_AS:     854040 kB
VmallocTotal:   34359738367 kB
VmallocUsed:       44008 kB
VmallocChunk:          0 kB
Percpu:           232896 kB
HardwareCorrupted:     0 kB
AnonHugePages:         0 kB
ShmemHugePages:        0 kB
ShmemPmdMapped:        0 kB
FileHugePages:         0 kB
FilePmdMapped:         0 kB
HugePages_Total:       0
HugePages_Free:        0
HugePages_Rsvd:        0
HugePages_Surp:        0
Hugepagesize:       2048 kB
Hugetlb:               0 kB
DirectMap4k:     2810688 kB
DirectMap2M:     5165056 kB
DirectMap1G:    58720256 kB

