MemTotal:       65439348 kB
MemFree:        64193716 kB
MemAvailable:   63966504 kB
Buffers:           41120 kB
Cached:           308048 kB
SwapCached:            0 kB
Active:           136564 kB
Inactive:         279724 kB
Active(anon):       3256 kB
Inactive(anon):    79344 kB
Active(file):     133308 kB
Inactive(file):   200380 kB
Unevictable:       19496 kB
Mlocked:           19496 kB
SwapTotal:       1996796 kB
SwapFree:        1996796 kB
Dirty:               652 kB
Writeback:             0 kB
AnonPages:         86732 kB
Mapped:            88348 kB
Shmem:              6380 kB
KReclaimable:      70824 kB
Slab:             296012 kB
SReclaimable:      70824 kB
SUnreclaim:       225188 kB
KernelStack:       10208 kB
PageTables:         2456 kB
NFS_Unstable:          0 kB
Bounce:                0 kB
WritebackTmp:          0 kB
CommitLimit:    34716468 kB
Committed_AS:     837616 kB
VmallocTotal:   34359738367 kB
VmallocUsed:       39828 kB
VmallocChunk:          0 kB
Percpu:           123264 kB
HardwareCorrupted:     0 kB
AnonHugePages:         0 kB
ShmemHugePages:        0 kB
ShmemPmdMapped:        0 kB
FileHugePages:         0 kB
FilePmdMapped:         0 kB
HugePages_Total:       0
HugePages_Free:        0
HugePages_Rsvd:        0
HugePages_Surp:        0
Hugepagesize:       2048 kB
Hugetlb:               0 kB
DirectMap4k:     2673472 kB
DirectMap2M:     5302272 kB
DirectMap1G:    58720256 kB

