MemTotal:       65439348 kB
MemFree:        63751608 kB
MemAvailable:   63837448 kB
Buffers:           55676 kB
Cached:           598588 kB
SwapCached:            0 kB
Active:           203644 kB
Inactive:         516524 kB
Active(anon):       3248 kB
Inactive(anon):    78144 kB
Active(file):     200396 kB
Inactive(file):   438380 kB
Unevictable:       19496 kB
Mlocked:           19496 kB
SwapTotal:       1996796 kB
SwapFree:        1996796 kB
Dirty:               672 kB
Writeback:             0 kB
AnonPages:         85456 kB
Mapped:            96052 kB
Shmem:              6380 kB
KReclaimable:      86748 kB
Slab:             323252 kB
SReclaimable:      86748 kB
SUnreclaim:       236504 kB
KernelStack:       10080 kB
PageTables:         2620 kB
NFS_Unstable:          0 kB
Bounce:                0 kB
WritebackTmp:          0 kB
CommitLimit:    34716468 kB
Committed_AS:     854428 kB
VmallocTotal:   34359738367 kB
VmallocUsed:       43992 kB
VmallocChunk:          0 kB
Percpu:           227328 kB
HardwareCorrupted:     0 kB
AnonHugePages:         0 kB
ShmemHugePages:        0 kB
ShmemPmdMapped:        0 kB
FileHugePages:         0 kB
FilePmdMapped:         0 kB
HugePages_Total:       0
HugePages_Free:        0
HugePages_Rsvd:        0
HugePages_Surp:        0
Hugepagesize:       2048 kB
Hugetlb:               0 kB
DirectMap4k:     2802496 kB
DirectMap2M:     5173248 kB
DirectMap1G:    58720256 kB

