MemTotal:       65439348 kB
MemFree:        64195640 kB
MemAvailable:   63968296 kB
Buffers:           41088 kB
Cached:           307956 kB
SwapCached:            0 kB
Active:           136520 kB
Inactive:         280388 kB
Active(anon):       3244 kB
Inactive(anon):    80100 kB
Active(file):     133276 kB
Inactive(file):   200288 kB
Unevictable:       19496 kB
Mlocked:           19496 kB
SwapTotal:       1996796 kB
SwapFree:        1996796 kB
Dirty:               860 kB
Writeback:             0 kB
AnonPages:         87044 kB
Mapped:            88172 kB
Shmem:              6380 kB
KReclaimable:      70808 kB
Slab:             296136 kB
SReclaimable:      70808 kB
SUnreclaim:       225328 kB
KernelStack:       10288 kB
PageTables:         3020 kB
NFS_Unstable:          0 kB
Bounce:                0 kB
WritebackTmp:          0 kB
CommitLimit:    34716468 kB
Committed_AS:     837612 kB
VmallocTotal:   34359738367 kB
VmallocUsed:       39796 kB
VmallocChunk:          0 kB
Percpu:           123264 kB
HardwareCorrupted:     0 kB
AnonHugePages:         0 kB
ShmemHugePages:        0 kB
ShmemPmdMapped:        0 kB
FileHugePages:         0 kB
FilePmdMapped:         0 kB
HugePages_Total:       0
HugePages_Free:        0
HugePages_Rsvd:        0
HugePages_Surp:        0
Hugepagesize:       2048 kB
Hugetlb:               0 kB
DirectMap4k:     2673472 kB
DirectMap2M:     5302272 kB
DirectMap1G:    58720256 kB

