MemTotal:       65439348 kB
MemFree:        63696952 kB
MemAvailable:   63811256 kB
Buffers:           59048 kB
Cached:           622116 kB
SwapCached:            0 kB
Active:           211948 kB
Inactive:         530040 kB
Active(anon):       3244 kB
Inactive(anon):    73072 kB
Active(file):     208704 kB
Inactive(file):   456968 kB
Unevictable:       19496 kB
Mlocked:           19496 kB
SwapTotal:       1996796 kB
SwapFree:        1996796 kB
Dirty:               148 kB
Writeback:             0 kB
AnonPages:         80404 kB
Mapped:            88472 kB
Shmem:              6376 kB
KReclaimable:      89888 kB
Slab:             329004 kB
SReclaimable:      89888 kB
SUnreclaim:       239116 kB
KernelStack:       10000 kB
PageTables:         2460 kB
NFS_Unstable:          0 kB
Bounce:                0 kB
WritebackTmp:          0 kB
CommitLimit:    34716468 kB
Committed_AS:     808036 kB
VmallocTotal:   34359738367 kB
VmallocUsed:       44840 kB
VmallocChunk:          0 kB
Percpu:           253248 kB
HardwareCorrupted:     0 kB
AnonHugePages:         0 kB
ShmemHugePages:        0 kB
ShmemPmdMapped:        0 kB
FileHugePages:         0 kB
FilePmdMapped:         0 kB
HugePages_Total:       0
HugePages_Free:        0
HugePages_Rsvd:        0
HugePages_Surp:        0
Hugepagesize:       2048 kB
Hugetlb:               0 kB
DirectMap4k:     2835264 kB
DirectMap2M:     5140480 kB
DirectMap1G:    58720256 kB

