MemTotal:       65439348 kB
MemFree:        63921244 kB
MemAvailable:   63927004 kB
Buffers:           45884 kB
Cached:           532804 kB
SwapCached:            0 kB
Active:           154196 kB
Inactive:         487528 kB
Active(anon):       3248 kB
Inactive(anon):    75304 kB
Active(file):     150948 kB
Inactive(file):   412224 kB
Unevictable:       19496 kB
Mlocked:           19496 kB
SwapTotal:       1996796 kB
SwapFree:        1996796 kB
Dirty:               604 kB
Writeback:             0 kB
AnonPages:         82724 kB
Mapped:            81488 kB
Shmem:              6376 kB
KReclaimable:      77800 kB
Slab:             307540 kB
SReclaimable:      77800 kB
SUnreclaim:       229740 kB
KernelStack:       10128 kB
PageTables:         2468 kB
NFS_Unstable:          0 kB
Bounce:                0 kB
WritebackTmp:          0 kB
CommitLimit:    34716468 kB
Committed_AS:     799200 kB
VmallocTotal:   34359738367 kB
VmallocUsed:       40484 kB
VmallocChunk:          0 kB
Percpu:           158016 kB
HardwareCorrupted:     0 kB
AnonHugePages:         0 kB
ShmemHugePages:        0 kB
ShmemPmdMapped:        0 kB
FileHugePages:         0 kB
FilePmdMapped:         0 kB
HugePages_Total:       0
HugePages_Free:        0
HugePages_Rsvd:        0
HugePages_Surp:        0
Hugepagesize:       2048 kB
Hugetlb:               0 kB
DirectMap4k:     2720576 kB
DirectMap2M:     5255168 kB
DirectMap1G:    58720256 kB

