MemTotal:       65439348 kB
MemFree:        64316828 kB
MemAvailable:   64014036 kB
Buffers:           31360 kB
Cached:           248952 kB
SwapCached:            0 kB
Active:           122512 kB
Inactive:         218092 kB
Active(anon):       3216 kB
Inactive(anon):    72560 kB
Active(file):     119296 kB
Inactive(file):   145532 kB
Unevictable:       19496 kB
Mlocked:           19496 kB
SwapTotal:       1996796 kB
SwapFree:        1996796 kB
Dirty:               668 kB
Writeback:             0 kB
AnonPages:         79808 kB
Mapped:            74600 kB
Shmem:              6376 kB
KReclaimable:      56328 kB
Slab:             276624 kB
SReclaimable:      56328 kB
SUnreclaim:       220296 kB
KernelStack:       10000 kB
PageTables:         2392 kB
NFS_Unstable:          0 kB
Bounce:                0 kB
WritebackTmp:          0 kB
CommitLimit:    34716468 kB
Committed_AS:     790356 kB
VmallocTotal:   34359738367 kB
VmallocUsed:       38452 kB
VmallocChunk:          0 kB
Percpu:            96576 kB
HardwareCorrupted:     0 kB
AnonHugePages:         0 kB
ShmemHugePages:        0 kB
ShmemPmdMapped:        0 kB
FileHugePages:         0 kB
FilePmdMapped:         0 kB
HugePages_Total:       0
HugePages_Free:        0
HugePages_Rsvd:        0
HugePages_Surp:        0
Hugepagesize:       2048 kB
Hugetlb:               0 kB
DirectMap4k:     2124608 kB
DirectMap2M:     5851136 kB
DirectMap1G:    58720256 kB

