MemTotal:       65439348 kB
MemFree:        63706060 kB
MemAvailable:   63816248 kB
Buffers:           58540 kB
Cached:           618744 kB
SwapCached:            0 kB
Active:           211452 kB
Inactive:         527516 kB
Active(anon):       3240 kB
Inactive(anon):    73920 kB
Active(file):     208212 kB
Inactive(file):   453596 kB
Unevictable:       19496 kB
Mlocked:           19496 kB
SwapTotal:       1996796 kB
SwapFree:        1996796 kB
Dirty:               432 kB
Writeback:             0 kB
AnonPages:         81200 kB
Mapped:            87996 kB
Shmem:              6376 kB
KReclaimable:      89384 kB
Slab:             328480 kB
SReclaimable:      89384 kB
SUnreclaim:       239096 kB
KernelStack:       10048 kB
PageTables:         2652 kB
NFS_Unstable:          0 kB
Bounce:                0 kB
WritebackTmp:          0 kB
CommitLimit:    34716468 kB
Committed_AS:     807648 kB
VmallocTotal:   34359738367 kB
VmallocUsed:       44872 kB
VmallocChunk:          0 kB
Percpu:           249600 kB
HardwareCorrupted:     0 kB
AnonHugePages:         0 kB
ShmemHugePages:        0 kB
ShmemPmdMapped:        0 kB
FileHugePages:         0 kB
FilePmdMapped:         0 kB
HugePages_Total:       0
HugePages_Free:        0
HugePages_Rsvd:        0
HugePages_Surp:        0
Hugepagesize:       2048 kB
Hugetlb:               0 kB
DirectMap4k:     2829120 kB
DirectMap2M:     5146624 kB
DirectMap1G:    58720256 kB

