MemTotal:       65439348 kB
MemFree:        64133296 kB
MemAvailable:   63933296 kB
Buffers:           44504 kB
Cached:           330316 kB
SwapCached:            0 kB
Active:           140208 kB
Inactive:         304736 kB
Active(anon):       3244 kB
Inactive(anon):    82428 kB
Active(file):     136964 kB
Inactive(file):   222308 kB
Unevictable:       19496 kB
Mlocked:           19496 kB
SwapTotal:       1996796 kB
SwapFree:        1996796 kB
Dirty:               740 kB
Writeback:            72 kB
AnonPages:         89808 kB
Mapped:            90068 kB
Shmem:              6380 kB
KReclaimable:      74080 kB
Slab:             302268 kB
SReclaimable:      74080 kB
SUnreclaim:       228188 kB
KernelStack:       10272 kB
PageTables:         2632 kB
NFS_Unstable:          0 kB
Bounce:                0 kB
WritebackTmp:          0 kB
CommitLimit:    34716468 kB
Committed_AS:     837868 kB
VmallocTotal:   34359738367 kB
VmallocUsed:       40812 kB
VmallocChunk:          0 kB
Percpu:           147840 kB
HardwareCorrupted:     0 kB
AnonHugePages:         0 kB
ShmemHugePages:        0 kB
ShmemPmdMapped:        0 kB
FileHugePages:         0 kB
FilePmdMapped:         0 kB
HugePages_Total:       0
HugePages_Free:        0
HugePages_Rsvd:        0
HugePages_Surp:        0
Hugepagesize:       2048 kB
Hugetlb:               0 kB
DirectMap4k:     2708288 kB
DirectMap2M:     5267456 kB
DirectMap1G:    58720256 kB

