MemTotal:       65439348 kB
MemFree:        64296080 kB
MemAvailable:   64008312 kB
Buffers:           35032 kB
Cached:           256168 kB
SwapCached:            0 kB
Active:           127836 kB
Inactive:         224260 kB
Active(anon):       3224 kB
Inactive(anon):    73148 kB
Active(file):     124612 kB
Inactive(file):   151112 kB
Unevictable:       19496 kB
Mlocked:           19496 kB
SwapTotal:       1996796 kB
SwapFree:        1996796 kB
Dirty:               684 kB
Writeback:             0 kB
AnonPages:         80480 kB
Mapped:            74988 kB
Shmem:              6376 kB
KReclaimable:      65640 kB
Slab:             287044 kB
SReclaimable:      65640 kB
SUnreclaim:       221404 kB
KernelStack:        9968 kB
PageTables:         2380 kB
NFS_Unstable:          0 kB
Bounce:                0 kB
WritebackTmp:          0 kB
CommitLimit:    34716468 kB
Committed_AS:     790352 kB
VmallocTotal:   34359738367 kB
VmallocUsed:       38404 kB
VmallocChunk:          0 kB
Percpu:            96576 kB
HardwareCorrupted:     0 kB
AnonHugePages:         0 kB
ShmemHugePages:        0 kB
ShmemPmdMapped:        0 kB
FileHugePages:         0 kB
FilePmdMapped:         0 kB
HugePages_Total:       0
HugePages_Free:        0
HugePages_Rsvd:        0
HugePages_Surp:        0
Hugepagesize:       2048 kB
Hugetlb:               0 kB
DirectMap4k:     2198336 kB
DirectMap2M:     5777408 kB
DirectMap1G:    58720256 kB

