MemTotal:       65439348 kB
MemFree:        64316928 kB
MemAvailable:   64014600 kB
Buffers:           31552 kB
Cached:           249652 kB
SwapCached:            0 kB
Active:           122688 kB
Inactive:         218576 kB
Active(anon):       3216 kB
Inactive(anon):    72348 kB
Active(file):     119472 kB
Inactive(file):   146228 kB
Unevictable:       19496 kB
Mlocked:           19496 kB
SwapTotal:       1996796 kB
SwapFree:        1996796 kB
Dirty:                44 kB
Writeback:             0 kB
AnonPages:         79636 kB
Mapped:            74472 kB
Shmem:              6376 kB
KReclaimable:      56380 kB
Slab:             276980 kB
SReclaimable:      56380 kB
SUnreclaim:       220600 kB
KernelStack:        9904 kB
PageTables:         2392 kB
NFS_Unstable:          0 kB
Bounce:                0 kB
WritebackTmp:          0 kB
CommitLimit:    34716468 kB
Committed_AS:     790352 kB
VmallocTotal:   34359738367 kB
VmallocUsed:       38324 kB
VmallocChunk:          0 kB
Percpu:            96576 kB
HardwareCorrupted:     0 kB
AnonHugePages:         0 kB
ShmemHugePages:        0 kB
ShmemPmdMapped:        0 kB
FileHugePages:         0 kB
FilePmdMapped:         0 kB
HugePages_Total:       0
HugePages_Free:        0
HugePages_Rsvd:        0
HugePages_Surp:        0
Hugepagesize:       2048 kB
Hugetlb:               0 kB
DirectMap4k:     2134848 kB
DirectMap2M:     5840896 kB
DirectMap1G:    58720256 kB

