MemTotal:       65439348 kB
MemFree:        64310908 kB
MemAvailable:   64012868 kB
Buffers:           32208 kB
Cached:           253260 kB
SwapCached:            0 kB
Active:           123340 kB
Inactive:         222092 kB
Active(anon):       3212 kB
Inactive(anon):    72252 kB
Active(file):     120128 kB
Inactive(file):   149840 kB
Unevictable:       19496 kB
Mlocked:           19496 kB
SwapTotal:       1996796 kB
SwapFree:        1996796 kB
Dirty:                 0 kB
Writeback:             0 kB
AnonPages:         79552 kB
Mapped:            74852 kB
Shmem:              6376 kB
KReclaimable:      56608 kB
Slab:             277828 kB
SReclaimable:      56608 kB
SUnreclaim:       221220 kB
KernelStack:        9872 kB
PageTables:         2396 kB
NFS_Unstable:          0 kB
Bounce:                0 kB
WritebackTmp:          0 kB
CommitLimit:    34716468 kB
Committed_AS:     790608 kB
VmallocTotal:   34359738367 kB
VmallocUsed:       38340 kB
VmallocChunk:          0 kB
Percpu:            96576 kB
HardwareCorrupted:     0 kB
AnonHugePages:         0 kB
ShmemHugePages:        0 kB
ShmemPmdMapped:        0 kB
FileHugePages:         0 kB
FilePmdMapped:         0 kB
HugePages_Total:       0
HugePages_Free:        0
HugePages_Rsvd:        0
HugePages_Surp:        0
Hugepagesize:       2048 kB
Hugetlb:               0 kB
DirectMap4k:     2194240 kB
DirectMap2M:     5781504 kB
DirectMap1G:    58720256 kB

