MemTotal:       65439348 kB
MemFree:        63762124 kB
MemAvailable:   63843144 kB
Buffers:           54972 kB
Cached:           594744 kB
SwapCached:            0 kB
Active:           202936 kB
Inactive:         514416 kB
Active(anon):       3236 kB
Inactive(anon):    79876 kB
Active(file):     199700 kB
Inactive(file):   434540 kB
Unevictable:       19496 kB
Mlocked:           19496 kB
SwapTotal:       1996796 kB
SwapFree:        1996796 kB
Dirty:               688 kB
Writeback:             0 kB
AnonPages:         86720 kB
Mapped:            96328 kB
Shmem:              6376 kB
KReclaimable:      86184 kB
Slab:             321896 kB
SReclaimable:      86184 kB
SUnreclaim:       235712 kB
KernelStack:       10160 kB
PageTables:         3004 kB
NFS_Unstable:          0 kB
Bounce:                0 kB
WritebackTmp:          0 kB
CommitLimit:    34716468 kB
Committed_AS:     854036 kB
VmallocTotal:   34359738367 kB
VmallocUsed:       43976 kB
VmallocChunk:          0 kB
Percpu:           223104 kB
HardwareCorrupted:     0 kB
AnonHugePages:         0 kB
ShmemHugePages:        0 kB
ShmemPmdMapped:        0 kB
FileHugePages:         0 kB
FilePmdMapped:         0 kB
HugePages_Total:       0
HugePages_Free:        0
HugePages_Rsvd:        0
HugePages_Surp:        0
Hugepagesize:       2048 kB
Hugetlb:               0 kB
DirectMap4k:     2798400 kB
DirectMap2M:     5177344 kB
DirectMap1G:    58720256 kB

