MemTotal:       65439348 kB
MemFree:        63697120 kB
MemAvailable:   63810940 kB
Buffers:           59008 kB
Cached:           621708 kB
SwapCached:            0 kB
Active:           211908 kB
Inactive:         530384 kB
Active(anon):       3240 kB
Inactive(anon):    73828 kB
Active(file):     208668 kB
Inactive(file):   456556 kB
Unevictable:       19496 kB
Mlocked:           19496 kB
SwapTotal:       1996796 kB
SwapFree:        1996796 kB
Dirty:               624 kB
Writeback:             0 kB
AnonPages:         80828 kB
Mapped:            88676 kB
Shmem:              6376 kB
KReclaimable:      89816 kB
Slab:             329324 kB
SReclaimable:      89816 kB
SUnreclaim:       239508 kB
KernelStack:       10016 kB
PageTables:         2576 kB
NFS_Unstable:          0 kB
Bounce:                0 kB
WritebackTmp:          0 kB
CommitLimit:    34716468 kB
Committed_AS:     807648 kB
VmallocTotal:   34359738367 kB
VmallocUsed:       44872 kB
VmallocChunk:          0 kB
Percpu:           253248 kB
HardwareCorrupted:     0 kB
AnonHugePages:         0 kB
ShmemHugePages:        0 kB
ShmemPmdMapped:        0 kB
FileHugePages:         0 kB
FilePmdMapped:         0 kB
HugePages_Total:       0
HugePages_Free:        0
HugePages_Rsvd:        0
HugePages_Surp:        0
Hugepagesize:       2048 kB
Hugetlb:               0 kB
DirectMap4k:     2835264 kB
DirectMap2M:     5140480 kB
DirectMap1G:    58720256 kB

