MemTotal:       65439348 kB
MemFree:        64140400 kB
MemAvailable:   63937660 kB
Buffers:           44144 kB
Cached:           328004 kB
SwapCached:            0 kB
Active:           139888 kB
Inactive:         298700 kB
Active(anon):       3248 kB
Inactive(anon):    78688 kB
Active(file):     136640 kB
Inactive(file):   220012 kB
Unevictable:       19496 kB
Mlocked:           19496 kB
SwapTotal:       1996796 kB
SwapFree:        1996796 kB
Dirty:               744 kB
Writeback:             0 kB
AnonPages:         85916 kB
Mapped:            89468 kB
Shmem:              6384 kB
KReclaimable:      73840 kB
Slab:             302088 kB
SReclaimable:      73840 kB
SUnreclaim:       228248 kB
KernelStack:       10080 kB
PageTables:         2356 kB
NFS_Unstable:          0 kB
Bounce:                0 kB
WritebackTmp:          0 kB
CommitLimit:    34716468 kB
Committed_AS:     837868 kB
VmallocTotal:   34359738367 kB
VmallocUsed:       40232 kB
VmallocChunk:          0 kB
Percpu:           145344 kB
HardwareCorrupted:     0 kB
AnonHugePages:         0 kB
ShmemHugePages:        0 kB
ShmemPmdMapped:        0 kB
FileHugePages:         0 kB
FilePmdMapped:         0 kB
HugePages_Total:       0
HugePages_Free:        0
HugePages_Rsvd:        0
HugePages_Surp:        0
Hugepagesize:       2048 kB
Hugetlb:               0 kB
DirectMap4k:     2706240 kB
DirectMap2M:     5269504 kB
DirectMap1G:    58720256 kB

