MemTotal:       65439348 kB
MemFree:        64186456 kB
MemAvailable:   63963896 kB
Buffers:           41708 kB
Cached:           311824 kB
SwapCached:            0 kB
Active:           137160 kB
Inactive:         282612 kB
Active(anon):       3264 kB
Inactive(anon):    78492 kB
Active(file):     133896 kB
Inactive(file):   204120 kB
Unevictable:       19496 kB
Mlocked:           19496 kB
SwapTotal:       1996796 kB
SwapFree:        1996796 kB
Dirty:               660 kB
Writeback:             0 kB
AnonPages:         85908 kB
Mapped:            88260 kB
Shmem:              6380 kB
KReclaimable:      71468 kB
Slab:             297724 kB
SReclaimable:      71468 kB
SUnreclaim:       226256 kB
KernelStack:       10192 kB
PageTables:         3120 kB
NFS_Unstable:          0 kB
Bounce:                0 kB
WritebackTmp:          0 kB
CommitLimit:    34716468 kB
Committed_AS:     837620 kB
VmallocTotal:   34359738367 kB
VmallocUsed:       39668 kB
VmallocChunk:          0 kB
Percpu:           127296 kB
HardwareCorrupted:     0 kB
AnonHugePages:         0 kB
ShmemHugePages:        0 kB
ShmemPmdMapped:        0 kB
FileHugePages:         0 kB
FilePmdMapped:         0 kB
HugePages_Total:       0
HugePages_Free:        0
HugePages_Rsvd:        0
HugePages_Surp:        0
Hugepagesize:       2048 kB
Hugetlb:               0 kB
DirectMap4k:     2675520 kB
DirectMap2M:     5300224 kB
DirectMap1G:    58720256 kB

