MemTotal:       65439348 kB
MemFree:        64154296 kB
MemAvailable:   63945220 kB
Buffers:           43384 kB
Cached:           322872 kB
SwapCached:            0 kB
Active:           139132 kB
Inactive:         293044 kB
Active(anon):       3248 kB
Inactive(anon):    78160 kB
Active(file):     135884 kB
Inactive(file):   214884 kB
Unevictable:       19496 kB
Mlocked:           19496 kB
SwapTotal:       1996796 kB
SwapFree:        1996796 kB
Dirty:               136 kB
Writeback:             0 kB
AnonPages:         85508 kB
Mapped:            88976 kB
Shmem:              6380 kB
KReclaimable:      72932 kB
Slab:             300240 kB
SReclaimable:      72932 kB
SUnreclaim:       227308 kB
KernelStack:       10112 kB
PageTables:         2576 kB
NFS_Unstable:          0 kB
Bounce:                0 kB
WritebackTmp:          0 kB
CommitLimit:    34716468 kB
Committed_AS:     838256 kB
VmallocTotal:   34359738367 kB
VmallocUsed:       40296 kB
VmallocChunk:          0 kB
Percpu:           139392 kB
HardwareCorrupted:     0 kB
AnonHugePages:         0 kB
ShmemHugePages:        0 kB
ShmemPmdMapped:        0 kB
FileHugePages:         0 kB
FilePmdMapped:         0 kB
HugePages_Total:       0
HugePages_Free:        0
HugePages_Rsvd:        0
HugePages_Surp:        0
Hugepagesize:       2048 kB
Hugetlb:               0 kB
DirectMap4k:     2698048 kB
DirectMap2M:     5277696 kB
DirectMap1G:    58720256 kB

