MemTotal:       65439348 kB
MemFree:        63803416 kB
MemAvailable:   63868152 kB
Buffers:           52860 kB
Cached:           581388 kB
SwapCached:            0 kB
Active:           200136 kB
Inactive:         494940 kB
Active(anon):       3240 kB
Inactive(anon):    73068 kB
Active(file):     196896 kB
Inactive(file):   421872 kB
Unevictable:       19496 kB
Mlocked:           19496 kB
SwapTotal:       1996796 kB
SwapFree:        1996796 kB
Dirty:                72 kB
Writeback:             0 kB
AnonPages:         80440 kB
Mapped:            85356 kB
Shmem:              6376 kB
KReclaimable:      84556 kB
Slab:             318700 kB
SReclaimable:      84556 kB
SUnreclaim:       234144 kB
KernelStack:       10064 kB
PageTables:         2508 kB
NFS_Unstable:          0 kB
Bounce:                0 kB
WritebackTmp:          0 kB
CommitLimit:    34716468 kB
Committed_AS:     808036 kB
VmallocTotal:   34359738367 kB
VmallocUsed:       42760 kB
VmallocChunk:          0 kB
Percpu:           209280 kB
HardwareCorrupted:     0 kB
AnonHugePages:         0 kB
ShmemHugePages:        0 kB
ShmemPmdMapped:        0 kB
FileHugePages:         0 kB
FilePmdMapped:         0 kB
HugePages_Total:       0
HugePages_Free:        0
HugePages_Rsvd:        0
HugePages_Surp:        0
Hugepagesize:       2048 kB
Hugetlb:               0 kB
DirectMap4k:     2779968 kB
DirectMap2M:     5195776 kB
DirectMap1G:    58720256 kB

