MemTotal:       65439348 kB
MemFree:        64130508 kB
MemAvailable:   63932204 kB
Buffers:           44704 kB
Cached:           331636 kB
SwapCached:            0 kB
Active:           140464 kB
Inactive:         303200 kB
Active(anon):       3252 kB
Inactive(anon):    79548 kB
Active(file):     137212 kB
Inactive(file):   223652 kB
Unevictable:       19496 kB
Mlocked:           19496 kB
SwapTotal:       1996796 kB
SwapFree:        1996796 kB
Dirty:               648 kB
Writeback:             0 kB
AnonPages:         86868 kB
Mapped:            90308 kB
Shmem:              6376 kB
KReclaimable:      74288 kB
Slab:             302736 kB
SReclaimable:      74288 kB
SUnreclaim:       228448 kB
KernelStack:       10272 kB
PageTables:         3064 kB
NFS_Unstable:          0 kB
Bounce:                0 kB
WritebackTmp:          0 kB
CommitLimit:    34716468 kB
Committed_AS:     837868 kB
VmallocTotal:   34359738367 kB
VmallocUsed:       40828 kB
VmallocChunk:          0 kB
Percpu:           149760 kB
HardwareCorrupted:     0 kB
AnonHugePages:         0 kB
ShmemHugePages:        0 kB
ShmemPmdMapped:        0 kB
FileHugePages:         0 kB
FilePmdMapped:         0 kB
HugePages_Total:       0
HugePages_Free:        0
HugePages_Rsvd:        0
HugePages_Surp:        0
Hugepagesize:       2048 kB
Hugetlb:               0 kB
DirectMap4k:     2710336 kB
DirectMap2M:     5265408 kB
DirectMap1G:    58720256 kB

