MemTotal:       65439348 kB
MemFree:        63762132 kB
MemAvailable:   63843740 kB
Buffers:           55048 kB
Cached:           595264 kB
SwapCached:            0 kB
Active:           203000 kB
Inactive:         513868 kB
Active(anon):       3252 kB
Inactive(anon):    78808 kB
Active(file):     199748 kB
Inactive(file):   435060 kB
Unevictable:       19496 kB
Mlocked:           19496 kB
SwapTotal:       1996796 kB
SwapFree:        1996796 kB
Dirty:               752 kB
Writeback:             0 kB
AnonPages:         86108 kB
Mapped:            95720 kB
Shmem:              6380 kB
KReclaimable:      86224 kB
Slab:             322200 kB
SReclaimable:      86224 kB
SUnreclaim:       235976 kB
KernelStack:       10096 kB
PageTables:         2612 kB
NFS_Unstable:          0 kB
Bounce:                0 kB
WritebackTmp:          0 kB
CommitLimit:    34716468 kB
Committed_AS:     854428 kB
VmallocTotal:   34359738367 kB
VmallocUsed:       43896 kB
VmallocChunk:          0 kB
Percpu:           223680 kB
HardwareCorrupted:     0 kB
AnonHugePages:         0 kB
ShmemHugePages:        0 kB
ShmemPmdMapped:        0 kB
FileHugePages:         0 kB
FilePmdMapped:         0 kB
HugePages_Total:       0
HugePages_Free:        0
HugePages_Rsvd:        0
HugePages_Surp:        0
Hugepagesize:       2048 kB
Hugetlb:               0 kB
DirectMap4k:     2800448 kB
DirectMap2M:     5175296 kB
DirectMap1G:    58720256 kB

