MemTotal:       65439348 kB
MemFree:        63905456 kB
MemAvailable:   63919964 kB
Buffers:           46952 kB
Cached:           540024 kB
SwapCached:            0 kB
Active:           155256 kB
Inactive:         494080 kB
Active(anon):       3236 kB
Inactive(anon):    74600 kB
Active(file):     152020 kB
Inactive(file):   419480 kB
Unevictable:       19496 kB
Mlocked:           19496 kB
SwapTotal:       1996796 kB
SwapFree:        1996796 kB
Dirty:               876 kB
Writeback:             0 kB
AnonPages:         81368 kB
Mapped:            82016 kB
Shmem:              6376 kB
KReclaimable:      78636 kB
Slab:             309292 kB
SReclaimable:      78636 kB
SUnreclaim:       230656 kB
KernelStack:       10064 kB
PageTables:         2072 kB
NFS_Unstable:          0 kB
Bounce:                0 kB
WritebackTmp:          0 kB
CommitLimit:    34716468 kB
Committed_AS:     799204 kB
VmallocTotal:   34359738367 kB
VmallocUsed:       41068 kB
VmallocChunk:          0 kB
Percpu:           165888 kB
HardwareCorrupted:     0 kB
AnonHugePages:         0 kB
ShmemHugePages:        0 kB
ShmemPmdMapped:        0 kB
FileHugePages:         0 kB
FilePmdMapped:         0 kB
HugePages_Total:       0
HugePages_Free:        0
HugePages_Rsvd:        0
HugePages_Surp:        0
Hugepagesize:       2048 kB
Hugetlb:               0 kB
DirectMap4k:     2730816 kB
DirectMap2M:     5244928 kB
DirectMap1G:    58720256 kB

