MemTotal:       65439348 kB
MemFree:        63766608 kB
MemAvailable:   63845712 kB
Buffers:           54744 kB
Cached:           593200 kB
SwapCached:            0 kB
Active:           202688 kB
Inactive:         513512 kB
Active(anon):       3248 kB
Inactive(anon):    80548 kB
Active(file):     199440 kB
Inactive(file):   432964 kB
Unevictable:       19496 kB
Mlocked:           19496 kB
SwapTotal:       1996796 kB
SwapFree:        1996796 kB
Dirty:               548 kB
Writeback:             0 kB
AnonPages:         86916 kB
Mapped:            97048 kB
Shmem:              6380 kB
KReclaimable:      86024 kB
Slab:             321560 kB
SReclaimable:      86024 kB
SUnreclaim:       235536 kB
KernelStack:       10384 kB
PageTables:         3104 kB
NFS_Unstable:          0 kB
Bounce:                0 kB
WritebackTmp:          0 kB
CommitLimit:    34716468 kB
Committed_AS:     854040 kB
VmallocTotal:   34359738367 kB
VmallocUsed:       43476 kB
VmallocChunk:          0 kB
Percpu:           222528 kB
HardwareCorrupted:     0 kB
AnonHugePages:         0 kB
ShmemHugePages:        0 kB
ShmemPmdMapped:        0 kB
FileHugePages:         0 kB
FilePmdMapped:         0 kB
HugePages_Total:       0
HugePages_Free:        0
HugePages_Rsvd:        0
HugePages_Surp:        0
Hugepagesize:       2048 kB
Hugetlb:               0 kB
DirectMap4k:     2796352 kB
DirectMap2M:     5179392 kB
DirectMap1G:    58720256 kB

