MemTotal:       65439348 kB
MemFree:        64222480 kB
MemAvailable:   63977292 kB
Buffers:           40144 kB
Cached:           291400 kB
SwapCached:            0 kB
Active:           133876 kB
Inactive:         257604 kB
Active(anon):       3228 kB
Inactive(anon):    72184 kB
Active(file):     130648 kB
Inactive(file):   185420 kB
Unevictable:       19496 kB
Mlocked:           19496 kB
SwapTotal:       1996796 kB
SwapFree:        1996796 kB
Dirty:               736 kB
Writeback:             0 kB
AnonPages:         79520 kB
Mapped:            77996 kB
Shmem:              6376 kB
KReclaimable:      70108 kB
Slab:             295560 kB
SReclaimable:      70108 kB
SUnreclaim:       225452 kB
KernelStack:       10048 kB
PageTables:         2412 kB
NFS_Unstable:          0 kB
Bounce:                0 kB
WritebackTmp:          0 kB
CommitLimit:    34716468 kB
Committed_AS:     790364 kB
VmallocTotal:   34359738367 kB
VmallocUsed:       38936 kB
VmallocChunk:          0 kB
Percpu:           119424 kB
HardwareCorrupted:     0 kB
AnonHugePages:         0 kB
ShmemHugePages:        0 kB
ShmemPmdMapped:        0 kB
FileHugePages:         0 kB
FilePmdMapped:         0 kB
HugePages_Total:       0
HugePages_Free:        0
HugePages_Rsvd:        0
HugePages_Surp:        0
Hugepagesize:       2048 kB
Hugetlb:               0 kB
DirectMap4k:     2667328 kB
DirectMap2M:     5308416 kB
DirectMap1G:    58720256 kB

