MemTotal:       65439348 kB
MemFree:        64283344 kB
MemAvailable:   64006756 kB
Buffers:           36416 kB
Cached:           265408 kB
SwapCached:            0 kB
Active:           129204 kB
Inactive:         233116 kB
Active(anon):       3216 kB
Inactive(anon):    72780 kB
Active(file):     125988 kB
Inactive(file):   160336 kB
Unevictable:       19496 kB
Mlocked:           19496 kB
SwapTotal:       1996796 kB
SwapFree:        1996796 kB
Dirty:               732 kB
Writeback:             0 kB
AnonPages:         80040 kB
Mapped:            75544 kB
Shmem:              6376 kB
KReclaimable:      66796 kB
Slab:             288988 kB
SReclaimable:      66796 kB
SUnreclaim:       222192 kB
KernelStack:        9968 kB
PageTables:         2432 kB
NFS_Unstable:          0 kB
Bounce:                0 kB
WritebackTmp:          0 kB
CommitLimit:    34716468 kB
Committed_AS:     790744 kB
VmallocTotal:   34359738367 kB
VmallocUsed:       38436 kB
VmallocChunk:          0 kB
Percpu:            96576 kB
HardwareCorrupted:     0 kB
AnonHugePages:         0 kB
ShmemHugePages:        0 kB
ShmemPmdMapped:        0 kB
FileHugePages:         0 kB
FilePmdMapped:         0 kB
HugePages_Total:       0
HugePages_Free:        0
HugePages_Rsvd:        0
HugePages_Surp:        0
Hugepagesize:       2048 kB
Hugetlb:               0 kB
DirectMap4k:     2347840 kB
DirectMap2M:     5627904 kB
DirectMap1G:    58720256 kB

