MemTotal:       65439348 kB
MemFree:        63802940 kB
MemAvailable:   63866132 kB
Buffers:           52696 kB
Cached:           580092 kB
SwapCached:            0 kB
Active:           199964 kB
Inactive:         493352 kB
Active(anon):       3244 kB
Inactive(anon):    72776 kB
Active(file):     196720 kB
Inactive(file):   420576 kB
Unevictable:       19496 kB
Mlocked:           19496 kB
SwapTotal:       1996796 kB
SwapFree:        1996796 kB
Dirty:               764 kB
Writeback:             0 kB
AnonPages:         80132 kB
Mapped:            85164 kB
Shmem:              6376 kB
KReclaimable:      84412 kB
Slab:             318668 kB
SReclaimable:      84412 kB
SUnreclaim:       234256 kB
KernelStack:       10048 kB
PageTables:         2452 kB
NFS_Unstable:          0 kB
Bounce:                0 kB
WritebackTmp:          0 kB
CommitLimit:    34716468 kB
Committed_AS:     808040 kB
VmallocTotal:   34359738367 kB
VmallocUsed:       42824 kB
VmallocChunk:          0 kB
Percpu:           207360 kB
HardwareCorrupted:     0 kB
AnonHugePages:         0 kB
ShmemHugePages:        0 kB
ShmemPmdMapped:        0 kB
FileHugePages:         0 kB
FilePmdMapped:         0 kB
HugePages_Total:       0
HugePages_Free:        0
HugePages_Rsvd:        0
HugePages_Surp:        0
Hugepagesize:       2048 kB
Hugetlb:               0 kB
DirectMap4k:     2775872 kB
DirectMap2M:     5199872 kB
DirectMap1G:    58720256 kB

