MemTotal:       65439348 kB
MemFree:        63910260 kB
MemAvailable:   63920276 kB
Buffers:           46404 kB
Cached:           536344 kB
SwapCached:            0 kB
Active:           154680 kB
Inactive:         490444 kB
Active(anon):       3244 kB
Inactive(anon):    74676 kB
Active(file):     151436 kB
Inactive(file):   415768 kB
Unevictable:       19496 kB
Mlocked:           19496 kB
SwapTotal:       1996796 kB
SwapFree:        1996796 kB
Dirty:               216 kB
Writeback:             0 kB
AnonPages:         82000 kB
Mapped:            82660 kB
Shmem:              6376 kB
KReclaimable:      78248 kB
Slab:             307892 kB
SReclaimable:      78248 kB
SUnreclaim:       229644 kB
KernelStack:       10304 kB
PageTables:         3104 kB
NFS_Unstable:          0 kB
Bounce:                0 kB
WritebackTmp:          0 kB
CommitLimit:    34716468 kB
Committed_AS:     799204 kB
VmallocTotal:   34359738367 kB
VmallocUsed:       41244 kB
VmallocChunk:          0 kB
Percpu:           161664 kB
HardwareCorrupted:     0 kB
AnonHugePages:         0 kB
ShmemHugePages:        0 kB
ShmemPmdMapped:        0 kB
FileHugePages:         0 kB
FilePmdMapped:         0 kB
HugePages_Total:       0
HugePages_Free:        0
HugePages_Rsvd:        0
HugePages_Surp:        0
Hugepagesize:       2048 kB
Hugetlb:               0 kB
DirectMap4k:     2726720 kB
DirectMap2M:     5249024 kB
DirectMap1G:    58720256 kB

