MemTotal:       65439348 kB
MemFree:        63878800 kB
MemAvailable:   63905788 kB
Buffers:           48420 kB
Cached:           550392 kB
SwapCached:            0 kB
Active:           156672 kB
Inactive:         502904 kB
Active(anon):       3236 kB
Inactive(anon):    73056 kB
Active(file):     153436 kB
Inactive(file):   429848 kB
Unevictable:       19496 kB
Mlocked:           19496 kB
SwapTotal:       1996796 kB
SwapFree:        1996796 kB
Dirty:               864 kB
Writeback:             0 kB
AnonPages:         80508 kB
Mapped:            82876 kB
Shmem:              6376 kB
KReclaimable:      80032 kB
Slab:             311516 kB
SReclaimable:      80032 kB
SUnreclaim:       231484 kB
KernelStack:       10032 kB
PageTables:         2480 kB
NFS_Unstable:          0 kB
Bounce:                0 kB
WritebackTmp:          0 kB
CommitLimit:    34716468 kB
Committed_AS:     799588 kB
VmallocTotal:   34359738367 kB
VmallocUsed:       41696 kB
VmallocChunk:          0 kB
Percpu:           176640 kB
HardwareCorrupted:     0 kB
AnonHugePages:         0 kB
ShmemHugePages:        0 kB
ShmemPmdMapped:        0 kB
FileHugePages:         0 kB
FilePmdMapped:         0 kB
HugePages_Total:       0
HugePages_Free:        0
HugePages_Rsvd:        0
HugePages_Surp:        0
Hugepagesize:       2048 kB
Hugetlb:               0 kB
DirectMap4k:     2743104 kB
DirectMap2M:     5232640 kB
DirectMap1G:    58720256 kB

