MemTotal:       65439348 kB
MemFree:        64315276 kB
MemAvailable:   64013632 kB
Buffers:           31712 kB
Cached:           250236 kB
SwapCached:            0 kB
Active:           122856 kB
Inactive:         219056 kB
Active(anon):       3216 kB
Inactive(anon):    72240 kB
Active(file):     119640 kB
Inactive(file):   146816 kB
Unevictable:       19496 kB
Mlocked:           19496 kB
SwapTotal:       1996796 kB
SwapFree:        1996796 kB
Dirty:               740 kB
Writeback:             0 kB
AnonPages:         79584 kB
Mapped:            74592 kB
Shmem:              6376 kB
KReclaimable:      56420 kB
Slab:             277092 kB
SReclaimable:      56420 kB
SUnreclaim:       220672 kB
KernelStack:        9888 kB
PageTables:         2396 kB
NFS_Unstable:          0 kB
Bounce:                0 kB
WritebackTmp:          0 kB
CommitLimit:    34716468 kB
Committed_AS:     790612 kB
VmallocTotal:   34359738367 kB
VmallocUsed:       38404 kB
VmallocChunk:          0 kB
Percpu:            96576 kB
HardwareCorrupted:     0 kB
AnonHugePages:         0 kB
ShmemHugePages:        0 kB
ShmemPmdMapped:        0 kB
FileHugePages:         0 kB
FilePmdMapped:         0 kB
HugePages_Total:       0
HugePages_Free:        0
HugePages_Rsvd:        0
HugePages_Surp:        0
Hugepagesize:       2048 kB
Hugetlb:               0 kB
DirectMap4k:     2145088 kB
DirectMap2M:     5830656 kB
DirectMap1G:    58720256 kB

