MemTotal:       65439348 kB
MemFree:        63878984 kB
MemAvailable:   63905684 kB
Buffers:           48400 kB
Cached:           550136 kB
SwapCached:            0 kB
Active:           156676 kB
Inactive:         505048 kB
Active(anon):       3244 kB
Inactive(anon):    75444 kB
Active(file):     153432 kB
Inactive(file):   429604 kB
Unevictable:       19496 kB
Mlocked:           19496 kB
SwapTotal:       1996796 kB
SwapFree:        1996796 kB
Dirty:               764 kB
Writeback:             0 kB
AnonPages:         82820 kB
Mapped:            83664 kB
Shmem:              6376 kB
KReclaimable:      79952 kB
Slab:             311488 kB
SReclaimable:      79952 kB
SUnreclaim:       231536 kB
KernelStack:       10128 kB
PageTables:         2488 kB
NFS_Unstable:          0 kB
Bounce:                0 kB
WritebackTmp:          0 kB
CommitLimit:    34716468 kB
Committed_AS:     799200 kB
VmallocTotal:   34359738367 kB
VmallocUsed:       41712 kB
VmallocChunk:          0 kB
Percpu:           176640 kB
HardwareCorrupted:     0 kB
AnonHugePages:         0 kB
ShmemHugePages:        0 kB
ShmemPmdMapped:        0 kB
FileHugePages:         0 kB
FilePmdMapped:         0 kB
HugePages_Total:       0
HugePages_Free:        0
HugePages_Rsvd:        0
HugePages_Surp:        0
Hugepagesize:       2048 kB
Hugetlb:               0 kB
DirectMap4k:     2743104 kB
DirectMap2M:     5232640 kB
DirectMap1G:    58720256 kB

