MemTotal:       65439348 kB
MemFree:        63921124 kB
MemAvailable:   63928252 kB
Buffers:           46048 kB
Cached:           533892 kB
SwapCached:            0 kB
Active:           154340 kB
Inactive:         486916 kB
Active(anon):       3232 kB
Inactive(anon):    73580 kB
Active(file):     151108 kB
Inactive(file):   413336 kB
Unevictable:       19496 kB
Mlocked:           19496 kB
SwapTotal:       1996796 kB
SwapFree:        1996796 kB
Dirty:               608 kB
Writeback:             0 kB
AnonPages:         80796 kB
Mapped:            81872 kB
Shmem:              6380 kB
KReclaimable:      77988 kB
Slab:             306468 kB
SReclaimable:      77988 kB
SUnreclaim:       228480 kB
KernelStack:       10128 kB
PageTables:         2656 kB
NFS_Unstable:          0 kB
Bounce:                0 kB
WritebackTmp:          0 kB
CommitLimit:    34716468 kB
Committed_AS:     799204 kB
VmallocTotal:   34359738367 kB
VmallocUsed:       41176 kB
VmallocChunk:          0 kB
Percpu:           159168 kB
HardwareCorrupted:     0 kB
AnonHugePages:         0 kB
ShmemHugePages:        0 kB
ShmemPmdMapped:        0 kB
FileHugePages:         0 kB
FilePmdMapped:         0 kB
HugePages_Total:       0
HugePages_Free:        0
HugePages_Rsvd:        0
HugePages_Surp:        0
Hugepagesize:       2048 kB
Hugetlb:               0 kB
DirectMap4k:     2720576 kB
DirectMap2M:     5255168 kB
DirectMap1G:    58720256 kB

