MemTotal:       65439348 kB
MemFree:        64237144 kB
MemAvailable:   63985124 kB
Buffers:           39308 kB
Cached:           285860 kB
SwapCached:            0 kB
Active:           133020 kB
Inactive:         252272 kB
Active(anon):       3216 kB
Inactive(anon):    72392 kB
Active(file):     129804 kB
Inactive(file):   179880 kB
Unevictable:       19496 kB
Mlocked:           19496 kB
SwapTotal:       1996796 kB
SwapFree:        1996796 kB
Dirty:               556 kB
Writeback:             0 kB
AnonPages:         79724 kB
Mapped:            77560 kB
Shmem:              6376 kB
KReclaimable:      69216 kB
Slab:             293732 kB
SReclaimable:      69216 kB
SUnreclaim:       224516 kB
KernelStack:       10000 kB
PageTables:         2412 kB
NFS_Unstable:          0 kB
Bounce:                0 kB
WritebackTmp:          0 kB
CommitLimit:    34716468 kB
Committed_AS:     790616 kB
VmallocTotal:   34359738367 kB
VmallocUsed:       38936 kB
VmallocChunk:          0 kB
Percpu:           113472 kB
HardwareCorrupted:     0 kB
AnonHugePages:         0 kB
ShmemHugePages:        0 kB
ShmemPmdMapped:        0 kB
FileHugePages:         0 kB
FilePmdMapped:         0 kB
HugePages_Total:       0
HugePages_Free:        0
HugePages_Rsvd:        0
HugePages_Surp:        0
Hugepagesize:       2048 kB
Hugetlb:               0 kB
DirectMap4k:     2657088 kB
DirectMap2M:     5318656 kB
DirectMap1G:    58720256 kB

