MemTotal:       65439348 kB
MemFree:        63797452 kB
MemAvailable:   63865036 kB
Buffers:           53152 kB
Cached:           583820 kB
SwapCached:            0 kB
Active:           200436 kB
Inactive:         498944 kB
Active(anon):       3244 kB
Inactive(anon):    74640 kB
Active(file):     197192 kB
Inactive(file):   424304 kB
Unevictable:       19496 kB
Mlocked:           19496 kB
SwapTotal:       1996796 kB
SwapFree:        1996796 kB
Dirty:               660 kB
Writeback:             0 kB
AnonPages:         82032 kB
Mapped:            85660 kB
Shmem:              6376 kB
KReclaimable:      84800 kB
Slab:             318996 kB
SReclaimable:      84800 kB
SUnreclaim:       234196 kB
KernelStack:       10032 kB
PageTables:         2344 kB
NFS_Unstable:          0 kB
Bounce:                0 kB
WritebackTmp:          0 kB
CommitLimit:    34716468 kB
Committed_AS:     807648 kB
VmallocTotal:   34359738367 kB
VmallocUsed:       43196 kB
VmallocChunk:          0 kB
Percpu:           211584 kB
HardwareCorrupted:     0 kB
AnonHugePages:         0 kB
ShmemHugePages:        0 kB
ShmemPmdMapped:        0 kB
FileHugePages:         0 kB
FilePmdMapped:         0 kB
HugePages_Total:       0
HugePages_Free:        0
HugePages_Rsvd:        0
HugePages_Surp:        0
Hugepagesize:       2048 kB
Hugetlb:               0 kB
DirectMap4k:     2784064 kB
DirectMap2M:     5191680 kB
DirectMap1G:    58720256 kB

