MemTotal:       65439348 kB
MemFree:        63817628 kB
MemAvailable:   63855492 kB
Buffers:           49588 kB
Cached:           559344 kB
SwapCached:            0 kB
Active:           196816 kB
Inactive:         511496 kB
Active(anon):       3268 kB
Inactive(anon):   111620 kB
Active(file):     193548 kB
Inactive(file):   399876 kB
Unevictable:       19496 kB
Mlocked:           19496 kB
SwapTotal:       1996796 kB
SwapFree:        1996796 kB
Dirty:               688 kB
Writeback:             0 kB
AnonPages:        118532 kB
Mapped:           124780 kB
Shmem:              6384 kB
KReclaimable:      81500 kB
Slab:             312712 kB
SReclaimable:      81500 kB
SUnreclaim:       231212 kB
KernelStack:       10192 kB
PageTables:         3044 kB
NFS_Unstable:          0 kB
Bounce:                0 kB
WritebackTmp:          0 kB
CommitLimit:    34716468 kB
Committed_AS:     896764 kB
VmallocTotal:   34359738367 kB
VmallocUsed:       42276 kB
VmallocChunk:          0 kB
Percpu:           185280 kB
HardwareCorrupted:     0 kB
AnonHugePages:         0 kB
ShmemHugePages:        0 kB
ShmemPmdMapped:        0 kB
FileHugePages:         0 kB
FilePmdMapped:         0 kB
HugePages_Total:       0
HugePages_Free:        0
HugePages_Rsvd:        0
HugePages_Surp:        0
Hugepagesize:       2048 kB
Hugetlb:               0 kB
DirectMap4k:     2753344 kB
DirectMap2M:     5222400 kB
DirectMap1G:    58720256 kB

