MemTotal:       65439348 kB
MemFree:        64234312 kB
MemAvailable:   63981604 kB
Buffers:           39240 kB
Cached:           285260 kB
SwapCached:            0 kB
Active:           132952 kB
Inactive:         252024 kB
Active(anon):       3216 kB
Inactive(anon):    72736 kB
Active(file):     129736 kB
Inactive(file):   179288 kB
Unevictable:       19496 kB
Mlocked:           19496 kB
SwapTotal:       1996796 kB
SwapFree:        1996796 kB
Dirty:                72 kB
Writeback:             0 kB
AnonPages:         80056 kB
Mapped:            77436 kB
Shmem:              6376 kB
KReclaimable:      69156 kB
Slab:             293524 kB
SReclaimable:      69156 kB
SUnreclaim:       224368 kB
KernelStack:       10032 kB
PageTables:         2452 kB
NFS_Unstable:          0 kB
Bounce:                0 kB
WritebackTmp:          0 kB
CommitLimit:    34716468 kB
Committed_AS:     790616 kB
VmallocTotal:   34359738367 kB
VmallocUsed:       39016 kB
VmallocChunk:          0 kB
Percpu:           112896 kB
HardwareCorrupted:     0 kB
AnonHugePages:         0 kB
ShmemHugePages:        0 kB
ShmemPmdMapped:        0 kB
FileHugePages:         0 kB
FilePmdMapped:         0 kB
HugePages_Total:       0
HugePages_Free:        0
HugePages_Rsvd:        0
HugePages_Surp:        0
Hugepagesize:       2048 kB
Hugetlb:               0 kB
DirectMap4k:     2655040 kB
DirectMap2M:     5320704 kB
DirectMap1G:    58720256 kB

