MemTotal:       65439348 kB
MemFree:        64228532 kB
MemAvailable:   63979772 kB
Buffers:           39708 kB
Cached:           288584 kB
SwapCached:            0 kB
Active:           133432 kB
Inactive:         257280 kB
Active(anon):       3220 kB
Inactive(anon):    74680 kB
Active(file):     130212 kB
Inactive(file):   182600 kB
Unevictable:       19496 kB
Mlocked:           19496 kB
SwapTotal:       1996796 kB
SwapFree:        1996796 kB
Dirty:               548 kB
Writeback:             0 kB
AnonPages:         81860 kB
Mapped:            78448 kB
Shmem:              6380 kB
KReclaimable:      69476 kB
Slab:             293536 kB
SReclaimable:      69476 kB
SUnreclaim:       224060 kB
KernelStack:       10016 kB
PageTables:         2460 kB
NFS_Unstable:          0 kB
Bounce:                0 kB
WritebackTmp:          0 kB
CommitLimit:    34716468 kB
Committed_AS:     790364 kB
VmallocTotal:   34359738367 kB
VmallocUsed:       39096 kB
VmallocChunk:          0 kB
Percpu:           116352 kB
HardwareCorrupted:     0 kB
AnonHugePages:         0 kB
ShmemHugePages:        0 kB
ShmemPmdMapped:        0 kB
FileHugePages:         0 kB
FilePmdMapped:         0 kB
HugePages_Total:       0
HugePages_Free:        0
HugePages_Rsvd:        0
HugePages_Surp:        0
Hugepagesize:       2048 kB
Hugetlb:               0 kB
DirectMap4k:     2661184 kB
DirectMap2M:     5314560 kB
DirectMap1G:    58720256 kB

