MemTotal:       65439348 kB
MemFree:        64311388 kB
MemAvailable:   64010228 kB
Buffers:           31768 kB
Cached:           250640 kB
SwapCached:            0 kB
Active:           122944 kB
Inactive:         220988 kB
Active(anon):       3232 kB
Inactive(anon):    73768 kB
Active(file):     119712 kB
Inactive(file):   147220 kB
Unevictable:       19496 kB
Mlocked:           19496 kB
SwapTotal:       1996796 kB
SwapFree:        1996796 kB
Dirty:               624 kB
Writeback:             0 kB
AnonPages:         81180 kB
Mapped:            74600 kB
Shmem:              6376 kB
KReclaimable:      56436 kB
Slab:             277060 kB
SReclaimable:      56436 kB
SUnreclaim:       220624 kB
KernelStack:       10144 kB
PageTables:         2476 kB
NFS_Unstable:          0 kB
Bounce:                0 kB
WritebackTmp:          0 kB
CommitLimit:    34716468 kB
Committed_AS:     790356 kB
VmallocTotal:   34359738367 kB
VmallocUsed:       38404 kB
VmallocChunk:          0 kB
Percpu:            96576 kB
HardwareCorrupted:     0 kB
AnonHugePages:         0 kB
ShmemHugePages:        0 kB
ShmemPmdMapped:        0 kB
FileHugePages:         0 kB
FilePmdMapped:         0 kB
HugePages_Total:       0
HugePages_Free:        0
HugePages_Rsvd:        0
HugePages_Surp:        0
Hugepagesize:       2048 kB
Hugetlb:               0 kB
DirectMap4k:     2151232 kB
DirectMap2M:     5824512 kB
DirectMap1G:    58720256 kB

