MemTotal:       65439348 kB
MemFree:        64316232 kB
MemAvailable:   64013308 kB
Buffers:           31336 kB
Cached:           248712 kB
SwapCached:            0 kB
Active:           122484 kB
Inactive:         219592 kB
Active(anon):       3212 kB
Inactive(anon):    74292 kB
Active(file):     119272 kB
Inactive(file):   145300 kB
Unevictable:       19496 kB
Mlocked:           19496 kB
SwapTotal:       1996796 kB
SwapFree:        1996796 kB
Dirty:               752 kB
Writeback:             0 kB
AnonPages:         81640 kB
Mapped:            75912 kB
Shmem:              6376 kB
KReclaimable:      56320 kB
Slab:             276552 kB
SReclaimable:      56320 kB
SUnreclaim:       220232 kB
KernelStack:       10064 kB
PageTables:         2320 kB
NFS_Unstable:          0 kB
Bounce:                0 kB
WritebackTmp:          0 kB
CommitLimit:    34716468 kB
Committed_AS:     790096 kB
VmallocTotal:   34359738367 kB
VmallocUsed:       38468 kB
VmallocChunk:          0 kB
Percpu:            96576 kB
HardwareCorrupted:     0 kB
AnonHugePages:         0 kB
ShmemHugePages:        0 kB
ShmemPmdMapped:        0 kB
FileHugePages:         0 kB
FilePmdMapped:         0 kB
HugePages_Total:       0
HugePages_Free:        0
HugePages_Rsvd:        0
HugePages_Surp:        0
Hugepagesize:       2048 kB
Hugetlb:               0 kB
DirectMap4k:     2120512 kB
DirectMap2M:     5855232 kB
DirectMap1G:    58720256 kB

