MemTotal:       65439348 kB
MemFree:        63810244 kB
MemAvailable:   63872000 kB
Buffers:           52536 kB
Cached:           578900 kB
SwapCached:            0 kB
Active:           199808 kB
Inactive:         492492 kB
Active(anon):       3240 kB
Inactive(anon):    73100 kB
Active(file):     196568 kB
Inactive(file):   419392 kB
Unevictable:       19496 kB
Mlocked:           19496 kB
SwapTotal:       1996796 kB
SwapFree:        1996796 kB
Dirty:                64 kB
Writeback:             0 kB
AnonPages:         80384 kB
Mapped:            84980 kB
Shmem:              6376 kB
KReclaimable:      84212 kB
Slab:             317708 kB
SReclaimable:      84212 kB
SUnreclaim:       233496 kB
KernelStack:        9968 kB
PageTables:         2448 kB
NFS_Unstable:          0 kB
Bounce:                0 kB
WritebackTmp:          0 kB
CommitLimit:    34716468 kB
Committed_AS:     808036 kB
VmallocTotal:   34359738367 kB
VmallocUsed:       42696 kB
VmallocChunk:          0 kB
Percpu:           206208 kB
HardwareCorrupted:     0 kB
AnonHugePages:         0 kB
ShmemHugePages:        0 kB
ShmemPmdMapped:        0 kB
FileHugePages:         0 kB
FilePmdMapped:         0 kB
HugePages_Total:       0
HugePages_Free:        0
HugePages_Rsvd:        0
HugePages_Surp:        0
Hugepagesize:       2048 kB
Hugetlb:               0 kB
DirectMap4k:     2773824 kB
DirectMap2M:     5201920 kB
DirectMap1G:    58720256 kB

