MemTotal:       65439348 kB
MemFree:        64277520 kB
MemAvailable:   64005116 kB
Buffers:           36904 kB
Cached:           268748 kB
SwapCached:            0 kB
Active:           129740 kB
Inactive:         239232 kB
Active(anon):       3228 kB
Inactive(anon):    75568 kB
Active(file):     126512 kB
Inactive(file):   163664 kB
Unevictable:       19496 kB
Mlocked:           19496 kB
SwapTotal:       1996796 kB
SwapFree:        1996796 kB
Dirty:               884 kB
Writeback:             0 kB
AnonPages:         82876 kB
Mapped:            76076 kB
Shmem:              6376 kB
KReclaimable:      67464 kB
Slab:             291200 kB
SReclaimable:      67464 kB
SUnreclaim:       223736 kB
KernelStack:       10288 kB
PageTables:         2780 kB
NFS_Unstable:          0 kB
Bounce:                0 kB
WritebackTmp:          0 kB
CommitLimit:    34716468 kB
Committed_AS:     790352 kB
VmallocTotal:   34359738367 kB
VmallocUsed:       38420 kB
VmallocChunk:          0 kB
Percpu:            96576 kB
HardwareCorrupted:     0 kB
AnonHugePages:         0 kB
ShmemHugePages:        0 kB
ShmemPmdMapped:        0 kB
FileHugePages:         0 kB
FilePmdMapped:         0 kB
HugePages_Total:       0
HugePages_Free:        0
HugePages_Rsvd:        0
HugePages_Surp:        0
Hugepagesize:       2048 kB
Hugetlb:               0 kB
DirectMap4k:     2401088 kB
DirectMap2M:     5574656 kB
DirectMap1G:    58720256 kB

