MemTotal:       65439348 kB
MemFree:        64139636 kB
MemAvailable:   63936592 kB
Buffers:           44088 kB
Cached:           327772 kB
SwapCached:            0 kB
Active:           139832 kB
Inactive:         298672 kB
Active(anon):       3236 kB
Inactive(anon):    78892 kB
Active(file):     136596 kB
Inactive(file):   219780 kB
Unevictable:       19496 kB
Mlocked:           19496 kB
SwapTotal:       1996796 kB
SwapFree:        1996796 kB
Dirty:               672 kB
Writeback:             0 kB
AnonPages:         86164 kB
Mapped:            89580 kB
Shmem:              6384 kB
KReclaimable:      73784 kB
Slab:             302944 kB
SReclaimable:      73784 kB
SUnreclaim:       229160 kB
KernelStack:       10112 kB
PageTables:         2732 kB
NFS_Unstable:          0 kB
Bounce:                0 kB
WritebackTmp:          0 kB
CommitLimit:    34716468 kB
Committed_AS:     837872 kB
VmallocTotal:   34359738367 kB
VmallocUsed:       40280 kB
VmallocChunk:          0 kB
Percpu:           144768 kB
HardwareCorrupted:     0 kB
AnonHugePages:         0 kB
ShmemHugePages:        0 kB
ShmemPmdMapped:        0 kB
FileHugePages:         0 kB
FilePmdMapped:         0 kB
HugePages_Total:       0
HugePages_Free:        0
HugePages_Rsvd:        0
HugePages_Surp:        0
Hugepagesize:       2048 kB
Hugetlb:               0 kB
DirectMap4k:     2704192 kB
DirectMap2M:     5271552 kB
DirectMap1G:    58720256 kB

