MemTotal:       65439348 kB
MemFree:        63842760 kB
MemAvailable:   63887088 kB
Buffers:           50500 kB
Cached:           564480 kB
SwapCached:            0 kB
Active:           197772 kB
Inactive:         479564 kB
Active(anon):       3232 kB
Inactive(anon):    74600 kB
Active(file):     194540 kB
Inactive(file):   404964 kB
Unevictable:       19496 kB
Mlocked:           19496 kB
SwapTotal:       1996796 kB
SwapFree:        1996796 kB
Dirty:               592 kB
Writeback:             0 kB
AnonPages:         81864 kB
Mapped:            84844 kB
Shmem:              6376 kB
KReclaimable:      82268 kB
Slab:             313572 kB
SReclaimable:      82268 kB
SUnreclaim:       231304 kB
KernelStack:       10032 kB
PageTables:         2892 kB
NFS_Unstable:          0 kB
Bounce:                0 kB
WritebackTmp:          0 kB
CommitLimit:    34716468 kB
Committed_AS:     807400 kB
VmallocTotal:   34359738367 kB
VmallocUsed:       42068 kB
VmallocChunk:          0 kB
Percpu:           190656 kB
HardwareCorrupted:     0 kB
AnonHugePages:         0 kB
ShmemHugePages:        0 kB
ShmemPmdMapped:        0 kB
FileHugePages:         0 kB
FilePmdMapped:         0 kB
HugePages_Total:       0
HugePages_Free:        0
HugePages_Rsvd:        0
HugePages_Surp:        0
Hugepagesize:       2048 kB
Hugetlb:               0 kB
DirectMap4k:     2755392 kB
DirectMap2M:     5220352 kB
DirectMap1G:    58720256 kB

