MemTotal:       65439348 kB
MemFree:        63870168 kB
MemAvailable:   63903120 kB
Buffers:           48936 kB
Cached:           555440 kB
SwapCached:            0 kB
Active:           157420 kB
Inactive:         507708 kB
Active(anon):       3248 kB
Inactive(anon):    72984 kB
Active(file):     154172 kB
Inactive(file):   434724 kB
Unevictable:       19496 kB
Mlocked:           19496 kB
SwapTotal:       1996796 kB
SwapFree:        1996796 kB
Dirty:               728 kB
Writeback:             0 kB
AnonPages:         80252 kB
Mapped:            83168 kB
Shmem:              6380 kB
KReclaimable:      80732 kB
Slab:             311676 kB
SReclaimable:      80732 kB
SUnreclaim:       230944 kB
KernelStack:       10016 kB
PageTables:         2436 kB
NFS_Unstable:          0 kB
Bounce:                0 kB
WritebackTmp:          0 kB
CommitLimit:    34716468 kB
Committed_AS:     799200 kB
VmallocTotal:   34359738367 kB
VmallocUsed:       41632 kB
VmallocChunk:          0 kB
Percpu:           180864 kB
HardwareCorrupted:     0 kB
AnonHugePages:         0 kB
ShmemHugePages:        0 kB
ShmemPmdMapped:        0 kB
FileHugePages:         0 kB
FilePmdMapped:         0 kB
HugePages_Total:       0
HugePages_Free:        0
HugePages_Rsvd:        0
HugePages_Surp:        0
Hugepagesize:       2048 kB
Hugetlb:               0 kB
DirectMap4k:     2747200 kB
DirectMap2M:     5228544 kB
DirectMap1G:    58720256 kB

