MemTotal:       65439348 kB
MemFree:        63824476 kB
MemAvailable:   63877948 kB
Buffers:           51588 kB
Cached:           572052 kB
SwapCached:            0 kB
Active:           198880 kB
Inactive:         486144 kB
Active(anon):       3252 kB
Inactive(anon):    73612 kB
Active(file):     195628 kB
Inactive(file):   412532 kB
Unevictable:       19496 kB
Mlocked:           19496 kB
SwapTotal:       1996796 kB
SwapFree:        1996796 kB
Dirty:               636 kB
Writeback:             0 kB
AnonPages:         80964 kB
Mapped:            84760 kB
Shmem:              6376 kB
KReclaimable:      83244 kB
Slab:             315952 kB
SReclaimable:      83244 kB
SUnreclaim:       232708 kB
KernelStack:       10016 kB
PageTables:         2516 kB
NFS_Unstable:          0 kB
Bounce:                0 kB
WritebackTmp:          0 kB
CommitLimit:    34716468 kB
Committed_AS:     807652 kB
VmallocTotal:   34359738367 kB
VmallocUsed:       42776 kB
VmallocChunk:          0 kB
Percpu:           198912 kB
HardwareCorrupted:     0 kB
AnonHugePages:         0 kB
ShmemHugePages:        0 kB
ShmemPmdMapped:        0 kB
FileHugePages:         0 kB
FilePmdMapped:         0 kB
HugePages_Total:       0
HugePages_Free:        0
HugePages_Rsvd:        0
HugePages_Surp:        0
Hugepagesize:       2048 kB
Hugetlb:               0 kB
DirectMap4k:     2769728 kB
DirectMap2M:     5206016 kB
DirectMap1G:    58720256 kB

