MemTotal:       65439348 kB
MemFree:        63792488 kB
MemAvailable:   63862580 kB
Buffers:           53456 kB
Cached:           585876 kB
SwapCached:            0 kB
Active:           200724 kB
Inactive:         500452 kB
Active(anon):       3240 kB
Inactive(anon):    74088 kB
Active(file):     197484 kB
Inactive(file):   426364 kB
Unevictable:       19496 kB
Mlocked:           19496 kB
SwapTotal:       1996796 kB
SwapFree:        1996796 kB
Dirty:               644 kB
Writeback:             0 kB
AnonPages:         81396 kB
Mapped:            86564 kB
Shmem:              6376 kB
KReclaimable:      85108 kB
Slab:             319852 kB
SReclaimable:      85108 kB
SUnreclaim:       234744 kB
KernelStack:       10208 kB
PageTables:         2892 kB
NFS_Unstable:          0 kB
Bounce:                0 kB
WritebackTmp:          0 kB
CommitLimit:    34716468 kB
Committed_AS:     807652 kB
VmallocTotal:   34359738367 kB
VmallocUsed:       43308 kB
VmallocChunk:          0 kB
Percpu:           214080 kB
HardwareCorrupted:     0 kB
AnonHugePages:         0 kB
ShmemHugePages:        0 kB
ShmemPmdMapped:        0 kB
FileHugePages:         0 kB
FilePmdMapped:         0 kB
HugePages_Total:       0
HugePages_Free:        0
HugePages_Rsvd:        0
HugePages_Surp:        0
Hugepagesize:       2048 kB
Hugetlb:               0 kB
DirectMap4k:     2786112 kB
DirectMap2M:     5189632 kB
DirectMap1G:    58720256 kB

