MemTotal:       65439348 kB
MemFree:        64239268 kB
MemAvailable:   63985612 kB
Buffers:           39124 kB
Cached:           284496 kB
SwapCached:            0 kB
Active:           132860 kB
Inactive:         251452 kB
Active(anon):       3232 kB
Inactive(anon):    72936 kB
Active(file):     129628 kB
Inactive(file):   178516 kB
Unevictable:       19496 kB
Mlocked:           19496 kB
SwapTotal:       1996796 kB
SwapFree:        1996796 kB
Dirty:               920 kB
Writeback:             0 kB
AnonPages:         80252 kB
Mapped:            77488 kB
Shmem:              6376 kB
KReclaimable:      69024 kB
Slab:             292708 kB
SReclaimable:      69024 kB
SUnreclaim:       223684 kB
KernelStack:       10080 kB
PageTables:         2588 kB
NFS_Unstable:          0 kB
Bounce:                0 kB
WritebackTmp:          0 kB
CommitLimit:    34716468 kB
Committed_AS:     790364 kB
VmallocTotal:   34359738367 kB
VmallocUsed:       39096 kB
VmallocChunk:          0 kB
Percpu:           112128 kB
HardwareCorrupted:     0 kB
AnonHugePages:         0 kB
ShmemHugePages:        0 kB
ShmemPmdMapped:        0 kB
FileHugePages:         0 kB
FilePmdMapped:         0 kB
HugePages_Total:       0
HugePages_Free:        0
HugePages_Rsvd:        0
HugePages_Surp:        0
Hugepagesize:       2048 kB
Hugetlb:               0 kB
DirectMap4k:     2644800 kB
DirectMap2M:     5330944 kB
DirectMap1G:    58720256 kB

