MemTotal:       65439348 kB
MemFree:        63799412 kB
MemAvailable:   63863484 kB
Buffers:           52788 kB
Cached:           580824 kB
SwapCached:            0 kB
Active:           200028 kB
Inactive:         495056 kB
Active(anon):       3240 kB
Inactive(anon):    73728 kB
Active(file):     196788 kB
Inactive(file):   421328 kB
Unevictable:       19496 kB
Mlocked:           19496 kB
SwapTotal:       1996796 kB
SwapFree:        1996796 kB
Dirty:               120 kB
Writeback:             0 kB
AnonPages:         80892 kB
Mapped:            86060 kB
Shmem:              6380 kB
KReclaimable:      84536 kB
Slab:             318804 kB
SReclaimable:      84536 kB
SUnreclaim:       234268 kB
KernelStack:        9952 kB
PageTables:         2388 kB
NFS_Unstable:          0 kB
Bounce:                0 kB
WritebackTmp:          0 kB
CommitLimit:    34716468 kB
Committed_AS:     808036 kB
VmallocTotal:   34359738367 kB
VmallocUsed:       42808 kB
VmallocChunk:          0 kB
Percpu:           208704 kB
HardwareCorrupted:     0 kB
AnonHugePages:         0 kB
ShmemHugePages:        0 kB
ShmemPmdMapped:        0 kB
FileHugePages:         0 kB
FilePmdMapped:         0 kB
HugePages_Total:       0
HugePages_Free:        0
HugePages_Rsvd:        0
HugePages_Surp:        0
Hugepagesize:       2048 kB
Hugetlb:               0 kB
DirectMap4k:     2779968 kB
DirectMap2M:     5195776 kB
DirectMap1G:    58720256 kB

