MemTotal:       65439348 kB
MemFree:        63844128 kB
MemAvailable:   63888680 kB
Buffers:           50524 kB
Cached:           564704 kB
SwapCached:            0 kB
Active:           197784 kB
Inactive:         480352 kB
Active(anon):       3240 kB
Inactive(anon):    75172 kB
Active(file):     194544 kB
Inactive(file):   405180 kB
Unevictable:       19496 kB
Mlocked:           19496 kB
SwapTotal:       1996796 kB
SwapFree:        1996796 kB
Dirty:               956 kB
Writeback:             0 kB
AnonPages:         81480 kB
Mapped:            84688 kB
Shmem:              6376 kB
KReclaimable:      82276 kB
Slab:             313556 kB
SReclaimable:      82276 kB
SUnreclaim:       231280 kB
KernelStack:       10080 kB
PageTables:         2340 kB
NFS_Unstable:          0 kB
Bounce:                0 kB
WritebackTmp:          0 kB
CommitLimit:    34716468 kB
Committed_AS:     807400 kB
VmallocTotal:   34359738367 kB
VmallocUsed:       42132 kB
VmallocChunk:          0 kB
Percpu:           190656 kB
HardwareCorrupted:     0 kB
AnonHugePages:         0 kB
ShmemHugePages:        0 kB
ShmemPmdMapped:        0 kB
FileHugePages:         0 kB
FilePmdMapped:         0 kB
HugePages_Total:       0
HugePages_Free:        0
HugePages_Rsvd:        0
HugePages_Surp:        0
Hugepagesize:       2048 kB
Hugetlb:               0 kB
DirectMap4k:     2755392 kB
DirectMap2M:     5220352 kB
DirectMap1G:    58720256 kB

