MemTotal:       65439348 kB
MemFree:        64258052 kB
MemAvailable:   63995100 kB
Buffers:           38128 kB
Cached:           276616 kB
SwapCached:            0 kB
Active:           130956 kB
Inactive:         244584 kB
Active(anon):       3220 kB
Inactive(anon):    73052 kB
Active(file):     127736 kB
Inactive(file):   171532 kB
Unevictable:       19496 kB
Mlocked:           19496 kB
SwapTotal:       1996796 kB
SwapFree:        1996796 kB
Dirty:               784 kB
Writeback:             0 kB
AnonPages:         80384 kB
Mapped:            77464 kB
Shmem:              6376 kB
KReclaimable:      68180 kB
Slab:             292328 kB
SReclaimable:      68180 kB
SUnreclaim:       224148 kB
KernelStack:       10176 kB
PageTables:         2700 kB
NFS_Unstable:          0 kB
Bounce:                0 kB
WritebackTmp:          0 kB
CommitLimit:    34716468 kB
Committed_AS:     790360 kB
VmallocTotal:   34359738367 kB
VmallocUsed:       38500 kB
VmallocChunk:          0 kB
Percpu:           104448 kB
HardwareCorrupted:     0 kB
AnonHugePages:         0 kB
ShmemHugePages:        0 kB
ShmemPmdMapped:        0 kB
FileHugePages:         0 kB
FilePmdMapped:         0 kB
HugePages_Total:       0
HugePages_Free:        0
HugePages_Rsvd:        0
HugePages_Surp:        0
Hugepagesize:       2048 kB
Hugetlb:               0 kB
DirectMap4k:     2528064 kB
DirectMap2M:     5447680 kB
DirectMap1G:    58720256 kB

