MemTotal:       65439348 kB
MemFree:        63756080 kB
MemAvailable:   63840416 kB
Buffers:           55440 kB
Cached:           597460 kB
SwapCached:            0 kB
Active:           203364 kB
Inactive:         515484 kB
Active(anon):       3244 kB
Inactive(anon):    78232 kB
Active(file):     200120 kB
Inactive(file):   437252 kB
Unevictable:       19496 kB
Mlocked:           19496 kB
SwapTotal:       1996796 kB
SwapFree:        1996796 kB
Dirty:               620 kB
Writeback:             0 kB
AnonPages:         85564 kB
Mapped:            96028 kB
Shmem:              6380 kB
KReclaimable:      86552 kB
Slab:             323164 kB
SReclaimable:      86552 kB
SUnreclaim:       236612 kB
KernelStack:       10016 kB
PageTables:         2604 kB
NFS_Unstable:          0 kB
Bounce:                0 kB
WritebackTmp:          0 kB
CommitLimit:    34716468 kB
Committed_AS:     854036 kB
VmallocTotal:   34359738367 kB
VmallocUsed:       43960 kB
VmallocChunk:          0 kB
Percpu:           226752 kB
HardwareCorrupted:     0 kB
AnonHugePages:         0 kB
ShmemHugePages:        0 kB
ShmemPmdMapped:        0 kB
FileHugePages:         0 kB
FilePmdMapped:         0 kB
HugePages_Total:       0
HugePages_Free:        0
HugePages_Rsvd:        0
HugePages_Surp:        0
Hugepagesize:       2048 kB
Hugetlb:               0 kB
DirectMap4k:     2802496 kB
DirectMap2M:     5173248 kB
DirectMap1G:    58720256 kB

