MemTotal:       65439348 kB
MemFree:        64337236 kB
MemAvailable:   64025648 kB
Buffers:           25104 kB
Cached:           238884 kB
SwapCached:            0 kB
Active:           115868 kB
Inactive:         208384 kB
Active(anon):       3224 kB
Inactive(anon):    72528 kB
Active(file):     112644 kB
Inactive(file):   135856 kB
Unevictable:       19496 kB
Mlocked:           19496 kB
SwapTotal:       1996796 kB
SwapFree:        1996796 kB
Dirty:               596 kB
Writeback:             0 kB
AnonPages:         79744 kB
Mapped:            71228 kB
Shmem:              6380 kB
KReclaimable:      55064 kB
Slab:             272152 kB
SReclaimable:      55064 kB
SUnreclaim:       217088 kB
KernelStack:        9872 kB
PageTables:         2304 kB
NFS_Unstable:          0 kB
Bounce:                0 kB
WritebackTmp:          0 kB
CommitLimit:    34716468 kB
Committed_AS:     781900 kB
VmallocTotal:   34359738367 kB
VmallocUsed:       38340 kB
VmallocChunk:          0 kB
Percpu:            96576 kB
HardwareCorrupted:     0 kB
AnonHugePages:         0 kB
ShmemHugePages:        0 kB
ShmemPmdMapped:        0 kB
FileHugePages:         0 kB
FilePmdMapped:         0 kB
HugePages_Total:       0
HugePages_Free:        0
HugePages_Rsvd:        0
HugePages_Surp:        0
Hugepagesize:       2048 kB
Hugetlb:               0 kB
DirectMap4k:     1483584 kB
DirectMap2M:     6492160 kB
DirectMap1G:    58720256 kB

