MemTotal:       65439348 kB
MemFree:        64339012 kB
MemAvailable:   64026964 kB
Buffers:           24876 kB
Cached:           238224 kB
SwapCached:            0 kB
Active:           115632 kB
Inactive:         209656 kB
Active(anon):       3224 kB
Inactive(anon):    74448 kB
Active(file):     112408 kB
Inactive(file):   135208 kB
Unevictable:       19496 kB
Mlocked:           19496 kB
SwapTotal:       1996796 kB
SwapFree:        1996796 kB
Dirty:               528 kB
Writeback:             0 kB
AnonPages:         81320 kB
Mapped:            72632 kB
Shmem:              6376 kB
KReclaimable:      55028 kB
Slab:             272476 kB
SReclaimable:      55028 kB
SUnreclaim:       217448 kB
KernelStack:       10096 kB
PageTables:         2536 kB
NFS_Unstable:          0 kB
Bounce:                0 kB
WritebackTmp:          0 kB
CommitLimit:    34716468 kB
Committed_AS:     781904 kB
VmallocTotal:   34359738367 kB
VmallocUsed:       38356 kB
VmallocChunk:          0 kB
Percpu:            96576 kB
HardwareCorrupted:     0 kB
AnonHugePages:         0 kB
ShmemHugePages:        0 kB
ShmemPmdMapped:        0 kB
FileHugePages:         0 kB
FilePmdMapped:         0 kB
HugePages_Total:       0
HugePages_Free:        0
HugePages_Rsvd:        0
HugePages_Surp:        0
Hugepagesize:       2048 kB
Hugetlb:               0 kB
DirectMap4k:     1469248 kB
DirectMap2M:     6506496 kB
DirectMap1G:    58720256 kB

