MemTotal:       65439348 kB
MemFree:        64339712 kB
MemAvailable:   64027860 kB
Buffers:           24992 kB
Cached:           238516 kB
SwapCached:            0 kB
Active:           115720 kB
Inactive:         209664 kB
Active(anon):       3220 kB
Inactive(anon):    74156 kB
Active(file):     112500 kB
Inactive(file):   135508 kB
Unevictable:       19496 kB
Mlocked:           19496 kB
SwapTotal:       1996796 kB
SwapFree:        1996796 kB
Dirty:               484 kB
Writeback:             0 kB
AnonPages:         81400 kB
Mapped:            70788 kB
Shmem:              6376 kB
KReclaimable:      55028 kB
Slab:             272852 kB
SReclaimable:      55028 kB
SUnreclaim:       217824 kB
KernelStack:        9968 kB
PageTables:         2924 kB
NFS_Unstable:          0 kB
Bounce:                0 kB
WritebackTmp:          0 kB
CommitLimit:    34716468 kB
Committed_AS:     781900 kB
VmallocTotal:   34359738367 kB
VmallocUsed:       38388 kB
VmallocChunk:          0 kB
Percpu:            96576 kB
HardwareCorrupted:     0 kB
AnonHugePages:         0 kB
ShmemHugePages:        0 kB
ShmemPmdMapped:        0 kB
FileHugePages:         0 kB
FilePmdMapped:         0 kB
HugePages_Total:       0
HugePages_Free:        0
HugePages_Rsvd:        0
HugePages_Surp:        0
Hugepagesize:       2048 kB
Hugetlb:               0 kB
DirectMap4k:     1477440 kB
DirectMap2M:     6498304 kB
DirectMap1G:    58720256 kB

