MemTotal:       65439348 kB
MemFree:        64337688 kB
MemAvailable:   64027528 kB
Buffers:           25504 kB
Cached:           241284 kB
SwapCached:            0 kB
Active:           116260 kB
Inactive:         211284 kB
Active(anon):       3208 kB
Inactive(anon):    73024 kB
Active(file):     113052 kB
Inactive(file):   138260 kB
Unevictable:       19496 kB
Mlocked:           19496 kB
SwapTotal:       1996796 kB
SwapFree:        1996796 kB
Dirty:               664 kB
Writeback:             0 kB
AnonPages:         79876 kB
Mapped:            72156 kB
Shmem:              6376 kB
KReclaimable:      55112 kB
Slab:             272124 kB
SReclaimable:      55112 kB
SUnreclaim:       217012 kB
KernelStack:       10256 kB
PageTables:         2412 kB
NFS_Unstable:          0 kB
Bounce:                0 kB
WritebackTmp:          0 kB
CommitLimit:    34716468 kB
Committed_AS:     781904 kB
VmallocTotal:   34359738367 kB
VmallocUsed:       38516 kB
VmallocChunk:          0 kB
Percpu:            96576 kB
HardwareCorrupted:     0 kB
AnonHugePages:         0 kB
ShmemHugePages:        0 kB
ShmemPmdMapped:        0 kB
FileHugePages:         0 kB
FilePmdMapped:         0 kB
HugePages_Total:       0
HugePages_Free:        0
HugePages_Rsvd:        0
HugePages_Surp:        0
Hugepagesize:       2048 kB
Hugetlb:               0 kB
DirectMap4k:     1536832 kB
DirectMap2M:     6438912 kB
DirectMap1G:    58720256 kB

