MemTotal:       65439348 kB
MemFree:        64335100 kB
MemAvailable:   64025704 kB
Buffers:           25728 kB
Cached:           242616 kB
SwapCached:            0 kB
Active:           116460 kB
Inactive:         213144 kB
Active(anon):       3192 kB
Inactive(anon):    73592 kB
Active(file):     113268 kB
Inactive(file):   139552 kB
Unevictable:       19496 kB
Mlocked:           19496 kB
SwapTotal:       1996796 kB
SwapFree:        1996796 kB
Dirty:               668 kB
Writeback:             0 kB
AnonPages:         80528 kB
Mapped:            72380 kB
Shmem:              6376 kB
KReclaimable:      55128 kB
Slab:             272216 kB
SReclaimable:      55128 kB
SUnreclaim:       217088 kB
KernelStack:       10000 kB
PageTables:         2172 kB
NFS_Unstable:          0 kB
Bounce:                0 kB
WritebackTmp:          0 kB
CommitLimit:    34716468 kB
Committed_AS:     780212 kB
VmallocTotal:   34359738367 kB
VmallocUsed:       38436 kB
VmallocChunk:          0 kB
Percpu:            96576 kB
HardwareCorrupted:     0 kB
AnonHugePages:         0 kB
ShmemHugePages:        0 kB
ShmemPmdMapped:        0 kB
FileHugePages:         0 kB
FilePmdMapped:         0 kB
HugePages_Total:       0
HugePages_Free:        0
HugePages_Rsvd:        0
HugePages_Surp:        0
Hugepagesize:       2048 kB
Hugetlb:               0 kB
DirectMap4k:     1561408 kB
DirectMap2M:     6414336 kB
DirectMap1G:    58720256 kB

