MemTotal:       65439348 kB
MemFree:        64337092 kB
MemAvailable:   64027372 kB
Buffers:           25648 kB
Cached:           242024 kB
SwapCached:            0 kB
Active:           116364 kB
Inactive:         212564 kB
Active(anon):       3200 kB
Inactive(anon):    73556 kB
Active(file):     113164 kB
Inactive(file):   139008 kB
Unevictable:       19496 kB
Mlocked:           19496 kB
SwapTotal:       1996796 kB
SwapFree:        1996796 kB
Dirty:               256 kB
Writeback:             0 kB
AnonPages:         80716 kB
Mapped:            72376 kB
Shmem:              6376 kB
KReclaimable:      55128 kB
Slab:             272612 kB
SReclaimable:      55128 kB
SUnreclaim:       217484 kB
KernelStack:       10112 kB
PageTables:         2616 kB
NFS_Unstable:          0 kB
Bounce:                0 kB
WritebackTmp:          0 kB
CommitLimit:    34716468 kB
Committed_AS:     781904 kB
VmallocTotal:   34359738367 kB
VmallocUsed:       38452 kB
VmallocChunk:          0 kB
Percpu:            96576 kB
HardwareCorrupted:     0 kB
AnonHugePages:         0 kB
ShmemHugePages:        0 kB
ShmemPmdMapped:        0 kB
FileHugePages:         0 kB
FilePmdMapped:         0 kB
HugePages_Total:       0
HugePages_Free:        0
HugePages_Rsvd:        0
HugePages_Surp:        0
Hugepagesize:       2048 kB
Hugetlb:               0 kB
DirectMap4k:     1551168 kB
DirectMap2M:     6424576 kB
DirectMap1G:    58720256 kB

