MemTotal:       65439348 kB
MemFree:        64337440 kB
MemAvailable:   64027428 kB
Buffers:           25552 kB
Cached:           241548 kB
SwapCached:            0 kB
Active:           116300 kB
Inactive:         210900 kB
Active(anon):       3216 kB
Inactive(anon):    72376 kB
Active(file):     113084 kB
Inactive(file):   138524 kB
Unevictable:       19496 kB
Mlocked:           19496 kB
SwapTotal:       1996796 kB
SwapFree:        1996796 kB
Dirty:               732 kB
Writeback:             0 kB
AnonPages:         79672 kB
Mapped:            71244 kB
Shmem:              6376 kB
KReclaimable:      55112 kB
Slab:             272576 kB
SReclaimable:      55112 kB
SUnreclaim:       217464 kB
KernelStack:       10080 kB
PageTables:         2424 kB
NFS_Unstable:          0 kB
Bounce:                0 kB
WritebackTmp:          0 kB
CommitLimit:    34716468 kB
Committed_AS:     782160 kB
VmallocTotal:   34359738367 kB
VmallocUsed:       38420 kB
VmallocChunk:          0 kB
Percpu:            96576 kB
HardwareCorrupted:     0 kB
AnonHugePages:         0 kB
ShmemHugePages:        0 kB
ShmemPmdMapped:        0 kB
FileHugePages:         0 kB
FilePmdMapped:         0 kB
HugePages_Total:       0
HugePages_Free:        0
HugePages_Rsvd:        0
HugePages_Surp:        0
Hugepagesize:       2048 kB
Hugetlb:               0 kB
DirectMap4k:     1542976 kB
DirectMap2M:     6432768 kB
DirectMap1G:    58720256 kB

