MemTotal:       65439348 kB
MemFree:        64335632 kB
MemAvailable:   64024196 kB
Buffers:           25144 kB
Cached:           239172 kB
SwapCached:            0 kB
Active:           115892 kB
Inactive:         208416 kB
Active(anon):       3216 kB
Inactive(anon):    72268 kB
Active(file):     112676 kB
Inactive(file):   136148 kB
Unevictable:       19496 kB
Mlocked:           19496 kB
SwapTotal:       1996796 kB
SwapFree:        1996796 kB
Dirty:               688 kB
Writeback:             0 kB
AnonPages:         79552 kB
Mapped:            71108 kB
Shmem:              6376 kB
KReclaimable:      55048 kB
Slab:             273824 kB
SReclaimable:      55048 kB
SUnreclaim:       218776 kB
KernelStack:        9888 kB
PageTables:         2368 kB
NFS_Unstable:          0 kB
Bounce:                0 kB
WritebackTmp:          0 kB
CommitLimit:    34716468 kB
Committed_AS:     782160 kB
VmallocTotal:   34359738367 kB
VmallocUsed:       38292 kB
VmallocChunk:          0 kB
Percpu:            96576 kB
HardwareCorrupted:     0 kB
AnonHugePages:         0 kB
ShmemHugePages:        0 kB
ShmemPmdMapped:        0 kB
FileHugePages:         0 kB
FilePmdMapped:         0 kB
HugePages_Total:       0
HugePages_Free:        0
HugePages_Rsvd:        0
HugePages_Surp:        0
Hugepagesize:       2048 kB
Hugetlb:               0 kB
DirectMap4k:     1489728 kB
DirectMap2M:     6486016 kB
DirectMap1G:    58720256 kB

