MemTotal:       65439348 kB
MemFree:        64336336 kB
MemAvailable:   64024544 kB
Buffers:           25008 kB
Cached:           238612 kB
SwapCached:            0 kB
Active:           115756 kB
Inactive:         207776 kB
Active(anon):       3216 kB
Inactive(anon):    72188 kB
Active(file):     112540 kB
Inactive(file):   135588 kB
Unevictable:       19496 kB
Mlocked:           19496 kB
SwapTotal:       1996796 kB
SwapFree:        1996796 kB
Dirty:                 0 kB
Writeback:             0 kB
AnonPages:         79444 kB
Mapped:            70948 kB
Shmem:              6376 kB
KReclaimable:      55028 kB
Slab:             274960 kB
SReclaimable:      55028 kB
SUnreclaim:       219932 kB
KernelStack:        9888 kB
PageTables:         2364 kB
NFS_Unstable:          0 kB
Bounce:                0 kB
WritebackTmp:          0 kB
CommitLimit:    34716468 kB
Committed_AS:     782156 kB
VmallocTotal:   34359738367 kB
VmallocUsed:       38388 kB
VmallocChunk:          0 kB
Percpu:            96576 kB
HardwareCorrupted:     0 kB
AnonHugePages:         0 kB
ShmemHugePages:        0 kB
ShmemPmdMapped:        0 kB
FileHugePages:         0 kB
FilePmdMapped:         0 kB
HugePages_Total:       0
HugePages_Free:        0
HugePages_Rsvd:        0
HugePages_Surp:        0
Hugepagesize:       2048 kB
Hugetlb:               0 kB
DirectMap4k:     1479488 kB
DirectMap2M:     6496256 kB
DirectMap1G:    58720256 kB

