MemTotal:       65439348 kB
MemFree:        64332680 kB
MemAvailable:   64022780 kB
Buffers:           25576 kB
Cached:           241708 kB
SwapCached:            0 kB
Active:           116348 kB
Inactive:         211796 kB
Active(anon):       3224 kB
Inactive(anon):    73108 kB
Active(file):     113124 kB
Inactive(file):   138688 kB
Unevictable:       19496 kB
Mlocked:           19496 kB
SwapTotal:       1996796 kB
SwapFree:        1996796 kB
Dirty:               724 kB
Writeback:             0 kB
AnonPages:         80004 kB
Mapped:            71344 kB
Shmem:              6372 kB
KReclaimable:      55128 kB
Slab:             272616 kB
SReclaimable:      55128 kB
SUnreclaim:       217488 kB
KernelStack:       10096 kB
PageTables:         2552 kB
NFS_Unstable:          0 kB
Bounce:                0 kB
WritebackTmp:          0 kB
CommitLimit:    34716468 kB
Committed_AS:     781904 kB
VmallocTotal:   34359738367 kB
VmallocUsed:       38484 kB
VmallocChunk:          0 kB
Percpu:            96576 kB
HardwareCorrupted:     0 kB
AnonHugePages:         0 kB
ShmemHugePages:        0 kB
ShmemPmdMapped:        0 kB
FileHugePages:         0 kB
FilePmdMapped:         0 kB
HugePages_Total:       0
HugePages_Free:        0
HugePages_Rsvd:        0
HugePages_Surp:        0
Hugepagesize:       2048 kB
Hugetlb:               0 kB
DirectMap4k:     1545024 kB
DirectMap2M:     6430720 kB
DirectMap1G:    58720256 kB

