MemTotal:       65439348 kB
MemFree:        64335320 kB
MemAvailable:   64024456 kB
Buffers:           25320 kB
Cached:           240084 kB
SwapCached:            0 kB
Active:           116068 kB
Inactive:         209224 kB
Active(anon):       3224 kB
Inactive(anon):    72164 kB
Active(file):     112844 kB
Inactive(file):   137060 kB
Unevictable:       19496 kB
Mlocked:           19496 kB
SwapTotal:       1996796 kB
SwapFree:        1996796 kB
Dirty:               908 kB
Writeback:             0 kB
AnonPages:         79992 kB
Mapped:            71184 kB
Shmem:              6376 kB
KReclaimable:      55112 kB
Slab:             273244 kB
SReclaimable:      55112 kB
SUnreclaim:       218132 kB
KernelStack:       10096 kB
PageTables:         2356 kB
NFS_Unstable:          0 kB
Bounce:                0 kB
WritebackTmp:          0 kB
CommitLimit:    34716468 kB
Committed_AS:     781904 kB
VmallocTotal:   34359738367 kB
VmallocUsed:       38500 kB
VmallocChunk:          0 kB
Percpu:            96576 kB
HardwareCorrupted:     0 kB
AnonHugePages:         0 kB
ShmemHugePages:        0 kB
ShmemPmdMapped:        0 kB
FileHugePages:         0 kB
FilePmdMapped:         0 kB
HugePages_Total:       0
HugePages_Free:        0
HugePages_Rsvd:        0
HugePages_Surp:        0
Hugepagesize:       2048 kB
Hugetlb:               0 kB
DirectMap4k:     1512256 kB
DirectMap2M:     6463488 kB
DirectMap1G:    58720256 kB

