MemTotal:       65439348 kB
MemFree:        64336740 kB
MemAvailable:   64026456 kB
Buffers:           25480 kB
Cached:           241056 kB
SwapCached:            0 kB
Active:           116228 kB
Inactive:         211692 kB
Active(anon):       3208 kB
Inactive(anon):    73652 kB
Active(file):     113020 kB
Inactive(file):   138040 kB
Unevictable:       19496 kB
Mlocked:           19496 kB
SwapTotal:       1996796 kB
SwapFree:        1996796 kB
Dirty:               712 kB
Writeback:             0 kB
AnonPages:         80804 kB
Mapped:            71808 kB
Shmem:              6376 kB
KReclaimable:      55112 kB
Slab:             272708 kB
SReclaimable:      55112 kB
SUnreclaim:       217596 kB
KernelStack:        9904 kB
PageTables:         1684 kB
NFS_Unstable:          0 kB
Bounce:                0 kB
WritebackTmp:          0 kB
CommitLimit:    34716468 kB
Committed_AS:     782156 kB
VmallocTotal:   34359738367 kB
VmallocUsed:       38532 kB
VmallocChunk:          0 kB
Percpu:            96576 kB
HardwareCorrupted:     0 kB
AnonHugePages:         0 kB
ShmemHugePages:        0 kB
ShmemPmdMapped:        0 kB
FileHugePages:         0 kB
FilePmdMapped:         0 kB
HugePages_Total:       0
HugePages_Free:        0
HugePages_Rsvd:        0
HugePages_Surp:        0
Hugepagesize:       2048 kB
Hugetlb:               0 kB
DirectMap4k:     1532736 kB
DirectMap2M:     6443008 kB
DirectMap1G:    58720256 kB

