MemTotal:       65439348 kB
MemFree:        64334480 kB
MemAvailable:   64024556 kB
Buffers:           25568 kB
Cached:           241660 kB
SwapCached:            0 kB
Active:           116328 kB
Inactive:         210748 kB
Active(anon):       3216 kB
Inactive(anon):    72108 kB
Active(file):     113112 kB
Inactive(file):   138640 kB
Unevictable:       19496 kB
Mlocked:           19496 kB
SwapTotal:       1996796 kB
SwapFree:        1996796 kB
Dirty:               152 kB
Writeback:             0 kB
AnonPages:         79428 kB
Mapped:            71360 kB
Shmem:              6376 kB
KReclaimable:      55144 kB
Slab:             273204 kB
SReclaimable:      55144 kB
SUnreclaim:       218060 kB
KernelStack:       10048 kB
PageTables:         2368 kB
NFS_Unstable:          0 kB
Bounce:                0 kB
WritebackTmp:          0 kB
CommitLimit:    34716468 kB
Committed_AS:     782156 kB
VmallocTotal:   34359738367 kB
VmallocUsed:       38484 kB
VmallocChunk:          0 kB
Percpu:            96576 kB
HardwareCorrupted:     0 kB
AnonHugePages:         0 kB
ShmemHugePages:        0 kB
ShmemPmdMapped:        0 kB
FileHugePages:         0 kB
FilePmdMapped:         0 kB
HugePages_Total:       0
HugePages_Free:        0
HugePages_Rsvd:        0
HugePages_Surp:        0
Hugepagesize:       2048 kB
Hugetlb:               0 kB
DirectMap4k:     1545024 kB
DirectMap2M:     6430720 kB
DirectMap1G:    58720256 kB

