MemTotal:       65439348 kB
MemFree:        64337360 kB
MemAvailable:   64026304 kB
Buffers:           25264 kB
Cached:           239756 kB
SwapCached:            0 kB
Active:           116024 kB
Inactive:         210088 kB
Active(anon):       3212 kB
Inactive(anon):    73352 kB
Active(file):     112812 kB
Inactive(file):   136736 kB
Unevictable:       19496 kB
Mlocked:           19496 kB
SwapTotal:       1996796 kB
SwapFree:        1996796 kB
Dirty:                84 kB
Writeback:           120 kB
AnonPages:         80696 kB
Mapped:            72140 kB
Shmem:              6372 kB
KReclaimable:      55080 kB
Slab:             272844 kB
SReclaimable:      55080 kB
SUnreclaim:       217764 kB
KernelStack:       10048 kB
PageTables:         2764 kB
NFS_Unstable:          0 kB
Bounce:                0 kB
WritebackTmp:          0 kB
CommitLimit:    34716468 kB
Committed_AS:     781904 kB
VmallocTotal:   34359738367 kB
VmallocUsed:       38420 kB
VmallocChunk:          0 kB
Percpu:            96576 kB
HardwareCorrupted:     0 kB
AnonHugePages:         0 kB
ShmemHugePages:        0 kB
ShmemPmdMapped:        0 kB
FileHugePages:         0 kB
FilePmdMapped:         0 kB
HugePages_Total:       0
HugePages_Free:        0
HugePages_Rsvd:        0
HugePages_Surp:        0
Hugepagesize:       2048 kB
Hugetlb:               0 kB
DirectMap4k:     1502016 kB
DirectMap2M:     6473728 kB
DirectMap1G:    58720256 kB

