MemTotal:       65439348 kB
MemFree:        64336784 kB
MemAvailable:   64025352 kB
Buffers:           25152 kB
Cached:           239208 kB
SwapCached:            0 kB
Active:           115880 kB
Inactive:         209676 kB
Active(anon):       3204 kB
Inactive(anon):    73520 kB
Active(file):     112676 kB
Inactive(file):   136156 kB
Unevictable:       19496 kB
Mlocked:           19496 kB
SwapTotal:       1996796 kB
SwapFree:        1996796 kB
Dirty:               624 kB
Writeback:             0 kB
AnonPages:         80792 kB
Mapped:            71620 kB
Shmem:              6372 kB
KReclaimable:      55048 kB
Slab:             272288 kB
SReclaimable:      55048 kB
SUnreclaim:       217240 kB
KernelStack:       10032 kB
PageTables:         2456 kB
NFS_Unstable:          0 kB
Bounce:                0 kB
WritebackTmp:          0 kB
CommitLimit:    34716468 kB
Committed_AS:     781908 kB
VmallocTotal:   34359738367 kB
VmallocUsed:       38404 kB
VmallocChunk:          0 kB
Percpu:            96576 kB
HardwareCorrupted:     0 kB
AnonHugePages:         0 kB
ShmemHugePages:        0 kB
ShmemPmdMapped:        0 kB
FileHugePages:         0 kB
FilePmdMapped:         0 kB
HugePages_Total:       0
HugePages_Free:        0
HugePages_Rsvd:        0
HugePages_Surp:        0
Hugepagesize:       2048 kB
Hugetlb:               0 kB
DirectMap4k:     1489728 kB
DirectMap2M:     6486016 kB
DirectMap1G:    58720256 kB

