MemTotal:       65439348 kB
MemFree:        64335196 kB
MemAvailable:   64025756 kB
Buffers:           25712 kB
Cached:           242540 kB
SwapCached:            0 kB
Active:           116440 kB
Inactive:         211984 kB
Active(anon):       3212 kB
Inactive(anon):    72476 kB
Active(file):     113228 kB
Inactive(file):   139508 kB
Unevictable:       19496 kB
Mlocked:           19496 kB
SwapTotal:       1996796 kB
SwapFree:        1996796 kB
Dirty:               156 kB
Writeback:             0 kB
AnonPages:         79772 kB
Mapped:            71376 kB
Shmem:              6376 kB
KReclaimable:      55128 kB
Slab:             272524 kB
SReclaimable:      55128 kB
SUnreclaim:       217396 kB
KernelStack:       10016 kB
PageTables:         2412 kB
NFS_Unstable:          0 kB
Bounce:                0 kB
WritebackTmp:          0 kB
CommitLimit:    34716468 kB
Committed_AS:     782156 kB
VmallocTotal:   34359738367 kB
VmallocUsed:       38516 kB
VmallocChunk:          0 kB
Percpu:            96576 kB
HardwareCorrupted:     0 kB
AnonHugePages:         0 kB
ShmemHugePages:        0 kB
ShmemPmdMapped:        0 kB
FileHugePages:         0 kB
FilePmdMapped:         0 kB
HugePages_Total:       0
HugePages_Free:        0
HugePages_Rsvd:        0
HugePages_Surp:        0
Hugepagesize:       2048 kB
Hugetlb:               0 kB
DirectMap4k:     1559360 kB
DirectMap2M:     6416384 kB
DirectMap1G:    58720256 kB

