MemTotal:       65439348 kB
MemFree:        64339004 kB
MemAvailable:   64026632 kB
Buffers:           24724 kB
Cached:           237720 kB
SwapCached:            0 kB
Active:           115176 kB
Inactive:         207532 kB
Active(anon):       3216 kB
Inactive(anon):    72524 kB
Active(file):     111960 kB
Inactive(file):   135008 kB
Unevictable:       19496 kB
Mlocked:           19496 kB
SwapTotal:       1996796 kB
SwapFree:        1996796 kB
Dirty:                 0 kB
Writeback:             0 kB
AnonPages:         79856 kB
Mapped:            70952 kB
Shmem:              6376 kB
KReclaimable:      55028 kB
Slab:             272788 kB
SReclaimable:      55028 kB
SUnreclaim:       217760 kB
KernelStack:        9872 kB
PageTables:         2408 kB
NFS_Unstable:          0 kB
Bounce:                0 kB
WritebackTmp:          0 kB
CommitLimit:    34716468 kB
Committed_AS:     782292 kB
VmallocTotal:   34359738367 kB
VmallocUsed:       38292 kB
VmallocChunk:          0 kB
Percpu:            96576 kB
HardwareCorrupted:     0 kB
AnonHugePages:         0 kB
ShmemHugePages:        0 kB
ShmemPmdMapped:        0 kB
FileHugePages:         0 kB
FilePmdMapped:         0 kB
HugePages_Total:       0
HugePages_Free:        0
HugePages_Rsvd:        0
HugePages_Surp:        0
Hugepagesize:       2048 kB
Hugetlb:               0 kB
DirectMap4k:     1463104 kB
DirectMap2M:     6512640 kB
DirectMap1G:    58720256 kB

