MemTotal:       65439348 kB
MemFree:        64336040 kB
MemAvailable:   64025616 kB
Buffers:           25416 kB
Cached:           240844 kB
SwapCached:            0 kB
Active:           116192 kB
Inactive:         211572 kB
Active(anon):       3228 kB
Inactive(anon):    73752 kB
Active(file):     112964 kB
Inactive(file):   137820 kB
Unevictable:       19496 kB
Mlocked:           19496 kB
SwapTotal:       1996796 kB
SwapFree:        1996796 kB
Dirty:               908 kB
Writeback:             0 kB
AnonPages:         81192 kB
Mapped:            71692 kB
Shmem:              6376 kB
KReclaimable:      55112 kB
Slab:             272592 kB
SReclaimable:      55112 kB
SUnreclaim:       217480 kB
KernelStack:       10240 kB
PageTables:         2868 kB
NFS_Unstable:          0 kB
Bounce:                0 kB
WritebackTmp:          0 kB
CommitLimit:    34716468 kB
Committed_AS:     781904 kB
VmallocTotal:   34359738367 kB
VmallocUsed:       38420 kB
VmallocChunk:          0 kB
Percpu:            96576 kB
HardwareCorrupted:     0 kB
AnonHugePages:         0 kB
ShmemHugePages:        0 kB
ShmemPmdMapped:        0 kB
FileHugePages:         0 kB
FilePmdMapped:         0 kB
HugePages_Total:       0
HugePages_Free:        0
HugePages_Rsvd:        0
HugePages_Surp:        0
Hugepagesize:       2048 kB
Hugetlb:               0 kB
DirectMap4k:     1524544 kB
DirectMap2M:     6451200 kB
DirectMap1G:    58720256 kB

