MemTotal:       65439348 kB
MemFree:        64337140 kB
MemAvailable:   64026412 kB
Buffers:           25352 kB
Cached:           240296 kB
SwapCached:            0 kB
Active:           116116 kB
Inactive:         209568 kB
Active(anon):       3216 kB
Inactive(anon):    72296 kB
Active(file):     112900 kB
Inactive(file):   137272 kB
Unevictable:       19496 kB
Mlocked:           19496 kB
SwapTotal:       1996796 kB
SwapFree:        1996796 kB
Dirty:               836 kB
Writeback:             0 kB
AnonPages:         79556 kB
Mapped:            71312 kB
Shmem:              6376 kB
KReclaimable:      55112 kB
Slab:             273096 kB
SReclaimable:      55112 kB
SUnreclaim:       217984 kB
KernelStack:       10000 kB
PageTables:         2360 kB
NFS_Unstable:          0 kB
Bounce:                0 kB
WritebackTmp:          0 kB
CommitLimit:    34716468 kB
Committed_AS:     781904 kB
VmallocTotal:   34359738367 kB
VmallocUsed:       38404 kB
VmallocChunk:          0 kB
Percpu:            96576 kB
HardwareCorrupted:     0 kB
AnonHugePages:         0 kB
ShmemHugePages:        0 kB
ShmemPmdMapped:        0 kB
FileHugePages:         0 kB
FilePmdMapped:         0 kB
HugePages_Total:       0
HugePages_Free:        0
HugePages_Rsvd:        0
HugePages_Surp:        0
Hugepagesize:       2048 kB
Hugetlb:               0 kB
DirectMap4k:     1516352 kB
DirectMap2M:     6459392 kB
DirectMap1G:    58720256 kB

