MemTotal:       65439348 kB
MemFree:        64337480 kB
MemAvailable:   64026964 kB
Buffers:           25392 kB
Cached:           240684 kB
SwapCached:            0 kB
Active:           116148 kB
Inactive:         209784 kB
Active(anon):       3216 kB
Inactive(anon):    72116 kB
Active(file):     112932 kB
Inactive(file):   137668 kB
Unevictable:       19496 kB
Mlocked:           19496 kB
SwapTotal:       1996796 kB
SwapFree:        1996796 kB
Dirty:               708 kB
Writeback:             0 kB
AnonPages:         79404 kB
Mapped:            71168 kB
Shmem:              6376 kB
KReclaimable:      55112 kB
Slab:             273164 kB
SReclaimable:      55112 kB
SUnreclaim:       218052 kB
KernelStack:       10032 kB
PageTables:         2364 kB
NFS_Unstable:          0 kB
Bounce:                0 kB
WritebackTmp:          0 kB
CommitLimit:    34716468 kB
Committed_AS:     782160 kB
VmallocTotal:   34359738367 kB
VmallocUsed:       38452 kB
VmallocChunk:          0 kB
Percpu:            96576 kB
HardwareCorrupted:     0 kB
AnonHugePages:         0 kB
ShmemHugePages:        0 kB
ShmemPmdMapped:        0 kB
FileHugePages:         0 kB
FilePmdMapped:         0 kB
HugePages_Total:       0
HugePages_Free:        0
HugePages_Rsvd:        0
HugePages_Surp:        0
Hugepagesize:       2048 kB
Hugetlb:               0 kB
DirectMap4k:     1522496 kB
DirectMap2M:     6453248 kB
DirectMap1G:    58720256 kB

