MemTotal:       65439348 kB
MemFree:        64340440 kB
MemAvailable:   64028476 kB
Buffers:           24920 kB
Cached:           238336 kB
SwapCached:            0 kB
Active:           115684 kB
Inactive:         207724 kB
Active(anon):       3224 kB
Inactive(anon):    72400 kB
Active(file):     112460 kB
Inactive(file):   135324 kB
Unevictable:       19496 kB
Mlocked:           19496 kB
SwapTotal:       1996796 kB
SwapFree:        1996796 kB
Dirty:               576 kB
Writeback:             0 kB
AnonPages:         80168 kB
Mapped:            71112 kB
Shmem:              6372 kB
KReclaimable:      55028 kB
Slab:             272632 kB
SReclaimable:      55028 kB
SUnreclaim:       217604 kB
KernelStack:        9904 kB
PageTables:         2516 kB
NFS_Unstable:          0 kB
Bounce:                0 kB
WritebackTmp:          0 kB
CommitLimit:    34716468 kB
Committed_AS:     781900 kB
VmallocTotal:   34359738367 kB
VmallocUsed:       38356 kB
VmallocChunk:          0 kB
Percpu:            96576 kB
HardwareCorrupted:     0 kB
AnonHugePages:         0 kB
ShmemHugePages:        0 kB
ShmemPmdMapped:        0 kB
FileHugePages:         0 kB
FilePmdMapped:         0 kB
HugePages_Total:       0
HugePages_Free:        0
HugePages_Rsvd:        0
HugePages_Surp:        0
Hugepagesize:       2048 kB
Hugetlb:               0 kB
DirectMap4k:     1471296 kB
DirectMap2M:     6504448 kB
DirectMap1G:    58720256 kB

