MemTotal:       65439348 kB
MemFree:        64338432 kB
MemAvailable:   64028388 kB
Buffers:           25536 kB
Cached:           241488 kB
SwapCached:            0 kB
Active:           116288 kB
Inactive:         211988 kB
Active(anon):       3204 kB
Inactive(anon):    73528 kB
Active(file):     113084 kB
Inactive(file):   138460 kB
Unevictable:       19496 kB
Mlocked:           19496 kB
SwapTotal:       1996796 kB
SwapFree:        1996796 kB
Dirty:               644 kB
Writeback:             0 kB
AnonPages:         81728 kB
Mapped:            71840 kB
Shmem:              6380 kB
KReclaimable:      55112 kB
Slab:             271872 kB
SReclaimable:      55112 kB
SUnreclaim:       216760 kB
KernelStack:       10224 kB
PageTables:         2604 kB
NFS_Unstable:          0 kB
Bounce:                0 kB
WritebackTmp:          0 kB
CommitLimit:    34716468 kB
Committed_AS:     781904 kB
VmallocTotal:   34359738367 kB
VmallocUsed:       38468 kB
VmallocChunk:          0 kB
Percpu:            96576 kB
HardwareCorrupted:     0 kB
AnonHugePages:         0 kB
ShmemHugePages:        0 kB
ShmemPmdMapped:        0 kB
FileHugePages:         0 kB
FilePmdMapped:         0 kB
HugePages_Total:       0
HugePages_Free:        0
HugePages_Rsvd:        0
HugePages_Surp:        0
Hugepagesize:       2048 kB
Hugetlb:               0 kB
DirectMap4k:     1540928 kB
DirectMap2M:     6434816 kB
DirectMap1G:    58720256 kB

