MemTotal:       65439348 kB
MemFree:        64337508 kB
MemAvailable:   64027988 kB
Buffers:           25680 kB
Cached:           242372 kB
SwapCached:            0 kB
Active:           116448 kB
Inactive:         212832 kB
Active(anon):       3220 kB
Inactive(anon):    73484 kB
Active(file):     113228 kB
Inactive(file):   139348 kB
Unevictable:       19496 kB
Mlocked:           19496 kB
SwapTotal:       1996796 kB
SwapFree:        1996796 kB
Dirty:               700 kB
Writeback:             0 kB
AnonPages:         80452 kB
Mapped:            71816 kB
Shmem:              6376 kB
KReclaimable:      55128 kB
Slab:             272584 kB
SReclaimable:      55128 kB
SUnreclaim:       217456 kB
KernelStack:       10304 kB
PageTables:         3192 kB
NFS_Unstable:          0 kB
Bounce:                0 kB
WritebackTmp:          0 kB
CommitLimit:    34716468 kB
Committed_AS:     781900 kB
VmallocTotal:   34359738367 kB
VmallocUsed:       38564 kB
VmallocChunk:          0 kB
Percpu:            96576 kB
HardwareCorrupted:     0 kB
AnonHugePages:         0 kB
ShmemHugePages:        0 kB
ShmemPmdMapped:        0 kB
FileHugePages:         0 kB
FilePmdMapped:         0 kB
HugePages_Total:       0
HugePages_Free:        0
HugePages_Rsvd:        0
HugePages_Surp:        0
Hugepagesize:       2048 kB
Hugetlb:               0 kB
DirectMap4k:     1555264 kB
DirectMap2M:     6420480 kB
DirectMap1G:    58720256 kB

