MemTotal:       65439348 kB
MemFree:        64334752 kB
MemAvailable:   64023512 kB
Buffers:           25200 kB
Cached:           239496 kB
SwapCached:            0 kB
Active:           115956 kB
Inactive:         208708 kB
Active(anon):       3216 kB
Inactive(anon):    72236 kB
Active(file):     112740 kB
Inactive(file):   136472 kB
Unevictable:       19496 kB
Mlocked:           19496 kB
SwapTotal:       1996796 kB
SwapFree:        1996796 kB
Dirty:               720 kB
Writeback:             0 kB
AnonPages:         79548 kB
Mapped:            71060 kB
Shmem:              6376 kB
KReclaimable:      55048 kB
Slab:             274256 kB
SReclaimable:      55048 kB
SUnreclaim:       219208 kB
KernelStack:        9936 kB
PageTables:         2372 kB
NFS_Unstable:          0 kB
Bounce:                0 kB
WritebackTmp:          0 kB
CommitLimit:    34716468 kB
Committed_AS:     782156 kB
VmallocTotal:   34359738367 kB
VmallocUsed:       38356 kB
VmallocChunk:          0 kB
Percpu:            96576 kB
HardwareCorrupted:     0 kB
AnonHugePages:         0 kB
ShmemHugePages:        0 kB
ShmemPmdMapped:        0 kB
FileHugePages:         0 kB
FilePmdMapped:         0 kB
HugePages_Total:       0
HugePages_Free:        0
HugePages_Rsvd:        0
HugePages_Surp:        0
Hugepagesize:       2048 kB
Hugetlb:               0 kB
DirectMap4k:     1497920 kB
DirectMap2M:     6477824 kB
DirectMap1G:    58720256 kB

