MemTotal:       65439348 kB
MemFree:        64337596 kB
MemAvailable:   64027204 kB
Buffers:           25432 kB
Cached:           240900 kB
SwapCached:            0 kB
Active:           116180 kB
Inactive:         209940 kB
Active(anon):       3216 kB
Inactive(anon):    72056 kB
Active(file):     112964 kB
Inactive(file):   137884 kB
Unevictable:       19496 kB
Mlocked:           19496 kB
SwapTotal:       1996796 kB
SwapFree:        1996796 kB
Dirty:                64 kB
Writeback:             0 kB
AnonPages:         79364 kB
Mapped:            71228 kB
Shmem:              6376 kB
KReclaimable:      55112 kB
Slab:             272892 kB
SReclaimable:      55112 kB
SUnreclaim:       217780 kB
KernelStack:       10016 kB
PageTables:         2364 kB
NFS_Unstable:          0 kB
Bounce:                0 kB
WritebackTmp:          0 kB
CommitLimit:    34716468 kB
Committed_AS:     782160 kB
VmallocTotal:   34359738367 kB
VmallocUsed:       38388 kB
VmallocChunk:          0 kB
Percpu:            96576 kB
HardwareCorrupted:     0 kB
AnonHugePages:         0 kB
ShmemHugePages:        0 kB
ShmemPmdMapped:        0 kB
FileHugePages:         0 kB
FilePmdMapped:         0 kB
HugePages_Total:       0
HugePages_Free:        0
HugePages_Rsvd:        0
HugePages_Surp:        0
Hugepagesize:       2048 kB
Hugetlb:               0 kB
DirectMap4k:     1528640 kB
DirectMap2M:     6447104 kB
DirectMap1G:    58720256 kB

