MemTotal:       65439348 kB
MemFree:        64337372 kB
MemAvailable:   64027288 kB
Buffers:           25528 kB
Cached:           241428 kB
SwapCached:            0 kB
Active:           116276 kB
Inactive:         210116 kB
Active(anon):       3216 kB
Inactive(anon):    71712 kB
Active(file):     113060 kB
Inactive(file):   138404 kB
Unevictable:       19496 kB
Mlocked:           19496 kB
SwapTotal:       1996796 kB
SwapFree:        1996796 kB
Dirty:               720 kB
Writeback:             0 kB
AnonPages:         78980 kB
Mapped:            71284 kB
Shmem:              6376 kB
KReclaimable:      55112 kB
Slab:             273092 kB
SReclaimable:      55112 kB
SUnreclaim:       217980 kB
KernelStack:       10032 kB
PageTables:         2356 kB
NFS_Unstable:          0 kB
Bounce:                0 kB
WritebackTmp:          0 kB
CommitLimit:    34716468 kB
Committed_AS:     782156 kB
VmallocTotal:   34359738367 kB
VmallocUsed:       38532 kB
VmallocChunk:          0 kB
Percpu:            96576 kB
HardwareCorrupted:     0 kB
AnonHugePages:         0 kB
ShmemHugePages:        0 kB
ShmemPmdMapped:        0 kB
FileHugePages:         0 kB
FilePmdMapped:         0 kB
HugePages_Total:       0
HugePages_Free:        0
HugePages_Rsvd:        0
HugePages_Surp:        0
Hugepagesize:       2048 kB
Hugetlb:               0 kB
DirectMap4k:     1540928 kB
DirectMap2M:     6434816 kB
DirectMap1G:    58720256 kB

