MemTotal:       65439348 kB
MemFree:        64336072 kB
MemAvailable:   64024180 kB
Buffers:           24952 kB
Cached:           238448 kB
SwapCached:            0 kB
Active:           115700 kB
Inactive:         209032 kB
Active(anon):       3208 kB
Inactive(anon):    73600 kB
Active(file):     112492 kB
Inactive(file):   135432 kB
Unevictable:       19496 kB
Mlocked:           19496 kB
SwapTotal:       1996796 kB
SwapFree:        1996796 kB
Dirty:               524 kB
Writeback:             0 kB
AnonPages:         80816 kB
Mapped:            72212 kB
Shmem:              6376 kB
KReclaimable:      55028 kB
Slab:             272568 kB
SReclaimable:      55028 kB
SUnreclaim:       217540 kB
KernelStack:       10032 kB
PageTables:         2476 kB
NFS_Unstable:          0 kB
Bounce:                0 kB
WritebackTmp:          0 kB
CommitLimit:    34716468 kB
Committed_AS:     781904 kB
VmallocTotal:   34359738367 kB
VmallocUsed:       38324 kB
VmallocChunk:          0 kB
Percpu:            96576 kB
HardwareCorrupted:     0 kB
AnonHugePages:         0 kB
ShmemHugePages:        0 kB
ShmemPmdMapped:        0 kB
FileHugePages:         0 kB
FilePmdMapped:         0 kB
HugePages_Total:       0
HugePages_Free:        0
HugePages_Rsvd:        0
HugePages_Surp:        0
Hugepagesize:       2048 kB
Hugetlb:               0 kB
DirectMap4k:     1475392 kB
DirectMap2M:     6500352 kB
DirectMap1G:    58720256 kB

