MemTotal:       65439348 kB
MemFree:        64337548 kB
MemAvailable:   64027968 kB
Buffers:           25664 kB
Cached:           242268 kB
SwapCached:            0 kB
Active:           116440 kB
Inactive:         211848 kB
Active(anon):       3228 kB
Inactive(anon):    72608 kB
Active(file):     113212 kB
Inactive(file):   139240 kB
Unevictable:       19496 kB
Mlocked:           19496 kB
SwapTotal:       1996796 kB
SwapFree:        1996796 kB
Dirty:               668 kB
Writeback:             0 kB
AnonPages:         79940 kB
Mapped:            71472 kB
Shmem:              6380 kB
KReclaimable:      55128 kB
Slab:             272188 kB
SReclaimable:      55128 kB
SUnreclaim:       217060 kB
KernelStack:       10128 kB
PageTables:         2640 kB
NFS_Unstable:          0 kB
Bounce:                0 kB
WritebackTmp:          0 kB
CommitLimit:    34716468 kB
Committed_AS:     781900 kB
VmallocTotal:   34359738367 kB
VmallocUsed:       38468 kB
VmallocChunk:          0 kB
Percpu:            96576 kB
HardwareCorrupted:     0 kB
AnonHugePages:         0 kB
ShmemHugePages:        0 kB
ShmemPmdMapped:        0 kB
FileHugePages:         0 kB
FilePmdMapped:         0 kB
HugePages_Total:       0
HugePages_Free:        0
HugePages_Rsvd:        0
HugePages_Surp:        0
Hugepagesize:       2048 kB
Hugetlb:               0 kB
DirectMap4k:     1553216 kB
DirectMap2M:     6422528 kB
DirectMap1G:    58720256 kB

