MemTotal:       65439348 kB
MemFree:        64332676 kB
MemAvailable:   64022800 kB
Buffers:           25584 kB
Cached:           241764 kB
SwapCached:            0 kB
Active:           116340 kB
Inactive:         210860 kB
Active(anon):       3216 kB
Inactive(anon):    72120 kB
Active(file):     113124 kB
Inactive(file):   138740 kB
Unevictable:       19496 kB
Mlocked:           19496 kB
SwapTotal:       1996796 kB
SwapFree:        1996796 kB
Dirty:               744 kB
Writeback:             0 kB
AnonPages:         79436 kB
Mapped:            71264 kB
Shmem:              6376 kB
KReclaimable:      55128 kB
Slab:             273592 kB
SReclaimable:      55128 kB
SUnreclaim:       218464 kB
KernelStack:       10048 kB
PageTables:         2364 kB
NFS_Unstable:          0 kB
Bounce:                0 kB
WritebackTmp:          0 kB
CommitLimit:    34716468 kB
Committed_AS:     782160 kB
VmallocTotal:   34359738367 kB
VmallocUsed:       38484 kB
VmallocChunk:          0 kB
Percpu:            96576 kB
HardwareCorrupted:     0 kB
AnonHugePages:         0 kB
ShmemHugePages:        0 kB
ShmemPmdMapped:        0 kB
FileHugePages:         0 kB
FilePmdMapped:         0 kB
HugePages_Total:       0
HugePages_Free:        0
HugePages_Rsvd:        0
HugePages_Surp:        0
Hugepagesize:       2048 kB
Hugetlb:               0 kB
DirectMap4k:     1547072 kB
DirectMap2M:     6428672 kB
DirectMap1G:    58720256 kB

