MemTotal:       65439348 kB
MemFree:        64335860 kB
MemAvailable:   64025656 kB
Buffers:           25496 kB
Cached:           241228 kB
SwapCached:            0 kB
Active:           116232 kB
Inactive:         210576 kB
Active(anon):       3212 kB
Inactive(anon):    72372 kB
Active(file):     113020 kB
Inactive(file):   138204 kB
Unevictable:       19496 kB
Mlocked:           19496 kB
SwapTotal:       1996796 kB
SwapFree:        1996796 kB
Dirty:               164 kB
Writeback:             0 kB
AnonPages:         79672 kB
Mapped:            71220 kB
Shmem:              6376 kB
KReclaimable:      55112 kB
Slab:             272780 kB
SReclaimable:      55112 kB
SUnreclaim:       217668 kB
KernelStack:       10096 kB
PageTables:         2424 kB
NFS_Unstable:          0 kB
Bounce:                0 kB
WritebackTmp:          0 kB
CommitLimit:    34716468 kB
Committed_AS:     782156 kB
VmallocTotal:   34359738367 kB
VmallocUsed:       38596 kB
VmallocChunk:          0 kB
Percpu:            96576 kB
HardwareCorrupted:     0 kB
AnonHugePages:         0 kB
ShmemHugePages:        0 kB
ShmemPmdMapped:        0 kB
FileHugePages:         0 kB
FilePmdMapped:         0 kB
HugePages_Total:       0
HugePages_Free:        0
HugePages_Rsvd:        0
HugePages_Surp:        0
Hugepagesize:       2048 kB
Hugetlb:               0 kB
DirectMap4k:     1536832 kB
DirectMap2M:     6438912 kB
DirectMap1G:    58720256 kB

