MemTotal:       65439348 kB
MemFree:        64336840 kB
MemAvailable:   64026488 kB
Buffers:           25448 kB
Cached:           240960 kB
SwapCached:            0 kB
Active:           116200 kB
Inactive:         211224 kB
Active(anon):       3212 kB
Inactive(anon):    73288 kB
Active(file):     112988 kB
Inactive(file):   137936 kB
Unevictable:       19496 kB
Mlocked:           19496 kB
SwapTotal:       1996796 kB
SwapFree:        1996796 kB
Dirty:               676 kB
Writeback:             0 kB
AnonPages:         80560 kB
Mapped:            71140 kB
Shmem:              6376 kB
KReclaimable:      55112 kB
Slab:             272692 kB
SReclaimable:      55112 kB
SUnreclaim:       217580 kB
KernelStack:       10128 kB
PageTables:         2580 kB
NFS_Unstable:          0 kB
Bounce:                0 kB
WritebackTmp:          0 kB
CommitLimit:    34716468 kB
Committed_AS:     781900 kB
VmallocTotal:   34359738367 kB
VmallocUsed:       38468 kB
VmallocChunk:          0 kB
Percpu:            96576 kB
HardwareCorrupted:     0 kB
AnonHugePages:         0 kB
ShmemHugePages:        0 kB
ShmemPmdMapped:        0 kB
FileHugePages:         0 kB
FilePmdMapped:         0 kB
HugePages_Total:       0
HugePages_Free:        0
HugePages_Rsvd:        0
HugePages_Surp:        0
Hugepagesize:       2048 kB
Hugetlb:               0 kB
DirectMap4k:     1528640 kB
DirectMap2M:     6447104 kB
DirectMap1G:    58720256 kB

