MemTotal:       65439348 kB
MemFree:        64334772 kB
MemAvailable:   64025304 kB
Buffers:           25704 kB
Cached:           242480 kB
SwapCached:            0 kB
Active:           116436 kB
Inactive:         213464 kB
Active(anon):       3208 kB
Inactive(anon):    74012 kB
Active(file):     113228 kB
Inactive(file):   139452 kB
Unevictable:       19496 kB
Mlocked:           19496 kB
SwapTotal:       1996796 kB
SwapFree:        1996796 kB
Dirty:               712 kB
Writeback:             0 kB
AnonPages:         81244 kB
Mapped:            71676 kB
Shmem:              6376 kB
KReclaimable:      55128 kB
Slab:             272260 kB
SReclaimable:      55128 kB
SUnreclaim:       217132 kB
KernelStack:       10096 kB
PageTables:         2316 kB
NFS_Unstable:          0 kB
Bounce:                0 kB
WritebackTmp:          0 kB
CommitLimit:    34716468 kB
Committed_AS:     781900 kB
VmallocTotal:   34359738367 kB
VmallocUsed:       38532 kB
VmallocChunk:          0 kB
Percpu:            96576 kB
HardwareCorrupted:     0 kB
AnonHugePages:         0 kB
ShmemHugePages:        0 kB
ShmemPmdMapped:        0 kB
FileHugePages:         0 kB
FilePmdMapped:         0 kB
HugePages_Total:       0
HugePages_Free:        0
HugePages_Rsvd:        0
HugePages_Surp:        0
Hugepagesize:       2048 kB
Hugetlb:               0 kB
DirectMap4k:     1557312 kB
DirectMap2M:     6418432 kB
DirectMap1G:    58720256 kB

