MemTotal:       65439348 kB
MemFree:        64338692 kB
MemAvailable:   64026384 kB
Buffers:           24756 kB
Cached:           237836 kB
SwapCached:            0 kB
Active:           115468 kB
Inactive:         207052 kB
Active(anon):       3216 kB
Inactive(anon):    72212 kB
Active(file):     112252 kB
Inactive(file):   134840 kB
Unevictable:       19496 kB
Mlocked:           19496 kB
SwapTotal:       1996796 kB
SwapFree:        1996796 kB
Dirty:                24 kB
Writeback:             0 kB
AnonPages:         79540 kB
Mapped:            70924 kB
Shmem:              6376 kB
KReclaimable:      55028 kB
Slab:             274780 kB
SReclaimable:      55028 kB
SUnreclaim:       219752 kB
KernelStack:        9856 kB
PageTables:         2360 kB
NFS_Unstable:          0 kB
Bounce:                0 kB
WritebackTmp:          0 kB
CommitLimit:    34716468 kB
Committed_AS:     782160 kB
VmallocTotal:   34359738367 kB
VmallocUsed:       38212 kB
VmallocChunk:          0 kB
Percpu:            96576 kB
HardwareCorrupted:     0 kB
AnonHugePages:         0 kB
ShmemHugePages:        0 kB
ShmemPmdMapped:        0 kB
FileHugePages:         0 kB
FilePmdMapped:         0 kB
HugePages_Total:       0
HugePages_Free:        0
HugePages_Rsvd:        0
HugePages_Surp:        0
Hugepagesize:       2048 kB
Hugetlb:               0 kB
DirectMap4k:     1465152 kB
DirectMap2M:     6510592 kB
DirectMap1G:    58720256 kB

