MemTotal:       65439348 kB
MemFree:        64335196 kB
MemAvailable:   64023548 kB
Buffers:           25080 kB
Cached:           238828 kB
SwapCached:            0 kB
Active:           115828 kB
Inactive:         207972 kB
Active(anon):       3216 kB
Inactive(anon):    72168 kB
Active(file):     112612 kB
Inactive(file):   135804 kB
Unevictable:       19496 kB
Mlocked:           19496 kB
SwapTotal:       1996796 kB
SwapFree:        1996796 kB
Dirty:                28 kB
Writeback:             0 kB
AnonPages:         79552 kB
Mapped:            70928 kB
Shmem:              6376 kB
KReclaimable:      55028 kB
Slab:             274556 kB
SReclaimable:      55028 kB
SUnreclaim:       219528 kB
KernelStack:        9872 kB
PageTables:         2368 kB
NFS_Unstable:          0 kB
Bounce:                0 kB
WritebackTmp:          0 kB
CommitLimit:    34716468 kB
Committed_AS:     782160 kB
VmallocTotal:   34359738367 kB
VmallocUsed:       38372 kB
VmallocChunk:          0 kB
Percpu:            96576 kB
HardwareCorrupted:     0 kB
AnonHugePages:         0 kB
ShmemHugePages:        0 kB
ShmemPmdMapped:        0 kB
FileHugePages:         0 kB
FilePmdMapped:         0 kB
HugePages_Total:       0
HugePages_Free:        0
HugePages_Rsvd:        0
HugePages_Surp:        0
Hugepagesize:       2048 kB
Hugetlb:               0 kB
DirectMap4k:     1483584 kB
DirectMap2M:     6492160 kB
DirectMap1G:    58720256 kB

